/usr/bin/which: no fi_info in (/arf/home/meyavuz/.local/bin:/arf/sw/comp/python/intelpython3/condabin:/arf/sw/comp/python/intelpython3/bin:/usr/share/Modules/bin:/usr/local/bin:/usr/bin:/usr/local/sbin:/usr/sbin)
Extension for Scikit-learn* enabled (https://github.com/uxlfoundation/scikit-learn-intelex)
/arf/home/meyavuz/.conda/envs/sbn/lib/python3.9/site-packages/sklearn/linear_model/_logistic.py:1247: FutureWarning: 'multi_class' was deprecated in version 1.5 and will be removed in 1.7. From then on, it will always use 'multinomial'. Leave it to its default value to avoid this warning.
  warnings.warn(
Epoch 1/200, Batch 100, Aver_Loss: 1955.8719
Epoch 1/200, Batch 200, Aver_Loss: 1917.0325
Epoch 1/200, Batch 300, Aver_Loss: 1925.1246
Epoch 1/200, Batch 400, Aver_Loss: 1945.3463
[early-stopping] Epoch 1: new best val ELBO = -1916.048452
Epoch 2/200, Batch 100, Aver_Loss: 1881.1637
Epoch 2/200, Batch 200, Aver_Loss: 1851.2545
Epoch 2/200, Batch 300, Aver_Loss: 1889.0656
Epoch 2/200, Batch 400, Aver_Loss: 1864.6404
[early-stopping] Epoch 2: new best val ELBO = -1873.741506
Epoch 3/200, Batch 100, Aver_Loss: 1832.1205
Epoch 3/200, Batch 200, Aver_Loss: 1894.6248
Epoch 3/200, Batch 300, Aver_Loss: 1888.4030
Epoch 3/200, Batch 400, Aver_Loss: 1886.4717
[early-stopping] Epoch 3: new best val ELBO = -1871.077954
Epoch 4/200, Batch 100, Aver_Loss: 1872.9961
Epoch 4/200, Batch 200, Aver_Loss: 1871.3679
Epoch 4/200, Batch 300, Aver_Loss: 1872.4639
Epoch 4/200, Batch 400, Aver_Loss: 1892.4238
[early-stopping] Epoch 4: new best val ELBO = -1862.536141
Epoch 5/200, Batch 100, Aver_Loss: 1822.4158
Epoch 5/200, Batch 200, Aver_Loss: 1853.4465
Epoch 5/200, Batch 300, Aver_Loss: 1851.2545
Epoch 5/200, Batch 400, Aver_Loss: 1881.9445
[early-stopping] Epoch 5: no improvement (1/20)
Epoch 6/200, Batch 100, Aver_Loss: 1879.1067
Epoch 6/200, Batch 200, Aver_Loss: 1854.4722
Epoch 6/200, Batch 300, Aver_Loss: 1853.4668
Epoch 6/200, Batch 400, Aver_Loss: 1862.7747
[early-stopping] Epoch 6: new best val ELBO = -1862.021565
Epoch 7/200, Batch 100, Aver_Loss: 1860.0107
Epoch 7/200, Batch 200, Aver_Loss: 1873.7148
Epoch 7/200, Batch 300, Aver_Loss: 1857.5850
Epoch 7/200, Batch 400, Aver_Loss: 1887.3569
[early-stopping] Epoch 7: new best val ELBO = -1861.479658
Epoch 8/200, Batch 100, Aver_Loss: 1865.2533
Epoch 8/200, Batch 200, Aver_Loss: 1882.9347
Epoch 8/200, Batch 300, Aver_Loss: 1868.7372
Epoch 8/200, Batch 400, Aver_Loss: 1841.5642
[early-stopping] Epoch 8: new best val ELBO = -1860.451664
Epoch 9/200, Batch 100, Aver_Loss: 1850.9456
Epoch 9/200, Batch 200, Aver_Loss: 1849.4542
Epoch 9/200, Batch 300, Aver_Loss: 1870.2776
Epoch 9/200, Batch 400, Aver_Loss: 1856.2435
[early-stopping] Epoch 9: new best val ELBO = -1857.519733
Epoch 10/200, Batch 100, Aver_Loss: 1835.9048
Epoch 10/200, Batch 200, Aver_Loss: 1889.2189
Epoch 10/200, Batch 300, Aver_Loss: 1868.3156
Epoch 10/200, Batch 400, Aver_Loss: 1860.1547
[early-stopping] Epoch 10: new best val ELBO = -1850.064940
Epoch 11/200, Batch 100, Aver_Loss: 1844.0031
Epoch 11/200, Batch 200, Aver_Loss: 1879.5653
Epoch 11/200, Batch 300, Aver_Loss: 1873.5006
Epoch 11/200, Batch 400, Aver_Loss: 1889.3618
[early-stopping] Epoch 11: no improvement (1/20)
Epoch 12/200, Batch 100, Aver_Loss: 1852.8948
Epoch 12/200, Batch 200, Aver_Loss: 1852.5388
Epoch 12/200, Batch 300, Aver_Loss: 1844.1914
Epoch 12/200, Batch 400, Aver_Loss: 1839.7557
[early-stopping] Epoch 12: new best val ELBO = -1849.801613
Epoch 13/200, Batch 100, Aver_Loss: 1864.3622
Epoch 13/200, Batch 200, Aver_Loss: 1869.1959
Epoch 13/200, Batch 300, Aver_Loss: 1805.7122
Epoch 13/200, Batch 400, Aver_Loss: 1839.5548
[early-stopping] Epoch 13: no improvement (1/20)
Epoch 14/200, Batch 100, Aver_Loss: 1851.9414
Epoch 14/200, Batch 200, Aver_Loss: 1860.3467
Epoch 14/200, Batch 300, Aver_Loss: 1848.7554
Epoch 14/200, Batch 400, Aver_Loss: 1818.7498
[early-stopping] Epoch 14: new best val ELBO = -1847.331688
Epoch 15/200, Batch 100, Aver_Loss: 1837.7764
Epoch 15/200, Batch 200, Aver_Loss: 1850.0269
Epoch 15/200, Batch 300, Aver_Loss: 1862.4393
Epoch 15/200, Batch 400, Aver_Loss: 1864.6283
[early-stopping] Epoch 15: no improvement (1/20)
Epoch 16/200, Batch 100, Aver_Loss: 1872.1951
Epoch 16/200, Batch 200, Aver_Loss: 1833.0178
Epoch 16/200, Batch 300, Aver_Loss: 1844.6514
Epoch 16/200, Batch 400, Aver_Loss: 1819.3314
[early-stopping] Epoch 16: no improvement (2/20)
Epoch 17/200, Batch 100, Aver_Loss: 1809.4158
Epoch 17/200, Batch 200, Aver_Loss: 1821.6022
Epoch 17/200, Batch 300, Aver_Loss: 1858.4327
Epoch 17/200, Batch 400, Aver_Loss: 1881.9550
[early-stopping] Epoch 17: new best val ELBO = -1845.264509
Epoch 18/200, Batch 100, Aver_Loss: 1859.5873
Epoch 18/200, Batch 200, Aver_Loss: 1853.4596
Epoch 18/200, Batch 300, Aver_Loss: 1867.1096
Epoch 18/200, Batch 400, Aver_Loss: 1867.7283
[early-stopping] Epoch 18: no improvement (1/20)
Epoch 19/200, Batch 100, Aver_Loss: 1820.8551
Epoch 19/200, Batch 200, Aver_Loss: 1829.1398
Epoch 19/200, Batch 300, Aver_Loss: 1830.9912
Epoch 19/200, Batch 400, Aver_Loss: 1840.4484
[early-stopping] Epoch 19: no improvement (2/20)
Epoch 20/200, Batch 100, Aver_Loss: 1851.7974
Epoch 20/200, Batch 200, Aver_Loss: 1825.4309
Epoch 20/200, Batch 300, Aver_Loss: 1854.0482
Epoch 20/200, Batch 400, Aver_Loss: 1779.7932
[early-stopping] Epoch 20: no improvement (3/20)
Epoch 21/200, Batch 100, Aver_Loss: 1850.3813
Epoch 21/200, Batch 200, Aver_Loss: 1879.8282
Epoch 21/200, Batch 300, Aver_Loss: 1899.9624
Epoch 21/200, Batch 400, Aver_Loss: 1874.8641
[early-stopping] Epoch 21: no improvement (4/20)
Epoch 22/200, Batch 100, Aver_Loss: 1873.6532
Epoch 22/200, Batch 200, Aver_Loss: 1810.0643
Epoch 22/200, Batch 300, Aver_Loss: 1837.1754
Epoch 22/200, Batch 400, Aver_Loss: 1856.1129
[early-stopping] Epoch 22: no improvement (5/20)
Epoch 23/200, Batch 100, Aver_Loss: 1883.2491
Epoch 23/200, Batch 200, Aver_Loss: 1859.6741
Epoch 23/200, Batch 300, Aver_Loss: 1861.1010
Epoch 23/200, Batch 400, Aver_Loss: 1869.2113
[early-stopping] Epoch 23: no improvement (6/20)
Epoch 24/200, Batch 100, Aver_Loss: 1878.6119
Epoch 24/200, Batch 200, Aver_Loss: 1867.4752
Epoch 24/200, Batch 300, Aver_Loss: 1851.2150
Epoch 24/200, Batch 400, Aver_Loss: 1825.5695
[early-stopping] Epoch 24: new best val ELBO = -1842.594806
Epoch 25/200, Batch 100, Aver_Loss: 1836.7632
Epoch 25/200, Batch 200, Aver_Loss: 1867.8948
Epoch 25/200, Batch 300, Aver_Loss: 1836.4927
Epoch 25/200, Batch 400, Aver_Loss: 1861.2506
[early-stopping] Epoch 25: no improvement (1/20)
Epoch 26/200, Batch 100, Aver_Loss: 1833.3474
Epoch 26/200, Batch 200, Aver_Loss: 1836.9277
Epoch 26/200, Batch 300, Aver_Loss: 1877.5260
Epoch 26/200, Batch 400, Aver_Loss: 1792.0670
[early-stopping] Epoch 26: no improvement (2/20)
Epoch 27/200, Batch 100, Aver_Loss: 1883.1865
Epoch 27/200, Batch 200, Aver_Loss: 1838.0623
Epoch 27/200, Batch 300, Aver_Loss: 1879.0876
Epoch 27/200, Batch 400, Aver_Loss: 1836.1912
[early-stopping] Epoch 27: no improvement (3/20)
Epoch 28/200, Batch 100, Aver_Loss: 1857.3763
Epoch 28/200, Batch 200, Aver_Loss: 1811.2622
Epoch 28/200, Batch 300, Aver_Loss: 1833.7681
Epoch 28/200, Batch 400, Aver_Loss: 1846.9147
[early-stopping] Epoch 28: no improvement (4/20)
Epoch 29/200, Batch 100, Aver_Loss: 1839.2670
Epoch 29/200, Batch 200, Aver_Loss: 1867.6770
Epoch 29/200, Batch 300, Aver_Loss: 1873.1270
Epoch 29/200, Batch 400, Aver_Loss: 1862.5081
[early-stopping] Epoch 29: no improvement (5/20)
Epoch 30/200, Batch 100, Aver_Loss: 1823.6903
Epoch 30/200, Batch 200, Aver_Loss: 1860.9181
Epoch 30/200, Batch 300, Aver_Loss: 1892.7944
Epoch 30/200, Batch 400, Aver_Loss: 1879.3813
[early-stopping] Epoch 30: no improvement (6/20)
Epoch 31/200, Batch 100, Aver_Loss: 1848.8440
Epoch 31/200, Batch 200, Aver_Loss: 1856.7406
Epoch 31/200, Batch 300, Aver_Loss: 1866.9819
Epoch 31/200, Batch 400, Aver_Loss: 1849.4294
[early-stopping] Epoch 31: no improvement (7/20)
Epoch 32/200, Batch 100, Aver_Loss: 1865.4241
Epoch 32/200, Batch 200, Aver_Loss: 1822.0020
Epoch 32/200, Batch 300, Aver_Loss: 1825.4404
Epoch 32/200, Batch 400, Aver_Loss: 1849.9269
[early-stopping] Epoch 32: no improvement (8/20)
Epoch 33/200, Batch 100, Aver_Loss: 1830.7821
Epoch 33/200, Batch 200, Aver_Loss: 1840.8928
Epoch 33/200, Batch 300, Aver_Loss: 1808.8175
Epoch 33/200, Batch 400, Aver_Loss: 1840.8345
[early-stopping] Epoch 33: no improvement (9/20)
Epoch 34/200, Batch 100, Aver_Loss: 1836.1914
Epoch 34/200, Batch 200, Aver_Loss: 1864.6050
Epoch 34/200, Batch 300, Aver_Loss: 1850.7546
Epoch 34/200, Batch 400, Aver_Loss: 1878.0916
[early-stopping] Epoch 34: no improvement (10/20)
Epoch 35/200, Batch 100, Aver_Loss: 1860.5703
Epoch 35/200, Batch 200, Aver_Loss: 1825.1855
Epoch 35/200, Batch 300, Aver_Loss: 1802.0562
Epoch 35/200, Batch 400, Aver_Loss: 1880.5923
[early-stopping] Epoch 35: new best val ELBO = -1841.297787
Epoch 36/200, Batch 100, Aver_Loss: 1841.8685
Epoch 36/200, Batch 200, Aver_Loss: 1854.4486
Epoch 36/200, Batch 300, Aver_Loss: 1822.6415
Epoch 36/200, Batch 400, Aver_Loss: 1868.4342
[early-stopping] Epoch 36: no improvement (1/20)
Epoch 37/200, Batch 100, Aver_Loss: 1832.4160
Epoch 37/200, Batch 200, Aver_Loss: 1877.8551
Epoch 37/200, Batch 300, Aver_Loss: 1803.8177
Epoch 37/200, Batch 400, Aver_Loss: 1838.8303
[early-stopping] Epoch 37: no improvement (2/20)
Epoch 38/200, Batch 100, Aver_Loss: 1859.4567
Epoch 38/200, Batch 200, Aver_Loss: 1891.9437
Epoch 38/200, Batch 300, Aver_Loss: 1799.1421
Epoch 38/200, Batch 400, Aver_Loss: 1845.3387
[early-stopping] Epoch 38: new best val ELBO = -1841.201595
Epoch 39/200, Batch 100, Aver_Loss: 1852.3584
Epoch 39/200, Batch 200, Aver_Loss: 1847.6217
Epoch 39/200, Batch 300, Aver_Loss: 1815.6281
Epoch 39/200, Batch 400, Aver_Loss: 1821.8804
[early-stopping] Epoch 39: new best val ELBO = -1839.892271
Epoch 40/200, Batch 100, Aver_Loss: 1832.3507
Epoch 40/200, Batch 200, Aver_Loss: 1866.5073
Epoch 40/200, Batch 300, Aver_Loss: 1831.4263
Epoch 40/200, Batch 400, Aver_Loss: 1801.8231
[early-stopping] Epoch 40: no improvement (1/20)
Epoch 41/200, Batch 100, Aver_Loss: 1832.8081
Epoch 41/200, Batch 200, Aver_Loss: 1823.1418
Epoch 41/200, Batch 300, Aver_Loss: 1845.2808
Epoch 41/200, Batch 400, Aver_Loss: 1817.2087
[early-stopping] Epoch 41: no improvement (2/20)
Epoch 42/200, Batch 100, Aver_Loss: 1825.5725
Epoch 42/200, Batch 200, Aver_Loss: 1861.4739
Epoch 42/200, Batch 300, Aver_Loss: 1820.7913
Epoch 42/200, Batch 400, Aver_Loss: 1816.9756
[early-stopping] Epoch 42: no improvement (3/20)
Epoch 43/200, Batch 100, Aver_Loss: 1861.2037
Epoch 43/200, Batch 200, Aver_Loss: 1827.9302
Epoch 43/200, Batch 300, Aver_Loss: 1858.1428
Epoch 43/200, Batch 400, Aver_Loss: 1843.3607
[early-stopping] Epoch 43: no improvement (4/20)
Epoch 44/200, Batch 100, Aver_Loss: 1867.7679
Epoch 44/200, Batch 200, Aver_Loss: 1836.7528
Epoch 44/200, Batch 300, Aver_Loss: 1841.4923
Epoch 44/200, Batch 400, Aver_Loss: 1836.0284
[early-stopping] Epoch 44: no improvement (5/20)
Epoch 45/200, Batch 100, Aver_Loss: 1838.3217
Epoch 45/200, Batch 200, Aver_Loss: 1813.3907
Epoch 45/200, Batch 300, Aver_Loss: 1816.4170
Epoch 45/200, Batch 400, Aver_Loss: 1864.4252
[early-stopping] Epoch 45: no improvement (6/20)
Epoch 46/200, Batch 100, Aver_Loss: 1864.1765
Epoch 46/200, Batch 200, Aver_Loss: 1841.5690
Epoch 46/200, Batch 300, Aver_Loss: 1830.0448
Epoch 46/200, Batch 400, Aver_Loss: 1804.4325
[early-stopping] Epoch 46: new best val ELBO = -1839.331651
Epoch 47/200, Batch 100, Aver_Loss: 1783.8695
Epoch 47/200, Batch 200, Aver_Loss: 1837.5319
Epoch 47/200, Batch 300, Aver_Loss: 1828.9093
Epoch 47/200, Batch 400, Aver_Loss: 1854.4470
[early-stopping] Epoch 47: new best val ELBO = -1839.326330
Epoch 48/200, Batch 100, Aver_Loss: 1828.6138
Epoch 48/200, Batch 200, Aver_Loss: 1835.1831
Epoch 48/200, Batch 300, Aver_Loss: 1823.8795
Epoch 48/200, Batch 400, Aver_Loss: 1823.2601
[early-stopping] Epoch 48: new best val ELBO = -1838.609849
Epoch 49/200, Batch 100, Aver_Loss: 1835.9113
Epoch 49/200, Batch 200, Aver_Loss: 1846.3687
Epoch 49/200, Batch 300, Aver_Loss: 1862.5437
Epoch 49/200, Batch 400, Aver_Loss: 1829.6865
[early-stopping] Epoch 49: no improvement (1/20)
Epoch 50/200, Batch 100, Aver_Loss: 1865.7916
Epoch 50/200, Batch 200, Aver_Loss: 1865.9314
Epoch 50/200, Batch 300, Aver_Loss: 1798.9231
Epoch 50/200, Batch 400, Aver_Loss: 1865.9115
[early-stopping] Epoch 50: new best val ELBO = -1838.275815
Epoch 51/200, Batch 100, Aver_Loss: 1835.7067
Epoch 51/200, Batch 200, Aver_Loss: 1862.5084
Epoch 51/200, Batch 300, Aver_Loss: 1860.7830
Epoch 51/200, Batch 400, Aver_Loss: 1853.3071
[early-stopping] Epoch 51: no improvement (1/20)
Epoch 52/200, Batch 100, Aver_Loss: 1863.3627
Epoch 52/200, Batch 200, Aver_Loss: 1826.6007
Epoch 52/200, Batch 300, Aver_Loss: 1854.4512
Epoch 52/200, Batch 400, Aver_Loss: 1826.5918
[early-stopping] Epoch 52: no improvement (2/20)
Epoch 53/200, Batch 100, Aver_Loss: 1799.9254
Epoch 53/200, Batch 200, Aver_Loss: 1837.9309
Epoch 53/200, Batch 300, Aver_Loss: 1855.4332
Epoch 53/200, Batch 400, Aver_Loss: 1840.7966
[early-stopping] Epoch 53: no improvement (3/20)
Epoch 54/200, Batch 100, Aver_Loss: 1841.7936
Epoch 54/200, Batch 200, Aver_Loss: 1873.0059
Epoch 54/200, Batch 300, Aver_Loss: 1818.3948
Epoch 54/200, Batch 400, Aver_Loss: 1831.2626
[early-stopping] Epoch 54: no improvement (4/20)
Epoch 55/200, Batch 100, Aver_Loss: 1855.2472
Epoch 55/200, Batch 200, Aver_Loss: 1838.2144
Epoch 55/200, Batch 300, Aver_Loss: 1842.1693
Epoch 55/200, Batch 400, Aver_Loss: 1832.1166
[early-stopping] Epoch 55: no improvement (5/20)
Epoch 56/200, Batch 100, Aver_Loss: 1829.8669
Epoch 56/200, Batch 200, Aver_Loss: 1854.1658
Epoch 56/200, Batch 300, Aver_Loss: 1844.5452
Epoch 56/200, Batch 400, Aver_Loss: 1840.4768
[early-stopping] Epoch 56: no improvement (6/20)
Epoch 57/200, Batch 100, Aver_Loss: 1852.7712
Epoch 57/200, Batch 200, Aver_Loss: 1813.5392
Epoch 57/200, Batch 300, Aver_Loss: 1860.6481
Epoch 57/200, Batch 400, Aver_Loss: 1844.7896
[early-stopping] Epoch 57: no improvement (7/20)
Epoch 58/200, Batch 100, Aver_Loss: 1864.8550
Epoch 58/200, Batch 200, Aver_Loss: 1837.7196
Epoch 58/200, Batch 300, Aver_Loss: 1854.4095
Epoch 58/200, Batch 400, Aver_Loss: 1837.0299
[early-stopping] Epoch 58: no improvement (8/20)
Epoch 59/200, Batch 100, Aver_Loss: 1859.4110
Epoch 59/200, Batch 200, Aver_Loss: 1827.2233
Epoch 59/200, Batch 300, Aver_Loss: 1834.3130
Epoch 59/200, Batch 400, Aver_Loss: 1861.6792
[early-stopping] Epoch 59: no improvement (9/20)
Epoch 60/200, Batch 100, Aver_Loss: 1820.2170
Epoch 60/200, Batch 200, Aver_Loss: 1862.0015
Epoch 60/200, Batch 300, Aver_Loss: 1821.9512
Epoch 60/200, Batch 400, Aver_Loss: 1830.8685
[early-stopping] Epoch 60: no improvement (10/20)
Epoch 61/200, Batch 100, Aver_Loss: 1847.9102
Epoch 61/200, Batch 200, Aver_Loss: 1832.5436
Epoch 61/200, Batch 300, Aver_Loss: 1858.8551
Epoch 61/200, Batch 400, Aver_Loss: 1822.2305
[early-stopping] Epoch 61: no improvement (11/20)
Epoch 62/200, Batch 100, Aver_Loss: 1859.5751
Epoch 62/200, Batch 200, Aver_Loss: 1849.0098
Epoch 62/200, Batch 300, Aver_Loss: 1821.6400
Epoch 62/200, Batch 400, Aver_Loss: 1843.6777
[early-stopping] Epoch 62: new best val ELBO = -1837.405508
Epoch 63/200, Batch 100, Aver_Loss: 1841.7240
Epoch 63/200, Batch 200, Aver_Loss: 1863.1948
Epoch 63/200, Batch 300, Aver_Loss: 1846.7548
Epoch 63/200, Batch 400, Aver_Loss: 1855.8209
[early-stopping] Epoch 63: no improvement (1/20)
Epoch 64/200, Batch 100, Aver_Loss: 1808.6597
Epoch 64/200, Batch 200, Aver_Loss: 1792.2758
Epoch 64/200, Batch 300, Aver_Loss: 1835.5931
Epoch 64/200, Batch 400, Aver_Loss: 1788.9635
[early-stopping] Epoch 64: no improvement (2/20)
Epoch 65/200, Batch 100, Aver_Loss: 1838.2004
Epoch 65/200, Batch 200, Aver_Loss: 1836.2145
Epoch 65/200, Batch 300, Aver_Loss: 1865.8008
Epoch 65/200, Batch 400, Aver_Loss: 1849.7140
[early-stopping] Epoch 65: no improvement (3/20)
Epoch 66/200, Batch 100, Aver_Loss: 1844.1660
Epoch 66/200, Batch 200, Aver_Loss: 1839.2759
Epoch 66/200, Batch 300, Aver_Loss: 1835.4403
Epoch 66/200, Batch 400, Aver_Loss: 1832.1649
[early-stopping] Epoch 66: no improvement (4/20)
Epoch 67/200, Batch 100, Aver_Loss: 1847.9626
Epoch 67/200, Batch 200, Aver_Loss: 1865.8356
Epoch 67/200, Batch 300, Aver_Loss: 1843.0988
Epoch 67/200, Batch 400, Aver_Loss: 1865.9603
[early-stopping] Epoch 67: no improvement (5/20)
Epoch 68/200, Batch 100, Aver_Loss: 1839.1307
Epoch 68/200, Batch 200, Aver_Loss: 1817.2751
Epoch 68/200, Batch 300, Aver_Loss: 1856.3685
Epoch 68/200, Batch 400, Aver_Loss: 1848.5973
[early-stopping] Epoch 68: no improvement (6/20)
Epoch 69/200, Batch 100, Aver_Loss: 1839.5481
Epoch 69/200, Batch 200, Aver_Loss: 1826.1520
Epoch 69/200, Batch 300, Aver_Loss: 1848.7871
Epoch 69/200, Batch 400, Aver_Loss: 1865.3260
[early-stopping] Epoch 69: new best val ELBO = -1837.220619
Epoch 70/200, Batch 100, Aver_Loss: 1823.1276
Epoch 70/200, Batch 200, Aver_Loss: 1841.4099
Epoch 70/200, Batch 300, Aver_Loss: 1838.5916
Epoch 70/200, Batch 400, Aver_Loss: 1832.9521
[early-stopping] Epoch 70: no improvement (1/20)
Epoch 71/200, Batch 100, Aver_Loss: 1813.3521
Epoch 71/200, Batch 200, Aver_Loss: 1821.9934
Epoch 71/200, Batch 300, Aver_Loss: 1850.2345
Epoch 71/200, Batch 400, Aver_Loss: 1835.3683
[early-stopping] Epoch 71: no improvement (2/20)
Epoch 72/200, Batch 100, Aver_Loss: 1830.8995
Epoch 72/200, Batch 200, Aver_Loss: 1830.5916
Epoch 72/200, Batch 300, Aver_Loss: 1858.8992
Epoch 72/200, Batch 400, Aver_Loss: 1848.6809
[early-stopping] Epoch 72: no improvement (3/20)
Epoch 73/200, Batch 100, Aver_Loss: 1815.9573
Epoch 73/200, Batch 200, Aver_Loss: 1858.2686
Epoch 73/200, Batch 300, Aver_Loss: 1844.0306
Epoch 73/200, Batch 400, Aver_Loss: 1852.9615
[early-stopping] Epoch 73: no improvement (4/20)
Epoch 74/200, Batch 100, Aver_Loss: 1841.5839
Epoch 74/200, Batch 200, Aver_Loss: 1872.3328
Epoch 74/200, Batch 300, Aver_Loss: 1861.3317
Epoch 74/200, Batch 400, Aver_Loss: 1859.3044
[early-stopping] Epoch 74: new best val ELBO = -1836.857304
Epoch 75/200, Batch 100, Aver_Loss: 1842.1385
Epoch 75/200, Batch 200, Aver_Loss: 1839.5801
Epoch 75/200, Batch 300, Aver_Loss: 1832.3541
Epoch 75/200, Batch 400, Aver_Loss: 1850.6339
[early-stopping] Epoch 75: no improvement (1/20)
Epoch 76/200, Batch 100, Aver_Loss: 1865.3409
Epoch 76/200, Batch 200, Aver_Loss: 1809.3350
Epoch 76/200, Batch 300, Aver_Loss: 1809.8839
Epoch 76/200, Batch 400, Aver_Loss: 1843.2251
[early-stopping] Epoch 76: new best val ELBO = -1836.464647
Epoch 77/200, Batch 100, Aver_Loss: 1855.4946
Epoch 77/200, Batch 200, Aver_Loss: 1870.3868
Epoch 77/200, Batch 300, Aver_Loss: 1820.4316
Epoch 77/200, Batch 400, Aver_Loss: 1852.4326
[early-stopping] Epoch 77: no improvement (1/20)
Epoch 78/200, Batch 100, Aver_Loss: 1814.4673
Epoch 78/200, Batch 200, Aver_Loss: 1825.7156
Epoch 78/200, Batch 300, Aver_Loss: 1873.2758
Epoch 78/200, Batch 400, Aver_Loss: 1858.4283
[early-stopping] Epoch 78: no improvement (2/20)
Epoch 79/200, Batch 100, Aver_Loss: 1808.4818
Epoch 79/200, Batch 200, Aver_Loss: 1857.4847
Epoch 79/200, Batch 300, Aver_Loss: 1842.4510
Epoch 79/200, Batch 400, Aver_Loss: 1854.6119
[early-stopping] Epoch 79: no improvement (3/20)
Epoch 80/200, Batch 100, Aver_Loss: 1857.8875
Epoch 80/200, Batch 200, Aver_Loss: 1838.9822
Epoch 80/200, Batch 300, Aver_Loss: 1829.4911
Epoch 80/200, Batch 400, Aver_Loss: 1843.8477
[early-stopping] Epoch 80: no improvement (4/20)
Epoch 81/200, Batch 100, Aver_Loss: 1867.5223
Epoch 81/200, Batch 200, Aver_Loss: 1838.7935
Epoch 81/200, Batch 300, Aver_Loss: 1817.4103
Epoch 81/200, Batch 400, Aver_Loss: 1840.5591
[early-stopping] Epoch 81: no improvement (5/20)
Epoch 82/200, Batch 100, Aver_Loss: 1806.7339
Epoch 82/200, Batch 200, Aver_Loss: 1840.3198
Epoch 82/200, Batch 300, Aver_Loss: 1880.6616
Epoch 82/200, Batch 400, Aver_Loss: 1847.4330
[early-stopping] Epoch 82: new best val ELBO = -1835.411537
Epoch 83/200, Batch 100, Aver_Loss: 1860.1794
Epoch 83/200, Batch 200, Aver_Loss: 1883.1593
Epoch 83/200, Batch 300, Aver_Loss: 1824.6647
Epoch 83/200, Batch 400, Aver_Loss: 1807.6298
[early-stopping] Epoch 83: no improvement (1/20)
Epoch 84/200, Batch 100, Aver_Loss: 1833.2509
Epoch 84/200, Batch 200, Aver_Loss: 1869.5410
Epoch 84/200, Batch 300, Aver_Loss: 1825.8284
Epoch 84/200, Batch 400, Aver_Loss: 1842.4683
[early-stopping] Epoch 84: new best val ELBO = -1834.911144
Epoch 85/200, Batch 100, Aver_Loss: 1803.0670
Epoch 85/200, Batch 200, Aver_Loss: 1845.3248
Epoch 85/200, Batch 300, Aver_Loss: 1854.8279
Epoch 85/200, Batch 400, Aver_Loss: 1847.3733
[early-stopping] Epoch 85: no improvement (1/20)
Epoch 86/200, Batch 100, Aver_Loss: 1835.1787
Epoch 86/200, Batch 200, Aver_Loss: 1811.0665
Epoch 86/200, Batch 300, Aver_Loss: 1825.8695
Epoch 86/200, Batch 400, Aver_Loss: 1876.4181
[early-stopping] Epoch 86: no improvement (2/20)
Epoch 87/200, Batch 100, Aver_Loss: 1867.8997
Epoch 87/200, Batch 200, Aver_Loss: 1810.2747
Epoch 87/200, Batch 300, Aver_Loss: 1848.9015
Epoch 87/200, Batch 400, Aver_Loss: 1854.5170
[early-stopping] Epoch 87: no improvement (3/20)
Epoch 88/200, Batch 100, Aver_Loss: 1828.0399
Epoch 88/200, Batch 200, Aver_Loss: 1903.1111
Epoch 88/200, Batch 300, Aver_Loss: 1839.9857
Epoch 88/200, Batch 400, Aver_Loss: 1835.4789
[early-stopping] Epoch 88: no improvement (4/20)
Epoch 89/200, Batch 100, Aver_Loss: 1856.4731
Epoch 89/200, Batch 200, Aver_Loss: 1843.3130
Epoch 89/200, Batch 300, Aver_Loss: 1836.3286
Epoch 89/200, Batch 400, Aver_Loss: 1802.0153
[early-stopping] Epoch 89: no improvement (5/20)
Epoch 90/200, Batch 100, Aver_Loss: 1819.4489
Epoch 90/200, Batch 200, Aver_Loss: 1840.9099
Epoch 90/200, Batch 300, Aver_Loss: 1840.4453
Epoch 90/200, Batch 400, Aver_Loss: 1827.3590
[early-stopping] Epoch 90: no improvement (6/20)
Epoch 91/200, Batch 100, Aver_Loss: 1832.2474
Epoch 91/200, Batch 200, Aver_Loss: 1845.1135
Epoch 91/200, Batch 300, Aver_Loss: 1808.3010
Epoch 91/200, Batch 400, Aver_Loss: 1873.0717
[early-stopping] Epoch 91: no improvement (7/20)
Epoch 92/200, Batch 100, Aver_Loss: 1819.0465
Epoch 92/200, Batch 200, Aver_Loss: 1819.6259
Epoch 92/200, Batch 300, Aver_Loss: 1799.5895
Epoch 92/200, Batch 400, Aver_Loss: 1824.9924
[early-stopping] Epoch 92: no improvement (8/20)
Epoch 93/200, Batch 100, Aver_Loss: 1846.6050
Epoch 93/200, Batch 200, Aver_Loss: 1811.7487
Epoch 93/200, Batch 300, Aver_Loss: 1841.2802
Epoch 93/200, Batch 400, Aver_Loss: 1814.7787
[early-stopping] Epoch 93: no improvement (9/20)
Epoch 94/200, Batch 100, Aver_Loss: 1825.5757
Epoch 94/200, Batch 200, Aver_Loss: 1861.0508
Epoch 94/200, Batch 300, Aver_Loss: 1840.3099
Epoch 94/200, Batch 400, Aver_Loss: 1846.1849
[early-stopping] Epoch 94: no improvement (10/20)
Epoch 95/200, Batch 100, Aver_Loss: 1823.6560
Epoch 95/200, Batch 200, Aver_Loss: 1819.3975
Epoch 95/200, Batch 300, Aver_Loss: 1824.8069
Epoch 95/200, Batch 400, Aver_Loss: 1841.7712
[early-stopping] Epoch 95: no improvement (11/20)
Epoch 96/200, Batch 100, Aver_Loss: 1889.0065
Epoch 96/200, Batch 200, Aver_Loss: 1830.6376
Epoch 96/200, Batch 300, Aver_Loss: 1818.0922
Epoch 96/200, Batch 400, Aver_Loss: 1810.1102
[early-stopping] Epoch 96: no improvement (12/20)
Epoch 97/200, Batch 100, Aver_Loss: 1879.9762
Epoch 97/200, Batch 200, Aver_Loss: 1869.8903
Epoch 97/200, Batch 300, Aver_Loss: 1823.3752
Epoch 97/200, Batch 400, Aver_Loss: 1847.5623
[early-stopping] Epoch 97: no improvement (13/20)
Epoch 98/200, Batch 100, Aver_Loss: 1806.0281
Epoch 98/200, Batch 200, Aver_Loss: 1836.8344
Epoch 98/200, Batch 300, Aver_Loss: 1815.7581
Epoch 98/200, Batch 400, Aver_Loss: 1818.0200
[early-stopping] Epoch 98: no improvement (14/20)
Epoch 99/200, Batch 100, Aver_Loss: 1841.6602
Epoch 99/200, Batch 200, Aver_Loss: 1847.7363
Epoch 99/200, Batch 300, Aver_Loss: 1831.2307
Epoch 99/200, Batch 400, Aver_Loss: 1830.8656
[early-stopping] Epoch 99: no improvement (15/20)
Epoch 100/200, Batch 100, Aver_Loss: 1832.6973
Epoch 100/200, Batch 200, Aver_Loss: 1845.2653
Epoch 100/200, Batch 300, Aver_Loss: 1861.6854
Epoch 100/200, Batch 400, Aver_Loss: 1855.0690
[early-stopping] Epoch 100: no improvement (16/20)
Epoch 101/200, Batch 100, Aver_Loss: 1842.8958
Epoch 101/200, Batch 200, Aver_Loss: 1810.8958
Epoch 101/200, Batch 300, Aver_Loss: 1836.1636
Epoch 101/200, Batch 400, Aver_Loss: 1849.8674
[early-stopping] Epoch 101: no improvement (17/20)
Epoch 102/200, Batch 100, Aver_Loss: 1835.5728
Epoch 102/200, Batch 200, Aver_Loss: 1854.4539
Epoch 102/200, Batch 300, Aver_Loss: 1839.2416
Epoch 102/200, Batch 400, Aver_Loss: 1831.7401
[early-stopping] Epoch 102: no improvement (18/20)
Epoch 103/200, Batch 100, Aver_Loss: 1836.2294
Epoch 103/200, Batch 200, Aver_Loss: 1843.5823
Epoch 103/200, Batch 300, Aver_Loss: 1870.3070
Epoch 103/200, Batch 400, Aver_Loss: 1825.4366
[early-stopping] Epoch 103: no improvement (19/20)
Epoch 104/200, Batch 100, Aver_Loss: 1843.9303
Epoch 104/200, Batch 200, Aver_Loss: 1864.3131
Epoch 104/200, Batch 300, Aver_Loss: 1822.2094
Epoch 104/200, Batch 400, Aver_Loss: 1832.9601
[early-stopping] Epoch 104: no improvement (20/20)
[early-stopping] Patience reached. Stopping at epoch 104. Best epoch: 84, best val ELBO: -1834.911144
[early-stopping] Loaded best model from epoch 84 (val ELBO = -1834.911144)
[checkpoint] Saved best model to: trained_parameters/cifar10_zdim32_VAE.pkl
[saved curves] ./results/CIFAR10/curves/cifar10_vae_d32_s777.json

==== Evaluation Summary ====
                 model: vae
   recon/mse_per_pixel: 0.015436
            elbo/train: -1834.625883
             elbo/test: -1835.075978
             mse/train: 0.015227
              mse/test: 0.015436
             probe/acc: 0.364417
             probe/nll: 1.815670
           probe/brier: 0.770494
             probe/ece: 0.029336
           cluster/nmi: 0.111153
           cluster/ari: 0.058194
============================

