/usr/bin/which: no fi_info in (/arf/home/meyavuz/.local/bin:/arf/sw/comp/python/intelpython3/condabin:/arf/sw/comp/python/intelpython3/bin:/usr/share/Modules/bin:/usr/local/bin:/usr/bin:/usr/local/sbin:/usr/sbin)
Extension for Scikit-learn* enabled (https://github.com/uxlfoundation/scikit-learn-intelex)
/arf/home/meyavuz/.conda/envs/sbn/lib/python3.9/site-packages/sklearn/linear_model/_logistic.py:1247: FutureWarning: 'multi_class' was deprecated in version 1.5 and will be removed in 1.7. From then on, it will always use 'multinomial'. Leave it to its default value to avoid this warning.
  warnings.warn(
Epoch 1/200, Batch 100, Aver_Loss: 1950.1265
Epoch 1/200, Batch 200, Aver_Loss: 1935.4805
Epoch 1/200, Batch 300, Aver_Loss: 1903.2881
Epoch 1/200, Batch 400, Aver_Loss: 1882.9241
[early-stopping] Epoch 1: new best val ELBO = -1883.829936
Epoch 2/200, Batch 100, Aver_Loss: 1858.4191
Epoch 2/200, Batch 200, Aver_Loss: 1856.9734
Epoch 2/200, Batch 300, Aver_Loss: 1855.4059
Epoch 2/200, Batch 400, Aver_Loss: 1906.2134
[early-stopping] Epoch 2: no improvement (1/20)
Epoch 3/200, Batch 100, Aver_Loss: 1862.0251
Epoch 3/200, Batch 200, Aver_Loss: 1923.5126
Epoch 3/200, Batch 300, Aver_Loss: 1895.3041
Epoch 3/200, Batch 400, Aver_Loss: 1851.3796
[early-stopping] Epoch 3: new best val ELBO = -1866.911212
Epoch 4/200, Batch 100, Aver_Loss: 1862.3970
Epoch 4/200, Batch 200, Aver_Loss: 1855.6975
Epoch 4/200, Batch 300, Aver_Loss: 1859.1680
Epoch 4/200, Batch 400, Aver_Loss: 1859.7595
[early-stopping] Epoch 4: no improvement (1/20)
Epoch 5/200, Batch 100, Aver_Loss: 1897.3314
Epoch 5/200, Batch 200, Aver_Loss: 1861.9766
Epoch 5/200, Batch 300, Aver_Loss: 1878.0057
Epoch 5/200, Batch 400, Aver_Loss: 1855.4983
[early-stopping] Epoch 5: new best val ELBO = -1860.279601
Epoch 6/200, Batch 100, Aver_Loss: 1866.3715
Epoch 6/200, Batch 200, Aver_Loss: 1826.6953
Epoch 6/200, Batch 300, Aver_Loss: 1866.2280
Epoch 6/200, Batch 400, Aver_Loss: 1867.9913
[early-stopping] Epoch 6: new best val ELBO = -1857.625451
Epoch 7/200, Batch 100, Aver_Loss: 1865.2943
Epoch 7/200, Batch 200, Aver_Loss: 1880.9564
Epoch 7/200, Batch 300, Aver_Loss: 1846.2751
Epoch 7/200, Batch 400, Aver_Loss: 1858.7543
[early-stopping] Epoch 7: new best val ELBO = -1857.469289
Epoch 8/200, Batch 100, Aver_Loss: 1918.7217
Epoch 8/200, Batch 200, Aver_Loss: 1864.3104
Epoch 8/200, Batch 300, Aver_Loss: 1894.5265
Epoch 8/200, Batch 400, Aver_Loss: 1901.1013
[early-stopping] Epoch 8: no improvement (1/20)
Epoch 9/200, Batch 100, Aver_Loss: 1871.9984
Epoch 9/200, Batch 200, Aver_Loss: 1856.1207
Epoch 9/200, Batch 300, Aver_Loss: 1821.4071
Epoch 9/200, Batch 400, Aver_Loss: 1848.3594
[early-stopping] Epoch 9: no improvement (2/20)
Epoch 10/200, Batch 100, Aver_Loss: 1875.2090
Epoch 10/200, Batch 200, Aver_Loss: 1902.8717
Epoch 10/200, Batch 300, Aver_Loss: 1854.6180
Epoch 10/200, Batch 400, Aver_Loss: 1871.4192
[early-stopping] Epoch 10: new best val ELBO = -1852.221883
Epoch 11/200, Batch 100, Aver_Loss: 1855.3472
Epoch 11/200, Batch 200, Aver_Loss: 1855.4125
Epoch 11/200, Batch 300, Aver_Loss: 1822.0198
Epoch 11/200, Batch 400, Aver_Loss: 1830.7104
[early-stopping] Epoch 11: new best val ELBO = -1851.500731
Epoch 12/200, Batch 100, Aver_Loss: 1825.8027
Epoch 12/200, Batch 200, Aver_Loss: 1851.3873
Epoch 12/200, Batch 300, Aver_Loss: 1862.2015
Epoch 12/200, Batch 400, Aver_Loss: 1858.4081
[early-stopping] Epoch 12: new best val ELBO = -1848.849914
Epoch 13/200, Batch 100, Aver_Loss: 1852.4969
Epoch 13/200, Batch 200, Aver_Loss: 1823.5502
Epoch 13/200, Batch 300, Aver_Loss: 1834.7511
Epoch 13/200, Batch 400, Aver_Loss: 1872.2843
[early-stopping] Epoch 13: no improvement (1/20)
Epoch 14/200, Batch 100, Aver_Loss: 1843.8149
Epoch 14/200, Batch 200, Aver_Loss: 1870.4967
Epoch 14/200, Batch 300, Aver_Loss: 1841.0332
Epoch 14/200, Batch 400, Aver_Loss: 1842.5084
[early-stopping] Epoch 14: new best val ELBO = -1847.416360
Epoch 15/200, Batch 100, Aver_Loss: 1832.1094
Epoch 15/200, Batch 200, Aver_Loss: 1841.5481
Epoch 15/200, Batch 300, Aver_Loss: 1866.6953
Epoch 15/200, Batch 400, Aver_Loss: 1871.4377
[early-stopping] Epoch 15: new best val ELBO = -1846.927105
Epoch 16/200, Batch 100, Aver_Loss: 1870.3783
Epoch 16/200, Batch 200, Aver_Loss: 1844.4071
Epoch 16/200, Batch 300, Aver_Loss: 1844.8264
Epoch 16/200, Batch 400, Aver_Loss: 1837.2535
[early-stopping] Epoch 16: no improvement (1/20)
Epoch 17/200, Batch 100, Aver_Loss: 1818.7502
Epoch 17/200, Batch 200, Aver_Loss: 1864.3027
Epoch 17/200, Batch 300, Aver_Loss: 1833.6984
Epoch 17/200, Batch 400, Aver_Loss: 1830.1832
[early-stopping] Epoch 17: no improvement (2/20)
Epoch 18/200, Batch 100, Aver_Loss: 1817.8346
Epoch 18/200, Batch 200, Aver_Loss: 1853.4042
Epoch 18/200, Batch 300, Aver_Loss: 1850.5973
Epoch 18/200, Batch 400, Aver_Loss: 1877.8054
[early-stopping] Epoch 18: new best val ELBO = -1846.719343
Epoch 19/200, Batch 100, Aver_Loss: 1881.2965
Epoch 19/200, Batch 200, Aver_Loss: 1836.2484
Epoch 19/200, Batch 300, Aver_Loss: 1837.0454
Epoch 19/200, Batch 400, Aver_Loss: 1832.8965
[early-stopping] Epoch 19: no improvement (1/20)
Epoch 20/200, Batch 100, Aver_Loss: 1811.7032
Epoch 20/200, Batch 200, Aver_Loss: 1832.2673
Epoch 20/200, Batch 300, Aver_Loss: 1853.6052
Epoch 20/200, Batch 400, Aver_Loss: 1849.4205
[early-stopping] Epoch 20: no improvement (2/20)
Epoch 21/200, Batch 100, Aver_Loss: 1843.1431
Epoch 21/200, Batch 200, Aver_Loss: 1863.1077
Epoch 21/200, Batch 300, Aver_Loss: 1876.4012
Epoch 21/200, Batch 400, Aver_Loss: 1843.8242
[early-stopping] Epoch 21: new best val ELBO = -1843.644638
Epoch 22/200, Batch 100, Aver_Loss: 1874.7673
Epoch 22/200, Batch 200, Aver_Loss: 1835.0381
Epoch 22/200, Batch 300, Aver_Loss: 1865.7603
Epoch 22/200, Batch 400, Aver_Loss: 1813.0129
[early-stopping] Epoch 22: no improvement (1/20)
Epoch 23/200, Batch 100, Aver_Loss: 1834.7544
Epoch 23/200, Batch 200, Aver_Loss: 1855.6908
Epoch 23/200, Batch 300, Aver_Loss: 1817.8645
Epoch 23/200, Batch 400, Aver_Loss: 1881.8717
[early-stopping] Epoch 23: no improvement (2/20)
Epoch 24/200, Batch 100, Aver_Loss: 1809.6309
Epoch 24/200, Batch 200, Aver_Loss: 1787.7587
Epoch 24/200, Batch 300, Aver_Loss: 1851.4884
Epoch 24/200, Batch 400, Aver_Loss: 1809.3730
[early-stopping] Epoch 24: no improvement (3/20)
Epoch 25/200, Batch 100, Aver_Loss: 1869.3940
Epoch 25/200, Batch 200, Aver_Loss: 1821.1169
Epoch 25/200, Batch 300, Aver_Loss: 1847.9515
Epoch 25/200, Batch 400, Aver_Loss: 1821.4653
[early-stopping] Epoch 25: no improvement (4/20)
Epoch 26/200, Batch 100, Aver_Loss: 1871.4379
Epoch 26/200, Batch 200, Aver_Loss: 1880.8335
Epoch 26/200, Batch 300, Aver_Loss: 1794.7948
Epoch 26/200, Batch 400, Aver_Loss: 1867.6747
[early-stopping] Epoch 26: no improvement (5/20)
Epoch 27/200, Batch 100, Aver_Loss: 1851.0081
Epoch 27/200, Batch 200, Aver_Loss: 1876.6699
Epoch 27/200, Batch 300, Aver_Loss: 1824.7695
Epoch 27/200, Batch 400, Aver_Loss: 1829.3663
[early-stopping] Epoch 27: no improvement (6/20)
Epoch 28/200, Batch 100, Aver_Loss: 1803.9343
Epoch 28/200, Batch 200, Aver_Loss: 1824.8674
Epoch 28/200, Batch 300, Aver_Loss: 1840.5940
Epoch 28/200, Batch 400, Aver_Loss: 1860.7942
[early-stopping] Epoch 28: new best val ELBO = -1840.871767
Epoch 29/200, Batch 100, Aver_Loss: 1849.7535
Epoch 29/200, Batch 200, Aver_Loss: 1834.3785
Epoch 29/200, Batch 300, Aver_Loss: 1822.5204
Epoch 29/200, Batch 400, Aver_Loss: 1855.9861
[early-stopping] Epoch 29: no improvement (1/20)
Epoch 30/200, Batch 100, Aver_Loss: 1821.6453
Epoch 30/200, Batch 200, Aver_Loss: 1850.3239
Epoch 30/200, Batch 300, Aver_Loss: 1845.5842
Epoch 30/200, Batch 400, Aver_Loss: 1834.5387
[early-stopping] Epoch 30: no improvement (2/20)
Epoch 31/200, Batch 100, Aver_Loss: 1839.5247
Epoch 31/200, Batch 200, Aver_Loss: 1849.1791
Epoch 31/200, Batch 300, Aver_Loss: 1839.4756
Epoch 31/200, Batch 400, Aver_Loss: 1834.4700
[early-stopping] Epoch 31: no improvement (3/20)
Epoch 32/200, Batch 100, Aver_Loss: 1854.9783
Epoch 32/200, Batch 200, Aver_Loss: 1872.1389
Epoch 32/200, Batch 300, Aver_Loss: 1831.5609
Epoch 32/200, Batch 400, Aver_Loss: 1816.5740
[early-stopping] Epoch 32: no improvement (4/20)
Epoch 33/200, Batch 100, Aver_Loss: 1882.0952
Epoch 33/200, Batch 200, Aver_Loss: 1808.9253
Epoch 33/200, Batch 300, Aver_Loss: 1832.3856
Epoch 33/200, Batch 400, Aver_Loss: 1851.5242
[early-stopping] Epoch 33: no improvement (5/20)
Epoch 34/200, Batch 100, Aver_Loss: 1838.3110
Epoch 34/200, Batch 200, Aver_Loss: 1840.0239
Epoch 34/200, Batch 300, Aver_Loss: 1787.9995
Epoch 34/200, Batch 400, Aver_Loss: 1852.4067
[early-stopping] Epoch 34: no improvement (6/20)
Epoch 35/200, Batch 100, Aver_Loss: 1869.4866
Epoch 35/200, Batch 200, Aver_Loss: 1867.3835
Epoch 35/200, Batch 300, Aver_Loss: 1841.3801
Epoch 35/200, Batch 400, Aver_Loss: 1836.5007
[early-stopping] Epoch 35: no improvement (7/20)
Epoch 36/200, Batch 100, Aver_Loss: 1828.2548
Epoch 36/200, Batch 200, Aver_Loss: 1851.8237
Epoch 36/200, Batch 300, Aver_Loss: 1844.9828
Epoch 36/200, Batch 400, Aver_Loss: 1858.3114
[early-stopping] Epoch 36: no improvement (8/20)
Epoch 37/200, Batch 100, Aver_Loss: 1831.6244
Epoch 37/200, Batch 200, Aver_Loss: 1871.4639
Epoch 37/200, Batch 300, Aver_Loss: 1832.8865
Epoch 37/200, Batch 400, Aver_Loss: 1856.9438
[early-stopping] Epoch 37: new best val ELBO = -1839.738774
Epoch 38/200, Batch 100, Aver_Loss: 1834.9103
Epoch 38/200, Batch 200, Aver_Loss: 1856.1882
Epoch 38/200, Batch 300, Aver_Loss: 1817.4830
Epoch 38/200, Batch 400, Aver_Loss: 1783.9985
[early-stopping] Epoch 38: no improvement (1/20)
Epoch 39/200, Batch 100, Aver_Loss: 1835.9761
Epoch 39/200, Batch 200, Aver_Loss: 1829.9905
Epoch 39/200, Batch 300, Aver_Loss: 1817.2345
Epoch 39/200, Batch 400, Aver_Loss: 1872.6517
[early-stopping] Epoch 39: no improvement (2/20)
Epoch 40/200, Batch 100, Aver_Loss: 1880.3655
Epoch 40/200, Batch 200, Aver_Loss: 1845.0920
Epoch 40/200, Batch 300, Aver_Loss: 1829.2120
Epoch 40/200, Batch 400, Aver_Loss: 1845.9733
[early-stopping] Epoch 40: no improvement (3/20)
Epoch 41/200, Batch 100, Aver_Loss: 1817.9644
Epoch 41/200, Batch 200, Aver_Loss: 1858.1348
Epoch 41/200, Batch 300, Aver_Loss: 1889.2604
Epoch 41/200, Batch 400, Aver_Loss: 1806.1184
[early-stopping] Epoch 41: new best val ELBO = -1839.163610
Epoch 42/200, Batch 100, Aver_Loss: 1824.8357
Epoch 42/200, Batch 200, Aver_Loss: 1833.0065
Epoch 42/200, Batch 300, Aver_Loss: 1861.0226
Epoch 42/200, Batch 400, Aver_Loss: 1863.2283
[early-stopping] Epoch 42: no improvement (1/20)
Epoch 43/200, Batch 100, Aver_Loss: 1812.1909
Epoch 43/200, Batch 200, Aver_Loss: 1886.7469
Epoch 43/200, Batch 300, Aver_Loss: 1839.3120
Epoch 43/200, Batch 400, Aver_Loss: 1819.4901
[early-stopping] Epoch 43: no improvement (2/20)
Epoch 44/200, Batch 100, Aver_Loss: 1852.8260
Epoch 44/200, Batch 200, Aver_Loss: 1837.1002
Epoch 44/200, Batch 300, Aver_Loss: 1849.7017
Epoch 44/200, Batch 400, Aver_Loss: 1837.5597
[early-stopping] Epoch 44: new best val ELBO = -1839.114427
Epoch 45/200, Batch 100, Aver_Loss: 1851.4700
Epoch 45/200, Batch 200, Aver_Loss: 1860.8984
Epoch 45/200, Batch 300, Aver_Loss: 1870.6732
Epoch 45/200, Batch 400, Aver_Loss: 1839.3325
[early-stopping] Epoch 45: no improvement (1/20)
Epoch 46/200, Batch 100, Aver_Loss: 1827.1898
Epoch 46/200, Batch 200, Aver_Loss: 1862.4785
Epoch 46/200, Batch 300, Aver_Loss: 1864.1365
Epoch 46/200, Batch 400, Aver_Loss: 1817.5704
[early-stopping] Epoch 46: no improvement (2/20)
Epoch 47/200, Batch 100, Aver_Loss: 1836.2554
Epoch 47/200, Batch 200, Aver_Loss: 1833.1290
Epoch 47/200, Batch 300, Aver_Loss: 1826.7450
Epoch 47/200, Batch 400, Aver_Loss: 1861.0538
[early-stopping] Epoch 47: no improvement (3/20)
Epoch 48/200, Batch 100, Aver_Loss: 1816.5690
Epoch 48/200, Batch 200, Aver_Loss: 1848.3835
Epoch 48/200, Batch 300, Aver_Loss: 1839.4957
Epoch 48/200, Batch 400, Aver_Loss: 1859.6312
[early-stopping] Epoch 48: no improvement (4/20)
Epoch 49/200, Batch 100, Aver_Loss: 1820.1764
Epoch 49/200, Batch 200, Aver_Loss: 1838.1927
Epoch 49/200, Batch 300, Aver_Loss: 1833.7551
Epoch 49/200, Batch 400, Aver_Loss: 1789.2877
[early-stopping] Epoch 49: no improvement (5/20)
Epoch 50/200, Batch 100, Aver_Loss: 1836.1161
Epoch 50/200, Batch 200, Aver_Loss: 1822.8337
Epoch 50/200, Batch 300, Aver_Loss: 1840.7545
Epoch 50/200, Batch 400, Aver_Loss: 1870.0353
[early-stopping] Epoch 50: no improvement (6/20)
Epoch 51/200, Batch 100, Aver_Loss: 1852.3423
Epoch 51/200, Batch 200, Aver_Loss: 1811.9596
Epoch 51/200, Batch 300, Aver_Loss: 1827.6011
Epoch 51/200, Batch 400, Aver_Loss: 1851.1302
[early-stopping] Epoch 51: no improvement (7/20)
Epoch 52/200, Batch 100, Aver_Loss: 1858.3881
Epoch 52/200, Batch 200, Aver_Loss: 1840.3496
Epoch 52/200, Batch 300, Aver_Loss: 1824.6909
Epoch 52/200, Batch 400, Aver_Loss: 1866.6854
[early-stopping] Epoch 52: new best val ELBO = -1837.726780
Epoch 53/200, Batch 100, Aver_Loss: 1824.0768
Epoch 53/200, Batch 200, Aver_Loss: 1830.7341
Epoch 53/200, Batch 300, Aver_Loss: 1839.3915
Epoch 53/200, Batch 400, Aver_Loss: 1840.7882
[early-stopping] Epoch 53: no improvement (1/20)
Epoch 54/200, Batch 100, Aver_Loss: 1790.2986
Epoch 54/200, Batch 200, Aver_Loss: 1848.0312
Epoch 54/200, Batch 300, Aver_Loss: 1802.0839
Epoch 54/200, Batch 400, Aver_Loss: 1851.3929
[early-stopping] Epoch 54: no improvement (2/20)
Epoch 55/200, Batch 100, Aver_Loss: 1833.0844
Epoch 55/200, Batch 200, Aver_Loss: 1862.3342
Epoch 55/200, Batch 300, Aver_Loss: 1840.7565
Epoch 55/200, Batch 400, Aver_Loss: 1841.9138
[early-stopping] Epoch 55: no improvement (3/20)
Epoch 56/200, Batch 100, Aver_Loss: 1860.2157
Epoch 56/200, Batch 200, Aver_Loss: 1853.3204
Epoch 56/200, Batch 300, Aver_Loss: 1872.3909
Epoch 56/200, Batch 400, Aver_Loss: 1845.4777
[early-stopping] Epoch 56: new best val ELBO = -1837.637215
Epoch 57/200, Batch 100, Aver_Loss: 1833.7378
Epoch 57/200, Batch 200, Aver_Loss: 1827.9868
Epoch 57/200, Batch 300, Aver_Loss: 1846.9818
Epoch 57/200, Batch 400, Aver_Loss: 1844.8973
[early-stopping] Epoch 57: no improvement (1/20)
Epoch 58/200, Batch 100, Aver_Loss: 1842.5848
Epoch 58/200, Batch 200, Aver_Loss: 1818.2207
Epoch 58/200, Batch 300, Aver_Loss: 1852.0096
Epoch 58/200, Batch 400, Aver_Loss: 1841.3171
[early-stopping] Epoch 58: no improvement (2/20)
Epoch 59/200, Batch 100, Aver_Loss: 1841.1775
Epoch 59/200, Batch 200, Aver_Loss: 1823.2299
Epoch 59/200, Batch 300, Aver_Loss: 1831.0258
Epoch 59/200, Batch 400, Aver_Loss: 1823.7611
[early-stopping] Epoch 59: no improvement (3/20)
Epoch 60/200, Batch 100, Aver_Loss: 1836.4750
Epoch 60/200, Batch 200, Aver_Loss: 1814.6775
Epoch 60/200, Batch 300, Aver_Loss: 1846.7791
Epoch 60/200, Batch 400, Aver_Loss: 1809.8629
[early-stopping] Epoch 60: no improvement (4/20)
Epoch 61/200, Batch 100, Aver_Loss: 1831.1107
Epoch 61/200, Batch 200, Aver_Loss: 1842.1119
Epoch 61/200, Batch 300, Aver_Loss: 1827.1949
Epoch 61/200, Batch 400, Aver_Loss: 1836.0039
[early-stopping] Epoch 61: new best val ELBO = -1837.247156
Epoch 62/200, Batch 100, Aver_Loss: 1829.3004
Epoch 62/200, Batch 200, Aver_Loss: 1835.1702
Epoch 62/200, Batch 300, Aver_Loss: 1851.5306
Epoch 62/200, Batch 400, Aver_Loss: 1801.2998
[early-stopping] Epoch 62: no improvement (1/20)
Epoch 63/200, Batch 100, Aver_Loss: 1859.4962
Epoch 63/200, Batch 200, Aver_Loss: 1876.4047
Epoch 63/200, Batch 300, Aver_Loss: 1856.2573
Epoch 63/200, Batch 400, Aver_Loss: 1853.7462
[early-stopping] Epoch 63: no improvement (2/20)
Epoch 64/200, Batch 100, Aver_Loss: 1770.4746
Epoch 64/200, Batch 200, Aver_Loss: 1872.0184
Epoch 64/200, Batch 300, Aver_Loss: 1846.1317
Epoch 64/200, Batch 400, Aver_Loss: 1862.8948
[early-stopping] Epoch 64: no improvement (3/20)
Epoch 65/200, Batch 100, Aver_Loss: 1843.5059
Epoch 65/200, Batch 200, Aver_Loss: 1822.0981
Epoch 65/200, Batch 300, Aver_Loss: 1833.3080
Epoch 65/200, Batch 400, Aver_Loss: 1851.0994
[early-stopping] Epoch 65: no improvement (4/20)
Epoch 66/200, Batch 100, Aver_Loss: 1853.2118
Epoch 66/200, Batch 200, Aver_Loss: 1870.2345
Epoch 66/200, Batch 300, Aver_Loss: 1860.4773
Epoch 66/200, Batch 400, Aver_Loss: 1841.5603
[early-stopping] Epoch 66: no improvement (5/20)
Epoch 67/200, Batch 100, Aver_Loss: 1812.6300
Epoch 67/200, Batch 200, Aver_Loss: 1844.0831
Epoch 67/200, Batch 300, Aver_Loss: 1860.1456
Epoch 67/200, Batch 400, Aver_Loss: 1829.0293
[early-stopping] Epoch 67: new best val ELBO = -1836.967086
Epoch 68/200, Batch 100, Aver_Loss: 1851.2697
Epoch 68/200, Batch 200, Aver_Loss: 1785.1250
Epoch 68/200, Batch 300, Aver_Loss: 1860.5844
Epoch 68/200, Batch 400, Aver_Loss: 1835.1353
[early-stopping] Epoch 68: no improvement (1/20)
Epoch 69/200, Batch 100, Aver_Loss: 1830.0475
Epoch 69/200, Batch 200, Aver_Loss: 1826.1489
Epoch 69/200, Batch 300, Aver_Loss: 1805.8628
Epoch 69/200, Batch 400, Aver_Loss: 1826.9874
[early-stopping] Epoch 69: no improvement (2/20)
Epoch 70/200, Batch 100, Aver_Loss: 1778.5000
Epoch 70/200, Batch 200, Aver_Loss: 1795.8679
Epoch 70/200, Batch 300, Aver_Loss: 1792.9543
Epoch 70/200, Batch 400, Aver_Loss: 1844.8394
[early-stopping] Epoch 70: new best val ELBO = -1836.865369
Epoch 71/200, Batch 100, Aver_Loss: 1863.6066
Epoch 71/200, Batch 200, Aver_Loss: 1847.3075
Epoch 71/200, Batch 300, Aver_Loss: 1852.2740
Epoch 71/200, Batch 400, Aver_Loss: 1834.9297
[early-stopping] Epoch 71: no improvement (1/20)
Epoch 72/200, Batch 100, Aver_Loss: 1862.5712
Epoch 72/200, Batch 200, Aver_Loss: 1843.6030
Epoch 72/200, Batch 300, Aver_Loss: 1911.8262
Epoch 72/200, Batch 400, Aver_Loss: 1852.8978
[early-stopping] Epoch 72: new best val ELBO = -1836.854715
Epoch 73/200, Batch 100, Aver_Loss: 1855.1373
Epoch 73/200, Batch 200, Aver_Loss: 1804.9734
Epoch 73/200, Batch 300, Aver_Loss: 1843.5168
Epoch 73/200, Batch 400, Aver_Loss: 1822.2526
[early-stopping] Epoch 73: no improvement (1/20)
Epoch 74/200, Batch 100, Aver_Loss: 1855.1810
Epoch 74/200, Batch 200, Aver_Loss: 1834.4844
Epoch 74/200, Batch 300, Aver_Loss: 1836.5269
Epoch 74/200, Batch 400, Aver_Loss: 1833.1420
[early-stopping] Epoch 74: no improvement (2/20)
Epoch 75/200, Batch 100, Aver_Loss: 1833.1283
Epoch 75/200, Batch 200, Aver_Loss: 1807.1108
Epoch 75/200, Batch 300, Aver_Loss: 1812.7441
Epoch 75/200, Batch 400, Aver_Loss: 1793.5760
[early-stopping] Epoch 75: new best val ELBO = -1835.297072
Epoch 76/200, Batch 100, Aver_Loss: 1851.0179
Epoch 76/200, Batch 200, Aver_Loss: 1814.9366
Epoch 76/200, Batch 300, Aver_Loss: 1769.5884
Epoch 76/200, Batch 400, Aver_Loss: 1830.1565
[early-stopping] Epoch 76: no improvement (1/20)
Epoch 77/200, Batch 100, Aver_Loss: 1845.3562
Epoch 77/200, Batch 200, Aver_Loss: 1814.8792
Epoch 77/200, Batch 300, Aver_Loss: 1854.6901
Epoch 77/200, Batch 400, Aver_Loss: 1809.6156
[early-stopping] Epoch 77: no improvement (2/20)
Epoch 78/200, Batch 100, Aver_Loss: 1823.5864
Epoch 78/200, Batch 200, Aver_Loss: 1838.3030
Epoch 78/200, Batch 300, Aver_Loss: 1797.6368
Epoch 78/200, Batch 400, Aver_Loss: 1821.1562
[early-stopping] Epoch 78: no improvement (3/20)
Epoch 79/200, Batch 100, Aver_Loss: 1847.4789
Epoch 79/200, Batch 200, Aver_Loss: 1840.8066
Epoch 79/200, Batch 300, Aver_Loss: 1838.4879
Epoch 79/200, Batch 400, Aver_Loss: 1822.7439
[early-stopping] Epoch 79: new best val ELBO = -1834.971951
Epoch 80/200, Batch 100, Aver_Loss: 1835.7925
Epoch 80/200, Batch 200, Aver_Loss: 1843.6831
Epoch 80/200, Batch 300, Aver_Loss: 1782.8842
Epoch 80/200, Batch 400, Aver_Loss: 1834.4086
[early-stopping] Epoch 80: no improvement (1/20)
Epoch 81/200, Batch 100, Aver_Loss: 1860.2267
Epoch 81/200, Batch 200, Aver_Loss: 1836.4012
Epoch 81/200, Batch 300, Aver_Loss: 1878.3511
Epoch 81/200, Batch 400, Aver_Loss: 1852.5236
[early-stopping] Epoch 81: no improvement (2/20)
Epoch 82/200, Batch 100, Aver_Loss: 1843.1016
Epoch 82/200, Batch 200, Aver_Loss: 1846.5449
Epoch 82/200, Batch 300, Aver_Loss: 1849.5206
Epoch 82/200, Batch 400, Aver_Loss: 1819.7719
[early-stopping] Epoch 82: no improvement (3/20)
Epoch 83/200, Batch 100, Aver_Loss: 1849.3311
Epoch 83/200, Batch 200, Aver_Loss: 1842.6085
Epoch 83/200, Batch 300, Aver_Loss: 1830.1177
Epoch 83/200, Batch 400, Aver_Loss: 1851.1453
[early-stopping] Epoch 83: no improvement (4/20)
Epoch 84/200, Batch 100, Aver_Loss: 1827.9568
Epoch 84/200, Batch 200, Aver_Loss: 1840.4176
Epoch 84/200, Batch 300, Aver_Loss: 1825.1906
Epoch 84/200, Batch 400, Aver_Loss: 1822.0793
[early-stopping] Epoch 84: no improvement (5/20)
Epoch 85/200, Batch 100, Aver_Loss: 1794.3242
Epoch 85/200, Batch 200, Aver_Loss: 1823.7000
Epoch 85/200, Batch 300, Aver_Loss: 1855.4320
Epoch 85/200, Batch 400, Aver_Loss: 1846.7885
[early-stopping] Epoch 85: no improvement (6/20)
Epoch 86/200, Batch 100, Aver_Loss: 1828.0493
Epoch 86/200, Batch 200, Aver_Loss: 1839.0370
Epoch 86/200, Batch 300, Aver_Loss: 1871.8590
Epoch 86/200, Batch 400, Aver_Loss: 1878.4149
[early-stopping] Epoch 86: no improvement (7/20)
Epoch 87/200, Batch 100, Aver_Loss: 1825.2048
Epoch 87/200, Batch 200, Aver_Loss: 1772.2650
Epoch 87/200, Batch 300, Aver_Loss: 1869.5530
Epoch 87/200, Batch 400, Aver_Loss: 1879.0916
[early-stopping] Epoch 87: no improvement (8/20)
Epoch 88/200, Batch 100, Aver_Loss: 1884.0728
Epoch 88/200, Batch 200, Aver_Loss: 1837.3512
Epoch 88/200, Batch 300, Aver_Loss: 1855.3271
Epoch 88/200, Batch 400, Aver_Loss: 1841.2183
[early-stopping] Epoch 88: new best val ELBO = -1834.959174
Epoch 89/200, Batch 100, Aver_Loss: 1872.4540
Epoch 89/200, Batch 200, Aver_Loss: 1842.6128
Epoch 89/200, Batch 300, Aver_Loss: 1817.7083
Epoch 89/200, Batch 400, Aver_Loss: 1880.8843
[early-stopping] Epoch 89: no improvement (1/20)
Epoch 90/200, Batch 100, Aver_Loss: 1839.9961
Epoch 90/200, Batch 200, Aver_Loss: 1827.1292
Epoch 90/200, Batch 300, Aver_Loss: 1832.3278
Epoch 90/200, Batch 400, Aver_Loss: 1845.3784
[early-stopping] Epoch 90: no improvement (2/20)
Epoch 91/200, Batch 100, Aver_Loss: 1851.7799
Epoch 91/200, Batch 200, Aver_Loss: 1868.9377
Epoch 91/200, Batch 300, Aver_Loss: 1828.9030
Epoch 91/200, Batch 400, Aver_Loss: 1825.4348
[early-stopping] Epoch 91: no improvement (3/20)
Epoch 92/200, Batch 100, Aver_Loss: 1857.6163
Epoch 92/200, Batch 200, Aver_Loss: 1851.9028
Epoch 92/200, Batch 300, Aver_Loss: 1890.5775
Epoch 92/200, Batch 400, Aver_Loss: 1865.8622
[early-stopping] Epoch 92: new best val ELBO = -1834.500614
Epoch 93/200, Batch 100, Aver_Loss: 1829.7668
Epoch 93/200, Batch 200, Aver_Loss: 1885.0380
Epoch 93/200, Batch 300, Aver_Loss: 1816.2540
Epoch 93/200, Batch 400, Aver_Loss: 1832.5734
[early-stopping] Epoch 93: no improvement (1/20)
Epoch 94/200, Batch 100, Aver_Loss: 1875.1786
Epoch 94/200, Batch 200, Aver_Loss: 1813.4370
Epoch 94/200, Batch 300, Aver_Loss: 1848.1620
Epoch 94/200, Batch 400, Aver_Loss: 1829.0515
[early-stopping] Epoch 94: no improvement (2/20)
Epoch 95/200, Batch 100, Aver_Loss: 1857.9481
Epoch 95/200, Batch 200, Aver_Loss: 1833.2955
Epoch 95/200, Batch 300, Aver_Loss: 1855.9138
Epoch 95/200, Batch 400, Aver_Loss: 1804.2650
[early-stopping] Epoch 95: no improvement (3/20)
Epoch 96/200, Batch 100, Aver_Loss: 1812.0200
Epoch 96/200, Batch 200, Aver_Loss: 1861.9545
Epoch 96/200, Batch 300, Aver_Loss: 1836.9585
Epoch 96/200, Batch 400, Aver_Loss: 1884.0189
[early-stopping] Epoch 96: no improvement (4/20)
Epoch 97/200, Batch 100, Aver_Loss: 1806.9437
Epoch 97/200, Batch 200, Aver_Loss: 1807.5957
Epoch 97/200, Batch 300, Aver_Loss: 1806.7963
Epoch 97/200, Batch 400, Aver_Loss: 1827.8931
[early-stopping] Epoch 97: no improvement (5/20)
Epoch 98/200, Batch 100, Aver_Loss: 1850.3661
Epoch 98/200, Batch 200, Aver_Loss: 1807.1665
Epoch 98/200, Batch 300, Aver_Loss: 1859.8923
Epoch 98/200, Batch 400, Aver_Loss: 1812.6508
[early-stopping] Epoch 98: no improvement (6/20)
Epoch 99/200, Batch 100, Aver_Loss: 1804.5826
Epoch 99/200, Batch 200, Aver_Loss: 1891.5939
Epoch 99/200, Batch 300, Aver_Loss: 1835.7075
Epoch 99/200, Batch 400, Aver_Loss: 1836.2301
[early-stopping] Epoch 99: no improvement (7/20)
Epoch 100/200, Batch 100, Aver_Loss: 1839.7618
Epoch 100/200, Batch 200, Aver_Loss: 1846.7576
Epoch 100/200, Batch 300, Aver_Loss: 1822.1195
Epoch 100/200, Batch 400, Aver_Loss: 1850.0499
[early-stopping] Epoch 100: new best val ELBO = -1834.484189
Epoch 101/200, Batch 100, Aver_Loss: 1845.2859
Epoch 101/200, Batch 200, Aver_Loss: 1812.1708
Epoch 101/200, Batch 300, Aver_Loss: 1847.3993
Epoch 101/200, Batch 400, Aver_Loss: 1823.8506
[early-stopping] Epoch 101: no improvement (1/20)
Epoch 102/200, Batch 100, Aver_Loss: 1807.7753
Epoch 102/200, Batch 200, Aver_Loss: 1818.2692
Epoch 102/200, Batch 300, Aver_Loss: 1862.9036
Epoch 102/200, Batch 400, Aver_Loss: 1866.6097
[early-stopping] Epoch 102: no improvement (2/20)
Epoch 103/200, Batch 100, Aver_Loss: 1843.1908
Epoch 103/200, Batch 200, Aver_Loss: 1877.7435
Epoch 103/200, Batch 300, Aver_Loss: 1813.0928
Epoch 103/200, Batch 400, Aver_Loss: 1839.1239
[early-stopping] Epoch 103: no improvement (3/20)
Epoch 104/200, Batch 100, Aver_Loss: 1819.5798
Epoch 104/200, Batch 200, Aver_Loss: 1850.6677
Epoch 104/200, Batch 300, Aver_Loss: 1820.7517
Epoch 104/200, Batch 400, Aver_Loss: 1823.5922
[early-stopping] Epoch 104: no improvement (4/20)
Epoch 105/200, Batch 100, Aver_Loss: 1824.8806
Epoch 105/200, Batch 200, Aver_Loss: 1853.5776
Epoch 105/200, Batch 300, Aver_Loss: 1863.9749
Epoch 105/200, Batch 400, Aver_Loss: 1831.3657
[early-stopping] Epoch 105: no improvement (5/20)
Epoch 106/200, Batch 100, Aver_Loss: 1837.5681
Epoch 106/200, Batch 200, Aver_Loss: 1843.2085
Epoch 106/200, Batch 300, Aver_Loss: 1831.7029
Epoch 106/200, Batch 400, Aver_Loss: 1823.9186
[early-stopping] Epoch 106: new best val ELBO = -1834.476189
Epoch 107/200, Batch 100, Aver_Loss: 1823.9214
Epoch 107/200, Batch 200, Aver_Loss: 1825.1630
Epoch 107/200, Batch 300, Aver_Loss: 1853.0157
Epoch 107/200, Batch 400, Aver_Loss: 1824.5676
[early-stopping] Epoch 107: no improvement (1/20)
Epoch 108/200, Batch 100, Aver_Loss: 1820.9425
Epoch 108/200, Batch 200, Aver_Loss: 1855.9451
Epoch 108/200, Batch 300, Aver_Loss: 1793.5391
Epoch 108/200, Batch 400, Aver_Loss: 1871.0497
[early-stopping] Epoch 108: new best val ELBO = -1833.732118
Epoch 109/200, Batch 100, Aver_Loss: 1829.7712
Epoch 109/200, Batch 200, Aver_Loss: 1831.0297
Epoch 109/200, Batch 300, Aver_Loss: 1815.8979
Epoch 109/200, Batch 400, Aver_Loss: 1859.1190
[early-stopping] Epoch 109: no improvement (1/20)
Epoch 110/200, Batch 100, Aver_Loss: 1859.6332
Epoch 110/200, Batch 200, Aver_Loss: 1849.7418
Epoch 110/200, Batch 300, Aver_Loss: 1873.4381
Epoch 110/200, Batch 400, Aver_Loss: 1828.0369
[early-stopping] Epoch 110: no improvement (2/20)
Epoch 111/200, Batch 100, Aver_Loss: 1843.9542
Epoch 111/200, Batch 200, Aver_Loss: 1836.1012
Epoch 111/200, Batch 300, Aver_Loss: 1852.0156
Epoch 111/200, Batch 400, Aver_Loss: 1816.4028
[early-stopping] Epoch 111: no improvement (3/20)
Epoch 112/200, Batch 100, Aver_Loss: 1853.8154
Epoch 112/200, Batch 200, Aver_Loss: 1868.6571
Epoch 112/200, Batch 300, Aver_Loss: 1859.5923
Epoch 112/200, Batch 400, Aver_Loss: 1831.8406
[early-stopping] Epoch 112: no improvement (4/20)
Epoch 113/200, Batch 100, Aver_Loss: 1846.1641
Epoch 113/200, Batch 200, Aver_Loss: 1828.8619
Epoch 113/200, Batch 300, Aver_Loss: 1853.7358
Epoch 113/200, Batch 400, Aver_Loss: 1846.1030
[early-stopping] Epoch 113: no improvement (5/20)
Epoch 114/200, Batch 100, Aver_Loss: 1830.5631
Epoch 114/200, Batch 200, Aver_Loss: 1845.6409
Epoch 114/200, Batch 300, Aver_Loss: 1833.6973
Epoch 114/200, Batch 400, Aver_Loss: 1827.7029
[early-stopping] Epoch 114: no improvement (6/20)
Epoch 115/200, Batch 100, Aver_Loss: 1820.6300
Epoch 115/200, Batch 200, Aver_Loss: 1841.6357
Epoch 115/200, Batch 300, Aver_Loss: 1853.8226
Epoch 115/200, Batch 400, Aver_Loss: 1818.7792
[early-stopping] Epoch 115: no improvement (7/20)
Epoch 116/200, Batch 100, Aver_Loss: 1831.6604
Epoch 116/200, Batch 200, Aver_Loss: 1847.6737
Epoch 116/200, Batch 300, Aver_Loss: 1834.2926
Epoch 116/200, Batch 400, Aver_Loss: 1821.1567
[early-stopping] Epoch 116: no improvement (8/20)
Epoch 117/200, Batch 100, Aver_Loss: 1823.9576
Epoch 117/200, Batch 200, Aver_Loss: 1841.9672
Epoch 117/200, Batch 300, Aver_Loss: 1843.8167
Epoch 117/200, Batch 400, Aver_Loss: 1813.6947
[early-stopping] Epoch 117: no improvement (9/20)
Epoch 118/200, Batch 100, Aver_Loss: 1827.2719
Epoch 118/200, Batch 200, Aver_Loss: 1867.1890
Epoch 118/200, Batch 300, Aver_Loss: 1833.8119
Epoch 118/200, Batch 400, Aver_Loss: 1827.2920
[early-stopping] Epoch 118: no improvement (10/20)
Epoch 119/200, Batch 100, Aver_Loss: 1862.5376
Epoch 119/200, Batch 200, Aver_Loss: 1828.5421
Epoch 119/200, Batch 300, Aver_Loss: 1832.9884
Epoch 119/200, Batch 400, Aver_Loss: 1791.1340
[early-stopping] Epoch 119: no improvement (11/20)
Epoch 120/200, Batch 100, Aver_Loss: 1798.6123
Epoch 120/200, Batch 200, Aver_Loss: 1877.2552
Epoch 120/200, Batch 300, Aver_Loss: 1843.4158
Epoch 120/200, Batch 400, Aver_Loss: 1821.4745
[early-stopping] Epoch 120: no improvement (12/20)
Epoch 121/200, Batch 100, Aver_Loss: 1844.8468
Epoch 121/200, Batch 200, Aver_Loss: 1806.7642
Epoch 121/200, Batch 300, Aver_Loss: 1837.8657
Epoch 121/200, Batch 400, Aver_Loss: 1875.4877
[early-stopping] Epoch 121: no improvement (13/20)
Epoch 122/200, Batch 100, Aver_Loss: 1841.5844
Epoch 122/200, Batch 200, Aver_Loss: 1888.8661
Epoch 122/200, Batch 300, Aver_Loss: 1842.1404
Epoch 122/200, Batch 400, Aver_Loss: 1839.5363
[early-stopping] Epoch 122: no improvement (14/20)
Epoch 123/200, Batch 100, Aver_Loss: 1823.7100
Epoch 123/200, Batch 200, Aver_Loss: 1806.9333
Epoch 123/200, Batch 300, Aver_Loss: 1823.6493
Epoch 123/200, Batch 400, Aver_Loss: 1828.0215
[early-stopping] Epoch 123: no improvement (15/20)
Epoch 124/200, Batch 100, Aver_Loss: 1863.5576
Epoch 124/200, Batch 200, Aver_Loss: 1839.8829
Epoch 124/200, Batch 300, Aver_Loss: 1813.9484
Epoch 124/200, Batch 400, Aver_Loss: 1849.1256
[early-stopping] Epoch 124: no improvement (16/20)
Epoch 125/200, Batch 100, Aver_Loss: 1819.5168
Epoch 125/200, Batch 200, Aver_Loss: 1800.9771
Epoch 125/200, Batch 300, Aver_Loss: 1838.4088
Epoch 125/200, Batch 400, Aver_Loss: 1871.4254
[early-stopping] Epoch 125: no improvement (17/20)
Epoch 126/200, Batch 100, Aver_Loss: 1801.6791
Epoch 126/200, Batch 200, Aver_Loss: 1807.6715
Epoch 126/200, Batch 300, Aver_Loss: 1865.0331
Epoch 126/200, Batch 400, Aver_Loss: 1819.2589
[early-stopping] Epoch 126: no improvement (18/20)
Epoch 127/200, Batch 100, Aver_Loss: 1831.2953
Epoch 127/200, Batch 200, Aver_Loss: 1838.1927
Epoch 127/200, Batch 300, Aver_Loss: 1823.9918
Epoch 127/200, Batch 400, Aver_Loss: 1819.2980
[early-stopping] Epoch 127: no improvement (19/20)
Epoch 128/200, Batch 100, Aver_Loss: 1851.3042
Epoch 128/200, Batch 200, Aver_Loss: 1872.5927
Epoch 128/200, Batch 300, Aver_Loss: 1822.5265
Epoch 128/200, Batch 400, Aver_Loss: 1849.9115
[early-stopping] Epoch 128: new best val ELBO = -1833.402103
Epoch 129/200, Batch 100, Aver_Loss: 1844.4941
Epoch 129/200, Batch 200, Aver_Loss: 1837.7233
Epoch 129/200, Batch 300, Aver_Loss: 1851.3737
Epoch 129/200, Batch 400, Aver_Loss: 1800.6123
[early-stopping] Epoch 129: no improvement (1/20)
Epoch 130/200, Batch 100, Aver_Loss: 1838.1107
Epoch 130/200, Batch 200, Aver_Loss: 1835.7983
Epoch 130/200, Batch 300, Aver_Loss: 1886.1703
Epoch 130/200, Batch 400, Aver_Loss: 1844.7324
[early-stopping] Epoch 130: no improvement (2/20)
Epoch 131/200, Batch 100, Aver_Loss: 1832.3934
Epoch 131/200, Batch 200, Aver_Loss: 1844.8105
Epoch 131/200, Batch 300, Aver_Loss: 1790.4889
Epoch 131/200, Batch 400, Aver_Loss: 1745.0037
[early-stopping] Epoch 131: no improvement (3/20)
Epoch 132/200, Batch 100, Aver_Loss: 1787.2853
Epoch 132/200, Batch 200, Aver_Loss: 1817.8590
Epoch 132/200, Batch 300, Aver_Loss: 1795.8015
Epoch 132/200, Batch 400, Aver_Loss: 1765.6123
[early-stopping] Epoch 132: no improvement (4/20)
Epoch 133/200, Batch 100, Aver_Loss: 1849.5957
Epoch 133/200, Batch 200, Aver_Loss: 1826.2692
Epoch 133/200, Batch 300, Aver_Loss: 1786.7645
Epoch 133/200, Batch 400, Aver_Loss: 1848.5237
[early-stopping] Epoch 133: no improvement (5/20)
Epoch 134/200, Batch 100, Aver_Loss: 1820.5242
Epoch 134/200, Batch 200, Aver_Loss: 1819.7952
Epoch 134/200, Batch 300, Aver_Loss: 1859.0621
Epoch 134/200, Batch 400, Aver_Loss: 1843.5251
[early-stopping] Epoch 134: no improvement (6/20)
Epoch 135/200, Batch 100, Aver_Loss: 1883.1804
Epoch 135/200, Batch 200, Aver_Loss: 1783.0228
Epoch 135/200, Batch 300, Aver_Loss: 1811.3217
Epoch 135/200, Batch 400, Aver_Loss: 1862.0514
[early-stopping] Epoch 135: no improvement (7/20)
Epoch 136/200, Batch 100, Aver_Loss: 1870.4749
Epoch 136/200, Batch 200, Aver_Loss: 1834.0525
Epoch 136/200, Batch 300, Aver_Loss: 1870.1965
Epoch 136/200, Batch 400, Aver_Loss: 1831.4143
[early-stopping] Epoch 136: no improvement (8/20)
Epoch 137/200, Batch 100, Aver_Loss: 1786.7585
Epoch 137/200, Batch 200, Aver_Loss: 1831.5537
Epoch 137/200, Batch 300, Aver_Loss: 1832.0664
Epoch 137/200, Batch 400, Aver_Loss: 1845.5117
[early-stopping] Epoch 137: no improvement (9/20)
Epoch 138/200, Batch 100, Aver_Loss: 1827.7162
Epoch 138/200, Batch 200, Aver_Loss: 1834.5438
Epoch 138/200, Batch 300, Aver_Loss: 1833.0260
Epoch 138/200, Batch 400, Aver_Loss: 1836.6248
[early-stopping] Epoch 138: no improvement (10/20)
Epoch 139/200, Batch 100, Aver_Loss: 1849.6445
Epoch 139/200, Batch 200, Aver_Loss: 1835.4454
Epoch 139/200, Batch 300, Aver_Loss: 1829.8284
Epoch 139/200, Batch 400, Aver_Loss: 1811.3086
[early-stopping] Epoch 139: no improvement (11/20)
Epoch 140/200, Batch 100, Aver_Loss: 1886.8114
Epoch 140/200, Batch 200, Aver_Loss: 1784.5775
Epoch 140/200, Batch 300, Aver_Loss: 1807.7639
Epoch 140/200, Batch 400, Aver_Loss: 1842.7938
[early-stopping] Epoch 140: no improvement (12/20)
Epoch 141/200, Batch 100, Aver_Loss: 1850.8047
Epoch 141/200, Batch 200, Aver_Loss: 1864.6222
Epoch 141/200, Batch 300, Aver_Loss: 1851.9362
Epoch 141/200, Batch 400, Aver_Loss: 1789.4929
[early-stopping] Epoch 141: no improvement (13/20)
Epoch 142/200, Batch 100, Aver_Loss: 1818.8940
Epoch 142/200, Batch 200, Aver_Loss: 1829.8658
Epoch 142/200, Batch 300, Aver_Loss: 1817.9135
Epoch 142/200, Batch 400, Aver_Loss: 1822.1782
[early-stopping] Epoch 142: no improvement (14/20)
Epoch 143/200, Batch 100, Aver_Loss: 1800.6549
Epoch 143/200, Batch 200, Aver_Loss: 1839.0413
Epoch 143/200, Batch 300, Aver_Loss: 1877.6189
Epoch 143/200, Batch 400, Aver_Loss: 1848.7441
[early-stopping] Epoch 143: no improvement (15/20)
Epoch 144/200, Batch 100, Aver_Loss: 1851.3864
Epoch 144/200, Batch 200, Aver_Loss: 1842.0229
Epoch 144/200, Batch 300, Aver_Loss: 1816.8123
Epoch 144/200, Batch 400, Aver_Loss: 1862.0179
[early-stopping] Epoch 144: no improvement (16/20)
Epoch 145/200, Batch 100, Aver_Loss: 1880.4897
Epoch 145/200, Batch 200, Aver_Loss: 1878.0977
Epoch 145/200, Batch 300, Aver_Loss: 1841.1897
Epoch 145/200, Batch 400, Aver_Loss: 1851.2856
[early-stopping] Epoch 145: no improvement (17/20)
Epoch 146/200, Batch 100, Aver_Loss: 1805.9451
Epoch 146/200, Batch 200, Aver_Loss: 1851.9034
Epoch 146/200, Batch 300, Aver_Loss: 1830.3945
Epoch 146/200, Batch 400, Aver_Loss: 1813.5203
[early-stopping] Epoch 146: no improvement (18/20)
Epoch 147/200, Batch 100, Aver_Loss: 1829.0909
Epoch 147/200, Batch 200, Aver_Loss: 1808.9282
Epoch 147/200, Batch 300, Aver_Loss: 1821.0410
Epoch 147/200, Batch 400, Aver_Loss: 1806.8424
[early-stopping] Epoch 147: no improvement (19/20)
Epoch 148/200, Batch 100, Aver_Loss: 1853.5142
Epoch 148/200, Batch 200, Aver_Loss: 1813.9844
Epoch 148/200, Batch 300, Aver_Loss: 1843.5143
Epoch 148/200, Batch 400, Aver_Loss: 1828.2544
[early-stopping] Epoch 148: no improvement (20/20)
[early-stopping] Patience reached. Stopping at epoch 148. Best epoch: 128, best val ELBO: -1833.402103
[early-stopping] Loaded best model from epoch 128 (val ELBO = -1833.402103)
[checkpoint] Saved best model to: trained_parameters/cifar10_zdim32_MVAE.pkl
[saved curves] ./results/CIFAR10/curves/cifar10_mvae_d32_s777.json

==== Evaluation Summary ====
                 model: mvae
   recon/mse_per_pixel: 0.015182
            elbo/train: -1832.623558
             elbo/test: -1833.344698
             mse/train: 0.014945
              mse/test: 0.015182
             probe/acc: 0.375167
             probe/nll: 1.790076
           probe/brier: 0.761934
             probe/ece: 0.027448
           cluster/nmi: 0.117804
           cluster/ari: 0.070045
============================

