/usr/bin/which: no fi_info in (/arf/home/meyavuz/.local/bin:/arf/sw/comp/python/intelpython3/condabin:/arf/sw/comp/python/intelpython3/bin:/usr/share/Modules/bin:/usr/local/bin:/usr/bin:/usr/local/sbin:/usr/sbin)
Extension for Scikit-learn* enabled (https://github.com/uxlfoundation/scikit-learn-intelex)
/arf/home/meyavuz/.conda/envs/sbn/lib/python3.9/site-packages/sklearn/linear_model/_logistic.py:1247: FutureWarning: 'multi_class' was deprecated in version 1.5 and will be removed in 1.7. From then on, it will always use 'multinomial'. Leave it to its default value to avoid this warning.
  warnings.warn(
/arf/home/meyavuz/.conda/envs/sbn/lib/python3.9/site-packages/sklearn/linear_model/_sag.py:348: ConvergenceWarning: The max_iter was reached which means the coef_ did not converge
  warnings.warn(
Epoch 1/200, Batch 100, Aver_Loss: 1986.1016
Epoch 1/200, Batch 200, Aver_Loss: 1971.6713
Epoch 1/200, Batch 300, Aver_Loss: 1893.4166
Epoch 1/200, Batch 400, Aver_Loss: 1903.3959
[early-stopping] Epoch 1: new best val ELBO = -1893.358486
Epoch 2/200, Batch 100, Aver_Loss: 1853.3147
Epoch 2/200, Batch 200, Aver_Loss: 1861.6354
Epoch 2/200, Batch 300, Aver_Loss: 1873.2487
Epoch 2/200, Batch 400, Aver_Loss: 1896.4042
[early-stopping] Epoch 2: new best val ELBO = -1848.679104
Epoch 3/200, Batch 100, Aver_Loss: 1864.1066
Epoch 3/200, Batch 200, Aver_Loss: 1859.3279
Epoch 3/200, Batch 300, Aver_Loss: 1821.1418
Epoch 3/200, Batch 400, Aver_Loss: 1837.0109
[early-stopping] Epoch 3: new best val ELBO = -1831.046969
Epoch 4/200, Batch 100, Aver_Loss: 1800.8254
Epoch 4/200, Batch 200, Aver_Loss: 1846.2062
Epoch 4/200, Batch 300, Aver_Loss: 1854.2235
Epoch 4/200, Batch 400, Aver_Loss: 1840.1123
[early-stopping] Epoch 4: no improvement (1/20)
Epoch 5/200, Batch 100, Aver_Loss: 1820.8240
Epoch 5/200, Batch 200, Aver_Loss: 1875.5387
Epoch 5/200, Batch 300, Aver_Loss: 1850.9456
Epoch 5/200, Batch 400, Aver_Loss: 1862.2786
[early-stopping] Epoch 5: new best val ELBO = -1813.419231
Epoch 6/200, Batch 100, Aver_Loss: 1815.8872
Epoch 6/200, Batch 200, Aver_Loss: 1829.0778
Epoch 6/200, Batch 300, Aver_Loss: 1803.3599
Epoch 6/200, Batch 400, Aver_Loss: 1844.3702
[early-stopping] Epoch 6: new best val ELBO = -1809.107642
Epoch 7/200, Batch 100, Aver_Loss: 1811.1787
Epoch 7/200, Batch 200, Aver_Loss: 1788.1223
Epoch 7/200, Batch 300, Aver_Loss: 1793.8424
Epoch 7/200, Batch 400, Aver_Loss: 1812.3812
[early-stopping] Epoch 7: no improvement (1/20)
Epoch 8/200, Batch 100, Aver_Loss: 1839.5470
Epoch 8/200, Batch 200, Aver_Loss: 1858.3140
Epoch 8/200, Batch 300, Aver_Loss: 1814.5826
Epoch 8/200, Batch 400, Aver_Loss: 1810.0001
[early-stopping] Epoch 8: no improvement (2/20)
Epoch 9/200, Batch 100, Aver_Loss: 1810.3217
Epoch 9/200, Batch 200, Aver_Loss: 1851.2642
Epoch 9/200, Batch 300, Aver_Loss: 1793.8442
Epoch 9/200, Batch 400, Aver_Loss: 1763.8934
[early-stopping] Epoch 9: no improvement (3/20)
Epoch 10/200, Batch 100, Aver_Loss: 1821.2451
Epoch 10/200, Batch 200, Aver_Loss: 1799.7234
Epoch 10/200, Batch 300, Aver_Loss: 1782.4991
Epoch 10/200, Batch 400, Aver_Loss: 1816.6423
[early-stopping] Epoch 10: no improvement (4/20)
Epoch 11/200, Batch 100, Aver_Loss: 1835.6754
Epoch 11/200, Batch 200, Aver_Loss: 1795.0840
Epoch 11/200, Batch 300, Aver_Loss: 1777.1805
Epoch 11/200, Batch 400, Aver_Loss: 1811.6497
[early-stopping] Epoch 11: new best val ELBO = -1801.459666
Epoch 12/200, Batch 100, Aver_Loss: 1812.8911
Epoch 12/200, Batch 200, Aver_Loss: 1833.7885
Epoch 12/200, Batch 300, Aver_Loss: 1813.9327
Epoch 12/200, Batch 400, Aver_Loss: 1818.8768
[early-stopping] Epoch 12: no improvement (1/20)
Epoch 13/200, Batch 100, Aver_Loss: 1812.4929
Epoch 13/200, Batch 200, Aver_Loss: 1830.4326
Epoch 13/200, Batch 300, Aver_Loss: 1841.2941
Epoch 13/200, Batch 400, Aver_Loss: 1794.5221
[early-stopping] Epoch 13: no improvement (2/20)
Epoch 14/200, Batch 100, Aver_Loss: 1824.5236
Epoch 14/200, Batch 200, Aver_Loss: 1831.1350
Epoch 14/200, Batch 300, Aver_Loss: 1805.5114
Epoch 14/200, Batch 400, Aver_Loss: 1859.2916
[early-stopping] Epoch 14: new best val ELBO = -1796.254652
Epoch 15/200, Batch 100, Aver_Loss: 1794.4115
Epoch 15/200, Batch 200, Aver_Loss: 1760.2579
Epoch 15/200, Batch 300, Aver_Loss: 1770.1921
Epoch 15/200, Batch 400, Aver_Loss: 1800.3478
[early-stopping] Epoch 15: no improvement (1/20)
Epoch 16/200, Batch 100, Aver_Loss: 1812.6759
Epoch 16/200, Batch 200, Aver_Loss: 1802.9176
Epoch 16/200, Batch 300, Aver_Loss: 1799.3276
Epoch 16/200, Batch 400, Aver_Loss: 1800.9287
[early-stopping] Epoch 16: new best val ELBO = -1792.835746
Epoch 17/200, Batch 100, Aver_Loss: 1815.8833
Epoch 17/200, Batch 200, Aver_Loss: 1798.7134
Epoch 17/200, Batch 300, Aver_Loss: 1791.6324
Epoch 17/200, Batch 400, Aver_Loss: 1782.3020
[early-stopping] Epoch 17: no improvement (1/20)
Epoch 18/200, Batch 100, Aver_Loss: 1769.1625
Epoch 18/200, Batch 200, Aver_Loss: 1761.8069
Epoch 18/200, Batch 300, Aver_Loss: 1793.9487
Epoch 18/200, Batch 400, Aver_Loss: 1808.5912
[early-stopping] Epoch 18: no improvement (2/20)
Epoch 19/200, Batch 100, Aver_Loss: 1802.5626
Epoch 19/200, Batch 200, Aver_Loss: 1794.5553
Epoch 19/200, Batch 300, Aver_Loss: 1820.8134
Epoch 19/200, Batch 400, Aver_Loss: 1795.7994
[early-stopping] Epoch 19: no improvement (3/20)
Epoch 20/200, Batch 100, Aver_Loss: 1827.7507
Epoch 20/200, Batch 200, Aver_Loss: 1783.8179
Epoch 20/200, Batch 300, Aver_Loss: 1771.0809
Epoch 20/200, Batch 400, Aver_Loss: 1798.4386
[early-stopping] Epoch 20: no improvement (4/20)
Epoch 21/200, Batch 100, Aver_Loss: 1855.7603
Epoch 21/200, Batch 200, Aver_Loss: 1764.0176
Epoch 21/200, Batch 300, Aver_Loss: 1748.6329
Epoch 21/200, Batch 400, Aver_Loss: 1888.0056
[early-stopping] Epoch 21: new best val ELBO = -1791.642716
Epoch 22/200, Batch 100, Aver_Loss: 1762.2640
Epoch 22/200, Batch 200, Aver_Loss: 1765.3824
Epoch 22/200, Batch 300, Aver_Loss: 1841.8711
Epoch 22/200, Batch 400, Aver_Loss: 1775.9509
[early-stopping] Epoch 22: no improvement (1/20)
Epoch 23/200, Batch 100, Aver_Loss: 1796.2233
Epoch 23/200, Batch 200, Aver_Loss: 1805.3156
Epoch 23/200, Batch 300, Aver_Loss: 1761.2635
Epoch 23/200, Batch 400, Aver_Loss: 1798.0375
[early-stopping] Epoch 23: no improvement (2/20)
Epoch 24/200, Batch 100, Aver_Loss: 1748.0601
Epoch 24/200, Batch 200, Aver_Loss: 1803.3455
Epoch 24/200, Batch 300, Aver_Loss: 1815.2037
Epoch 24/200, Batch 400, Aver_Loss: 1783.4919
[early-stopping] Epoch 24: no improvement (3/20)
Epoch 25/200, Batch 100, Aver_Loss: 1801.5822
Epoch 25/200, Batch 200, Aver_Loss: 1780.9565
Epoch 25/200, Batch 300, Aver_Loss: 1793.0828
Epoch 25/200, Batch 400, Aver_Loss: 1777.4690
[early-stopping] Epoch 25: new best val ELBO = -1788.350394
Epoch 26/200, Batch 100, Aver_Loss: 1788.6285
Epoch 26/200, Batch 200, Aver_Loss: 1752.6052
Epoch 26/200, Batch 300, Aver_Loss: 1812.8217
Epoch 26/200, Batch 400, Aver_Loss: 1766.4110
[early-stopping] Epoch 26: no improvement (1/20)
Epoch 27/200, Batch 100, Aver_Loss: 1764.5861
Epoch 27/200, Batch 200, Aver_Loss: 1764.1184
Epoch 27/200, Batch 300, Aver_Loss: 1777.4373
Epoch 27/200, Batch 400, Aver_Loss: 1863.2668
[early-stopping] Epoch 27: no improvement (2/20)
Epoch 28/200, Batch 100, Aver_Loss: 1795.8804
Epoch 28/200, Batch 200, Aver_Loss: 1777.8342
Epoch 28/200, Batch 300, Aver_Loss: 1804.8452
Epoch 28/200, Batch 400, Aver_Loss: 1752.8645
[early-stopping] Epoch 28: no improvement (3/20)
Epoch 29/200, Batch 100, Aver_Loss: 1761.8990
Epoch 29/200, Batch 200, Aver_Loss: 1795.1604
Epoch 29/200, Batch 300, Aver_Loss: 1738.5812
Epoch 29/200, Batch 400, Aver_Loss: 1805.2876
[early-stopping] Epoch 29: new best val ELBO = -1787.748707
Epoch 30/200, Batch 100, Aver_Loss: 1775.5845
Epoch 30/200, Batch 200, Aver_Loss: 1815.2509
Epoch 30/200, Batch 300, Aver_Loss: 1809.5278
Epoch 30/200, Batch 400, Aver_Loss: 1852.0396
[early-stopping] Epoch 30: new best val ELBO = -1786.610944
Epoch 31/200, Batch 100, Aver_Loss: 1840.3179
Epoch 31/200, Batch 200, Aver_Loss: 1788.1470
Epoch 31/200, Batch 300, Aver_Loss: 1760.9510
Epoch 31/200, Batch 400, Aver_Loss: 1781.5208
[early-stopping] Epoch 31: no improvement (1/20)
Epoch 32/200, Batch 100, Aver_Loss: 1777.1141
Epoch 32/200, Batch 200, Aver_Loss: 1823.4906
Epoch 32/200, Batch 300, Aver_Loss: 1800.8195
Epoch 32/200, Batch 400, Aver_Loss: 1777.9561
[early-stopping] Epoch 32: no improvement (2/20)
Epoch 33/200, Batch 100, Aver_Loss: 1775.8462
Epoch 33/200, Batch 200, Aver_Loss: 1809.7252
Epoch 33/200, Batch 300, Aver_Loss: 1819.9436
Epoch 33/200, Batch 400, Aver_Loss: 1748.1272
[early-stopping] Epoch 33: no improvement (3/20)
Epoch 34/200, Batch 100, Aver_Loss: 1765.9276
Epoch 34/200, Batch 200, Aver_Loss: 1753.1638
Epoch 34/200, Batch 300, Aver_Loss: 1705.0302
Epoch 34/200, Batch 400, Aver_Loss: 1827.6066
[early-stopping] Epoch 34: no improvement (4/20)
Epoch 35/200, Batch 100, Aver_Loss: 1793.7131
Epoch 35/200, Batch 200, Aver_Loss: 1800.0673
Epoch 35/200, Batch 300, Aver_Loss: 1785.0249
Epoch 35/200, Batch 400, Aver_Loss: 1778.1577
[early-stopping] Epoch 35: no improvement (5/20)
Epoch 36/200, Batch 100, Aver_Loss: 1791.7358
Epoch 36/200, Batch 200, Aver_Loss: 1796.1205
Epoch 36/200, Batch 300, Aver_Loss: 1794.9490
Epoch 36/200, Batch 400, Aver_Loss: 1788.5002
[early-stopping] Epoch 36: no improvement (6/20)
Epoch 37/200, Batch 100, Aver_Loss: 1809.0935
Epoch 37/200, Batch 200, Aver_Loss: 1820.2472
Epoch 37/200, Batch 300, Aver_Loss: 1740.0178
Epoch 37/200, Batch 400, Aver_Loss: 1758.2401
[early-stopping] Epoch 37: new best val ELBO = -1784.869628
Epoch 38/200, Batch 100, Aver_Loss: 1853.4213
Epoch 38/200, Batch 200, Aver_Loss: 1747.0818
Epoch 38/200, Batch 300, Aver_Loss: 1752.7611
Epoch 38/200, Batch 400, Aver_Loss: 1751.5881
[early-stopping] Epoch 38: no improvement (1/20)
Epoch 39/200, Batch 100, Aver_Loss: 1787.5962
Epoch 39/200, Batch 200, Aver_Loss: 1812.6167
Epoch 39/200, Batch 300, Aver_Loss: 1789.6512
Epoch 39/200, Batch 400, Aver_Loss: 1825.0175
[early-stopping] Epoch 39: new best val ELBO = -1784.715313
Epoch 40/200, Batch 100, Aver_Loss: 1819.9401
Epoch 40/200, Batch 200, Aver_Loss: 1746.3151
Epoch 40/200, Batch 300, Aver_Loss: 1820.1190
Epoch 40/200, Batch 400, Aver_Loss: 1832.6997
[early-stopping] Epoch 40: no improvement (1/20)
Epoch 41/200, Batch 100, Aver_Loss: 1771.7273
Epoch 41/200, Batch 200, Aver_Loss: 1767.1819
Epoch 41/200, Batch 300, Aver_Loss: 1786.7262
Epoch 41/200, Batch 400, Aver_Loss: 1774.5957
[early-stopping] Epoch 41: no improvement (2/20)
Epoch 42/200, Batch 100, Aver_Loss: 1736.8348
Epoch 42/200, Batch 200, Aver_Loss: 1721.6178
Epoch 42/200, Batch 300, Aver_Loss: 1835.7173
Epoch 42/200, Batch 400, Aver_Loss: 1807.6146
[early-stopping] Epoch 42: no improvement (3/20)
Epoch 43/200, Batch 100, Aver_Loss: 1751.1934
Epoch 43/200, Batch 200, Aver_Loss: 1809.3594
Epoch 43/200, Batch 300, Aver_Loss: 1791.4738
Epoch 43/200, Batch 400, Aver_Loss: 1775.8580
[early-stopping] Epoch 43: new best val ELBO = -1783.061700
Epoch 44/200, Batch 100, Aver_Loss: 1845.6228
Epoch 44/200, Batch 200, Aver_Loss: 1789.3561
Epoch 44/200, Batch 300, Aver_Loss: 1766.6152
Epoch 44/200, Batch 400, Aver_Loss: 1794.5771
[early-stopping] Epoch 44: no improvement (1/20)
Epoch 45/200, Batch 100, Aver_Loss: 1737.1072
Epoch 45/200, Batch 200, Aver_Loss: 1764.8774
Epoch 45/200, Batch 300, Aver_Loss: 1789.2631
Epoch 45/200, Batch 400, Aver_Loss: 1787.1553
[early-stopping] Epoch 45: no improvement (2/20)
Epoch 46/200, Batch 100, Aver_Loss: 1774.7227
Epoch 46/200, Batch 200, Aver_Loss: 1780.1073
Epoch 46/200, Batch 300, Aver_Loss: 1814.4880
Epoch 46/200, Batch 400, Aver_Loss: 1759.8442
[early-stopping] Epoch 46: no improvement (3/20)
Epoch 47/200, Batch 100, Aver_Loss: 1841.5988
Epoch 47/200, Batch 200, Aver_Loss: 1821.0134
Epoch 47/200, Batch 300, Aver_Loss: 1813.3416
Epoch 47/200, Batch 400, Aver_Loss: 1760.7509
[early-stopping] Epoch 47: new best val ELBO = -1781.358486
Epoch 48/200, Batch 100, Aver_Loss: 1790.3513
Epoch 48/200, Batch 200, Aver_Loss: 1778.9490
Epoch 48/200, Batch 300, Aver_Loss: 1808.0718
Epoch 48/200, Batch 400, Aver_Loss: 1797.9504
[early-stopping] Epoch 48: no improvement (1/20)
Epoch 49/200, Batch 100, Aver_Loss: 1810.3820
Epoch 49/200, Batch 200, Aver_Loss: 1821.1492
Epoch 49/200, Batch 300, Aver_Loss: 1816.3031
Epoch 49/200, Batch 400, Aver_Loss: 1796.7896
[early-stopping] Epoch 49: no improvement (2/20)
Epoch 50/200, Batch 100, Aver_Loss: 1802.6050
Epoch 50/200, Batch 200, Aver_Loss: 1766.9510
Epoch 50/200, Batch 300, Aver_Loss: 1781.0499
Epoch 50/200, Batch 400, Aver_Loss: 1787.7753
[early-stopping] Epoch 50: no improvement (3/20)
Epoch 51/200, Batch 100, Aver_Loss: 1715.3599
Epoch 51/200, Batch 200, Aver_Loss: 1774.0247
Epoch 51/200, Batch 300, Aver_Loss: 1854.0503
Epoch 51/200, Batch 400, Aver_Loss: 1822.1777
[early-stopping] Epoch 51: no improvement (4/20)
Epoch 52/200, Batch 100, Aver_Loss: 1784.9075
Epoch 52/200, Batch 200, Aver_Loss: 1815.5123
Epoch 52/200, Batch 300, Aver_Loss: 1761.5620
Epoch 52/200, Batch 400, Aver_Loss: 1813.7280
[early-stopping] Epoch 52: no improvement (5/20)
Epoch 53/200, Batch 100, Aver_Loss: 1777.6958
Epoch 53/200, Batch 200, Aver_Loss: 1766.0303
Epoch 53/200, Batch 300, Aver_Loss: 1792.3123
Epoch 53/200, Batch 400, Aver_Loss: 1729.3264
[early-stopping] Epoch 53: no improvement (6/20)
Epoch 54/200, Batch 100, Aver_Loss: 1771.4036
Epoch 54/200, Batch 200, Aver_Loss: 1825.4963
Epoch 54/200, Batch 300, Aver_Loss: 1740.9048
Epoch 54/200, Batch 400, Aver_Loss: 1784.0320
[early-stopping] Epoch 54: no improvement (7/20)
Epoch 55/200, Batch 100, Aver_Loss: 1789.8030
Epoch 55/200, Batch 200, Aver_Loss: 1786.3381
Epoch 55/200, Batch 300, Aver_Loss: 1831.0269
Epoch 55/200, Batch 400, Aver_Loss: 1754.3116
[early-stopping] Epoch 55: no improvement (8/20)
Epoch 56/200, Batch 100, Aver_Loss: 1833.7220
Epoch 56/200, Batch 200, Aver_Loss: 1775.3898
Epoch 56/200, Batch 300, Aver_Loss: 1822.0221
Epoch 56/200, Batch 400, Aver_Loss: 1789.6044
[early-stopping] Epoch 56: no improvement (9/20)
Epoch 57/200, Batch 100, Aver_Loss: 1784.7579
Epoch 57/200, Batch 200, Aver_Loss: 1761.0033
Epoch 57/200, Batch 300, Aver_Loss: 1757.3130
Epoch 57/200, Batch 400, Aver_Loss: 1796.8173
[early-stopping] Epoch 57: no improvement (10/20)
Epoch 58/200, Batch 100, Aver_Loss: 1801.0375
Epoch 58/200, Batch 200, Aver_Loss: 1838.7657
Epoch 58/200, Batch 300, Aver_Loss: 1774.1006
Epoch 58/200, Batch 400, Aver_Loss: 1815.9729
[early-stopping] Epoch 58: no improvement (11/20)
Epoch 59/200, Batch 100, Aver_Loss: 1816.1532
Epoch 59/200, Batch 200, Aver_Loss: 1828.3556
Epoch 59/200, Batch 300, Aver_Loss: 1787.8774
Epoch 59/200, Batch 400, Aver_Loss: 1719.6320
[early-stopping] Epoch 59: no improvement (12/20)
Epoch 60/200, Batch 100, Aver_Loss: 1724.4995
Epoch 60/200, Batch 200, Aver_Loss: 1783.4242
Epoch 60/200, Batch 300, Aver_Loss: 1743.2406
Epoch 60/200, Batch 400, Aver_Loss: 1856.3240
[early-stopping] Epoch 60: new best val ELBO = -1781.276869
Epoch 61/200, Batch 100, Aver_Loss: 1783.9347
Epoch 61/200, Batch 200, Aver_Loss: 1801.8091
Epoch 61/200, Batch 300, Aver_Loss: 1736.2251
Epoch 61/200, Batch 400, Aver_Loss: 1752.2201
[early-stopping] Epoch 61: no improvement (1/20)
Epoch 62/200, Batch 100, Aver_Loss: 1791.8831
Epoch 62/200, Batch 200, Aver_Loss: 1775.8182
Epoch 62/200, Batch 300, Aver_Loss: 1803.9515
Epoch 62/200, Batch 400, Aver_Loss: 1780.9888
[early-stopping] Epoch 62: no improvement (2/20)
Epoch 63/200, Batch 100, Aver_Loss: 1808.1295
Epoch 63/200, Batch 200, Aver_Loss: 1770.2770
Epoch 63/200, Batch 300, Aver_Loss: 1780.6415
Epoch 63/200, Batch 400, Aver_Loss: 1765.8177
[early-stopping] Epoch 63: no improvement (3/20)
Epoch 64/200, Batch 100, Aver_Loss: 1792.1772
Epoch 64/200, Batch 200, Aver_Loss: 1727.7803
Epoch 64/200, Batch 300, Aver_Loss: 1786.1130
Epoch 64/200, Batch 400, Aver_Loss: 1753.3184
[early-stopping] Epoch 64: no improvement (4/20)
Epoch 65/200, Batch 100, Aver_Loss: 1739.9868
Epoch 65/200, Batch 200, Aver_Loss: 1768.2324
Epoch 65/200, Batch 300, Aver_Loss: 1785.2134
Epoch 65/200, Batch 400, Aver_Loss: 1751.5642
[early-stopping] Epoch 65: no improvement (5/20)
Epoch 66/200, Batch 100, Aver_Loss: 1782.1306
Epoch 66/200, Batch 200, Aver_Loss: 1783.8864
Epoch 66/200, Batch 300, Aver_Loss: 1758.9512
Epoch 66/200, Batch 400, Aver_Loss: 1753.8778
[early-stopping] Epoch 66: no improvement (6/20)
Epoch 67/200, Batch 100, Aver_Loss: 1764.0669
Epoch 67/200, Batch 200, Aver_Loss: 1841.7146
Epoch 67/200, Batch 300, Aver_Loss: 1745.0190
Epoch 67/200, Batch 400, Aver_Loss: 1789.0883
[early-stopping] Epoch 67: no improvement (7/20)
Epoch 68/200, Batch 100, Aver_Loss: 1760.4601
Epoch 68/200, Batch 200, Aver_Loss: 1775.6372
Epoch 68/200, Batch 300, Aver_Loss: 1751.6157
Epoch 68/200, Batch 400, Aver_Loss: 1799.7810
[early-stopping] Epoch 68: no improvement (8/20)
Epoch 69/200, Batch 100, Aver_Loss: 1774.1178
Epoch 69/200, Batch 200, Aver_Loss: 1749.1439
Epoch 69/200, Batch 300, Aver_Loss: 1803.5264
Epoch 69/200, Batch 400, Aver_Loss: 1807.6517
[early-stopping] Epoch 69: no improvement (9/20)
Epoch 70/200, Batch 100, Aver_Loss: 1785.6279
Epoch 70/200, Batch 200, Aver_Loss: 1789.0952
Epoch 70/200, Batch 300, Aver_Loss: 1808.6647
Epoch 70/200, Batch 400, Aver_Loss: 1758.4958
[early-stopping] Epoch 70: no improvement (10/20)
Epoch 71/200, Batch 100, Aver_Loss: 1839.0331
Epoch 71/200, Batch 200, Aver_Loss: 1746.1028
Epoch 71/200, Batch 300, Aver_Loss: 1797.0709
Epoch 71/200, Batch 400, Aver_Loss: 1707.2874
[early-stopping] Epoch 71: no improvement (11/20)
Epoch 72/200, Batch 100, Aver_Loss: 1774.9241
Epoch 72/200, Batch 200, Aver_Loss: 1766.4802
Epoch 72/200, Batch 300, Aver_Loss: 1742.7362
Epoch 72/200, Batch 400, Aver_Loss: 1796.7217
[early-stopping] Epoch 72: no improvement (12/20)
Epoch 73/200, Batch 100, Aver_Loss: 1743.6259
Epoch 73/200, Batch 200, Aver_Loss: 1736.0087
Epoch 73/200, Batch 300, Aver_Loss: 1821.8820
Epoch 73/200, Batch 400, Aver_Loss: 1765.6545
[early-stopping] Epoch 73: no improvement (13/20)
Epoch 74/200, Batch 100, Aver_Loss: 1808.8394
Epoch 74/200, Batch 200, Aver_Loss: 1825.7015
Epoch 74/200, Batch 300, Aver_Loss: 1767.6029
Epoch 74/200, Batch 400, Aver_Loss: 1795.5067
[early-stopping] Epoch 74: new best val ELBO = -1780.545235
Epoch 75/200, Batch 100, Aver_Loss: 1803.0192
Epoch 75/200, Batch 200, Aver_Loss: 1800.5212
Epoch 75/200, Batch 300, Aver_Loss: 1784.2494
Epoch 75/200, Batch 400, Aver_Loss: 1778.4551
[early-stopping] Epoch 75: no improvement (1/20)
Epoch 76/200, Batch 100, Aver_Loss: 1784.4657
Epoch 76/200, Batch 200, Aver_Loss: 1752.9674
Epoch 76/200, Batch 300, Aver_Loss: 1790.8405
Epoch 76/200, Batch 400, Aver_Loss: 1781.3181
[early-stopping] Epoch 76: no improvement (2/20)
Epoch 77/200, Batch 100, Aver_Loss: 1830.0637
Epoch 77/200, Batch 200, Aver_Loss: 1764.3666
Epoch 77/200, Batch 300, Aver_Loss: 1748.4034
Epoch 77/200, Batch 400, Aver_Loss: 1791.1462
[early-stopping] Epoch 77: no improvement (3/20)
Epoch 78/200, Batch 100, Aver_Loss: 1822.5081
Epoch 78/200, Batch 200, Aver_Loss: 1778.8284
Epoch 78/200, Batch 300, Aver_Loss: 1806.8456
Epoch 78/200, Batch 400, Aver_Loss: 1792.8997
[early-stopping] Epoch 78: no improvement (4/20)
Epoch 79/200, Batch 100, Aver_Loss: 1702.8087
Epoch 79/200, Batch 200, Aver_Loss: 1809.0555
Epoch 79/200, Batch 300, Aver_Loss: 1734.3926
Epoch 79/200, Batch 400, Aver_Loss: 1824.0822
[early-stopping] Epoch 79: no improvement (5/20)
Epoch 80/200, Batch 100, Aver_Loss: 1779.1312
Epoch 80/200, Batch 200, Aver_Loss: 1767.7122
Epoch 80/200, Batch 300, Aver_Loss: 1759.1832
Epoch 80/200, Batch 400, Aver_Loss: 1785.7238
[early-stopping] Epoch 80: no improvement (6/20)
Epoch 81/200, Batch 100, Aver_Loss: 1786.9247
Epoch 81/200, Batch 200, Aver_Loss: 1766.6982
Epoch 81/200, Batch 300, Aver_Loss: 1768.6968
Epoch 81/200, Batch 400, Aver_Loss: 1816.8179
[early-stopping] Epoch 81: no improvement (7/20)
Epoch 82/200, Batch 100, Aver_Loss: 1805.1460
Epoch 82/200, Batch 200, Aver_Loss: 1765.6281
Epoch 82/200, Batch 300, Aver_Loss: 1819.4253
Epoch 82/200, Batch 400, Aver_Loss: 1815.3431
[early-stopping] Epoch 82: no improvement (8/20)
Epoch 83/200, Batch 100, Aver_Loss: 1819.5907
Epoch 83/200, Batch 200, Aver_Loss: 1776.9281
Epoch 83/200, Batch 300, Aver_Loss: 1769.5562
Epoch 83/200, Batch 400, Aver_Loss: 1778.9813
[early-stopping] Epoch 83: no improvement (9/20)
Epoch 84/200, Batch 100, Aver_Loss: 1829.0168
Epoch 84/200, Batch 200, Aver_Loss: 1806.2931
Epoch 84/200, Batch 300, Aver_Loss: 1716.6063
Epoch 84/200, Batch 400, Aver_Loss: 1780.4972
[early-stopping] Epoch 84: no improvement (10/20)
Epoch 85/200, Batch 100, Aver_Loss: 1769.3248
Epoch 85/200, Batch 200, Aver_Loss: 1803.8119
Epoch 85/200, Batch 300, Aver_Loss: 1738.7327
Epoch 85/200, Batch 400, Aver_Loss: 1747.9199
[early-stopping] Epoch 85: no improvement (11/20)
Epoch 86/200, Batch 100, Aver_Loss: 1764.5710
Epoch 86/200, Batch 200, Aver_Loss: 1768.6084
Epoch 86/200, Batch 300, Aver_Loss: 1837.4930
Epoch 86/200, Batch 400, Aver_Loss: 1829.4655
[early-stopping] Epoch 86: no improvement (12/20)
Epoch 87/200, Batch 100, Aver_Loss: 1758.2955
Epoch 87/200, Batch 200, Aver_Loss: 1755.1914
Epoch 87/200, Batch 300, Aver_Loss: 1811.9421
Epoch 87/200, Batch 400, Aver_Loss: 1798.2975
[early-stopping] Epoch 87: no improvement (13/20)
Epoch 88/200, Batch 100, Aver_Loss: 1759.2607
Epoch 88/200, Batch 200, Aver_Loss: 1788.0228
Epoch 88/200, Batch 300, Aver_Loss: 1826.2759
Epoch 88/200, Batch 400, Aver_Loss: 1791.7726
[early-stopping] Epoch 88: new best val ELBO = -1779.806894
Epoch 89/200, Batch 100, Aver_Loss: 1792.3323
Epoch 89/200, Batch 200, Aver_Loss: 1814.2437
Epoch 89/200, Batch 300, Aver_Loss: 1788.0698
Epoch 89/200, Batch 400, Aver_Loss: 1816.0844
[early-stopping] Epoch 89: no improvement (1/20)
Epoch 90/200, Batch 100, Aver_Loss: 1737.3300
Epoch 90/200, Batch 200, Aver_Loss: 1807.9969
Epoch 90/200, Batch 300, Aver_Loss: 1725.7964
Epoch 90/200, Batch 400, Aver_Loss: 1719.0927
[early-stopping] Epoch 90: no improvement (2/20)
Epoch 91/200, Batch 100, Aver_Loss: 1760.6001
Epoch 91/200, Batch 200, Aver_Loss: 1803.7380
Epoch 91/200, Batch 300, Aver_Loss: 1758.7743
Epoch 91/200, Batch 400, Aver_Loss: 1771.8857
[early-stopping] Epoch 91: no improvement (3/20)
Epoch 92/200, Batch 100, Aver_Loss: 1774.2909
Epoch 92/200, Batch 200, Aver_Loss: 1779.3038
Epoch 92/200, Batch 300, Aver_Loss: 1780.1782
Epoch 92/200, Batch 400, Aver_Loss: 1768.2428
[early-stopping] Epoch 92: no improvement (4/20)
Epoch 93/200, Batch 100, Aver_Loss: 1765.6454
Epoch 93/200, Batch 200, Aver_Loss: 1770.5181
Epoch 93/200, Batch 300, Aver_Loss: 1808.9545
Epoch 93/200, Batch 400, Aver_Loss: 1779.6844
[early-stopping] Epoch 93: no improvement (5/20)
Epoch 94/200, Batch 100, Aver_Loss: 1765.8192
Epoch 94/200, Batch 200, Aver_Loss: 1752.7017
Epoch 94/200, Batch 300, Aver_Loss: 1806.3372
Epoch 94/200, Batch 400, Aver_Loss: 1753.1296
[early-stopping] Epoch 94: no improvement (6/20)
Epoch 95/200, Batch 100, Aver_Loss: 1764.3992
Epoch 95/200, Batch 200, Aver_Loss: 1774.0825
Epoch 95/200, Batch 300, Aver_Loss: 1764.1111
Epoch 95/200, Batch 400, Aver_Loss: 1825.4387
[early-stopping] Epoch 95: no improvement (7/20)
Epoch 96/200, Batch 100, Aver_Loss: 1751.4829
Epoch 96/200, Batch 200, Aver_Loss: 1772.4850
Epoch 96/200, Batch 300, Aver_Loss: 1799.4846
Epoch 96/200, Batch 400, Aver_Loss: 1777.4877
[early-stopping] Epoch 96: no improvement (8/20)
Epoch 97/200, Batch 100, Aver_Loss: 1774.3925
Epoch 97/200, Batch 200, Aver_Loss: 1772.1915
Epoch 97/200, Batch 300, Aver_Loss: 1719.7379
Epoch 97/200, Batch 400, Aver_Loss: 1772.7528
[early-stopping] Epoch 97: new best val ELBO = -1779.639727
Epoch 98/200, Batch 100, Aver_Loss: 1785.5896
Epoch 98/200, Batch 200, Aver_Loss: 1733.9409
Epoch 98/200, Batch 300, Aver_Loss: 1814.4381
Epoch 98/200, Batch 400, Aver_Loss: 1764.8549
[early-stopping] Epoch 98: no improvement (1/20)
Epoch 99/200, Batch 100, Aver_Loss: 1801.2427
Epoch 99/200, Batch 200, Aver_Loss: 1770.5533
Epoch 99/200, Batch 300, Aver_Loss: 1769.3390
Epoch 99/200, Batch 400, Aver_Loss: 1804.3917
[early-stopping] Epoch 99: no improvement (2/20)
Epoch 100/200, Batch 100, Aver_Loss: 1778.0811
Epoch 100/200, Batch 200, Aver_Loss: 1789.5753
Epoch 100/200, Batch 300, Aver_Loss: 1806.3990
Epoch 100/200, Batch 400, Aver_Loss: 1740.2111
[early-stopping] Epoch 100: no improvement (3/20)
Epoch 101/200, Batch 100, Aver_Loss: 1810.7217
Epoch 101/200, Batch 200, Aver_Loss: 1821.2830
Epoch 101/200, Batch 300, Aver_Loss: 1732.0576
Epoch 101/200, Batch 400, Aver_Loss: 1774.6755
[early-stopping] Epoch 101: no improvement (4/20)
Epoch 102/200, Batch 100, Aver_Loss: 1783.4741
Epoch 102/200, Batch 200, Aver_Loss: 1784.2145
Epoch 102/200, Batch 300, Aver_Loss: 1819.8119
Epoch 102/200, Batch 400, Aver_Loss: 1787.0020
[early-stopping] Epoch 102: new best val ELBO = -1778.210769
Epoch 103/200, Batch 100, Aver_Loss: 1803.5284
Epoch 103/200, Batch 200, Aver_Loss: 1733.5781
Epoch 103/200, Batch 300, Aver_Loss: 1732.2826
Epoch 103/200, Batch 400, Aver_Loss: 1727.5916
[early-stopping] Epoch 103: no improvement (1/20)
Epoch 104/200, Batch 100, Aver_Loss: 1758.2061
Epoch 104/200, Batch 200, Aver_Loss: 1800.6324
Epoch 104/200, Batch 300, Aver_Loss: 1795.4093
Epoch 104/200, Batch 400, Aver_Loss: 1783.8237
[early-stopping] Epoch 104: new best val ELBO = -1777.770452
Epoch 105/200, Batch 100, Aver_Loss: 1823.5375
Epoch 105/200, Batch 200, Aver_Loss: 1717.1130
Epoch 105/200, Batch 300, Aver_Loss: 1777.3870
Epoch 105/200, Batch 400, Aver_Loss: 1737.0690
[early-stopping] Epoch 105: no improvement (1/20)
Epoch 106/200, Batch 100, Aver_Loss: 1720.9651
Epoch 106/200, Batch 200, Aver_Loss: 1793.2021
Epoch 106/200, Batch 300, Aver_Loss: 1753.2980
Epoch 106/200, Batch 400, Aver_Loss: 1761.1864
[early-stopping] Epoch 106: no improvement (2/20)
Epoch 107/200, Batch 100, Aver_Loss: 1727.9233
Epoch 107/200, Batch 200, Aver_Loss: 1802.7263
Epoch 107/200, Batch 300, Aver_Loss: 1756.1641
Epoch 107/200, Batch 400, Aver_Loss: 1774.7653
[early-stopping] Epoch 107: no improvement (3/20)
Epoch 108/200, Batch 100, Aver_Loss: 1828.2268
Epoch 108/200, Batch 200, Aver_Loss: 1785.4280
Epoch 108/200, Batch 300, Aver_Loss: 1795.1880
Epoch 108/200, Batch 400, Aver_Loss: 1840.6560
[early-stopping] Epoch 108: no improvement (4/20)
Epoch 109/200, Batch 100, Aver_Loss: 1763.8733
Epoch 109/200, Batch 200, Aver_Loss: 1766.1262
Epoch 109/200, Batch 300, Aver_Loss: 1744.7416
Epoch 109/200, Batch 400, Aver_Loss: 1784.8893
[early-stopping] Epoch 109: no improvement (5/20)
Epoch 110/200, Batch 100, Aver_Loss: 1792.6582
Epoch 110/200, Batch 200, Aver_Loss: 1755.0042
Epoch 110/200, Batch 300, Aver_Loss: 1777.0670
Epoch 110/200, Batch 400, Aver_Loss: 1796.9757
[early-stopping] Epoch 110: no improvement (6/20)
Epoch 111/200, Batch 100, Aver_Loss: 1767.2936
Epoch 111/200, Batch 200, Aver_Loss: 1771.6805
Epoch 111/200, Batch 300, Aver_Loss: 1774.4779
Epoch 111/200, Batch 400, Aver_Loss: 1748.3549
[early-stopping] Epoch 111: no improvement (7/20)
Epoch 112/200, Batch 100, Aver_Loss: 1797.5253
Epoch 112/200, Batch 200, Aver_Loss: 1771.4763
Epoch 112/200, Batch 300, Aver_Loss: 1804.2181
Epoch 112/200, Batch 400, Aver_Loss: 1797.4080
[early-stopping] Epoch 112: no improvement (8/20)
Epoch 113/200, Batch 100, Aver_Loss: 1786.3120
Epoch 113/200, Batch 200, Aver_Loss: 1804.5470
Epoch 113/200, Batch 300, Aver_Loss: 1782.9498
Epoch 113/200, Batch 400, Aver_Loss: 1721.8658
[early-stopping] Epoch 113: no improvement (9/20)
Epoch 114/200, Batch 100, Aver_Loss: 1720.7749
Epoch 114/200, Batch 200, Aver_Loss: 1810.2648
Epoch 114/200, Batch 300, Aver_Loss: 1777.9816
Epoch 114/200, Batch 400, Aver_Loss: 1754.7416
[early-stopping] Epoch 114: no improvement (10/20)
Epoch 115/200, Batch 100, Aver_Loss: 1778.8563
Epoch 115/200, Batch 200, Aver_Loss: 1794.6838
Epoch 115/200, Batch 300, Aver_Loss: 1768.7880
Epoch 115/200, Batch 400, Aver_Loss: 1775.6307
[early-stopping] Epoch 115: no improvement (11/20)
Epoch 116/200, Batch 100, Aver_Loss: 1783.8843
Epoch 116/200, Batch 200, Aver_Loss: 1758.9281
Epoch 116/200, Batch 300, Aver_Loss: 1827.6228
Epoch 116/200, Batch 400, Aver_Loss: 1756.5190
[early-stopping] Epoch 116: no improvement (12/20)
Epoch 117/200, Batch 100, Aver_Loss: 1767.5441
Epoch 117/200, Batch 200, Aver_Loss: 1819.5865
Epoch 117/200, Batch 300, Aver_Loss: 1782.9635
Epoch 117/200, Batch 400, Aver_Loss: 1739.7239
[early-stopping] Epoch 117: no improvement (13/20)
Epoch 118/200, Batch 100, Aver_Loss: 1794.2284
Epoch 118/200, Batch 200, Aver_Loss: 1787.8158
Epoch 118/200, Batch 300, Aver_Loss: 1825.6531
Epoch 118/200, Batch 400, Aver_Loss: 1800.9019
[early-stopping] Epoch 118: no improvement (14/20)
Epoch 119/200, Batch 100, Aver_Loss: 1811.9333
Epoch 119/200, Batch 200, Aver_Loss: 1775.0560
Epoch 119/200, Batch 300, Aver_Loss: 1779.6049
Epoch 119/200, Batch 400, Aver_Loss: 1740.7693
[early-stopping] Epoch 119: new best val ELBO = -1777.414552
Epoch 120/200, Batch 100, Aver_Loss: 1836.2759
Epoch 120/200, Batch 200, Aver_Loss: 1788.0326
Epoch 120/200, Batch 300, Aver_Loss: 1779.1045
Epoch 120/200, Batch 400, Aver_Loss: 1725.2469
[early-stopping] Epoch 120: new best val ELBO = -1776.641866
Epoch 121/200, Batch 100, Aver_Loss: 1820.0377
Epoch 121/200, Batch 200, Aver_Loss: 1793.6621
Epoch 121/200, Batch 300, Aver_Loss: 1791.6278
Epoch 121/200, Batch 400, Aver_Loss: 1760.6534
[early-stopping] Epoch 121: no improvement (1/20)
Epoch 122/200, Batch 100, Aver_Loss: 1747.1636
Epoch 122/200, Batch 200, Aver_Loss: 1746.0317
Epoch 122/200, Batch 300, Aver_Loss: 1791.7217
Epoch 122/200, Batch 400, Aver_Loss: 1750.9628
[early-stopping] Epoch 122: no improvement (2/20)
Epoch 123/200, Batch 100, Aver_Loss: 1703.5566
Epoch 123/200, Batch 200, Aver_Loss: 1734.6158
Epoch 123/200, Batch 300, Aver_Loss: 1789.5994
Epoch 123/200, Batch 400, Aver_Loss: 1792.0935
[early-stopping] Epoch 123: no improvement (3/20)
Epoch 124/200, Batch 100, Aver_Loss: 1803.4950
Epoch 124/200, Batch 200, Aver_Loss: 1798.0356
Epoch 124/200, Batch 300, Aver_Loss: 1770.4575
Epoch 124/200, Batch 400, Aver_Loss: 1762.3037
[early-stopping] Epoch 124: no improvement (4/20)
Epoch 125/200, Batch 100, Aver_Loss: 1756.2419
Epoch 125/200, Batch 200, Aver_Loss: 1785.4501
Epoch 125/200, Batch 300, Aver_Loss: 1756.5620
Epoch 125/200, Batch 400, Aver_Loss: 1727.8534
[early-stopping] Epoch 125: no improvement (5/20)
Epoch 126/200, Batch 100, Aver_Loss: 1758.2278
Epoch 126/200, Batch 200, Aver_Loss: 1729.9375
Epoch 126/200, Batch 300, Aver_Loss: 1792.2888
Epoch 126/200, Batch 400, Aver_Loss: 1784.6317
[early-stopping] Epoch 126: no improvement (6/20)
Epoch 127/200, Batch 100, Aver_Loss: 1821.8616
Epoch 127/200, Batch 200, Aver_Loss: 1789.2682
Epoch 127/200, Batch 300, Aver_Loss: 1779.1453
Epoch 127/200, Batch 400, Aver_Loss: 1783.2299
[early-stopping] Epoch 127: no improvement (7/20)
Epoch 128/200, Batch 100, Aver_Loss: 1795.6060
Epoch 128/200, Batch 200, Aver_Loss: 1754.9635
Epoch 128/200, Batch 300, Aver_Loss: 1779.5070
Epoch 128/200, Batch 400, Aver_Loss: 1823.6183
[early-stopping] Epoch 128: no improvement (8/20)
Epoch 129/200, Batch 100, Aver_Loss: 1787.5583
Epoch 129/200, Batch 200, Aver_Loss: 1771.7267
Epoch 129/200, Batch 300, Aver_Loss: 1772.5140
Epoch 129/200, Batch 400, Aver_Loss: 1758.8099
[early-stopping] Epoch 129: no improvement (9/20)
Epoch 130/200, Batch 100, Aver_Loss: 1796.2808
Epoch 130/200, Batch 200, Aver_Loss: 1756.4447
Epoch 130/200, Batch 300, Aver_Loss: 1734.0184
Epoch 130/200, Batch 400, Aver_Loss: 1802.7854
[early-stopping] Epoch 130: no improvement (10/20)
Epoch 131/200, Batch 100, Aver_Loss: 1808.6802
Epoch 131/200, Batch 200, Aver_Loss: 1861.5664
Epoch 131/200, Batch 300, Aver_Loss: 1794.7450
Epoch 131/200, Batch 400, Aver_Loss: 1807.4017
[early-stopping] Epoch 131: no improvement (11/20)
Epoch 132/200, Batch 100, Aver_Loss: 1758.4283
Epoch 132/200, Batch 200, Aver_Loss: 1780.6018
Epoch 132/200, Batch 300, Aver_Loss: 1814.4115
Epoch 132/200, Batch 400, Aver_Loss: 1758.7736
[early-stopping] Epoch 132: no improvement (12/20)
Epoch 133/200, Batch 100, Aver_Loss: 1737.4401
Epoch 133/200, Batch 200, Aver_Loss: 1797.8013
Epoch 133/200, Batch 300, Aver_Loss: 1843.8394
Epoch 133/200, Batch 400, Aver_Loss: 1791.7854
[early-stopping] Epoch 133: no improvement (13/20)
Epoch 134/200, Batch 100, Aver_Loss: 1788.4058
Epoch 134/200, Batch 200, Aver_Loss: 1743.7244
Epoch 134/200, Batch 300, Aver_Loss: 1746.2148
Epoch 134/200, Batch 400, Aver_Loss: 1785.0195
[early-stopping] Epoch 134: no improvement (14/20)
Epoch 135/200, Batch 100, Aver_Loss: 1798.4120
Epoch 135/200, Batch 200, Aver_Loss: 1779.0586
Epoch 135/200, Batch 300, Aver_Loss: 1782.0337
Epoch 135/200, Batch 400, Aver_Loss: 1757.7720
[early-stopping] Epoch 135: no improvement (15/20)
Epoch 136/200, Batch 100, Aver_Loss: 1806.0786
Epoch 136/200, Batch 200, Aver_Loss: 1759.3846
Epoch 136/200, Batch 300, Aver_Loss: 1762.3943
Epoch 136/200, Batch 400, Aver_Loss: 1775.5015
[early-stopping] Epoch 136: no improvement (16/20)
Epoch 137/200, Batch 100, Aver_Loss: 1791.7021
Epoch 137/200, Batch 200, Aver_Loss: 1827.7992
Epoch 137/200, Batch 300, Aver_Loss: 1783.8965
Epoch 137/200, Batch 400, Aver_Loss: 1812.4857
[early-stopping] Epoch 137: no improvement (17/20)
Epoch 138/200, Batch 100, Aver_Loss: 1773.6235
Epoch 138/200, Batch 200, Aver_Loss: 1756.6967
Epoch 138/200, Batch 300, Aver_Loss: 1782.1481
Epoch 138/200, Batch 400, Aver_Loss: 1751.6194
[early-stopping] Epoch 138: no improvement (18/20)
Epoch 139/200, Batch 100, Aver_Loss: 1795.8685
Epoch 139/200, Batch 200, Aver_Loss: 1757.1799
Epoch 139/200, Batch 300, Aver_Loss: 1761.6442
Epoch 139/200, Batch 400, Aver_Loss: 1798.2739
[early-stopping] Epoch 139: no improvement (19/20)
Epoch 140/200, Batch 100, Aver_Loss: 1752.3365
Epoch 140/200, Batch 200, Aver_Loss: 1801.4283
Epoch 140/200, Batch 300, Aver_Loss: 1810.7671
Epoch 140/200, Batch 400, Aver_Loss: 1747.6792
[early-stopping] Epoch 140: no improvement (20/20)
[early-stopping] Patience reached. Stopping at epoch 140. Best epoch: 120, best val ELBO: -1776.641866
[early-stopping] Loaded best model from epoch 120 (val ELBO = -1776.641866)
[checkpoint] Saved best model to: trained_parameters/cifar100_zdim512_MVAE.pkl
[saved curves] ./results/CIFAR100/curves/cifar100_mvae_d512_s777.json

==== Evaluation Summary ====
                 model: mvae
   recon/mse_per_pixel: 0.015327
            elbo/train: -1773.266276
             elbo/test: -1776.668835
             mse/train: 0.014910
              mse/test: 0.015327
             probe/acc: 0.200917
             probe/nll: 3.488822
           probe/brier: 0.908449
             probe/ece: 0.024613
           cluster/nmi: 0.223035
           cluster/ari: 0.026548
============================

