/usr/bin/which: no fi_info in (/arf/home/meyavuz/.local/bin:/arf/sw/comp/python/intelpython3/condabin:/arf/sw/comp/python/intelpython3/bin:/usr/share/Modules/bin:/usr/local/bin:/usr/bin:/usr/local/sbin:/usr/sbin)
Extension for Scikit-learn* enabled (https://github.com/uxlfoundation/scikit-learn-intelex)
/arf/home/meyavuz/.conda/envs/sbn/lib/python3.9/site-packages/sklearn/linear_model/_logistic.py:1247: FutureWarning: 'multi_class' was deprecated in version 1.5 and will be removed in 1.7. From then on, it will always use 'multinomial'. Leave it to its default value to avoid this warning.
  warnings.warn(
/arf/home/meyavuz/.conda/envs/sbn/lib/python3.9/site-packages/sklearn/linear_model/_sag.py:348: ConvergenceWarning: The max_iter was reached which means the coef_ did not converge
  warnings.warn(
Epoch 1/200, Batch 100, Aver_Loss: 1890.0857
Epoch 1/200, Batch 200, Aver_Loss: 1999.7285
Epoch 1/200, Batch 300, Aver_Loss: 1846.0675
Epoch 1/200, Batch 400, Aver_Loss: 1847.0703
[early-stopping] Epoch 1: new best val ELBO = -1827.445948
Epoch 2/200, Batch 100, Aver_Loss: 1852.8055
Epoch 2/200, Batch 200, Aver_Loss: 1779.2587
Epoch 2/200, Batch 300, Aver_Loss: 1795.4670
Epoch 2/200, Batch 400, Aver_Loss: 1787.7551
[early-stopping] Epoch 2: new best val ELBO = -1814.747121
Epoch 3/200, Batch 100, Aver_Loss: 1870.8624
Epoch 3/200, Batch 200, Aver_Loss: 1788.9166
Epoch 3/200, Batch 300, Aver_Loss: 1846.6635
Epoch 3/200, Batch 400, Aver_Loss: 1848.3253
[early-stopping] Epoch 3: new best val ELBO = -1811.188116
Epoch 4/200, Batch 100, Aver_Loss: 1821.3154
Epoch 4/200, Batch 200, Aver_Loss: 1805.7915
Epoch 4/200, Batch 300, Aver_Loss: 1811.0037
Epoch 4/200, Batch 400, Aver_Loss: 1818.8010
[early-stopping] Epoch 4: new best val ELBO = -1805.468805
Epoch 5/200, Batch 100, Aver_Loss: 1833.1163
Epoch 5/200, Batch 200, Aver_Loss: 1818.5331
Epoch 5/200, Batch 300, Aver_Loss: 1808.0906
Epoch 5/200, Batch 400, Aver_Loss: 1820.7604
[early-stopping] Epoch 5: new best val ELBO = -1802.444083
Epoch 6/200, Batch 100, Aver_Loss: 1782.4822
Epoch 6/200, Batch 200, Aver_Loss: 1772.5001
Epoch 6/200, Batch 300, Aver_Loss: 1793.2273
Epoch 6/200, Batch 400, Aver_Loss: 1820.3354
[early-stopping] Epoch 6: no improvement (1/20)
Epoch 7/200, Batch 100, Aver_Loss: 1815.6479
Epoch 7/200, Batch 200, Aver_Loss: 1843.4067
Epoch 7/200, Batch 300, Aver_Loss: 1806.1577
Epoch 7/200, Batch 400, Aver_Loss: 1802.7684
[early-stopping] Epoch 7: new best val ELBO = -1797.177595
Epoch 8/200, Batch 100, Aver_Loss: 1801.8206
Epoch 8/200, Batch 200, Aver_Loss: 1869.0721
Epoch 8/200, Batch 300, Aver_Loss: 1825.8967
Epoch 8/200, Batch 400, Aver_Loss: 1790.1409
[early-stopping] Epoch 8: no improvement (1/20)
Epoch 9/200, Batch 100, Aver_Loss: 1798.5833
Epoch 9/200, Batch 200, Aver_Loss: 1810.4967
Epoch 9/200, Batch 300, Aver_Loss: 1799.6322
Epoch 9/200, Batch 400, Aver_Loss: 1820.7679
[early-stopping] Epoch 9: new best val ELBO = -1792.013402
Epoch 10/200, Batch 100, Aver_Loss: 1795.4698
Epoch 10/200, Batch 200, Aver_Loss: 1799.0106
Epoch 10/200, Batch 300, Aver_Loss: 1780.6287
Epoch 10/200, Batch 400, Aver_Loss: 1742.4772
[early-stopping] Epoch 10: no improvement (1/20)
Epoch 11/200, Batch 100, Aver_Loss: 1778.8868
Epoch 11/200, Batch 200, Aver_Loss: 1818.9696
Epoch 11/200, Batch 300, Aver_Loss: 1805.0364
Epoch 11/200, Batch 400, Aver_Loss: 1814.9242
[early-stopping] Epoch 11: new best val ELBO = -1791.200177
Epoch 12/200, Batch 100, Aver_Loss: 1759.6105
Epoch 12/200, Batch 200, Aver_Loss: 1758.8707
Epoch 12/200, Batch 300, Aver_Loss: 1808.8041
Epoch 12/200, Batch 400, Aver_Loss: 1807.9961
[early-stopping] Epoch 12: new best val ELBO = -1788.844212
Epoch 13/200, Batch 100, Aver_Loss: 1739.6335
Epoch 13/200, Batch 200, Aver_Loss: 1779.3127
Epoch 13/200, Batch 300, Aver_Loss: 1837.8237
Epoch 13/200, Batch 400, Aver_Loss: 1793.5664
[early-stopping] Epoch 13: new best val ELBO = -1787.368591
Epoch 14/200, Batch 100, Aver_Loss: 1765.8506
Epoch 14/200, Batch 200, Aver_Loss: 1802.9523
Epoch 14/200, Batch 300, Aver_Loss: 1780.3284
Epoch 14/200, Batch 400, Aver_Loss: 1811.8292
[early-stopping] Epoch 14: new best val ELBO = -1786.444580
Epoch 15/200, Batch 100, Aver_Loss: 1777.7980
Epoch 15/200, Batch 200, Aver_Loss: 1805.4995
Epoch 15/200, Batch 300, Aver_Loss: 1775.2378
Epoch 15/200, Batch 400, Aver_Loss: 1757.3687
[early-stopping] Epoch 15: new best val ELBO = -1785.995360
Epoch 16/200, Batch 100, Aver_Loss: 1839.2207
Epoch 16/200, Batch 200, Aver_Loss: 1746.5717
Epoch 16/200, Batch 300, Aver_Loss: 1802.6428
Epoch 16/200, Batch 400, Aver_Loss: 1841.3036
[early-stopping] Epoch 16: no improvement (1/20)
Epoch 17/200, Batch 100, Aver_Loss: 1790.7377
Epoch 17/200, Batch 200, Aver_Loss: 1835.8311
Epoch 17/200, Batch 300, Aver_Loss: 1817.5267
Epoch 17/200, Batch 400, Aver_Loss: 1778.7540
[early-stopping] Epoch 17: new best val ELBO = -1783.671774
Epoch 18/200, Batch 100, Aver_Loss: 1770.0906
Epoch 18/200, Batch 200, Aver_Loss: 1808.6353
Epoch 18/200, Batch 300, Aver_Loss: 1806.6901
Epoch 18/200, Batch 400, Aver_Loss: 1778.5480
[early-stopping] Epoch 18: new best val ELBO = -1783.163183
Epoch 19/200, Batch 100, Aver_Loss: 1839.7037
Epoch 19/200, Batch 200, Aver_Loss: 1795.3798
Epoch 19/200, Batch 300, Aver_Loss: 1795.2137
Epoch 19/200, Batch 400, Aver_Loss: 1765.9437
[early-stopping] Epoch 19: no improvement (1/20)
Epoch 20/200, Batch 100, Aver_Loss: 1783.9929
Epoch 20/200, Batch 200, Aver_Loss: 1784.5297
Epoch 20/200, Batch 300, Aver_Loss: 1798.7352
Epoch 20/200, Batch 400, Aver_Loss: 1794.1259
[early-stopping] Epoch 20: no improvement (2/20)
Epoch 21/200, Batch 100, Aver_Loss: 1807.3131
Epoch 21/200, Batch 200, Aver_Loss: 1755.0005
Epoch 21/200, Batch 300, Aver_Loss: 1781.1705
Epoch 21/200, Batch 400, Aver_Loss: 1803.7205
[early-stopping] Epoch 21: no improvement (3/20)
Epoch 22/200, Batch 100, Aver_Loss: 1831.3265
Epoch 22/200, Batch 200, Aver_Loss: 1763.7111
Epoch 22/200, Batch 300, Aver_Loss: 1784.4810
Epoch 22/200, Batch 400, Aver_Loss: 1773.3392
[early-stopping] Epoch 22: no improvement (4/20)
Epoch 23/200, Batch 100, Aver_Loss: 1803.9170
Epoch 23/200, Batch 200, Aver_Loss: 1784.9833
Epoch 23/200, Batch 300, Aver_Loss: 1843.0870
Epoch 23/200, Batch 400, Aver_Loss: 1715.6993
[early-stopping] Epoch 23: new best val ELBO = -1779.802578
Epoch 24/200, Batch 100, Aver_Loss: 1754.8284
Epoch 24/200, Batch 200, Aver_Loss: 1735.3518
Epoch 24/200, Batch 300, Aver_Loss: 1756.0712
Epoch 24/200, Batch 400, Aver_Loss: 1759.0671
[early-stopping] Epoch 24: no improvement (1/20)
Epoch 25/200, Batch 100, Aver_Loss: 1787.0262
Epoch 25/200, Batch 200, Aver_Loss: 1778.7661
Epoch 25/200, Batch 300, Aver_Loss: 1776.0107
Epoch 25/200, Batch 400, Aver_Loss: 1759.2695
[early-stopping] Epoch 25: no improvement (2/20)
Epoch 26/200, Batch 100, Aver_Loss: 1746.4208
Epoch 26/200, Batch 200, Aver_Loss: 1762.4464
Epoch 26/200, Batch 300, Aver_Loss: 1817.6077
Epoch 26/200, Batch 400, Aver_Loss: 1799.9130
[early-stopping] Epoch 26: new best val ELBO = -1778.938311
Epoch 27/200, Batch 100, Aver_Loss: 1735.5634
Epoch 27/200, Batch 200, Aver_Loss: 1791.3356
Epoch 27/200, Batch 300, Aver_Loss: 1818.8885
Epoch 27/200, Batch 400, Aver_Loss: 1761.5397
[early-stopping] Epoch 27: no improvement (1/20)
Epoch 28/200, Batch 100, Aver_Loss: 1717.9147
Epoch 28/200, Batch 200, Aver_Loss: 1793.9038
Epoch 28/200, Batch 300, Aver_Loss: 1814.4718
Epoch 28/200, Batch 400, Aver_Loss: 1796.1418
[early-stopping] Epoch 28: no improvement (2/20)
Epoch 29/200, Batch 100, Aver_Loss: 1780.0005
Epoch 29/200, Batch 200, Aver_Loss: 1779.1218
Epoch 29/200, Batch 300, Aver_Loss: 1791.3055
Epoch 29/200, Batch 400, Aver_Loss: 1728.4510
[early-stopping] Epoch 29: no improvement (3/20)
Epoch 30/200, Batch 100, Aver_Loss: 1790.5481
Epoch 30/200, Batch 200, Aver_Loss: 1774.8372
Epoch 30/200, Batch 300, Aver_Loss: 1837.7899
Epoch 30/200, Batch 400, Aver_Loss: 1851.0627
[early-stopping] Epoch 30: no improvement (4/20)
Epoch 31/200, Batch 100, Aver_Loss: 1790.6534
Epoch 31/200, Batch 200, Aver_Loss: 1763.9071
Epoch 31/200, Batch 300, Aver_Loss: 1770.2042
Epoch 31/200, Batch 400, Aver_Loss: 1771.9375
[early-stopping] Epoch 31: no improvement (5/20)
Epoch 32/200, Batch 100, Aver_Loss: 1801.4546
Epoch 32/200, Batch 200, Aver_Loss: 1805.2548
Epoch 32/200, Batch 300, Aver_Loss: 1752.5985
Epoch 32/200, Batch 400, Aver_Loss: 1833.7924
[early-stopping] Epoch 32: new best val ELBO = -1777.480400
Epoch 33/200, Batch 100, Aver_Loss: 1802.6971
Epoch 33/200, Batch 200, Aver_Loss: 1772.7106
Epoch 33/200, Batch 300, Aver_Loss: 1811.5569
Epoch 33/200, Batch 400, Aver_Loss: 1805.8668
[early-stopping] Epoch 33: no improvement (1/20)
Epoch 34/200, Batch 100, Aver_Loss: 1804.0483
Epoch 34/200, Batch 200, Aver_Loss: 1757.6573
Epoch 34/200, Batch 300, Aver_Loss: 1771.6089
Epoch 34/200, Batch 400, Aver_Loss: 1740.3677
[early-stopping] Epoch 34: no improvement (2/20)
Epoch 35/200, Batch 100, Aver_Loss: 1825.5815
Epoch 35/200, Batch 200, Aver_Loss: 1810.1569
Epoch 35/200, Batch 300, Aver_Loss: 1746.3351
Epoch 35/200, Batch 400, Aver_Loss: 1778.2139
[early-stopping] Epoch 35: no improvement (3/20)
Epoch 36/200, Batch 100, Aver_Loss: 1769.8088
Epoch 36/200, Batch 200, Aver_Loss: 1803.8223
Epoch 36/200, Batch 300, Aver_Loss: 1749.2838
Epoch 36/200, Batch 400, Aver_Loss: 1726.3756
[early-stopping] Epoch 36: no improvement (4/20)
Epoch 37/200, Batch 100, Aver_Loss: 1770.5221
Epoch 37/200, Batch 200, Aver_Loss: 1803.5948
Epoch 37/200, Batch 300, Aver_Loss: 1764.1022
Epoch 37/200, Batch 400, Aver_Loss: 1730.4600
[early-stopping] Epoch 37: no improvement (5/20)
Epoch 38/200, Batch 100, Aver_Loss: 1752.7614
Epoch 38/200, Batch 200, Aver_Loss: 1752.8407
Epoch 38/200, Batch 300, Aver_Loss: 1779.7043
Epoch 38/200, Batch 400, Aver_Loss: 1789.5435
[early-stopping] Epoch 38: new best val ELBO = -1777.089294
Epoch 39/200, Batch 100, Aver_Loss: 1816.2743
Epoch 39/200, Batch 200, Aver_Loss: 1763.6415
Epoch 39/200, Batch 300, Aver_Loss: 1756.6736
Epoch 39/200, Batch 400, Aver_Loss: 1764.5748
[early-stopping] Epoch 39: no improvement (1/20)
Epoch 40/200, Batch 100, Aver_Loss: 1747.5503
Epoch 40/200, Batch 200, Aver_Loss: 1773.3339
Epoch 40/200, Batch 300, Aver_Loss: 1795.1702
Epoch 40/200, Batch 400, Aver_Loss: 1768.6180
[early-stopping] Epoch 40: no improvement (2/20)
Epoch 41/200, Batch 100, Aver_Loss: 1788.8376
Epoch 41/200, Batch 200, Aver_Loss: 1737.3751
Epoch 41/200, Batch 300, Aver_Loss: 1751.1515
Epoch 41/200, Batch 400, Aver_Loss: 1793.7490
[early-stopping] Epoch 41: no improvement (3/20)
Epoch 42/200, Batch 100, Aver_Loss: 1754.3737
Epoch 42/200, Batch 200, Aver_Loss: 1817.7882
Epoch 42/200, Batch 300, Aver_Loss: 1776.5022
Epoch 42/200, Batch 400, Aver_Loss: 1787.5131
[early-stopping] Epoch 42: new best val ELBO = -1776.280346
Epoch 43/200, Batch 100, Aver_Loss: 1736.2748
Epoch 43/200, Batch 200, Aver_Loss: 1760.4640
Epoch 43/200, Batch 300, Aver_Loss: 1732.0221
Epoch 43/200, Batch 400, Aver_Loss: 1786.0017
[early-stopping] Epoch 43: no improvement (1/20)
Epoch 44/200, Batch 100, Aver_Loss: 1766.8154
Epoch 44/200, Batch 200, Aver_Loss: 1831.1604
Epoch 44/200, Batch 300, Aver_Loss: 1741.8730
Epoch 44/200, Batch 400, Aver_Loss: 1732.4612
[early-stopping] Epoch 44: no improvement (2/20)
Epoch 45/200, Batch 100, Aver_Loss: 1809.3181
Epoch 45/200, Batch 200, Aver_Loss: 1829.9806
Epoch 45/200, Batch 300, Aver_Loss: 1778.4084
Epoch 45/200, Batch 400, Aver_Loss: 1778.0413
[early-stopping] Epoch 45: new best val ELBO = -1776.041231
Epoch 46/200, Batch 100, Aver_Loss: 1714.9410
Epoch 46/200, Batch 200, Aver_Loss: 1776.6195
Epoch 46/200, Batch 300, Aver_Loss: 1786.6246
Epoch 46/200, Batch 400, Aver_Loss: 1784.2841
[early-stopping] Epoch 46: no improvement (1/20)
Epoch 47/200, Batch 100, Aver_Loss: 1843.8030
Epoch 47/200, Batch 200, Aver_Loss: 1747.0991
Epoch 47/200, Batch 300, Aver_Loss: 1777.0206
Epoch 47/200, Batch 400, Aver_Loss: 1795.7650
[early-stopping] Epoch 47: no improvement (2/20)
Epoch 48/200, Batch 100, Aver_Loss: 1769.9414
Epoch 48/200, Batch 200, Aver_Loss: 1799.6276
Epoch 48/200, Batch 300, Aver_Loss: 1814.5126
Epoch 48/200, Batch 400, Aver_Loss: 1760.9434
[early-stopping] Epoch 48: no improvement (3/20)
Epoch 49/200, Batch 100, Aver_Loss: 1680.0297
Epoch 49/200, Batch 200, Aver_Loss: 1808.8834
Epoch 49/200, Batch 300, Aver_Loss: 1770.2466
Epoch 49/200, Batch 400, Aver_Loss: 1817.7350
[early-stopping] Epoch 49: no improvement (4/20)
Epoch 50/200, Batch 100, Aver_Loss: 1739.2948
Epoch 50/200, Batch 200, Aver_Loss: 1777.7554
Epoch 50/200, Batch 300, Aver_Loss: 1793.8932
Epoch 50/200, Batch 400, Aver_Loss: 1773.4331
[early-stopping] Epoch 50: no improvement (5/20)
Epoch 51/200, Batch 100, Aver_Loss: 1759.3635
Epoch 51/200, Batch 200, Aver_Loss: 1771.4543
Epoch 51/200, Batch 300, Aver_Loss: 1773.9961
Epoch 51/200, Batch 400, Aver_Loss: 1807.6981
[early-stopping] Epoch 51: no improvement (6/20)
Epoch 52/200, Batch 100, Aver_Loss: 1835.4919
Epoch 52/200, Batch 200, Aver_Loss: 1767.7439
Epoch 52/200, Batch 300, Aver_Loss: 1724.0671
Epoch 52/200, Batch 400, Aver_Loss: 1729.2502
[early-stopping] Epoch 52: no improvement (7/20)
Epoch 53/200, Batch 100, Aver_Loss: 1767.8689
Epoch 53/200, Batch 200, Aver_Loss: 1825.6775
Epoch 53/200, Batch 300, Aver_Loss: 1807.6205
Epoch 53/200, Batch 400, Aver_Loss: 1776.6040
[early-stopping] Epoch 53: new best val ELBO = -1775.361240
Epoch 54/200, Batch 100, Aver_Loss: 1796.8656
Epoch 54/200, Batch 200, Aver_Loss: 1775.4589
Epoch 54/200, Batch 300, Aver_Loss: 1800.5421
Epoch 54/200, Batch 400, Aver_Loss: 1782.6406
[early-stopping] Epoch 54: new best val ELBO = -1774.927872
Epoch 55/200, Batch 100, Aver_Loss: 1816.1798
Epoch 55/200, Batch 200, Aver_Loss: 1760.8572
Epoch 55/200, Batch 300, Aver_Loss: 1796.8539
Epoch 55/200, Batch 400, Aver_Loss: 1755.2173
[early-stopping] Epoch 55: no improvement (1/20)
Epoch 56/200, Batch 100, Aver_Loss: 1795.4070
Epoch 56/200, Batch 200, Aver_Loss: 1824.5543
Epoch 56/200, Batch 300, Aver_Loss: 1805.7261
Epoch 56/200, Batch 400, Aver_Loss: 1753.1228
[early-stopping] Epoch 56: no improvement (2/20)
Epoch 57/200, Batch 100, Aver_Loss: 1744.9806
Epoch 57/200, Batch 200, Aver_Loss: 1797.7039
Epoch 57/200, Batch 300, Aver_Loss: 1806.5273
Epoch 57/200, Batch 400, Aver_Loss: 1802.8729
[early-stopping] Epoch 57: new best val ELBO = -1774.129066
Epoch 58/200, Batch 100, Aver_Loss: 1784.2010
Epoch 58/200, Batch 200, Aver_Loss: 1750.9561
Epoch 58/200, Batch 300, Aver_Loss: 1734.8815
Epoch 58/200, Batch 400, Aver_Loss: 1759.3878
[early-stopping] Epoch 58: no improvement (1/20)
Epoch 59/200, Batch 100, Aver_Loss: 1786.3335
Epoch 59/200, Batch 200, Aver_Loss: 1775.5371
Epoch 59/200, Batch 300, Aver_Loss: 1815.7271
Epoch 59/200, Batch 400, Aver_Loss: 1758.2402
[early-stopping] Epoch 59: no improvement (2/20)
Epoch 60/200, Batch 100, Aver_Loss: 1798.7876
Epoch 60/200, Batch 200, Aver_Loss: 1813.9012
Epoch 60/200, Batch 300, Aver_Loss: 1783.2656
Epoch 60/200, Batch 400, Aver_Loss: 1770.8143
[early-stopping] Epoch 60: no improvement (3/20)
Epoch 61/200, Batch 100, Aver_Loss: 1800.6342
Epoch 61/200, Batch 200, Aver_Loss: 1748.2568
Epoch 61/200, Batch 300, Aver_Loss: 1779.9766
Epoch 61/200, Batch 400, Aver_Loss: 1787.7367
[early-stopping] Epoch 61: no improvement (4/20)
Epoch 62/200, Batch 100, Aver_Loss: 1787.3828
Epoch 62/200, Batch 200, Aver_Loss: 1750.4459
Epoch 62/200, Batch 300, Aver_Loss: 1789.5449
Epoch 62/200, Batch 400, Aver_Loss: 1797.3271
[early-stopping] Epoch 62: no improvement (5/20)
Epoch 63/200, Batch 100, Aver_Loss: 1794.3846
Epoch 63/200, Batch 200, Aver_Loss: 1766.7048
Epoch 63/200, Batch 300, Aver_Loss: 1775.2916
Epoch 63/200, Batch 400, Aver_Loss: 1789.1993
[early-stopping] Epoch 63: new best val ELBO = -1773.931877
Epoch 64/200, Batch 100, Aver_Loss: 1737.7614
Epoch 64/200, Batch 200, Aver_Loss: 1740.6727
Epoch 64/200, Batch 300, Aver_Loss: 1773.5120
Epoch 64/200, Batch 400, Aver_Loss: 1692.2701
[early-stopping] Epoch 64: new best val ELBO = -1773.469230
Epoch 65/200, Batch 100, Aver_Loss: 1735.8312
Epoch 65/200, Batch 200, Aver_Loss: 1746.4131
Epoch 65/200, Batch 300, Aver_Loss: 1758.9891
Epoch 65/200, Batch 400, Aver_Loss: 1736.9689
[early-stopping] Epoch 65: new best val ELBO = -1773.404113
Epoch 66/200, Batch 100, Aver_Loss: 1784.4991
Epoch 66/200, Batch 200, Aver_Loss: 1764.5309
Epoch 66/200, Batch 300, Aver_Loss: 1808.9761
Epoch 66/200, Batch 400, Aver_Loss: 1736.7278
[early-stopping] Epoch 66: new best val ELBO = -1773.065370
Epoch 67/200, Batch 100, Aver_Loss: 1765.3770
Epoch 67/200, Batch 200, Aver_Loss: 1784.8451
Epoch 67/200, Batch 300, Aver_Loss: 1783.4681
Epoch 67/200, Batch 400, Aver_Loss: 1783.5789
[early-stopping] Epoch 67: no improvement (1/20)
Epoch 68/200, Batch 100, Aver_Loss: 1793.9275
Epoch 68/200, Batch 200, Aver_Loss: 1794.7665
Epoch 68/200, Batch 300, Aver_Loss: 1774.9896
Epoch 68/200, Batch 400, Aver_Loss: 1760.0829
[early-stopping] Epoch 68: no improvement (2/20)
Epoch 69/200, Batch 100, Aver_Loss: 1801.5793
Epoch 69/200, Batch 200, Aver_Loss: 1804.9633
Epoch 69/200, Batch 300, Aver_Loss: 1800.2104
Epoch 69/200, Batch 400, Aver_Loss: 1812.2567
[early-stopping] Epoch 69: no improvement (3/20)
Epoch 70/200, Batch 100, Aver_Loss: 1762.4677
Epoch 70/200, Batch 200, Aver_Loss: 1727.5974
Epoch 70/200, Batch 300, Aver_Loss: 1824.1865
Epoch 70/200, Batch 400, Aver_Loss: 1789.8257
[early-stopping] Epoch 70: no improvement (4/20)
Epoch 71/200, Batch 100, Aver_Loss: 1751.3789
Epoch 71/200, Batch 200, Aver_Loss: 1813.8590
Epoch 71/200, Batch 300, Aver_Loss: 1813.6836
Epoch 71/200, Batch 400, Aver_Loss: 1723.8971
[early-stopping] Epoch 71: no improvement (5/20)
Epoch 72/200, Batch 100, Aver_Loss: 1794.0896
Epoch 72/200, Batch 200, Aver_Loss: 1773.7433
Epoch 72/200, Batch 300, Aver_Loss: 1760.8779
Epoch 72/200, Batch 400, Aver_Loss: 1757.3835
[early-stopping] Epoch 72: no improvement (6/20)
Epoch 73/200, Batch 100, Aver_Loss: 1809.1759
Epoch 73/200, Batch 200, Aver_Loss: 1820.0699
Epoch 73/200, Batch 300, Aver_Loss: 1757.2559
Epoch 73/200, Batch 400, Aver_Loss: 1788.2902
[early-stopping] Epoch 73: no improvement (7/20)
Epoch 74/200, Batch 100, Aver_Loss: 1778.1094
Epoch 74/200, Batch 200, Aver_Loss: 1745.0352
Epoch 74/200, Batch 300, Aver_Loss: 1763.8752
Epoch 74/200, Batch 400, Aver_Loss: 1791.2528
[early-stopping] Epoch 74: no improvement (8/20)
Epoch 75/200, Batch 100, Aver_Loss: 1772.7523
Epoch 75/200, Batch 200, Aver_Loss: 1771.5192
Epoch 75/200, Batch 300, Aver_Loss: 1766.3661
Epoch 75/200, Batch 400, Aver_Loss: 1780.5286
[early-stopping] Epoch 75: no improvement (9/20)
Epoch 76/200, Batch 100, Aver_Loss: 1830.9373
Epoch 76/200, Batch 200, Aver_Loss: 1785.7310
Epoch 76/200, Batch 300, Aver_Loss: 1758.7561
Epoch 76/200, Batch 400, Aver_Loss: 1747.3652
[early-stopping] Epoch 76: no improvement (10/20)
Epoch 77/200, Batch 100, Aver_Loss: 1794.7185
Epoch 77/200, Batch 200, Aver_Loss: 1775.9969
Epoch 77/200, Batch 300, Aver_Loss: 1801.9099
Epoch 77/200, Batch 400, Aver_Loss: 1764.9263
[early-stopping] Epoch 77: new best val ELBO = -1771.669842
Epoch 78/200, Batch 100, Aver_Loss: 1724.0421
Epoch 78/200, Batch 200, Aver_Loss: 1795.4705
Epoch 78/200, Batch 300, Aver_Loss: 1794.3344
Epoch 78/200, Batch 400, Aver_Loss: 1791.3895
[early-stopping] Epoch 78: no improvement (1/20)
Epoch 79/200, Batch 100, Aver_Loss: 1817.1820
Epoch 79/200, Batch 200, Aver_Loss: 1791.6281
Epoch 79/200, Batch 300, Aver_Loss: 1778.1476
Epoch 79/200, Batch 400, Aver_Loss: 1812.7604
[early-stopping] Epoch 79: no improvement (2/20)
Epoch 80/200, Batch 100, Aver_Loss: 1771.5736
Epoch 80/200, Batch 200, Aver_Loss: 1776.4280
Epoch 80/200, Batch 300, Aver_Loss: 1773.4629
Epoch 80/200, Batch 400, Aver_Loss: 1774.8539
[early-stopping] Epoch 80: no improvement (3/20)
Epoch 81/200, Batch 100, Aver_Loss: 1782.4807
Epoch 81/200, Batch 200, Aver_Loss: 1723.2361
Epoch 81/200, Batch 300, Aver_Loss: 1721.0743
Epoch 81/200, Batch 400, Aver_Loss: 1772.3411
[early-stopping] Epoch 81: no improvement (4/20)
Epoch 82/200, Batch 100, Aver_Loss: 1742.5145
Epoch 82/200, Batch 200, Aver_Loss: 1757.3348
Epoch 82/200, Batch 300, Aver_Loss: 1760.0306
Epoch 82/200, Batch 400, Aver_Loss: 1776.6648
[early-stopping] Epoch 82: no improvement (5/20)
Epoch 83/200, Batch 100, Aver_Loss: 1750.8433
Epoch 83/200, Batch 200, Aver_Loss: 1706.7935
Epoch 83/200, Batch 300, Aver_Loss: 1793.7830
Epoch 83/200, Batch 400, Aver_Loss: 1733.1938
[early-stopping] Epoch 83: no improvement (6/20)
Epoch 84/200, Batch 100, Aver_Loss: 1809.0254
Epoch 84/200, Batch 200, Aver_Loss: 1763.3221
Epoch 84/200, Batch 300, Aver_Loss: 1777.4242
Epoch 84/200, Batch 400, Aver_Loss: 1739.1881
[early-stopping] Epoch 84: no improvement (7/20)
Epoch 85/200, Batch 100, Aver_Loss: 1805.6478
Epoch 85/200, Batch 200, Aver_Loss: 1804.6877
Epoch 85/200, Batch 300, Aver_Loss: 1757.7788
Epoch 85/200, Batch 400, Aver_Loss: 1711.2212
[early-stopping] Epoch 85: no improvement (8/20)
Epoch 86/200, Batch 100, Aver_Loss: 1788.2745
Epoch 86/200, Batch 200, Aver_Loss: 1804.4523
Epoch 86/200, Batch 300, Aver_Loss: 1763.6742
Epoch 86/200, Batch 400, Aver_Loss: 1819.6208
[early-stopping] Epoch 86: no improvement (9/20)
Epoch 87/200, Batch 100, Aver_Loss: 1756.3206
Epoch 87/200, Batch 200, Aver_Loss: 1757.3457
Epoch 87/200, Batch 300, Aver_Loss: 1755.9612
Epoch 87/200, Batch 400, Aver_Loss: 1768.4685
[early-stopping] Epoch 87: no improvement (10/20)
Epoch 88/200, Batch 100, Aver_Loss: 1744.9254
Epoch 88/200, Batch 200, Aver_Loss: 1817.1560
Epoch 88/200, Batch 300, Aver_Loss: 1800.6929
Epoch 88/200, Batch 400, Aver_Loss: 1758.7544
[early-stopping] Epoch 88: no improvement (11/20)
Epoch 89/200, Batch 100, Aver_Loss: 1718.3879
Epoch 89/200, Batch 200, Aver_Loss: 1763.7089
Epoch 89/200, Batch 300, Aver_Loss: 1760.1748
Epoch 89/200, Batch 400, Aver_Loss: 1742.7798
[early-stopping] Epoch 89: no improvement (12/20)
Epoch 90/200, Batch 100, Aver_Loss: 1687.3210
Epoch 90/200, Batch 200, Aver_Loss: 1724.4510
Epoch 90/200, Batch 300, Aver_Loss: 1769.8770
Epoch 90/200, Batch 400, Aver_Loss: 1735.4750
[early-stopping] Epoch 90: no improvement (13/20)
Epoch 91/200, Batch 100, Aver_Loss: 1798.5951
Epoch 91/200, Batch 200, Aver_Loss: 1747.2682
Epoch 91/200, Batch 300, Aver_Loss: 1784.5409
Epoch 91/200, Batch 400, Aver_Loss: 1822.3339
[early-stopping] Epoch 91: new best val ELBO = -1771.398888
Epoch 92/200, Batch 100, Aver_Loss: 1779.2009
Epoch 92/200, Batch 200, Aver_Loss: 1779.0703
Epoch 92/200, Batch 300, Aver_Loss: 1800.3339
Epoch 92/200, Batch 400, Aver_Loss: 1813.3578
[early-stopping] Epoch 92: no improvement (1/20)
Epoch 93/200, Batch 100, Aver_Loss: 1767.8979
Epoch 93/200, Batch 200, Aver_Loss: 1763.8835
Epoch 93/200, Batch 300, Aver_Loss: 1748.8384
Epoch 93/200, Batch 400, Aver_Loss: 1793.1378
[early-stopping] Epoch 93: no improvement (2/20)
Epoch 94/200, Batch 100, Aver_Loss: 1744.0101
Epoch 94/200, Batch 200, Aver_Loss: 1757.1201
Epoch 94/200, Batch 300, Aver_Loss: 1712.9456
Epoch 94/200, Batch 400, Aver_Loss: 1829.7728
[early-stopping] Epoch 94: no improvement (3/20)
Epoch 95/200, Batch 100, Aver_Loss: 1749.3948
Epoch 95/200, Batch 200, Aver_Loss: 1756.3284
Epoch 95/200, Batch 300, Aver_Loss: 1752.3411
Epoch 95/200, Batch 400, Aver_Loss: 1798.4890
[early-stopping] Epoch 95: new best val ELBO = -1770.930540
Epoch 96/200, Batch 100, Aver_Loss: 1773.9728
Epoch 96/200, Batch 200, Aver_Loss: 1774.4319
Epoch 96/200, Batch 300, Aver_Loss: 1796.2062
Epoch 96/200, Batch 400, Aver_Loss: 1733.5778
[early-stopping] Epoch 96: no improvement (1/20)
Epoch 97/200, Batch 100, Aver_Loss: 1754.6334
Epoch 97/200, Batch 200, Aver_Loss: 1751.4021
Epoch 97/200, Batch 300, Aver_Loss: 1795.7238
Epoch 97/200, Batch 400, Aver_Loss: 1763.7040
[early-stopping] Epoch 97: no improvement (2/20)
Epoch 98/200, Batch 100, Aver_Loss: 1739.9017
Epoch 98/200, Batch 200, Aver_Loss: 1754.5217
Epoch 98/200, Batch 300, Aver_Loss: 1778.6603
Epoch 98/200, Batch 400, Aver_Loss: 1811.5715
[early-stopping] Epoch 98: no improvement (3/20)
Epoch 99/200, Batch 100, Aver_Loss: 1803.9806
Epoch 99/200, Batch 200, Aver_Loss: 1760.2277
Epoch 99/200, Batch 300, Aver_Loss: 1753.7682
Epoch 99/200, Batch 400, Aver_Loss: 1709.2388
[early-stopping] Epoch 99: no improvement (4/20)
Epoch 100/200, Batch 100, Aver_Loss: 1795.9642
Epoch 100/200, Batch 200, Aver_Loss: 1821.4811
Epoch 100/200, Batch 300, Aver_Loss: 1793.7812
Epoch 100/200, Batch 400, Aver_Loss: 1748.0753
[early-stopping] Epoch 100: no improvement (5/20)
Epoch 101/200, Batch 100, Aver_Loss: 1792.8361
Epoch 101/200, Batch 200, Aver_Loss: 1721.8416
Epoch 101/200, Batch 300, Aver_Loss: 1795.1482
Epoch 101/200, Batch 400, Aver_Loss: 1754.4191
[early-stopping] Epoch 101: no improvement (6/20)
Epoch 102/200, Batch 100, Aver_Loss: 1775.9617
Epoch 102/200, Batch 200, Aver_Loss: 1765.7554
Epoch 102/200, Batch 300, Aver_Loss: 1739.3158
Epoch 102/200, Batch 400, Aver_Loss: 1775.4711
[early-stopping] Epoch 102: no improvement (7/20)
Epoch 103/200, Batch 100, Aver_Loss: 1766.8143
Epoch 103/200, Batch 200, Aver_Loss: 1770.4840
Epoch 103/200, Batch 300, Aver_Loss: 1737.6403
Epoch 103/200, Batch 400, Aver_Loss: 1749.7625
[early-stopping] Epoch 103: no improvement (8/20)
Epoch 104/200, Batch 100, Aver_Loss: 1785.0826
Epoch 104/200, Batch 200, Aver_Loss: 1787.7623
Epoch 104/200, Batch 300, Aver_Loss: 1704.9064
Epoch 104/200, Batch 400, Aver_Loss: 1763.0096
[early-stopping] Epoch 104: no improvement (9/20)
Epoch 105/200, Batch 100, Aver_Loss: 1730.0531
Epoch 105/200, Batch 200, Aver_Loss: 1778.4056
Epoch 105/200, Batch 300, Aver_Loss: 1718.6283
Epoch 105/200, Batch 400, Aver_Loss: 1764.8560
[early-stopping] Epoch 105: no improvement (10/20)
Epoch 106/200, Batch 100, Aver_Loss: 1750.3064
Epoch 106/200, Batch 200, Aver_Loss: 1732.6189
Epoch 106/200, Batch 300, Aver_Loss: 1784.3904
Epoch 106/200, Batch 400, Aver_Loss: 1783.4020
[early-stopping] Epoch 106: no improvement (11/20)
Epoch 107/200, Batch 100, Aver_Loss: 1755.9387
Epoch 107/200, Batch 200, Aver_Loss: 1802.0012
Epoch 107/200, Batch 300, Aver_Loss: 1799.8973
Epoch 107/200, Batch 400, Aver_Loss: 1804.5204
[early-stopping] Epoch 107: no improvement (12/20)
Epoch 108/200, Batch 100, Aver_Loss: 1779.2583
Epoch 108/200, Batch 200, Aver_Loss: 1828.0399
Epoch 108/200, Batch 300, Aver_Loss: 1708.6654
Epoch 108/200, Batch 400, Aver_Loss: 1762.7932
[early-stopping] Epoch 108: no improvement (13/20)
Epoch 109/200, Batch 100, Aver_Loss: 1772.4152
Epoch 109/200, Batch 200, Aver_Loss: 1840.5024
Epoch 109/200, Batch 300, Aver_Loss: 1769.9275
Epoch 109/200, Batch 400, Aver_Loss: 1780.7188
[early-stopping] Epoch 109: no improvement (14/20)
Epoch 110/200, Batch 100, Aver_Loss: 1793.7168
Epoch 110/200, Batch 200, Aver_Loss: 1762.2217
Epoch 110/200, Batch 300, Aver_Loss: 1778.7145
Epoch 110/200, Batch 400, Aver_Loss: 1805.2615
[early-stopping] Epoch 110: no improvement (15/20)
Epoch 111/200, Batch 100, Aver_Loss: 1775.3678
Epoch 111/200, Batch 200, Aver_Loss: 1788.8340
Epoch 111/200, Batch 300, Aver_Loss: 1781.9475
Epoch 111/200, Batch 400, Aver_Loss: 1773.1010
[early-stopping] Epoch 111: no improvement (16/20)
Epoch 112/200, Batch 100, Aver_Loss: 1757.2771
Epoch 112/200, Batch 200, Aver_Loss: 1778.5140
Epoch 112/200, Batch 300, Aver_Loss: 1741.5905
Epoch 112/200, Batch 400, Aver_Loss: 1791.2029
[early-stopping] Epoch 112: no improvement (17/20)
Epoch 113/200, Batch 100, Aver_Loss: 1800.8208
Epoch 113/200, Batch 200, Aver_Loss: 1807.5327
Epoch 113/200, Batch 300, Aver_Loss: 1727.1798
Epoch 113/200, Batch 400, Aver_Loss: 1751.3904
[early-stopping] Epoch 113: no improvement (18/20)
Epoch 114/200, Batch 100, Aver_Loss: 1779.5142
Epoch 114/200, Batch 200, Aver_Loss: 1779.4215
Epoch 114/200, Batch 300, Aver_Loss: 1745.0146
Epoch 114/200, Batch 400, Aver_Loss: 1843.0538
[early-stopping] Epoch 114: no improvement (19/20)
Epoch 115/200, Batch 100, Aver_Loss: 1716.5703
Epoch 115/200, Batch 200, Aver_Loss: 1784.4913
Epoch 115/200, Batch 300, Aver_Loss: 1751.7461
Epoch 115/200, Batch 400, Aver_Loss: 1806.4431
[early-stopping] Epoch 115: no improvement (20/20)
[early-stopping] Patience reached. Stopping at epoch 115. Best epoch: 95, best val ELBO: -1770.930540
[early-stopping] Loaded best model from epoch 95 (val ELBO = -1770.930540)
[checkpoint] Saved best model to: trained_parameters/cifar100_zdim32_MVAE.pkl
[saved curves] ./results/CIFAR100/curves/cifar100_mvae_d32_s777.json

==== Evaluation Summary ====
                 model: mvae
   recon/mse_per_pixel: 0.015376
            elbo/train: -1768.200486
             elbo/test: -1770.838785
             mse/train: 0.015057
              mse/test: 0.015376
             probe/acc: 0.167750
             probe/nll: 3.661281
           probe/brier: 0.930385
             probe/ece: 0.021425
           cluster/nmi: 0.220088
           cluster/ari: 0.027735
============================

