/usr/bin/which: no fi_info in (/arf/home/meyavuz/.local/bin:/arf/sw/comp/python/intelpython3/condabin:/arf/sw/comp/python/intelpython3/bin:/usr/share/Modules/bin:/usr/local/bin:/usr/bin:/usr/local/sbin:/usr/sbin)
Extension for Scikit-learn* enabled (https://github.com/uxlfoundation/scikit-learn-intelex)
/arf/home/meyavuz/.conda/envs/sbn/lib/python3.9/site-packages/sklearn/linear_model/_logistic.py:1247: FutureWarning: 'multi_class' was deprecated in version 1.5 and will be removed in 1.7. From then on, it will always use 'multinomial'. Leave it to its default value to avoid this warning.
  warnings.warn(
/arf/home/meyavuz/.conda/envs/sbn/lib/python3.9/site-packages/sklearn/linear_model/_sag.py:348: ConvergenceWarning: The max_iter was reached which means the coef_ did not converge
  warnings.warn(
Epoch 1/200, Batch 100, Aver_Loss: 1924.3042
Epoch 1/200, Batch 200, Aver_Loss: 1913.9459
Epoch 1/200, Batch 300, Aver_Loss: 1866.7301
Epoch 1/200, Batch 400, Aver_Loss: 1863.7848
[early-stopping] Epoch 1: new best val ELBO = -1861.282422
Epoch 2/200, Batch 100, Aver_Loss: 1864.2524
Epoch 2/200, Batch 200, Aver_Loss: 1850.1569
Epoch 2/200, Batch 300, Aver_Loss: 1930.8472
Epoch 2/200, Batch 400, Aver_Loss: 1868.9998
[early-stopping] Epoch 2: new best val ELBO = -1839.737103
Epoch 3/200, Batch 100, Aver_Loss: 1835.7804
Epoch 3/200, Batch 200, Aver_Loss: 1855.5775
Epoch 3/200, Batch 300, Aver_Loss: 1815.3331
Epoch 3/200, Batch 400, Aver_Loss: 1807.2357
[early-stopping] Epoch 3: new best val ELBO = -1822.190694
Epoch 4/200, Batch 100, Aver_Loss: 1848.4861
Epoch 4/200, Batch 200, Aver_Loss: 1854.6923
Epoch 4/200, Batch 300, Aver_Loss: 1865.0859
Epoch 4/200, Batch 400, Aver_Loss: 1876.0756
[early-stopping] Epoch 4: new best val ELBO = -1812.059502
Epoch 5/200, Batch 100, Aver_Loss: 1845.1979
Epoch 5/200, Batch 200, Aver_Loss: 1802.0734
Epoch 5/200, Batch 300, Aver_Loss: 1809.1041
Epoch 5/200, Batch 400, Aver_Loss: 1836.3939
[early-stopping] Epoch 5: no improvement (1/20)
Epoch 6/200, Batch 100, Aver_Loss: 1860.6440
Epoch 6/200, Batch 200, Aver_Loss: 1843.8921
Epoch 6/200, Batch 300, Aver_Loss: 1826.5723
Epoch 6/200, Batch 400, Aver_Loss: 1825.8817
[early-stopping] Epoch 6: no improvement (2/20)
Epoch 7/200, Batch 100, Aver_Loss: 1817.6107
Epoch 7/200, Batch 200, Aver_Loss: 1803.2211
Epoch 7/200, Batch 300, Aver_Loss: 1789.2686
Epoch 7/200, Batch 400, Aver_Loss: 1838.3105
[early-stopping] Epoch 7: new best val ELBO = -1803.971243
Epoch 8/200, Batch 100, Aver_Loss: 1814.7897
Epoch 8/200, Batch 200, Aver_Loss: 1829.9187
Epoch 8/200, Batch 300, Aver_Loss: 1847.4321
Epoch 8/200, Batch 400, Aver_Loss: 1795.7502
[early-stopping] Epoch 8: new best val ELBO = -1798.314317
Epoch 9/200, Batch 100, Aver_Loss: 1734.0835
Epoch 9/200, Batch 200, Aver_Loss: 1807.6100
Epoch 9/200, Batch 300, Aver_Loss: 1780.1519
Epoch 9/200, Batch 400, Aver_Loss: 1771.0939
[early-stopping] Epoch 9: no improvement (1/20)
Epoch 10/200, Batch 100, Aver_Loss: 1803.7926
Epoch 10/200, Batch 200, Aver_Loss: 1840.2875
Epoch 10/200, Batch 300, Aver_Loss: 1798.5386
Epoch 10/200, Batch 400, Aver_Loss: 1772.6865
[early-stopping] Epoch 10: new best val ELBO = -1794.082935
Epoch 11/200, Batch 100, Aver_Loss: 1784.0587
Epoch 11/200, Batch 200, Aver_Loss: 1827.0438
Epoch 11/200, Batch 300, Aver_Loss: 1813.9727
Epoch 11/200, Batch 400, Aver_Loss: 1840.0365
[early-stopping] Epoch 11: new best val ELBO = -1792.780371
Epoch 12/200, Batch 100, Aver_Loss: 1813.8058
Epoch 12/200, Batch 200, Aver_Loss: 1805.8392
Epoch 12/200, Batch 300, Aver_Loss: 1799.3123
Epoch 12/200, Batch 400, Aver_Loss: 1800.6992
[early-stopping] Epoch 12: no improvement (1/20)
Epoch 13/200, Batch 100, Aver_Loss: 1750.1725
Epoch 13/200, Batch 200, Aver_Loss: 1795.1006
Epoch 13/200, Batch 300, Aver_Loss: 1839.2687
Epoch 13/200, Batch 400, Aver_Loss: 1802.1224
[early-stopping] Epoch 13: no improvement (2/20)
Epoch 14/200, Batch 100, Aver_Loss: 1800.3787
Epoch 14/200, Batch 200, Aver_Loss: 1833.7274
Epoch 14/200, Batch 300, Aver_Loss: 1808.7611
Epoch 14/200, Batch 400, Aver_Loss: 1774.9459
[early-stopping] Epoch 14: no improvement (3/20)
Epoch 15/200, Batch 100, Aver_Loss: 1798.2181
Epoch 15/200, Batch 200, Aver_Loss: 1812.2848
Epoch 15/200, Batch 300, Aver_Loss: 1715.9662
Epoch 15/200, Batch 400, Aver_Loss: 1805.9287
[early-stopping] Epoch 15: no improvement (4/20)
Epoch 16/200, Batch 100, Aver_Loss: 1830.6631
Epoch 16/200, Batch 200, Aver_Loss: 1834.8271
Epoch 16/200, Batch 300, Aver_Loss: 1774.6196
Epoch 16/200, Batch 400, Aver_Loss: 1813.7291
[early-stopping] Epoch 16: no improvement (5/20)
Epoch 17/200, Batch 100, Aver_Loss: 1794.8169
Epoch 17/200, Batch 200, Aver_Loss: 1722.9668
Epoch 17/200, Batch 300, Aver_Loss: 1760.6133
Epoch 17/200, Batch 400, Aver_Loss: 1838.6825
[early-stopping] Epoch 17: new best val ELBO = -1788.392344
Epoch 18/200, Batch 100, Aver_Loss: 1765.1965
Epoch 18/200, Batch 200, Aver_Loss: 1818.9688
Epoch 18/200, Batch 300, Aver_Loss: 1793.2804
Epoch 18/200, Batch 400, Aver_Loss: 1786.2368
[early-stopping] Epoch 18: no improvement (1/20)
Epoch 19/200, Batch 100, Aver_Loss: 1776.8666
Epoch 19/200, Batch 200, Aver_Loss: 1785.1715
Epoch 19/200, Batch 300, Aver_Loss: 1762.4855
Epoch 19/200, Batch 400, Aver_Loss: 1796.8356
[early-stopping] Epoch 19: no improvement (2/20)
Epoch 20/200, Batch 100, Aver_Loss: 1821.9503
Epoch 20/200, Batch 200, Aver_Loss: 1760.2997
Epoch 20/200, Batch 300, Aver_Loss: 1767.0002
Epoch 20/200, Batch 400, Aver_Loss: 1785.1367
[early-stopping] Epoch 20: no improvement (3/20)
Epoch 21/200, Batch 100, Aver_Loss: 1793.3108
Epoch 21/200, Batch 200, Aver_Loss: 1829.5710
Epoch 21/200, Batch 300, Aver_Loss: 1820.1216
Epoch 21/200, Batch 400, Aver_Loss: 1744.0533
[early-stopping] Epoch 21: new best val ELBO = -1786.984557
Epoch 22/200, Batch 100, Aver_Loss: 1761.0101
Epoch 22/200, Batch 200, Aver_Loss: 1780.4846
Epoch 22/200, Batch 300, Aver_Loss: 1774.5153
Epoch 22/200, Batch 400, Aver_Loss: 1763.0591
[early-stopping] Epoch 22: no improvement (1/20)
Epoch 23/200, Batch 100, Aver_Loss: 1745.8153
Epoch 23/200, Batch 200, Aver_Loss: 1822.4241
Epoch 23/200, Batch 300, Aver_Loss: 1771.5260
Epoch 23/200, Batch 400, Aver_Loss: 1815.5894
[early-stopping] Epoch 23: no improvement (2/20)
Epoch 24/200, Batch 100, Aver_Loss: 1793.5150
Epoch 24/200, Batch 200, Aver_Loss: 1768.0553
Epoch 24/200, Batch 300, Aver_Loss: 1784.7350
Epoch 24/200, Batch 400, Aver_Loss: 1785.6621
[early-stopping] Epoch 24: no improvement (3/20)
Epoch 25/200, Batch 100, Aver_Loss: 1780.4174
Epoch 25/200, Batch 200, Aver_Loss: 1794.7220
Epoch 25/200, Batch 300, Aver_Loss: 1799.5090
Epoch 25/200, Batch 400, Aver_Loss: 1848.9741
[early-stopping] Epoch 25: new best val ELBO = -1781.646303
Epoch 26/200, Batch 100, Aver_Loss: 1764.7823
Epoch 26/200, Batch 200, Aver_Loss: 1810.3279
Epoch 26/200, Batch 300, Aver_Loss: 1788.0453
Epoch 26/200, Batch 400, Aver_Loss: 1801.6595
[early-stopping] Epoch 26: no improvement (1/20)
Epoch 27/200, Batch 100, Aver_Loss: 1796.8722
Epoch 27/200, Batch 200, Aver_Loss: 1784.0125
Epoch 27/200, Batch 300, Aver_Loss: 1832.9894
Epoch 27/200, Batch 400, Aver_Loss: 1843.1089
[early-stopping] Epoch 27: no improvement (2/20)
Epoch 28/200, Batch 100, Aver_Loss: 1765.2975
Epoch 28/200, Batch 200, Aver_Loss: 1790.1831
Epoch 28/200, Batch 300, Aver_Loss: 1811.6687
Epoch 28/200, Batch 400, Aver_Loss: 1784.6979
[early-stopping] Epoch 28: no improvement (3/20)
Epoch 29/200, Batch 100, Aver_Loss: 1735.0907
Epoch 29/200, Batch 200, Aver_Loss: 1790.8801
Epoch 29/200, Batch 300, Aver_Loss: 1798.4984
Epoch 29/200, Batch 400, Aver_Loss: 1706.9342
[early-stopping] Epoch 29: no improvement (4/20)
Epoch 30/200, Batch 100, Aver_Loss: 1766.7057
Epoch 30/200, Batch 200, Aver_Loss: 1835.2670
Epoch 30/200, Batch 300, Aver_Loss: 1805.0917
Epoch 30/200, Batch 400, Aver_Loss: 1773.8522
[early-stopping] Epoch 30: no improvement (5/20)
Epoch 31/200, Batch 100, Aver_Loss: 1767.0643
Epoch 31/200, Batch 200, Aver_Loss: 1806.4409
Epoch 31/200, Batch 300, Aver_Loss: 1744.2023
Epoch 31/200, Batch 400, Aver_Loss: 1780.9884
[early-stopping] Epoch 31: no improvement (6/20)
Epoch 32/200, Batch 100, Aver_Loss: 1785.7480
Epoch 32/200, Batch 200, Aver_Loss: 1820.9325
Epoch 32/200, Batch 300, Aver_Loss: 1757.9181
Epoch 32/200, Batch 400, Aver_Loss: 1766.9789
[early-stopping] Epoch 32: no improvement (7/20)
Epoch 33/200, Batch 100, Aver_Loss: 1743.2162
Epoch 33/200, Batch 200, Aver_Loss: 1819.8091
Epoch 33/200, Batch 300, Aver_Loss: 1808.4259
Epoch 33/200, Batch 400, Aver_Loss: 1768.4069
[early-stopping] Epoch 33: no improvement (8/20)
Epoch 34/200, Batch 100, Aver_Loss: 1791.6521
Epoch 34/200, Batch 200, Aver_Loss: 1805.1016
Epoch 34/200, Batch 300, Aver_Loss: 1821.8516
Epoch 34/200, Batch 400, Aver_Loss: 1792.6283
[early-stopping] Epoch 34: no improvement (9/20)
Epoch 35/200, Batch 100, Aver_Loss: 1827.4640
Epoch 35/200, Batch 200, Aver_Loss: 1779.4790
Epoch 35/200, Batch 300, Aver_Loss: 1820.0671
Epoch 35/200, Batch 400, Aver_Loss: 1781.6017
[early-stopping] Epoch 35: new best val ELBO = -1780.644386
Epoch 36/200, Batch 100, Aver_Loss: 1788.5643
Epoch 36/200, Batch 200, Aver_Loss: 1724.2256
Epoch 36/200, Batch 300, Aver_Loss: 1764.6947
Epoch 36/200, Batch 400, Aver_Loss: 1780.4556
[early-stopping] Epoch 36: no improvement (1/20)
Epoch 37/200, Batch 100, Aver_Loss: 1764.1177
Epoch 37/200, Batch 200, Aver_Loss: 1768.1099
Epoch 37/200, Batch 300, Aver_Loss: 1834.5228
Epoch 37/200, Batch 400, Aver_Loss: 1852.5868
[early-stopping] Epoch 37: no improvement (2/20)
Epoch 38/200, Batch 100, Aver_Loss: 1783.2396
Epoch 38/200, Batch 200, Aver_Loss: 1749.4086
Epoch 38/200, Batch 300, Aver_Loss: 1797.9098
Epoch 38/200, Batch 400, Aver_Loss: 1813.7780
[early-stopping] Epoch 38: new best val ELBO = -1780.572051
Epoch 39/200, Batch 100, Aver_Loss: 1780.6833
Epoch 39/200, Batch 200, Aver_Loss: 1790.3036
Epoch 39/200, Batch 300, Aver_Loss: 1771.5258
Epoch 39/200, Batch 400, Aver_Loss: 1801.2450
[early-stopping] Epoch 39: no improvement (1/20)
Epoch 40/200, Batch 100, Aver_Loss: 1787.3806
Epoch 40/200, Batch 200, Aver_Loss: 1786.8446
Epoch 40/200, Batch 300, Aver_Loss: 1815.3479
Epoch 40/200, Batch 400, Aver_Loss: 1745.6002
[early-stopping] Epoch 40: new best val ELBO = -1780.019969
Epoch 41/200, Batch 100, Aver_Loss: 1760.9998
Epoch 41/200, Batch 200, Aver_Loss: 1820.3895
Epoch 41/200, Batch 300, Aver_Loss: 1752.7952
Epoch 41/200, Batch 400, Aver_Loss: 1770.6810
[early-stopping] Epoch 41: no improvement (1/20)
Epoch 42/200, Batch 100, Aver_Loss: 1802.1079
Epoch 42/200, Batch 200, Aver_Loss: 1816.8644
Epoch 42/200, Batch 300, Aver_Loss: 1823.7617
Epoch 42/200, Batch 400, Aver_Loss: 1761.9767
[early-stopping] Epoch 42: no improvement (2/20)
Epoch 43/200, Batch 100, Aver_Loss: 1787.2367
Epoch 43/200, Batch 200, Aver_Loss: 1851.1943
Epoch 43/200, Batch 300, Aver_Loss: 1804.9905
Epoch 43/200, Batch 400, Aver_Loss: 1779.3969
[early-stopping] Epoch 43: new best val ELBO = -1777.418041
Epoch 44/200, Batch 100, Aver_Loss: 1789.4846
Epoch 44/200, Batch 200, Aver_Loss: 1792.2682
Epoch 44/200, Batch 300, Aver_Loss: 1822.5962
Epoch 44/200, Batch 400, Aver_Loss: 1782.6183
[early-stopping] Epoch 44: no improvement (1/20)
Epoch 45/200, Batch 100, Aver_Loss: 1744.9132
Epoch 45/200, Batch 200, Aver_Loss: 1778.6350
Epoch 45/200, Batch 300, Aver_Loss: 1757.9192
Epoch 45/200, Batch 400, Aver_Loss: 1761.1357
[early-stopping] Epoch 45: new best val ELBO = -1776.563353
Epoch 46/200, Batch 100, Aver_Loss: 1772.6844
Epoch 46/200, Batch 200, Aver_Loss: 1778.9113
Epoch 46/200, Batch 300, Aver_Loss: 1804.9265
Epoch 46/200, Batch 400, Aver_Loss: 1791.8456
[early-stopping] Epoch 46: no improvement (1/20)
Epoch 47/200, Batch 100, Aver_Loss: 1807.0631
Epoch 47/200, Batch 200, Aver_Loss: 1722.5889
Epoch 47/200, Batch 300, Aver_Loss: 1752.9253
Epoch 47/200, Batch 400, Aver_Loss: 1806.4199
[early-stopping] Epoch 47: no improvement (2/20)
Epoch 48/200, Batch 100, Aver_Loss: 1791.7776
Epoch 48/200, Batch 200, Aver_Loss: 1815.1554
Epoch 48/200, Batch 300, Aver_Loss: 1787.2313
Epoch 48/200, Batch 400, Aver_Loss: 1767.5542
[early-stopping] Epoch 48: no improvement (3/20)
Epoch 49/200, Batch 100, Aver_Loss: 1804.4349
Epoch 49/200, Batch 200, Aver_Loss: 1844.7784
Epoch 49/200, Batch 300, Aver_Loss: 1736.7622
Epoch 49/200, Batch 400, Aver_Loss: 1783.7216
[early-stopping] Epoch 49: no improvement (4/20)
Epoch 50/200, Batch 100, Aver_Loss: 1772.5486
Epoch 50/200, Batch 200, Aver_Loss: 1807.1213
Epoch 50/200, Batch 300, Aver_Loss: 1797.3075
Epoch 50/200, Batch 400, Aver_Loss: 1724.1222
[early-stopping] Epoch 50: no improvement (5/20)
Epoch 51/200, Batch 100, Aver_Loss: 1794.1233
Epoch 51/200, Batch 200, Aver_Loss: 1807.9604
Epoch 51/200, Batch 300, Aver_Loss: 1754.1417
Epoch 51/200, Batch 400, Aver_Loss: 1775.5195
[early-stopping] Epoch 51: no improvement (6/20)
Epoch 52/200, Batch 100, Aver_Loss: 1777.3396
Epoch 52/200, Batch 200, Aver_Loss: 1790.7648
Epoch 52/200, Batch 300, Aver_Loss: 1790.1808
Epoch 52/200, Batch 400, Aver_Loss: 1785.7451
[early-stopping] Epoch 52: no improvement (7/20)
Epoch 53/200, Batch 100, Aver_Loss: 1817.4353
Epoch 53/200, Batch 200, Aver_Loss: 1808.6300
Epoch 53/200, Batch 300, Aver_Loss: 1780.7211
Epoch 53/200, Batch 400, Aver_Loss: 1798.1239
[early-stopping] Epoch 53: no improvement (8/20)
Epoch 54/200, Batch 100, Aver_Loss: 1810.7970
Epoch 54/200, Batch 200, Aver_Loss: 1770.7424
Epoch 54/200, Batch 300, Aver_Loss: 1775.9164
Epoch 54/200, Batch 400, Aver_Loss: 1797.5018
[early-stopping] Epoch 54: no improvement (9/20)
Epoch 55/200, Batch 100, Aver_Loss: 1790.3495
Epoch 55/200, Batch 200, Aver_Loss: 1732.9702
Epoch 55/200, Batch 300, Aver_Loss: 1769.9208
Epoch 55/200, Batch 400, Aver_Loss: 1769.8530
[early-stopping] Epoch 55: no improvement (10/20)
Epoch 56/200, Batch 100, Aver_Loss: 1787.6083
Epoch 56/200, Batch 200, Aver_Loss: 1771.1781
Epoch 56/200, Batch 300, Aver_Loss: 1746.6936
Epoch 56/200, Batch 400, Aver_Loss: 1815.6588
[early-stopping] Epoch 56: no improvement (11/20)
Epoch 57/200, Batch 100, Aver_Loss: 1839.2252
Epoch 57/200, Batch 200, Aver_Loss: 1804.8490
Epoch 57/200, Batch 300, Aver_Loss: 1837.2507
Epoch 57/200, Batch 400, Aver_Loss: 1780.0967
[early-stopping] Epoch 57: no improvement (12/20)
Epoch 58/200, Batch 100, Aver_Loss: 1762.0018
Epoch 58/200, Batch 200, Aver_Loss: 1787.2859
Epoch 58/200, Batch 300, Aver_Loss: 1831.2745
Epoch 58/200, Batch 400, Aver_Loss: 1757.8136
[early-stopping] Epoch 58: no improvement (13/20)
Epoch 59/200, Batch 100, Aver_Loss: 1805.2515
Epoch 59/200, Batch 200, Aver_Loss: 1763.1029
Epoch 59/200, Batch 300, Aver_Loss: 1776.9216
Epoch 59/200, Batch 400, Aver_Loss: 1772.8477
[early-stopping] Epoch 59: no improvement (14/20)
Epoch 60/200, Batch 100, Aver_Loss: 1793.6620
Epoch 60/200, Batch 200, Aver_Loss: 1764.1547
Epoch 60/200, Batch 300, Aver_Loss: 1812.2988
Epoch 60/200, Batch 400, Aver_Loss: 1756.7407
[early-stopping] Epoch 60: no improvement (15/20)
Epoch 61/200, Batch 100, Aver_Loss: 1787.7144
Epoch 61/200, Batch 200, Aver_Loss: 1779.2085
Epoch 61/200, Batch 300, Aver_Loss: 1787.0089
Epoch 61/200, Batch 400, Aver_Loss: 1748.7704
[early-stopping] Epoch 61: new best val ELBO = -1776.513028
Epoch 62/200, Batch 100, Aver_Loss: 1777.3142
Epoch 62/200, Batch 200, Aver_Loss: 1754.7412
Epoch 62/200, Batch 300, Aver_Loss: 1752.3790
Epoch 62/200, Batch 400, Aver_Loss: 1701.8573
[early-stopping] Epoch 62: no improvement (1/20)
Epoch 63/200, Batch 100, Aver_Loss: 1773.5402
Epoch 63/200, Batch 200, Aver_Loss: 1713.5247
Epoch 63/200, Batch 300, Aver_Loss: 1739.8829
Epoch 63/200, Batch 400, Aver_Loss: 1720.2356
[early-stopping] Epoch 63: new best val ELBO = -1775.681431
Epoch 64/200, Batch 100, Aver_Loss: 1785.2646
Epoch 64/200, Batch 200, Aver_Loss: 1764.3914
Epoch 64/200, Batch 300, Aver_Loss: 1775.8295
Epoch 64/200, Batch 400, Aver_Loss: 1794.9001
[early-stopping] Epoch 64: no improvement (1/20)
Epoch 65/200, Batch 100, Aver_Loss: 1840.7218
Epoch 65/200, Batch 200, Aver_Loss: 1798.3740
Epoch 65/200, Batch 300, Aver_Loss: 1729.7285
Epoch 65/200, Batch 400, Aver_Loss: 1767.2852
[early-stopping] Epoch 65: no improvement (2/20)
Epoch 66/200, Batch 100, Aver_Loss: 1824.2483
Epoch 66/200, Batch 200, Aver_Loss: 1771.8383
Epoch 66/200, Batch 300, Aver_Loss: 1738.8231
Epoch 66/200, Batch 400, Aver_Loss: 1756.0392
[early-stopping] Epoch 66: no improvement (3/20)
Epoch 67/200, Batch 100, Aver_Loss: 1764.4568
Epoch 67/200, Batch 200, Aver_Loss: 1815.0161
Epoch 67/200, Batch 300, Aver_Loss: 1790.3357
Epoch 67/200, Batch 400, Aver_Loss: 1834.3064
[early-stopping] Epoch 67: no improvement (4/20)
Epoch 68/200, Batch 100, Aver_Loss: 1769.0009
Epoch 68/200, Batch 200, Aver_Loss: 1731.0000
Epoch 68/200, Batch 300, Aver_Loss: 1756.5432
Epoch 68/200, Batch 400, Aver_Loss: 1798.7980
[early-stopping] Epoch 68: no improvement (5/20)
Epoch 69/200, Batch 100, Aver_Loss: 1755.0425
Epoch 69/200, Batch 200, Aver_Loss: 1750.7639
Epoch 69/200, Batch 300, Aver_Loss: 1773.0640
Epoch 69/200, Batch 400, Aver_Loss: 1776.3387
[early-stopping] Epoch 69: no improvement (6/20)
Epoch 70/200, Batch 100, Aver_Loss: 1760.8967
Epoch 70/200, Batch 200, Aver_Loss: 1813.0795
Epoch 70/200, Batch 300, Aver_Loss: 1764.4740
Epoch 70/200, Batch 400, Aver_Loss: 1784.4510
[early-stopping] Epoch 70: no improvement (7/20)
Epoch 71/200, Batch 100, Aver_Loss: 1783.6134
Epoch 71/200, Batch 200, Aver_Loss: 1799.8751
Epoch 71/200, Batch 300, Aver_Loss: 1785.4362
Epoch 71/200, Batch 400, Aver_Loss: 1738.3148
[early-stopping] Epoch 71: no improvement (8/20)
Epoch 72/200, Batch 100, Aver_Loss: 1799.7434
Epoch 72/200, Batch 200, Aver_Loss: 1813.5731
Epoch 72/200, Batch 300, Aver_Loss: 1801.5310
Epoch 72/200, Batch 400, Aver_Loss: 1761.7920
[early-stopping] Epoch 72: no improvement (9/20)
Epoch 73/200, Batch 100, Aver_Loss: 1788.4595
Epoch 73/200, Batch 200, Aver_Loss: 1786.1619
Epoch 73/200, Batch 300, Aver_Loss: 1777.8772
Epoch 73/200, Batch 400, Aver_Loss: 1809.7737
[early-stopping] Epoch 73: no improvement (10/20)
Epoch 74/200, Batch 100, Aver_Loss: 1728.4888
Epoch 74/200, Batch 200, Aver_Loss: 1768.8373
Epoch 74/200, Batch 300, Aver_Loss: 1753.6041
Epoch 74/200, Batch 400, Aver_Loss: 1803.6138
[early-stopping] Epoch 74: no improvement (11/20)
Epoch 75/200, Batch 100, Aver_Loss: 1784.5245
Epoch 75/200, Batch 200, Aver_Loss: 1760.9497
Epoch 75/200, Batch 300, Aver_Loss: 1733.4603
Epoch 75/200, Batch 400, Aver_Loss: 1755.0677
[early-stopping] Epoch 75: no improvement (12/20)
Epoch 76/200, Batch 100, Aver_Loss: 1780.2891
Epoch 76/200, Batch 200, Aver_Loss: 1761.7217
Epoch 76/200, Batch 300, Aver_Loss: 1703.2192
Epoch 76/200, Batch 400, Aver_Loss: 1774.1705
[early-stopping] Epoch 76: no improvement (13/20)
Epoch 77/200, Batch 100, Aver_Loss: 1804.2029
Epoch 77/200, Batch 200, Aver_Loss: 1753.6306
Epoch 77/200, Batch 300, Aver_Loss: 1840.6389
Epoch 77/200, Batch 400, Aver_Loss: 1783.1760
[early-stopping] Epoch 77: no improvement (14/20)
Epoch 78/200, Batch 100, Aver_Loss: 1776.0974
Epoch 78/200, Batch 200, Aver_Loss: 1736.6526
Epoch 78/200, Batch 300, Aver_Loss: 1745.6206
Epoch 78/200, Batch 400, Aver_Loss: 1760.8925
[early-stopping] Epoch 78: new best val ELBO = -1775.145693
Epoch 79/200, Batch 100, Aver_Loss: 1792.6802
Epoch 79/200, Batch 200, Aver_Loss: 1764.5011
Epoch 79/200, Batch 300, Aver_Loss: 1790.7765
Epoch 79/200, Batch 400, Aver_Loss: 1759.2678
[early-stopping] Epoch 79: no improvement (1/20)
Epoch 80/200, Batch 100, Aver_Loss: 1736.6906
Epoch 80/200, Batch 200, Aver_Loss: 1758.1056
Epoch 80/200, Batch 300, Aver_Loss: 1851.2112
Epoch 80/200, Batch 400, Aver_Loss: 1775.2306
[early-stopping] Epoch 80: no improvement (2/20)
Epoch 81/200, Batch 100, Aver_Loss: 1776.0193
Epoch 81/200, Batch 200, Aver_Loss: 1768.6234
Epoch 81/200, Batch 300, Aver_Loss: 1770.4503
Epoch 81/200, Batch 400, Aver_Loss: 1762.0022
[early-stopping] Epoch 81: no improvement (3/20)
Epoch 82/200, Batch 100, Aver_Loss: 1763.9897
Epoch 82/200, Batch 200, Aver_Loss: 1798.6744
Epoch 82/200, Batch 300, Aver_Loss: 1764.4521
Epoch 82/200, Batch 400, Aver_Loss: 1722.9106
[early-stopping] Epoch 82: no improvement (4/20)
Epoch 83/200, Batch 100, Aver_Loss: 1781.3950
Epoch 83/200, Batch 200, Aver_Loss: 1765.4912
Epoch 83/200, Batch 300, Aver_Loss: 1800.3165
Epoch 83/200, Batch 400, Aver_Loss: 1809.3032
[early-stopping] Epoch 83: no improvement (5/20)
Epoch 84/200, Batch 100, Aver_Loss: 1811.5889
Epoch 84/200, Batch 200, Aver_Loss: 1805.8948
Epoch 84/200, Batch 300, Aver_Loss: 1732.0358
Epoch 84/200, Batch 400, Aver_Loss: 1792.0217
[early-stopping] Epoch 84: no improvement (6/20)
Epoch 85/200, Batch 100, Aver_Loss: 1782.2881
Epoch 85/200, Batch 200, Aver_Loss: 1773.8201
Epoch 85/200, Batch 300, Aver_Loss: 1792.0753
Epoch 85/200, Batch 400, Aver_Loss: 1799.3125
[early-stopping] Epoch 85: no improvement (7/20)
Epoch 86/200, Batch 100, Aver_Loss: 1772.6189
Epoch 86/200, Batch 200, Aver_Loss: 1787.2914
Epoch 86/200, Batch 300, Aver_Loss: 1741.3365
Epoch 86/200, Batch 400, Aver_Loss: 1748.4353
[early-stopping] Epoch 86: no improvement (8/20)
Epoch 87/200, Batch 100, Aver_Loss: 1790.7115
Epoch 87/200, Batch 200, Aver_Loss: 1733.2729
Epoch 87/200, Batch 300, Aver_Loss: 1821.1190
Epoch 87/200, Batch 400, Aver_Loss: 1823.9913
[early-stopping] Epoch 87: no improvement (9/20)
Epoch 88/200, Batch 100, Aver_Loss: 1801.2856
Epoch 88/200, Batch 200, Aver_Loss: 1796.1777
Epoch 88/200, Batch 300, Aver_Loss: 1730.7714
Epoch 88/200, Batch 400, Aver_Loss: 1763.5392
[early-stopping] Epoch 88: no improvement (10/20)
Epoch 89/200, Batch 100, Aver_Loss: 1799.3528
Epoch 89/200, Batch 200, Aver_Loss: 1733.3026
Epoch 89/200, Batch 300, Aver_Loss: 1728.2131
Epoch 89/200, Batch 400, Aver_Loss: 1759.2947
[early-stopping] Epoch 89: no improvement (11/20)
Epoch 90/200, Batch 100, Aver_Loss: 1810.1016
Epoch 90/200, Batch 200, Aver_Loss: 1750.6287
Epoch 90/200, Batch 300, Aver_Loss: 1774.8948
Epoch 90/200, Batch 400, Aver_Loss: 1725.6849
[early-stopping] Epoch 90: no improvement (12/20)
Epoch 91/200, Batch 100, Aver_Loss: 1730.2976
Epoch 91/200, Batch 200, Aver_Loss: 1757.3126
Epoch 91/200, Batch 300, Aver_Loss: 1735.5206
Epoch 91/200, Batch 400, Aver_Loss: 1773.2765
[early-stopping] Epoch 91: no improvement (13/20)
Epoch 92/200, Batch 100, Aver_Loss: 1816.1732
Epoch 92/200, Batch 200, Aver_Loss: 1798.8127
Epoch 92/200, Batch 300, Aver_Loss: 1746.6226
Epoch 92/200, Batch 400, Aver_Loss: 1764.9319
[early-stopping] Epoch 92: no improvement (14/20)
Epoch 93/200, Batch 100, Aver_Loss: 1798.3885
Epoch 93/200, Batch 200, Aver_Loss: 1825.5625
Epoch 93/200, Batch 300, Aver_Loss: 1777.9517
Epoch 93/200, Batch 400, Aver_Loss: 1775.1218
[early-stopping] Epoch 93: no improvement (15/20)
Epoch 94/200, Batch 100, Aver_Loss: 1804.3457
Epoch 94/200, Batch 200, Aver_Loss: 1724.1428
Epoch 94/200, Batch 300, Aver_Loss: 1777.3756
Epoch 94/200, Batch 400, Aver_Loss: 1787.8967
[early-stopping] Epoch 94: no improvement (16/20)
Epoch 95/200, Batch 100, Aver_Loss: 1773.3439
Epoch 95/200, Batch 200, Aver_Loss: 1790.7860
Epoch 95/200, Batch 300, Aver_Loss: 1764.7632
Epoch 95/200, Batch 400, Aver_Loss: 1806.6040
[early-stopping] Epoch 95: no improvement (17/20)
Epoch 96/200, Batch 100, Aver_Loss: 1759.3807
Epoch 96/200, Batch 200, Aver_Loss: 1748.7697
Epoch 96/200, Batch 300, Aver_Loss: 1755.8209
Epoch 96/200, Batch 400, Aver_Loss: 1769.5352
[early-stopping] Epoch 96: new best val ELBO = -1774.073512
Epoch 97/200, Batch 100, Aver_Loss: 1759.4822
Epoch 97/200, Batch 200, Aver_Loss: 1779.7285
Epoch 97/200, Batch 300, Aver_Loss: 1802.9409
Epoch 97/200, Batch 400, Aver_Loss: 1797.1339
[early-stopping] Epoch 97: new best val ELBO = -1773.503131
Epoch 98/200, Batch 100, Aver_Loss: 1785.6392
Epoch 98/200, Batch 200, Aver_Loss: 1785.3530
Epoch 98/200, Batch 300, Aver_Loss: 1767.6937
Epoch 98/200, Batch 400, Aver_Loss: 1764.0115
[early-stopping] Epoch 98: no improvement (1/20)
Epoch 99/200, Batch 100, Aver_Loss: 1784.8387
Epoch 99/200, Batch 200, Aver_Loss: 1795.5895
Epoch 99/200, Batch 300, Aver_Loss: 1866.4476
Epoch 99/200, Batch 400, Aver_Loss: 1823.9990
[early-stopping] Epoch 99: no improvement (2/20)
Epoch 100/200, Batch 100, Aver_Loss: 1758.4923
Epoch 100/200, Batch 200, Aver_Loss: 1826.9095
Epoch 100/200, Batch 300, Aver_Loss: 1742.6302
Epoch 100/200, Batch 400, Aver_Loss: 1787.8623
[early-stopping] Epoch 100: no improvement (3/20)
Epoch 101/200, Batch 100, Aver_Loss: 1705.0256
Epoch 101/200, Batch 200, Aver_Loss: 1785.5686
Epoch 101/200, Batch 300, Aver_Loss: 1786.3540
Epoch 101/200, Batch 400, Aver_Loss: 1792.4038
[early-stopping] Epoch 101: no improvement (4/20)
Epoch 102/200, Batch 100, Aver_Loss: 1801.4806
Epoch 102/200, Batch 200, Aver_Loss: 1732.3826
Epoch 102/200, Batch 300, Aver_Loss: 1844.7324
Epoch 102/200, Batch 400, Aver_Loss: 1781.3094
[early-stopping] Epoch 102: no improvement (5/20)
Epoch 103/200, Batch 100, Aver_Loss: 1752.5654
Epoch 103/200, Batch 200, Aver_Loss: 1784.9878
Epoch 103/200, Batch 300, Aver_Loss: 1790.0232
Epoch 103/200, Batch 400, Aver_Loss: 1818.3439
[early-stopping] Epoch 103: no improvement (6/20)
Epoch 104/200, Batch 100, Aver_Loss: 1790.5581
Epoch 104/200, Batch 200, Aver_Loss: 1745.8495
Epoch 104/200, Batch 300, Aver_Loss: 1783.1187
Epoch 104/200, Batch 400, Aver_Loss: 1781.4967
[early-stopping] Epoch 104: no improvement (7/20)
Epoch 105/200, Batch 100, Aver_Loss: 1778.8853
Epoch 105/200, Batch 200, Aver_Loss: 1820.2076
Epoch 105/200, Batch 300, Aver_Loss: 1810.9431
Epoch 105/200, Batch 400, Aver_Loss: 1770.5848
[early-stopping] Epoch 105: no improvement (8/20)
Epoch 106/200, Batch 100, Aver_Loss: 1761.3889
Epoch 106/200, Batch 200, Aver_Loss: 1776.4866
Epoch 106/200, Batch 300, Aver_Loss: 1814.2841
Epoch 106/200, Batch 400, Aver_Loss: 1824.4952
[early-stopping] Epoch 106: no improvement (9/20)
Epoch 107/200, Batch 100, Aver_Loss: 1751.1730
Epoch 107/200, Batch 200, Aver_Loss: 1808.8970
Epoch 107/200, Batch 300, Aver_Loss: 1767.4849
Epoch 107/200, Batch 400, Aver_Loss: 1786.9565
[early-stopping] Epoch 107: no improvement (10/20)
Epoch 108/200, Batch 100, Aver_Loss: 1785.0320
Epoch 108/200, Batch 200, Aver_Loss: 1826.1713
Epoch 108/200, Batch 300, Aver_Loss: 1754.9741
Epoch 108/200, Batch 400, Aver_Loss: 1752.9232
[early-stopping] Epoch 108: no improvement (11/20)
Epoch 109/200, Batch 100, Aver_Loss: 1795.3848
Epoch 109/200, Batch 200, Aver_Loss: 1798.7408
Epoch 109/200, Batch 300, Aver_Loss: 1716.7222
Epoch 109/200, Batch 400, Aver_Loss: 1791.0654
[early-stopping] Epoch 109: no improvement (12/20)
Epoch 110/200, Batch 100, Aver_Loss: 1808.3901
Epoch 110/200, Batch 200, Aver_Loss: 1791.7534
Epoch 110/200, Batch 300, Aver_Loss: 1758.0338
Epoch 110/200, Batch 400, Aver_Loss: 1747.5634
[early-stopping] Epoch 110: no improvement (13/20)
Epoch 111/200, Batch 100, Aver_Loss: 1822.9653
Epoch 111/200, Batch 200, Aver_Loss: 1761.6283
Epoch 111/200, Batch 300, Aver_Loss: 1769.2031
Epoch 111/200, Batch 400, Aver_Loss: 1772.4347
[early-stopping] Epoch 111: no improvement (14/20)
Epoch 112/200, Batch 100, Aver_Loss: 1779.0615
Epoch 112/200, Batch 200, Aver_Loss: 1778.7273
Epoch 112/200, Batch 300, Aver_Loss: 1810.0988
Epoch 112/200, Batch 400, Aver_Loss: 1748.8690
[early-stopping] Epoch 112: no improvement (15/20)
Epoch 113/200, Batch 100, Aver_Loss: 1777.3448
Epoch 113/200, Batch 200, Aver_Loss: 1799.1235
Epoch 113/200, Batch 300, Aver_Loss: 1719.9829
Epoch 113/200, Batch 400, Aver_Loss: 1746.5881
[early-stopping] Epoch 113: no improvement (16/20)
Epoch 114/200, Batch 100, Aver_Loss: 1776.9158
Epoch 114/200, Batch 200, Aver_Loss: 1778.5419
Epoch 114/200, Batch 300, Aver_Loss: 1791.5872
Epoch 114/200, Batch 400, Aver_Loss: 1759.8678
[early-stopping] Epoch 114: no improvement (17/20)
Epoch 115/200, Batch 100, Aver_Loss: 1778.5330
Epoch 115/200, Batch 200, Aver_Loss: 1726.2769
Epoch 115/200, Batch 300, Aver_Loss: 1749.2770
Epoch 115/200, Batch 400, Aver_Loss: 1761.4355
[early-stopping] Epoch 115: no improvement (18/20)
Epoch 116/200, Batch 100, Aver_Loss: 1706.0228
Epoch 116/200, Batch 200, Aver_Loss: 1719.5273
Epoch 116/200, Batch 300, Aver_Loss: 1751.3807
Epoch 116/200, Batch 400, Aver_Loss: 1798.7856
[early-stopping] Epoch 116: no improvement (19/20)
Epoch 117/200, Batch 100, Aver_Loss: 1737.9984
Epoch 117/200, Batch 200, Aver_Loss: 1791.2572
Epoch 117/200, Batch 300, Aver_Loss: 1800.7178
Epoch 117/200, Batch 400, Aver_Loss: 1776.8748
[early-stopping] Epoch 117: no improvement (20/20)
[early-stopping] Patience reached. Stopping at epoch 117. Best epoch: 97, best val ELBO: -1773.503131
[early-stopping] Loaded best model from epoch 97 (val ELBO = -1773.503131)
[checkpoint] Saved best model to: trained_parameters/cifar100_zdim256_MVAE.pkl
[saved curves] ./results/CIFAR100/curves/cifar100_mvae_d256_s777.json

==== Evaluation Summary ====
                 model: mvae
   recon/mse_per_pixel: 0.015167
            elbo/train: -1770.481816
             elbo/test: -1773.700489
             mse/train: 0.014777
              mse/test: 0.015167
             probe/acc: 0.195750
             probe/nll: 3.496747
           probe/brier: 0.911574
             probe/ece: 0.028833
           cluster/nmi: 0.223853
           cluster/ari: 0.026770
============================

