/usr/bin/which: no fi_info in (/arf/home/meyavuz/.local/bin:/arf/sw/comp/python/intelpython3/condabin:/arf/sw/comp/python/intelpython3/bin:/usr/share/Modules/bin:/usr/local/bin:/usr/bin:/usr/local/sbin:/usr/sbin)
Extension for Scikit-learn* enabled (https://github.com/uxlfoundation/scikit-learn-intelex)
/arf/home/meyavuz/.conda/envs/sbn/lib/python3.9/site-packages/sklearn/linear_model/_logistic.py:1247: FutureWarning: 'multi_class' was deprecated in version 1.5 and will be removed in 1.7. From then on, it will always use 'multinomial'. Leave it to its default value to avoid this warning.
  warnings.warn(
/arf/home/meyavuz/.conda/envs/sbn/lib/python3.9/site-packages/sklearn/linear_model/_sag.py:348: ConvergenceWarning: The max_iter was reached which means the coef_ did not converge
  warnings.warn(
Epoch 1/200, Batch 100, Aver_Loss: 2000.6342
Epoch 1/200, Batch 200, Aver_Loss: 1969.1521
Epoch 1/200, Batch 300, Aver_Loss: 1923.5287
Epoch 1/200, Batch 400, Aver_Loss: 1959.9668
[early-stopping] Epoch 1: new best val ELBO = -1911.562725
Epoch 2/200, Batch 100, Aver_Loss: 1890.8811
Epoch 2/200, Batch 200, Aver_Loss: 1902.9321
Epoch 2/200, Batch 300, Aver_Loss: 1884.5854
Epoch 2/200, Batch 400, Aver_Loss: 1915.8132
[early-stopping] Epoch 2: new best val ELBO = -1903.258726
Epoch 3/200, Batch 100, Aver_Loss: 1887.4431
Epoch 3/200, Batch 200, Aver_Loss: 1863.8839
Epoch 3/200, Batch 300, Aver_Loss: 1935.4926
Epoch 3/200, Batch 400, Aver_Loss: 1868.7732
[early-stopping] Epoch 3: new best val ELBO = -1887.434166
Epoch 4/200, Batch 100, Aver_Loss: 1852.9995
Epoch 4/200, Batch 200, Aver_Loss: 1903.9036
Epoch 4/200, Batch 300, Aver_Loss: 1866.2145
Epoch 4/200, Batch 400, Aver_Loss: 1864.1616
[early-stopping] Epoch 4: new best val ELBO = -1879.652968
Epoch 5/200, Batch 100, Aver_Loss: 1834.9948
Epoch 5/200, Batch 200, Aver_Loss: 1935.2089
Epoch 5/200, Batch 300, Aver_Loss: 1889.0360
Epoch 5/200, Batch 400, Aver_Loss: 1835.6843
[early-stopping] Epoch 5: new best val ELBO = -1868.945851
Epoch 6/200, Batch 100, Aver_Loss: 1877.9645
Epoch 6/200, Batch 200, Aver_Loss: 1859.5555
Epoch 6/200, Batch 300, Aver_Loss: 1827.1172
Epoch 6/200, Batch 400, Aver_Loss: 1870.4264
[early-stopping] Epoch 6: no improvement (1/20)
Epoch 7/200, Batch 100, Aver_Loss: 1856.9025
Epoch 7/200, Batch 200, Aver_Loss: 1873.0812
Epoch 7/200, Batch 300, Aver_Loss: 1863.7023
Epoch 7/200, Batch 400, Aver_Loss: 1858.4944
[early-stopping] Epoch 7: new best val ELBO = -1864.824140
Epoch 8/200, Batch 100, Aver_Loss: 1855.1320
Epoch 8/200, Batch 200, Aver_Loss: 1853.3641
Epoch 8/200, Batch 300, Aver_Loss: 1859.2401
Epoch 8/200, Batch 400, Aver_Loss: 1873.4071
[early-stopping] Epoch 8: new best val ELBO = -1861.555027
Epoch 9/200, Batch 100, Aver_Loss: 1880.5082
Epoch 9/200, Batch 200, Aver_Loss: 1865.6320
Epoch 9/200, Batch 300, Aver_Loss: 1854.5939
Epoch 9/200, Batch 400, Aver_Loss: 1840.0260
[early-stopping] Epoch 9: no improvement (1/20)
Epoch 10/200, Batch 100, Aver_Loss: 1887.2373
Epoch 10/200, Batch 200, Aver_Loss: 1867.3600
Epoch 10/200, Batch 300, Aver_Loss: 1856.5085
Epoch 10/200, Batch 400, Aver_Loss: 1860.4353
[early-stopping] Epoch 10: no improvement (2/20)
Epoch 11/200, Batch 100, Aver_Loss: 1846.1038
Epoch 11/200, Batch 200, Aver_Loss: 1858.2955
Epoch 11/200, Batch 300, Aver_Loss: 1814.1512
Epoch 11/200, Batch 400, Aver_Loss: 1827.2609
[early-stopping] Epoch 11: new best val ELBO = -1855.370258
Epoch 12/200, Batch 100, Aver_Loss: 1881.5692
Epoch 12/200, Batch 200, Aver_Loss: 1853.1726
Epoch 12/200, Batch 300, Aver_Loss: 1851.7462
Epoch 12/200, Batch 400, Aver_Loss: 1865.5295
[early-stopping] Epoch 12: new best val ELBO = -1853.071356
Epoch 13/200, Batch 100, Aver_Loss: 1945.7251
Epoch 13/200, Batch 200, Aver_Loss: 1876.8446
Epoch 13/200, Batch 300, Aver_Loss: 1880.8577
Epoch 13/200, Batch 400, Aver_Loss: 1831.3783
[early-stopping] Epoch 13: no improvement (1/20)
Epoch 14/200, Batch 100, Aver_Loss: 1855.1180
Epoch 14/200, Batch 200, Aver_Loss: 1839.8561
Epoch 14/200, Batch 300, Aver_Loss: 1910.9258
Epoch 14/200, Batch 400, Aver_Loss: 1868.2551
[early-stopping] Epoch 14: no improvement (2/20)
Epoch 15/200, Batch 100, Aver_Loss: 1877.8376
Epoch 15/200, Batch 200, Aver_Loss: 1845.0586
Epoch 15/200, Batch 300, Aver_Loss: 1834.8490
Epoch 15/200, Batch 400, Aver_Loss: 1863.1283
[early-stopping] Epoch 15: no improvement (3/20)
Epoch 16/200, Batch 100, Aver_Loss: 1862.5229
Epoch 16/200, Batch 200, Aver_Loss: 1836.7988
Epoch 16/200, Batch 300, Aver_Loss: 1844.4419
Epoch 16/200, Batch 400, Aver_Loss: 1859.1569
[early-stopping] Epoch 16: no improvement (4/20)
Epoch 17/200, Batch 100, Aver_Loss: 1881.7452
Epoch 17/200, Batch 200, Aver_Loss: 1852.3798
Epoch 17/200, Batch 300, Aver_Loss: 1862.7111
Epoch 17/200, Batch 400, Aver_Loss: 1866.0862
[early-stopping] Epoch 17: new best val ELBO = -1848.252374
Epoch 18/200, Batch 100, Aver_Loss: 1831.9594
Epoch 18/200, Batch 200, Aver_Loss: 1854.4839
Epoch 18/200, Batch 300, Aver_Loss: 1878.1224
Epoch 18/200, Batch 400, Aver_Loss: 1836.5179
[early-stopping] Epoch 18: no improvement (1/20)
Epoch 19/200, Batch 100, Aver_Loss: 1853.3226
Epoch 19/200, Batch 200, Aver_Loss: 1859.0223
Epoch 19/200, Batch 300, Aver_Loss: 1881.7280
Epoch 19/200, Batch 400, Aver_Loss: 1854.5054
[early-stopping] Epoch 19: new best val ELBO = -1847.203260
Epoch 20/200, Batch 100, Aver_Loss: 1831.1531
Epoch 20/200, Batch 200, Aver_Loss: 1834.3257
Epoch 20/200, Batch 300, Aver_Loss: 1811.5940
Epoch 20/200, Batch 400, Aver_Loss: 1880.9131
[early-stopping] Epoch 20: no improvement (1/20)
Epoch 21/200, Batch 100, Aver_Loss: 1843.2625
Epoch 21/200, Batch 200, Aver_Loss: 1868.5190
Epoch 21/200, Batch 300, Aver_Loss: 1842.4672
Epoch 21/200, Batch 400, Aver_Loss: 1828.9010
[early-stopping] Epoch 21: no improvement (2/20)
Epoch 22/200, Batch 100, Aver_Loss: 1873.4642
Epoch 22/200, Batch 200, Aver_Loss: 1855.9802
Epoch 22/200, Batch 300, Aver_Loss: 1822.0917
Epoch 22/200, Batch 400, Aver_Loss: 1844.3112
[early-stopping] Epoch 22: no improvement (3/20)
Epoch 23/200, Batch 100, Aver_Loss: 1848.3739
Epoch 23/200, Batch 200, Aver_Loss: 1872.4788
Epoch 23/200, Batch 300, Aver_Loss: 1873.3887
Epoch 23/200, Batch 400, Aver_Loss: 1831.1958
[early-stopping] Epoch 23: no improvement (4/20)
Epoch 24/200, Batch 100, Aver_Loss: 1855.8611
Epoch 24/200, Batch 200, Aver_Loss: 1844.7764
Epoch 24/200, Batch 300, Aver_Loss: 1828.3624
Epoch 24/200, Batch 400, Aver_Loss: 1864.6078
[early-stopping] Epoch 24: no improvement (5/20)
Epoch 25/200, Batch 100, Aver_Loss: 1883.2720
Epoch 25/200, Batch 200, Aver_Loss: 1820.0168
Epoch 25/200, Batch 300, Aver_Loss: 1846.7012
Epoch 25/200, Batch 400, Aver_Loss: 1893.6970
[early-stopping] Epoch 25: no improvement (6/20)
Epoch 26/200, Batch 100, Aver_Loss: 1877.4845
Epoch 26/200, Batch 200, Aver_Loss: 1856.4761
Epoch 26/200, Batch 300, Aver_Loss: 1806.7815
Epoch 26/200, Batch 400, Aver_Loss: 1830.1615
[early-stopping] Epoch 26: new best val ELBO = -1846.123285
Epoch 27/200, Batch 100, Aver_Loss: 1848.4316
Epoch 27/200, Batch 200, Aver_Loss: 1839.3114
Epoch 27/200, Batch 300, Aver_Loss: 1827.9929
Epoch 27/200, Batch 400, Aver_Loss: 1894.1620
[early-stopping] Epoch 27: no improvement (1/20)
Epoch 28/200, Batch 100, Aver_Loss: 1851.6764
Epoch 28/200, Batch 200, Aver_Loss: 1859.8131
Epoch 28/200, Batch 300, Aver_Loss: 1815.3142
Epoch 28/200, Batch 400, Aver_Loss: 1846.9023
[early-stopping] Epoch 28: no improvement (2/20)
Epoch 29/200, Batch 100, Aver_Loss: 1825.0022
Epoch 29/200, Batch 200, Aver_Loss: 1807.8383
Epoch 29/200, Batch 300, Aver_Loss: 1841.1462
Epoch 29/200, Batch 400, Aver_Loss: 1896.7919
[early-stopping] Epoch 29: new best val ELBO = -1842.662678
Epoch 30/200, Batch 100, Aver_Loss: 1860.4198
Epoch 30/200, Batch 200, Aver_Loss: 1834.6926
Epoch 30/200, Batch 300, Aver_Loss: 1843.8169
Epoch 30/200, Batch 400, Aver_Loss: 1832.8556
[early-stopping] Epoch 30: no improvement (1/20)
Epoch 31/200, Batch 100, Aver_Loss: 1875.0131
Epoch 31/200, Batch 200, Aver_Loss: 1839.3964
Epoch 31/200, Batch 300, Aver_Loss: 1879.7758
Epoch 31/200, Batch 400, Aver_Loss: 1824.8036
[early-stopping] Epoch 31: no improvement (2/20)
Epoch 32/200, Batch 100, Aver_Loss: 1848.0792
Epoch 32/200, Batch 200, Aver_Loss: 1861.9473
Epoch 32/200, Batch 300, Aver_Loss: 1819.2065
Epoch 32/200, Batch 400, Aver_Loss: 1828.2262
[early-stopping] Epoch 32: no improvement (3/20)
Epoch 33/200, Batch 100, Aver_Loss: 1845.9799
Epoch 33/200, Batch 200, Aver_Loss: 1841.0868
Epoch 33/200, Batch 300, Aver_Loss: 1883.4398
Epoch 33/200, Batch 400, Aver_Loss: 1849.0643
[early-stopping] Epoch 33: no improvement (4/20)
Epoch 34/200, Batch 100, Aver_Loss: 1834.2931
Epoch 34/200, Batch 200, Aver_Loss: 1833.5371
Epoch 34/200, Batch 300, Aver_Loss: 1862.9779
Epoch 34/200, Batch 400, Aver_Loss: 1875.7051
[early-stopping] Epoch 34: no improvement (5/20)
Epoch 35/200, Batch 100, Aver_Loss: 1821.4592
Epoch 35/200, Batch 200, Aver_Loss: 1878.9047
Epoch 35/200, Batch 300, Aver_Loss: 1884.3383
Epoch 35/200, Batch 400, Aver_Loss: 1870.9750
[early-stopping] Epoch 35: no improvement (6/20)
Epoch 36/200, Batch 100, Aver_Loss: 1838.5059
Epoch 36/200, Batch 200, Aver_Loss: 1837.2701
Epoch 36/200, Batch 300, Aver_Loss: 1824.4292
Epoch 36/200, Batch 400, Aver_Loss: 1826.0084
[early-stopping] Epoch 36: no improvement (7/20)
Epoch 37/200, Batch 100, Aver_Loss: 1814.6825
Epoch 37/200, Batch 200, Aver_Loss: 1904.3737
Epoch 37/200, Batch 300, Aver_Loss: 1853.0107
Epoch 37/200, Batch 400, Aver_Loss: 1851.6875
[early-stopping] Epoch 37: no improvement (8/20)
Epoch 38/200, Batch 100, Aver_Loss: 1841.7815
Epoch 38/200, Batch 200, Aver_Loss: 1861.5912
Epoch 38/200, Batch 300, Aver_Loss: 1837.8845
Epoch 38/200, Batch 400, Aver_Loss: 1842.9744
[early-stopping] Epoch 38: no improvement (9/20)
Epoch 39/200, Batch 100, Aver_Loss: 1819.5059
Epoch 39/200, Batch 200, Aver_Loss: 1857.0256
Epoch 39/200, Batch 300, Aver_Loss: 1832.1825
Epoch 39/200, Batch 400, Aver_Loss: 1834.3069
[early-stopping] Epoch 39: no improvement (10/20)
Epoch 40/200, Batch 100, Aver_Loss: 1812.7628
Epoch 40/200, Batch 200, Aver_Loss: 1827.1786
Epoch 40/200, Batch 300, Aver_Loss: 1818.1454
Epoch 40/200, Batch 400, Aver_Loss: 1843.3187
[early-stopping] Epoch 40: new best val ELBO = -1841.517868
Epoch 41/200, Batch 100, Aver_Loss: 1845.6686
Epoch 41/200, Batch 200, Aver_Loss: 1879.6207
Epoch 41/200, Batch 300, Aver_Loss: 1837.8025
Epoch 41/200, Batch 400, Aver_Loss: 1830.3939
[early-stopping] Epoch 41: new best val ELBO = -1841.294492
Epoch 42/200, Batch 100, Aver_Loss: 1845.9132
Epoch 42/200, Batch 200, Aver_Loss: 1836.7003
Epoch 42/200, Batch 300, Aver_Loss: 1849.0946
Epoch 42/200, Batch 400, Aver_Loss: 1846.2720
[early-stopping] Epoch 42: no improvement (1/20)
Epoch 43/200, Batch 100, Aver_Loss: 1842.1581
Epoch 43/200, Batch 200, Aver_Loss: 1845.0648
Epoch 43/200, Batch 300, Aver_Loss: 1850.7689
Epoch 43/200, Batch 400, Aver_Loss: 1861.5940
[early-stopping] Epoch 43: no improvement (2/20)
Epoch 44/200, Batch 100, Aver_Loss: 1845.7157
Epoch 44/200, Batch 200, Aver_Loss: 1817.5028
Epoch 44/200, Batch 300, Aver_Loss: 1860.3601
Epoch 44/200, Batch 400, Aver_Loss: 1822.0436
[early-stopping] Epoch 44: no improvement (3/20)
Epoch 45/200, Batch 100, Aver_Loss: 1876.2866
Epoch 45/200, Batch 200, Aver_Loss: 1852.9277
Epoch 45/200, Batch 300, Aver_Loss: 1881.8920
Epoch 45/200, Batch 400, Aver_Loss: 1834.8374
[early-stopping] Epoch 45: no improvement (4/20)
Epoch 46/200, Batch 100, Aver_Loss: 1889.5037
Epoch 46/200, Batch 200, Aver_Loss: 1849.9595
Epoch 46/200, Batch 300, Aver_Loss: 1838.7518
Epoch 46/200, Batch 400, Aver_Loss: 1842.4088
[early-stopping] Epoch 46: no improvement (5/20)
Epoch 47/200, Batch 100, Aver_Loss: 1814.6049
Epoch 47/200, Batch 200, Aver_Loss: 1848.5231
Epoch 47/200, Batch 300, Aver_Loss: 1832.4720
Epoch 47/200, Batch 400, Aver_Loss: 1866.7843
[early-stopping] Epoch 47: no improvement (6/20)
Epoch 48/200, Batch 100, Aver_Loss: 1769.4202
Epoch 48/200, Batch 200, Aver_Loss: 1838.5192
Epoch 48/200, Batch 300, Aver_Loss: 1813.0887
Epoch 48/200, Batch 400, Aver_Loss: 1878.4423
[early-stopping] Epoch 48: no improvement (7/20)
Epoch 49/200, Batch 100, Aver_Loss: 1857.4388
Epoch 49/200, Batch 200, Aver_Loss: 1846.1625
Epoch 49/200, Batch 300, Aver_Loss: 1830.0348
Epoch 49/200, Batch 400, Aver_Loss: 1875.3700
[early-stopping] Epoch 49: no improvement (8/20)
Epoch 50/200, Batch 100, Aver_Loss: 1812.4348
Epoch 50/200, Batch 200, Aver_Loss: 1822.9004
Epoch 50/200, Batch 300, Aver_Loss: 1867.7196
Epoch 50/200, Batch 400, Aver_Loss: 1844.7048
[early-stopping] Epoch 50: new best val ELBO = -1840.330647
Epoch 51/200, Batch 100, Aver_Loss: 1889.7239
Epoch 51/200, Batch 200, Aver_Loss: 1862.8789
Epoch 51/200, Batch 300, Aver_Loss: 1802.9918
Epoch 51/200, Batch 400, Aver_Loss: 1859.8385
[early-stopping] Epoch 51: new best val ELBO = -1840.170247
Epoch 52/200, Batch 100, Aver_Loss: 1835.7189
Epoch 52/200, Batch 200, Aver_Loss: 1854.2681
Epoch 52/200, Batch 300, Aver_Loss: 1812.9536
Epoch 52/200, Batch 400, Aver_Loss: 1872.8733
[early-stopping] Epoch 52: no improvement (1/20)
Epoch 53/200, Batch 100, Aver_Loss: 1829.0387
Epoch 53/200, Batch 200, Aver_Loss: 1807.6382
Epoch 53/200, Batch 300, Aver_Loss: 1854.7416
Epoch 53/200, Batch 400, Aver_Loss: 1840.0564
[early-stopping] Epoch 53: no improvement (2/20)
Epoch 54/200, Batch 100, Aver_Loss: 1866.4601
Epoch 54/200, Batch 200, Aver_Loss: 1843.9114
Epoch 54/200, Batch 300, Aver_Loss: 1868.8048
Epoch 54/200, Batch 400, Aver_Loss: 1831.5892
[early-stopping] Epoch 54: no improvement (3/20)
Epoch 55/200, Batch 100, Aver_Loss: 1826.6484
Epoch 55/200, Batch 200, Aver_Loss: 1851.1168
Epoch 55/200, Batch 300, Aver_Loss: 1861.5603
Epoch 55/200, Batch 400, Aver_Loss: 1857.9003
[early-stopping] Epoch 55: no improvement (4/20)
Epoch 56/200, Batch 100, Aver_Loss: 1847.3997
Epoch 56/200, Batch 200, Aver_Loss: 1861.9292
Epoch 56/200, Batch 300, Aver_Loss: 1842.9434
Epoch 56/200, Batch 400, Aver_Loss: 1848.2753
[early-stopping] Epoch 56: no improvement (5/20)
Epoch 57/200, Batch 100, Aver_Loss: 1858.8651
Epoch 57/200, Batch 200, Aver_Loss: 1809.0437
Epoch 57/200, Batch 300, Aver_Loss: 1814.3936
Epoch 57/200, Batch 400, Aver_Loss: 1868.4769
[early-stopping] Epoch 57: new best val ELBO = -1839.630144
Epoch 58/200, Batch 100, Aver_Loss: 1829.2834
Epoch 58/200, Batch 200, Aver_Loss: 1844.1118
Epoch 58/200, Batch 300, Aver_Loss: 1848.8640
Epoch 58/200, Batch 400, Aver_Loss: 1821.0688
[early-stopping] Epoch 58: no improvement (1/20)
Epoch 59/200, Batch 100, Aver_Loss: 1771.7004
Epoch 59/200, Batch 200, Aver_Loss: 1819.3730
Epoch 59/200, Batch 300, Aver_Loss: 1846.0620
Epoch 59/200, Batch 400, Aver_Loss: 1845.1451
[early-stopping] Epoch 59: new best val ELBO = -1839.271099
Epoch 60/200, Batch 100, Aver_Loss: 1820.3016
Epoch 60/200, Batch 200, Aver_Loss: 1839.5336
Epoch 60/200, Batch 300, Aver_Loss: 1829.8461
Epoch 60/200, Batch 400, Aver_Loss: 1831.7422
[early-stopping] Epoch 60: no improvement (1/20)
Epoch 61/200, Batch 100, Aver_Loss: 1829.3809
Epoch 61/200, Batch 200, Aver_Loss: 1832.7189
Epoch 61/200, Batch 300, Aver_Loss: 1872.4561
Epoch 61/200, Batch 400, Aver_Loss: 1803.9026
[early-stopping] Epoch 61: no improvement (2/20)
Epoch 62/200, Batch 100, Aver_Loss: 1826.4575
Epoch 62/200, Batch 200, Aver_Loss: 1829.0330
Epoch 62/200, Batch 300, Aver_Loss: 1855.7153
Epoch 62/200, Batch 400, Aver_Loss: 1855.4728
[early-stopping] Epoch 62: no improvement (3/20)
Epoch 63/200, Batch 100, Aver_Loss: 1871.5835
Epoch 63/200, Batch 200, Aver_Loss: 1819.9646
Epoch 63/200, Batch 300, Aver_Loss: 1850.0963
Epoch 63/200, Batch 400, Aver_Loss: 1835.5435
[early-stopping] Epoch 63: no improvement (4/20)
Epoch 64/200, Batch 100, Aver_Loss: 1774.2782
Epoch 64/200, Batch 200, Aver_Loss: 1817.8204
Epoch 64/200, Batch 300, Aver_Loss: 1848.7845
Epoch 64/200, Batch 400, Aver_Loss: 1861.5171
[early-stopping] Epoch 64: no improvement (5/20)
Epoch 65/200, Batch 100, Aver_Loss: 1895.5377
Epoch 65/200, Batch 200, Aver_Loss: 1852.1859
Epoch 65/200, Batch 300, Aver_Loss: 1867.1887
Epoch 65/200, Batch 400, Aver_Loss: 1833.3568
[early-stopping] Epoch 65: no improvement (6/20)
Epoch 66/200, Batch 100, Aver_Loss: 1843.3639
Epoch 66/200, Batch 200, Aver_Loss: 1861.9020
Epoch 66/200, Batch 300, Aver_Loss: 1832.6241
Epoch 66/200, Batch 400, Aver_Loss: 1813.5391
[early-stopping] Epoch 66: new best val ELBO = -1838.625373
Epoch 67/200, Batch 100, Aver_Loss: 1861.4164
Epoch 67/200, Batch 200, Aver_Loss: 1838.1534
Epoch 67/200, Batch 300, Aver_Loss: 1881.2676
Epoch 67/200, Batch 400, Aver_Loss: 1840.5782
[early-stopping] Epoch 67: no improvement (1/20)
Epoch 68/200, Batch 100, Aver_Loss: 1885.0878
Epoch 68/200, Batch 200, Aver_Loss: 1840.4655
Epoch 68/200, Batch 300, Aver_Loss: 1852.9360
Epoch 68/200, Batch 400, Aver_Loss: 1798.0703
[early-stopping] Epoch 68: no improvement (2/20)
Epoch 69/200, Batch 100, Aver_Loss: 1858.3322
Epoch 69/200, Batch 200, Aver_Loss: 1850.8828
Epoch 69/200, Batch 300, Aver_Loss: 1827.1354
Epoch 69/200, Batch 400, Aver_Loss: 1850.0392
[early-stopping] Epoch 69: no improvement (3/20)
Epoch 70/200, Batch 100, Aver_Loss: 1860.7374
Epoch 70/200, Batch 200, Aver_Loss: 1821.1428
Epoch 70/200, Batch 300, Aver_Loss: 1830.2625
Epoch 70/200, Batch 400, Aver_Loss: 1852.9827
[early-stopping] Epoch 70: no improvement (4/20)
Epoch 71/200, Batch 100, Aver_Loss: 1817.8197
Epoch 71/200, Batch 200, Aver_Loss: 1836.8396
Epoch 71/200, Batch 300, Aver_Loss: 1851.8267
Epoch 71/200, Batch 400, Aver_Loss: 1854.3101
[early-stopping] Epoch 71: no improvement (5/20)
Epoch 72/200, Batch 100, Aver_Loss: 1857.4032
Epoch 72/200, Batch 200, Aver_Loss: 1872.0627
Epoch 72/200, Batch 300, Aver_Loss: 1875.0023
Epoch 72/200, Batch 400, Aver_Loss: 1845.7869
[early-stopping] Epoch 72: no improvement (6/20)
Epoch 73/200, Batch 100, Aver_Loss: 1813.9723
Epoch 73/200, Batch 200, Aver_Loss: 1839.7483
Epoch 73/200, Batch 300, Aver_Loss: 1833.2380
Epoch 73/200, Batch 400, Aver_Loss: 1870.8456
[early-stopping] Epoch 73: no improvement (7/20)
Epoch 74/200, Batch 100, Aver_Loss: 1835.1382
Epoch 74/200, Batch 200, Aver_Loss: 1798.3964
Epoch 74/200, Batch 300, Aver_Loss: 1811.1180
Epoch 74/200, Batch 400, Aver_Loss: 1851.0920
[early-stopping] Epoch 74: no improvement (8/20)
Epoch 75/200, Batch 100, Aver_Loss: 1835.9075
Epoch 75/200, Batch 200, Aver_Loss: 1850.4065
Epoch 75/200, Batch 300, Aver_Loss: 1879.4844
Epoch 75/200, Batch 400, Aver_Loss: 1872.7144
[early-stopping] Epoch 75: no improvement (9/20)
Epoch 76/200, Batch 100, Aver_Loss: 1833.8713
Epoch 76/200, Batch 200, Aver_Loss: 1855.3170
Epoch 76/200, Batch 300, Aver_Loss: 1818.2028
Epoch 76/200, Batch 400, Aver_Loss: 1882.1200
[early-stopping] Epoch 76: no improvement (10/20)
Epoch 77/200, Batch 100, Aver_Loss: 1852.4718
Epoch 77/200, Batch 200, Aver_Loss: 1798.8545
Epoch 77/200, Batch 300, Aver_Loss: 1825.5087
Epoch 77/200, Batch 400, Aver_Loss: 1831.8550
[early-stopping] Epoch 77: no improvement (11/20)
Epoch 78/200, Batch 100, Aver_Loss: 1849.6421
Epoch 78/200, Batch 200, Aver_Loss: 1836.9177
Epoch 78/200, Batch 300, Aver_Loss: 1891.0308
Epoch 78/200, Batch 400, Aver_Loss: 1850.8142
[early-stopping] Epoch 78: no improvement (12/20)
Epoch 79/200, Batch 100, Aver_Loss: 1820.1786
Epoch 79/200, Batch 200, Aver_Loss: 1854.7346
Epoch 79/200, Batch 300, Aver_Loss: 1820.6218
Epoch 79/200, Batch 400, Aver_Loss: 1876.0190
[early-stopping] Epoch 79: new best val ELBO = -1838.258936
Epoch 80/200, Batch 100, Aver_Loss: 1825.3898
Epoch 80/200, Batch 200, Aver_Loss: 1853.2618
Epoch 80/200, Batch 300, Aver_Loss: 1829.5331
Epoch 80/200, Batch 400, Aver_Loss: 1820.3009
[early-stopping] Epoch 80: no improvement (1/20)
Epoch 81/200, Batch 100, Aver_Loss: 1874.0416
Epoch 81/200, Batch 200, Aver_Loss: 1840.0504
Epoch 81/200, Batch 300, Aver_Loss: 1886.5806
Epoch 81/200, Batch 400, Aver_Loss: 1848.1426
[early-stopping] Epoch 81: no improvement (2/20)
Epoch 82/200, Batch 100, Aver_Loss: 1844.5956
Epoch 82/200, Batch 200, Aver_Loss: 1881.6290
Epoch 82/200, Batch 300, Aver_Loss: 1807.6514
Epoch 82/200, Batch 400, Aver_Loss: 1818.6653
[early-stopping] Epoch 82: no improvement (3/20)
Epoch 83/200, Batch 100, Aver_Loss: 1842.3973
Epoch 83/200, Batch 200, Aver_Loss: 1870.7561
Epoch 83/200, Batch 300, Aver_Loss: 1821.1256
Epoch 83/200, Batch 400, Aver_Loss: 1842.7220
[early-stopping] Epoch 83: no improvement (4/20)
Epoch 84/200, Batch 100, Aver_Loss: 1853.8236
Epoch 84/200, Batch 200, Aver_Loss: 1877.1960
Epoch 84/200, Batch 300, Aver_Loss: 1842.7111
Epoch 84/200, Batch 400, Aver_Loss: 1845.3405
[early-stopping] Epoch 84: no improvement (5/20)
Epoch 85/200, Batch 100, Aver_Loss: 1853.4225
Epoch 85/200, Batch 200, Aver_Loss: 1805.1267
Epoch 85/200, Batch 300, Aver_Loss: 1836.6294
Epoch 85/200, Batch 400, Aver_Loss: 1806.5729
[early-stopping] Epoch 85: no improvement (6/20)
Epoch 86/200, Batch 100, Aver_Loss: 1843.2279
Epoch 86/200, Batch 200, Aver_Loss: 1832.8864
Epoch 86/200, Batch 300, Aver_Loss: 1813.3868
Epoch 86/200, Batch 400, Aver_Loss: 1812.8617
[early-stopping] Epoch 86: new best val ELBO = -1837.616629
Epoch 87/200, Batch 100, Aver_Loss: 1799.6184
Epoch 87/200, Batch 200, Aver_Loss: 1875.9102
Epoch 87/200, Batch 300, Aver_Loss: 1842.0435
Epoch 87/200, Batch 400, Aver_Loss: 1835.7863
[early-stopping] Epoch 87: no improvement (1/20)
Epoch 88/200, Batch 100, Aver_Loss: 1824.0184
Epoch 88/200, Batch 200, Aver_Loss: 1836.6460
Epoch 88/200, Batch 300, Aver_Loss: 1857.8065
Epoch 88/200, Batch 400, Aver_Loss: 1862.8240
[early-stopping] Epoch 88: no improvement (2/20)
Epoch 89/200, Batch 100, Aver_Loss: 1804.3887
Epoch 89/200, Batch 200, Aver_Loss: 1868.7511
Epoch 89/200, Batch 300, Aver_Loss: 1899.6458
Epoch 89/200, Batch 400, Aver_Loss: 1796.5488
[early-stopping] Epoch 89: no improvement (3/20)
Epoch 90/200, Batch 100, Aver_Loss: 1813.5884
Epoch 90/200, Batch 200, Aver_Loss: 1833.0560
Epoch 90/200, Batch 300, Aver_Loss: 1863.2745
Epoch 90/200, Batch 400, Aver_Loss: 1855.1315
[early-stopping] Epoch 90: no improvement (4/20)
Epoch 91/200, Batch 100, Aver_Loss: 1829.1268
Epoch 91/200, Batch 200, Aver_Loss: 1816.6354
Epoch 91/200, Batch 300, Aver_Loss: 1859.5370
Epoch 91/200, Batch 400, Aver_Loss: 1823.5565
[early-stopping] Epoch 91: no improvement (5/20)
Epoch 92/200, Batch 100, Aver_Loss: 1861.3354
Epoch 92/200, Batch 200, Aver_Loss: 1827.5012
Epoch 92/200, Batch 300, Aver_Loss: 1817.9143
Epoch 92/200, Batch 400, Aver_Loss: 1825.8602
[early-stopping] Epoch 92: no improvement (6/20)
Epoch 93/200, Batch 100, Aver_Loss: 1870.5962
Epoch 93/200, Batch 200, Aver_Loss: 1853.6592
Epoch 93/200, Batch 300, Aver_Loss: 1851.6541
Epoch 93/200, Batch 400, Aver_Loss: 1865.1354
[early-stopping] Epoch 93: no improvement (7/20)
Epoch 94/200, Batch 100, Aver_Loss: 1839.5649
Epoch 94/200, Batch 200, Aver_Loss: 1839.9286
Epoch 94/200, Batch 300, Aver_Loss: 1846.3617
Epoch 94/200, Batch 400, Aver_Loss: 1800.6359
[early-stopping] Epoch 94: new best val ELBO = -1837.335736
Epoch 95/200, Batch 100, Aver_Loss: 1836.2294
Epoch 95/200, Batch 200, Aver_Loss: 1847.4799
Epoch 95/200, Batch 300, Aver_Loss: 1865.4750
Epoch 95/200, Batch 400, Aver_Loss: 1886.1415
[early-stopping] Epoch 95: no improvement (1/20)
Epoch 96/200, Batch 100, Aver_Loss: 1849.9741
Epoch 96/200, Batch 200, Aver_Loss: 1855.9801
Epoch 96/200, Batch 300, Aver_Loss: 1869.2767
Epoch 96/200, Batch 400, Aver_Loss: 1832.1741
[early-stopping] Epoch 96: no improvement (2/20)
Epoch 97/200, Batch 100, Aver_Loss: 1812.8179
Epoch 97/200, Batch 200, Aver_Loss: 1876.6187
Epoch 97/200, Batch 300, Aver_Loss: 1842.7003
Epoch 97/200, Batch 400, Aver_Loss: 1855.6697
[early-stopping] Epoch 97: no improvement (3/20)
Epoch 98/200, Batch 100, Aver_Loss: 1833.0929
Epoch 98/200, Batch 200, Aver_Loss: 1857.5778
Epoch 98/200, Batch 300, Aver_Loss: 1877.9729
Epoch 98/200, Batch 400, Aver_Loss: 1858.9928
[early-stopping] Epoch 98: no improvement (4/20)
Epoch 99/200, Batch 100, Aver_Loss: 1853.5994
Epoch 99/200, Batch 200, Aver_Loss: 1826.9438
Epoch 99/200, Batch 300, Aver_Loss: 1825.7905
Epoch 99/200, Batch 400, Aver_Loss: 1830.8937
[early-stopping] Epoch 99: new best val ELBO = -1836.771686
Epoch 100/200, Batch 100, Aver_Loss: 1859.0909
Epoch 100/200, Batch 200, Aver_Loss: 1869.0209
Epoch 100/200, Batch 300, Aver_Loss: 1833.2767
Epoch 100/200, Batch 400, Aver_Loss: 1857.4332
[early-stopping] Epoch 100: no improvement (1/20)
Epoch 101/200, Batch 100, Aver_Loss: 1850.6884
Epoch 101/200, Batch 200, Aver_Loss: 1849.3730
Epoch 101/200, Batch 300, Aver_Loss: 1811.0115
Epoch 101/200, Batch 400, Aver_Loss: 1903.9197
[early-stopping] Epoch 101: no improvement (2/20)
Epoch 102/200, Batch 100, Aver_Loss: 1840.9048
Epoch 102/200, Batch 200, Aver_Loss: 1844.5153
Epoch 102/200, Batch 300, Aver_Loss: 1827.6643
Epoch 102/200, Batch 400, Aver_Loss: 1872.8973
[early-stopping] Epoch 102: new best val ELBO = -1836.682218
Epoch 103/200, Batch 100, Aver_Loss: 1812.9639
Epoch 103/200, Batch 200, Aver_Loss: 1865.5659
Epoch 103/200, Batch 300, Aver_Loss: 1869.9286
Epoch 103/200, Batch 400, Aver_Loss: 1834.2645
[early-stopping] Epoch 103: no improvement (1/20)
Epoch 104/200, Batch 100, Aver_Loss: 1843.8552
Epoch 104/200, Batch 200, Aver_Loss: 1869.2101
Epoch 104/200, Batch 300, Aver_Loss: 1824.9171
Epoch 104/200, Batch 400, Aver_Loss: 1810.5537
[early-stopping] Epoch 104: no improvement (2/20)
Epoch 105/200, Batch 100, Aver_Loss: 1838.3169
Epoch 105/200, Batch 200, Aver_Loss: 1843.8545
Epoch 105/200, Batch 300, Aver_Loss: 1843.2859
Epoch 105/200, Batch 400, Aver_Loss: 1834.2693
[early-stopping] Epoch 105: no improvement (3/20)
Epoch 106/200, Batch 100, Aver_Loss: 1803.9543
Epoch 106/200, Batch 200, Aver_Loss: 1845.0576
Epoch 106/200, Batch 300, Aver_Loss: 1843.2015
Epoch 106/200, Batch 400, Aver_Loss: 1855.2834
[early-stopping] Epoch 106: no improvement (4/20)
Epoch 107/200, Batch 100, Aver_Loss: 1863.0121
Epoch 107/200, Batch 200, Aver_Loss: 1853.7278
Epoch 107/200, Batch 300, Aver_Loss: 1812.4132
Epoch 107/200, Batch 400, Aver_Loss: 1820.0240
[early-stopping] Epoch 107: no improvement (5/20)
Epoch 108/200, Batch 100, Aver_Loss: 1856.8512
Epoch 108/200, Batch 200, Aver_Loss: 1834.0087
Epoch 108/200, Batch 300, Aver_Loss: 1809.0265
Epoch 108/200, Batch 400, Aver_Loss: 1848.4958
[early-stopping] Epoch 108: no improvement (6/20)
Epoch 109/200, Batch 100, Aver_Loss: 1855.5337
Epoch 109/200, Batch 200, Aver_Loss: 1840.6379
Epoch 109/200, Batch 300, Aver_Loss: 1863.3918
Epoch 109/200, Batch 400, Aver_Loss: 1821.2003
[early-stopping] Epoch 109: no improvement (7/20)
Epoch 110/200, Batch 100, Aver_Loss: 1827.0536
Epoch 110/200, Batch 200, Aver_Loss: 1878.4806
Epoch 110/200, Batch 300, Aver_Loss: 1845.0480
Epoch 110/200, Batch 400, Aver_Loss: 1872.6343
[early-stopping] Epoch 110: no improvement (8/20)
Epoch 111/200, Batch 100, Aver_Loss: 1877.7513
Epoch 111/200, Batch 200, Aver_Loss: 1814.2524
Epoch 111/200, Batch 300, Aver_Loss: 1807.1512
Epoch 111/200, Batch 400, Aver_Loss: 1822.1697
[early-stopping] Epoch 111: no improvement (9/20)
Epoch 112/200, Batch 100, Aver_Loss: 1821.0363
Epoch 112/200, Batch 200, Aver_Loss: 1866.6743
Epoch 112/200, Batch 300, Aver_Loss: 1822.6178
Epoch 112/200, Batch 400, Aver_Loss: 1816.3716
[early-stopping] Epoch 112: no improvement (10/20)
Epoch 113/200, Batch 100, Aver_Loss: 1810.7428
Epoch 113/200, Batch 200, Aver_Loss: 1852.0570
Epoch 113/200, Batch 300, Aver_Loss: 1867.2855
Epoch 113/200, Batch 400, Aver_Loss: 1812.9944
[early-stopping] Epoch 113: no improvement (11/20)
Epoch 114/200, Batch 100, Aver_Loss: 1846.0885
Epoch 114/200, Batch 200, Aver_Loss: 1845.0829
Epoch 114/200, Batch 300, Aver_Loss: 1826.7936
Epoch 114/200, Batch 400, Aver_Loss: 1831.6245
[early-stopping] Epoch 114: new best val ELBO = -1836.431677
Epoch 115/200, Batch 100, Aver_Loss: 1837.3156
Epoch 115/200, Batch 200, Aver_Loss: 1818.8568
Epoch 115/200, Batch 300, Aver_Loss: 1827.4471
Epoch 115/200, Batch 400, Aver_Loss: 1814.5734
[early-stopping] Epoch 115: no improvement (1/20)
Epoch 116/200, Batch 100, Aver_Loss: 1835.3685
Epoch 116/200, Batch 200, Aver_Loss: 1850.9731
Epoch 116/200, Batch 300, Aver_Loss: 1829.8783
Epoch 116/200, Batch 400, Aver_Loss: 1861.4294
[early-stopping] Epoch 116: no improvement (2/20)
Epoch 117/200, Batch 100, Aver_Loss: 1844.7938
Epoch 117/200, Batch 200, Aver_Loss: 1850.3998
Epoch 117/200, Batch 300, Aver_Loss: 1808.1929
Epoch 117/200, Batch 400, Aver_Loss: 1877.1918
[early-stopping] Epoch 117: no improvement (3/20)
Epoch 118/200, Batch 100, Aver_Loss: 1840.6038
Epoch 118/200, Batch 200, Aver_Loss: 1818.7452
Epoch 118/200, Batch 300, Aver_Loss: 1812.5626
Epoch 118/200, Batch 400, Aver_Loss: 1860.6095
[early-stopping] Epoch 118: no improvement (4/20)
Epoch 119/200, Batch 100, Aver_Loss: 1842.3132
Epoch 119/200, Batch 200, Aver_Loss: 1845.6699
Epoch 119/200, Batch 300, Aver_Loss: 1855.2300
Epoch 119/200, Batch 400, Aver_Loss: 1806.0042
[early-stopping] Epoch 119: no improvement (5/20)
Epoch 120/200, Batch 100, Aver_Loss: 1856.0267
Epoch 120/200, Batch 200, Aver_Loss: 1863.5052
Epoch 120/200, Batch 300, Aver_Loss: 1875.6608
Epoch 120/200, Batch 400, Aver_Loss: 1843.3081
[early-stopping] Epoch 120: no improvement (6/20)
Epoch 121/200, Batch 100, Aver_Loss: 1823.8507
Epoch 121/200, Batch 200, Aver_Loss: 1825.7589
Epoch 121/200, Batch 300, Aver_Loss: 1837.6407
Epoch 121/200, Batch 400, Aver_Loss: 1841.3048
[early-stopping] Epoch 121: no improvement (7/20)
Epoch 122/200, Batch 100, Aver_Loss: 1851.5050
Epoch 122/200, Batch 200, Aver_Loss: 1793.6404
Epoch 122/200, Batch 300, Aver_Loss: 1875.2307
Epoch 122/200, Batch 400, Aver_Loss: 1857.0704
[early-stopping] Epoch 122: no improvement (8/20)
Epoch 123/200, Batch 100, Aver_Loss: 1823.0677
Epoch 123/200, Batch 200, Aver_Loss: 1853.3002
Epoch 123/200, Batch 300, Aver_Loss: 1829.6116
Epoch 123/200, Batch 400, Aver_Loss: 1848.9980
[early-stopping] Epoch 123: no improvement (9/20)
Epoch 124/200, Batch 100, Aver_Loss: 1840.3969
Epoch 124/200, Batch 200, Aver_Loss: 1845.8444
Epoch 124/200, Batch 300, Aver_Loss: 1881.4629
Epoch 124/200, Batch 400, Aver_Loss: 1848.9001
[early-stopping] Epoch 124: no improvement (10/20)
Epoch 125/200, Batch 100, Aver_Loss: 1839.8115
Epoch 125/200, Batch 200, Aver_Loss: 1807.5829
Epoch 125/200, Batch 300, Aver_Loss: 1846.6635
Epoch 125/200, Batch 400, Aver_Loss: 1828.7825
[early-stopping] Epoch 125: new best val ELBO = -1835.494642
Epoch 126/200, Batch 100, Aver_Loss: 1859.6731
Epoch 126/200, Batch 200, Aver_Loss: 1854.5385
Epoch 126/200, Batch 300, Aver_Loss: 1832.5175
Epoch 126/200, Batch 400, Aver_Loss: 1802.0050
[early-stopping] Epoch 126: no improvement (1/20)
Epoch 127/200, Batch 100, Aver_Loss: 1831.4888
Epoch 127/200, Batch 200, Aver_Loss: 1856.3234
Epoch 127/200, Batch 300, Aver_Loss: 1840.2479
Epoch 127/200, Batch 400, Aver_Loss: 1856.3446
[early-stopping] Epoch 127: no improvement (2/20)
Epoch 128/200, Batch 100, Aver_Loss: 1860.8129
Epoch 128/200, Batch 200, Aver_Loss: 1818.1296
Epoch 128/200, Batch 300, Aver_Loss: 1838.3167
Epoch 128/200, Batch 400, Aver_Loss: 1899.2335
[early-stopping] Epoch 128: no improvement (3/20)
Epoch 129/200, Batch 100, Aver_Loss: 1817.5743
Epoch 129/200, Batch 200, Aver_Loss: 1812.2749
Epoch 129/200, Batch 300, Aver_Loss: 1824.9976
Epoch 129/200, Batch 400, Aver_Loss: 1854.8461
[early-stopping] Epoch 129: no improvement (4/20)
Epoch 130/200, Batch 100, Aver_Loss: 1808.7949
Epoch 130/200, Batch 200, Aver_Loss: 1827.1670
Epoch 130/200, Batch 300, Aver_Loss: 1847.3278
Epoch 130/200, Batch 400, Aver_Loss: 1834.9735
[early-stopping] Epoch 130: no improvement (5/20)
Epoch 131/200, Batch 100, Aver_Loss: 1858.9639
Epoch 131/200, Batch 200, Aver_Loss: 1837.7461
Epoch 131/200, Batch 300, Aver_Loss: 1834.3271
Epoch 131/200, Batch 400, Aver_Loss: 1858.6688
[early-stopping] Epoch 131: no improvement (6/20)
Epoch 132/200, Batch 100, Aver_Loss: 1865.5835
Epoch 132/200, Batch 200, Aver_Loss: 1856.2754
Epoch 132/200, Batch 300, Aver_Loss: 1800.0186
Epoch 132/200, Batch 400, Aver_Loss: 1829.9819
[early-stopping] Epoch 132: no improvement (7/20)
Epoch 133/200, Batch 100, Aver_Loss: 1809.5825
Epoch 133/200, Batch 200, Aver_Loss: 1831.7584
Epoch 133/200, Batch 300, Aver_Loss: 1856.2445
Epoch 133/200, Batch 400, Aver_Loss: 1855.3939
[early-stopping] Epoch 133: no improvement (8/20)
Epoch 134/200, Batch 100, Aver_Loss: 1843.9692
Epoch 134/200, Batch 200, Aver_Loss: 1854.6810
Epoch 134/200, Batch 300, Aver_Loss: 1884.3734
Epoch 134/200, Batch 400, Aver_Loss: 1854.7059
[early-stopping] Epoch 134: no improvement (9/20)
Epoch 135/200, Batch 100, Aver_Loss: 1884.0754
Epoch 135/200, Batch 200, Aver_Loss: 1837.8740
Epoch 135/200, Batch 300, Aver_Loss: 1852.4043
Epoch 135/200, Batch 400, Aver_Loss: 1849.8052
[early-stopping] Epoch 135: no improvement (10/20)
Epoch 136/200, Batch 100, Aver_Loss: 1883.6737
Epoch 136/200, Batch 200, Aver_Loss: 1811.6938
Epoch 136/200, Batch 300, Aver_Loss: 1868.8617
Epoch 136/200, Batch 400, Aver_Loss: 1825.1582
[early-stopping] Epoch 136: no improvement (11/20)
Epoch 137/200, Batch 100, Aver_Loss: 1883.7252
Epoch 137/200, Batch 200, Aver_Loss: 1804.8264
Epoch 137/200, Batch 300, Aver_Loss: 1828.7592
Epoch 137/200, Batch 400, Aver_Loss: 1840.4532
[early-stopping] Epoch 137: no improvement (12/20)
Epoch 138/200, Batch 100, Aver_Loss: 1826.0374
Epoch 138/200, Batch 200, Aver_Loss: 1851.0399
Epoch 138/200, Batch 300, Aver_Loss: 1829.3257
Epoch 138/200, Batch 400, Aver_Loss: 1862.6190
[early-stopping] Epoch 138: no improvement (13/20)
Epoch 139/200, Batch 100, Aver_Loss: 1856.1714
Epoch 139/200, Batch 200, Aver_Loss: 1821.0844
Epoch 139/200, Batch 300, Aver_Loss: 1843.4349
Epoch 139/200, Batch 400, Aver_Loss: 1838.1208
[early-stopping] Epoch 139: no improvement (14/20)
Epoch 140/200, Batch 100, Aver_Loss: 1820.3098
Epoch 140/200, Batch 200, Aver_Loss: 1821.3975
Epoch 140/200, Batch 300, Aver_Loss: 1861.5894
Epoch 140/200, Batch 400, Aver_Loss: 1857.1959
[early-stopping] Epoch 140: no improvement (15/20)
Epoch 141/200, Batch 100, Aver_Loss: 1837.7114
Epoch 141/200, Batch 200, Aver_Loss: 1841.6964
Epoch 141/200, Batch 300, Aver_Loss: 1842.7256
Epoch 141/200, Batch 400, Aver_Loss: 1861.7843
[early-stopping] Epoch 141: no improvement (16/20)
Epoch 142/200, Batch 100, Aver_Loss: 1846.2222
Epoch 142/200, Batch 200, Aver_Loss: 1826.9604
Epoch 142/200, Batch 300, Aver_Loss: 1842.4058
Epoch 142/200, Batch 400, Aver_Loss: 1827.5966
[early-stopping] Epoch 142: no improvement (17/20)
Epoch 143/200, Batch 100, Aver_Loss: 1847.3986
Epoch 143/200, Batch 200, Aver_Loss: 1859.7780
Epoch 143/200, Batch 300, Aver_Loss: 1835.5002
Epoch 143/200, Batch 400, Aver_Loss: 1838.8679
[early-stopping] Epoch 143: no improvement (18/20)
Epoch 144/200, Batch 100, Aver_Loss: 1819.9482
Epoch 144/200, Batch 200, Aver_Loss: 1811.5215
Epoch 144/200, Batch 300, Aver_Loss: 1868.9913
Epoch 144/200, Batch 400, Aver_Loss: 1864.7474
[early-stopping] Epoch 144: no improvement (19/20)
Epoch 145/200, Batch 100, Aver_Loss: 1839.4409
Epoch 145/200, Batch 200, Aver_Loss: 1829.0892
Epoch 145/200, Batch 300, Aver_Loss: 1872.4070
Epoch 145/200, Batch 400, Aver_Loss: 1825.1831
[early-stopping] Epoch 145: no improvement (20/20)
[early-stopping] Patience reached. Stopping at epoch 145. Best epoch: 125, best val ELBO: -1835.494642
[early-stopping] Loaded best model from epoch 125 (val ELBO = -1835.494642)
[checkpoint] Saved best model to: trained_parameters/cifar10_zdim256_MVAE.pkl
[saved curves] ./results/CIFAR10/curves/cifar10_mvae_d256_s777.json

==== Evaluation Summary ====
                 model: mvae
   recon/mse_per_pixel: 0.014918
            elbo/train: -1834.217965
             elbo/test: -1835.505673
             mse/train: 0.014604
              mse/test: 0.014918
             probe/acc: 0.413917
             probe/nll: 1.674770
           probe/brier: 0.725340
             probe/ece: 0.030246
           cluster/nmi: 0.104922
           cluster/ari: 0.056165
============================

