/usr/bin/which: no fi_info in (/arf/home/meyavuz/.local/bin:/arf/sw/comp/python/intelpython3/condabin:/arf/sw/comp/python/intelpython3/bin:/usr/share/Modules/bin:/usr/local/bin:/usr/bin:/usr/local/sbin:/usr/sbin)
Extension for Scikit-learn* enabled (https://github.com/uxlfoundation/scikit-learn-intelex)
/arf/home/meyavuz/.conda/envs/sbn/lib/python3.9/site-packages/sklearn/linear_model/_logistic.py:1247: FutureWarning: 'multi_class' was deprecated in version 1.5 and will be removed in 1.7. From then on, it will always use 'multinomial'. Leave it to its default value to avoid this warning.
  warnings.warn(
Epoch 1/200, Batch 100, Aver_Loss: 1946.7908
Epoch 1/200, Batch 200, Aver_Loss: 1931.6091
Epoch 1/200, Batch 300, Aver_Loss: 1902.2351
Epoch 1/200, Batch 400, Aver_Loss: 1852.8538
[early-stopping] Epoch 1: new best val ELBO = -1884.682506
Epoch 2/200, Batch 100, Aver_Loss: 1913.1694
Epoch 2/200, Batch 200, Aver_Loss: 1886.6052
Epoch 2/200, Batch 300, Aver_Loss: 1897.0776
Epoch 2/200, Batch 400, Aver_Loss: 1880.9291
[early-stopping] Epoch 2: new best val ELBO = -1879.839348
Epoch 3/200, Batch 100, Aver_Loss: 1885.3981
Epoch 3/200, Batch 200, Aver_Loss: 1882.6017
Epoch 3/200, Batch 300, Aver_Loss: 1894.8679
Epoch 3/200, Batch 400, Aver_Loss: 1893.6195
[early-stopping] Epoch 3: new best val ELBO = -1877.982707
Epoch 4/200, Batch 100, Aver_Loss: 1882.1421
Epoch 4/200, Batch 200, Aver_Loss: 1882.5477
Epoch 4/200, Batch 300, Aver_Loss: 1845.9269
Epoch 4/200, Batch 400, Aver_Loss: 1909.2786
[early-stopping] Epoch 4: new best val ELBO = -1867.489404
Epoch 5/200, Batch 100, Aver_Loss: 1886.1552
Epoch 5/200, Batch 200, Aver_Loss: 1877.6741
Epoch 5/200, Batch 300, Aver_Loss: 1866.5695
Epoch 5/200, Batch 400, Aver_Loss: 1885.8167
[early-stopping] Epoch 5: no improvement (1/20)
Epoch 6/200, Batch 100, Aver_Loss: 1874.5482
Epoch 6/200, Batch 200, Aver_Loss: 1841.2963
Epoch 6/200, Batch 300, Aver_Loss: 1878.0599
Epoch 6/200, Batch 400, Aver_Loss: 1873.0659
[early-stopping] Epoch 6: new best val ELBO = -1861.690536
Epoch 7/200, Batch 100, Aver_Loss: 1877.1766
Epoch 7/200, Batch 200, Aver_Loss: 1882.5575
Epoch 7/200, Batch 300, Aver_Loss: 1851.7072
Epoch 7/200, Batch 400, Aver_Loss: 1884.0872
[early-stopping] Epoch 7: no improvement (1/20)
Epoch 8/200, Batch 100, Aver_Loss: 1877.6823
Epoch 8/200, Batch 200, Aver_Loss: 1849.0988
Epoch 8/200, Batch 300, Aver_Loss: 1854.2090
Epoch 8/200, Batch 400, Aver_Loss: 1871.6967
[early-stopping] Epoch 8: no improvement (2/20)
Epoch 9/200, Batch 100, Aver_Loss: 1878.7177
Epoch 9/200, Batch 200, Aver_Loss: 1877.0170
Epoch 9/200, Batch 300, Aver_Loss: 1845.1294
Epoch 9/200, Batch 400, Aver_Loss: 1856.4486
[early-stopping] Epoch 9: new best val ELBO = -1858.067233
Epoch 10/200, Batch 100, Aver_Loss: 1854.9934
Epoch 10/200, Batch 200, Aver_Loss: 1799.2068
Epoch 10/200, Batch 300, Aver_Loss: 1882.5015
Epoch 10/200, Batch 400, Aver_Loss: 1885.3870
[early-stopping] Epoch 10: new best val ELBO = -1856.729409
Epoch 11/200, Batch 100, Aver_Loss: 1881.1588
Epoch 11/200, Batch 200, Aver_Loss: 1852.0480
Epoch 11/200, Batch 300, Aver_Loss: 1844.9181
Epoch 11/200, Batch 400, Aver_Loss: 1846.9712
[early-stopping] Epoch 11: no improvement (1/20)
Epoch 12/200, Batch 100, Aver_Loss: 1878.7026
Epoch 12/200, Batch 200, Aver_Loss: 1873.8583
Epoch 12/200, Batch 300, Aver_Loss: 1870.3441
Epoch 12/200, Batch 400, Aver_Loss: 1862.7552
[early-stopping] Epoch 12: no improvement (2/20)
Epoch 13/200, Batch 100, Aver_Loss: 1862.2540
Epoch 13/200, Batch 200, Aver_Loss: 1863.1281
Epoch 13/200, Batch 300, Aver_Loss: 1880.8030
Epoch 13/200, Batch 400, Aver_Loss: 1862.4225
[early-stopping] Epoch 13: new best val ELBO = -1853.801430
Epoch 14/200, Batch 100, Aver_Loss: 1824.6372
Epoch 14/200, Batch 200, Aver_Loss: 1873.0132
Epoch 14/200, Batch 300, Aver_Loss: 1859.5612
Epoch 14/200, Batch 400, Aver_Loss: 1879.9242
[early-stopping] Epoch 14: no improvement (1/20)
Epoch 15/200, Batch 100, Aver_Loss: 1832.5044
Epoch 15/200, Batch 200, Aver_Loss: 1882.9778
Epoch 15/200, Batch 300, Aver_Loss: 1829.9404
Epoch 15/200, Batch 400, Aver_Loss: 1952.7762
[early-stopping] Epoch 15: no improvement (2/20)
Epoch 16/200, Batch 100, Aver_Loss: 1879.7681
Epoch 16/200, Batch 200, Aver_Loss: 1955.5872
Epoch 16/200, Batch 300, Aver_Loss: 1838.0132
Epoch 16/200, Batch 400, Aver_Loss: 1881.6501
[early-stopping] Epoch 16: no improvement (3/20)
Epoch 17/200, Batch 100, Aver_Loss: 1891.0347
Epoch 17/200, Batch 200, Aver_Loss: 1851.1384
Epoch 17/200, Batch 300, Aver_Loss: 1849.9392
Epoch 17/200, Batch 400, Aver_Loss: 1867.7456
[early-stopping] Epoch 17: no improvement (4/20)
Epoch 18/200, Batch 100, Aver_Loss: 1870.6931
Epoch 18/200, Batch 200, Aver_Loss: 1863.5214
Epoch 18/200, Batch 300, Aver_Loss: 1856.1123
Epoch 18/200, Batch 400, Aver_Loss: 1835.4779
[early-stopping] Epoch 18: no improvement (5/20)
Epoch 19/200, Batch 100, Aver_Loss: 1870.9607
Epoch 19/200, Batch 200, Aver_Loss: 1838.3580
Epoch 19/200, Batch 300, Aver_Loss: 1851.0396
Epoch 19/200, Batch 400, Aver_Loss: 1864.3279
[early-stopping] Epoch 19: no improvement (6/20)
Epoch 20/200, Batch 100, Aver_Loss: 1851.3212
Epoch 20/200, Batch 200, Aver_Loss: 1816.5057
Epoch 20/200, Batch 300, Aver_Loss: 1838.0977
Epoch 20/200, Batch 400, Aver_Loss: 1868.1676
[early-stopping] Epoch 20: no improvement (7/20)
Epoch 21/200, Batch 100, Aver_Loss: 1881.0531
Epoch 21/200, Batch 200, Aver_Loss: 1834.7601
Epoch 21/200, Batch 300, Aver_Loss: 1851.4604
Epoch 21/200, Batch 400, Aver_Loss: 1879.9683
[early-stopping] Epoch 21: new best val ELBO = -1853.696200
Epoch 22/200, Batch 100, Aver_Loss: 1854.4727
Epoch 22/200, Batch 200, Aver_Loss: 1842.8595
Epoch 22/200, Batch 300, Aver_Loss: 1869.0067
Epoch 22/200, Batch 400, Aver_Loss: 1863.9298
[early-stopping] Epoch 22: no improvement (1/20)
Epoch 23/200, Batch 100, Aver_Loss: 1824.2662
Epoch 23/200, Batch 200, Aver_Loss: 1876.7809
Epoch 23/200, Batch 300, Aver_Loss: 1850.7640
Epoch 23/200, Batch 400, Aver_Loss: 1868.7067
[early-stopping] Epoch 23: new best val ELBO = -1852.318582
Epoch 24/200, Batch 100, Aver_Loss: 1855.7131
Epoch 24/200, Batch 200, Aver_Loss: 1866.3910
Epoch 24/200, Batch 300, Aver_Loss: 1876.1560
Epoch 24/200, Batch 400, Aver_Loss: 1867.0592
[early-stopping] Epoch 24: no improvement (1/20)
Epoch 25/200, Batch 100, Aver_Loss: 1863.0035
Epoch 25/200, Batch 200, Aver_Loss: 1852.2837
Epoch 25/200, Batch 300, Aver_Loss: 1884.3076
Epoch 25/200, Batch 400, Aver_Loss: 1856.5217
[early-stopping] Epoch 25: no improvement (2/20)
Epoch 26/200, Batch 100, Aver_Loss: 1836.1791
Epoch 26/200, Batch 200, Aver_Loss: 1846.3909
Epoch 26/200, Batch 300, Aver_Loss: 1875.5793
Epoch 26/200, Batch 400, Aver_Loss: 1858.0575
[early-stopping] Epoch 26: no improvement (3/20)
Epoch 27/200, Batch 100, Aver_Loss: 1848.1664
Epoch 27/200, Batch 200, Aver_Loss: 1827.6724
Epoch 27/200, Batch 300, Aver_Loss: 1898.9065
Epoch 27/200, Batch 400, Aver_Loss: 1865.9989
[early-stopping] Epoch 27: no improvement (4/20)
Epoch 28/200, Batch 100, Aver_Loss: 1805.1246
Epoch 28/200, Batch 200, Aver_Loss: 1861.9840
Epoch 28/200, Batch 300, Aver_Loss: 1853.8354
Epoch 28/200, Batch 400, Aver_Loss: 1935.3871
[early-stopping] Epoch 28: no improvement (5/20)
Epoch 29/200, Batch 100, Aver_Loss: 1913.1666
Epoch 29/200, Batch 200, Aver_Loss: 1970.5251
Epoch 29/200, Batch 300, Aver_Loss: 1855.0868
Epoch 29/200, Batch 400, Aver_Loss: 1876.2871
[early-stopping] Epoch 29: no improvement (6/20)
Epoch 30/200, Batch 100, Aver_Loss: 1885.7278
Epoch 30/200, Batch 200, Aver_Loss: 1854.6187
Epoch 30/200, Batch 300, Aver_Loss: 1874.0187
Epoch 30/200, Batch 400, Aver_Loss: 1863.0950
[early-stopping] Epoch 30: no improvement (7/20)
Epoch 31/200, Batch 100, Aver_Loss: 1867.8795
Epoch 31/200, Batch 200, Aver_Loss: 1859.4935
Epoch 31/200, Batch 300, Aver_Loss: 1855.0938
Epoch 31/200, Batch 400, Aver_Loss: 1892.7474
[early-stopping] Epoch 31: no improvement (8/20)
Epoch 32/200, Batch 100, Aver_Loss: 1863.9280
Epoch 32/200, Batch 200, Aver_Loss: 1876.6287
Epoch 32/200, Batch 300, Aver_Loss: 1871.4081
Epoch 32/200, Batch 400, Aver_Loss: 1878.0984
[early-stopping] Epoch 32: no improvement (9/20)
Epoch 33/200, Batch 100, Aver_Loss: 1819.3757
Epoch 33/200, Batch 200, Aver_Loss: 1816.4327
Epoch 33/200, Batch 300, Aver_Loss: 1838.9415
Epoch 33/200, Batch 400, Aver_Loss: 1893.4587
[early-stopping] Epoch 33: no improvement (10/20)
Epoch 34/200, Batch 100, Aver_Loss: 1881.4254
Epoch 34/200, Batch 200, Aver_Loss: 1866.2472
Epoch 34/200, Batch 300, Aver_Loss: 1858.5879
Epoch 34/200, Batch 400, Aver_Loss: 1874.3839
[early-stopping] Epoch 34: no improvement (11/20)
Epoch 35/200, Batch 100, Aver_Loss: 1907.0593
Epoch 35/200, Batch 200, Aver_Loss: 1853.6340
Epoch 35/200, Batch 300, Aver_Loss: 1842.4381
Epoch 35/200, Batch 400, Aver_Loss: 1862.9194
[early-stopping] Epoch 35: new best val ELBO = -1850.722359
Epoch 36/200, Batch 100, Aver_Loss: 1875.8048
Epoch 36/200, Batch 200, Aver_Loss: 1876.6035
Epoch 36/200, Batch 300, Aver_Loss: 1892.3318
Epoch 36/200, Batch 400, Aver_Loss: 1838.9291
[early-stopping] Epoch 36: new best val ELBO = -1850.684988
Epoch 37/200, Batch 100, Aver_Loss: 1866.1663
Epoch 37/200, Batch 200, Aver_Loss: 1854.3206
Epoch 37/200, Batch 300, Aver_Loss: 1831.2262
Epoch 37/200, Batch 400, Aver_Loss: 1868.9192
[early-stopping] Epoch 37: no improvement (1/20)
Epoch 38/200, Batch 100, Aver_Loss: 1835.9952
Epoch 38/200, Batch 200, Aver_Loss: 1880.8181
Epoch 38/200, Batch 300, Aver_Loss: 1826.7100
Epoch 38/200, Batch 400, Aver_Loss: 1834.9408
[early-stopping] Epoch 38: no improvement (2/20)
Epoch 39/200, Batch 100, Aver_Loss: 1844.7975
Epoch 39/200, Batch 200, Aver_Loss: 1882.5203
Epoch 39/200, Batch 300, Aver_Loss: 1852.1792
Epoch 39/200, Batch 400, Aver_Loss: 1847.8256
[early-stopping] Epoch 39: no improvement (3/20)
Epoch 40/200, Batch 100, Aver_Loss: 1852.7708
Epoch 40/200, Batch 200, Aver_Loss: 1858.7964
Epoch 40/200, Batch 300, Aver_Loss: 1859.8320
Epoch 40/200, Batch 400, Aver_Loss: 1866.6290
[early-stopping] Epoch 40: no improvement (4/20)
Epoch 41/200, Batch 100, Aver_Loss: 1827.8002
Epoch 41/200, Batch 200, Aver_Loss: 1861.1218
Epoch 41/200, Batch 300, Aver_Loss: 1871.3143
Epoch 41/200, Batch 400, Aver_Loss: 1878.6293
[early-stopping] Epoch 41: new best val ELBO = -1850.204770
Epoch 42/200, Batch 100, Aver_Loss: 1871.4187
Epoch 42/200, Batch 200, Aver_Loss: 1822.6178
Epoch 42/200, Batch 300, Aver_Loss: 1821.3143
Epoch 42/200, Batch 400, Aver_Loss: 1852.8289
[early-stopping] Epoch 42: no improvement (1/20)
Epoch 43/200, Batch 100, Aver_Loss: 1816.0259
Epoch 43/200, Batch 200, Aver_Loss: 1851.5239
Epoch 43/200, Batch 300, Aver_Loss: 1872.0823
Epoch 43/200, Batch 400, Aver_Loss: 1891.8248
[early-stopping] Epoch 43: no improvement (2/20)
Epoch 44/200, Batch 100, Aver_Loss: 1899.0182
Epoch 44/200, Batch 200, Aver_Loss: 1840.6532
Epoch 44/200, Batch 300, Aver_Loss: 1817.2083
Epoch 44/200, Batch 400, Aver_Loss: 1866.4471
[early-stopping] Epoch 44: new best val ELBO = -1849.356435
Epoch 45/200, Batch 100, Aver_Loss: 1867.9777
Epoch 45/200, Batch 200, Aver_Loss: 1818.4120
Epoch 45/200, Batch 300, Aver_Loss: 1856.7920
Epoch 45/200, Batch 400, Aver_Loss: 1856.6407
[early-stopping] Epoch 45: no improvement (1/20)
Epoch 46/200, Batch 100, Aver_Loss: 1891.6582
Epoch 46/200, Batch 200, Aver_Loss: 1824.5811
Epoch 46/200, Batch 300, Aver_Loss: 1837.5946
Epoch 46/200, Batch 400, Aver_Loss: 1842.7803
[early-stopping] Epoch 46: no improvement (2/20)
Epoch 47/200, Batch 100, Aver_Loss: 1867.1254
Epoch 47/200, Batch 200, Aver_Loss: 1837.9468
Epoch 47/200, Batch 300, Aver_Loss: 1824.1517
Epoch 47/200, Batch 400, Aver_Loss: 1840.1643
[early-stopping] Epoch 47: new best val ELBO = -1848.666781
Epoch 48/200, Batch 100, Aver_Loss: 1820.4700
Epoch 48/200, Batch 200, Aver_Loss: 1836.7162
Epoch 48/200, Batch 300, Aver_Loss: 1861.6124
Epoch 48/200, Batch 400, Aver_Loss: 1827.8293
[early-stopping] Epoch 48: no improvement (1/20)
Epoch 49/200, Batch 100, Aver_Loss: 1874.2480
Epoch 49/200, Batch 200, Aver_Loss: 1841.6367
Epoch 49/200, Batch 300, Aver_Loss: 1853.9559
Epoch 49/200, Batch 400, Aver_Loss: 1849.1805
[early-stopping] Epoch 49: no improvement (2/20)
Epoch 50/200, Batch 100, Aver_Loss: 1886.7094
Epoch 50/200, Batch 200, Aver_Loss: 1882.4031
Epoch 50/200, Batch 300, Aver_Loss: 1902.6497
Epoch 50/200, Batch 400, Aver_Loss: 1874.1079
[early-stopping] Epoch 50: no improvement (3/20)
Epoch 51/200, Batch 100, Aver_Loss: 1825.0051
Epoch 51/200, Batch 200, Aver_Loss: 1795.0259
Epoch 51/200, Batch 300, Aver_Loss: 1894.9008
Epoch 51/200, Batch 400, Aver_Loss: 1833.9281
[early-stopping] Epoch 51: no improvement (4/20)
Epoch 52/200, Batch 100, Aver_Loss: 1860.7648
Epoch 52/200, Batch 200, Aver_Loss: 1807.6326
Epoch 52/200, Batch 300, Aver_Loss: 1849.5471
Epoch 52/200, Batch 400, Aver_Loss: 1854.9277
[early-stopping] Epoch 52: no improvement (5/20)
Epoch 53/200, Batch 100, Aver_Loss: 1842.4521
Epoch 53/200, Batch 200, Aver_Loss: 1873.0341
Epoch 53/200, Batch 300, Aver_Loss: 1821.1156
Epoch 53/200, Batch 400, Aver_Loss: 1873.3066
[early-stopping] Epoch 53: no improvement (6/20)
Epoch 54/200, Batch 100, Aver_Loss: 1856.6805
Epoch 54/200, Batch 200, Aver_Loss: 1830.5331
Epoch 54/200, Batch 300, Aver_Loss: 1804.2949
Epoch 54/200, Batch 400, Aver_Loss: 1831.4961
[early-stopping] Epoch 54: no improvement (7/20)
Epoch 55/200, Batch 100, Aver_Loss: 1850.9838
Epoch 55/200, Batch 200, Aver_Loss: 1829.2717
Epoch 55/200, Batch 300, Aver_Loss: 1874.3112
Epoch 55/200, Batch 400, Aver_Loss: 1817.3629
[early-stopping] Epoch 55: no improvement (8/20)
Epoch 56/200, Batch 100, Aver_Loss: 1833.5483
Epoch 56/200, Batch 200, Aver_Loss: 1848.1965
Epoch 56/200, Batch 300, Aver_Loss: 1874.5815
Epoch 56/200, Batch 400, Aver_Loss: 1857.9518
[early-stopping] Epoch 56: no improvement (9/20)
Epoch 57/200, Batch 100, Aver_Loss: 1859.7441
Epoch 57/200, Batch 200, Aver_Loss: 1882.1112
Epoch 57/200, Batch 300, Aver_Loss: 1854.5594
Epoch 57/200, Batch 400, Aver_Loss: 1865.0592
[early-stopping] Epoch 57: no improvement (10/20)
Epoch 58/200, Batch 100, Aver_Loss: 1873.3256
Epoch 58/200, Batch 200, Aver_Loss: 1798.1730
Epoch 58/200, Batch 300, Aver_Loss: 1838.8390
Epoch 58/200, Batch 400, Aver_Loss: 1818.9060
[early-stopping] Epoch 58: no improvement (11/20)
Epoch 59/200, Batch 100, Aver_Loss: 1856.5729
Epoch 59/200, Batch 200, Aver_Loss: 1868.7651
Epoch 59/200, Batch 300, Aver_Loss: 1826.3958
Epoch 59/200, Batch 400, Aver_Loss: 1835.8856
[early-stopping] Epoch 59: no improvement (12/20)
Epoch 60/200, Batch 100, Aver_Loss: 1836.6685
Epoch 60/200, Batch 200, Aver_Loss: 1854.2224
Epoch 60/200, Batch 300, Aver_Loss: 1824.0375
Epoch 60/200, Batch 400, Aver_Loss: 1876.4186
[early-stopping] Epoch 60: no improvement (13/20)
Epoch 61/200, Batch 100, Aver_Loss: 1852.5701
Epoch 61/200, Batch 200, Aver_Loss: 1837.8439
Epoch 61/200, Batch 300, Aver_Loss: 1865.9691
Epoch 61/200, Batch 400, Aver_Loss: 1881.3037
[early-stopping] Epoch 61: no improvement (14/20)
Epoch 62/200, Batch 100, Aver_Loss: 1850.1095
Epoch 62/200, Batch 200, Aver_Loss: 1822.0421
Epoch 62/200, Batch 300, Aver_Loss: 1837.2959
Epoch 62/200, Batch 400, Aver_Loss: 1845.9020
[early-stopping] Epoch 62: new best val ELBO = -1848.087615
Epoch 63/200, Batch 100, Aver_Loss: 1852.0100
Epoch 63/200, Batch 200, Aver_Loss: 1861.2847
Epoch 63/200, Batch 300, Aver_Loss: 1836.4928
Epoch 63/200, Batch 400, Aver_Loss: 1831.7977
[early-stopping] Epoch 63: no improvement (1/20)
Epoch 64/200, Batch 100, Aver_Loss: 1895.6704
Epoch 64/200, Batch 200, Aver_Loss: 1900.3881
Epoch 64/200, Batch 300, Aver_Loss: 1798.6553
Epoch 64/200, Batch 400, Aver_Loss: 1822.5786
[early-stopping] Epoch 64: no improvement (2/20)
Epoch 65/200, Batch 100, Aver_Loss: 1836.3517
Epoch 65/200, Batch 200, Aver_Loss: 1827.0709
Epoch 65/200, Batch 300, Aver_Loss: 1835.1681
Epoch 65/200, Batch 400, Aver_Loss: 1825.0706
[early-stopping] Epoch 65: no improvement (3/20)
Epoch 66/200, Batch 100, Aver_Loss: 1849.8823
Epoch 66/200, Batch 200, Aver_Loss: 1847.7239
Epoch 66/200, Batch 300, Aver_Loss: 1841.6832
Epoch 66/200, Batch 400, Aver_Loss: 1883.1475
[early-stopping] Epoch 66: no improvement (4/20)
Epoch 67/200, Batch 100, Aver_Loss: 1846.4958
Epoch 67/200, Batch 200, Aver_Loss: 1852.2218
Epoch 67/200, Batch 300, Aver_Loss: 1842.8859
Epoch 67/200, Batch 400, Aver_Loss: 1831.2593
[early-stopping] Epoch 67: no improvement (5/20)
Epoch 68/200, Batch 100, Aver_Loss: 1844.2988
Epoch 68/200, Batch 200, Aver_Loss: 1817.0792
Epoch 68/200, Batch 300, Aver_Loss: 1856.2614
Epoch 68/200, Batch 400, Aver_Loss: 1852.3496
[early-stopping] Epoch 68: no improvement (6/20)
Epoch 69/200, Batch 100, Aver_Loss: 1849.3954
Epoch 69/200, Batch 200, Aver_Loss: 1829.2288
Epoch 69/200, Batch 300, Aver_Loss: 1867.8439
Epoch 69/200, Batch 400, Aver_Loss: 1852.0454
[early-stopping] Epoch 69: new best val ELBO = -1847.568018
Epoch 70/200, Batch 100, Aver_Loss: 1843.8125
Epoch 70/200, Batch 200, Aver_Loss: 1810.7523
Epoch 70/200, Batch 300, Aver_Loss: 1795.4918
Epoch 70/200, Batch 400, Aver_Loss: 1805.7954
[early-stopping] Epoch 70: no improvement (1/20)
Epoch 71/200, Batch 100, Aver_Loss: 1846.3014
Epoch 71/200, Batch 200, Aver_Loss: 1861.6996
Epoch 71/200, Batch 300, Aver_Loss: 1887.3060
Epoch 71/200, Batch 400, Aver_Loss: 1869.3423
[early-stopping] Epoch 71: no improvement (2/20)
Epoch 72/200, Batch 100, Aver_Loss: 1806.4968
Epoch 72/200, Batch 200, Aver_Loss: 1870.8295
Epoch 72/200, Batch 300, Aver_Loss: 1853.1304
Epoch 72/200, Batch 400, Aver_Loss: 1863.1155
[early-stopping] Epoch 72: new best val ELBO = -1847.359759
Epoch 73/200, Batch 100, Aver_Loss: 1834.8523
Epoch 73/200, Batch 200, Aver_Loss: 1854.5636
Epoch 73/200, Batch 300, Aver_Loss: 1837.8640
Epoch 73/200, Batch 400, Aver_Loss: 1834.5848
[early-stopping] Epoch 73: no improvement (1/20)
Epoch 74/200, Batch 100, Aver_Loss: 1853.6875
Epoch 74/200, Batch 200, Aver_Loss: 1843.2234
Epoch 74/200, Batch 300, Aver_Loss: 1846.0076
Epoch 74/200, Batch 400, Aver_Loss: 1772.0338
[early-stopping] Epoch 74: no improvement (2/20)
Epoch 75/200, Batch 100, Aver_Loss: 1856.6947
Epoch 75/200, Batch 200, Aver_Loss: 1845.0981
Epoch 75/200, Batch 300, Aver_Loss: 1828.3450
Epoch 75/200, Batch 400, Aver_Loss: 1838.5042
[early-stopping] Epoch 75: no improvement (3/20)
Epoch 76/200, Batch 100, Aver_Loss: 1817.2670
Epoch 76/200, Batch 200, Aver_Loss: 1833.7847
Epoch 76/200, Batch 300, Aver_Loss: 1837.5348
Epoch 76/200, Batch 400, Aver_Loss: 1860.0493
[early-stopping] Epoch 76: no improvement (4/20)
Epoch 77/200, Batch 100, Aver_Loss: 1874.7137
Epoch 77/200, Batch 200, Aver_Loss: 1848.6201
Epoch 77/200, Batch 300, Aver_Loss: 1870.9957
Epoch 77/200, Batch 400, Aver_Loss: 1849.6501
[early-stopping] Epoch 77: no improvement (5/20)
Epoch 78/200, Batch 100, Aver_Loss: 1851.9310
Epoch 78/200, Batch 200, Aver_Loss: 1851.0974
Epoch 78/200, Batch 300, Aver_Loss: 1847.3455
Epoch 78/200, Batch 400, Aver_Loss: 1830.1995
[early-stopping] Epoch 78: no improvement (6/20)
Epoch 79/200, Batch 100, Aver_Loss: 1882.2346
Epoch 79/200, Batch 200, Aver_Loss: 1839.2953
Epoch 79/200, Batch 300, Aver_Loss: 1820.3229
Epoch 79/200, Batch 400, Aver_Loss: 1836.3917
[early-stopping] Epoch 79: no improvement (7/20)
Epoch 80/200, Batch 100, Aver_Loss: 1827.5234
Epoch 80/200, Batch 200, Aver_Loss: 1861.6329
Epoch 80/200, Batch 300, Aver_Loss: 1848.3344
Epoch 80/200, Batch 400, Aver_Loss: 1851.5781
[early-stopping] Epoch 80: no improvement (8/20)
Epoch 81/200, Batch 100, Aver_Loss: 1876.8151
Epoch 81/200, Batch 200, Aver_Loss: 1833.0284
Epoch 81/200, Batch 300, Aver_Loss: 1840.7288
Epoch 81/200, Batch 400, Aver_Loss: 1897.2609
[early-stopping] Epoch 81: new best val ELBO = -1846.678859
Epoch 82/200, Batch 100, Aver_Loss: 1840.2300
Epoch 82/200, Batch 200, Aver_Loss: 1815.9226
Epoch 82/200, Batch 300, Aver_Loss: 1839.8510
Epoch 82/200, Batch 400, Aver_Loss: 1869.7699
[early-stopping] Epoch 82: no improvement (1/20)
Epoch 83/200, Batch 100, Aver_Loss: 1874.4897
Epoch 83/200, Batch 200, Aver_Loss: 1853.6943
Epoch 83/200, Batch 300, Aver_Loss: 1811.8895
Epoch 83/200, Batch 400, Aver_Loss: 1836.9387
[early-stopping] Epoch 83: no improvement (2/20)
Epoch 84/200, Batch 100, Aver_Loss: 1839.5282
Epoch 84/200, Batch 200, Aver_Loss: 1844.7246
Epoch 84/200, Batch 300, Aver_Loss: 1856.4181
Epoch 84/200, Batch 400, Aver_Loss: 1816.0488
[early-stopping] Epoch 84: no improvement (3/20)
Epoch 85/200, Batch 100, Aver_Loss: 1859.8351
Epoch 85/200, Batch 200, Aver_Loss: 1880.8573
Epoch 85/200, Batch 300, Aver_Loss: 1830.6162
Epoch 85/200, Batch 400, Aver_Loss: 1856.6738
[early-stopping] Epoch 85: no improvement (4/20)
Epoch 86/200, Batch 100, Aver_Loss: 1868.9879
Epoch 86/200, Batch 200, Aver_Loss: 1844.9398
Epoch 86/200, Batch 300, Aver_Loss: 1827.0001
Epoch 86/200, Batch 400, Aver_Loss: 1814.9727
[early-stopping] Epoch 86: no improvement (5/20)
Epoch 87/200, Batch 100, Aver_Loss: 1827.6313
Epoch 87/200, Batch 200, Aver_Loss: 1828.5917
Epoch 87/200, Batch 300, Aver_Loss: 1870.8042
Epoch 87/200, Batch 400, Aver_Loss: 1864.7070
[early-stopping] Epoch 87: no improvement (6/20)
Epoch 88/200, Batch 100, Aver_Loss: 1850.5062
Epoch 88/200, Batch 200, Aver_Loss: 1843.3309
Epoch 88/200, Batch 300, Aver_Loss: 1855.5502
Epoch 88/200, Batch 400, Aver_Loss: 1841.6881
[early-stopping] Epoch 88: no improvement (7/20)
Epoch 89/200, Batch 100, Aver_Loss: 1850.0677
Epoch 89/200, Batch 200, Aver_Loss: 1830.4553
Epoch 89/200, Batch 300, Aver_Loss: 1851.1403
Epoch 89/200, Batch 400, Aver_Loss: 1842.8195
[early-stopping] Epoch 89: no improvement (8/20)
Epoch 90/200, Batch 100, Aver_Loss: 1830.1530
Epoch 90/200, Batch 200, Aver_Loss: 1871.8931
Epoch 90/200, Batch 300, Aver_Loss: 1874.3580
Epoch 90/200, Batch 400, Aver_Loss: 1815.1106
[early-stopping] Epoch 90: no improvement (9/20)
Epoch 91/200, Batch 100, Aver_Loss: 1874.6877
Epoch 91/200, Batch 200, Aver_Loss: 1860.9132
Epoch 91/200, Batch 300, Aver_Loss: 1841.6831
Epoch 91/200, Batch 400, Aver_Loss: 1862.5082
[early-stopping] Epoch 91: no improvement (10/20)
Epoch 92/200, Batch 100, Aver_Loss: 1838.5814
Epoch 92/200, Batch 200, Aver_Loss: 1857.3499
Epoch 92/200, Batch 300, Aver_Loss: 1851.4961
Epoch 92/200, Batch 400, Aver_Loss: 1804.1128
[early-stopping] Epoch 92: no improvement (11/20)
Epoch 93/200, Batch 100, Aver_Loss: 1821.3881
Epoch 93/200, Batch 200, Aver_Loss: 1857.0410
Epoch 93/200, Batch 300, Aver_Loss: 1807.6937
Epoch 93/200, Batch 400, Aver_Loss: 1832.9197
[early-stopping] Epoch 93: no improvement (12/20)
Epoch 94/200, Batch 100, Aver_Loss: 1831.4355
Epoch 94/200, Batch 200, Aver_Loss: 1826.5994
Epoch 94/200, Batch 300, Aver_Loss: 1861.6134
Epoch 94/200, Batch 400, Aver_Loss: 1834.5275
[early-stopping] Epoch 94: no improvement (13/20)
Epoch 95/200, Batch 100, Aver_Loss: 1862.4255
Epoch 95/200, Batch 200, Aver_Loss: 1832.5232
Epoch 95/200, Batch 300, Aver_Loss: 1852.4484
Epoch 95/200, Batch 400, Aver_Loss: 1845.4009
[early-stopping] Epoch 95: no improvement (14/20)
Epoch 96/200, Batch 100, Aver_Loss: 1859.0948
Epoch 96/200, Batch 200, Aver_Loss: 1843.9698
Epoch 96/200, Batch 300, Aver_Loss: 1840.4497
Epoch 96/200, Batch 400, Aver_Loss: 1848.4958
[early-stopping] Epoch 96: no improvement (15/20)
Epoch 97/200, Batch 100, Aver_Loss: 1846.4885
Epoch 97/200, Batch 200, Aver_Loss: 1879.4026
Epoch 97/200, Batch 300, Aver_Loss: 1857.6842
Epoch 97/200, Batch 400, Aver_Loss: 1868.3409
[early-stopping] Epoch 97: no improvement (16/20)
Epoch 98/200, Batch 100, Aver_Loss: 1852.5415
Epoch 98/200, Batch 200, Aver_Loss: 1870.8207
Epoch 98/200, Batch 300, Aver_Loss: 1859.3318
Epoch 98/200, Batch 400, Aver_Loss: 1872.2234
[early-stopping] Epoch 98: no improvement (17/20)
Epoch 99/200, Batch 100, Aver_Loss: 1853.4360
Epoch 99/200, Batch 200, Aver_Loss: 1834.9698
Epoch 99/200, Batch 300, Aver_Loss: 1830.8750
Epoch 99/200, Batch 400, Aver_Loss: 1862.2539
[early-stopping] Epoch 99: no improvement (18/20)
Epoch 100/200, Batch 100, Aver_Loss: 1845.8513
Epoch 100/200, Batch 200, Aver_Loss: 1834.4058
Epoch 100/200, Batch 300, Aver_Loss: 1863.9344
Epoch 100/200, Batch 400, Aver_Loss: 1866.6987
[early-stopping] Epoch 100: no improvement (19/20)
Epoch 101/200, Batch 100, Aver_Loss: 1846.2115
Epoch 101/200, Batch 200, Aver_Loss: 1850.6998
Epoch 101/200, Batch 300, Aver_Loss: 1868.3278
Epoch 101/200, Batch 400, Aver_Loss: 1877.4783
[early-stopping] Epoch 101: no improvement (20/20)
[early-stopping] Patience reached. Stopping at epoch 101. Best epoch: 81, best val ELBO: -1846.678859
[early-stopping] Loaded best model from epoch 81 (val ELBO = -1846.678859)
[checkpoint] Saved best model to: trained_parameters/cifar10_zdim16_VAE.pkl
[saved curves] ./results/CIFAR10/curves/cifar10_vae_d16_s777.json

==== Evaluation Summary ====
                 model: vae
   recon/mse_per_pixel: 0.018565
            elbo/train: -1845.774521
             elbo/test: -1846.678021
             mse/train: 0.018291
              mse/test: 0.018565
             probe/acc: 0.339167
             probe/nll: 1.897782
           probe/brier: 0.794711
             probe/ece: 0.039208
           cluster/nmi: 0.112569
           cluster/ari: 0.066803
============================

