/usr/bin/which: no fi_info in (/arf/home/meyavuz/.local/bin:/arf/sw/comp/python/intelpython3/condabin:/arf/sw/comp/python/intelpython3/bin:/usr/share/Modules/bin:/usr/local/bin:/usr/bin:/usr/local/sbin:/usr/sbin)
Extension for Scikit-learn* enabled (https://github.com/uxlfoundation/scikit-learn-intelex)
/arf/home/meyavuz/.conda/envs/sbn/lib/python3.9/site-packages/sklearn/linear_model/_logistic.py:1247: FutureWarning: 'multi_class' was deprecated in version 1.5 and will be removed in 1.7. From then on, it will always use 'multinomial'. Leave it to its default value to avoid this warning.
  warnings.warn(
Epoch 1/200, Batch 100, Aver_Loss: 1971.6615
Epoch 1/200, Batch 200, Aver_Loss: 1984.9305
Epoch 1/200, Batch 300, Aver_Loss: 1955.7329
Epoch 1/200, Batch 400, Aver_Loss: 1966.8456
[early-stopping] Epoch 1: new best val ELBO = -1967.366531
Epoch 2/200, Batch 100, Aver_Loss: 1943.5184
Epoch 2/200, Batch 200, Aver_Loss: 1977.7272
Epoch 2/200, Batch 300, Aver_Loss: 1974.8661
Epoch 2/200, Batch 400, Aver_Loss: 1963.1035
[early-stopping] Epoch 2: new best val ELBO = -1966.155253
Epoch 3/200, Batch 100, Aver_Loss: 1954.6748
Epoch 3/200, Batch 200, Aver_Loss: 1964.3801
Epoch 3/200, Batch 300, Aver_Loss: 1978.2550
Epoch 3/200, Batch 400, Aver_Loss: 1984.1677
[early-stopping] Epoch 3: new best val ELBO = -1962.412252
Epoch 4/200, Batch 100, Aver_Loss: 1977.7726
Epoch 4/200, Batch 200, Aver_Loss: 1969.7261
Epoch 4/200, Batch 300, Aver_Loss: 1952.8583
Epoch 4/200, Batch 400, Aver_Loss: 2002.4806
[early-stopping] Epoch 4: no improvement (1/20)
Epoch 5/200, Batch 100, Aver_Loss: 1974.8524
Epoch 5/200, Batch 200, Aver_Loss: 1973.9237
Epoch 5/200, Batch 300, Aver_Loss: 1933.3228
Epoch 5/200, Batch 400, Aver_Loss: 1975.6943
[early-stopping] Epoch 5: new best val ELBO = -1962.193356
Epoch 6/200, Batch 100, Aver_Loss: 1967.5101
Epoch 6/200, Batch 200, Aver_Loss: 1970.3322
Epoch 6/200, Batch 300, Aver_Loss: 1963.7570
Epoch 6/200, Batch 400, Aver_Loss: 1933.1488
[early-stopping] Epoch 6: new best val ELBO = -1960.590324
Epoch 7/200, Batch 100, Aver_Loss: 1982.6473
Epoch 7/200, Batch 200, Aver_Loss: 1962.5159
Epoch 7/200, Batch 300, Aver_Loss: 1964.7357
Epoch 7/200, Batch 400, Aver_Loss: 1936.8362
[early-stopping] Epoch 7: no improvement (1/20)
Epoch 8/200, Batch 100, Aver_Loss: 1975.9823
Epoch 8/200, Batch 200, Aver_Loss: 1991.4623
Epoch 8/200, Batch 300, Aver_Loss: 1971.6743
Epoch 8/200, Batch 400, Aver_Loss: 1941.8556
[early-stopping] Epoch 8: new best val ELBO = -1959.490309
Epoch 9/200, Batch 100, Aver_Loss: 1962.9247
Epoch 9/200, Batch 200, Aver_Loss: 1988.7798
Epoch 9/200, Batch 300, Aver_Loss: 1972.3674
Epoch 9/200, Batch 400, Aver_Loss: 1981.0225
[early-stopping] Epoch 9: no improvement (1/20)
Epoch 10/200, Batch 100, Aver_Loss: 1950.8887
Epoch 10/200, Batch 200, Aver_Loss: 1980.2422
Epoch 10/200, Batch 300, Aver_Loss: 1966.9392
Epoch 10/200, Batch 400, Aver_Loss: 1944.2639
[early-stopping] Epoch 10: new best val ELBO = -1958.807569
Epoch 11/200, Batch 100, Aver_Loss: 1964.6023
Epoch 11/200, Batch 200, Aver_Loss: 1953.5106
Epoch 11/200, Batch 300, Aver_Loss: 1945.8463
Epoch 11/200, Batch 400, Aver_Loss: 1975.6011
[early-stopping] Epoch 11: no improvement (1/20)
Epoch 12/200, Batch 100, Aver_Loss: 1958.5745
Epoch 12/200, Batch 200, Aver_Loss: 1965.9857
Epoch 12/200, Batch 300, Aver_Loss: 1994.1873
Epoch 12/200, Batch 400, Aver_Loss: 1960.2461
[early-stopping] Epoch 12: no improvement (2/20)
Epoch 13/200, Batch 100, Aver_Loss: 1986.6307
Epoch 13/200, Batch 200, Aver_Loss: 1987.7065
Epoch 13/200, Batch 300, Aver_Loss: 1930.7469
Epoch 13/200, Batch 400, Aver_Loss: 1940.8125
[early-stopping] Epoch 13: new best val ELBO = -1956.626658
Epoch 14/200, Batch 100, Aver_Loss: 1967.0413
Epoch 14/200, Batch 200, Aver_Loss: 1979.5952
Epoch 14/200, Batch 300, Aver_Loss: 1953.6084
Epoch 14/200, Batch 400, Aver_Loss: 1955.5042
[early-stopping] Epoch 14: no improvement (1/20)
Epoch 15/200, Batch 100, Aver_Loss: 1965.7726
Epoch 15/200, Batch 200, Aver_Loss: 1971.5292
Epoch 15/200, Batch 300, Aver_Loss: 1968.4073
Epoch 15/200, Batch 400, Aver_Loss: 1942.2034
[early-stopping] Epoch 15: new best val ELBO = -1955.153479
Epoch 16/200, Batch 100, Aver_Loss: 1968.2543
Epoch 16/200, Batch 200, Aver_Loss: 1974.6859
Epoch 16/200, Batch 300, Aver_Loss: 1960.9259
Epoch 16/200, Batch 400, Aver_Loss: 1960.7540
[early-stopping] Epoch 16: no improvement (1/20)
Epoch 17/200, Batch 100, Aver_Loss: 1940.5530
Epoch 17/200, Batch 200, Aver_Loss: 1979.8901
Epoch 17/200, Batch 300, Aver_Loss: 1944.6647
Epoch 17/200, Batch 400, Aver_Loss: 2046.2582
[early-stopping] Epoch 17: no improvement (2/20)
Epoch 18/200, Batch 100, Aver_Loss: 1991.6570
Epoch 18/200, Batch 200, Aver_Loss: 1991.0369
Epoch 18/200, Batch 300, Aver_Loss: 1967.4941
Epoch 18/200, Batch 400, Aver_Loss: 1985.3115
[early-stopping] Epoch 18: no improvement (3/20)
Epoch 19/200, Batch 100, Aver_Loss: 1956.4978
Epoch 19/200, Batch 200, Aver_Loss: 1973.7472
Epoch 19/200, Batch 300, Aver_Loss: 1980.9570
Epoch 19/200, Batch 400, Aver_Loss: 1947.2043
[early-stopping] Epoch 19: no improvement (4/20)
Epoch 20/200, Batch 100, Aver_Loss: 1915.5392
Epoch 20/200, Batch 200, Aver_Loss: 1941.0583
Epoch 20/200, Batch 300, Aver_Loss: 1968.0709
Epoch 20/200, Batch 400, Aver_Loss: 1949.1296
[early-stopping] Epoch 20: new best val ELBO = -1954.645039
Epoch 21/200, Batch 100, Aver_Loss: 1958.3828
Epoch 21/200, Batch 200, Aver_Loss: 1964.0433
Epoch 21/200, Batch 300, Aver_Loss: 1932.3601
Epoch 21/200, Batch 400, Aver_Loss: 1967.2584
[early-stopping] Epoch 21: no improvement (1/20)
Epoch 22/200, Batch 100, Aver_Loss: 1944.3528
Epoch 22/200, Batch 200, Aver_Loss: 1967.5493
Epoch 22/200, Batch 300, Aver_Loss: 1949.0782
Epoch 22/200, Batch 400, Aver_Loss: 1940.3357
[early-stopping] Epoch 22: no improvement (2/20)
Epoch 23/200, Batch 100, Aver_Loss: 1963.1576
Epoch 23/200, Batch 200, Aver_Loss: 1990.9276
Epoch 23/200, Batch 300, Aver_Loss: 1951.5162
Epoch 23/200, Batch 400, Aver_Loss: 1968.1957
[early-stopping] Epoch 23: new best val ELBO = -1952.569531
Epoch 24/200, Batch 100, Aver_Loss: 1960.4551
Epoch 24/200, Batch 200, Aver_Loss: 1971.4546
Epoch 24/200, Batch 300, Aver_Loss: 1947.9442
Epoch 24/200, Batch 400, Aver_Loss: 1963.8647
[early-stopping] Epoch 24: no improvement (1/20)
Epoch 25/200, Batch 100, Aver_Loss: 1966.9125
Epoch 25/200, Batch 200, Aver_Loss: 1936.9113
Epoch 25/200, Batch 300, Aver_Loss: 1966.8698
Epoch 25/200, Batch 400, Aver_Loss: 1954.7103
[early-stopping] Epoch 25: no improvement (2/20)
Epoch 26/200, Batch 100, Aver_Loss: 1973.5304
Epoch 26/200, Batch 200, Aver_Loss: 1945.7023
Epoch 26/200, Batch 300, Aver_Loss: 1910.6908
Epoch 26/200, Batch 400, Aver_Loss: 1949.3066
[early-stopping] Epoch 26: no improvement (3/20)
Epoch 27/200, Batch 100, Aver_Loss: 1927.3457
Epoch 27/200, Batch 200, Aver_Loss: 1936.7841
Epoch 27/200, Batch 300, Aver_Loss: 1945.0658
Epoch 27/200, Batch 400, Aver_Loss: 1932.0243
[early-stopping] Epoch 27: no improvement (4/20)
Epoch 28/200, Batch 100, Aver_Loss: 1948.3921
Epoch 28/200, Batch 200, Aver_Loss: 1982.0057
Epoch 28/200, Batch 300, Aver_Loss: 1931.6848
Epoch 28/200, Batch 400, Aver_Loss: 1973.0610
[early-stopping] Epoch 28: no improvement (5/20)
Epoch 29/200, Batch 100, Aver_Loss: 1919.6726
Epoch 29/200, Batch 200, Aver_Loss: 1922.8206
Epoch 29/200, Batch 300, Aver_Loss: 1935.9171
Epoch 29/200, Batch 400, Aver_Loss: 1977.6681
[early-stopping] Epoch 29: no improvement (6/20)
Epoch 30/200, Batch 100, Aver_Loss: 1972.2891
Epoch 30/200, Batch 200, Aver_Loss: 1968.2462
Epoch 30/200, Batch 300, Aver_Loss: 1961.3151
Epoch 30/200, Batch 400, Aver_Loss: 1951.0905
[early-stopping] Epoch 30: no improvement (7/20)
Epoch 31/200, Batch 100, Aver_Loss: 1964.9449
Epoch 31/200, Batch 200, Aver_Loss: 1957.3390
Epoch 31/200, Batch 300, Aver_Loss: 1971.2976
Epoch 31/200, Batch 400, Aver_Loss: 1968.0974
[early-stopping] Epoch 31: new best val ELBO = -1950.874258
Epoch 32/200, Batch 100, Aver_Loss: 1947.9746
Epoch 32/200, Batch 200, Aver_Loss: 1954.0198
Epoch 32/200, Batch 300, Aver_Loss: 1991.0654
Epoch 32/200, Batch 400, Aver_Loss: 1941.1908
[early-stopping] Epoch 32: no improvement (1/20)
Epoch 33/200, Batch 100, Aver_Loss: 1934.2173
Epoch 33/200, Batch 200, Aver_Loss: 1962.1407
Epoch 33/200, Batch 300, Aver_Loss: 1974.3735
Epoch 33/200, Batch 400, Aver_Loss: 1969.2152
[early-stopping] Epoch 33: no improvement (2/20)
Epoch 34/200, Batch 100, Aver_Loss: 1974.0873
Epoch 34/200, Batch 200, Aver_Loss: 1951.1797
Epoch 34/200, Batch 300, Aver_Loss: 1974.2261
Epoch 34/200, Batch 400, Aver_Loss: 1939.9404
[early-stopping] Epoch 34: no improvement (3/20)
Epoch 35/200, Batch 100, Aver_Loss: 1938.1686
Epoch 35/200, Batch 200, Aver_Loss: 1966.2885
Epoch 35/200, Batch 300, Aver_Loss: 1949.6620
Epoch 35/200, Batch 400, Aver_Loss: 1957.8997
[early-stopping] Epoch 35: no improvement (4/20)
Epoch 36/200, Batch 100, Aver_Loss: 1937.0009
Epoch 36/200, Batch 200, Aver_Loss: 1914.2209
Epoch 36/200, Batch 300, Aver_Loss: 1953.0482
Epoch 36/200, Batch 400, Aver_Loss: 1904.9260
[early-stopping] Epoch 36: no improvement (5/20)
Epoch 37/200, Batch 100, Aver_Loss: 1956.7463
Epoch 37/200, Batch 200, Aver_Loss: 1948.2213
Epoch 37/200, Batch 300, Aver_Loss: 1961.2734
Epoch 37/200, Batch 400, Aver_Loss: 1952.7344
[early-stopping] Epoch 37: no improvement (6/20)
Epoch 38/200, Batch 100, Aver_Loss: 1963.5421
Epoch 38/200, Batch 200, Aver_Loss: 1963.1970
Epoch 38/200, Batch 300, Aver_Loss: 1932.7078
Epoch 38/200, Batch 400, Aver_Loss: 2042.4935
[early-stopping] Epoch 38: no improvement (7/20)
Epoch 39/200, Batch 100, Aver_Loss: 1973.2104
Epoch 39/200, Batch 200, Aver_Loss: 1973.7529
Epoch 39/200, Batch 300, Aver_Loss: 2021.1367
Epoch 39/200, Batch 400, Aver_Loss: 1947.1066
[early-stopping] Epoch 39: no improvement (8/20)
Epoch 40/200, Batch 100, Aver_Loss: 1989.2408
Epoch 40/200, Batch 200, Aver_Loss: 1979.9550
Epoch 40/200, Batch 300, Aver_Loss: 1951.4109
Epoch 40/200, Batch 400, Aver_Loss: 1946.2871
[early-stopping] Epoch 40: no improvement (9/20)
Epoch 41/200, Batch 100, Aver_Loss: 1933.1212
Epoch 41/200, Batch 200, Aver_Loss: 1949.2480
Epoch 41/200, Batch 300, Aver_Loss: 1955.3713
Epoch 41/200, Batch 400, Aver_Loss: 1938.5221
[early-stopping] Epoch 41: no improvement (10/20)
Epoch 42/200, Batch 100, Aver_Loss: 1983.2448
Epoch 42/200, Batch 200, Aver_Loss: 1953.0610
Epoch 42/200, Batch 300, Aver_Loss: 1932.1173
Epoch 42/200, Batch 400, Aver_Loss: 1973.9373
[early-stopping] Epoch 42: no improvement (11/20)
Epoch 43/200, Batch 100, Aver_Loss: 1955.5526
Epoch 43/200, Batch 200, Aver_Loss: 1983.4171
Epoch 43/200, Batch 300, Aver_Loss: 1934.1873
Epoch 43/200, Batch 400, Aver_Loss: 1966.6810
[early-stopping] Epoch 43: no improvement (12/20)
Epoch 44/200, Batch 100, Aver_Loss: 1975.0459
Epoch 44/200, Batch 200, Aver_Loss: 1985.4967
Epoch 44/200, Batch 300, Aver_Loss: 1950.8193
Epoch 44/200, Batch 400, Aver_Loss: 1940.7953
[early-stopping] Epoch 44: no improvement (13/20)
Epoch 45/200, Batch 100, Aver_Loss: 1966.8611
Epoch 45/200, Batch 200, Aver_Loss: 1967.4103
Epoch 45/200, Batch 300, Aver_Loss: 1978.5304
Epoch 45/200, Batch 400, Aver_Loss: 1906.9778
[early-stopping] Epoch 45: new best val ELBO = -1949.706787
Epoch 46/200, Batch 100, Aver_Loss: 1963.3268
Epoch 46/200, Batch 200, Aver_Loss: 1928.9722
Epoch 46/200, Batch 300, Aver_Loss: 1935.5505
Epoch 46/200, Batch 400, Aver_Loss: 1957.1526
[early-stopping] Epoch 46: no improvement (1/20)
Epoch 47/200, Batch 100, Aver_Loss: 1941.9194
Epoch 47/200, Batch 200, Aver_Loss: 1953.3445
Epoch 47/200, Batch 300, Aver_Loss: 1968.4761
Epoch 47/200, Batch 400, Aver_Loss: 1975.9347
[early-stopping] Epoch 47: no improvement (2/20)
Epoch 48/200, Batch 100, Aver_Loss: 1943.6781
Epoch 48/200, Batch 200, Aver_Loss: 1943.3597
Epoch 48/200, Batch 300, Aver_Loss: 1951.3628
Epoch 48/200, Batch 400, Aver_Loss: 1929.0605
[early-stopping] Epoch 48: no improvement (3/20)
Epoch 49/200, Batch 100, Aver_Loss: 1969.1953
Epoch 49/200, Batch 200, Aver_Loss: 1950.9204
Epoch 49/200, Batch 300, Aver_Loss: 1965.4113
Epoch 49/200, Batch 400, Aver_Loss: 1951.0371
[early-stopping] Epoch 49: new best val ELBO = -1949.393113
Epoch 50/200, Batch 100, Aver_Loss: 1945.3351
Epoch 50/200, Batch 200, Aver_Loss: 1967.7288
Epoch 50/200, Batch 300, Aver_Loss: 1926.1224
Epoch 50/200, Batch 400, Aver_Loss: 1948.7748
[early-stopping] Epoch 50: no improvement (1/20)
Epoch 51/200, Batch 100, Aver_Loss: 1953.0355
Epoch 51/200, Batch 200, Aver_Loss: 1954.3245
Epoch 51/200, Batch 300, Aver_Loss: 1950.7074
Epoch 51/200, Batch 400, Aver_Loss: 1925.6191
[early-stopping] Epoch 51: no improvement (2/20)
Epoch 52/200, Batch 100, Aver_Loss: 1946.3722
Epoch 52/200, Batch 200, Aver_Loss: 1949.6989
Epoch 52/200, Batch 300, Aver_Loss: 1974.3123
Epoch 52/200, Batch 400, Aver_Loss: 1953.2289
[early-stopping] Epoch 52: no improvement (3/20)
Epoch 53/200, Batch 100, Aver_Loss: 1939.5831
Epoch 53/200, Batch 200, Aver_Loss: 1955.0884
Epoch 53/200, Batch 300, Aver_Loss: 1975.5990
Epoch 53/200, Batch 400, Aver_Loss: 1962.0399
[early-stopping] Epoch 53: no improvement (4/20)
Epoch 54/200, Batch 100, Aver_Loss: 1960.3523
Epoch 54/200, Batch 200, Aver_Loss: 1960.8374
Epoch 54/200, Batch 300, Aver_Loss: 1947.2001
Epoch 54/200, Batch 400, Aver_Loss: 1956.0051
[early-stopping] Epoch 54: new best val ELBO = -1948.765653
Epoch 55/200, Batch 100, Aver_Loss: 1965.5226
Epoch 55/200, Batch 200, Aver_Loss: 1922.1954
Epoch 55/200, Batch 300, Aver_Loss: 1956.7871
Epoch 55/200, Batch 400, Aver_Loss: 1922.2693
[early-stopping] Epoch 55: no improvement (1/20)
Epoch 56/200, Batch 100, Aver_Loss: 1960.6436
Epoch 56/200, Batch 200, Aver_Loss: 1946.2849
Epoch 56/200, Batch 300, Aver_Loss: 1935.6219
Epoch 56/200, Batch 400, Aver_Loss: 1933.6543
[early-stopping] Epoch 56: no improvement (2/20)
Epoch 57/200, Batch 100, Aver_Loss: 1926.2428
Epoch 57/200, Batch 200, Aver_Loss: 1966.9564
Epoch 57/200, Batch 300, Aver_Loss: 1945.2804
Epoch 57/200, Batch 400, Aver_Loss: 1938.0632
[early-stopping] Epoch 57: new best val ELBO = -1948.444229
Epoch 58/200, Batch 100, Aver_Loss: 1984.6704
Epoch 58/200, Batch 200, Aver_Loss: 1917.6464
Epoch 58/200, Batch 300, Aver_Loss: 1950.8438
Epoch 58/200, Batch 400, Aver_Loss: 1971.0399
[early-stopping] Epoch 58: no improvement (1/20)
Epoch 59/200, Batch 100, Aver_Loss: 1959.3131
Epoch 59/200, Batch 200, Aver_Loss: 1919.0854
Epoch 59/200, Batch 300, Aver_Loss: 1973.6051
Epoch 59/200, Batch 400, Aver_Loss: 1964.9287
[early-stopping] Epoch 59: no improvement (2/20)
Epoch 60/200, Batch 100, Aver_Loss: 1947.4537
Epoch 60/200, Batch 200, Aver_Loss: 1971.8672
Epoch 60/200, Batch 300, Aver_Loss: 1916.2455
Epoch 60/200, Batch 400, Aver_Loss: 1976.1603
[early-stopping] Epoch 60: no improvement (3/20)
Epoch 61/200, Batch 100, Aver_Loss: 1954.9612
Epoch 61/200, Batch 200, Aver_Loss: 1994.3047
Epoch 61/200, Batch 300, Aver_Loss: 1901.5320
Epoch 61/200, Batch 400, Aver_Loss: 1930.3840
[early-stopping] Epoch 61: no improvement (4/20)
Epoch 62/200, Batch 100, Aver_Loss: 1971.2123
Epoch 62/200, Batch 200, Aver_Loss: 1969.1223
Epoch 62/200, Batch 300, Aver_Loss: 1939.8376
Epoch 62/200, Batch 400, Aver_Loss: 1983.3936
[early-stopping] Epoch 62: no improvement (5/20)
Epoch 63/200, Batch 100, Aver_Loss: 1952.8298
Epoch 63/200, Batch 200, Aver_Loss: 1956.0134
Epoch 63/200, Batch 300, Aver_Loss: 1905.6951
Epoch 63/200, Batch 400, Aver_Loss: 1980.8967
[early-stopping] Epoch 63: no improvement (6/20)
Epoch 64/200, Batch 100, Aver_Loss: 1952.5215
Epoch 64/200, Batch 200, Aver_Loss: 1937.7238
Epoch 64/200, Batch 300, Aver_Loss: 1991.0409
Epoch 64/200, Batch 400, Aver_Loss: 1943.7134
[early-stopping] Epoch 64: no improvement (7/20)
Epoch 65/200, Batch 100, Aver_Loss: 1917.4076
Epoch 65/200, Batch 200, Aver_Loss: 1964.3232
Epoch 65/200, Batch 300, Aver_Loss: 1933.9049
Epoch 65/200, Batch 400, Aver_Loss: 1957.9468
[early-stopping] Epoch 65: no improvement (8/20)
Epoch 66/200, Batch 100, Aver_Loss: 1944.4845
Epoch 66/200, Batch 200, Aver_Loss: 1948.2998
Epoch 66/200, Batch 300, Aver_Loss: 1914.4780
Epoch 66/200, Batch 400, Aver_Loss: 1952.7224
[early-stopping] Epoch 66: new best val ELBO = -1947.580089
Epoch 67/200, Batch 100, Aver_Loss: 1924.7888
Epoch 67/200, Batch 200, Aver_Loss: 1920.1404
Epoch 67/200, Batch 300, Aver_Loss: 1947.4795
Epoch 67/200, Batch 400, Aver_Loss: 1927.4336
[early-stopping] Epoch 67: no improvement (1/20)
Epoch 68/200, Batch 100, Aver_Loss: 1917.6713
Epoch 68/200, Batch 200, Aver_Loss: 1942.1527
Epoch 68/200, Batch 300, Aver_Loss: 1970.7424
Epoch 68/200, Batch 400, Aver_Loss: 1945.3307
[early-stopping] Epoch 68: no improvement (2/20)
Epoch 69/200, Batch 100, Aver_Loss: 1936.7947
Epoch 69/200, Batch 200, Aver_Loss: 1965.4382
Epoch 69/200, Batch 300, Aver_Loss: 1945.0781
Epoch 69/200, Batch 400, Aver_Loss: 1941.6084
[early-stopping] Epoch 69: no improvement (3/20)
Epoch 70/200, Batch 100, Aver_Loss: 1923.3790
Epoch 70/200, Batch 200, Aver_Loss: 1934.1769
Epoch 70/200, Batch 300, Aver_Loss: 1932.3594
Epoch 70/200, Batch 400, Aver_Loss: 1984.6780
[early-stopping] Epoch 70: no improvement (4/20)
Epoch 71/200, Batch 100, Aver_Loss: 1901.5154
Epoch 71/200, Batch 200, Aver_Loss: 1951.0530
Epoch 71/200, Batch 300, Aver_Loss: 1929.5162
Epoch 71/200, Batch 400, Aver_Loss: 1980.7964
[early-stopping] Epoch 71: no improvement (5/20)
Epoch 72/200, Batch 100, Aver_Loss: 1940.8463
Epoch 72/200, Batch 200, Aver_Loss: 1958.1614
Epoch 72/200, Batch 300, Aver_Loss: 1948.6013
Epoch 72/200, Batch 400, Aver_Loss: 1939.0369
[early-stopping] Epoch 72: no improvement (6/20)
Epoch 73/200, Batch 100, Aver_Loss: 1989.9073
Epoch 73/200, Batch 200, Aver_Loss: 1983.1055
Epoch 73/200, Batch 300, Aver_Loss: 1933.8468
Epoch 73/200, Batch 400, Aver_Loss: 1958.7407
[early-stopping] Epoch 73: no improvement (7/20)
Epoch 74/200, Batch 100, Aver_Loss: 1970.5608
Epoch 74/200, Batch 200, Aver_Loss: 1954.9539
Epoch 74/200, Batch 300, Aver_Loss: 1937.9504
Epoch 74/200, Batch 400, Aver_Loss: 1960.1527
[early-stopping] Epoch 74: no improvement (8/20)
Epoch 75/200, Batch 100, Aver_Loss: 1974.8171
Epoch 75/200, Batch 200, Aver_Loss: 1946.2383
Epoch 75/200, Batch 300, Aver_Loss: 1943.1284
Epoch 75/200, Batch 400, Aver_Loss: 1946.5393
[early-stopping] Epoch 75: no improvement (9/20)
Epoch 76/200, Batch 100, Aver_Loss: 1931.0679
Epoch 76/200, Batch 200, Aver_Loss: 1935.4684
Epoch 76/200, Batch 300, Aver_Loss: 1949.5868
Epoch 76/200, Batch 400, Aver_Loss: 1968.9891
[early-stopping] Epoch 76: no improvement (10/20)
Epoch 77/200, Batch 100, Aver_Loss: 1931.6166
Epoch 77/200, Batch 200, Aver_Loss: 1987.9226
Epoch 77/200, Batch 300, Aver_Loss: 1913.8691
Epoch 77/200, Batch 400, Aver_Loss: 1977.2178
[early-stopping] Epoch 77: no improvement (11/20)
Epoch 78/200, Batch 100, Aver_Loss: 1964.8445
Epoch 78/200, Batch 200, Aver_Loss: 1946.5165
Epoch 78/200, Batch 300, Aver_Loss: 1963.8750
Epoch 78/200, Batch 400, Aver_Loss: 1926.1339
[early-stopping] Epoch 78: no improvement (12/20)
Epoch 79/200, Batch 100, Aver_Loss: 1964.0664
Epoch 79/200, Batch 200, Aver_Loss: 1913.0104
Epoch 79/200, Batch 300, Aver_Loss: 1937.6812
Epoch 79/200, Batch 400, Aver_Loss: 1911.8882
[early-stopping] Epoch 79: new best val ELBO = -1946.820908
Epoch 80/200, Batch 100, Aver_Loss: 1928.9613
Epoch 80/200, Batch 200, Aver_Loss: 1961.8726
Epoch 80/200, Batch 300, Aver_Loss: 1937.7092
Epoch 80/200, Batch 400, Aver_Loss: 1974.3433
[early-stopping] Epoch 80: no improvement (1/20)
Epoch 81/200, Batch 100, Aver_Loss: 1955.0444
Epoch 81/200, Batch 200, Aver_Loss: 1918.4386
Epoch 81/200, Batch 300, Aver_Loss: 1976.5165
Epoch 81/200, Batch 400, Aver_Loss: 1960.3612
[early-stopping] Epoch 81: no improvement (2/20)
Epoch 82/200, Batch 100, Aver_Loss: 1932.0938
Epoch 82/200, Batch 200, Aver_Loss: 1945.0076
Epoch 82/200, Batch 300, Aver_Loss: 1915.3268
Epoch 82/200, Batch 400, Aver_Loss: 1965.6211
[early-stopping] Epoch 82: no improvement (3/20)
Epoch 83/200, Batch 100, Aver_Loss: 1889.2886
Epoch 83/200, Batch 200, Aver_Loss: 1934.1981
Epoch 83/200, Batch 300, Aver_Loss: 1979.3372
Epoch 83/200, Batch 400, Aver_Loss: 1942.2668
[early-stopping] Epoch 83: no improvement (4/20)
Epoch 84/200, Batch 100, Aver_Loss: 1960.9728
Epoch 84/200, Batch 200, Aver_Loss: 1924.0063
Epoch 84/200, Batch 300, Aver_Loss: 1947.3500
Epoch 84/200, Batch 400, Aver_Loss: 1954.8424
[early-stopping] Epoch 84: no improvement (5/20)
Epoch 85/200, Batch 100, Aver_Loss: 1947.8528
Epoch 85/200, Batch 200, Aver_Loss: 1968.4768
Epoch 85/200, Batch 300, Aver_Loss: 1944.7123
Epoch 85/200, Batch 400, Aver_Loss: 1958.4062
[early-stopping] Epoch 85: no improvement (6/20)
Epoch 86/200, Batch 100, Aver_Loss: 1933.6967
Epoch 86/200, Batch 200, Aver_Loss: 1942.5074
Epoch 86/200, Batch 300, Aver_Loss: 1963.9734
Epoch 86/200, Batch 400, Aver_Loss: 1954.7788
[early-stopping] Epoch 86: no improvement (7/20)
Epoch 87/200, Batch 100, Aver_Loss: 1931.7469
Epoch 87/200, Batch 200, Aver_Loss: 1958.2699
Epoch 87/200, Batch 300, Aver_Loss: 1957.4873
Epoch 87/200, Batch 400, Aver_Loss: 1941.9633
[early-stopping] Epoch 87: no improvement (8/20)
Epoch 88/200, Batch 100, Aver_Loss: 1955.7876
Epoch 88/200, Batch 200, Aver_Loss: 1957.5447
Epoch 88/200, Batch 300, Aver_Loss: 1891.8062
Epoch 88/200, Batch 400, Aver_Loss: 1933.0902
[early-stopping] Epoch 88: no improvement (9/20)
Epoch 89/200, Batch 100, Aver_Loss: 1958.8207
Epoch 89/200, Batch 200, Aver_Loss: 1970.9177
Epoch 89/200, Batch 300, Aver_Loss: 1925.3698
Epoch 89/200, Batch 400, Aver_Loss: 1953.2042
[early-stopping] Epoch 89: no improvement (10/20)
Epoch 90/200, Batch 100, Aver_Loss: 1974.5601
Epoch 90/200, Batch 200, Aver_Loss: 1957.5973
Epoch 90/200, Batch 300, Aver_Loss: 1964.3041
Epoch 90/200, Batch 400, Aver_Loss: 1959.2632
[early-stopping] Epoch 90: no improvement (11/20)
Epoch 91/200, Batch 100, Aver_Loss: 1956.3717
Epoch 91/200, Batch 200, Aver_Loss: 1952.1462
Epoch 91/200, Batch 300, Aver_Loss: 1947.5940
Epoch 91/200, Batch 400, Aver_Loss: 1945.7665
[early-stopping] Epoch 91: no improvement (12/20)
Epoch 92/200, Batch 100, Aver_Loss: 1908.2235
Epoch 92/200, Batch 200, Aver_Loss: 1960.8700
Epoch 92/200, Batch 300, Aver_Loss: 1940.0201
Epoch 92/200, Batch 400, Aver_Loss: 1957.2278
[early-stopping] Epoch 92: no improvement (13/20)
Epoch 93/200, Batch 100, Aver_Loss: 1918.9878
Epoch 93/200, Batch 200, Aver_Loss: 1949.6749
Epoch 93/200, Batch 300, Aver_Loss: 1966.9738
Epoch 93/200, Batch 400, Aver_Loss: 1973.0939
[early-stopping] Epoch 93: no improvement (14/20)
Epoch 94/200, Batch 100, Aver_Loss: 1937.4069
Epoch 94/200, Batch 200, Aver_Loss: 1932.2249
Epoch 94/200, Batch 300, Aver_Loss: 1958.3278
Epoch 94/200, Batch 400, Aver_Loss: 1919.8890
[early-stopping] Epoch 94: no improvement (15/20)
Epoch 95/200, Batch 100, Aver_Loss: 1935.3420
Epoch 95/200, Batch 200, Aver_Loss: 1967.9777
Epoch 95/200, Batch 300, Aver_Loss: 1952.5750
Epoch 95/200, Batch 400, Aver_Loss: 1933.2305
[early-stopping] Epoch 95: new best val ELBO = -1946.667071
Epoch 96/200, Batch 100, Aver_Loss: 1935.9733
Epoch 96/200, Batch 200, Aver_Loss: 1962.2930
Epoch 96/200, Batch 300, Aver_Loss: 1975.2299
Epoch 96/200, Batch 400, Aver_Loss: 1926.2864
[early-stopping] Epoch 96: no improvement (1/20)
Epoch 97/200, Batch 100, Aver_Loss: 1996.3837
Epoch 97/200, Batch 200, Aver_Loss: 1963.8818
Epoch 97/200, Batch 300, Aver_Loss: 1992.8160
Epoch 97/200, Batch 400, Aver_Loss: 1964.8077
[early-stopping] Epoch 97: no improvement (2/20)
Epoch 98/200, Batch 100, Aver_Loss: 1924.1119
Epoch 98/200, Batch 200, Aver_Loss: 1930.9459
Epoch 98/200, Batch 300, Aver_Loss: 1922.5459
Epoch 98/200, Batch 400, Aver_Loss: 1949.1417
[early-stopping] Epoch 98: no improvement (3/20)
Epoch 99/200, Batch 100, Aver_Loss: 1966.7788
Epoch 99/200, Batch 200, Aver_Loss: 1922.2316
Epoch 99/200, Batch 300, Aver_Loss: 1935.3573
Epoch 99/200, Batch 400, Aver_Loss: 1963.0775
[early-stopping] Epoch 99: no improvement (4/20)
Epoch 100/200, Batch 100, Aver_Loss: 1980.6250
Epoch 100/200, Batch 200, Aver_Loss: 1959.4053
Epoch 100/200, Batch 300, Aver_Loss: 1948.4216
Epoch 100/200, Batch 400, Aver_Loss: 1968.7405
[early-stopping] Epoch 100: no improvement (5/20)
Epoch 101/200, Batch 100, Aver_Loss: 1943.4221
Epoch 101/200, Batch 200, Aver_Loss: 1978.0927
Epoch 101/200, Batch 300, Aver_Loss: 1948.6992
Epoch 101/200, Batch 400, Aver_Loss: 1954.3817
[early-stopping] Epoch 101: no improvement (6/20)
Epoch 102/200, Batch 100, Aver_Loss: 1943.9395
Epoch 102/200, Batch 200, Aver_Loss: 1960.1909
Epoch 102/200, Batch 300, Aver_Loss: 1947.6425
Epoch 102/200, Batch 400, Aver_Loss: 1952.7170
[early-stopping] Epoch 102: no improvement (7/20)
Epoch 103/200, Batch 100, Aver_Loss: 1962.1013
Epoch 103/200, Batch 200, Aver_Loss: 1956.5374
Epoch 103/200, Batch 300, Aver_Loss: 1944.9535
Epoch 103/200, Batch 400, Aver_Loss: 1899.2712
[early-stopping] Epoch 103: new best val ELBO = -1946.654647
Epoch 104/200, Batch 100, Aver_Loss: 1949.3434
Epoch 104/200, Batch 200, Aver_Loss: 1949.5625
Epoch 104/200, Batch 300, Aver_Loss: 1962.6897
Epoch 104/200, Batch 400, Aver_Loss: 1949.1179
[early-stopping] Epoch 104: no improvement (1/20)
Epoch 105/200, Batch 100, Aver_Loss: 1965.3340
Epoch 105/200, Batch 200, Aver_Loss: 1942.9590
Epoch 105/200, Batch 300, Aver_Loss: 1973.1254
Epoch 105/200, Batch 400, Aver_Loss: 1944.8424
[early-stopping] Epoch 105: new best val ELBO = -1946.131286
Epoch 106/200, Batch 100, Aver_Loss: 1953.5620
Epoch 106/200, Batch 200, Aver_Loss: 1984.7969
Epoch 106/200, Batch 300, Aver_Loss: 1942.1436
Epoch 106/200, Batch 400, Aver_Loss: 1935.6801
[early-stopping] Epoch 106: no improvement (1/20)
Epoch 107/200, Batch 100, Aver_Loss: 1919.6942
Epoch 107/200, Batch 200, Aver_Loss: 1961.6022
Epoch 107/200, Batch 300, Aver_Loss: 1954.8971
Epoch 107/200, Batch 400, Aver_Loss: 1933.2976
[early-stopping] Epoch 107: no improvement (2/20)
Epoch 108/200, Batch 100, Aver_Loss: 1934.1584
Epoch 108/200, Batch 200, Aver_Loss: 1929.2970
Epoch 108/200, Batch 300, Aver_Loss: 1938.0564
Epoch 108/200, Batch 400, Aver_Loss: 1926.4584
[early-stopping] Epoch 108: no improvement (3/20)
Epoch 109/200, Batch 100, Aver_Loss: 1925.7200
Epoch 109/200, Batch 200, Aver_Loss: 1961.5002
Epoch 109/200, Batch 300, Aver_Loss: 1945.1119
Epoch 109/200, Batch 400, Aver_Loss: 1917.4344
[early-stopping] Epoch 109: no improvement (4/20)
Epoch 110/200, Batch 100, Aver_Loss: 1944.6903
Epoch 110/200, Batch 200, Aver_Loss: 1912.9489
Epoch 110/200, Batch 300, Aver_Loss: 1947.2209
Epoch 110/200, Batch 400, Aver_Loss: 1931.6173
[early-stopping] Epoch 110: no improvement (5/20)
Epoch 111/200, Batch 100, Aver_Loss: 1956.6134
Epoch 111/200, Batch 200, Aver_Loss: 1945.2689
Epoch 111/200, Batch 300, Aver_Loss: 1931.4823
Epoch 111/200, Batch 400, Aver_Loss: 1943.2233
[early-stopping] Epoch 111: no improvement (6/20)
Epoch 112/200, Batch 100, Aver_Loss: 1957.6925
Epoch 112/200, Batch 200, Aver_Loss: 1930.6979
Epoch 112/200, Batch 300, Aver_Loss: 1943.3193
Epoch 112/200, Batch 400, Aver_Loss: 1906.5193
[early-stopping] Epoch 112: no improvement (7/20)
Epoch 113/200, Batch 100, Aver_Loss: 1937.1552
Epoch 113/200, Batch 200, Aver_Loss: 1945.0536
Epoch 113/200, Batch 300, Aver_Loss: 1959.3295
Epoch 113/200, Batch 400, Aver_Loss: 1940.7927
[early-stopping] Epoch 113: no improvement (8/20)
Epoch 114/200, Batch 100, Aver_Loss: 1976.8998
Epoch 114/200, Batch 200, Aver_Loss: 1952.8507
Epoch 114/200, Batch 300, Aver_Loss: 1942.8848
Epoch 114/200, Batch 400, Aver_Loss: 1977.1636
[early-stopping] Epoch 114: no improvement (9/20)
Epoch 115/200, Batch 100, Aver_Loss: 1953.3300
Epoch 115/200, Batch 200, Aver_Loss: 1955.8761
Epoch 115/200, Batch 300, Aver_Loss: 1948.4174
Epoch 115/200, Batch 400, Aver_Loss: 1974.3606
[early-stopping] Epoch 115: no improvement (10/20)
Epoch 116/200, Batch 100, Aver_Loss: 1983.6749
Epoch 116/200, Batch 200, Aver_Loss: 1949.1326
Epoch 116/200, Batch 300, Aver_Loss: 1965.2623
Epoch 116/200, Batch 400, Aver_Loss: 1954.5811
[early-stopping] Epoch 116: no improvement (11/20)
Epoch 117/200, Batch 100, Aver_Loss: 1911.2043
Epoch 117/200, Batch 200, Aver_Loss: 1964.0575
Epoch 117/200, Batch 300, Aver_Loss: 1974.0931
Epoch 117/200, Batch 400, Aver_Loss: 1956.0977
[early-stopping] Epoch 117: no improvement (12/20)
Epoch 118/200, Batch 100, Aver_Loss: 1941.6241
Epoch 118/200, Batch 200, Aver_Loss: 1940.6549
Epoch 118/200, Batch 300, Aver_Loss: 1971.5248
Epoch 118/200, Batch 400, Aver_Loss: 1939.0818
[early-stopping] Epoch 118: no improvement (13/20)
Epoch 119/200, Batch 100, Aver_Loss: 1944.9037
Epoch 119/200, Batch 200, Aver_Loss: 1933.5254
Epoch 119/200, Batch 300, Aver_Loss: 1967.6898
Epoch 119/200, Batch 400, Aver_Loss: 1936.2502
[early-stopping] Epoch 119: no improvement (14/20)
Epoch 120/200, Batch 100, Aver_Loss: 1949.9595
Epoch 120/200, Batch 200, Aver_Loss: 1946.3635
Epoch 120/200, Batch 300, Aver_Loss: 1939.1984
Epoch 120/200, Batch 400, Aver_Loss: 1924.8893
[early-stopping] Epoch 120: no improvement (15/20)
Epoch 121/200, Batch 100, Aver_Loss: 1939.0970
Epoch 121/200, Batch 200, Aver_Loss: 1901.1929
Epoch 121/200, Batch 300, Aver_Loss: 1962.3357
Epoch 121/200, Batch 400, Aver_Loss: 1939.1345
[early-stopping] Epoch 121: no improvement (16/20)
Epoch 122/200, Batch 100, Aver_Loss: 1933.0408
Epoch 122/200, Batch 200, Aver_Loss: 1954.8546
Epoch 122/200, Batch 300, Aver_Loss: 1967.9204
Epoch 122/200, Batch 400, Aver_Loss: 1924.7507
[early-stopping] Epoch 122: no improvement (17/20)
Epoch 123/200, Batch 100, Aver_Loss: 1953.1766
Epoch 123/200, Batch 200, Aver_Loss: 1931.6066
Epoch 123/200, Batch 300, Aver_Loss: 1950.9010
Epoch 123/200, Batch 400, Aver_Loss: 1932.2338
[early-stopping] Epoch 123: no improvement (18/20)
Epoch 124/200, Batch 100, Aver_Loss: 1933.5254
Epoch 124/200, Batch 200, Aver_Loss: 1944.9432
Epoch 124/200, Batch 300, Aver_Loss: 1961.3544
Epoch 124/200, Batch 400, Aver_Loss: 1933.8937
[early-stopping] Epoch 124: no improvement (19/20)
Epoch 125/200, Batch 100, Aver_Loss: 1950.3229
Epoch 125/200, Batch 200, Aver_Loss: 1929.9528
Epoch 125/200, Batch 300, Aver_Loss: 1938.7704
Epoch 125/200, Batch 400, Aver_Loss: 1968.3394
[early-stopping] Epoch 125: new best val ELBO = -1946.077348
Epoch 126/200, Batch 100, Aver_Loss: 1965.6609
Epoch 126/200, Batch 200, Aver_Loss: 1960.3435
Epoch 126/200, Batch 300, Aver_Loss: 1929.2643
Epoch 126/200, Batch 400, Aver_Loss: 1940.1625
[early-stopping] Epoch 126: no improvement (1/20)
Epoch 127/200, Batch 100, Aver_Loss: 1955.6425
Epoch 127/200, Batch 200, Aver_Loss: 1947.4434
Epoch 127/200, Batch 300, Aver_Loss: 1989.5249
Epoch 127/200, Batch 400, Aver_Loss: 1958.9475
[early-stopping] Epoch 127: no improvement (2/20)
Epoch 128/200, Batch 100, Aver_Loss: 1910.7953
Epoch 128/200, Batch 200, Aver_Loss: 1942.5471
Epoch 128/200, Batch 300, Aver_Loss: 1936.1799
Epoch 128/200, Batch 400, Aver_Loss: 1910.9978
[early-stopping] Epoch 128: no improvement (3/20)
Epoch 129/200, Batch 100, Aver_Loss: 1946.9574
Epoch 129/200, Batch 200, Aver_Loss: 1980.8254
Epoch 129/200, Batch 300, Aver_Loss: 1933.8058
Epoch 129/200, Batch 400, Aver_Loss: 1958.0168
[early-stopping] Epoch 129: no improvement (4/20)
Epoch 130/200, Batch 100, Aver_Loss: 1935.8577
Epoch 130/200, Batch 200, Aver_Loss: 1932.6097
Epoch 130/200, Batch 300, Aver_Loss: 1956.2202
Epoch 130/200, Batch 400, Aver_Loss: 1976.5286
[early-stopping] Epoch 130: no improvement (5/20)
Epoch 131/200, Batch 100, Aver_Loss: 1916.3195
Epoch 131/200, Batch 200, Aver_Loss: 1922.8187
Epoch 131/200, Batch 300, Aver_Loss: 1931.7291
Epoch 131/200, Batch 400, Aver_Loss: 1941.1510
[early-stopping] Epoch 131: no improvement (6/20)
Epoch 132/200, Batch 100, Aver_Loss: 1930.1359
Epoch 132/200, Batch 200, Aver_Loss: 1959.1322
Epoch 132/200, Batch 300, Aver_Loss: 1945.7737
Epoch 132/200, Batch 400, Aver_Loss: 1961.3988
[early-stopping] Epoch 132: no improvement (7/20)
Epoch 133/200, Batch 100, Aver_Loss: 1966.4845
Epoch 133/200, Batch 200, Aver_Loss: 1956.2174
Epoch 133/200, Batch 300, Aver_Loss: 1972.7308
Epoch 133/200, Batch 400, Aver_Loss: 1959.8123
[early-stopping] Epoch 133: no improvement (8/20)
Epoch 134/200, Batch 100, Aver_Loss: 1929.0281
Epoch 134/200, Batch 200, Aver_Loss: 1964.0348
Epoch 134/200, Batch 300, Aver_Loss: 1973.5867
Epoch 134/200, Batch 400, Aver_Loss: 1956.8143
[early-stopping] Epoch 134: new best val ELBO = -1945.528109
Epoch 135/200, Batch 100, Aver_Loss: 1944.0013
Epoch 135/200, Batch 200, Aver_Loss: 1929.8401
Epoch 135/200, Batch 300, Aver_Loss: 1958.6945
Epoch 135/200, Batch 400, Aver_Loss: 1948.0190
[early-stopping] Epoch 135: no improvement (1/20)
Epoch 136/200, Batch 100, Aver_Loss: 1960.1195
Epoch 136/200, Batch 200, Aver_Loss: 1936.3979
Epoch 136/200, Batch 300, Aver_Loss: 1922.4381
Epoch 136/200, Batch 400, Aver_Loss: 1959.1276
[early-stopping] Epoch 136: no improvement (2/20)
Epoch 137/200, Batch 100, Aver_Loss: 1949.4414
Epoch 137/200, Batch 200, Aver_Loss: 1951.3253
Epoch 137/200, Batch 300, Aver_Loss: 1941.0581
Epoch 137/200, Batch 400, Aver_Loss: 1939.8898
[early-stopping] Epoch 137: no improvement (3/20)
Epoch 138/200, Batch 100, Aver_Loss: 1882.9127
Epoch 138/200, Batch 200, Aver_Loss: 1947.9974
Epoch 138/200, Batch 300, Aver_Loss: 1959.1906
Epoch 138/200, Batch 400, Aver_Loss: 1939.0482
[early-stopping] Epoch 138: no improvement (4/20)
Epoch 139/200, Batch 100, Aver_Loss: 1965.7238
Epoch 139/200, Batch 200, Aver_Loss: 1928.2793
Epoch 139/200, Batch 300, Aver_Loss: 1942.5868
Epoch 139/200, Batch 400, Aver_Loss: 1965.7107
[early-stopping] Epoch 139: no improvement (5/20)
Epoch 140/200, Batch 100, Aver_Loss: 1954.2885
Epoch 140/200, Batch 200, Aver_Loss: 1944.6185
Epoch 140/200, Batch 300, Aver_Loss: 1947.0173
Epoch 140/200, Batch 400, Aver_Loss: 1959.8517
[early-stopping] Epoch 140: new best val ELBO = -1945.511537
Epoch 141/200, Batch 100, Aver_Loss: 1959.0167
Epoch 141/200, Batch 200, Aver_Loss: 1921.7246
Epoch 141/200, Batch 300, Aver_Loss: 1935.6219
Epoch 141/200, Batch 400, Aver_Loss: 1939.1858
[early-stopping] Epoch 141: no improvement (1/20)
Epoch 142/200, Batch 100, Aver_Loss: 1946.2085
Epoch 142/200, Batch 200, Aver_Loss: 1925.9755
Epoch 142/200, Batch 300, Aver_Loss: 1919.4968
Epoch 142/200, Batch 400, Aver_Loss: 1917.1973
[early-stopping] Epoch 142: no improvement (2/20)
Epoch 143/200, Batch 100, Aver_Loss: 1969.5316
Epoch 143/200, Batch 200, Aver_Loss: 1968.0015
Epoch 143/200, Batch 300, Aver_Loss: 1955.4528
Epoch 143/200, Batch 400, Aver_Loss: 1949.3020
[early-stopping] Epoch 143: no improvement (3/20)
Epoch 144/200, Batch 100, Aver_Loss: 1940.1738
Epoch 144/200, Batch 200, Aver_Loss: 1939.7671
Epoch 144/200, Batch 300, Aver_Loss: 1964.8104
Epoch 144/200, Batch 400, Aver_Loss: 1967.3264
[early-stopping] Epoch 144: no improvement (4/20)
Epoch 145/200, Batch 100, Aver_Loss: 1954.7770
Epoch 145/200, Batch 200, Aver_Loss: 1932.8976
Epoch 145/200, Batch 300, Aver_Loss: 1951.9751
Epoch 145/200, Batch 400, Aver_Loss: 1935.3895
[early-stopping] Epoch 145: no improvement (5/20)
Epoch 146/200, Batch 100, Aver_Loss: 1941.0831
Epoch 146/200, Batch 200, Aver_Loss: 1939.5804
Epoch 146/200, Batch 300, Aver_Loss: 1945.7678
Epoch 146/200, Batch 400, Aver_Loss: 1927.2458
[early-stopping] Epoch 146: no improvement (6/20)
Epoch 147/200, Batch 100, Aver_Loss: 1962.1396
Epoch 147/200, Batch 200, Aver_Loss: 1939.8075
Epoch 147/200, Batch 300, Aver_Loss: 1921.8666
Epoch 147/200, Batch 400, Aver_Loss: 1972.1493
[early-stopping] Epoch 147: no improvement (7/20)
Epoch 148/200, Batch 100, Aver_Loss: 1936.1097
Epoch 148/200, Batch 200, Aver_Loss: 1916.0804
Epoch 148/200, Batch 300, Aver_Loss: 1908.4259
Epoch 148/200, Batch 400, Aver_Loss: 1953.5249
[early-stopping] Epoch 148: no improvement (8/20)
Epoch 149/200, Batch 100, Aver_Loss: 1974.3527
Epoch 149/200, Batch 200, Aver_Loss: 1930.3584
Epoch 149/200, Batch 300, Aver_Loss: 1956.0834
Epoch 149/200, Batch 400, Aver_Loss: 1981.6676
[early-stopping] Epoch 149: no improvement (9/20)
Epoch 150/200, Batch 100, Aver_Loss: 1941.8634
Epoch 150/200, Batch 200, Aver_Loss: 1957.4817
Epoch 150/200, Batch 300, Aver_Loss: 1945.1401
Epoch 150/200, Batch 400, Aver_Loss: 1929.9353
[early-stopping] Epoch 150: no improvement (10/20)
Epoch 151/200, Batch 100, Aver_Loss: 1943.0594
Epoch 151/200, Batch 200, Aver_Loss: 1953.7026
Epoch 151/200, Batch 300, Aver_Loss: 1975.3184
Epoch 151/200, Batch 400, Aver_Loss: 1930.8555
[early-stopping] Epoch 151: no improvement (11/20)
Epoch 152/200, Batch 100, Aver_Loss: 1964.5751
Epoch 152/200, Batch 200, Aver_Loss: 1952.3455
Epoch 152/200, Batch 300, Aver_Loss: 1931.3284
Epoch 152/200, Batch 400, Aver_Loss: 1926.4237
[early-stopping] Epoch 152: no improvement (12/20)
Epoch 153/200, Batch 100, Aver_Loss: 1951.1445
Epoch 153/200, Batch 200, Aver_Loss: 1926.9445
Epoch 153/200, Batch 300, Aver_Loss: 1953.0962
Epoch 153/200, Batch 400, Aver_Loss: 1949.6084
[early-stopping] Epoch 153: no improvement (13/20)
Epoch 154/200, Batch 100, Aver_Loss: 1975.4495
Epoch 154/200, Batch 200, Aver_Loss: 1953.2933
Epoch 154/200, Batch 300, Aver_Loss: 1960.3250
Epoch 154/200, Batch 400, Aver_Loss: 1940.0162
[early-stopping] Epoch 154: no improvement (14/20)
Epoch 155/200, Batch 100, Aver_Loss: 1952.7533
Epoch 155/200, Batch 200, Aver_Loss: 1979.2028
Epoch 155/200, Batch 300, Aver_Loss: 1961.5129
Epoch 155/200, Batch 400, Aver_Loss: 1954.3984
[early-stopping] Epoch 155: no improvement (15/20)
Epoch 156/200, Batch 100, Aver_Loss: 1950.9557
Epoch 156/200, Batch 200, Aver_Loss: 1943.5867
Epoch 156/200, Batch 300, Aver_Loss: 1952.3324
Epoch 156/200, Batch 400, Aver_Loss: 1974.3273
[early-stopping] Epoch 156: no improvement (16/20)
Epoch 157/200, Batch 100, Aver_Loss: 1984.6964
Epoch 157/200, Batch 200, Aver_Loss: 1966.3027
Epoch 157/200, Batch 300, Aver_Loss: 1948.4623
Epoch 157/200, Batch 400, Aver_Loss: 1953.9409
[early-stopping] Epoch 157: no improvement (17/20)
Epoch 158/200, Batch 100, Aver_Loss: 1976.0132
Epoch 158/200, Batch 200, Aver_Loss: 1972.3025
Epoch 158/200, Batch 300, Aver_Loss: 1919.0100
Epoch 158/200, Batch 400, Aver_Loss: 1924.1693
[early-stopping] Epoch 158: no improvement (18/20)
Epoch 159/200, Batch 100, Aver_Loss: 1946.0874
Epoch 159/200, Batch 200, Aver_Loss: 1977.0421
Epoch 159/200, Batch 300, Aver_Loss: 1981.5249
Epoch 159/200, Batch 400, Aver_Loss: 1963.4069
[early-stopping] Epoch 159: no improvement (19/20)
Epoch 160/200, Batch 100, Aver_Loss: 1944.6877
Epoch 160/200, Batch 200, Aver_Loss: 1941.6440
Epoch 160/200, Batch 300, Aver_Loss: 1954.4996
Epoch 160/200, Batch 400, Aver_Loss: 1956.4331
[early-stopping] Epoch 160: no improvement (20/20)
[early-stopping] Patience reached. Stopping at epoch 160. Best epoch: 140, best val ELBO: -1945.511537
[early-stopping] Loaded best model from epoch 140 (val ELBO = -1945.511537)
[checkpoint] Saved best model to: trained_parameters/cifar10_zdim2_VAE.pkl
[saved curves] ./results/CIFAR10/curves/cifar10_vae_d2_s777.json

==== Evaluation Summary ====
                 model: vae
   recon/mse_per_pixel: 0.035180
            elbo/train: -1944.780109
             elbo/test: -1945.522257
             mse/train: 0.034924
              mse/test: 0.035180
             probe/acc: 0.218500
             probe/nll: 2.169883
           probe/brier: 0.870849
             probe/ece: 0.042212
           cluster/nmi: 0.074419
           cluster/ari: 0.035472
============================

