/usr/bin/which: no fi_info in (/arf/home/meyavuz/.local/bin:/arf/sw/comp/python/intelpython3/condabin:/arf/sw/comp/python/intelpython3/bin:/usr/share/Modules/bin:/usr/local/bin:/usr/bin:/usr/local/sbin:/usr/sbin)
Extension for Scikit-learn* enabled (https://github.com/uxlfoundation/scikit-learn-intelex)
/arf/home/meyavuz/.conda/envs/sbn/lib/python3.9/site-packages/sklearn/linear_model/_logistic.py:1247: FutureWarning: 'multi_class' was deprecated in version 1.5 and will be removed in 1.7. From then on, it will always use 'multinomial'. Leave it to its default value to avoid this warning.
  warnings.warn(
Epoch 1/200, Batch 100, Aver_Loss: 1906.9459
Epoch 1/200, Batch 200, Aver_Loss: 1861.9197
Epoch 1/200, Batch 300, Aver_Loss: 1850.3765
Epoch 1/200, Batch 400, Aver_Loss: 1811.5363
[early-stopping] Epoch 1: new best val ELBO = -1816.940950
Epoch 2/200, Batch 100, Aver_Loss: 1819.9126
Epoch 2/200, Batch 200, Aver_Loss: 1797.4611
Epoch 2/200, Batch 300, Aver_Loss: 1802.7517
Epoch 2/200, Batch 400, Aver_Loss: 1780.8729
[early-stopping] Epoch 2: no improvement (1/20)
Epoch 3/200, Batch 100, Aver_Loss: 1834.5626
Epoch 3/200, Batch 200, Aver_Loss: 1821.7954
Epoch 3/200, Batch 300, Aver_Loss: 1834.0035
Epoch 3/200, Batch 400, Aver_Loss: 1814.9297
[early-stopping] Epoch 3: no improvement (2/20)
Epoch 4/200, Batch 100, Aver_Loss: 1817.3109
Epoch 4/200, Batch 200, Aver_Loss: 1784.5605
Epoch 4/200, Batch 300, Aver_Loss: 1830.6134
Epoch 4/200, Batch 400, Aver_Loss: 1761.1393
[early-stopping] Epoch 4: new best val ELBO = -1803.736260
Epoch 5/200, Batch 100, Aver_Loss: 1775.1654
Epoch 5/200, Batch 200, Aver_Loss: 1813.7645
Epoch 5/200, Batch 300, Aver_Loss: 1782.0228
Epoch 5/200, Batch 400, Aver_Loss: 1788.1993
[early-stopping] Epoch 5: new best val ELBO = -1799.829041
Epoch 6/200, Batch 100, Aver_Loss: 1811.8132
Epoch 6/200, Batch 200, Aver_Loss: 1854.0638
Epoch 6/200, Batch 300, Aver_Loss: 1784.5903
Epoch 6/200, Batch 400, Aver_Loss: 1811.3854
[early-stopping] Epoch 6: new best val ELBO = -1797.509129
Epoch 7/200, Batch 100, Aver_Loss: 1776.9883
Epoch 7/200, Batch 200, Aver_Loss: 1787.7848
Epoch 7/200, Batch 300, Aver_Loss: 1803.9928
Epoch 7/200, Batch 400, Aver_Loss: 1782.1222
[early-stopping] Epoch 7: no improvement (1/20)
Epoch 8/200, Batch 100, Aver_Loss: 1806.2572
Epoch 8/200, Batch 200, Aver_Loss: 1816.6351
Epoch 8/200, Batch 300, Aver_Loss: 1761.4453
Epoch 8/200, Batch 400, Aver_Loss: 1791.3499
[early-stopping] Epoch 8: no improvement (2/20)
Epoch 9/200, Batch 100, Aver_Loss: 1836.7065
Epoch 9/200, Batch 200, Aver_Loss: 1809.5928
Epoch 9/200, Batch 300, Aver_Loss: 1805.3739
Epoch 9/200, Batch 400, Aver_Loss: 1780.8802
[early-stopping] Epoch 9: no improvement (3/20)
Epoch 10/200, Batch 100, Aver_Loss: 1798.7334
Epoch 10/200, Batch 200, Aver_Loss: 1807.0812
Epoch 10/200, Batch 300, Aver_Loss: 1776.0704
Epoch 10/200, Batch 400, Aver_Loss: 1839.6997
[early-stopping] Epoch 10: no improvement (4/20)
Epoch 11/200, Batch 100, Aver_Loss: 1764.8834
Epoch 11/200, Batch 200, Aver_Loss: 1816.2561
Epoch 11/200, Batch 300, Aver_Loss: 1825.7719
Epoch 11/200, Batch 400, Aver_Loss: 1814.4115
[early-stopping] Epoch 11: no improvement (5/20)
Epoch 12/200, Batch 100, Aver_Loss: 1785.8739
Epoch 12/200, Batch 200, Aver_Loss: 1755.4550
Epoch 12/200, Batch 300, Aver_Loss: 1797.5226
Epoch 12/200, Batch 400, Aver_Loss: 1800.9202
[early-stopping] Epoch 12: new best val ELBO = -1793.027981
Epoch 13/200, Batch 100, Aver_Loss: 1803.8082
Epoch 13/200, Batch 200, Aver_Loss: 1810.2111
Epoch 13/200, Batch 300, Aver_Loss: 1815.6462
Epoch 13/200, Batch 400, Aver_Loss: 1797.2003
[early-stopping] Epoch 13: no improvement (1/20)
Epoch 14/200, Batch 100, Aver_Loss: 1822.9529
Epoch 14/200, Batch 200, Aver_Loss: 1790.6180
Epoch 14/200, Batch 300, Aver_Loss: 1778.4130
Epoch 14/200, Batch 400, Aver_Loss: 1788.0526
[early-stopping] Epoch 14: no improvement (2/20)
Epoch 15/200, Batch 100, Aver_Loss: 1797.5159
Epoch 15/200, Batch 200, Aver_Loss: 1769.9771
Epoch 15/200, Batch 300, Aver_Loss: 1824.4642
Epoch 15/200, Batch 400, Aver_Loss: 1754.5487
[early-stopping] Epoch 15: no improvement (3/20)
Epoch 16/200, Batch 100, Aver_Loss: 1838.6167
Epoch 16/200, Batch 200, Aver_Loss: 1781.3303
Epoch 16/200, Batch 300, Aver_Loss: 1781.0736
Epoch 16/200, Batch 400, Aver_Loss: 1763.7603
[early-stopping] Epoch 16: no improvement (4/20)
Epoch 17/200, Batch 100, Aver_Loss: 1818.8154
Epoch 17/200, Batch 200, Aver_Loss: 1811.5219
Epoch 17/200, Batch 300, Aver_Loss: 1761.8657
Epoch 17/200, Batch 400, Aver_Loss: 1766.3446
[early-stopping] Epoch 17: no improvement (5/20)
Epoch 18/200, Batch 100, Aver_Loss: 1803.3861
Epoch 18/200, Batch 200, Aver_Loss: 1799.6078
Epoch 18/200, Batch 300, Aver_Loss: 1822.9907
Epoch 18/200, Batch 400, Aver_Loss: 1823.4868
[early-stopping] Epoch 18: new best val ELBO = -1792.548930
Epoch 19/200, Batch 100, Aver_Loss: 1825.1788
Epoch 19/200, Batch 200, Aver_Loss: 1804.5505
Epoch 19/200, Batch 300, Aver_Loss: 1812.4243
Epoch 19/200, Batch 400, Aver_Loss: 1830.8253
[early-stopping] Epoch 19: no improvement (1/20)
Epoch 20/200, Batch 100, Aver_Loss: 1768.7207
Epoch 20/200, Batch 200, Aver_Loss: 1828.6720
Epoch 20/200, Batch 300, Aver_Loss: 1847.6313
Epoch 20/200, Batch 400, Aver_Loss: 1811.2523
[early-stopping] Epoch 20: no improvement (2/20)
Epoch 21/200, Batch 100, Aver_Loss: 1816.8053
Epoch 21/200, Batch 200, Aver_Loss: 1807.5454
Epoch 21/200, Batch 300, Aver_Loss: 1800.3217
Epoch 21/200, Batch 400, Aver_Loss: 1801.0214
[early-stopping] Epoch 21: new best val ELBO = -1789.872159
Epoch 22/200, Batch 100, Aver_Loss: 1827.9749
Epoch 22/200, Batch 200, Aver_Loss: 1781.0972
Epoch 22/200, Batch 300, Aver_Loss: 1796.0874
Epoch 22/200, Batch 400, Aver_Loss: 1801.9856
[early-stopping] Epoch 22: new best val ELBO = -1789.285043
Epoch 23/200, Batch 100, Aver_Loss: 1771.4349
Epoch 23/200, Batch 200, Aver_Loss: 1831.2656
Epoch 23/200, Batch 300, Aver_Loss: 1789.5040
Epoch 23/200, Batch 400, Aver_Loss: 1786.8641
[early-stopping] Epoch 23: no improvement (1/20)
Epoch 24/200, Batch 100, Aver_Loss: 1817.4612
Epoch 24/200, Batch 200, Aver_Loss: 1794.5879
Epoch 24/200, Batch 300, Aver_Loss: 1777.4945
Epoch 24/200, Batch 400, Aver_Loss: 1749.8907
[early-stopping] Epoch 24: no improvement (2/20)
Epoch 25/200, Batch 100, Aver_Loss: 1822.3250
Epoch 25/200, Batch 200, Aver_Loss: 1801.6858
Epoch 25/200, Batch 300, Aver_Loss: 1807.0957
Epoch 25/200, Batch 400, Aver_Loss: 1780.1648
[early-stopping] Epoch 25: no improvement (3/20)
Epoch 26/200, Batch 100, Aver_Loss: 1759.5533
Epoch 26/200, Batch 200, Aver_Loss: 1802.7461
Epoch 26/200, Batch 300, Aver_Loss: 1806.7437
Epoch 26/200, Batch 400, Aver_Loss: 1815.5327
[early-stopping] Epoch 26: no improvement (4/20)
Epoch 27/200, Batch 100, Aver_Loss: 1760.2717
Epoch 27/200, Batch 200, Aver_Loss: 1790.5146
Epoch 27/200, Batch 300, Aver_Loss: 1770.0488
Epoch 27/200, Batch 400, Aver_Loss: 1821.9989
[early-stopping] Epoch 27: new best val ELBO = -1789.045461
Epoch 28/200, Batch 100, Aver_Loss: 1756.5874
Epoch 28/200, Batch 200, Aver_Loss: 1805.4056
Epoch 28/200, Batch 300, Aver_Loss: 1761.3500
Epoch 28/200, Batch 400, Aver_Loss: 1775.7299
[early-stopping] Epoch 28: new best val ELBO = -1789.032079
Epoch 29/200, Batch 100, Aver_Loss: 1821.5974
Epoch 29/200, Batch 200, Aver_Loss: 1763.3339
Epoch 29/200, Batch 300, Aver_Loss: 1807.9500
Epoch 29/200, Batch 400, Aver_Loss: 1788.1731
[early-stopping] Epoch 29: no improvement (1/20)
Epoch 30/200, Batch 100, Aver_Loss: 1769.6893
Epoch 30/200, Batch 200, Aver_Loss: 1766.9701
Epoch 30/200, Batch 300, Aver_Loss: 1790.0364
Epoch 30/200, Batch 400, Aver_Loss: 1789.1783
[early-stopping] Epoch 30: no improvement (2/20)
Epoch 31/200, Batch 100, Aver_Loss: 1837.3270
Epoch 31/200, Batch 200, Aver_Loss: 1813.0743
Epoch 31/200, Batch 300, Aver_Loss: 1764.2843
Epoch 31/200, Batch 400, Aver_Loss: 1787.0792
[early-stopping] Epoch 31: no improvement (3/20)
Epoch 32/200, Batch 100, Aver_Loss: 1770.3431
Epoch 32/200, Batch 200, Aver_Loss: 1809.9806
Epoch 32/200, Batch 300, Aver_Loss: 1800.3690
Epoch 32/200, Batch 400, Aver_Loss: 1812.6945
[early-stopping] Epoch 32: new best val ELBO = -1788.867148
Epoch 33/200, Batch 100, Aver_Loss: 1808.8748
Epoch 33/200, Batch 200, Aver_Loss: 1755.1198
Epoch 33/200, Batch 300, Aver_Loss: 1760.1925
Epoch 33/200, Batch 400, Aver_Loss: 1821.5737
[early-stopping] Epoch 33: no improvement (1/20)
Epoch 34/200, Batch 100, Aver_Loss: 1773.3591
Epoch 34/200, Batch 200, Aver_Loss: 1787.8125
Epoch 34/200, Batch 300, Aver_Loss: 1754.9713
Epoch 34/200, Batch 400, Aver_Loss: 1800.1816
[early-stopping] Epoch 34: no improvement (2/20)
Epoch 35/200, Batch 100, Aver_Loss: 1827.3134
Epoch 35/200, Batch 200, Aver_Loss: 1793.7719
Epoch 35/200, Batch 300, Aver_Loss: 1806.8053
Epoch 35/200, Batch 400, Aver_Loss: 1803.2444
[early-stopping] Epoch 35: new best val ELBO = -1788.569555
Epoch 36/200, Batch 100, Aver_Loss: 1782.3907
Epoch 36/200, Batch 200, Aver_Loss: 1756.9341
Epoch 36/200, Batch 300, Aver_Loss: 1807.0265
Epoch 36/200, Batch 400, Aver_Loss: 1827.6708
[early-stopping] Epoch 36: new best val ELBO = -1788.298012
Epoch 37/200, Batch 100, Aver_Loss: 1776.3804
Epoch 37/200, Batch 200, Aver_Loss: 1804.5170
Epoch 37/200, Batch 300, Aver_Loss: 1739.8132
Epoch 37/200, Batch 400, Aver_Loss: 1794.0533
[early-stopping] Epoch 37: no improvement (1/20)
Epoch 38/200, Batch 100, Aver_Loss: 1831.0089
Epoch 38/200, Batch 200, Aver_Loss: 1803.8870
Epoch 38/200, Batch 300, Aver_Loss: 1750.4659
Epoch 38/200, Batch 400, Aver_Loss: 1786.2500
[early-stopping] Epoch 38: no improvement (2/20)
Epoch 39/200, Batch 100, Aver_Loss: 1786.0225
Epoch 39/200, Batch 200, Aver_Loss: 1775.5846
Epoch 39/200, Batch 300, Aver_Loss: 1776.8104
Epoch 39/200, Batch 400, Aver_Loss: 1823.7869
[early-stopping] Epoch 39: new best val ELBO = -1787.595442
Epoch 40/200, Batch 100, Aver_Loss: 1753.5538
Epoch 40/200, Batch 200, Aver_Loss: 1790.9175
Epoch 40/200, Batch 300, Aver_Loss: 1774.7255
Epoch 40/200, Batch 400, Aver_Loss: 1790.6506
[early-stopping] Epoch 40: no improvement (1/20)
Epoch 41/200, Batch 100, Aver_Loss: 1760.9453
Epoch 41/200, Batch 200, Aver_Loss: 1767.5408
Epoch 41/200, Batch 300, Aver_Loss: 1804.5648
Epoch 41/200, Batch 400, Aver_Loss: 1750.3179
[early-stopping] Epoch 41: no improvement (2/20)
Epoch 42/200, Batch 100, Aver_Loss: 1770.6333
Epoch 42/200, Batch 200, Aver_Loss: 1773.1385
Epoch 42/200, Batch 300, Aver_Loss: 1784.2307
Epoch 42/200, Batch 400, Aver_Loss: 1831.4349
[early-stopping] Epoch 42: no improvement (3/20)
Epoch 43/200, Batch 100, Aver_Loss: 1777.6765
Epoch 43/200, Batch 200, Aver_Loss: 1729.9684
Epoch 43/200, Batch 300, Aver_Loss: 1811.6586
Epoch 43/200, Batch 400, Aver_Loss: 1795.7753
[early-stopping] Epoch 43: no improvement (4/20)
Epoch 44/200, Batch 100, Aver_Loss: 1798.4358
Epoch 44/200, Batch 200, Aver_Loss: 1793.7749
Epoch 44/200, Batch 300, Aver_Loss: 1751.2480
Epoch 44/200, Batch 400, Aver_Loss: 1794.3148
[early-stopping] Epoch 44: no improvement (5/20)
Epoch 45/200, Batch 100, Aver_Loss: 1826.9373
Epoch 45/200, Batch 200, Aver_Loss: 1779.5278
Epoch 45/200, Batch 300, Aver_Loss: 1799.7455
Epoch 45/200, Batch 400, Aver_Loss: 1756.8237
[early-stopping] Epoch 45: no improvement (6/20)
Epoch 46/200, Batch 100, Aver_Loss: 1782.4382
Epoch 46/200, Batch 200, Aver_Loss: 1779.6189
Epoch 46/200, Batch 300, Aver_Loss: 1842.2146
Epoch 46/200, Batch 400, Aver_Loss: 1775.3271
[early-stopping] Epoch 46: no improvement (7/20)
Epoch 47/200, Batch 100, Aver_Loss: 1860.5923
Epoch 47/200, Batch 200, Aver_Loss: 1775.9176
Epoch 47/200, Batch 300, Aver_Loss: 1779.5173
Epoch 47/200, Batch 400, Aver_Loss: 1778.2437
[early-stopping] Epoch 47: no improvement (8/20)
Epoch 48/200, Batch 100, Aver_Loss: 1746.7533
Epoch 48/200, Batch 200, Aver_Loss: 1789.7871
Epoch 48/200, Batch 300, Aver_Loss: 1794.9349
Epoch 48/200, Batch 400, Aver_Loss: 1844.8716
[early-stopping] Epoch 48: new best val ELBO = -1785.788467
Epoch 49/200, Batch 100, Aver_Loss: 1799.4662
Epoch 49/200, Batch 200, Aver_Loss: 1812.7803
Epoch 49/200, Batch 300, Aver_Loss: 1786.5754
Epoch 49/200, Batch 400, Aver_Loss: 1807.4288
[early-stopping] Epoch 49: no improvement (1/20)
Epoch 50/200, Batch 100, Aver_Loss: 1762.6525
Epoch 50/200, Batch 200, Aver_Loss: 1802.6005
Epoch 50/200, Batch 300, Aver_Loss: 1798.7148
Epoch 50/200, Batch 400, Aver_Loss: 1768.2686
[early-stopping] Epoch 50: no improvement (2/20)
Epoch 51/200, Batch 100, Aver_Loss: 1778.9198
Epoch 51/200, Batch 200, Aver_Loss: 1828.0616
Epoch 51/200, Batch 300, Aver_Loss: 1795.3695
Epoch 51/200, Batch 400, Aver_Loss: 1729.0345
[early-stopping] Epoch 51: no improvement (3/20)
Epoch 52/200, Batch 100, Aver_Loss: 1787.6636
Epoch 52/200, Batch 200, Aver_Loss: 1846.7809
Epoch 52/200, Batch 300, Aver_Loss: 1756.1521
Epoch 52/200, Batch 400, Aver_Loss: 1744.8428
[early-stopping] Epoch 52: no improvement (4/20)
Epoch 53/200, Batch 100, Aver_Loss: 1803.9645
Epoch 53/200, Batch 200, Aver_Loss: 1798.6495
Epoch 53/200, Batch 300, Aver_Loss: 1770.8668
Epoch 53/200, Batch 400, Aver_Loss: 1810.6945
[early-stopping] Epoch 53: no improvement (5/20)
Epoch 54/200, Batch 100, Aver_Loss: 1817.6937
Epoch 54/200, Batch 200, Aver_Loss: 1768.3278
Epoch 54/200, Batch 300, Aver_Loss: 1842.4187
Epoch 54/200, Batch 400, Aver_Loss: 1741.3921
[early-stopping] Epoch 54: no improvement (6/20)
Epoch 55/200, Batch 100, Aver_Loss: 1806.5063
Epoch 55/200, Batch 200, Aver_Loss: 1774.5701
Epoch 55/200, Batch 300, Aver_Loss: 1724.6664
Epoch 55/200, Batch 400, Aver_Loss: 1757.3763
[early-stopping] Epoch 55: no improvement (7/20)
Epoch 56/200, Batch 100, Aver_Loss: 1793.0267
Epoch 56/200, Batch 200, Aver_Loss: 1807.9081
Epoch 56/200, Batch 300, Aver_Loss: 1794.8333
Epoch 56/200, Batch 400, Aver_Loss: 1785.4476
[early-stopping] Epoch 56: no improvement (8/20)
Epoch 57/200, Batch 100, Aver_Loss: 1783.1647
Epoch 57/200, Batch 200, Aver_Loss: 1774.5983
Epoch 57/200, Batch 300, Aver_Loss: 1775.7880
Epoch 57/200, Batch 400, Aver_Loss: 1777.8967
[early-stopping] Epoch 57: no improvement (9/20)
Epoch 58/200, Batch 100, Aver_Loss: 1809.5348
Epoch 58/200, Batch 200, Aver_Loss: 1784.9657
Epoch 58/200, Batch 300, Aver_Loss: 1789.3030
Epoch 58/200, Batch 400, Aver_Loss: 1819.0441
[early-stopping] Epoch 58: no improvement (10/20)
Epoch 59/200, Batch 100, Aver_Loss: 1797.4712
Epoch 59/200, Batch 200, Aver_Loss: 1778.0278
Epoch 59/200, Batch 300, Aver_Loss: 1788.9734
Epoch 59/200, Batch 400, Aver_Loss: 1793.5619
[early-stopping] Epoch 59: no improvement (11/20)
Epoch 60/200, Batch 100, Aver_Loss: 1794.0695
Epoch 60/200, Batch 200, Aver_Loss: 1792.9905
Epoch 60/200, Batch 300, Aver_Loss: 1703.6127
Epoch 60/200, Batch 400, Aver_Loss: 1750.9108
[early-stopping] Epoch 60: no improvement (12/20)
Epoch 61/200, Batch 100, Aver_Loss: 1788.9674
Epoch 61/200, Batch 200, Aver_Loss: 1752.8384
Epoch 61/200, Batch 300, Aver_Loss: 1798.6423
Epoch 61/200, Batch 400, Aver_Loss: 1751.5204
[early-stopping] Epoch 61: no improvement (13/20)
Epoch 62/200, Batch 100, Aver_Loss: 1777.2767
Epoch 62/200, Batch 200, Aver_Loss: 1781.2618
Epoch 62/200, Batch 300, Aver_Loss: 1785.1334
Epoch 62/200, Batch 400, Aver_Loss: 1806.4271
[early-stopping] Epoch 62: new best val ELBO = -1784.886742
Epoch 63/200, Batch 100, Aver_Loss: 1786.2703
Epoch 63/200, Batch 200, Aver_Loss: 1784.8759
Epoch 63/200, Batch 300, Aver_Loss: 1793.4874
Epoch 63/200, Batch 400, Aver_Loss: 1787.9375
[early-stopping] Epoch 63: no improvement (1/20)
Epoch 64/200, Batch 100, Aver_Loss: 1815.9916
Epoch 64/200, Batch 200, Aver_Loss: 1796.0118
Epoch 64/200, Batch 300, Aver_Loss: 1803.7266
Epoch 64/200, Batch 400, Aver_Loss: 1777.0828
[early-stopping] Epoch 64: new best val ELBO = -1784.401339
Epoch 65/200, Batch 100, Aver_Loss: 1850.3940
Epoch 65/200, Batch 200, Aver_Loss: 1778.1051
Epoch 65/200, Batch 300, Aver_Loss: 1803.4615
Epoch 65/200, Batch 400, Aver_Loss: 1803.2819
[early-stopping] Epoch 65: no improvement (1/20)
Epoch 66/200, Batch 100, Aver_Loss: 1787.2953
Epoch 66/200, Batch 200, Aver_Loss: 1792.0463
Epoch 66/200, Batch 300, Aver_Loss: 1781.7103
Epoch 66/200, Batch 400, Aver_Loss: 1746.2676
[early-stopping] Epoch 66: no improvement (2/20)
Epoch 67/200, Batch 100, Aver_Loss: 1792.4696
Epoch 67/200, Batch 200, Aver_Loss: 1747.1492
Epoch 67/200, Batch 300, Aver_Loss: 1801.1805
Epoch 67/200, Batch 400, Aver_Loss: 1807.1520
[early-stopping] Epoch 67: no improvement (3/20)
Epoch 68/200, Batch 100, Aver_Loss: 1793.1742
Epoch 68/200, Batch 200, Aver_Loss: 1812.8357
Epoch 68/200, Batch 300, Aver_Loss: 1805.5876
Epoch 68/200, Batch 400, Aver_Loss: 1841.1116
[early-stopping] Epoch 68: no improvement (4/20)
Epoch 69/200, Batch 100, Aver_Loss: 1808.9677
Epoch 69/200, Batch 200, Aver_Loss: 1740.0421
Epoch 69/200, Batch 300, Aver_Loss: 1836.1300
Epoch 69/200, Batch 400, Aver_Loss: 1797.8101
[early-stopping] Epoch 69: no improvement (5/20)
Epoch 70/200, Batch 100, Aver_Loss: 1775.4553
Epoch 70/200, Batch 200, Aver_Loss: 1758.2736
Epoch 70/200, Batch 300, Aver_Loss: 1771.1276
Epoch 70/200, Batch 400, Aver_Loss: 1772.6481
[early-stopping] Epoch 70: no improvement (6/20)
Epoch 71/200, Batch 100, Aver_Loss: 1778.5538
Epoch 71/200, Batch 200, Aver_Loss: 1816.1597
Epoch 71/200, Batch 300, Aver_Loss: 1785.5321
Epoch 71/200, Batch 400, Aver_Loss: 1821.5187
[early-stopping] Epoch 71: no improvement (7/20)
Epoch 72/200, Batch 100, Aver_Loss: 1763.2089
Epoch 72/200, Batch 200, Aver_Loss: 1799.4537
Epoch 72/200, Batch 300, Aver_Loss: 1826.4320
Epoch 72/200, Batch 400, Aver_Loss: 1791.9181
[early-stopping] Epoch 72: no improvement (8/20)
Epoch 73/200, Batch 100, Aver_Loss: 1763.3856
Epoch 73/200, Batch 200, Aver_Loss: 1825.3151
Epoch 73/200, Batch 300, Aver_Loss: 1796.4611
Epoch 73/200, Batch 400, Aver_Loss: 1760.7014
[early-stopping] Epoch 73: no improvement (9/20)
Epoch 74/200, Batch 100, Aver_Loss: 1812.6943
Epoch 74/200, Batch 200, Aver_Loss: 1801.7273
Epoch 74/200, Batch 300, Aver_Loss: 1825.7751
Epoch 74/200, Batch 400, Aver_Loss: 1801.2246
[early-stopping] Epoch 74: new best val ELBO = -1784.155575
Epoch 75/200, Batch 100, Aver_Loss: 1804.5597
Epoch 75/200, Batch 200, Aver_Loss: 1794.8053
Epoch 75/200, Batch 300, Aver_Loss: 1762.9086
Epoch 75/200, Batch 400, Aver_Loss: 1759.3585
[early-stopping] Epoch 75: no improvement (1/20)
Epoch 76/200, Batch 100, Aver_Loss: 1755.2014
Epoch 76/200, Batch 200, Aver_Loss: 1756.4780
Epoch 76/200, Batch 300, Aver_Loss: 1786.6937
Epoch 76/200, Batch 400, Aver_Loss: 1807.3489
[early-stopping] Epoch 76: no improvement (2/20)
Epoch 77/200, Batch 100, Aver_Loss: 1796.9163
Epoch 77/200, Batch 200, Aver_Loss: 1725.4702
Epoch 77/200, Batch 300, Aver_Loss: 1787.6726
Epoch 77/200, Batch 400, Aver_Loss: 1770.6838
[early-stopping] Epoch 77: no improvement (3/20)
Epoch 78/200, Batch 100, Aver_Loss: 1796.3243
Epoch 78/200, Batch 200, Aver_Loss: 1868.9142
Epoch 78/200, Batch 300, Aver_Loss: 1764.7261
Epoch 78/200, Batch 400, Aver_Loss: 1833.9130
[early-stopping] Epoch 78: no improvement (4/20)
Epoch 79/200, Batch 100, Aver_Loss: 1822.8314
Epoch 79/200, Batch 200, Aver_Loss: 1789.6361
Epoch 79/200, Batch 300, Aver_Loss: 1793.8306
Epoch 79/200, Batch 400, Aver_Loss: 1788.4531
[early-stopping] Epoch 79: no improvement (5/20)
Epoch 80/200, Batch 100, Aver_Loss: 1779.5282
Epoch 80/200, Batch 200, Aver_Loss: 1809.8602
Epoch 80/200, Batch 300, Aver_Loss: 1792.9565
Epoch 80/200, Batch 400, Aver_Loss: 1791.1515
[early-stopping] Epoch 80: no improvement (6/20)
Epoch 81/200, Batch 100, Aver_Loss: 1816.8583
Epoch 81/200, Batch 200, Aver_Loss: 1725.3948
Epoch 81/200, Batch 300, Aver_Loss: 1760.6659
Epoch 81/200, Batch 400, Aver_Loss: 1799.2379
[early-stopping] Epoch 81: new best val ELBO = -1783.172458
Epoch 82/200, Batch 100, Aver_Loss: 1759.8882
Epoch 82/200, Batch 200, Aver_Loss: 1787.5553
Epoch 82/200, Batch 300, Aver_Loss: 1831.9421
Epoch 82/200, Batch 400, Aver_Loss: 1769.7026
[early-stopping] Epoch 82: no improvement (1/20)
Epoch 83/200, Batch 100, Aver_Loss: 1770.8403
Epoch 83/200, Batch 200, Aver_Loss: 1799.5649
Epoch 83/200, Batch 300, Aver_Loss: 1799.4573
Epoch 83/200, Batch 400, Aver_Loss: 1722.2767
[early-stopping] Epoch 83: no improvement (2/20)
Epoch 84/200, Batch 100, Aver_Loss: 1767.6681
Epoch 84/200, Batch 200, Aver_Loss: 1799.5375
Epoch 84/200, Batch 300, Aver_Loss: 1807.1187
Epoch 84/200, Batch 400, Aver_Loss: 1778.4955
[early-stopping] Epoch 84: no improvement (3/20)
Epoch 85/200, Batch 100, Aver_Loss: 1837.4976
Epoch 85/200, Batch 200, Aver_Loss: 1774.2428
Epoch 85/200, Batch 300, Aver_Loss: 1758.7358
Epoch 85/200, Batch 400, Aver_Loss: 1787.1815
[early-stopping] Epoch 85: no improvement (4/20)
Epoch 86/200, Batch 100, Aver_Loss: 1720.6892
Epoch 86/200, Batch 200, Aver_Loss: 1795.9331
Epoch 86/200, Batch 300, Aver_Loss: 1794.9526
Epoch 86/200, Batch 400, Aver_Loss: 1786.6453
[early-stopping] Epoch 86: no improvement (5/20)
Epoch 87/200, Batch 100, Aver_Loss: 1745.8672
Epoch 87/200, Batch 200, Aver_Loss: 1777.2799
Epoch 87/200, Batch 300, Aver_Loss: 1780.8257
Epoch 87/200, Batch 400, Aver_Loss: 1773.7104
[early-stopping] Epoch 87: no improvement (6/20)
Epoch 88/200, Batch 100, Aver_Loss: 1798.0198
Epoch 88/200, Batch 200, Aver_Loss: 1760.6084
Epoch 88/200, Batch 300, Aver_Loss: 1777.7461
Epoch 88/200, Batch 400, Aver_Loss: 1759.2261
[early-stopping] Epoch 88: no improvement (7/20)
Epoch 89/200, Batch 100, Aver_Loss: 1773.7070
Epoch 89/200, Batch 200, Aver_Loss: 1785.3635
Epoch 89/200, Batch 300, Aver_Loss: 1797.7087
Epoch 89/200, Batch 400, Aver_Loss: 1797.5898
[early-stopping] Epoch 89: no improvement (8/20)
Epoch 90/200, Batch 100, Aver_Loss: 1748.5591
Epoch 90/200, Batch 200, Aver_Loss: 1796.6964
Epoch 90/200, Batch 300, Aver_Loss: 1790.6138
Epoch 90/200, Batch 400, Aver_Loss: 1796.5005
[early-stopping] Epoch 90: new best val ELBO = -1783.059945
Epoch 91/200, Batch 100, Aver_Loss: 1798.4348
Epoch 91/200, Batch 200, Aver_Loss: 1753.7913
Epoch 91/200, Batch 300, Aver_Loss: 1785.8795
Epoch 91/200, Batch 400, Aver_Loss: 1783.6481
[early-stopping] Epoch 91: no improvement (1/20)
Epoch 92/200, Batch 100, Aver_Loss: 1756.6820
Epoch 92/200, Batch 200, Aver_Loss: 1738.7190
Epoch 92/200, Batch 300, Aver_Loss: 1782.8044
Epoch 92/200, Batch 400, Aver_Loss: 1772.9646
[early-stopping] Epoch 92: no improvement (2/20)
Epoch 93/200, Batch 100, Aver_Loss: 1772.2299
Epoch 93/200, Batch 200, Aver_Loss: 1811.6632
Epoch 93/200, Batch 300, Aver_Loss: 1797.0814
Epoch 93/200, Batch 400, Aver_Loss: 1795.7651
[early-stopping] Epoch 93: no improvement (3/20)
Epoch 94/200, Batch 100, Aver_Loss: 1807.7451
Epoch 94/200, Batch 200, Aver_Loss: 1802.7302
Epoch 94/200, Batch 300, Aver_Loss: 1847.2512
Epoch 94/200, Batch 400, Aver_Loss: 1772.8275
[early-stopping] Epoch 94: no improvement (4/20)
Epoch 95/200, Batch 100, Aver_Loss: 1771.5477
Epoch 95/200, Batch 200, Aver_Loss: 1753.5771
Epoch 95/200, Batch 300, Aver_Loss: 1784.2675
Epoch 95/200, Batch 400, Aver_Loss: 1740.7535
[early-stopping] Epoch 95: no improvement (5/20)
Epoch 96/200, Batch 100, Aver_Loss: 1752.3560
Epoch 96/200, Batch 200, Aver_Loss: 1757.3792
Epoch 96/200, Batch 300, Aver_Loss: 1789.9642
Epoch 96/200, Batch 400, Aver_Loss: 1755.6079
[early-stopping] Epoch 96: no improvement (6/20)
Epoch 97/200, Batch 100, Aver_Loss: 1767.1781
Epoch 97/200, Batch 200, Aver_Loss: 1785.9973
Epoch 97/200, Batch 300, Aver_Loss: 1784.8774
Epoch 97/200, Batch 400, Aver_Loss: 1809.7920
[early-stopping] Epoch 97: no improvement (7/20)
Epoch 98/200, Batch 100, Aver_Loss: 1818.8746
Epoch 98/200, Batch 200, Aver_Loss: 1800.2877
Epoch 98/200, Batch 300, Aver_Loss: 1827.5781
Epoch 98/200, Batch 400, Aver_Loss: 1843.2791
[early-stopping] Epoch 98: new best val ELBO = -1783.054608
Epoch 99/200, Batch 100, Aver_Loss: 1765.7573
Epoch 99/200, Batch 200, Aver_Loss: 1796.7792
Epoch 99/200, Batch 300, Aver_Loss: 1795.4818
Epoch 99/200, Batch 400, Aver_Loss: 1762.2401
[early-stopping] Epoch 99: no improvement (1/20)
Epoch 100/200, Batch 100, Aver_Loss: 1731.2557
Epoch 100/200, Batch 200, Aver_Loss: 1756.2048
Epoch 100/200, Batch 300, Aver_Loss: 1809.8306
Epoch 100/200, Batch 400, Aver_Loss: 1769.0219
[early-stopping] Epoch 100: no improvement (2/20)
Epoch 101/200, Batch 100, Aver_Loss: 1758.9712
Epoch 101/200, Batch 200, Aver_Loss: 1802.5558
Epoch 101/200, Batch 300, Aver_Loss: 1814.6409
Epoch 101/200, Batch 400, Aver_Loss: 1823.4147
[early-stopping] Epoch 101: no improvement (3/20)
Epoch 102/200, Batch 100, Aver_Loss: 1763.8724
Epoch 102/200, Batch 200, Aver_Loss: 1816.9210
Epoch 102/200, Batch 300, Aver_Loss: 1761.6456
Epoch 102/200, Batch 400, Aver_Loss: 1819.5981
[early-stopping] Epoch 102: no improvement (4/20)
Epoch 103/200, Batch 100, Aver_Loss: 1776.1993
Epoch 103/200, Batch 200, Aver_Loss: 1782.0879
Epoch 103/200, Batch 300, Aver_Loss: 1813.8741
Epoch 103/200, Batch 400, Aver_Loss: 1845.3016
[early-stopping] Epoch 103: no improvement (5/20)
Epoch 104/200, Batch 100, Aver_Loss: 1838.8226
Epoch 104/200, Batch 200, Aver_Loss: 1770.0737
Epoch 104/200, Batch 300, Aver_Loss: 1786.2991
Epoch 104/200, Batch 400, Aver_Loss: 1786.3562
[early-stopping] Epoch 104: no improvement (6/20)
Epoch 105/200, Batch 100, Aver_Loss: 1787.9879
Epoch 105/200, Batch 200, Aver_Loss: 1814.8054
Epoch 105/200, Batch 300, Aver_Loss: 1785.2966
Epoch 105/200, Batch 400, Aver_Loss: 1790.5502
[early-stopping] Epoch 105: no improvement (7/20)
Epoch 106/200, Batch 100, Aver_Loss: 1749.0212
Epoch 106/200, Batch 200, Aver_Loss: 1776.9180
Epoch 106/200, Batch 300, Aver_Loss: 1809.0896
Epoch 106/200, Batch 400, Aver_Loss: 1737.5022
[early-stopping] Epoch 106: no improvement (8/20)
Epoch 107/200, Batch 100, Aver_Loss: 1783.4247
Epoch 107/200, Batch 200, Aver_Loss: 1788.0757
Epoch 107/200, Batch 300, Aver_Loss: 1796.5221
Epoch 107/200, Batch 400, Aver_Loss: 1782.8690
[early-stopping] Epoch 107: no improvement (9/20)
Epoch 108/200, Batch 100, Aver_Loss: 1789.4629
Epoch 108/200, Batch 200, Aver_Loss: 1777.1571
Epoch 108/200, Batch 300, Aver_Loss: 1780.4707
Epoch 108/200, Batch 400, Aver_Loss: 1748.1392
[early-stopping] Epoch 108: no improvement (10/20)
Epoch 109/200, Batch 100, Aver_Loss: 1773.9388
Epoch 109/200, Batch 200, Aver_Loss: 1785.6167
Epoch 109/200, Batch 300, Aver_Loss: 1821.6331
Epoch 109/200, Batch 400, Aver_Loss: 1741.9038
[early-stopping] Epoch 109: no improvement (11/20)
Epoch 110/200, Batch 100, Aver_Loss: 1805.9779
Epoch 110/200, Batch 200, Aver_Loss: 1770.7010
Epoch 110/200, Batch 300, Aver_Loss: 1784.8627
Epoch 110/200, Batch 400, Aver_Loss: 1811.5757
[early-stopping] Epoch 110: no improvement (12/20)
Epoch 111/200, Batch 100, Aver_Loss: 1792.4008
Epoch 111/200, Batch 200, Aver_Loss: 1814.8248
Epoch 111/200, Batch 300, Aver_Loss: 1755.7111
Epoch 111/200, Batch 400, Aver_Loss: 1803.9824
[early-stopping] Epoch 111: no improvement (13/20)
Epoch 112/200, Batch 100, Aver_Loss: 1756.5742
Epoch 112/200, Batch 200, Aver_Loss: 1798.3748
Epoch 112/200, Batch 300, Aver_Loss: 1779.7422
Epoch 112/200, Batch 400, Aver_Loss: 1746.3622
[early-stopping] Epoch 112: new best val ELBO = -1782.253858
Epoch 113/200, Batch 100, Aver_Loss: 1779.6459
Epoch 113/200, Batch 200, Aver_Loss: 1814.7217
Epoch 113/200, Batch 300, Aver_Loss: 1821.8785
Epoch 113/200, Batch 400, Aver_Loss: 1749.5658
[early-stopping] Epoch 113: no improvement (1/20)
Epoch 114/200, Batch 100, Aver_Loss: 1838.9690
Epoch 114/200, Batch 200, Aver_Loss: 1806.6226
Epoch 114/200, Batch 300, Aver_Loss: 1778.6195
Epoch 114/200, Batch 400, Aver_Loss: 1747.5173
[early-stopping] Epoch 114: no improvement (2/20)
Epoch 115/200, Batch 100, Aver_Loss: 1792.2222
Epoch 115/200, Batch 200, Aver_Loss: 1757.5751
Epoch 115/200, Batch 300, Aver_Loss: 1772.6417
Epoch 115/200, Batch 400, Aver_Loss: 1819.1158
[early-stopping] Epoch 115: no improvement (3/20)
Epoch 116/200, Batch 100, Aver_Loss: 1731.3334
Epoch 116/200, Batch 200, Aver_Loss: 1770.7213
Epoch 116/200, Batch 300, Aver_Loss: 1743.5284
Epoch 116/200, Batch 400, Aver_Loss: 1768.6324
[early-stopping] Epoch 116: no improvement (4/20)
Epoch 117/200, Batch 100, Aver_Loss: 1798.1837
Epoch 117/200, Batch 200, Aver_Loss: 1730.9683
Epoch 117/200, Batch 300, Aver_Loss: 1786.3462
Epoch 117/200, Batch 400, Aver_Loss: 1751.2971
[early-stopping] Epoch 117: no improvement (5/20)
Epoch 118/200, Batch 100, Aver_Loss: 1784.9746
Epoch 118/200, Batch 200, Aver_Loss: 1754.0337
Epoch 118/200, Batch 300, Aver_Loss: 1787.1117
Epoch 118/200, Batch 400, Aver_Loss: 1791.0112
[early-stopping] Epoch 118: no improvement (6/20)
Epoch 119/200, Batch 100, Aver_Loss: 1732.8491
Epoch 119/200, Batch 200, Aver_Loss: 1753.4236
Epoch 119/200, Batch 300, Aver_Loss: 1819.9188
Epoch 119/200, Batch 400, Aver_Loss: 1774.7476
[early-stopping] Epoch 119: no improvement (7/20)
Epoch 120/200, Batch 100, Aver_Loss: 1785.0231
Epoch 120/200, Batch 200, Aver_Loss: 1790.0533
Epoch 120/200, Batch 300, Aver_Loss: 1773.6379
Epoch 120/200, Batch 400, Aver_Loss: 1765.2550
[early-stopping] Epoch 120: no improvement (8/20)
Epoch 121/200, Batch 100, Aver_Loss: 1761.8794
Epoch 121/200, Batch 200, Aver_Loss: 1819.4603
Epoch 121/200, Batch 300, Aver_Loss: 1749.3069
Epoch 121/200, Batch 400, Aver_Loss: 1800.4713
[early-stopping] Epoch 121: no improvement (9/20)
Epoch 122/200, Batch 100, Aver_Loss: 1789.7849
Epoch 122/200, Batch 200, Aver_Loss: 1802.5751
Epoch 122/200, Batch 300, Aver_Loss: 1820.0480
Epoch 122/200, Batch 400, Aver_Loss: 1847.1776
[early-stopping] Epoch 122: no improvement (10/20)
Epoch 123/200, Batch 100, Aver_Loss: 1756.4490
Epoch 123/200, Batch 200, Aver_Loss: 1752.0684
Epoch 123/200, Batch 300, Aver_Loss: 1856.4601
Epoch 123/200, Batch 400, Aver_Loss: 1781.6252
[early-stopping] Epoch 123: no improvement (11/20)
Epoch 124/200, Batch 100, Aver_Loss: 1700.4862
Epoch 124/200, Batch 200, Aver_Loss: 1772.7423
Epoch 124/200, Batch 300, Aver_Loss: 1794.7328
Epoch 124/200, Batch 400, Aver_Loss: 1819.6697
[early-stopping] Epoch 124: no improvement (12/20)
Epoch 125/200, Batch 100, Aver_Loss: 1736.1206
Epoch 125/200, Batch 200, Aver_Loss: 1768.8850
Epoch 125/200, Batch 300, Aver_Loss: 1767.0544
Epoch 125/200, Batch 400, Aver_Loss: 1724.2238
[early-stopping] Epoch 125: no improvement (13/20)
Epoch 126/200, Batch 100, Aver_Loss: 1799.8143
Epoch 126/200, Batch 200, Aver_Loss: 1734.7678
Epoch 126/200, Batch 300, Aver_Loss: 1800.1570
Epoch 126/200, Batch 400, Aver_Loss: 1761.8309
[early-stopping] Epoch 126: no improvement (14/20)
Epoch 127/200, Batch 100, Aver_Loss: 1808.9258
Epoch 127/200, Batch 200, Aver_Loss: 1770.6057
Epoch 127/200, Batch 300, Aver_Loss: 1806.0898
Epoch 127/200, Batch 400, Aver_Loss: 1773.3304
[early-stopping] Epoch 127: no improvement (15/20)
Epoch 128/200, Batch 100, Aver_Loss: 1788.5654
Epoch 128/200, Batch 200, Aver_Loss: 1812.9585
Epoch 128/200, Batch 300, Aver_Loss: 1732.9834
Epoch 128/200, Batch 400, Aver_Loss: 1778.3926
[early-stopping] Epoch 128: no improvement (16/20)
Epoch 129/200, Batch 100, Aver_Loss: 1819.6107
Epoch 129/200, Batch 200, Aver_Loss: 1793.6124
Epoch 129/200, Batch 300, Aver_Loss: 1764.0271
Epoch 129/200, Batch 400, Aver_Loss: 1779.9542
[early-stopping] Epoch 129: no improvement (17/20)
Epoch 130/200, Batch 100, Aver_Loss: 1773.5504
Epoch 130/200, Batch 200, Aver_Loss: 1784.7765
Epoch 130/200, Batch 300, Aver_Loss: 1734.5792
Epoch 130/200, Batch 400, Aver_Loss: 1791.5990
[early-stopping] Epoch 130: no improvement (18/20)
Epoch 131/200, Batch 100, Aver_Loss: 1717.4939
Epoch 131/200, Batch 200, Aver_Loss: 1772.4778
Epoch 131/200, Batch 300, Aver_Loss: 1736.8156
Epoch 131/200, Batch 400, Aver_Loss: 1787.6381
[early-stopping] Epoch 131: no improvement (19/20)
Epoch 132/200, Batch 100, Aver_Loss: 1739.5654
Epoch 132/200, Batch 200, Aver_Loss: 1814.1470
Epoch 132/200, Batch 300, Aver_Loss: 1794.4431
Epoch 132/200, Batch 400, Aver_Loss: 1792.1278
[early-stopping] Epoch 132: no improvement (20/20)
[early-stopping] Patience reached. Stopping at epoch 132. Best epoch: 112, best val ELBO: -1782.253858
[early-stopping] Loaded best model from epoch 112 (val ELBO = -1782.253858)
[checkpoint] Saved best model to: trained_parameters/cifar100_zdim16_VAE.pkl
[saved curves] ./results/CIFAR100/curves/cifar100_vae_d16_s777.json

==== Evaluation Summary ====
                 model: vae
   recon/mse_per_pixel: 0.018460
            elbo/train: -1779.057716
             elbo/test: -1782.310897
             mse/train: 0.018044
              mse/test: 0.018460
             probe/acc: 0.139583
             probe/nll: 3.829875
           probe/brier: 0.946020
             probe/ece: 0.022165
           cluster/nmi: 0.219641
           cluster/ari: 0.026822
============================

