/usr/bin/which: no fi_info in (/arf/home/meyavuz/.local/bin:/arf/sw/comp/python/intelpython3/condabin:/arf/sw/comp/python/intelpython3/bin:/usr/share/Modules/bin:/usr/local/bin:/usr/bin:/usr/local/sbin:/usr/sbin)
Extension for Scikit-learn* enabled (https://github.com/uxlfoundation/scikit-learn-intelex)
/arf/home/meyavuz/.conda/envs/sbn/lib/python3.9/site-packages/sklearn/linear_model/_logistic.py:1247: FutureWarning: 'multi_class' was deprecated in version 1.5 and will be removed in 1.7. From then on, it will always use 'multinomial'. Leave it to its default value to avoid this warning.
  warnings.warn(
Epoch 1/200, Batch 100, Aver_Loss: 1979.6560
Epoch 1/200, Batch 200, Aver_Loss: 1929.9766
Epoch 1/200, Batch 300, Aver_Loss: 1901.7324
Epoch 1/200, Batch 400, Aver_Loss: 1913.7542
[early-stopping] Epoch 1: new best val ELBO = -1882.443896
Epoch 2/200, Batch 100, Aver_Loss: 1916.4130
Epoch 2/200, Batch 200, Aver_Loss: 1848.8689
Epoch 2/200, Batch 300, Aver_Loss: 1882.7072
Epoch 2/200, Batch 400, Aver_Loss: 1911.3232
[early-stopping] Epoch 2: new best val ELBO = -1872.727370
Epoch 3/200, Batch 100, Aver_Loss: 1913.2179
Epoch 3/200, Batch 200, Aver_Loss: 1844.7513
Epoch 3/200, Batch 300, Aver_Loss: 1907.7904
Epoch 3/200, Batch 400, Aver_Loss: 1884.9243
[early-stopping] Epoch 3: new best val ELBO = -1871.793622
Epoch 4/200, Batch 100, Aver_Loss: 1898.1023
Epoch 4/200, Batch 200, Aver_Loss: 1879.4802
Epoch 4/200, Batch 300, Aver_Loss: 1898.2489
Epoch 4/200, Batch 400, Aver_Loss: 1894.4447
[early-stopping] Epoch 4: new best val ELBO = -1870.038794
Epoch 5/200, Batch 100, Aver_Loss: 1844.3516
Epoch 5/200, Batch 200, Aver_Loss: 1845.0552
Epoch 5/200, Batch 300, Aver_Loss: 1834.1616
Epoch 5/200, Batch 400, Aver_Loss: 1900.0353
[early-stopping] Epoch 5: new best val ELBO = -1869.105274
Epoch 6/200, Batch 100, Aver_Loss: 1865.9640
Epoch 6/200, Batch 200, Aver_Loss: 1837.1951
Epoch 6/200, Batch 300, Aver_Loss: 1920.8987
Epoch 6/200, Batch 400, Aver_Loss: 1864.0900
[early-stopping] Epoch 6: no improvement (1/20)
Epoch 7/200, Batch 100, Aver_Loss: 1866.2980
Epoch 7/200, Batch 200, Aver_Loss: 1856.0454
Epoch 7/200, Batch 300, Aver_Loss: 1893.5839
Epoch 7/200, Batch 400, Aver_Loss: 1871.9152
[early-stopping] Epoch 7: new best val ELBO = -1868.763740
Epoch 8/200, Batch 100, Aver_Loss: 1804.5492
Epoch 8/200, Batch 200, Aver_Loss: 1878.4514
Epoch 8/200, Batch 300, Aver_Loss: 1885.6632
Epoch 8/200, Batch 400, Aver_Loss: 1858.9679
[early-stopping] Epoch 8: no improvement (1/20)
Epoch 9/200, Batch 100, Aver_Loss: 1848.0592
Epoch 9/200, Batch 200, Aver_Loss: 1845.9622
Epoch 9/200, Batch 300, Aver_Loss: 1836.5449
Epoch 9/200, Batch 400, Aver_Loss: 1865.3909
[early-stopping] Epoch 9: no improvement (2/20)
Epoch 10/200, Batch 100, Aver_Loss: 1890.7172
Epoch 10/200, Batch 200, Aver_Loss: 1880.8823
Epoch 10/200, Batch 300, Aver_Loss: 1830.5708
Epoch 10/200, Batch 400, Aver_Loss: 1896.6936
[early-stopping] Epoch 10: new best val ELBO = -1867.576231
Epoch 11/200, Batch 100, Aver_Loss: 1883.3569
Epoch 11/200, Batch 200, Aver_Loss: 1831.4165
Epoch 11/200, Batch 300, Aver_Loss: 1873.7869
Epoch 11/200, Batch 400, Aver_Loss: 1846.8325
[early-stopping] Epoch 11: no improvement (1/20)
Epoch 12/200, Batch 100, Aver_Loss: 1852.9720
Epoch 12/200, Batch 200, Aver_Loss: 1919.6517
Epoch 12/200, Batch 300, Aver_Loss: 1826.6934
Epoch 12/200, Batch 400, Aver_Loss: 1827.5436
[early-stopping] Epoch 12: new best val ELBO = -1865.057082
Epoch 13/200, Batch 100, Aver_Loss: 1904.7401
Epoch 13/200, Batch 200, Aver_Loss: 1885.5234
Epoch 13/200, Batch 300, Aver_Loss: 1866.9319
Epoch 13/200, Batch 400, Aver_Loss: 1892.1106
[early-stopping] Epoch 13: no improvement (1/20)
Epoch 14/200, Batch 100, Aver_Loss: 1881.2341
Epoch 14/200, Batch 200, Aver_Loss: 1841.8690
Epoch 14/200, Batch 300, Aver_Loss: 1875.1041
Epoch 14/200, Batch 400, Aver_Loss: 1830.3624
[early-stopping] Epoch 14: new best val ELBO = -1864.791745
Epoch 15/200, Batch 100, Aver_Loss: 1827.9182
Epoch 15/200, Batch 200, Aver_Loss: 1864.7864
Epoch 15/200, Batch 300, Aver_Loss: 1915.8207
Epoch 15/200, Batch 400, Aver_Loss: 1872.1019
[early-stopping] Epoch 15: no improvement (1/20)
Epoch 16/200, Batch 100, Aver_Loss: 1980.0580
Epoch 16/200, Batch 200, Aver_Loss: 1989.0814
Epoch 16/200, Batch 300, Aver_Loss: 1935.1793
Epoch 16/200, Batch 400, Aver_Loss: 1974.0365
[early-stopping] Epoch 16: no improvement (2/20)
Epoch 17/200, Batch 100, Aver_Loss: 1954.5427
Epoch 17/200, Batch 200, Aver_Loss: 1893.7645
Epoch 17/200, Batch 300, Aver_Loss: 1898.1959
Epoch 17/200, Batch 400, Aver_Loss: 1900.0034
[early-stopping] Epoch 17: no improvement (3/20)
Epoch 18/200, Batch 100, Aver_Loss: 1884.4297
Epoch 18/200, Batch 200, Aver_Loss: 1936.2810
Epoch 18/200, Batch 300, Aver_Loss: 1897.4409
Epoch 18/200, Batch 400, Aver_Loss: 1875.6390
[early-stopping] Epoch 18: no improvement (4/20)
Epoch 19/200, Batch 100, Aver_Loss: 1915.9093
Epoch 19/200, Batch 200, Aver_Loss: 1848.4333
Epoch 19/200, Batch 300, Aver_Loss: 1880.7866
Epoch 19/200, Batch 400, Aver_Loss: 1867.8273
[early-stopping] Epoch 19: no improvement (5/20)
Epoch 20/200, Batch 100, Aver_Loss: 1843.6024
Epoch 20/200, Batch 200, Aver_Loss: 1879.8082
Epoch 20/200, Batch 300, Aver_Loss: 1868.1207
Epoch 20/200, Batch 400, Aver_Loss: 1866.6882
[early-stopping] Epoch 20: no improvement (6/20)
Epoch 21/200, Batch 100, Aver_Loss: 1854.1509
Epoch 21/200, Batch 200, Aver_Loss: 1839.4098
Epoch 21/200, Batch 300, Aver_Loss: 1824.2065
Epoch 21/200, Batch 400, Aver_Loss: 1846.2618
[early-stopping] Epoch 21: no improvement (7/20)
Epoch 22/200, Batch 100, Aver_Loss: 1859.6163
Epoch 22/200, Batch 200, Aver_Loss: 1837.8818
Epoch 22/200, Batch 300, Aver_Loss: 1837.7645
Epoch 22/200, Batch 400, Aver_Loss: 1850.2445
[early-stopping] Epoch 22: no improvement (8/20)
Epoch 23/200, Batch 100, Aver_Loss: 1833.1841
Epoch 23/200, Batch 200, Aver_Loss: 1832.1278
Epoch 23/200, Batch 300, Aver_Loss: 1915.7238
Epoch 23/200, Batch 400, Aver_Loss: 1860.5968
[early-stopping] Epoch 23: no improvement (9/20)
Epoch 24/200, Batch 100, Aver_Loss: 1928.9425
Epoch 24/200, Batch 200, Aver_Loss: 1908.2869
Epoch 24/200, Batch 300, Aver_Loss: 1864.6217
Epoch 24/200, Batch 400, Aver_Loss: 1819.4501
[early-stopping] Epoch 24: no improvement (10/20)
Epoch 25/200, Batch 100, Aver_Loss: 1889.2142
Epoch 25/200, Batch 200, Aver_Loss: 1853.7583
Epoch 25/200, Batch 300, Aver_Loss: 1850.0210
Epoch 25/200, Batch 400, Aver_Loss: 1839.4828
[early-stopping] Epoch 25: new best val ELBO = -1863.501517
Epoch 26/200, Batch 100, Aver_Loss: 1895.3876
Epoch 26/200, Batch 200, Aver_Loss: 1857.5007
Epoch 26/200, Batch 300, Aver_Loss: 1857.1888
Epoch 26/200, Batch 400, Aver_Loss: 1885.3370
[early-stopping] Epoch 26: new best val ELBO = -1863.340023
Epoch 27/200, Batch 100, Aver_Loss: 1888.6666
Epoch 27/200, Batch 200, Aver_Loss: 1831.3295
Epoch 27/200, Batch 300, Aver_Loss: 1893.9934
Epoch 27/200, Batch 400, Aver_Loss: 1844.4509
[early-stopping] Epoch 27: no improvement (1/20)
Epoch 28/200, Batch 100, Aver_Loss: 1878.3278
Epoch 28/200, Batch 200, Aver_Loss: 1865.7992
Epoch 28/200, Batch 300, Aver_Loss: 1882.8147
Epoch 28/200, Batch 400, Aver_Loss: 1875.8757
[early-stopping] Epoch 28: no improvement (2/20)
Epoch 29/200, Batch 100, Aver_Loss: 1864.7729
Epoch 29/200, Batch 200, Aver_Loss: 1886.1161
Epoch 29/200, Batch 300, Aver_Loss: 1868.7534
Epoch 29/200, Batch 400, Aver_Loss: 1876.9991
[early-stopping] Epoch 29: new best val ELBO = -1860.677299
Epoch 30/200, Batch 100, Aver_Loss: 1854.0571
Epoch 30/200, Batch 200, Aver_Loss: 1837.8142
Epoch 30/200, Batch 300, Aver_Loss: 1855.0306
Epoch 30/200, Batch 400, Aver_Loss: 1878.3273
[early-stopping] Epoch 30: no improvement (1/20)
Epoch 31/200, Batch 100, Aver_Loss: 1859.2998
Epoch 31/200, Batch 200, Aver_Loss: 1851.9789
Epoch 31/200, Batch 300, Aver_Loss: 1839.7031
Epoch 31/200, Batch 400, Aver_Loss: 1898.5963
[early-stopping] Epoch 31: no improvement (2/20)
Epoch 32/200, Batch 100, Aver_Loss: 1865.1847
Epoch 32/200, Batch 200, Aver_Loss: 1844.2775
Epoch 32/200, Batch 300, Aver_Loss: 1850.6873
Epoch 32/200, Batch 400, Aver_Loss: 1874.4695
[early-stopping] Epoch 32: new best val ELBO = -1859.496559
Epoch 33/200, Batch 100, Aver_Loss: 1864.5785
Epoch 33/200, Batch 200, Aver_Loss: 1856.2662
Epoch 33/200, Batch 300, Aver_Loss: 1902.0013
Epoch 33/200, Batch 400, Aver_Loss: 1846.1908
[early-stopping] Epoch 33: new best val ELBO = -1857.539631
Epoch 34/200, Batch 100, Aver_Loss: 1897.4181
Epoch 34/200, Batch 200, Aver_Loss: 1893.2579
Epoch 34/200, Batch 300, Aver_Loss: 1873.4031
Epoch 34/200, Batch 400, Aver_Loss: 1855.2760
[early-stopping] Epoch 34: no improvement (1/20)
Epoch 35/200, Batch 100, Aver_Loss: 1888.5737
Epoch 35/200, Batch 200, Aver_Loss: 1874.4155
Epoch 35/200, Batch 300, Aver_Loss: 1883.7550
Epoch 35/200, Batch 400, Aver_Loss: 1856.2710
[early-stopping] Epoch 35: no improvement (2/20)
Epoch 36/200, Batch 100, Aver_Loss: 1856.6187
Epoch 36/200, Batch 200, Aver_Loss: 1838.3640
Epoch 36/200, Batch 300, Aver_Loss: 1839.1443
Epoch 36/200, Batch 400, Aver_Loss: 1862.4137
[early-stopping] Epoch 36: no improvement (3/20)
Epoch 37/200, Batch 100, Aver_Loss: 1853.0750
Epoch 37/200, Batch 200, Aver_Loss: 1908.1538
Epoch 37/200, Batch 300, Aver_Loss: 1827.5034
Epoch 37/200, Batch 400, Aver_Loss: 1792.6166
[early-stopping] Epoch 37: no improvement (4/20)
Epoch 38/200, Batch 100, Aver_Loss: 1891.7073
Epoch 38/200, Batch 200, Aver_Loss: 1857.0945
Epoch 38/200, Batch 300, Aver_Loss: 1850.3137
Epoch 38/200, Batch 400, Aver_Loss: 1817.9763
[early-stopping] Epoch 38: no improvement (5/20)
Epoch 39/200, Batch 100, Aver_Loss: 1901.1389
Epoch 39/200, Batch 200, Aver_Loss: 1873.4399
Epoch 39/200, Batch 300, Aver_Loss: 1910.0577
Epoch 39/200, Batch 400, Aver_Loss: 1879.4694
[early-stopping] Epoch 39: no improvement (6/20)
Epoch 40/200, Batch 100, Aver_Loss: 1817.8195
Epoch 40/200, Batch 200, Aver_Loss: 1850.9009
Epoch 40/200, Batch 300, Aver_Loss: 1846.3053
Epoch 40/200, Batch 400, Aver_Loss: 1833.1851
[early-stopping] Epoch 40: no improvement (7/20)
Epoch 41/200, Batch 100, Aver_Loss: 1858.1359
Epoch 41/200, Batch 200, Aver_Loss: 1842.1538
Epoch 41/200, Batch 300, Aver_Loss: 1780.0435
Epoch 41/200, Batch 400, Aver_Loss: 1859.5228
[early-stopping] Epoch 41: new best val ELBO = -1857.087873
Epoch 42/200, Batch 100, Aver_Loss: 1856.0114
Epoch 42/200, Batch 200, Aver_Loss: 1859.3467
Epoch 42/200, Batch 300, Aver_Loss: 1866.0270
Epoch 42/200, Batch 400, Aver_Loss: 1837.3193
[early-stopping] Epoch 42: new best val ELBO = -1856.729181
Epoch 43/200, Batch 100, Aver_Loss: 1870.9761
Epoch 43/200, Batch 200, Aver_Loss: 1867.8578
Epoch 43/200, Batch 300, Aver_Loss: 1868.0660
Epoch 43/200, Batch 400, Aver_Loss: 1862.6627
[early-stopping] Epoch 43: no improvement (1/20)
Epoch 44/200, Batch 100, Aver_Loss: 1841.2405
Epoch 44/200, Batch 200, Aver_Loss: 1888.4473
Epoch 44/200, Batch 300, Aver_Loss: 1870.1393
Epoch 44/200, Batch 400, Aver_Loss: 1901.4434
[early-stopping] Epoch 44: new best val ELBO = -1856.068659
Epoch 45/200, Batch 100, Aver_Loss: 1822.7675
Epoch 45/200, Batch 200, Aver_Loss: 1888.0922
Epoch 45/200, Batch 300, Aver_Loss: 1823.1051
Epoch 45/200, Batch 400, Aver_Loss: 1885.6877
[early-stopping] Epoch 45: no improvement (1/20)
Epoch 46/200, Batch 100, Aver_Loss: 1892.1454
Epoch 46/200, Batch 200, Aver_Loss: 1828.3444
Epoch 46/200, Batch 300, Aver_Loss: 1904.8611
Epoch 46/200, Batch 400, Aver_Loss: 1795.1523
[early-stopping] Epoch 46: no improvement (2/20)
Epoch 47/200, Batch 100, Aver_Loss: 1826.8517
Epoch 47/200, Batch 200, Aver_Loss: 1875.6395
Epoch 47/200, Batch 300, Aver_Loss: 1862.1326
Epoch 47/200, Batch 400, Aver_Loss: 1882.3875
[early-stopping] Epoch 47: no improvement (3/20)
Epoch 48/200, Batch 100, Aver_Loss: 1876.9342
Epoch 48/200, Batch 200, Aver_Loss: 1835.0142
Epoch 48/200, Batch 300, Aver_Loss: 1812.2770
Epoch 48/200, Batch 400, Aver_Loss: 1870.8354
[early-stopping] Epoch 48: no improvement (4/20)
Epoch 49/200, Batch 100, Aver_Loss: 1824.5464
Epoch 49/200, Batch 200, Aver_Loss: 1869.6643
Epoch 49/200, Batch 300, Aver_Loss: 1865.0131
Epoch 49/200, Batch 400, Aver_Loss: 1838.5291
[early-stopping] Epoch 49: no improvement (5/20)
Epoch 50/200, Batch 100, Aver_Loss: 1847.3673
Epoch 50/200, Batch 200, Aver_Loss: 1849.5848
Epoch 50/200, Batch 300, Aver_Loss: 1813.8556
Epoch 50/200, Batch 400, Aver_Loss: 1845.1213
[early-stopping] Epoch 50: no improvement (6/20)
Epoch 51/200, Batch 100, Aver_Loss: 1847.0560
Epoch 51/200, Batch 200, Aver_Loss: 1879.5861
Epoch 51/200, Batch 300, Aver_Loss: 1873.3572
Epoch 51/200, Batch 400, Aver_Loss: 1881.7135
[early-stopping] Epoch 51: new best val ELBO = -1854.443141
Epoch 52/200, Batch 100, Aver_Loss: 1819.4164
Epoch 52/200, Batch 200, Aver_Loss: 1862.2845
Epoch 52/200, Batch 300, Aver_Loss: 1880.1744
Epoch 52/200, Batch 400, Aver_Loss: 1838.0686
[early-stopping] Epoch 52: no improvement (1/20)
Epoch 53/200, Batch 100, Aver_Loss: 1800.6659
Epoch 53/200, Batch 200, Aver_Loss: 1841.3003
Epoch 53/200, Batch 300, Aver_Loss: 1867.0493
Epoch 53/200, Batch 400, Aver_Loss: 1820.1570
[early-stopping] Epoch 53: no improvement (2/20)
Epoch 54/200, Batch 100, Aver_Loss: 1860.4105
Epoch 54/200, Batch 200, Aver_Loss: 1879.6136
Epoch 54/200, Batch 300, Aver_Loss: 1830.5385
Epoch 54/200, Batch 400, Aver_Loss: 1819.4653
[early-stopping] Epoch 54: no improvement (3/20)
Epoch 55/200, Batch 100, Aver_Loss: 1868.5995
Epoch 55/200, Batch 200, Aver_Loss: 1879.9045
Epoch 55/200, Batch 300, Aver_Loss: 1883.5781
Epoch 55/200, Batch 400, Aver_Loss: 1852.4794
[early-stopping] Epoch 55: no improvement (4/20)
Epoch 56/200, Batch 100, Aver_Loss: 1850.3020
Epoch 56/200, Batch 200, Aver_Loss: 1782.0846
Epoch 56/200, Batch 300, Aver_Loss: 1832.5731
Epoch 56/200, Batch 400, Aver_Loss: 1838.1333
[early-stopping] Epoch 56: no improvement (5/20)
Epoch 57/200, Batch 100, Aver_Loss: 1888.6407
Epoch 57/200, Batch 200, Aver_Loss: 1812.0009
Epoch 57/200, Batch 300, Aver_Loss: 1854.2349
Epoch 57/200, Batch 400, Aver_Loss: 1844.2053
[early-stopping] Epoch 57: new best val ELBO = -1854.124182
Epoch 58/200, Batch 100, Aver_Loss: 1848.1255
Epoch 58/200, Batch 200, Aver_Loss: 1816.7185
Epoch 58/200, Batch 300, Aver_Loss: 1850.1534
Epoch 58/200, Batch 400, Aver_Loss: 1854.3976
[early-stopping] Epoch 58: no improvement (1/20)
Epoch 59/200, Batch 100, Aver_Loss: 1870.5125
Epoch 59/200, Batch 200, Aver_Loss: 1830.0249
Epoch 59/200, Batch 300, Aver_Loss: 1820.3276
Epoch 59/200, Batch 400, Aver_Loss: 1813.5210
[early-stopping] Epoch 59: no improvement (2/20)
Epoch 60/200, Batch 100, Aver_Loss: 1846.8561
Epoch 60/200, Batch 200, Aver_Loss: 1835.0682
Epoch 60/200, Batch 300, Aver_Loss: 1876.8455
Epoch 60/200, Batch 400, Aver_Loss: 1837.7665
[early-stopping] Epoch 60: no improvement (3/20)
Epoch 61/200, Batch 100, Aver_Loss: 1839.9401
Epoch 61/200, Batch 200, Aver_Loss: 1889.4399
Epoch 61/200, Batch 300, Aver_Loss: 1877.6084
Epoch 61/200, Batch 400, Aver_Loss: 1858.7042
[early-stopping] Epoch 61: new best val ELBO = -1853.767058
Epoch 62/200, Batch 100, Aver_Loss: 1863.3446
Epoch 62/200, Batch 200, Aver_Loss: 1855.1329
Epoch 62/200, Batch 300, Aver_Loss: 1807.3362
Epoch 62/200, Batch 400, Aver_Loss: 1839.7216
[early-stopping] Epoch 62: no improvement (1/20)
Epoch 63/200, Batch 100, Aver_Loss: 1853.0109
Epoch 63/200, Batch 200, Aver_Loss: 1879.1035
Epoch 63/200, Batch 300, Aver_Loss: 1847.6597
Epoch 63/200, Batch 400, Aver_Loss: 1838.9991
[early-stopping] Epoch 63: no improvement (2/20)
Epoch 64/200, Batch 100, Aver_Loss: 1821.1842
Epoch 64/200, Batch 200, Aver_Loss: 1801.2854
Epoch 64/200, Batch 300, Aver_Loss: 1849.0352
Epoch 64/200, Batch 400, Aver_Loss: 1851.7557
[early-stopping] Epoch 64: no improvement (3/20)
Epoch 65/200, Batch 100, Aver_Loss: 1822.3947
Epoch 65/200, Batch 200, Aver_Loss: 1877.5458
Epoch 65/200, Batch 300, Aver_Loss: 1863.1526
Epoch 65/200, Batch 400, Aver_Loss: 1832.0614
[early-stopping] Epoch 65: no improvement (4/20)
Epoch 66/200, Batch 100, Aver_Loss: 1848.5874
Epoch 66/200, Batch 200, Aver_Loss: 1827.9702
Epoch 66/200, Batch 300, Aver_Loss: 1837.9098
Epoch 66/200, Batch 400, Aver_Loss: 1849.1787
[early-stopping] Epoch 66: no improvement (5/20)
Epoch 67/200, Batch 100, Aver_Loss: 1865.3245
Epoch 67/200, Batch 200, Aver_Loss: 1818.7993
Epoch 67/200, Batch 300, Aver_Loss: 1819.3768
Epoch 67/200, Batch 400, Aver_Loss: 1857.3420
[early-stopping] Epoch 67: new best val ELBO = -1853.693554
Epoch 68/200, Batch 100, Aver_Loss: 1868.0182
Epoch 68/200, Batch 200, Aver_Loss: 1840.0718
Epoch 68/200, Batch 300, Aver_Loss: 1868.0531
Epoch 68/200, Batch 400, Aver_Loss: 1877.3793
[early-stopping] Epoch 68: new best val ELBO = -1853.639453
Epoch 69/200, Batch 100, Aver_Loss: 1798.8134
Epoch 69/200, Batch 200, Aver_Loss: 1851.6453
Epoch 69/200, Batch 300, Aver_Loss: 1863.5112
Epoch 69/200, Batch 400, Aver_Loss: 1852.0236
[early-stopping] Epoch 69: no improvement (1/20)
Epoch 70/200, Batch 100, Aver_Loss: 1855.2411
Epoch 70/200, Batch 200, Aver_Loss: 1858.1273
Epoch 70/200, Batch 300, Aver_Loss: 1881.3594
Epoch 70/200, Batch 400, Aver_Loss: 1848.6467
[early-stopping] Epoch 70: no improvement (2/20)
Epoch 71/200, Batch 100, Aver_Loss: 1859.4291
Epoch 71/200, Batch 200, Aver_Loss: 1765.6259
Epoch 71/200, Batch 300, Aver_Loss: 1853.9711
Epoch 71/200, Batch 400, Aver_Loss: 1852.2682
[early-stopping] Epoch 71: no improvement (3/20)
Epoch 72/200, Batch 100, Aver_Loss: 1891.5554
Epoch 72/200, Batch 200, Aver_Loss: 1863.2268
Epoch 72/200, Batch 300, Aver_Loss: 1851.1556
Epoch 72/200, Batch 400, Aver_Loss: 1807.9097
[early-stopping] Epoch 72: no improvement (4/20)
Epoch 73/200, Batch 100, Aver_Loss: 1896.0649
Epoch 73/200, Batch 200, Aver_Loss: 1813.4241
Epoch 73/200, Batch 300, Aver_Loss: 1833.7506
Epoch 73/200, Batch 400, Aver_Loss: 1854.5364
[early-stopping] Epoch 73: new best val ELBO = -1853.504661
Epoch 74/200, Batch 100, Aver_Loss: 1874.6432
Epoch 74/200, Batch 200, Aver_Loss: 1908.6029
Epoch 74/200, Batch 300, Aver_Loss: 1818.3701
Epoch 74/200, Batch 400, Aver_Loss: 1866.9384
[early-stopping] Epoch 74: new best val ELBO = -1853.390370
Epoch 75/200, Batch 100, Aver_Loss: 1844.0977
Epoch 75/200, Batch 200, Aver_Loss: 1788.9884
Epoch 75/200, Batch 300, Aver_Loss: 1854.9141
Epoch 75/200, Batch 400, Aver_Loss: 1854.4401
[early-stopping] Epoch 75: no improvement (1/20)
Epoch 76/200, Batch 100, Aver_Loss: 1829.5028
Epoch 76/200, Batch 200, Aver_Loss: 1873.1848
Epoch 76/200, Batch 300, Aver_Loss: 1896.0531
Epoch 76/200, Batch 400, Aver_Loss: 1854.7693
[early-stopping] Epoch 76: no improvement (2/20)
Epoch 77/200, Batch 100, Aver_Loss: 1823.2592
Epoch 77/200, Batch 200, Aver_Loss: 1855.0931
Epoch 77/200, Batch 300, Aver_Loss: 1821.2418
Epoch 77/200, Batch 400, Aver_Loss: 1797.5946
[early-stopping] Epoch 77: new best val ELBO = -1852.841038
Epoch 78/200, Batch 100, Aver_Loss: 1838.8440
Epoch 78/200, Batch 200, Aver_Loss: 1876.3081
Epoch 78/200, Batch 300, Aver_Loss: 1817.7880
Epoch 78/200, Batch 400, Aver_Loss: 1818.5630
[early-stopping] Epoch 78: no improvement (1/20)
Epoch 79/200, Batch 100, Aver_Loss: 1860.9840
Epoch 79/200, Batch 200, Aver_Loss: 1836.7955
Epoch 79/200, Batch 300, Aver_Loss: 1880.7368
Epoch 79/200, Batch 400, Aver_Loss: 1828.6743
[early-stopping] Epoch 79: no improvement (2/20)
Epoch 80/200, Batch 100, Aver_Loss: 1857.1289
Epoch 80/200, Batch 200, Aver_Loss: 1855.0715
Epoch 80/200, Batch 300, Aver_Loss: 1857.9135
Epoch 80/200, Batch 400, Aver_Loss: 1873.0654
[early-stopping] Epoch 80: no improvement (3/20)
Epoch 81/200, Batch 100, Aver_Loss: 1812.5074
Epoch 81/200, Batch 200, Aver_Loss: 1865.8818
Epoch 81/200, Batch 300, Aver_Loss: 1848.1720
Epoch 81/200, Batch 400, Aver_Loss: 1834.9341
[early-stopping] Epoch 81: no improvement (4/20)
Epoch 82/200, Batch 100, Aver_Loss: 1864.7117
Epoch 82/200, Batch 200, Aver_Loss: 1874.1443
Epoch 82/200, Batch 300, Aver_Loss: 1846.6648
Epoch 82/200, Batch 400, Aver_Loss: 1859.1973
[early-stopping] Epoch 82: no improvement (5/20)
Epoch 83/200, Batch 100, Aver_Loss: 1827.1906
Epoch 83/200, Batch 200, Aver_Loss: 1862.4590
Epoch 83/200, Batch 300, Aver_Loss: 1824.0139
Epoch 83/200, Batch 400, Aver_Loss: 1834.2446
[early-stopping] Epoch 83: no improvement (6/20)
Epoch 84/200, Batch 100, Aver_Loss: 1822.4799
Epoch 84/200, Batch 200, Aver_Loss: 1845.9633
Epoch 84/200, Batch 300, Aver_Loss: 1814.6063
Epoch 84/200, Batch 400, Aver_Loss: 1875.5898
[early-stopping] Epoch 84: no improvement (7/20)
Epoch 85/200, Batch 100, Aver_Loss: 1838.0558
Epoch 85/200, Batch 200, Aver_Loss: 1857.6024
Epoch 85/200, Batch 300, Aver_Loss: 1845.4409
Epoch 85/200, Batch 400, Aver_Loss: 1858.4811
[early-stopping] Epoch 85: no improvement (8/20)
Epoch 86/200, Batch 100, Aver_Loss: 1839.7098
Epoch 86/200, Batch 200, Aver_Loss: 1875.2462
Epoch 86/200, Batch 300, Aver_Loss: 1868.5076
Epoch 86/200, Batch 400, Aver_Loss: 1852.2439
[early-stopping] Epoch 86: no improvement (9/20)
Epoch 87/200, Batch 100, Aver_Loss: 1821.0957
Epoch 87/200, Batch 200, Aver_Loss: 1863.0623
Epoch 87/200, Batch 300, Aver_Loss: 1819.7520
Epoch 87/200, Batch 400, Aver_Loss: 1815.0153
[early-stopping] Epoch 87: new best val ELBO = -1852.280271
Epoch 88/200, Batch 100, Aver_Loss: 1815.4646
Epoch 88/200, Batch 200, Aver_Loss: 1782.3315
Epoch 88/200, Batch 300, Aver_Loss: 1864.7252
Epoch 88/200, Batch 400, Aver_Loss: 1861.7062
[early-stopping] Epoch 88: no improvement (1/20)
Epoch 89/200, Batch 100, Aver_Loss: 1807.3700
Epoch 89/200, Batch 200, Aver_Loss: 1846.5865
Epoch 89/200, Batch 300, Aver_Loss: 1820.8833
Epoch 89/200, Batch 400, Aver_Loss: 1860.5287
[early-stopping] Epoch 89: no improvement (2/20)
Epoch 90/200, Batch 100, Aver_Loss: 1892.9062
Epoch 90/200, Batch 200, Aver_Loss: 1934.5608
Epoch 90/200, Batch 300, Aver_Loss: 1865.8452
Epoch 90/200, Batch 400, Aver_Loss: 1845.4850
[early-stopping] Epoch 90: no improvement (3/20)
Epoch 91/200, Batch 100, Aver_Loss: 1819.5267
Epoch 91/200, Batch 200, Aver_Loss: 1914.5314
Epoch 91/200, Batch 300, Aver_Loss: 1863.2046
Epoch 91/200, Batch 400, Aver_Loss: 1857.6903
[early-stopping] Epoch 91: no improvement (4/20)
Epoch 92/200, Batch 100, Aver_Loss: 1858.1329
Epoch 92/200, Batch 200, Aver_Loss: 1888.9799
Epoch 92/200, Batch 300, Aver_Loss: 1837.1632
Epoch 92/200, Batch 400, Aver_Loss: 1886.2068
[early-stopping] Epoch 92: no improvement (5/20)
Epoch 93/200, Batch 100, Aver_Loss: 1829.9481
Epoch 93/200, Batch 200, Aver_Loss: 1866.8370
Epoch 93/200, Batch 300, Aver_Loss: 1875.1252
Epoch 93/200, Batch 400, Aver_Loss: 1881.7023
[early-stopping] Epoch 93: new best val ELBO = -1852.246584
Epoch 94/200, Batch 100, Aver_Loss: 1890.5861
Epoch 94/200, Batch 200, Aver_Loss: 1873.6033
Epoch 94/200, Batch 300, Aver_Loss: 1895.5070
Epoch 94/200, Batch 400, Aver_Loss: 1829.5762
[early-stopping] Epoch 94: no improvement (1/20)
Epoch 95/200, Batch 100, Aver_Loss: 1876.2728
Epoch 95/200, Batch 200, Aver_Loss: 1863.1293
Epoch 95/200, Batch 300, Aver_Loss: 1839.7087
Epoch 95/200, Batch 400, Aver_Loss: 1842.6021
[early-stopping] Epoch 95: no improvement (2/20)
Epoch 96/200, Batch 100, Aver_Loss: 1852.9631
Epoch 96/200, Batch 200, Aver_Loss: 1862.2582
Epoch 96/200, Batch 300, Aver_Loss: 1823.7006
Epoch 96/200, Batch 400, Aver_Loss: 1862.3021
[early-stopping] Epoch 96: no improvement (3/20)
Epoch 97/200, Batch 100, Aver_Loss: 1855.6564
Epoch 97/200, Batch 200, Aver_Loss: 1833.5874
Epoch 97/200, Batch 300, Aver_Loss: 1848.6329
Epoch 97/200, Batch 400, Aver_Loss: 1853.6051
[early-stopping] Epoch 97: no improvement (4/20)
Epoch 98/200, Batch 100, Aver_Loss: 1820.2618
Epoch 98/200, Batch 200, Aver_Loss: 1864.7986
Epoch 98/200, Batch 300, Aver_Loss: 1870.6034
Epoch 98/200, Batch 400, Aver_Loss: 1840.3134
[early-stopping] Epoch 98: no improvement (5/20)
Epoch 99/200, Batch 100, Aver_Loss: 1872.1434
Epoch 99/200, Batch 200, Aver_Loss: 1855.8734
Epoch 99/200, Batch 300, Aver_Loss: 1853.5521
Epoch 99/200, Batch 400, Aver_Loss: 1853.6548
[early-stopping] Epoch 99: new best val ELBO = -1851.953544
Epoch 100/200, Batch 100, Aver_Loss: 1874.1556
Epoch 100/200, Batch 200, Aver_Loss: 1804.5402
Epoch 100/200, Batch 300, Aver_Loss: 1850.5933
Epoch 100/200, Batch 400, Aver_Loss: 1888.1208
[early-stopping] Epoch 100: no improvement (1/20)
Epoch 101/200, Batch 100, Aver_Loss: 1845.4176
Epoch 101/200, Batch 200, Aver_Loss: 1853.9205
Epoch 101/200, Batch 300, Aver_Loss: 1844.5920
Epoch 101/200, Batch 400, Aver_Loss: 1838.6998
[early-stopping] Epoch 101: no improvement (2/20)
Epoch 102/200, Batch 100, Aver_Loss: 1837.0262
Epoch 102/200, Batch 200, Aver_Loss: 1863.4594
Epoch 102/200, Batch 300, Aver_Loss: 1856.2098
Epoch 102/200, Batch 400, Aver_Loss: 1830.8661
[early-stopping] Epoch 102: no improvement (3/20)
Epoch 103/200, Batch 100, Aver_Loss: 1859.9733
Epoch 103/200, Batch 200, Aver_Loss: 1890.8779
Epoch 103/200, Batch 300, Aver_Loss: 1868.5648
Epoch 103/200, Batch 400, Aver_Loss: 1811.8962
[early-stopping] Epoch 103: no improvement (4/20)
Epoch 104/200, Batch 100, Aver_Loss: 1833.7018
Epoch 104/200, Batch 200, Aver_Loss: 1820.8887
Epoch 104/200, Batch 300, Aver_Loss: 1861.7383
Epoch 104/200, Batch 400, Aver_Loss: 1864.9254
[early-stopping] Epoch 104: new best val ELBO = -1851.774799
Epoch 105/200, Batch 100, Aver_Loss: 1929.1145
Epoch 105/200, Batch 200, Aver_Loss: 1876.0844
Epoch 105/200, Batch 300, Aver_Loss: 1869.4053
Epoch 105/200, Batch 400, Aver_Loss: 1836.4062
[early-stopping] Epoch 105: no improvement (1/20)
Epoch 106/200, Batch 100, Aver_Loss: 1835.1797
Epoch 106/200, Batch 200, Aver_Loss: 1811.6721
Epoch 106/200, Batch 300, Aver_Loss: 1889.9291
Epoch 106/200, Batch 400, Aver_Loss: 1832.3450
[early-stopping] Epoch 106: no improvement (2/20)
Epoch 107/200, Batch 100, Aver_Loss: 1829.9432
Epoch 107/200, Batch 200, Aver_Loss: 1847.0497
Epoch 107/200, Batch 300, Aver_Loss: 1851.1816
Epoch 107/200, Batch 400, Aver_Loss: 1878.1609
[early-stopping] Epoch 107: no improvement (3/20)
Epoch 108/200, Batch 100, Aver_Loss: 1804.5786
Epoch 108/200, Batch 200, Aver_Loss: 1864.5009
Epoch 108/200, Batch 300, Aver_Loss: 1862.0128
Epoch 108/200, Batch 400, Aver_Loss: 1891.3357
[early-stopping] Epoch 108: no improvement (4/20)
Epoch 109/200, Batch 100, Aver_Loss: 1870.7581
Epoch 109/200, Batch 200, Aver_Loss: 1870.0586
Epoch 109/200, Batch 300, Aver_Loss: 1803.3752
Epoch 109/200, Batch 400, Aver_Loss: 1833.3472
[early-stopping] Epoch 109: no improvement (5/20)
Epoch 110/200, Batch 100, Aver_Loss: 1835.4419
Epoch 110/200, Batch 200, Aver_Loss: 1807.5029
Epoch 110/200, Batch 300, Aver_Loss: 1797.2701
Epoch 110/200, Batch 400, Aver_Loss: 1862.5090
[early-stopping] Epoch 110: no improvement (6/20)
Epoch 111/200, Batch 100, Aver_Loss: 1866.5276
Epoch 111/200, Batch 200, Aver_Loss: 1818.4565
Epoch 111/200, Batch 300, Aver_Loss: 1874.2111
Epoch 111/200, Batch 400, Aver_Loss: 1864.5709
[early-stopping] Epoch 111: no improvement (7/20)
Epoch 112/200, Batch 100, Aver_Loss: 1840.8031
Epoch 112/200, Batch 200, Aver_Loss: 1815.0309
Epoch 112/200, Batch 300, Aver_Loss: 1860.1312
Epoch 112/200, Batch 400, Aver_Loss: 1844.1770
[early-stopping] Epoch 112: no improvement (8/20)
Epoch 113/200, Batch 100, Aver_Loss: 1827.8728
Epoch 113/200, Batch 200, Aver_Loss: 1831.3304
Epoch 113/200, Batch 300, Aver_Loss: 1907.2941
Epoch 113/200, Batch 400, Aver_Loss: 1849.7288
[early-stopping] Epoch 113: no improvement (9/20)
Epoch 114/200, Batch 100, Aver_Loss: 1855.3182
Epoch 114/200, Batch 200, Aver_Loss: 1885.3573
Epoch 114/200, Batch 300, Aver_Loss: 1864.2202
Epoch 114/200, Batch 400, Aver_Loss: 1842.8265
[early-stopping] Epoch 114: no improvement (10/20)
Epoch 115/200, Batch 100, Aver_Loss: 1809.0028
Epoch 115/200, Batch 200, Aver_Loss: 1865.2144
Epoch 115/200, Batch 300, Aver_Loss: 1890.2639
Epoch 115/200, Batch 400, Aver_Loss: 1827.8020
[early-stopping] Epoch 115: no improvement (11/20)
Epoch 116/200, Batch 100, Aver_Loss: 1844.3622
Epoch 116/200, Batch 200, Aver_Loss: 1873.7725
Epoch 116/200, Batch 300, Aver_Loss: 1854.8761
Epoch 116/200, Batch 400, Aver_Loss: 1843.9766
[early-stopping] Epoch 116: no improvement (12/20)
Epoch 117/200, Batch 100, Aver_Loss: 1818.5455
Epoch 117/200, Batch 200, Aver_Loss: 1830.7593
Epoch 117/200, Batch 300, Aver_Loss: 1819.1830
Epoch 117/200, Batch 400, Aver_Loss: 1845.1169
[early-stopping] Epoch 117: no improvement (13/20)
Epoch 118/200, Batch 100, Aver_Loss: 1873.7117
Epoch 118/200, Batch 200, Aver_Loss: 1860.5410
Epoch 118/200, Batch 300, Aver_Loss: 1878.2623
Epoch 118/200, Batch 400, Aver_Loss: 1843.9645
[early-stopping] Epoch 118: no improvement (14/20)
Epoch 119/200, Batch 100, Aver_Loss: 1878.8293
Epoch 119/200, Batch 200, Aver_Loss: 1872.2855
Epoch 119/200, Batch 300, Aver_Loss: 1880.7402
Epoch 119/200, Batch 400, Aver_Loss: 1813.2355
[early-stopping] Epoch 119: no improvement (15/20)
Epoch 120/200, Batch 100, Aver_Loss: 1866.6996
Epoch 120/200, Batch 200, Aver_Loss: 1861.7363
Epoch 120/200, Batch 300, Aver_Loss: 1823.4319
Epoch 120/200, Batch 400, Aver_Loss: 1828.3284
[early-stopping] Epoch 120: no improvement (16/20)
Epoch 121/200, Batch 100, Aver_Loss: 1822.8240
Epoch 121/200, Batch 200, Aver_Loss: 1868.1300
Epoch 121/200, Batch 300, Aver_Loss: 1859.8618
Epoch 121/200, Batch 400, Aver_Loss: 1838.4075
[early-stopping] Epoch 121: no improvement (17/20)
Epoch 122/200, Batch 100, Aver_Loss: 1874.8868
Epoch 122/200, Batch 200, Aver_Loss: 1872.0131
Epoch 122/200, Batch 300, Aver_Loss: 1835.8461
Epoch 122/200, Batch 400, Aver_Loss: 1859.7933
[early-stopping] Epoch 122: no improvement (18/20)
Epoch 123/200, Batch 100, Aver_Loss: 1820.8247
Epoch 123/200, Batch 200, Aver_Loss: 1847.6920
Epoch 123/200, Batch 300, Aver_Loss: 1853.0679
Epoch 123/200, Batch 400, Aver_Loss: 1811.6556
[early-stopping] Epoch 123: no improvement (19/20)
Epoch 124/200, Batch 100, Aver_Loss: 1813.8995
Epoch 124/200, Batch 200, Aver_Loss: 1831.5792
Epoch 124/200, Batch 300, Aver_Loss: 1822.6040
Epoch 124/200, Batch 400, Aver_Loss: 1821.7489
[early-stopping] Epoch 124: no improvement (20/20)
[early-stopping] Patience reached. Stopping at epoch 124. Best epoch: 104, best val ELBO: -1851.774799
[early-stopping] Loaded best model from epoch 104 (val ELBO = -1851.774799)
[checkpoint] Saved best model to: trained_parameters/cifar100_zdim4_MVAE.pkl
[saved curves] ./results/CIFAR100/curves/cifar100_mvae_d4_s777.json

==== Evaluation Summary ====
                 model: mvae
   recon/mse_per_pixel: 0.029833
            elbo/train: -1847.646216
             elbo/test: -1851.721026
             mse/train: 0.029278
              mse/test: 0.029833
             probe/acc: 0.076917
             probe/nll: 4.168436
           probe/brier: 0.973479
             probe/ece: 0.019932
           cluster/nmi: 0.206979
           cluster/ari: 0.018989
============================

