/usr/bin/which: no fi_info in (/arf/home/meyavuz/.local/bin:/arf/sw/comp/python/intelpython3/condabin:/arf/sw/comp/python/intelpython3/bin:/usr/share/Modules/bin:/usr/local/bin:/usr/bin:/usr/local/sbin:/usr/sbin)
Extension for Scikit-learn* enabled (https://github.com/uxlfoundation/scikit-learn-intelex)
/arf/home/meyavuz/.conda/envs/sbn/lib/python3.9/site-packages/sklearn/linear_model/_logistic.py:1247: FutureWarning: 'multi_class' was deprecated in version 1.5 and will be removed in 1.7. From then on, it will always use 'multinomial'. Leave it to its default value to avoid this warning.
  warnings.warn(
Epoch 1/200, Batch 100, Aver_Loss: 1950.4895
Epoch 1/200, Batch 200, Aver_Loss: 1960.3267
Epoch 1/200, Batch 300, Aver_Loss: 1954.5623
Epoch 1/200, Batch 400, Aver_Loss: 1917.7390
[early-stopping] Epoch 1: new best val ELBO = -1918.765256
Epoch 2/200, Batch 100, Aver_Loss: 1916.8223
Epoch 2/200, Batch 200, Aver_Loss: 1913.4711
Epoch 2/200, Batch 300, Aver_Loss: 1886.8885
Epoch 2/200, Batch 400, Aver_Loss: 1931.8389
[early-stopping] Epoch 2: new best val ELBO = -1888.249356
Epoch 3/200, Batch 100, Aver_Loss: 1907.8820
Epoch 3/200, Batch 200, Aver_Loss: 1888.3616
Epoch 3/200, Batch 300, Aver_Loss: 1880.2246
Epoch 3/200, Batch 400, Aver_Loss: 1882.2394
[early-stopping] Epoch 3: new best val ELBO = -1873.895990
Epoch 4/200, Batch 100, Aver_Loss: 1913.9940
Epoch 4/200, Batch 200, Aver_Loss: 1890.7617
Epoch 4/200, Batch 300, Aver_Loss: 1890.6046
Epoch 4/200, Batch 400, Aver_Loss: 1872.8036
[early-stopping] Epoch 4: new best val ELBO = -1866.396797
Epoch 5/200, Batch 100, Aver_Loss: 1847.1573
Epoch 5/200, Batch 200, Aver_Loss: 1864.0906
Epoch 5/200, Batch 300, Aver_Loss: 1875.5754
Epoch 5/200, Batch 400, Aver_Loss: 1890.3744
[early-stopping] Epoch 5: no improvement (1/20)
Epoch 6/200, Batch 100, Aver_Loss: 1875.6591
Epoch 6/200, Batch 200, Aver_Loss: 1854.9149
Epoch 6/200, Batch 300, Aver_Loss: 1859.0078
Epoch 6/200, Batch 400, Aver_Loss: 1902.0052
[early-stopping] Epoch 6: new best val ELBO = -1862.067121
Epoch 7/200, Batch 100, Aver_Loss: 1868.8511
Epoch 7/200, Batch 200, Aver_Loss: 1855.5854
Epoch 7/200, Batch 300, Aver_Loss: 1857.0455
Epoch 7/200, Batch 400, Aver_Loss: 1872.6465
[early-stopping] Epoch 7: no improvement (1/20)
Epoch 8/200, Batch 100, Aver_Loss: 1879.0862
Epoch 8/200, Batch 200, Aver_Loss: 1827.7124
Epoch 8/200, Batch 300, Aver_Loss: 1849.4839
Epoch 8/200, Batch 400, Aver_Loss: 1884.7139
[early-stopping] Epoch 8: new best val ELBO = -1862.022733
Epoch 9/200, Batch 100, Aver_Loss: 1866.2517
Epoch 9/200, Batch 200, Aver_Loss: 1858.0271
Epoch 9/200, Batch 300, Aver_Loss: 1876.9542
Epoch 9/200, Batch 400, Aver_Loss: 1843.3584
[early-stopping] Epoch 9: new best val ELBO = -1857.515369
Epoch 10/200, Batch 100, Aver_Loss: 1871.8943
Epoch 10/200, Batch 200, Aver_Loss: 1858.3583
Epoch 10/200, Batch 300, Aver_Loss: 1834.2150
Epoch 10/200, Batch 400, Aver_Loss: 1843.4185
[early-stopping] Epoch 10: new best val ELBO = -1855.141530
Epoch 11/200, Batch 100, Aver_Loss: 1856.2948
Epoch 11/200, Batch 200, Aver_Loss: 1852.4780
Epoch 11/200, Batch 300, Aver_Loss: 1873.0315
Epoch 11/200, Batch 400, Aver_Loss: 1861.9351
[early-stopping] Epoch 11: no improvement (1/20)
Epoch 12/200, Batch 100, Aver_Loss: 1843.8984
Epoch 12/200, Batch 200, Aver_Loss: 1858.3417
Epoch 12/200, Batch 300, Aver_Loss: 1831.9951
Epoch 12/200, Batch 400, Aver_Loss: 1866.8695
[early-stopping] Epoch 12: no improvement (2/20)
Epoch 13/200, Batch 100, Aver_Loss: 1832.8307
Epoch 13/200, Batch 200, Aver_Loss: 1866.6339
Epoch 13/200, Batch 300, Aver_Loss: 1856.2821
Epoch 13/200, Batch 400, Aver_Loss: 1841.5514
[early-stopping] Epoch 13: no improvement (3/20)
Epoch 14/200, Batch 100, Aver_Loss: 1827.0225
Epoch 14/200, Batch 200, Aver_Loss: 1872.6428
Epoch 14/200, Batch 300, Aver_Loss: 1819.3505
Epoch 14/200, Batch 400, Aver_Loss: 1867.9299
[early-stopping] Epoch 14: new best val ELBO = -1850.934368
Epoch 15/200, Batch 100, Aver_Loss: 1872.1899
Epoch 15/200, Batch 200, Aver_Loss: 1837.9158
Epoch 15/200, Batch 300, Aver_Loss: 1852.3176
Epoch 15/200, Batch 400, Aver_Loss: 1866.3270
[early-stopping] Epoch 15: no improvement (1/20)
Epoch 16/200, Batch 100, Aver_Loss: 1849.3596
Epoch 16/200, Batch 200, Aver_Loss: 1900.1847
Epoch 16/200, Batch 300, Aver_Loss: 1838.5187
Epoch 16/200, Batch 400, Aver_Loss: 1886.3857
[early-stopping] Epoch 16: no improvement (2/20)
Epoch 17/200, Batch 100, Aver_Loss: 1899.0974
Epoch 17/200, Batch 200, Aver_Loss: 1838.1965
Epoch 17/200, Batch 300, Aver_Loss: 1826.8086
Epoch 17/200, Batch 400, Aver_Loss: 1887.0491
[early-stopping] Epoch 17: no improvement (3/20)
Epoch 18/200, Batch 100, Aver_Loss: 1882.7712
Epoch 18/200, Batch 200, Aver_Loss: 1854.5360
Epoch 18/200, Batch 300, Aver_Loss: 1869.3513
Epoch 18/200, Batch 400, Aver_Loss: 1846.1156
[early-stopping] Epoch 18: no improvement (4/20)
Epoch 19/200, Batch 100, Aver_Loss: 1860.5264
Epoch 19/200, Batch 200, Aver_Loss: 1858.4833
Epoch 19/200, Batch 300, Aver_Loss: 1851.4362
Epoch 19/200, Batch 400, Aver_Loss: 1859.7446
[early-stopping] Epoch 19: no improvement (5/20)
Epoch 20/200, Batch 100, Aver_Loss: 1840.3329
Epoch 20/200, Batch 200, Aver_Loss: 1852.5494
Epoch 20/200, Batch 300, Aver_Loss: 1820.5878
Epoch 20/200, Batch 400, Aver_Loss: 1833.3990
[early-stopping] Epoch 20: no improvement (6/20)
Epoch 21/200, Batch 100, Aver_Loss: 1795.0896
Epoch 21/200, Batch 200, Aver_Loss: 1837.2003
Epoch 21/200, Batch 300, Aver_Loss: 1853.0583
Epoch 21/200, Batch 400, Aver_Loss: 1843.5928
[early-stopping] Epoch 21: new best val ELBO = -1847.651595
Epoch 22/200, Batch 100, Aver_Loss: 1811.4746
Epoch 22/200, Batch 200, Aver_Loss: 1827.8119
Epoch 22/200, Batch 300, Aver_Loss: 1842.4091
Epoch 22/200, Batch 400, Aver_Loss: 1896.1364
[early-stopping] Epoch 22: no improvement (1/20)
Epoch 23/200, Batch 100, Aver_Loss: 1874.8082
Epoch 23/200, Batch 200, Aver_Loss: 1839.2942
Epoch 23/200, Batch 300, Aver_Loss: 1808.1285
Epoch 23/200, Batch 400, Aver_Loss: 1839.8982
[early-stopping] Epoch 23: no improvement (2/20)
Epoch 24/200, Batch 100, Aver_Loss: 1843.1489
Epoch 24/200, Batch 200, Aver_Loss: 1825.7235
Epoch 24/200, Batch 300, Aver_Loss: 1822.8081
Epoch 24/200, Batch 400, Aver_Loss: 1846.3563
[early-stopping] Epoch 24: no improvement (3/20)
Epoch 25/200, Batch 100, Aver_Loss: 1844.4695
Epoch 25/200, Batch 200, Aver_Loss: 1851.4108
Epoch 25/200, Batch 300, Aver_Loss: 1822.3389
Epoch 25/200, Batch 400, Aver_Loss: 1901.5303
[early-stopping] Epoch 25: no improvement (4/20)
Epoch 26/200, Batch 100, Aver_Loss: 1860.0453
Epoch 26/200, Batch 200, Aver_Loss: 1858.0336
Epoch 26/200, Batch 300, Aver_Loss: 1836.9872
Epoch 26/200, Batch 400, Aver_Loss: 1838.3260
[early-stopping] Epoch 26: new best val ELBO = -1845.148579
Epoch 27/200, Batch 100, Aver_Loss: 1851.1989
Epoch 27/200, Batch 200, Aver_Loss: 1869.4722
Epoch 27/200, Batch 300, Aver_Loss: 1836.2925
Epoch 27/200, Batch 400, Aver_Loss: 1838.4648
[early-stopping] Epoch 27: no improvement (1/20)
Epoch 28/200, Batch 100, Aver_Loss: 1825.0981
Epoch 28/200, Batch 200, Aver_Loss: 1843.3123
Epoch 28/200, Batch 300, Aver_Loss: 1829.8042
Epoch 28/200, Batch 400, Aver_Loss: 1870.0651
[early-stopping] Epoch 28: no improvement (2/20)
Epoch 29/200, Batch 100, Aver_Loss: 1838.9542
Epoch 29/200, Batch 200, Aver_Loss: 1881.3098
Epoch 29/200, Batch 300, Aver_Loss: 1802.9224
Epoch 29/200, Batch 400, Aver_Loss: 1811.8022
[early-stopping] Epoch 29: no improvement (3/20)
Epoch 30/200, Batch 100, Aver_Loss: 1845.4862
Epoch 30/200, Batch 200, Aver_Loss: 1853.2078
Epoch 30/200, Batch 300, Aver_Loss: 1837.4615
Epoch 30/200, Batch 400, Aver_Loss: 1843.9661
[early-stopping] Epoch 30: no improvement (4/20)
Epoch 31/200, Batch 100, Aver_Loss: 1843.6760
Epoch 31/200, Batch 200, Aver_Loss: 1849.8396
Epoch 31/200, Batch 300, Aver_Loss: 1875.5131
Epoch 31/200, Batch 400, Aver_Loss: 1806.9115
[early-stopping] Epoch 31: no improvement (5/20)
Epoch 32/200, Batch 100, Aver_Loss: 1863.4667
Epoch 32/200, Batch 200, Aver_Loss: 1878.5985
Epoch 32/200, Batch 300, Aver_Loss: 1864.4640
Epoch 32/200, Batch 400, Aver_Loss: 1837.5647
[early-stopping] Epoch 32: no improvement (6/20)
Epoch 33/200, Batch 100, Aver_Loss: 1861.7313
Epoch 33/200, Batch 200, Aver_Loss: 1872.7428
Epoch 33/200, Batch 300, Aver_Loss: 1829.2944
Epoch 33/200, Batch 400, Aver_Loss: 1848.8800
[early-stopping] Epoch 33: no improvement (7/20)
Epoch 34/200, Batch 100, Aver_Loss: 1879.9448
Epoch 34/200, Batch 200, Aver_Loss: 1837.3730
Epoch 34/200, Batch 300, Aver_Loss: 1850.9735
Epoch 34/200, Batch 400, Aver_Loss: 1898.2139
[early-stopping] Epoch 34: new best val ELBO = -1844.153499
Epoch 35/200, Batch 100, Aver_Loss: 1875.9620
Epoch 35/200, Batch 200, Aver_Loss: 1861.5608
Epoch 35/200, Batch 300, Aver_Loss: 1858.3129
Epoch 35/200, Batch 400, Aver_Loss: 1857.8405
[early-stopping] Epoch 35: no improvement (1/20)
Epoch 36/200, Batch 100, Aver_Loss: 1832.9867
Epoch 36/200, Batch 200, Aver_Loss: 1877.8053
Epoch 36/200, Batch 300, Aver_Loss: 1885.3986
Epoch 36/200, Batch 400, Aver_Loss: 1795.3076
[early-stopping] Epoch 36: no improvement (2/20)
Epoch 37/200, Batch 100, Aver_Loss: 1849.2726
Epoch 37/200, Batch 200, Aver_Loss: 1867.7083
Epoch 37/200, Batch 300, Aver_Loss: 1877.0109
Epoch 37/200, Batch 400, Aver_Loss: 1856.9475
[early-stopping] Epoch 37: new best val ELBO = -1843.331551
Epoch 38/200, Batch 100, Aver_Loss: 1853.4789
Epoch 38/200, Batch 200, Aver_Loss: 1853.0157
Epoch 38/200, Batch 300, Aver_Loss: 1851.5779
Epoch 38/200, Batch 400, Aver_Loss: 1874.8108
[early-stopping] Epoch 38: no improvement (1/20)
Epoch 39/200, Batch 100, Aver_Loss: 1818.9409
Epoch 39/200, Batch 200, Aver_Loss: 1854.7296
Epoch 39/200, Batch 300, Aver_Loss: 1857.0028
Epoch 39/200, Batch 400, Aver_Loss: 1828.0675
[early-stopping] Epoch 39: no improvement (2/20)
Epoch 40/200, Batch 100, Aver_Loss: 1871.5237
Epoch 40/200, Batch 200, Aver_Loss: 1856.2032
Epoch 40/200, Batch 300, Aver_Loss: 1880.1760
Epoch 40/200, Batch 400, Aver_Loss: 1832.5388
[early-stopping] Epoch 40: no improvement (3/20)
Epoch 41/200, Batch 100, Aver_Loss: 1869.7821
Epoch 41/200, Batch 200, Aver_Loss: 1857.9286
Epoch 41/200, Batch 300, Aver_Loss: 1858.1252
Epoch 41/200, Batch 400, Aver_Loss: 1813.1732
[early-stopping] Epoch 41: no improvement (4/20)
Epoch 42/200, Batch 100, Aver_Loss: 1887.6808
Epoch 42/200, Batch 200, Aver_Loss: 1848.9741
Epoch 42/200, Batch 300, Aver_Loss: 1841.1470
Epoch 42/200, Batch 400, Aver_Loss: 1858.1687
[early-stopping] Epoch 42: no improvement (5/20)
Epoch 43/200, Batch 100, Aver_Loss: 1885.9604
Epoch 43/200, Batch 200, Aver_Loss: 1845.3567
Epoch 43/200, Batch 300, Aver_Loss: 1853.3522
Epoch 43/200, Batch 400, Aver_Loss: 1833.1498
[early-stopping] Epoch 43: no improvement (6/20)
Epoch 44/200, Batch 100, Aver_Loss: 1852.9634
Epoch 44/200, Batch 200, Aver_Loss: 1842.7557
Epoch 44/200, Batch 300, Aver_Loss: 1809.2520
Epoch 44/200, Batch 400, Aver_Loss: 1835.7836
[early-stopping] Epoch 44: no improvement (7/20)
Epoch 45/200, Batch 100, Aver_Loss: 1873.7227
Epoch 45/200, Batch 200, Aver_Loss: 1863.7017
Epoch 45/200, Batch 300, Aver_Loss: 1882.9745
Epoch 45/200, Batch 400, Aver_Loss: 1823.3444
[early-stopping] Epoch 45: no improvement (8/20)
Epoch 46/200, Batch 100, Aver_Loss: 1841.4645
Epoch 46/200, Batch 200, Aver_Loss: 1855.6802
Epoch 46/200, Batch 300, Aver_Loss: 1829.6073
Epoch 46/200, Batch 400, Aver_Loss: 1867.8147
[early-stopping] Epoch 46: new best val ELBO = -1842.019560
Epoch 47/200, Batch 100, Aver_Loss: 1836.9790
Epoch 47/200, Batch 200, Aver_Loss: 1862.2206
Epoch 47/200, Batch 300, Aver_Loss: 1883.2345
Epoch 47/200, Batch 400, Aver_Loss: 1835.1776
[early-stopping] Epoch 47: no improvement (1/20)
Epoch 48/200, Batch 100, Aver_Loss: 1844.0920
Epoch 48/200, Batch 200, Aver_Loss: 1873.1346
Epoch 48/200, Batch 300, Aver_Loss: 1816.7626
Epoch 48/200, Batch 400, Aver_Loss: 1864.8523
[early-stopping] Epoch 48: no improvement (2/20)
Epoch 49/200, Batch 100, Aver_Loss: 1867.9066
Epoch 49/200, Batch 200, Aver_Loss: 1824.6619
Epoch 49/200, Batch 300, Aver_Loss: 1850.8811
Epoch 49/200, Batch 400, Aver_Loss: 1889.1655
[early-stopping] Epoch 49: new best val ELBO = -1841.592239
Epoch 50/200, Batch 100, Aver_Loss: 1860.3470
Epoch 50/200, Batch 200, Aver_Loss: 1860.8975
Epoch 50/200, Batch 300, Aver_Loss: 1824.3439
Epoch 50/200, Batch 400, Aver_Loss: 1804.1222
[early-stopping] Epoch 50: no improvement (1/20)
Epoch 51/200, Batch 100, Aver_Loss: 1819.8595
Epoch 51/200, Batch 200, Aver_Loss: 1871.2174
Epoch 51/200, Batch 300, Aver_Loss: 1807.9592
Epoch 51/200, Batch 400, Aver_Loss: 1853.9626
[early-stopping] Epoch 51: new best val ELBO = -1841.533446
Epoch 52/200, Batch 100, Aver_Loss: 1850.6207
Epoch 52/200, Batch 200, Aver_Loss: 1861.9064
Epoch 52/200, Batch 300, Aver_Loss: 1850.9584
Epoch 52/200, Batch 400, Aver_Loss: 1833.4266
[early-stopping] Epoch 52: new best val ELBO = -1841.225472
Epoch 53/200, Batch 100, Aver_Loss: 1828.6697
Epoch 53/200, Batch 200, Aver_Loss: 1838.9709
Epoch 53/200, Batch 300, Aver_Loss: 1851.2601
Epoch 53/200, Batch 400, Aver_Loss: 1870.8116
[early-stopping] Epoch 53: no improvement (1/20)
Epoch 54/200, Batch 100, Aver_Loss: 1869.9677
Epoch 54/200, Batch 200, Aver_Loss: 1831.9091
Epoch 54/200, Batch 300, Aver_Loss: 1848.7412
Epoch 54/200, Batch 400, Aver_Loss: 1831.4672
[early-stopping] Epoch 54: no improvement (2/20)
Epoch 55/200, Batch 100, Aver_Loss: 1836.7693
Epoch 55/200, Batch 200, Aver_Loss: 1853.7316
Epoch 55/200, Batch 300, Aver_Loss: 1825.2611
Epoch 55/200, Batch 400, Aver_Loss: 1845.4948
[early-stopping] Epoch 55: no improvement (3/20)
Epoch 56/200, Batch 100, Aver_Loss: 1869.9198
Epoch 56/200, Batch 200, Aver_Loss: 1851.6252
Epoch 56/200, Batch 300, Aver_Loss: 1842.9752
Epoch 56/200, Batch 400, Aver_Loss: 1836.7373
[early-stopping] Epoch 56: no improvement (4/20)
Epoch 57/200, Batch 100, Aver_Loss: 1817.2664
Epoch 57/200, Batch 200, Aver_Loss: 1888.5460
Epoch 57/200, Batch 300, Aver_Loss: 1887.5046
Epoch 57/200, Batch 400, Aver_Loss: 1808.9487
[early-stopping] Epoch 57: new best val ELBO = -1840.516045
Epoch 58/200, Batch 100, Aver_Loss: 1843.0204
Epoch 58/200, Batch 200, Aver_Loss: 1832.8702
Epoch 58/200, Batch 300, Aver_Loss: 1875.5327
Epoch 58/200, Batch 400, Aver_Loss: 1859.2585
[early-stopping] Epoch 58: no improvement (1/20)
Epoch 59/200, Batch 100, Aver_Loss: 1843.0455
Epoch 59/200, Batch 200, Aver_Loss: 1867.5483
Epoch 59/200, Batch 300, Aver_Loss: 1817.1636
Epoch 59/200, Batch 400, Aver_Loss: 1806.9561
[early-stopping] Epoch 59: no improvement (2/20)
Epoch 60/200, Batch 100, Aver_Loss: 1888.7936
Epoch 60/200, Batch 200, Aver_Loss: 1813.6917
Epoch 60/200, Batch 300, Aver_Loss: 1874.2151
Epoch 60/200, Batch 400, Aver_Loss: 1862.4545
[early-stopping] Epoch 60: no improvement (3/20)
Epoch 61/200, Batch 100, Aver_Loss: 1819.8232
Epoch 61/200, Batch 200, Aver_Loss: 1857.6591
Epoch 61/200, Batch 300, Aver_Loss: 1846.2151
Epoch 61/200, Batch 400, Aver_Loss: 1840.3209
[early-stopping] Epoch 61: no improvement (4/20)
Epoch 62/200, Batch 100, Aver_Loss: 1830.9130
Epoch 62/200, Batch 200, Aver_Loss: 1865.7991
Epoch 62/200, Batch 300, Aver_Loss: 1822.5107
Epoch 62/200, Batch 400, Aver_Loss: 1860.9922
[early-stopping] Epoch 62: no improvement (5/20)
Epoch 63/200, Batch 100, Aver_Loss: 1857.2491
Epoch 63/200, Batch 200, Aver_Loss: 1817.6680
Epoch 63/200, Batch 300, Aver_Loss: 1837.9612
Epoch 63/200, Batch 400, Aver_Loss: 1839.4902
[early-stopping] Epoch 63: no improvement (6/20)
Epoch 64/200, Batch 100, Aver_Loss: 1869.7445
Epoch 64/200, Batch 200, Aver_Loss: 1807.1654
Epoch 64/200, Batch 300, Aver_Loss: 1862.4108
Epoch 64/200, Batch 400, Aver_Loss: 1838.0939
[early-stopping] Epoch 64: no improvement (7/20)
Epoch 65/200, Batch 100, Aver_Loss: 1816.1890
Epoch 65/200, Batch 200, Aver_Loss: 1847.2969
Epoch 65/200, Batch 300, Aver_Loss: 1848.2234
Epoch 65/200, Batch 400, Aver_Loss: 1849.8181
[early-stopping] Epoch 65: no improvement (8/20)
Epoch 66/200, Batch 100, Aver_Loss: 1826.5436
Epoch 66/200, Batch 200, Aver_Loss: 1817.0096
Epoch 66/200, Batch 300, Aver_Loss: 1823.5315
Epoch 66/200, Batch 400, Aver_Loss: 1846.0353
[early-stopping] Epoch 66: no improvement (9/20)
Epoch 67/200, Batch 100, Aver_Loss: 1848.1635
Epoch 67/200, Batch 200, Aver_Loss: 1799.5533
Epoch 67/200, Batch 300, Aver_Loss: 1871.6035
Epoch 67/200, Batch 400, Aver_Loss: 1841.2834
[early-stopping] Epoch 67: no improvement (10/20)
Epoch 68/200, Batch 100, Aver_Loss: 1818.2137
Epoch 68/200, Batch 200, Aver_Loss: 1843.2810
Epoch 68/200, Batch 300, Aver_Loss: 1816.0984
Epoch 68/200, Batch 400, Aver_Loss: 1843.3013
[early-stopping] Epoch 68: no improvement (11/20)
Epoch 69/200, Batch 100, Aver_Loss: 1833.5281
Epoch 69/200, Batch 200, Aver_Loss: 1846.3729
Epoch 69/200, Batch 300, Aver_Loss: 1873.7969
Epoch 69/200, Batch 400, Aver_Loss: 1838.6890
[early-stopping] Epoch 69: no improvement (12/20)
Epoch 70/200, Batch 100, Aver_Loss: 1837.2981
Epoch 70/200, Batch 200, Aver_Loss: 1852.3828
Epoch 70/200, Batch 300, Aver_Loss: 1885.5164
Epoch 70/200, Batch 400, Aver_Loss: 1822.7211
[early-stopping] Epoch 70: new best val ELBO = -1839.202522
Epoch 71/200, Batch 100, Aver_Loss: 1805.8716
Epoch 71/200, Batch 200, Aver_Loss: 1842.3322
Epoch 71/200, Batch 300, Aver_Loss: 1857.1666
Epoch 71/200, Batch 400, Aver_Loss: 1824.5543
[early-stopping] Epoch 71: no improvement (1/20)
Epoch 72/200, Batch 100, Aver_Loss: 1855.2095
Epoch 72/200, Batch 200, Aver_Loss: 1832.5745
Epoch 72/200, Batch 300, Aver_Loss: 1831.3932
Epoch 72/200, Batch 400, Aver_Loss: 1840.1292
[early-stopping] Epoch 72: no improvement (2/20)
Epoch 73/200, Batch 100, Aver_Loss: 1873.5280
Epoch 73/200, Batch 200, Aver_Loss: 1837.4542
Epoch 73/200, Batch 300, Aver_Loss: 1825.6637
Epoch 73/200, Batch 400, Aver_Loss: 1819.6937
[early-stopping] Epoch 73: no improvement (3/20)
Epoch 74/200, Batch 100, Aver_Loss: 1852.6396
Epoch 74/200, Batch 200, Aver_Loss: 1825.3237
Epoch 74/200, Batch 300, Aver_Loss: 1856.8539
Epoch 74/200, Batch 400, Aver_Loss: 1855.9148
[early-stopping] Epoch 74: no improvement (4/20)
Epoch 75/200, Batch 100, Aver_Loss: 1838.0376
Epoch 75/200, Batch 200, Aver_Loss: 1824.4918
Epoch 75/200, Batch 300, Aver_Loss: 1860.9243
Epoch 75/200, Batch 400, Aver_Loss: 1846.9464
[early-stopping] Epoch 75: no improvement (5/20)
Epoch 76/200, Batch 100, Aver_Loss: 1837.0270
Epoch 76/200, Batch 200, Aver_Loss: 1817.7340
Epoch 76/200, Batch 300, Aver_Loss: 1799.8345
Epoch 76/200, Batch 400, Aver_Loss: 1837.1858
[early-stopping] Epoch 76: no improvement (6/20)
Epoch 77/200, Batch 100, Aver_Loss: 1862.3120
Epoch 77/200, Batch 200, Aver_Loss: 1873.0319
Epoch 77/200, Batch 300, Aver_Loss: 1862.0035
Epoch 77/200, Batch 400, Aver_Loss: 1875.4065
[early-stopping] Epoch 77: no improvement (7/20)
Epoch 78/200, Batch 100, Aver_Loss: 1837.0973
Epoch 78/200, Batch 200, Aver_Loss: 1865.2612
Epoch 78/200, Batch 300, Aver_Loss: 1867.5022
Epoch 78/200, Batch 400, Aver_Loss: 1791.2068
[early-stopping] Epoch 78: no improvement (8/20)
Epoch 79/200, Batch 100, Aver_Loss: 1858.2161
Epoch 79/200, Batch 200, Aver_Loss: 1874.9020
Epoch 79/200, Batch 300, Aver_Loss: 1843.4644
Epoch 79/200, Batch 400, Aver_Loss: 1799.9082
[early-stopping] Epoch 79: no improvement (9/20)
Epoch 80/200, Batch 100, Aver_Loss: 1822.2090
Epoch 80/200, Batch 200, Aver_Loss: 1831.8190
Epoch 80/200, Batch 300, Aver_Loss: 1835.9188
Epoch 80/200, Batch 400, Aver_Loss: 1859.7529
[early-stopping] Epoch 80: no improvement (10/20)
Epoch 81/200, Batch 100, Aver_Loss: 1793.9259
Epoch 81/200, Batch 200, Aver_Loss: 1783.9546
Epoch 81/200, Batch 300, Aver_Loss: 1836.5201
Epoch 81/200, Batch 400, Aver_Loss: 1870.2369
[early-stopping] Epoch 81: no improvement (11/20)
Epoch 82/200, Batch 100, Aver_Loss: 1810.9528
Epoch 82/200, Batch 200, Aver_Loss: 1820.4467
Epoch 82/200, Batch 300, Aver_Loss: 1866.0095
Epoch 82/200, Batch 400, Aver_Loss: 1844.9451
[early-stopping] Epoch 82: no improvement (12/20)
Epoch 83/200, Batch 100, Aver_Loss: 1843.3409
Epoch 83/200, Batch 200, Aver_Loss: 1856.4957
Epoch 83/200, Batch 300, Aver_Loss: 1864.2032
Epoch 83/200, Batch 400, Aver_Loss: 1844.2474
[early-stopping] Epoch 83: no improvement (13/20)
Epoch 84/200, Batch 100, Aver_Loss: 1814.4852
Epoch 84/200, Batch 200, Aver_Loss: 1854.3457
Epoch 84/200, Batch 300, Aver_Loss: 1858.3248
Epoch 84/200, Batch 400, Aver_Loss: 1845.7678
[early-stopping] Epoch 84: no improvement (14/20)
Epoch 85/200, Batch 100, Aver_Loss: 1845.8862
Epoch 85/200, Batch 200, Aver_Loss: 1839.5559
Epoch 85/200, Batch 300, Aver_Loss: 1853.1118
Epoch 85/200, Batch 400, Aver_Loss: 1820.9362
[early-stopping] Epoch 85: new best val ELBO = -1838.459629
Epoch 86/200, Batch 100, Aver_Loss: 1848.1771
Epoch 86/200, Batch 200, Aver_Loss: 1850.6599
Epoch 86/200, Batch 300, Aver_Loss: 1852.3739
Epoch 86/200, Batch 400, Aver_Loss: 1872.0050
[early-stopping] Epoch 86: no improvement (1/20)
Epoch 87/200, Batch 100, Aver_Loss: 1846.5236
Epoch 87/200, Batch 200, Aver_Loss: 1838.0403
Epoch 87/200, Batch 300, Aver_Loss: 1831.4106
Epoch 87/200, Batch 400, Aver_Loss: 1857.4816
[early-stopping] Epoch 87: no improvement (2/20)
Epoch 88/200, Batch 100, Aver_Loss: 1890.2509
Epoch 88/200, Batch 200, Aver_Loss: 1833.3187
Epoch 88/200, Batch 300, Aver_Loss: 1829.5465
Epoch 88/200, Batch 400, Aver_Loss: 1860.5792
[early-stopping] Epoch 88: no improvement (3/20)
Epoch 89/200, Batch 100, Aver_Loss: 1851.1898
Epoch 89/200, Batch 200, Aver_Loss: 1833.1306
Epoch 89/200, Batch 300, Aver_Loss: 1816.4293
Epoch 89/200, Batch 400, Aver_Loss: 1873.3331
[early-stopping] Epoch 89: no improvement (4/20)
Epoch 90/200, Batch 100, Aver_Loss: 1865.3080
Epoch 90/200, Batch 200, Aver_Loss: 1844.0331
Epoch 90/200, Batch 300, Aver_Loss: 1818.7952
Epoch 90/200, Batch 400, Aver_Loss: 1810.8070
[early-stopping] Epoch 90: no improvement (5/20)
Epoch 91/200, Batch 100, Aver_Loss: 1847.1112
Epoch 91/200, Batch 200, Aver_Loss: 1824.5927
Epoch 91/200, Batch 300, Aver_Loss: 1806.8060
Epoch 91/200, Batch 400, Aver_Loss: 1802.0822
[early-stopping] Epoch 91: no improvement (6/20)
Epoch 92/200, Batch 100, Aver_Loss: 1833.8138
Epoch 92/200, Batch 200, Aver_Loss: 1840.5210
Epoch 92/200, Batch 300, Aver_Loss: 1850.4093
Epoch 92/200, Batch 400, Aver_Loss: 1791.0309
[early-stopping] Epoch 92: no improvement (7/20)
Epoch 93/200, Batch 100, Aver_Loss: 1830.7988
Epoch 93/200, Batch 200, Aver_Loss: 1831.1671
Epoch 93/200, Batch 300, Aver_Loss: 1850.7167
Epoch 93/200, Batch 400, Aver_Loss: 1822.9036
[early-stopping] Epoch 93: no improvement (8/20)
Epoch 94/200, Batch 100, Aver_Loss: 1858.2831
Epoch 94/200, Batch 200, Aver_Loss: 1872.6733
Epoch 94/200, Batch 300, Aver_Loss: 1872.7802
Epoch 94/200, Batch 400, Aver_Loss: 1824.1716
[early-stopping] Epoch 94: no improvement (9/20)
Epoch 95/200, Batch 100, Aver_Loss: 1829.4242
Epoch 95/200, Batch 200, Aver_Loss: 1830.1687
Epoch 95/200, Batch 300, Aver_Loss: 1849.3281
Epoch 95/200, Batch 400, Aver_Loss: 1809.2545
[early-stopping] Epoch 95: no improvement (10/20)
Epoch 96/200, Batch 100, Aver_Loss: 1845.6998
Epoch 96/200, Batch 200, Aver_Loss: 1843.5309
Epoch 96/200, Batch 300, Aver_Loss: 1863.6501
Epoch 96/200, Batch 400, Aver_Loss: 1846.2700
[early-stopping] Epoch 96: new best val ELBO = -1838.212247
Epoch 97/200, Batch 100, Aver_Loss: 1822.2205
Epoch 97/200, Batch 200, Aver_Loss: 1827.6763
Epoch 97/200, Batch 300, Aver_Loss: 1854.3059
Epoch 97/200, Batch 400, Aver_Loss: 1837.8182
[early-stopping] Epoch 97: no improvement (1/20)
Epoch 98/200, Batch 100, Aver_Loss: 1858.3513
Epoch 98/200, Batch 200, Aver_Loss: 1817.5040
Epoch 98/200, Batch 300, Aver_Loss: 1840.9366
Epoch 98/200, Batch 400, Aver_Loss: 1830.1328
[early-stopping] Epoch 98: no improvement (2/20)
Epoch 99/200, Batch 100, Aver_Loss: 1839.5409
Epoch 99/200, Batch 200, Aver_Loss: 1846.4238
Epoch 99/200, Batch 300, Aver_Loss: 1825.6995
Epoch 99/200, Batch 400, Aver_Loss: 1819.6384
[early-stopping] Epoch 99: no improvement (3/20)
Epoch 100/200, Batch 100, Aver_Loss: 1828.3059
Epoch 100/200, Batch 200, Aver_Loss: 1831.1219
Epoch 100/200, Batch 300, Aver_Loss: 1849.5731
Epoch 100/200, Batch 400, Aver_Loss: 1803.9523
[early-stopping] Epoch 100: no improvement (4/20)
Epoch 101/200, Batch 100, Aver_Loss: 1823.2222
Epoch 101/200, Batch 200, Aver_Loss: 1835.3004
Epoch 101/200, Batch 300, Aver_Loss: 1817.0973
Epoch 101/200, Batch 400, Aver_Loss: 1840.1802
[early-stopping] Epoch 101: no improvement (5/20)
Epoch 102/200, Batch 100, Aver_Loss: 1855.6584
Epoch 102/200, Batch 200, Aver_Loss: 1852.0153
Epoch 102/200, Batch 300, Aver_Loss: 1826.5251
Epoch 102/200, Batch 400, Aver_Loss: 1850.8170
[early-stopping] Epoch 102: no improvement (6/20)
Epoch 103/200, Batch 100, Aver_Loss: 1878.4816
Epoch 103/200, Batch 200, Aver_Loss: 1792.7914
Epoch 103/200, Batch 300, Aver_Loss: 1859.4198
Epoch 103/200, Batch 400, Aver_Loss: 1836.9958
[early-stopping] Epoch 103: no improvement (7/20)
Epoch 104/200, Batch 100, Aver_Loss: 1853.9316
Epoch 104/200, Batch 200, Aver_Loss: 1881.5079
Epoch 104/200, Batch 300, Aver_Loss: 1845.7231
Epoch 104/200, Batch 400, Aver_Loss: 1833.5931
[early-stopping] Epoch 104: no improvement (8/20)
Epoch 105/200, Batch 100, Aver_Loss: 1862.6543
Epoch 105/200, Batch 200, Aver_Loss: 1862.6307
Epoch 105/200, Batch 300, Aver_Loss: 1859.6464
Epoch 105/200, Batch 400, Aver_Loss: 1842.7743
[early-stopping] Epoch 105: no improvement (9/20)
Epoch 106/200, Batch 100, Aver_Loss: 1809.7379
Epoch 106/200, Batch 200, Aver_Loss: 1868.0950
Epoch 106/200, Batch 300, Aver_Loss: 1874.0184
Epoch 106/200, Batch 400, Aver_Loss: 1873.1945
[early-stopping] Epoch 106: no improvement (10/20)
Epoch 107/200, Batch 100, Aver_Loss: 1845.1420
Epoch 107/200, Batch 200, Aver_Loss: 1878.5045
Epoch 107/200, Batch 300, Aver_Loss: 1837.7246
Epoch 107/200, Batch 400, Aver_Loss: 1882.6890
[early-stopping] Epoch 107: no improvement (11/20)
Epoch 108/200, Batch 100, Aver_Loss: 1851.7893
Epoch 108/200, Batch 200, Aver_Loss: 1835.0061
Epoch 108/200, Batch 300, Aver_Loss: 1854.4302
Epoch 108/200, Batch 400, Aver_Loss: 1848.3588
[early-stopping] Epoch 108: no improvement (12/20)
Epoch 109/200, Batch 100, Aver_Loss: 1858.3809
Epoch 109/200, Batch 200, Aver_Loss: 1813.3651
Epoch 109/200, Batch 300, Aver_Loss: 1856.2832
Epoch 109/200, Batch 400, Aver_Loss: 1802.5424
[early-stopping] Epoch 109: no improvement (13/20)
Epoch 110/200, Batch 100, Aver_Loss: 1855.5864
Epoch 110/200, Batch 200, Aver_Loss: 1837.0287
Epoch 110/200, Batch 300, Aver_Loss: 1848.6412
Epoch 110/200, Batch 400, Aver_Loss: 1832.9312
[early-stopping] Epoch 110: no improvement (14/20)
Epoch 111/200, Batch 100, Aver_Loss: 1817.0559
Epoch 111/200, Batch 200, Aver_Loss: 1821.1198
Epoch 111/200, Batch 300, Aver_Loss: 1844.7877
Epoch 111/200, Batch 400, Aver_Loss: 1839.1899
[early-stopping] Epoch 111: no improvement (15/20)
Epoch 112/200, Batch 100, Aver_Loss: 1818.0811
Epoch 112/200, Batch 200, Aver_Loss: 1867.4967
Epoch 112/200, Batch 300, Aver_Loss: 1825.5844
Epoch 112/200, Batch 400, Aver_Loss: 1835.4088
[early-stopping] Epoch 112: new best val ELBO = -1837.765646
Epoch 113/200, Batch 100, Aver_Loss: 1807.9231
Epoch 113/200, Batch 200, Aver_Loss: 1827.9666
Epoch 113/200, Batch 300, Aver_Loss: 1879.5654
Epoch 113/200, Batch 400, Aver_Loss: 1823.8334
[early-stopping] Epoch 113: no improvement (1/20)
Epoch 114/200, Batch 100, Aver_Loss: 1816.2316
Epoch 114/200, Batch 200, Aver_Loss: 1834.3784
Epoch 114/200, Batch 300, Aver_Loss: 1844.4265
Epoch 114/200, Batch 400, Aver_Loss: 1836.7137
[early-stopping] Epoch 114: no improvement (2/20)
Epoch 115/200, Batch 100, Aver_Loss: 1823.4963
Epoch 115/200, Batch 200, Aver_Loss: 1845.9031
Epoch 115/200, Batch 300, Aver_Loss: 1873.5173
Epoch 115/200, Batch 400, Aver_Loss: 1859.5549
[early-stopping] Epoch 115: no improvement (3/20)
Epoch 116/200, Batch 100, Aver_Loss: 1810.1401
Epoch 116/200, Batch 200, Aver_Loss: 1853.8383
Epoch 116/200, Batch 300, Aver_Loss: 1807.9247
Epoch 116/200, Batch 400, Aver_Loss: 1860.4635
[early-stopping] Epoch 116: no improvement (4/20)
Epoch 117/200, Batch 100, Aver_Loss: 1775.1169
Epoch 117/200, Batch 200, Aver_Loss: 1871.6447
Epoch 117/200, Batch 300, Aver_Loss: 1796.1794
Epoch 117/200, Batch 400, Aver_Loss: 1848.0793
[early-stopping] Epoch 117: no improvement (5/20)
Epoch 118/200, Batch 100, Aver_Loss: 1836.7457
Epoch 118/200, Batch 200, Aver_Loss: 1836.9425
Epoch 118/200, Batch 300, Aver_Loss: 1843.6129
Epoch 118/200, Batch 400, Aver_Loss: 1817.3647
[early-stopping] Epoch 118: no improvement (6/20)
Epoch 119/200, Batch 100, Aver_Loss: 1792.0347
Epoch 119/200, Batch 200, Aver_Loss: 1837.6074
Epoch 119/200, Batch 300, Aver_Loss: 1841.5178
Epoch 119/200, Batch 400, Aver_Loss: 1833.1183
[early-stopping] Epoch 119: no improvement (7/20)
Epoch 120/200, Batch 100, Aver_Loss: 1807.7439
Epoch 120/200, Batch 200, Aver_Loss: 1857.5096
Epoch 120/200, Batch 300, Aver_Loss: 1849.9127
Epoch 120/200, Batch 400, Aver_Loss: 1832.4432
[early-stopping] Epoch 120: no improvement (8/20)
Epoch 121/200, Batch 100, Aver_Loss: 1854.2278
Epoch 121/200, Batch 200, Aver_Loss: 1804.0787
Epoch 121/200, Batch 300, Aver_Loss: 1793.9650
Epoch 121/200, Batch 400, Aver_Loss: 1823.3048
[early-stopping] Epoch 121: no improvement (9/20)
Epoch 122/200, Batch 100, Aver_Loss: 1819.8534
Epoch 122/200, Batch 200, Aver_Loss: 1887.3101
Epoch 122/200, Batch 300, Aver_Loss: 1819.9791
Epoch 122/200, Batch 400, Aver_Loss: 1858.9885
[early-stopping] Epoch 122: no improvement (10/20)
Epoch 123/200, Batch 100, Aver_Loss: 1808.5040
Epoch 123/200, Batch 200, Aver_Loss: 1786.4410
Epoch 123/200, Batch 300, Aver_Loss: 1863.5835
Epoch 123/200, Batch 400, Aver_Loss: 1849.4506
[early-stopping] Epoch 123: no improvement (11/20)
Epoch 124/200, Batch 100, Aver_Loss: 1878.2947
Epoch 124/200, Batch 200, Aver_Loss: 1832.8086
Epoch 124/200, Batch 300, Aver_Loss: 1851.5881
Epoch 124/200, Batch 400, Aver_Loss: 1828.7865
[early-stopping] Epoch 124: no improvement (12/20)
Epoch 125/200, Batch 100, Aver_Loss: 1906.7938
Epoch 125/200, Batch 200, Aver_Loss: 1855.4231
Epoch 125/200, Batch 300, Aver_Loss: 1829.4745
Epoch 125/200, Batch 400, Aver_Loss: 1818.4103
[early-stopping] Epoch 125: no improvement (13/20)
Epoch 126/200, Batch 100, Aver_Loss: 1853.9152
Epoch 126/200, Batch 200, Aver_Loss: 1848.0404
Epoch 126/200, Batch 300, Aver_Loss: 1820.4310
Epoch 126/200, Batch 400, Aver_Loss: 1867.7632
[early-stopping] Epoch 126: no improvement (14/20)
Epoch 127/200, Batch 100, Aver_Loss: 1856.3164
Epoch 127/200, Batch 200, Aver_Loss: 1859.8282
Epoch 127/200, Batch 300, Aver_Loss: 1857.8356
Epoch 127/200, Batch 400, Aver_Loss: 1847.9115
[early-stopping] Epoch 127: no improvement (15/20)
Epoch 128/200, Batch 100, Aver_Loss: 1858.4286
Epoch 128/200, Batch 200, Aver_Loss: 1851.9976
Epoch 128/200, Batch 300, Aver_Loss: 1820.0734
Epoch 128/200, Batch 400, Aver_Loss: 1849.3550
[early-stopping] Epoch 128: no improvement (16/20)
Epoch 129/200, Batch 100, Aver_Loss: 1815.1409
Epoch 129/200, Batch 200, Aver_Loss: 1841.7037
Epoch 129/200, Batch 300, Aver_Loss: 1821.4186
Epoch 129/200, Batch 400, Aver_Loss: 1895.8519
[early-stopping] Epoch 129: no improvement (17/20)
Epoch 130/200, Batch 100, Aver_Loss: 1857.0000
Epoch 130/200, Batch 200, Aver_Loss: 1852.4403
Epoch 130/200, Batch 300, Aver_Loss: 1807.3802
Epoch 130/200, Batch 400, Aver_Loss: 1835.5950
[early-stopping] Epoch 130: no improvement (18/20)
Epoch 131/200, Batch 100, Aver_Loss: 1822.2480
Epoch 131/200, Batch 200, Aver_Loss: 1847.9553
Epoch 131/200, Batch 300, Aver_Loss: 1840.8911
Epoch 131/200, Batch 400, Aver_Loss: 1868.5649
[early-stopping] Epoch 131: no improvement (19/20)
Epoch 132/200, Batch 100, Aver_Loss: 1846.8248
Epoch 132/200, Batch 200, Aver_Loss: 1783.8467
Epoch 132/200, Batch 300, Aver_Loss: 1867.8427
Epoch 132/200, Batch 400, Aver_Loss: 1858.7742
[early-stopping] Epoch 132: no improvement (20/20)
[early-stopping] Patience reached. Stopping at epoch 132. Best epoch: 112, best val ELBO: -1837.765646
[early-stopping] Loaded best model from epoch 112 (val ELBO = -1837.765646)
[checkpoint] Saved best model to: trained_parameters/cifar10_zdim512_VAE.pkl
[saved curves] ./results/CIFAR10/curves/cifar10_vae_d512_s777.json

==== Evaluation Summary ====
                 model: vae
   recon/mse_per_pixel: 0.015272
            elbo/train: -1836.240364
             elbo/test: -1837.816413
             mse/train: 0.014920
              mse/test: 0.015272
             probe/acc: 0.437917
             probe/nll: 1.614983
           probe/brier: 0.704681
             probe/ece: 0.034421
           cluster/nmi: 0.102670
           cluster/ari: 0.053666
============================

