/usr/bin/which: no fi_info in (/arf/home/meyavuz/.local/bin:/arf/sw/comp/python/intelpython3/condabin:/arf/sw/comp/python/intelpython3/bin:/usr/share/Modules/bin:/usr/local/bin:/usr/bin:/usr/local/sbin:/usr/sbin)
Extension for Scikit-learn* enabled (https://github.com/uxlfoundation/scikit-learn-intelex)
/arf/home/meyavuz/.conda/envs/sbn/lib/python3.9/site-packages/sklearn/linear_model/_logistic.py:1247: FutureWarning: 'multi_class' was deprecated in version 1.5 and will be removed in 1.7. From then on, it will always use 'multinomial'. Leave it to its default value to avoid this warning.
  warnings.warn(
Epoch 1/200, Batch 100, Aver_Loss: 1949.7184
Epoch 1/200, Batch 200, Aver_Loss: 1955.3265
Epoch 1/200, Batch 300, Aver_Loss: 1928.3356
Epoch 1/200, Batch 400, Aver_Loss: 1894.4984
[early-stopping] Epoch 1: new best val ELBO = -1886.702825
Epoch 2/200, Batch 100, Aver_Loss: 1884.9595
Epoch 2/200, Batch 200, Aver_Loss: 1904.6464
Epoch 2/200, Batch 300, Aver_Loss: 1882.5452
Epoch 2/200, Batch 400, Aver_Loss: 1858.0039
[early-stopping] Epoch 2: new best val ELBO = -1885.387582
Epoch 3/200, Batch 100, Aver_Loss: 1878.8611
Epoch 3/200, Batch 200, Aver_Loss: 1876.7965
Epoch 3/200, Batch 300, Aver_Loss: 1880.9398
Epoch 3/200, Batch 400, Aver_Loss: 1892.8812
[early-stopping] Epoch 3: new best val ELBO = -1872.283946
Epoch 4/200, Batch 100, Aver_Loss: 1876.4221
Epoch 4/200, Batch 200, Aver_Loss: 1862.4900
Epoch 4/200, Batch 300, Aver_Loss: 1855.4143
Epoch 4/200, Batch 400, Aver_Loss: 1852.8376
[early-stopping] Epoch 4: new best val ELBO = -1865.809206
Epoch 5/200, Batch 100, Aver_Loss: 1883.8002
Epoch 5/200, Batch 200, Aver_Loss: 1909.8049
Epoch 5/200, Batch 300, Aver_Loss: 1879.7877
Epoch 5/200, Batch 400, Aver_Loss: 1889.5938
[early-stopping] Epoch 5: new best val ELBO = -1864.888114
Epoch 6/200, Batch 100, Aver_Loss: 1883.9607
Epoch 6/200, Batch 200, Aver_Loss: 1871.7690
Epoch 6/200, Batch 300, Aver_Loss: 1891.7601
Epoch 6/200, Batch 400, Aver_Loss: 1866.2262
[early-stopping] Epoch 6: new best val ELBO = -1862.062001
Epoch 7/200, Batch 100, Aver_Loss: 1843.7963
Epoch 7/200, Batch 200, Aver_Loss: 1862.3315
Epoch 7/200, Batch 300, Aver_Loss: 1900.0531
Epoch 7/200, Batch 400, Aver_Loss: 1881.0391
[early-stopping] Epoch 7: no improvement (1/20)
Epoch 8/200, Batch 100, Aver_Loss: 1843.2411
Epoch 8/200, Batch 200, Aver_Loss: 1835.2283
Epoch 8/200, Batch 300, Aver_Loss: 1818.4576
Epoch 8/200, Batch 400, Aver_Loss: 1838.8092
[early-stopping] Epoch 8: no improvement (2/20)
Epoch 9/200, Batch 100, Aver_Loss: 1860.6598
Epoch 9/200, Batch 200, Aver_Loss: 1846.5326
Epoch 9/200, Batch 300, Aver_Loss: 1863.5385
Epoch 9/200, Batch 400, Aver_Loss: 1882.7810
[early-stopping] Epoch 9: no improvement (3/20)
Epoch 10/200, Batch 100, Aver_Loss: 1844.6525
Epoch 10/200, Batch 200, Aver_Loss: 1853.3485
Epoch 10/200, Batch 300, Aver_Loss: 1882.5023
Epoch 10/200, Batch 400, Aver_Loss: 1879.6837
[early-stopping] Epoch 10: new best val ELBO = -1855.273657
Epoch 11/200, Batch 100, Aver_Loss: 1846.4082
Epoch 11/200, Batch 200, Aver_Loss: 1821.1333
Epoch 11/200, Batch 300, Aver_Loss: 1871.6176
Epoch 11/200, Batch 400, Aver_Loss: 1842.8446
[early-stopping] Epoch 11: no improvement (1/20)
Epoch 12/200, Batch 100, Aver_Loss: 1882.6532
Epoch 12/200, Batch 200, Aver_Loss: 1884.8070
Epoch 12/200, Batch 300, Aver_Loss: 1834.2162
Epoch 12/200, Batch 400, Aver_Loss: 1897.0302
[early-stopping] Epoch 12: new best val ELBO = -1853.963079
Epoch 13/200, Batch 100, Aver_Loss: 1832.6039
Epoch 13/200, Batch 200, Aver_Loss: 1845.3901
Epoch 13/200, Batch 300, Aver_Loss: 1812.4175
Epoch 13/200, Batch 400, Aver_Loss: 1852.9170
[early-stopping] Epoch 13: no improvement (1/20)
Epoch 14/200, Batch 100, Aver_Loss: 1868.4574
Epoch 14/200, Batch 200, Aver_Loss: 1862.5415
Epoch 14/200, Batch 300, Aver_Loss: 1833.6926
Epoch 14/200, Batch 400, Aver_Loss: 1828.4773
[early-stopping] Epoch 14: no improvement (2/20)
Epoch 15/200, Batch 100, Aver_Loss: 1848.8835
Epoch 15/200, Batch 200, Aver_Loss: 1857.7513
Epoch 15/200, Batch 300, Aver_Loss: 1864.4659
Epoch 15/200, Batch 400, Aver_Loss: 1863.1995
[early-stopping] Epoch 15: new best val ELBO = -1852.372050
Epoch 16/200, Batch 100, Aver_Loss: 1864.1776
Epoch 16/200, Batch 200, Aver_Loss: 1855.3600
Epoch 16/200, Batch 300, Aver_Loss: 1863.2568
Epoch 16/200, Batch 400, Aver_Loss: 1871.0829
[early-stopping] Epoch 16: no improvement (1/20)
Epoch 17/200, Batch 100, Aver_Loss: 1849.7272
Epoch 17/200, Batch 200, Aver_Loss: 1834.1923
Epoch 17/200, Batch 300, Aver_Loss: 1864.8956
Epoch 17/200, Batch 400, Aver_Loss: 1833.3722
[early-stopping] Epoch 17: new best val ELBO = -1851.784726
Epoch 18/200, Batch 100, Aver_Loss: 1835.6748
Epoch 18/200, Batch 200, Aver_Loss: 1835.1702
Epoch 18/200, Batch 300, Aver_Loss: 1858.4087
Epoch 18/200, Batch 400, Aver_Loss: 1850.1592
[early-stopping] Epoch 18: no improvement (1/20)
Epoch 19/200, Batch 100, Aver_Loss: 1847.3763
Epoch 19/200, Batch 200, Aver_Loss: 1855.8452
Epoch 19/200, Batch 300, Aver_Loss: 1900.7703
Epoch 19/200, Batch 400, Aver_Loss: 1861.9388
[early-stopping] Epoch 19: no improvement (2/20)
Epoch 20/200, Batch 100, Aver_Loss: 1831.0101
Epoch 20/200, Batch 200, Aver_Loss: 1836.0208
Epoch 20/200, Batch 300, Aver_Loss: 1858.7651
Epoch 20/200, Batch 400, Aver_Loss: 1882.0497
[early-stopping] Epoch 20: no improvement (3/20)
Epoch 21/200, Batch 100, Aver_Loss: 1866.4486
Epoch 21/200, Batch 200, Aver_Loss: 1867.0656
Epoch 21/200, Batch 300, Aver_Loss: 1841.5237
Epoch 21/200, Batch 400, Aver_Loss: 1867.7334
[early-stopping] Epoch 21: no improvement (4/20)
Epoch 22/200, Batch 100, Aver_Loss: 1871.9370
Epoch 22/200, Batch 200, Aver_Loss: 1853.6910
Epoch 22/200, Batch 300, Aver_Loss: 1857.2394
Epoch 22/200, Batch 400, Aver_Loss: 1885.5348
[early-stopping] Epoch 22: new best val ELBO = -1851.712029
Epoch 23/200, Batch 100, Aver_Loss: 1890.2316
Epoch 23/200, Batch 200, Aver_Loss: 1895.7218
Epoch 23/200, Batch 300, Aver_Loss: 1923.8234
Epoch 23/200, Batch 400, Aver_Loss: 1862.3685
[early-stopping] Epoch 23: no improvement (1/20)
Epoch 24/200, Batch 100, Aver_Loss: 1916.3199
Epoch 24/200, Batch 200, Aver_Loss: 1872.2579
Epoch 24/200, Batch 300, Aver_Loss: 1835.1592
Epoch 24/200, Batch 400, Aver_Loss: 1892.3774
[early-stopping] Epoch 24: no improvement (2/20)
Epoch 25/200, Batch 100, Aver_Loss: 1847.7559
Epoch 25/200, Batch 200, Aver_Loss: 1869.4216
Epoch 25/200, Batch 300, Aver_Loss: 1876.1393
Epoch 25/200, Batch 400, Aver_Loss: 1860.4612
[early-stopping] Epoch 25: no improvement (3/20)
Epoch 26/200, Batch 100, Aver_Loss: 1866.9913
Epoch 26/200, Batch 200, Aver_Loss: 1902.2455
Epoch 26/200, Batch 300, Aver_Loss: 1846.5671
Epoch 26/200, Batch 400, Aver_Loss: 1848.3450
[early-stopping] Epoch 26: no improvement (4/20)
Epoch 27/200, Batch 100, Aver_Loss: 1811.2832
Epoch 27/200, Batch 200, Aver_Loss: 1861.0405
Epoch 27/200, Batch 300, Aver_Loss: 1871.5736
Epoch 27/200, Batch 400, Aver_Loss: 1829.3806
[early-stopping] Epoch 27: no improvement (5/20)
Epoch 28/200, Batch 100, Aver_Loss: 1820.1754
Epoch 28/200, Batch 200, Aver_Loss: 1899.8613
Epoch 28/200, Batch 300, Aver_Loss: 1863.0721
Epoch 28/200, Batch 400, Aver_Loss: 1857.9611
[early-stopping] Epoch 28: no improvement (6/20)
Epoch 29/200, Batch 100, Aver_Loss: 1847.5771
Epoch 29/200, Batch 200, Aver_Loss: 1797.5723
Epoch 29/200, Batch 300, Aver_Loss: 1830.0604
Epoch 29/200, Batch 400, Aver_Loss: 1869.1702
[early-stopping] Epoch 29: new best val ELBO = -1850.588601
Epoch 30/200, Batch 100, Aver_Loss: 1879.1631
Epoch 30/200, Batch 200, Aver_Loss: 1867.8456
Epoch 30/200, Batch 300, Aver_Loss: 1863.7557
Epoch 30/200, Batch 400, Aver_Loss: 1859.5634
[early-stopping] Epoch 30: no improvement (1/20)
Epoch 31/200, Batch 100, Aver_Loss: 1847.7280
Epoch 31/200, Batch 200, Aver_Loss: 1832.3987
Epoch 31/200, Batch 300, Aver_Loss: 1830.9880
Epoch 31/200, Batch 400, Aver_Loss: 1897.1027
[early-stopping] Epoch 31: no improvement (2/20)
Epoch 32/200, Batch 100, Aver_Loss: 1829.3092
Epoch 32/200, Batch 200, Aver_Loss: 1858.8622
Epoch 32/200, Batch 300, Aver_Loss: 1840.1101
Epoch 32/200, Batch 400, Aver_Loss: 1843.1799
[early-stopping] Epoch 32: no improvement (3/20)
Epoch 33/200, Batch 100, Aver_Loss: 1844.4990
Epoch 33/200, Batch 200, Aver_Loss: 1836.5991
Epoch 33/200, Batch 300, Aver_Loss: 1813.3022
Epoch 33/200, Batch 400, Aver_Loss: 1836.1793
[early-stopping] Epoch 33: no improvement (4/20)
Epoch 34/200, Batch 100, Aver_Loss: 1880.2821
Epoch 34/200, Batch 200, Aver_Loss: 1855.2715
Epoch 34/200, Batch 300, Aver_Loss: 1887.0226
Epoch 34/200, Batch 400, Aver_Loss: 1854.5566
[early-stopping] Epoch 34: no improvement (5/20)
Epoch 35/200, Batch 100, Aver_Loss: 1848.8054
Epoch 35/200, Batch 200, Aver_Loss: 1846.2963
Epoch 35/200, Batch 300, Aver_Loss: 1831.1536
Epoch 35/200, Batch 400, Aver_Loss: 1825.7090
[early-stopping] Epoch 35: new best val ELBO = -1850.563020
Epoch 36/200, Batch 100, Aver_Loss: 1853.4443
Epoch 36/200, Batch 200, Aver_Loss: 1866.0753
Epoch 36/200, Batch 300, Aver_Loss: 1871.2880
Epoch 36/200, Batch 400, Aver_Loss: 1817.4851
[early-stopping] Epoch 36: new best val ELBO = -1849.544701
Epoch 37/200, Batch 100, Aver_Loss: 1826.8549
Epoch 37/200, Batch 200, Aver_Loss: 1865.5153
Epoch 37/200, Batch 300, Aver_Loss: 1852.8929
Epoch 37/200, Batch 400, Aver_Loss: 1846.1786
[early-stopping] Epoch 37: no improvement (1/20)
Epoch 38/200, Batch 100, Aver_Loss: 1853.6949
Epoch 38/200, Batch 200, Aver_Loss: 1902.2596
Epoch 38/200, Batch 300, Aver_Loss: 1847.3083
Epoch 38/200, Batch 400, Aver_Loss: 1828.5515
[early-stopping] Epoch 38: no improvement (2/20)
Epoch 39/200, Batch 100, Aver_Loss: 1871.4093
Epoch 39/200, Batch 200, Aver_Loss: 1825.8364
Epoch 39/200, Batch 300, Aver_Loss: 1870.4445
Epoch 39/200, Batch 400, Aver_Loss: 1848.4589
[early-stopping] Epoch 39: no improvement (3/20)
Epoch 40/200, Batch 100, Aver_Loss: 1852.2039
Epoch 40/200, Batch 200, Aver_Loss: 1875.8209
Epoch 40/200, Batch 300, Aver_Loss: 1834.4038
Epoch 40/200, Batch 400, Aver_Loss: 1832.1786
[early-stopping] Epoch 40: no improvement (4/20)
Epoch 41/200, Batch 100, Aver_Loss: 1866.3785
Epoch 41/200, Batch 200, Aver_Loss: 1859.5970
Epoch 41/200, Batch 300, Aver_Loss: 1828.3920
Epoch 41/200, Batch 400, Aver_Loss: 1819.1157
[early-stopping] Epoch 41: new best val ELBO = -1848.799631
Epoch 42/200, Batch 100, Aver_Loss: 1837.1497
Epoch 42/200, Batch 200, Aver_Loss: 1858.4592
Epoch 42/200, Batch 300, Aver_Loss: 1857.6915
Epoch 42/200, Batch 400, Aver_Loss: 1870.8488
[early-stopping] Epoch 42: no improvement (1/20)
Epoch 43/200, Batch 100, Aver_Loss: 1825.5775
Epoch 43/200, Batch 200, Aver_Loss: 1826.6046
Epoch 43/200, Batch 300, Aver_Loss: 1879.2522
Epoch 43/200, Batch 400, Aver_Loss: 1829.7903
[early-stopping] Epoch 43: no improvement (2/20)
Epoch 44/200, Batch 100, Aver_Loss: 1859.8304
Epoch 44/200, Batch 200, Aver_Loss: 1880.3025
Epoch 44/200, Batch 300, Aver_Loss: 1817.9445
Epoch 44/200, Batch 400, Aver_Loss: 1841.3461
[early-stopping] Epoch 44: no improvement (3/20)
Epoch 45/200, Batch 100, Aver_Loss: 1842.7378
Epoch 45/200, Batch 200, Aver_Loss: 1869.5870
Epoch 45/200, Batch 300, Aver_Loss: 1860.9603
Epoch 45/200, Batch 400, Aver_Loss: 1847.8325
[early-stopping] Epoch 45: no improvement (4/20)
Epoch 46/200, Batch 100, Aver_Loss: 1865.2468
Epoch 46/200, Batch 200, Aver_Loss: 1839.9570
Epoch 46/200, Batch 300, Aver_Loss: 1860.9600
Epoch 46/200, Batch 400, Aver_Loss: 1804.3931
[early-stopping] Epoch 46: no improvement (5/20)
Epoch 47/200, Batch 100, Aver_Loss: 1889.7285
Epoch 47/200, Batch 200, Aver_Loss: 1874.1736
Epoch 47/200, Batch 300, Aver_Loss: 1843.4230
Epoch 47/200, Batch 400, Aver_Loss: 1833.5377
[early-stopping] Epoch 47: no improvement (6/20)
Epoch 48/200, Batch 100, Aver_Loss: 1810.5620
Epoch 48/200, Batch 200, Aver_Loss: 1855.0072
Epoch 48/200, Batch 300, Aver_Loss: 1849.2301
Epoch 48/200, Batch 400, Aver_Loss: 1868.4077
[early-stopping] Epoch 48: no improvement (7/20)
Epoch 49/200, Batch 100, Aver_Loss: 1866.8979
Epoch 49/200, Batch 200, Aver_Loss: 1828.1362
Epoch 49/200, Batch 300, Aver_Loss: 1852.4042
Epoch 49/200, Batch 400, Aver_Loss: 1851.4620
[early-stopping] Epoch 49: no improvement (8/20)
Epoch 50/200, Batch 100, Aver_Loss: 1855.2087
Epoch 50/200, Batch 200, Aver_Loss: 1859.8914
Epoch 50/200, Batch 300, Aver_Loss: 1881.6649
Epoch 50/200, Batch 400, Aver_Loss: 1864.0303
[early-stopping] Epoch 50: new best val ELBO = -1848.202843
Epoch 51/200, Batch 100, Aver_Loss: 1826.9031
Epoch 51/200, Batch 200, Aver_Loss: 1863.4734
Epoch 51/200, Batch 300, Aver_Loss: 1883.3059
Epoch 51/200, Batch 400, Aver_Loss: 1873.9589
[early-stopping] Epoch 51: no improvement (1/20)
Epoch 52/200, Batch 100, Aver_Loss: 1867.3718
Epoch 52/200, Batch 200, Aver_Loss: 1855.6705
Epoch 52/200, Batch 300, Aver_Loss: 1836.4978
Epoch 52/200, Batch 400, Aver_Loss: 1849.7971
[early-stopping] Epoch 52: no improvement (2/20)
Epoch 53/200, Batch 100, Aver_Loss: 1878.0967
Epoch 53/200, Batch 200, Aver_Loss: 1861.6558
Epoch 53/200, Batch 300, Aver_Loss: 1855.0341
Epoch 53/200, Batch 400, Aver_Loss: 1865.7411
[early-stopping] Epoch 53: no improvement (3/20)
Epoch 54/200, Batch 100, Aver_Loss: 1855.4303
Epoch 54/200, Batch 200, Aver_Loss: 1811.4126
Epoch 54/200, Batch 300, Aver_Loss: 1829.9481
Epoch 54/200, Batch 400, Aver_Loss: 1855.3041
[early-stopping] Epoch 54: no improvement (4/20)
Epoch 55/200, Batch 100, Aver_Loss: 1886.8455
Epoch 55/200, Batch 200, Aver_Loss: 1822.2511
Epoch 55/200, Batch 300, Aver_Loss: 1834.4354
Epoch 55/200, Batch 400, Aver_Loss: 1835.9598
[early-stopping] Epoch 55: no improvement (5/20)
Epoch 56/200, Batch 100, Aver_Loss: 1863.5455
Epoch 56/200, Batch 200, Aver_Loss: 1833.3733
Epoch 56/200, Batch 300, Aver_Loss: 1836.2413
Epoch 56/200, Batch 400, Aver_Loss: 1878.5382
[early-stopping] Epoch 56: no improvement (6/20)
Epoch 57/200, Batch 100, Aver_Loss: 1851.6823
Epoch 57/200, Batch 200, Aver_Loss: 1831.6387
Epoch 57/200, Batch 300, Aver_Loss: 1823.5747
Epoch 57/200, Batch 400, Aver_Loss: 1844.5486
[early-stopping] Epoch 57: no improvement (7/20)
Epoch 58/200, Batch 100, Aver_Loss: 1818.0835
Epoch 58/200, Batch 200, Aver_Loss: 1816.7751
Epoch 58/200, Batch 300, Aver_Loss: 1867.0436
Epoch 58/200, Batch 400, Aver_Loss: 1838.8348
[early-stopping] Epoch 58: no improvement (8/20)
Epoch 59/200, Batch 100, Aver_Loss: 1857.6815
Epoch 59/200, Batch 200, Aver_Loss: 1846.1090
Epoch 59/200, Batch 300, Aver_Loss: 1860.6982
Epoch 59/200, Batch 400, Aver_Loss: 1847.2537
[early-stopping] Epoch 59: new best val ELBO = -1848.056127
Epoch 60/200, Batch 100, Aver_Loss: 1841.9924
Epoch 60/200, Batch 200, Aver_Loss: 1834.7960
Epoch 60/200, Batch 300, Aver_Loss: 1849.8245
Epoch 60/200, Batch 400, Aver_Loss: 1824.0515
[early-stopping] Epoch 60: no improvement (1/20)
Epoch 61/200, Batch 100, Aver_Loss: 1821.0410
Epoch 61/200, Batch 200, Aver_Loss: 1848.3164
Epoch 61/200, Batch 300, Aver_Loss: 1882.5927
Epoch 61/200, Batch 400, Aver_Loss: 1885.1346
[early-stopping] Epoch 61: new best val ELBO = -1847.657747
Epoch 62/200, Batch 100, Aver_Loss: 1864.1028
Epoch 62/200, Batch 200, Aver_Loss: 1862.7606
Epoch 62/200, Batch 300, Aver_Loss: 1820.8932
Epoch 62/200, Batch 400, Aver_Loss: 1860.9287
[early-stopping] Epoch 62: no improvement (1/20)
Epoch 63/200, Batch 100, Aver_Loss: 1854.8839
Epoch 63/200, Batch 200, Aver_Loss: 1853.8446
Epoch 63/200, Batch 300, Aver_Loss: 1836.9270
Epoch 63/200, Batch 400, Aver_Loss: 1884.3608
[early-stopping] Epoch 63: no improvement (2/20)
Epoch 64/200, Batch 100, Aver_Loss: 1865.7335
Epoch 64/200, Batch 200, Aver_Loss: 1862.9965
Epoch 64/200, Batch 300, Aver_Loss: 1844.9785
Epoch 64/200, Batch 400, Aver_Loss: 1873.3936
[early-stopping] Epoch 64: no improvement (3/20)
Epoch 65/200, Batch 100, Aver_Loss: 1862.1332
Epoch 65/200, Batch 200, Aver_Loss: 1835.7712
Epoch 65/200, Batch 300, Aver_Loss: 1846.9420
Epoch 65/200, Batch 400, Aver_Loss: 1828.8083
[early-stopping] Epoch 65: new best val ELBO = -1847.136947
Epoch 66/200, Batch 100, Aver_Loss: 1852.0242
Epoch 66/200, Batch 200, Aver_Loss: 1853.6080
Epoch 66/200, Batch 300, Aver_Loss: 1881.0779
Epoch 66/200, Batch 400, Aver_Loss: 1861.3387
[early-stopping] Epoch 66: no improvement (1/20)
Epoch 67/200, Batch 100, Aver_Loss: 1876.1027
Epoch 67/200, Batch 200, Aver_Loss: 1879.0956
Epoch 67/200, Batch 300, Aver_Loss: 1835.4152
Epoch 67/200, Batch 400, Aver_Loss: 1871.7028
[early-stopping] Epoch 67: no improvement (2/20)
Epoch 68/200, Batch 100, Aver_Loss: 1857.0043
Epoch 68/200, Batch 200, Aver_Loss: 1862.9347
Epoch 68/200, Batch 300, Aver_Loss: 1854.1792
Epoch 68/200, Batch 400, Aver_Loss: 1854.9490
[early-stopping] Epoch 68: no improvement (3/20)
Epoch 69/200, Batch 100, Aver_Loss: 1845.4158
Epoch 69/200, Batch 200, Aver_Loss: 1849.8872
Epoch 69/200, Batch 300, Aver_Loss: 1827.3080
Epoch 69/200, Batch 400, Aver_Loss: 1843.2355
[early-stopping] Epoch 69: no improvement (4/20)
Epoch 70/200, Batch 100, Aver_Loss: 1811.0120
Epoch 70/200, Batch 200, Aver_Loss: 1826.9099
Epoch 70/200, Batch 300, Aver_Loss: 1862.6904
Epoch 70/200, Batch 400, Aver_Loss: 1828.9353
[early-stopping] Epoch 70: no improvement (5/20)
Epoch 71/200, Batch 100, Aver_Loss: 1849.0505
Epoch 71/200, Batch 200, Aver_Loss: 1833.3813
Epoch 71/200, Batch 300, Aver_Loss: 1834.6035
Epoch 71/200, Batch 400, Aver_Loss: 1865.6660
[early-stopping] Epoch 71: no improvement (6/20)
Epoch 72/200, Batch 100, Aver_Loss: 1860.4131
Epoch 72/200, Batch 200, Aver_Loss: 1852.3259
Epoch 72/200, Batch 300, Aver_Loss: 1870.4648
Epoch 72/200, Batch 400, Aver_Loss: 1841.1406
[early-stopping] Epoch 72: no improvement (7/20)
Epoch 73/200, Batch 100, Aver_Loss: 1856.4512
Epoch 73/200, Batch 200, Aver_Loss: 1860.9194
Epoch 73/200, Batch 300, Aver_Loss: 1822.9645
Epoch 73/200, Batch 400, Aver_Loss: 1825.3467
[early-stopping] Epoch 73: no improvement (8/20)
Epoch 74/200, Batch 100, Aver_Loss: 1838.5583
Epoch 74/200, Batch 200, Aver_Loss: 1828.9423
Epoch 74/200, Batch 300, Aver_Loss: 1861.5081
Epoch 74/200, Batch 400, Aver_Loss: 1835.7831
[early-stopping] Epoch 74: no improvement (9/20)
Epoch 75/200, Batch 100, Aver_Loss: 1864.7223
Epoch 75/200, Batch 200, Aver_Loss: 1848.4408
Epoch 75/200, Batch 300, Aver_Loss: 1868.6353
Epoch 75/200, Batch 400, Aver_Loss: 1867.8268
[early-stopping] Epoch 75: no improvement (10/20)
Epoch 76/200, Batch 100, Aver_Loss: 1852.6285
Epoch 76/200, Batch 200, Aver_Loss: 1815.1676
Epoch 76/200, Batch 300, Aver_Loss: 1838.5162
Epoch 76/200, Batch 400, Aver_Loss: 1820.1903
[early-stopping] Epoch 76: no improvement (11/20)
Epoch 77/200, Batch 100, Aver_Loss: 1867.6069
Epoch 77/200, Batch 200, Aver_Loss: 1829.3311
Epoch 77/200, Batch 300, Aver_Loss: 1809.2117
Epoch 77/200, Batch 400, Aver_Loss: 1853.7640
[early-stopping] Epoch 77: new best val ELBO = -1846.829874
Epoch 78/200, Batch 100, Aver_Loss: 1844.0779
Epoch 78/200, Batch 200, Aver_Loss: 1845.7866
Epoch 78/200, Batch 300, Aver_Loss: 1862.0504
Epoch 78/200, Batch 400, Aver_Loss: 1867.1831
[early-stopping] Epoch 78: no improvement (1/20)
Epoch 79/200, Batch 100, Aver_Loss: 1863.1313
Epoch 79/200, Batch 200, Aver_Loss: 1850.0878
Epoch 79/200, Batch 300, Aver_Loss: 1848.1090
Epoch 79/200, Batch 400, Aver_Loss: 1832.1992
[early-stopping] Epoch 79: no improvement (2/20)
Epoch 80/200, Batch 100, Aver_Loss: 1804.7396
Epoch 80/200, Batch 200, Aver_Loss: 1836.0765
Epoch 80/200, Batch 300, Aver_Loss: 1860.5182
Epoch 80/200, Batch 400, Aver_Loss: 1842.2433
[early-stopping] Epoch 80: no improvement (3/20)
Epoch 81/200, Batch 100, Aver_Loss: 1840.5206
Epoch 81/200, Batch 200, Aver_Loss: 1855.2593
Epoch 81/200, Batch 300, Aver_Loss: 1861.8073
Epoch 81/200, Batch 400, Aver_Loss: 1880.1581
[early-stopping] Epoch 81: no improvement (4/20)
Epoch 82/200, Batch 100, Aver_Loss: 1866.7695
Epoch 82/200, Batch 200, Aver_Loss: 1846.3159
Epoch 82/200, Batch 300, Aver_Loss: 1850.4720
Epoch 82/200, Batch 400, Aver_Loss: 1818.1858
[early-stopping] Epoch 82: no improvement (5/20)
Epoch 83/200, Batch 100, Aver_Loss: 1816.0913
Epoch 83/200, Batch 200, Aver_Loss: 1848.2029
Epoch 83/200, Batch 300, Aver_Loss: 1822.1501
Epoch 83/200, Batch 400, Aver_Loss: 1865.6300
[early-stopping] Epoch 83: no improvement (6/20)
Epoch 84/200, Batch 100, Aver_Loss: 1876.5458
Epoch 84/200, Batch 200, Aver_Loss: 1849.6626
Epoch 84/200, Batch 300, Aver_Loss: 1880.4926
Epoch 84/200, Batch 400, Aver_Loss: 1860.4512
[early-stopping] Epoch 84: no improvement (7/20)
Epoch 85/200, Batch 100, Aver_Loss: 1832.3893
Epoch 85/200, Batch 200, Aver_Loss: 1846.3311
Epoch 85/200, Batch 300, Aver_Loss: 1831.4193
Epoch 85/200, Batch 400, Aver_Loss: 1859.0471
[early-stopping] Epoch 85: new best val ELBO = -1846.627668
Epoch 86/200, Batch 100, Aver_Loss: 1828.4177
Epoch 86/200, Batch 200, Aver_Loss: 1849.8022
Epoch 86/200, Batch 300, Aver_Loss: 1849.7485
Epoch 86/200, Batch 400, Aver_Loss: 1834.1335
[early-stopping] Epoch 86: no improvement (1/20)
Epoch 87/200, Batch 100, Aver_Loss: 1861.4922
Epoch 87/200, Batch 200, Aver_Loss: 1833.5161
Epoch 87/200, Batch 300, Aver_Loss: 1869.2122
Epoch 87/200, Batch 400, Aver_Loss: 1851.3580
[early-stopping] Epoch 87: no improvement (2/20)
Epoch 88/200, Batch 100, Aver_Loss: 1861.0273
Epoch 88/200, Batch 200, Aver_Loss: 1872.6765
Epoch 88/200, Batch 300, Aver_Loss: 1816.4557
Epoch 88/200, Batch 400, Aver_Loss: 1901.5839
[early-stopping] Epoch 88: no improvement (3/20)
Epoch 89/200, Batch 100, Aver_Loss: 1832.2827
Epoch 89/200, Batch 200, Aver_Loss: 1853.4913
Epoch 89/200, Batch 300, Aver_Loss: 1835.5725
Epoch 89/200, Batch 400, Aver_Loss: 1873.2341
[early-stopping] Epoch 89: no improvement (4/20)
Epoch 90/200, Batch 100, Aver_Loss: 1853.8843
Epoch 90/200, Batch 200, Aver_Loss: 1818.3234
Epoch 90/200, Batch 300, Aver_Loss: 1834.5825
Epoch 90/200, Batch 400, Aver_Loss: 1800.7239
[early-stopping] Epoch 90: new best val ELBO = -1846.444055
Epoch 91/200, Batch 100, Aver_Loss: 1862.6340
Epoch 91/200, Batch 200, Aver_Loss: 1889.1129
Epoch 91/200, Batch 300, Aver_Loss: 1847.5533
Epoch 91/200, Batch 400, Aver_Loss: 1884.8496
[early-stopping] Epoch 91: no improvement (1/20)
Epoch 92/200, Batch 100, Aver_Loss: 1849.3516
Epoch 92/200, Batch 200, Aver_Loss: 1855.0834
Epoch 92/200, Batch 300, Aver_Loss: 1839.1610
Epoch 92/200, Batch 400, Aver_Loss: 1875.6862
[early-stopping] Epoch 92: no improvement (2/20)
Epoch 93/200, Batch 100, Aver_Loss: 1872.5520
Epoch 93/200, Batch 200, Aver_Loss: 1840.9226
Epoch 93/200, Batch 300, Aver_Loss: 1838.4415
Epoch 93/200, Batch 400, Aver_Loss: 1824.6152
[early-stopping] Epoch 93: no improvement (3/20)
Epoch 94/200, Batch 100, Aver_Loss: 1849.8214
Epoch 94/200, Batch 200, Aver_Loss: 1874.0154
Epoch 94/200, Batch 300, Aver_Loss: 1859.9365
Epoch 94/200, Batch 400, Aver_Loss: 1803.9833
[early-stopping] Epoch 94: no improvement (4/20)
Epoch 95/200, Batch 100, Aver_Loss: 1846.0851
Epoch 95/200, Batch 200, Aver_Loss: 1798.5319
Epoch 95/200, Batch 300, Aver_Loss: 1842.0859
Epoch 95/200, Batch 400, Aver_Loss: 1782.2760
[early-stopping] Epoch 95: no improvement (5/20)
Epoch 96/200, Batch 100, Aver_Loss: 1827.5570
Epoch 96/200, Batch 200, Aver_Loss: 1875.5815
Epoch 96/200, Batch 300, Aver_Loss: 1843.0050
Epoch 96/200, Batch 400, Aver_Loss: 1804.6274
[early-stopping] Epoch 96: no improvement (6/20)
Epoch 97/200, Batch 100, Aver_Loss: 1855.1517
Epoch 97/200, Batch 200, Aver_Loss: 1807.7313
Epoch 97/200, Batch 300, Aver_Loss: 1844.6631
Epoch 97/200, Batch 400, Aver_Loss: 1843.3097
[early-stopping] Epoch 97: no improvement (7/20)
Epoch 98/200, Batch 100, Aver_Loss: 1874.7764
Epoch 98/200, Batch 200, Aver_Loss: 1852.3201
Epoch 98/200, Batch 300, Aver_Loss: 1825.0939
Epoch 98/200, Batch 400, Aver_Loss: 1855.5549
[early-stopping] Epoch 98: no improvement (8/20)
Epoch 99/200, Batch 100, Aver_Loss: 1844.4341
Epoch 99/200, Batch 200, Aver_Loss: 1836.7620
Epoch 99/200, Batch 300, Aver_Loss: 1889.8639
Epoch 99/200, Batch 400, Aver_Loss: 1845.1892
[early-stopping] Epoch 99: no improvement (9/20)
Epoch 100/200, Batch 100, Aver_Loss: 1868.9917
Epoch 100/200, Batch 200, Aver_Loss: 1863.4315
Epoch 100/200, Batch 300, Aver_Loss: 1806.3456
Epoch 100/200, Batch 400, Aver_Loss: 1888.1176
[early-stopping] Epoch 100: no improvement (10/20)
Epoch 101/200, Batch 100, Aver_Loss: 1880.5024
Epoch 101/200, Batch 200, Aver_Loss: 1879.3116
Epoch 101/200, Batch 300, Aver_Loss: 1825.8846
Epoch 101/200, Batch 400, Aver_Loss: 1857.3220
[early-stopping] Epoch 101: no improvement (11/20)
Epoch 102/200, Batch 100, Aver_Loss: 1865.9757
Epoch 102/200, Batch 200, Aver_Loss: 1834.8422
Epoch 102/200, Batch 300, Aver_Loss: 1890.7684
Epoch 102/200, Batch 400, Aver_Loss: 1871.7936
[early-stopping] Epoch 102: no improvement (12/20)
Epoch 103/200, Batch 100, Aver_Loss: 1830.6151
Epoch 103/200, Batch 200, Aver_Loss: 1844.1614
Epoch 103/200, Batch 300, Aver_Loss: 1860.9967
Epoch 103/200, Batch 400, Aver_Loss: 1846.7871
[early-stopping] Epoch 103: no improvement (13/20)
Epoch 104/200, Batch 100, Aver_Loss: 1874.5968
Epoch 104/200, Batch 200, Aver_Loss: 1831.4247
Epoch 104/200, Batch 300, Aver_Loss: 1843.4165
Epoch 104/200, Batch 400, Aver_Loss: 1834.8092
[early-stopping] Epoch 104: no improvement (14/20)
Epoch 105/200, Batch 100, Aver_Loss: 1892.4401
Epoch 105/200, Batch 200, Aver_Loss: 1860.9001
Epoch 105/200, Batch 300, Aver_Loss: 1844.9070
Epoch 105/200, Batch 400, Aver_Loss: 1850.7625
[early-stopping] Epoch 105: new best val ELBO = -1846.296511
Epoch 106/200, Batch 100, Aver_Loss: 1838.7896
Epoch 106/200, Batch 200, Aver_Loss: 1896.6213
Epoch 106/200, Batch 300, Aver_Loss: 1889.2843
Epoch 106/200, Batch 400, Aver_Loss: 1841.6782
[early-stopping] Epoch 106: new best val ELBO = -1845.969052
Epoch 107/200, Batch 100, Aver_Loss: 1863.9656
Epoch 107/200, Batch 200, Aver_Loss: 1870.7396
Epoch 107/200, Batch 300, Aver_Loss: 1851.8165
Epoch 107/200, Batch 400, Aver_Loss: 1872.6929
[early-stopping] Epoch 107: no improvement (1/20)
Epoch 108/200, Batch 100, Aver_Loss: 1854.2914
Epoch 108/200, Batch 200, Aver_Loss: 1836.6759
Epoch 108/200, Batch 300, Aver_Loss: 1837.4851
Epoch 108/200, Batch 400, Aver_Loss: 1857.3611
[early-stopping] Epoch 108: no improvement (2/20)
Epoch 109/200, Batch 100, Aver_Loss: 1842.7405
Epoch 109/200, Batch 200, Aver_Loss: 1824.5310
Epoch 109/200, Batch 300, Aver_Loss: 1820.8278
Epoch 109/200, Batch 400, Aver_Loss: 1851.7863
[early-stopping] Epoch 109: no improvement (3/20)
Epoch 110/200, Batch 100, Aver_Loss: 1847.7778
Epoch 110/200, Batch 200, Aver_Loss: 1834.5859
Epoch 110/200, Batch 300, Aver_Loss: 1845.3724
Epoch 110/200, Batch 400, Aver_Loss: 1858.0972
[early-stopping] Epoch 110: no improvement (4/20)
Epoch 111/200, Batch 100, Aver_Loss: 1864.2518
Epoch 111/200, Batch 200, Aver_Loss: 1822.1101
Epoch 111/200, Batch 300, Aver_Loss: 1808.3806
Epoch 111/200, Batch 400, Aver_Loss: 1866.6172
[early-stopping] Epoch 111: no improvement (5/20)
Epoch 112/200, Batch 100, Aver_Loss: 1848.0101
Epoch 112/200, Batch 200, Aver_Loss: 1842.1686
Epoch 112/200, Batch 300, Aver_Loss: 1827.8049
Epoch 112/200, Batch 400, Aver_Loss: 1865.0963
[early-stopping] Epoch 112: no improvement (6/20)
Epoch 113/200, Batch 100, Aver_Loss: 1809.3834
Epoch 113/200, Batch 200, Aver_Loss: 1834.8573
Epoch 113/200, Batch 300, Aver_Loss: 1846.5692
Epoch 113/200, Batch 400, Aver_Loss: 1830.4419
[early-stopping] Epoch 113: no improvement (7/20)
Epoch 114/200, Batch 100, Aver_Loss: 1840.0291
Epoch 114/200, Batch 200, Aver_Loss: 1829.9940
Epoch 114/200, Batch 300, Aver_Loss: 1823.7552
Epoch 114/200, Batch 400, Aver_Loss: 1870.9976
[early-stopping] Epoch 114: no improvement (8/20)
Epoch 115/200, Batch 100, Aver_Loss: 1838.1509
Epoch 115/200, Batch 200, Aver_Loss: 1830.3818
Epoch 115/200, Batch 300, Aver_Loss: 1875.4210
Epoch 115/200, Batch 400, Aver_Loss: 1844.8494
[early-stopping] Epoch 115: no improvement (9/20)
Epoch 116/200, Batch 100, Aver_Loss: 1819.4312
Epoch 116/200, Batch 200, Aver_Loss: 1817.6743
Epoch 116/200, Batch 300, Aver_Loss: 1841.5939
Epoch 116/200, Batch 400, Aver_Loss: 1894.0386
[early-stopping] Epoch 116: no improvement (10/20)
Epoch 117/200, Batch 100, Aver_Loss: 1849.1884
Epoch 117/200, Batch 200, Aver_Loss: 1853.4805
Epoch 117/200, Batch 300, Aver_Loss: 1839.0093
Epoch 117/200, Batch 400, Aver_Loss: 1835.9205
[early-stopping] Epoch 117: no improvement (11/20)
Epoch 118/200, Batch 100, Aver_Loss: 1848.7039
Epoch 118/200, Batch 200, Aver_Loss: 1826.2039
Epoch 118/200, Batch 300, Aver_Loss: 1848.7278
Epoch 118/200, Batch 400, Aver_Loss: 1823.0018
[early-stopping] Epoch 118: no improvement (12/20)
Epoch 119/200, Batch 100, Aver_Loss: 1898.5581
Epoch 119/200, Batch 200, Aver_Loss: 1810.0293
Epoch 119/200, Batch 300, Aver_Loss: 1815.4214
Epoch 119/200, Batch 400, Aver_Loss: 1795.3698
[early-stopping] Epoch 119: no improvement (13/20)
Epoch 120/200, Batch 100, Aver_Loss: 1829.1886
Epoch 120/200, Batch 200, Aver_Loss: 1819.2476
Epoch 120/200, Batch 300, Aver_Loss: 1853.0626
Epoch 120/200, Batch 400, Aver_Loss: 1843.5229
[early-stopping] Epoch 120: new best val ELBO = -1845.823931
Epoch 121/200, Batch 100, Aver_Loss: 1835.6587
Epoch 121/200, Batch 200, Aver_Loss: 1865.5876
Epoch 121/200, Batch 300, Aver_Loss: 1850.4918
Epoch 121/200, Batch 400, Aver_Loss: 1819.4746
[early-stopping] Epoch 121: no improvement (1/20)
Epoch 122/200, Batch 100, Aver_Loss: 1845.2661
Epoch 122/200, Batch 200, Aver_Loss: 1875.7328
Epoch 122/200, Batch 300, Aver_Loss: 1830.8054
Epoch 122/200, Batch 400, Aver_Loss: 1882.1564
[early-stopping] Epoch 122: no improvement (2/20)
Epoch 123/200, Batch 100, Aver_Loss: 1847.0889
Epoch 123/200, Batch 200, Aver_Loss: 1849.0995
Epoch 123/200, Batch 300, Aver_Loss: 1863.3549
Epoch 123/200, Batch 400, Aver_Loss: 1863.3667
[early-stopping] Epoch 123: no improvement (3/20)
Epoch 124/200, Batch 100, Aver_Loss: 1846.4209
Epoch 124/200, Batch 200, Aver_Loss: 1848.3395
Epoch 124/200, Batch 300, Aver_Loss: 1850.6598
Epoch 124/200, Batch 400, Aver_Loss: 1823.0062
[early-stopping] Epoch 124: no improvement (4/20)
Epoch 125/200, Batch 100, Aver_Loss: 1864.5991
Epoch 125/200, Batch 200, Aver_Loss: 1878.3680
Epoch 125/200, Batch 300, Aver_Loss: 1854.4081
Epoch 125/200, Batch 400, Aver_Loss: 1841.0609
[early-stopping] Epoch 125: no improvement (5/20)
Epoch 126/200, Batch 100, Aver_Loss: 1851.7397
Epoch 126/200, Batch 200, Aver_Loss: 1861.9800
Epoch 126/200, Batch 300, Aver_Loss: 1897.3630
Epoch 126/200, Batch 400, Aver_Loss: 1852.2932
[early-stopping] Epoch 126: no improvement (6/20)
Epoch 127/200, Batch 100, Aver_Loss: 1843.6927
Epoch 127/200, Batch 200, Aver_Loss: 1828.7997
Epoch 127/200, Batch 300, Aver_Loss: 1831.2974
Epoch 127/200, Batch 400, Aver_Loss: 1865.8069
[early-stopping] Epoch 127: no improvement (7/20)
Epoch 128/200, Batch 100, Aver_Loss: 1880.8737
Epoch 128/200, Batch 200, Aver_Loss: 1878.2743
Epoch 128/200, Batch 300, Aver_Loss: 1837.1815
Epoch 128/200, Batch 400, Aver_Loss: 1809.3466
[early-stopping] Epoch 128: no improvement (8/20)
Epoch 129/200, Batch 100, Aver_Loss: 1860.3848
Epoch 129/200, Batch 200, Aver_Loss: 1829.5640
Epoch 129/200, Batch 300, Aver_Loss: 1833.7848
Epoch 129/200, Batch 400, Aver_Loss: 1848.5885
[early-stopping] Epoch 129: no improvement (9/20)
Epoch 130/200, Batch 100, Aver_Loss: 1842.3612
Epoch 130/200, Batch 200, Aver_Loss: 1813.0977
Epoch 130/200, Batch 300, Aver_Loss: 1853.4108
Epoch 130/200, Batch 400, Aver_Loss: 1846.6646
[early-stopping] Epoch 130: no improvement (10/20)
Epoch 131/200, Batch 100, Aver_Loss: 1828.4471
Epoch 131/200, Batch 200, Aver_Loss: 1872.1871
Epoch 131/200, Batch 300, Aver_Loss: 1841.2190
Epoch 131/200, Batch 400, Aver_Loss: 1814.5079
[early-stopping] Epoch 131: no improvement (11/20)
Epoch 132/200, Batch 100, Aver_Loss: 1817.8895
Epoch 132/200, Batch 200, Aver_Loss: 1846.5481
Epoch 132/200, Batch 300, Aver_Loss: 1834.9395
Epoch 132/200, Batch 400, Aver_Loss: 1840.1581
[early-stopping] Epoch 132: no improvement (12/20)
Epoch 133/200, Batch 100, Aver_Loss: 1869.8132
Epoch 133/200, Batch 200, Aver_Loss: 1842.9053
Epoch 133/200, Batch 300, Aver_Loss: 1870.7932
Epoch 133/200, Batch 400, Aver_Loss: 1843.4626
[early-stopping] Epoch 133: no improvement (13/20)
Epoch 134/200, Batch 100, Aver_Loss: 1870.4818
Epoch 134/200, Batch 200, Aver_Loss: 1806.1525
Epoch 134/200, Batch 300, Aver_Loss: 1842.9470
Epoch 134/200, Batch 400, Aver_Loss: 1855.5093
[early-stopping] Epoch 134: no improvement (14/20)
Epoch 135/200, Batch 100, Aver_Loss: 1826.0938
Epoch 135/200, Batch 200, Aver_Loss: 1810.9498
Epoch 135/200, Batch 300, Aver_Loss: 1894.2496
Epoch 135/200, Batch 400, Aver_Loss: 1867.2134
[early-stopping] Epoch 135: new best val ELBO = -1845.777756
Epoch 136/200, Batch 100, Aver_Loss: 1807.0815
Epoch 136/200, Batch 200, Aver_Loss: 1826.2625
Epoch 136/200, Batch 300, Aver_Loss: 1837.7412
Epoch 136/200, Batch 400, Aver_Loss: 1868.8878
[early-stopping] Epoch 136: no improvement (1/20)
Epoch 137/200, Batch 100, Aver_Loss: 1872.2312
Epoch 137/200, Batch 200, Aver_Loss: 1863.3832
Epoch 137/200, Batch 300, Aver_Loss: 1855.3800
Epoch 137/200, Batch 400, Aver_Loss: 1866.2299
[early-stopping] Epoch 137: no improvement (2/20)
Epoch 138/200, Batch 100, Aver_Loss: 1853.3756
Epoch 138/200, Batch 200, Aver_Loss: 1841.3193
Epoch 138/200, Batch 300, Aver_Loss: 1805.7803
Epoch 138/200, Batch 400, Aver_Loss: 1832.6676
[early-stopping] Epoch 138: no improvement (3/20)
Epoch 139/200, Batch 100, Aver_Loss: 1852.7040
Epoch 139/200, Batch 200, Aver_Loss: 1868.5764
Epoch 139/200, Batch 300, Aver_Loss: 1875.6838
Epoch 139/200, Batch 400, Aver_Loss: 1874.9348
[early-stopping] Epoch 139: no improvement (4/20)
Epoch 140/200, Batch 100, Aver_Loss: 1826.6263
Epoch 140/200, Batch 200, Aver_Loss: 1833.7200
Epoch 140/200, Batch 300, Aver_Loss: 1851.4159
Epoch 140/200, Batch 400, Aver_Loss: 1864.1971
[early-stopping] Epoch 140: no improvement (5/20)
Epoch 141/200, Batch 100, Aver_Loss: 1840.3156
Epoch 141/200, Batch 200, Aver_Loss: 1857.7489
Epoch 141/200, Batch 300, Aver_Loss: 1854.4414
Epoch 141/200, Batch 400, Aver_Loss: 1871.9198
[early-stopping] Epoch 141: no improvement (6/20)
Epoch 142/200, Batch 100, Aver_Loss: 1839.1912
Epoch 142/200, Batch 200, Aver_Loss: 1857.0248
Epoch 142/200, Batch 300, Aver_Loss: 1864.4952
Epoch 142/200, Batch 400, Aver_Loss: 1845.1428
[early-stopping] Epoch 142: new best val ELBO = -1845.668466
Epoch 143/200, Batch 100, Aver_Loss: 1843.7037
Epoch 143/200, Batch 200, Aver_Loss: 1846.8971
Epoch 143/200, Batch 300, Aver_Loss: 1849.4048
Epoch 143/200, Batch 400, Aver_Loss: 1848.2565
[early-stopping] Epoch 143: no improvement (1/20)
Epoch 144/200, Batch 100, Aver_Loss: 1841.9321
Epoch 144/200, Batch 200, Aver_Loss: 1835.4006
Epoch 144/200, Batch 300, Aver_Loss: 1856.6256
Epoch 144/200, Batch 400, Aver_Loss: 1834.0442
[early-stopping] Epoch 144: no improvement (2/20)
Epoch 145/200, Batch 100, Aver_Loss: 1857.2820
Epoch 145/200, Batch 200, Aver_Loss: 1840.0892
Epoch 145/200, Batch 300, Aver_Loss: 1893.7792
Epoch 145/200, Batch 400, Aver_Loss: 1869.9319
[early-stopping] Epoch 145: no improvement (3/20)
Epoch 146/200, Batch 100, Aver_Loss: 1877.4951
Epoch 146/200, Batch 200, Aver_Loss: 1854.3500
Epoch 146/200, Batch 300, Aver_Loss: 1863.9622
Epoch 146/200, Batch 400, Aver_Loss: 1818.7948
[early-stopping] Epoch 146: no improvement (4/20)
Epoch 147/200, Batch 100, Aver_Loss: 1833.6562
Epoch 147/200, Batch 200, Aver_Loss: 1872.1626
Epoch 147/200, Batch 300, Aver_Loss: 1803.1409
Epoch 147/200, Batch 400, Aver_Loss: 1882.0369
[early-stopping] Epoch 147: no improvement (5/20)
Epoch 148/200, Batch 100, Aver_Loss: 1867.0720
Epoch 148/200, Batch 200, Aver_Loss: 1860.1556
Epoch 148/200, Batch 300, Aver_Loss: 1858.2596
Epoch 148/200, Batch 400, Aver_Loss: 1843.0519
[early-stopping] Epoch 148: new best val ELBO = -1845.369054
Epoch 149/200, Batch 100, Aver_Loss: 1852.4147
Epoch 149/200, Batch 200, Aver_Loss: 1796.6367
Epoch 149/200, Batch 300, Aver_Loss: 1827.9890
Epoch 149/200, Batch 400, Aver_Loss: 1817.0436
[early-stopping] Epoch 149: no improvement (1/20)
Epoch 150/200, Batch 100, Aver_Loss: 1882.0160
Epoch 150/200, Batch 200, Aver_Loss: 1872.6569
Epoch 150/200, Batch 300, Aver_Loss: 1844.1198
Epoch 150/200, Batch 400, Aver_Loss: 1836.6456
[early-stopping] Epoch 150: new best val ELBO = -1845.269839
Epoch 151/200, Batch 100, Aver_Loss: 1864.1993
Epoch 151/200, Batch 200, Aver_Loss: 1835.9979
Epoch 151/200, Batch 300, Aver_Loss: 1846.4468
Epoch 151/200, Batch 400, Aver_Loss: 1860.7126
[early-stopping] Epoch 151: no improvement (1/20)
Epoch 152/200, Batch 100, Aver_Loss: 1871.8623
Epoch 152/200, Batch 200, Aver_Loss: 1868.4166
Epoch 152/200, Batch 300, Aver_Loss: 1865.5195
Epoch 152/200, Batch 400, Aver_Loss: 1853.2472
[early-stopping] Epoch 152: no improvement (2/20)
Epoch 153/200, Batch 100, Aver_Loss: 1865.1068
Epoch 153/200, Batch 200, Aver_Loss: 1856.9503
Epoch 153/200, Batch 300, Aver_Loss: 1862.6206
Epoch 153/200, Batch 400, Aver_Loss: 1797.2992
[early-stopping] Epoch 153: no improvement (3/20)
Epoch 154/200, Batch 100, Aver_Loss: 1872.9447
Epoch 154/200, Batch 200, Aver_Loss: 1869.3533
Epoch 154/200, Batch 300, Aver_Loss: 1827.0492
Epoch 154/200, Batch 400, Aver_Loss: 1845.2222
[early-stopping] Epoch 154: no improvement (4/20)
Epoch 155/200, Batch 100, Aver_Loss: 1862.3551
Epoch 155/200, Batch 200, Aver_Loss: 1831.8394
Epoch 155/200, Batch 300, Aver_Loss: 1842.7480
Epoch 155/200, Batch 400, Aver_Loss: 1825.3368
[early-stopping] Epoch 155: no improvement (5/20)
Epoch 156/200, Batch 100, Aver_Loss: 1850.2515
Epoch 156/200, Batch 200, Aver_Loss: 1839.4639
Epoch 156/200, Batch 300, Aver_Loss: 1868.8037
Epoch 156/200, Batch 400, Aver_Loss: 1870.6262
[early-stopping] Epoch 156: no improvement (6/20)
Epoch 157/200, Batch 100, Aver_Loss: 1826.2388
Epoch 157/200, Batch 200, Aver_Loss: 1854.2576
Epoch 157/200, Batch 300, Aver_Loss: 1847.2977
Epoch 157/200, Batch 400, Aver_Loss: 1829.1057
[early-stopping] Epoch 157: new best val ELBO = -1845.241482
Epoch 158/200, Batch 100, Aver_Loss: 1869.9120
Epoch 158/200, Batch 200, Aver_Loss: 1863.2732
Epoch 158/200, Batch 300, Aver_Loss: 1873.3690
Epoch 158/200, Batch 400, Aver_Loss: 1861.4503
[early-stopping] Epoch 158: no improvement (1/20)
Epoch 159/200, Batch 100, Aver_Loss: 1819.7373
Epoch 159/200, Batch 200, Aver_Loss: 1849.8016
Epoch 159/200, Batch 300, Aver_Loss: 1862.7941
Epoch 159/200, Batch 400, Aver_Loss: 1851.5786
[early-stopping] Epoch 159: no improvement (2/20)
Epoch 160/200, Batch 100, Aver_Loss: 1814.4553
Epoch 160/200, Batch 200, Aver_Loss: 1858.4883
Epoch 160/200, Batch 300, Aver_Loss: 1854.4170
Epoch 160/200, Batch 400, Aver_Loss: 1887.3160
[early-stopping] Epoch 160: no improvement (3/20)
Epoch 161/200, Batch 100, Aver_Loss: 1859.1016
Epoch 161/200, Batch 200, Aver_Loss: 1861.0626
Epoch 161/200, Batch 300, Aver_Loss: 1856.3389
Epoch 161/200, Batch 400, Aver_Loss: 1833.4912
[early-stopping] Epoch 161: no improvement (4/20)
Epoch 162/200, Batch 100, Aver_Loss: 1859.2395
Epoch 162/200, Batch 200, Aver_Loss: 1828.3864
Epoch 162/200, Batch 300, Aver_Loss: 1844.3798
Epoch 162/200, Batch 400, Aver_Loss: 1818.6692
[early-stopping] Epoch 162: no improvement (5/20)
Epoch 163/200, Batch 100, Aver_Loss: 1849.6060
Epoch 163/200, Batch 200, Aver_Loss: 1835.0258
Epoch 163/200, Batch 300, Aver_Loss: 1851.1370
Epoch 163/200, Batch 400, Aver_Loss: 1833.4596
[early-stopping] Epoch 163: no improvement (6/20)
Epoch 164/200, Batch 100, Aver_Loss: 1837.4332
Epoch 164/200, Batch 200, Aver_Loss: 1825.4170
Epoch 164/200, Batch 300, Aver_Loss: 1856.8245
Epoch 164/200, Batch 400, Aver_Loss: 1859.3572
[early-stopping] Epoch 164: no improvement (7/20)
Epoch 165/200, Batch 100, Aver_Loss: 1857.2832
Epoch 165/200, Batch 200, Aver_Loss: 1798.6414
Epoch 165/200, Batch 300, Aver_Loss: 1846.6620
Epoch 165/200, Batch 400, Aver_Loss: 1858.1436
[early-stopping] Epoch 165: no improvement (8/20)
Epoch 166/200, Batch 100, Aver_Loss: 1887.0634
Epoch 166/200, Batch 200, Aver_Loss: 1843.0449
Epoch 166/200, Batch 300, Aver_Loss: 1787.6439
Epoch 166/200, Batch 400, Aver_Loss: 1826.0443
[early-stopping] Epoch 166: no improvement (9/20)
Epoch 167/200, Batch 100, Aver_Loss: 1831.1787
Epoch 167/200, Batch 200, Aver_Loss: 1877.9598
Epoch 167/200, Batch 300, Aver_Loss: 1826.0009
Epoch 167/200, Batch 400, Aver_Loss: 1824.8953
[early-stopping] Epoch 167: no improvement (10/20)
Epoch 168/200, Batch 100, Aver_Loss: 1843.0737
Epoch 168/200, Batch 200, Aver_Loss: 1800.6580
Epoch 168/200, Batch 300, Aver_Loss: 1856.2786
Epoch 168/200, Batch 400, Aver_Loss: 1833.1045
[early-stopping] Epoch 168: no improvement (11/20)
Epoch 169/200, Batch 100, Aver_Loss: 1861.7446
Epoch 169/200, Batch 200, Aver_Loss: 1856.2515
Epoch 169/200, Batch 300, Aver_Loss: 1856.7231
Epoch 169/200, Batch 400, Aver_Loss: 1842.5001
[early-stopping] Epoch 169: no improvement (12/20)
Epoch 170/200, Batch 100, Aver_Loss: 1877.3331
Epoch 170/200, Batch 200, Aver_Loss: 1859.1791
Epoch 170/200, Batch 300, Aver_Loss: 1862.8948
Epoch 170/200, Batch 400, Aver_Loss: 1887.9968
[early-stopping] Epoch 170: no improvement (13/20)
Epoch 171/200, Batch 100, Aver_Loss: 1825.7609
Epoch 171/200, Batch 200, Aver_Loss: 1836.5775
Epoch 171/200, Batch 300, Aver_Loss: 1833.5076
Epoch 171/200, Batch 400, Aver_Loss: 1845.9249
[early-stopping] Epoch 171: no improvement (14/20)
Epoch 172/200, Batch 100, Aver_Loss: 1851.0432
Epoch 172/200, Batch 200, Aver_Loss: 1843.0978
Epoch 172/200, Batch 300, Aver_Loss: 1833.6124
Epoch 172/200, Batch 400, Aver_Loss: 1875.7837
[early-stopping] Epoch 172: no improvement (15/20)
Epoch 173/200, Batch 100, Aver_Loss: 1863.2122
Epoch 173/200, Batch 200, Aver_Loss: 1818.5380
Epoch 173/200, Batch 300, Aver_Loss: 1844.9135
Epoch 173/200, Batch 400, Aver_Loss: 1876.0757
[early-stopping] Epoch 173: no improvement (16/20)
Epoch 174/200, Batch 100, Aver_Loss: 1843.7654
Epoch 174/200, Batch 200, Aver_Loss: 1841.3589
Epoch 174/200, Batch 300, Aver_Loss: 1831.7039
Epoch 174/200, Batch 400, Aver_Loss: 1813.0469
[early-stopping] Epoch 174: no improvement (17/20)
Epoch 175/200, Batch 100, Aver_Loss: 1827.8993
Epoch 175/200, Batch 200, Aver_Loss: 1856.8467
Epoch 175/200, Batch 300, Aver_Loss: 1861.8433
Epoch 175/200, Batch 400, Aver_Loss: 1857.5295
[early-stopping] Epoch 175: no improvement (18/20)
Epoch 176/200, Batch 100, Aver_Loss: 1849.4204
Epoch 176/200, Batch 200, Aver_Loss: 1848.1040
Epoch 176/200, Batch 300, Aver_Loss: 1850.7583
Epoch 176/200, Batch 400, Aver_Loss: 1863.4064
[early-stopping] Epoch 176: no improvement (19/20)
Epoch 177/200, Batch 100, Aver_Loss: 1863.0203
Epoch 177/200, Batch 200, Aver_Loss: 1817.1641
Epoch 177/200, Batch 300, Aver_Loss: 1851.9393
Epoch 177/200, Batch 400, Aver_Loss: 1893.4451
[early-stopping] Epoch 177: new best val ELBO = -1844.756011
Epoch 178/200, Batch 100, Aver_Loss: 1841.2061
Epoch 178/200, Batch 200, Aver_Loss: 1860.9504
Epoch 178/200, Batch 300, Aver_Loss: 1876.6775
Epoch 178/200, Batch 400, Aver_Loss: 1866.3488
[early-stopping] Epoch 178: no improvement (1/20)
Epoch 179/200, Batch 100, Aver_Loss: 1842.2017
Epoch 179/200, Batch 200, Aver_Loss: 1862.2478
Epoch 179/200, Batch 300, Aver_Loss: 1845.1616
Epoch 179/200, Batch 400, Aver_Loss: 1823.0164
[early-stopping] Epoch 179: no improvement (2/20)
Epoch 180/200, Batch 100, Aver_Loss: 1816.6570
Epoch 180/200, Batch 200, Aver_Loss: 1824.1298
Epoch 180/200, Batch 300, Aver_Loss: 1870.9540
Epoch 180/200, Batch 400, Aver_Loss: 1846.6456
[early-stopping] Epoch 180: no improvement (3/20)
Epoch 181/200, Batch 100, Aver_Loss: 1873.8557
Epoch 181/200, Batch 200, Aver_Loss: 1848.1725
Epoch 181/200, Batch 300, Aver_Loss: 1819.6373
Epoch 181/200, Batch 400, Aver_Loss: 1806.5515
[early-stopping] Epoch 181: no improvement (4/20)
Epoch 182/200, Batch 100, Aver_Loss: 1822.7106
Epoch 182/200, Batch 200, Aver_Loss: 1790.4622
Epoch 182/200, Batch 300, Aver_Loss: 1802.7686
Epoch 182/200, Batch 400, Aver_Loss: 1843.8315
[early-stopping] Epoch 182: no improvement (5/20)
Epoch 183/200, Batch 100, Aver_Loss: 1889.7875
Epoch 183/200, Batch 200, Aver_Loss: 1856.2018
Epoch 183/200, Batch 300, Aver_Loss: 1850.5308
Epoch 183/200, Batch 400, Aver_Loss: 1833.2743
[early-stopping] Epoch 183: no improvement (6/20)
Epoch 184/200, Batch 100, Aver_Loss: 1864.8754
Epoch 184/200, Batch 200, Aver_Loss: 1799.1133
Epoch 184/200, Batch 300, Aver_Loss: 1804.7300
Epoch 184/200, Batch 400, Aver_Loss: 1867.9119
[early-stopping] Epoch 184: no improvement (7/20)
Epoch 185/200, Batch 100, Aver_Loss: 1833.8231
Epoch 185/200, Batch 200, Aver_Loss: 1824.9567
Epoch 185/200, Batch 300, Aver_Loss: 1819.6211
Epoch 185/200, Batch 400, Aver_Loss: 1840.2756
[early-stopping] Epoch 185: no improvement (8/20)
Epoch 186/200, Batch 100, Aver_Loss: 1817.1821
Epoch 186/200, Batch 200, Aver_Loss: 1844.4213
Epoch 186/200, Batch 300, Aver_Loss: 1824.9175
Epoch 186/200, Batch 400, Aver_Loss: 1849.3192
[early-stopping] Epoch 186: no improvement (9/20)
Epoch 187/200, Batch 100, Aver_Loss: 1844.0586
Epoch 187/200, Batch 200, Aver_Loss: 1824.0251
Epoch 187/200, Batch 300, Aver_Loss: 1852.8149
Epoch 187/200, Batch 400, Aver_Loss: 1858.3939
[early-stopping] Epoch 187: no improvement (10/20)
Epoch 188/200, Batch 100, Aver_Loss: 1849.5002
Epoch 188/200, Batch 200, Aver_Loss: 1823.4095
Epoch 188/200, Batch 300, Aver_Loss: 1846.3518
Epoch 188/200, Batch 400, Aver_Loss: 1816.4774
[early-stopping] Epoch 188: no improvement (11/20)
Epoch 189/200, Batch 100, Aver_Loss: 1867.1960
Epoch 189/200, Batch 200, Aver_Loss: 1844.1439
Epoch 189/200, Batch 300, Aver_Loss: 1871.3943
Epoch 189/200, Batch 400, Aver_Loss: 1851.1541
[early-stopping] Epoch 189: no improvement (12/20)
Epoch 190/200, Batch 100, Aver_Loss: 1857.2213
Epoch 190/200, Batch 200, Aver_Loss: 1843.0804
Epoch 190/200, Batch 300, Aver_Loss: 1868.2195
Epoch 190/200, Batch 400, Aver_Loss: 1840.5962
[early-stopping] Epoch 190: no improvement (13/20)
Epoch 191/200, Batch 100, Aver_Loss: 1849.6986
Epoch 191/200, Batch 200, Aver_Loss: 1877.7333
Epoch 191/200, Batch 300, Aver_Loss: 1839.0660
Epoch 191/200, Batch 400, Aver_Loss: 1852.1995
[early-stopping] Epoch 191: no improvement (14/20)
Epoch 192/200, Batch 100, Aver_Loss: 1876.1652
Epoch 192/200, Batch 200, Aver_Loss: 1853.8411
Epoch 192/200, Batch 300, Aver_Loss: 1860.2479
Epoch 192/200, Batch 400, Aver_Loss: 1836.8843
[early-stopping] Epoch 192: new best val ELBO = -1844.265842
Epoch 193/200, Batch 100, Aver_Loss: 1791.9816
Epoch 193/200, Batch 200, Aver_Loss: 1848.4777
Epoch 193/200, Batch 300, Aver_Loss: 1853.1460
Epoch 193/200, Batch 400, Aver_Loss: 1874.7776
[early-stopping] Epoch 193: no improvement (1/20)
Epoch 194/200, Batch 100, Aver_Loss: 1879.6453
Epoch 194/200, Batch 200, Aver_Loss: 1832.5281
Epoch 194/200, Batch 300, Aver_Loss: 1896.4216
Epoch 194/200, Batch 400, Aver_Loss: 1868.4258
[early-stopping] Epoch 194: no improvement (2/20)
Epoch 195/200, Batch 100, Aver_Loss: 1833.3032
Epoch 195/200, Batch 200, Aver_Loss: 1854.9216
Epoch 195/200, Batch 300, Aver_Loss: 1853.3804
Epoch 195/200, Batch 400, Aver_Loss: 1864.7104
[early-stopping] Epoch 195: no improvement (3/20)
Epoch 196/200, Batch 100, Aver_Loss: 1863.2980
Epoch 196/200, Batch 200, Aver_Loss: 1852.5768
Epoch 196/200, Batch 300, Aver_Loss: 1832.2834
Epoch 196/200, Batch 400, Aver_Loss: 1858.9338
[early-stopping] Epoch 196: no improvement (4/20)
Epoch 197/200, Batch 100, Aver_Loss: 1867.1826
Epoch 197/200, Batch 200, Aver_Loss: 1845.2168
Epoch 197/200, Batch 300, Aver_Loss: 1850.3892
Epoch 197/200, Batch 400, Aver_Loss: 1856.9418
[early-stopping] Epoch 197: no improvement (5/20)
Epoch 198/200, Batch 100, Aver_Loss: 1858.9637
Epoch 198/200, Batch 200, Aver_Loss: 1843.9108
Epoch 198/200, Batch 300, Aver_Loss: 1847.6759
Epoch 198/200, Batch 400, Aver_Loss: 1826.4043
[early-stopping] Epoch 198: no improvement (6/20)
Epoch 199/200, Batch 100, Aver_Loss: 1821.1844
Epoch 199/200, Batch 200, Aver_Loss: 1836.7018
Epoch 199/200, Batch 300, Aver_Loss: 1802.4220
Epoch 199/200, Batch 400, Aver_Loss: 1855.9198
[early-stopping] Epoch 199: no improvement (7/20)
Epoch 200/200, Batch 100, Aver_Loss: 1816.6498
Epoch 200/200, Batch 200, Aver_Loss: 1858.1040
Epoch 200/200, Batch 300, Aver_Loss: 1804.0198
Epoch 200/200, Batch 400, Aver_Loss: 1911.8137
[early-stopping] Epoch 200: no improvement (8/20)
[early-stopping] Loaded best model from epoch 192 (val ELBO = -1844.265842)
[checkpoint] Saved best model to: trained_parameters/cifar10_zdim16_MVAE.pkl
[saved curves] ./results/CIFAR10/curves/cifar10_mvae_d16_s777.json

==== Evaluation Summary ====
                 model: mvae
   recon/mse_per_pixel: 0.018227
            elbo/train: -1842.807923
             elbo/test: -1844.316958
             mse/train: 0.017873
              mse/test: 0.018227
             probe/acc: 0.338083
             probe/nll: 1.895164
           probe/brier: 0.793958
             probe/ece: 0.038255
           cluster/nmi: 0.105057
           cluster/ari: 0.056582
============================

