/usr/bin/which: no fi_info in (/arf/home/meyavuz/.local/bin:/arf/sw/comp/python/intelpython3/condabin:/arf/sw/comp/python/intelpython3/bin:/usr/share/Modules/bin:/usr/local/bin:/usr/bin:/usr/local/sbin:/usr/sbin)
Extension for Scikit-learn* enabled (https://github.com/uxlfoundation/scikit-learn-intelex)
/arf/home/meyavuz/.conda/envs/sbn/lib/python3.9/site-packages/sklearn/linear_model/_logistic.py:1247: FutureWarning: 'multi_class' was deprecated in version 1.5 and will be removed in 1.7. From then on, it will always use 'multinomial'. Leave it to its default value to avoid this warning.
  warnings.warn(
Epoch 1/200, Batch 100, Aver_Loss: 1982.5466
Epoch 1/200, Batch 200, Aver_Loss: 1989.2061
Epoch 1/200, Batch 300, Aver_Loss: 1936.1865
Epoch 1/200, Batch 400, Aver_Loss: 1949.7784
[early-stopping] Epoch 1: new best val ELBO = -1932.776458
Epoch 2/200, Batch 100, Aver_Loss: 1923.2084
Epoch 2/200, Batch 200, Aver_Loss: 1940.7385
Epoch 2/200, Batch 300, Aver_Loss: 1935.2107
Epoch 2/200, Batch 400, Aver_Loss: 1948.6951
[early-stopping] Epoch 2: new best val ELBO = -1928.870709
Epoch 3/200, Batch 100, Aver_Loss: 1913.7267
Epoch 3/200, Batch 200, Aver_Loss: 1934.4454
Epoch 3/200, Batch 300, Aver_Loss: 1952.9877
Epoch 3/200, Batch 400, Aver_Loss: 1918.9377
[early-stopping] Epoch 3: new best val ELBO = -1926.474707
Epoch 4/200, Batch 100, Aver_Loss: 1940.7396
Epoch 4/200, Batch 200, Aver_Loss: 1895.0090
Epoch 4/200, Batch 300, Aver_Loss: 1933.0784
Epoch 4/200, Batch 400, Aver_Loss: 1955.6968
[early-stopping] Epoch 4: new best val ELBO = -1924.321272
Epoch 5/200, Batch 100, Aver_Loss: 1910.3563
Epoch 5/200, Batch 200, Aver_Loss: 1910.8424
Epoch 5/200, Batch 300, Aver_Loss: 1914.3490
Epoch 5/200, Batch 400, Aver_Loss: 1924.6428
[early-stopping] Epoch 5: new best val ELBO = -1921.927278
Epoch 6/200, Batch 100, Aver_Loss: 1962.2787
Epoch 6/200, Batch 200, Aver_Loss: 1894.7455
Epoch 6/200, Batch 300, Aver_Loss: 1934.3656
Epoch 6/200, Batch 400, Aver_Loss: 1902.4006
[early-stopping] Epoch 6: new best val ELBO = -1919.703413
Epoch 7/200, Batch 100, Aver_Loss: 1907.5269
Epoch 7/200, Batch 200, Aver_Loss: 1944.5757
Epoch 7/200, Batch 300, Aver_Loss: 1923.5868
Epoch 7/200, Batch 400, Aver_Loss: 1923.3193
[early-stopping] Epoch 7: no improvement (1/20)
Epoch 8/200, Batch 100, Aver_Loss: 1915.1615
Epoch 8/200, Batch 200, Aver_Loss: 1913.0623
Epoch 8/200, Batch 300, Aver_Loss: 1959.1497
Epoch 8/200, Batch 400, Aver_Loss: 1946.1499
[early-stopping] Epoch 8: no improvement (2/20)
Epoch 9/200, Batch 100, Aver_Loss: 1919.3184
Epoch 9/200, Batch 200, Aver_Loss: 1926.0153
Epoch 9/200, Batch 300, Aver_Loss: 1959.5062
Epoch 9/200, Batch 400, Aver_Loss: 1925.0288
[early-stopping] Epoch 9: new best val ELBO = -1919.192227
Epoch 10/200, Batch 100, Aver_Loss: 1915.9003
Epoch 10/200, Batch 200, Aver_Loss: 1905.6328
Epoch 10/200, Batch 300, Aver_Loss: 1924.3707
Epoch 10/200, Batch 400, Aver_Loss: 1945.5106
[early-stopping] Epoch 10: new best val ELBO = -1916.548617
Epoch 11/200, Batch 100, Aver_Loss: 1913.0415
Epoch 11/200, Batch 200, Aver_Loss: 1926.5956
Epoch 11/200, Batch 300, Aver_Loss: 1943.8960
Epoch 11/200, Batch 400, Aver_Loss: 1916.3706
[early-stopping] Epoch 11: no improvement (1/20)
Epoch 12/200, Batch 100, Aver_Loss: 1902.8170
Epoch 12/200, Batch 200, Aver_Loss: 1900.1362
Epoch 12/200, Batch 300, Aver_Loss: 1943.6855
Epoch 12/200, Batch 400, Aver_Loss: 1902.9895
[early-stopping] Epoch 12: no improvement (2/20)
Epoch 13/200, Batch 100, Aver_Loss: 1950.8728
Epoch 13/200, Batch 200, Aver_Loss: 1920.2787
Epoch 13/200, Batch 300, Aver_Loss: 1905.5887
Epoch 13/200, Batch 400, Aver_Loss: 1867.8490
[early-stopping] Epoch 13: no improvement (3/20)
Epoch 14/200, Batch 100, Aver_Loss: 1928.8248
Epoch 14/200, Batch 200, Aver_Loss: 1905.6470
Epoch 14/200, Batch 300, Aver_Loss: 1937.0304
Epoch 14/200, Batch 400, Aver_Loss: 1923.4707
[early-stopping] Epoch 14: no improvement (4/20)
Epoch 15/200, Batch 100, Aver_Loss: 1905.0581
Epoch 15/200, Batch 200, Aver_Loss: 1922.6720
Epoch 15/200, Batch 300, Aver_Loss: 1919.6703
Epoch 15/200, Batch 400, Aver_Loss: 1933.1018
[early-stopping] Epoch 15: no improvement (5/20)
Epoch 16/200, Batch 100, Aver_Loss: 1901.1116
Epoch 16/200, Batch 200, Aver_Loss: 1936.1040
Epoch 16/200, Batch 300, Aver_Loss: 1930.4060
Epoch 16/200, Batch 400, Aver_Loss: 1924.3473
[early-stopping] Epoch 16: new best val ELBO = -1915.046452
Epoch 17/200, Batch 100, Aver_Loss: 1910.3624
Epoch 17/200, Batch 200, Aver_Loss: 1930.4493
Epoch 17/200, Batch 300, Aver_Loss: 1907.6859
Epoch 17/200, Batch 400, Aver_Loss: 1921.1730
[early-stopping] Epoch 17: no improvement (1/20)
Epoch 18/200, Batch 100, Aver_Loss: 1911.0270
Epoch 18/200, Batch 200, Aver_Loss: 1909.7987
Epoch 18/200, Batch 300, Aver_Loss: 1884.7585
Epoch 18/200, Batch 400, Aver_Loss: 1916.0165
[early-stopping] Epoch 18: no improvement (2/20)
Epoch 19/200, Batch 100, Aver_Loss: 1890.3940
Epoch 19/200, Batch 200, Aver_Loss: 1921.6493
Epoch 19/200, Batch 300, Aver_Loss: 1921.0167
Epoch 19/200, Batch 400, Aver_Loss: 1903.7511
[early-stopping] Epoch 19: no improvement (3/20)
Epoch 20/200, Batch 100, Aver_Loss: 1912.1638
Epoch 20/200, Batch 200, Aver_Loss: 1984.6614
Epoch 20/200, Batch 300, Aver_Loss: 2010.9476
Epoch 20/200, Batch 400, Aver_Loss: 1976.1521
[early-stopping] Epoch 20: no improvement (4/20)
Epoch 21/200, Batch 100, Aver_Loss: 1940.4989
Epoch 21/200, Batch 200, Aver_Loss: 1968.7548
Epoch 21/200, Batch 300, Aver_Loss: 1944.1158
Epoch 21/200, Batch 400, Aver_Loss: 1949.3080
[early-stopping] Epoch 21: no improvement (5/20)
Epoch 22/200, Batch 100, Aver_Loss: 1943.5526
Epoch 22/200, Batch 200, Aver_Loss: 1940.6849
Epoch 22/200, Batch 300, Aver_Loss: 1936.6473
Epoch 22/200, Batch 400, Aver_Loss: 1926.4495
[early-stopping] Epoch 22: no improvement (6/20)
Epoch 23/200, Batch 100, Aver_Loss: 1907.6520
Epoch 23/200, Batch 200, Aver_Loss: 1906.8624
Epoch 23/200, Batch 300, Aver_Loss: 1914.0314
Epoch 23/200, Batch 400, Aver_Loss: 1934.8878
[early-stopping] Epoch 23: no improvement (7/20)
Epoch 24/200, Batch 100, Aver_Loss: 1865.9551
Epoch 24/200, Batch 200, Aver_Loss: 1936.9032
Epoch 24/200, Batch 300, Aver_Loss: 1934.7452
Epoch 24/200, Batch 400, Aver_Loss: 1917.5326
[early-stopping] Epoch 24: no improvement (8/20)
Epoch 25/200, Batch 100, Aver_Loss: 1903.9857
Epoch 25/200, Batch 200, Aver_Loss: 1889.8651
Epoch 25/200, Batch 300, Aver_Loss: 1924.0742
Epoch 25/200, Batch 400, Aver_Loss: 1893.3477
[early-stopping] Epoch 25: no improvement (9/20)
Epoch 26/200, Batch 100, Aver_Loss: 1910.7198
Epoch 26/200, Batch 200, Aver_Loss: 1920.5714
Epoch 26/200, Batch 300, Aver_Loss: 1913.6671
Epoch 26/200, Batch 400, Aver_Loss: 1938.7618
[early-stopping] Epoch 26: no improvement (10/20)
Epoch 27/200, Batch 100, Aver_Loss: 1948.6300
Epoch 27/200, Batch 200, Aver_Loss: 1888.1351
Epoch 27/200, Batch 300, Aver_Loss: 1900.3658
Epoch 27/200, Batch 400, Aver_Loss: 1908.1178
[early-stopping] Epoch 27: new best val ELBO = -1913.341193
Epoch 28/200, Batch 100, Aver_Loss: 1910.6202
Epoch 28/200, Batch 200, Aver_Loss: 1912.6721
Epoch 28/200, Batch 300, Aver_Loss: 1926.2626
Epoch 28/200, Batch 400, Aver_Loss: 1923.1702
[early-stopping] Epoch 28: no improvement (1/20)
Epoch 29/200, Batch 100, Aver_Loss: 1950.6318
Epoch 29/200, Batch 200, Aver_Loss: 1892.7706
Epoch 29/200, Batch 300, Aver_Loss: 1916.3345
Epoch 29/200, Batch 400, Aver_Loss: 1935.1556
[early-stopping] Epoch 29: no improvement (2/20)
Epoch 30/200, Batch 100, Aver_Loss: 1928.5381
Epoch 30/200, Batch 200, Aver_Loss: 1902.5386
Epoch 30/200, Batch 300, Aver_Loss: 1901.3292
Epoch 30/200, Batch 400, Aver_Loss: 1967.9037
[early-stopping] Epoch 30: no improvement (3/20)
Epoch 31/200, Batch 100, Aver_Loss: 1921.3176
Epoch 31/200, Batch 200, Aver_Loss: 1925.9987
Epoch 31/200, Batch 300, Aver_Loss: 1907.7601
Epoch 31/200, Batch 400, Aver_Loss: 1937.1084
[early-stopping] Epoch 31: no improvement (4/20)
Epoch 32/200, Batch 100, Aver_Loss: 1938.4165
Epoch 32/200, Batch 200, Aver_Loss: 1917.8834
Epoch 32/200, Batch 300, Aver_Loss: 1918.2135
Epoch 32/200, Batch 400, Aver_Loss: 1913.9159
[early-stopping] Epoch 32: no improvement (5/20)
Epoch 33/200, Batch 100, Aver_Loss: 1877.2562
Epoch 33/200, Batch 200, Aver_Loss: 1932.5189
Epoch 33/200, Batch 300, Aver_Loss: 1902.3783
Epoch 33/200, Batch 400, Aver_Loss: 1912.5977
[early-stopping] Epoch 33: no improvement (6/20)
Epoch 34/200, Batch 100, Aver_Loss: 1896.0065
Epoch 34/200, Batch 200, Aver_Loss: 1919.8223
Epoch 34/200, Batch 300, Aver_Loss: 1912.2113
Epoch 34/200, Batch 400, Aver_Loss: 1914.9314
[early-stopping] Epoch 34: new best val ELBO = -1913.210721
Epoch 35/200, Batch 100, Aver_Loss: 1907.3953
Epoch 35/200, Batch 200, Aver_Loss: 1884.7512
Epoch 35/200, Batch 300, Aver_Loss: 1899.7837
Epoch 35/200, Batch 400, Aver_Loss: 1930.0208
[early-stopping] Epoch 35: no improvement (1/20)
Epoch 36/200, Batch 100, Aver_Loss: 1921.6385
Epoch 36/200, Batch 200, Aver_Loss: 1931.8243
Epoch 36/200, Batch 300, Aver_Loss: 1902.0228
Epoch 36/200, Batch 400, Aver_Loss: 1913.1285
[early-stopping] Epoch 36: no improvement (2/20)
Epoch 37/200, Batch 100, Aver_Loss: 1916.2634
Epoch 37/200, Batch 200, Aver_Loss: 1938.9097
Epoch 37/200, Batch 300, Aver_Loss: 1896.6783
Epoch 37/200, Batch 400, Aver_Loss: 1896.4301
[early-stopping] Epoch 37: no improvement (3/20)
Epoch 38/200, Batch 100, Aver_Loss: 1917.9691
Epoch 38/200, Batch 200, Aver_Loss: 1885.0952
Epoch 38/200, Batch 300, Aver_Loss: 1875.1257
Epoch 38/200, Batch 400, Aver_Loss: 1936.5627
[early-stopping] Epoch 38: new best val ELBO = -1912.943195
Epoch 39/200, Batch 100, Aver_Loss: 1897.1208
Epoch 39/200, Batch 200, Aver_Loss: 1915.2710
Epoch 39/200, Batch 300, Aver_Loss: 1905.3701
Epoch 39/200, Batch 400, Aver_Loss: 1883.4038
[early-stopping] Epoch 39: no improvement (1/20)
Epoch 40/200, Batch 100, Aver_Loss: 1938.2523
Epoch 40/200, Batch 200, Aver_Loss: 1919.9883
Epoch 40/200, Batch 300, Aver_Loss: 1908.5270
Epoch 40/200, Batch 400, Aver_Loss: 1921.7407
[early-stopping] Epoch 40: no improvement (2/20)
Epoch 41/200, Batch 100, Aver_Loss: 1905.7465
Epoch 41/200, Batch 200, Aver_Loss: 1921.7874
Epoch 41/200, Batch 300, Aver_Loss: 1942.5707
Epoch 41/200, Batch 400, Aver_Loss: 1858.1206
[early-stopping] Epoch 41: new best val ELBO = -1912.471296
Epoch 42/200, Batch 100, Aver_Loss: 1925.9706
Epoch 42/200, Batch 200, Aver_Loss: 1903.1027
Epoch 42/200, Batch 300, Aver_Loss: 1879.8589
Epoch 42/200, Batch 400, Aver_Loss: 1928.9795
[early-stopping] Epoch 42: no improvement (1/20)
Epoch 43/200, Batch 100, Aver_Loss: 1916.0425
Epoch 43/200, Batch 200, Aver_Loss: 1916.2230
Epoch 43/200, Batch 300, Aver_Loss: 1902.9878
Epoch 43/200, Batch 400, Aver_Loss: 1909.2966
[early-stopping] Epoch 43: no improvement (2/20)
Epoch 44/200, Batch 100, Aver_Loss: 1900.7498
Epoch 44/200, Batch 200, Aver_Loss: 1943.9965
Epoch 44/200, Batch 300, Aver_Loss: 1961.4802
Epoch 44/200, Batch 400, Aver_Loss: 1925.3479
[early-stopping] Epoch 44: no improvement (3/20)
Epoch 45/200, Batch 100, Aver_Loss: 1905.9387
Epoch 45/200, Batch 200, Aver_Loss: 1898.6302
Epoch 45/200, Batch 300, Aver_Loss: 1880.7302
Epoch 45/200, Batch 400, Aver_Loss: 1901.8982
[early-stopping] Epoch 45: new best val ELBO = -1911.786025
Epoch 46/200, Batch 100, Aver_Loss: 1928.7048
Epoch 46/200, Batch 200, Aver_Loss: 1940.6853
Epoch 46/200, Batch 300, Aver_Loss: 1901.6624
Epoch 46/200, Batch 400, Aver_Loss: 1878.7756
[early-stopping] Epoch 46: no improvement (1/20)
Epoch 47/200, Batch 100, Aver_Loss: 1878.8424
Epoch 47/200, Batch 200, Aver_Loss: 1892.9872
Epoch 47/200, Batch 300, Aver_Loss: 1933.3868
Epoch 47/200, Batch 400, Aver_Loss: 1924.3511
[early-stopping] Epoch 47: no improvement (2/20)
Epoch 48/200, Batch 100, Aver_Loss: 1903.1213
Epoch 48/200, Batch 200, Aver_Loss: 1931.8237
Epoch 48/200, Batch 300, Aver_Loss: 1885.3383
Epoch 48/200, Batch 400, Aver_Loss: 1892.0297
[early-stopping] Epoch 48: no improvement (3/20)
Epoch 49/200, Batch 100, Aver_Loss: 1920.0033
Epoch 49/200, Batch 200, Aver_Loss: 1921.7942
Epoch 49/200, Batch 300, Aver_Loss: 1910.0251
Epoch 49/200, Batch 400, Aver_Loss: 1904.9310
[early-stopping] Epoch 49: no improvement (4/20)
Epoch 50/200, Batch 100, Aver_Loss: 1951.0862
Epoch 50/200, Batch 200, Aver_Loss: 1887.4152
Epoch 50/200, Batch 300, Aver_Loss: 1885.8947
Epoch 50/200, Batch 400, Aver_Loss: 1917.6948
[early-stopping] Epoch 50: no improvement (5/20)
Epoch 51/200, Batch 100, Aver_Loss: 1940.8923
Epoch 51/200, Batch 200, Aver_Loss: 1924.8456
Epoch 51/200, Batch 300, Aver_Loss: 1908.0145
Epoch 51/200, Batch 400, Aver_Loss: 1925.5853
[early-stopping] Epoch 51: new best val ELBO = -1911.312378
Epoch 52/200, Batch 100, Aver_Loss: 1916.0999
Epoch 52/200, Batch 200, Aver_Loss: 1939.1918
Epoch 52/200, Batch 300, Aver_Loss: 1952.8323
Epoch 52/200, Batch 400, Aver_Loss: 1918.4824
[early-stopping] Epoch 52: no improvement (1/20)
Epoch 53/200, Batch 100, Aver_Loss: 1922.8190
Epoch 53/200, Batch 200, Aver_Loss: 1926.5662
Epoch 53/200, Batch 300, Aver_Loss: 1934.4912
Epoch 53/200, Batch 400, Aver_Loss: 1920.5865
[early-stopping] Epoch 53: no improvement (2/20)
Epoch 54/200, Batch 100, Aver_Loss: 1898.6537
Epoch 54/200, Batch 200, Aver_Loss: 1915.1954
Epoch 54/200, Batch 300, Aver_Loss: 1874.1095
Epoch 54/200, Batch 400, Aver_Loss: 1926.0408
[early-stopping] Epoch 54: no improvement (3/20)
Epoch 55/200, Batch 100, Aver_Loss: 1925.0712
Epoch 55/200, Batch 200, Aver_Loss: 1946.7749
Epoch 55/200, Batch 300, Aver_Loss: 1916.2045
Epoch 55/200, Batch 400, Aver_Loss: 1910.3115
[early-stopping] Epoch 55: no improvement (4/20)
Epoch 56/200, Batch 100, Aver_Loss: 1896.5938
Epoch 56/200, Batch 200, Aver_Loss: 1909.7760
Epoch 56/200, Batch 300, Aver_Loss: 1905.7606
Epoch 56/200, Batch 400, Aver_Loss: 1958.2965
[early-stopping] Epoch 56: no improvement (5/20)
Epoch 57/200, Batch 100, Aver_Loss: 1919.7191
Epoch 57/200, Batch 200, Aver_Loss: 1921.8929
Epoch 57/200, Batch 300, Aver_Loss: 1908.2220
Epoch 57/200, Batch 400, Aver_Loss: 1912.3496
[early-stopping] Epoch 57: no improvement (6/20)
Epoch 58/200, Batch 100, Aver_Loss: 1921.7341
Epoch 58/200, Batch 200, Aver_Loss: 1899.7000
Epoch 58/200, Batch 300, Aver_Loss: 1903.4802
Epoch 58/200, Batch 400, Aver_Loss: 1926.3127
[early-stopping] Epoch 58: new best val ELBO = -1911.124324
Epoch 59/200, Batch 100, Aver_Loss: 1899.6570
Epoch 59/200, Batch 200, Aver_Loss: 1906.3651
Epoch 59/200, Batch 300, Aver_Loss: 1926.8097
Epoch 59/200, Batch 400, Aver_Loss: 1899.8188
[early-stopping] Epoch 59: no improvement (1/20)
Epoch 60/200, Batch 100, Aver_Loss: 1904.2090
Epoch 60/200, Batch 200, Aver_Loss: 1887.4579
Epoch 60/200, Batch 300, Aver_Loss: 1939.2255
Epoch 60/200, Batch 400, Aver_Loss: 1942.6089
[early-stopping] Epoch 60: no improvement (2/20)
Epoch 61/200, Batch 100, Aver_Loss: 1912.1002
Epoch 61/200, Batch 200, Aver_Loss: 1909.2668
Epoch 61/200, Batch 300, Aver_Loss: 1918.9327
Epoch 61/200, Batch 400, Aver_Loss: 1914.7107
[early-stopping] Epoch 61: no improvement (3/20)
Epoch 62/200, Batch 100, Aver_Loss: 1902.6382
Epoch 62/200, Batch 200, Aver_Loss: 1888.5365
Epoch 62/200, Batch 300, Aver_Loss: 1916.6345
Epoch 62/200, Batch 400, Aver_Loss: 1875.1615
[early-stopping] Epoch 62: no improvement (4/20)
Epoch 63/200, Batch 100, Aver_Loss: 1895.8595
Epoch 63/200, Batch 200, Aver_Loss: 1924.4760
Epoch 63/200, Batch 300, Aver_Loss: 1878.7322
Epoch 63/200, Batch 400, Aver_Loss: 1896.5364
[early-stopping] Epoch 63: no improvement (5/20)
Epoch 64/200, Batch 100, Aver_Loss: 1886.5050
Epoch 64/200, Batch 200, Aver_Loss: 1904.3176
Epoch 64/200, Batch 300, Aver_Loss: 1908.9576
Epoch 64/200, Batch 400, Aver_Loss: 1922.6654
[early-stopping] Epoch 64: no improvement (6/20)
Epoch 65/200, Batch 100, Aver_Loss: 1956.3354
Epoch 65/200, Batch 200, Aver_Loss: 1879.2941
Epoch 65/200, Batch 300, Aver_Loss: 1901.9404
Epoch 65/200, Batch 400, Aver_Loss: 1868.4550
[early-stopping] Epoch 65: no improvement (7/20)
Epoch 66/200, Batch 100, Aver_Loss: 1968.7921
Epoch 66/200, Batch 200, Aver_Loss: 1941.5292
Epoch 66/200, Batch 300, Aver_Loss: 1965.0459
Epoch 66/200, Batch 400, Aver_Loss: 1887.4525
[early-stopping] Epoch 66: no improvement (8/20)
Epoch 67/200, Batch 100, Aver_Loss: 1960.0743
Epoch 67/200, Batch 200, Aver_Loss: 1880.0385
Epoch 67/200, Batch 300, Aver_Loss: 1916.5742
Epoch 67/200, Batch 400, Aver_Loss: 1889.7366
[early-stopping] Epoch 67: no improvement (9/20)
Epoch 68/200, Batch 100, Aver_Loss: 1903.0359
Epoch 68/200, Batch 200, Aver_Loss: 1913.9406
Epoch 68/200, Batch 300, Aver_Loss: 1896.9967
Epoch 68/200, Batch 400, Aver_Loss: 1906.7067
[early-stopping] Epoch 68: new best val ELBO = -1911.086731
Epoch 69/200, Batch 100, Aver_Loss: 1905.7695
Epoch 69/200, Batch 200, Aver_Loss: 1912.8251
Epoch 69/200, Batch 300, Aver_Loss: 1913.2843
Epoch 69/200, Batch 400, Aver_Loss: 1912.9481
[early-stopping] Epoch 69: no improvement (1/20)
Epoch 70/200, Batch 100, Aver_Loss: 1913.6530
Epoch 70/200, Batch 200, Aver_Loss: 1944.8636
Epoch 70/200, Batch 300, Aver_Loss: 1901.5265
Epoch 70/200, Batch 400, Aver_Loss: 1904.6587
[early-stopping] Epoch 70: no improvement (2/20)
Epoch 71/200, Batch 100, Aver_Loss: 1933.7473
Epoch 71/200, Batch 200, Aver_Loss: 1904.2870
Epoch 71/200, Batch 300, Aver_Loss: 1916.8220
Epoch 71/200, Batch 400, Aver_Loss: 1932.2788
[early-stopping] Epoch 71: no improvement (3/20)
Epoch 72/200, Batch 100, Aver_Loss: 1924.2810
Epoch 72/200, Batch 200, Aver_Loss: 1911.0028
Epoch 72/200, Batch 300, Aver_Loss: 1917.0803
Epoch 72/200, Batch 400, Aver_Loss: 1922.8904
[early-stopping] Epoch 72: no improvement (4/20)
Epoch 73/200, Batch 100, Aver_Loss: 1900.7167
Epoch 73/200, Batch 200, Aver_Loss: 1884.1648
Epoch 73/200, Batch 300, Aver_Loss: 1923.3065
Epoch 73/200, Batch 400, Aver_Loss: 1898.2163
[early-stopping] Epoch 73: no improvement (5/20)
Epoch 74/200, Batch 100, Aver_Loss: 1910.9901
Epoch 74/200, Batch 200, Aver_Loss: 1923.3461
Epoch 74/200, Batch 300, Aver_Loss: 1892.0868
Epoch 74/200, Batch 400, Aver_Loss: 1922.8429
[early-stopping] Epoch 74: no improvement (6/20)
Epoch 75/200, Batch 100, Aver_Loss: 1915.8752
Epoch 75/200, Batch 200, Aver_Loss: 1902.0173
Epoch 75/200, Batch 300, Aver_Loss: 1910.4053
Epoch 75/200, Batch 400, Aver_Loss: 1885.9626
[early-stopping] Epoch 75: no improvement (7/20)
Epoch 76/200, Batch 100, Aver_Loss: 1918.2823
Epoch 76/200, Batch 200, Aver_Loss: 1909.6536
Epoch 76/200, Batch 300, Aver_Loss: 1893.8081
Epoch 76/200, Batch 400, Aver_Loss: 1900.6747
[early-stopping] Epoch 76: no improvement (8/20)
Epoch 77/200, Batch 100, Aver_Loss: 1897.1173
Epoch 77/200, Batch 200, Aver_Loss: 1941.7690
Epoch 77/200, Batch 300, Aver_Loss: 1924.7690
Epoch 77/200, Batch 400, Aver_Loss: 1894.6069
[early-stopping] Epoch 77: no improvement (9/20)
Epoch 78/200, Batch 100, Aver_Loss: 1924.4767
Epoch 78/200, Batch 200, Aver_Loss: 1901.2305
Epoch 78/200, Batch 300, Aver_Loss: 1926.3948
Epoch 78/200, Batch 400, Aver_Loss: 1922.3077
[early-stopping] Epoch 78: new best val ELBO = -1910.649319
Epoch 79/200, Batch 100, Aver_Loss: 1940.4863
Epoch 79/200, Batch 200, Aver_Loss: 1931.3765
Epoch 79/200, Batch 300, Aver_Loss: 1883.1713
Epoch 79/200, Batch 400, Aver_Loss: 1923.0275
[early-stopping] Epoch 79: no improvement (1/20)
Epoch 80/200, Batch 100, Aver_Loss: 1921.3329
Epoch 80/200, Batch 200, Aver_Loss: 1885.6039
Epoch 80/200, Batch 300, Aver_Loss: 1918.1302
Epoch 80/200, Batch 400, Aver_Loss: 1910.2162
[early-stopping] Epoch 80: no improvement (2/20)
Epoch 81/200, Batch 100, Aver_Loss: 1917.1658
Epoch 81/200, Batch 200, Aver_Loss: 1903.1833
Epoch 81/200, Batch 300, Aver_Loss: 1901.3186
Epoch 81/200, Batch 400, Aver_Loss: 1895.8435
[early-stopping] Epoch 81: no improvement (3/20)
Epoch 82/200, Batch 100, Aver_Loss: 1916.0487
Epoch 82/200, Batch 200, Aver_Loss: 1926.6230
Epoch 82/200, Batch 300, Aver_Loss: 1889.0101
Epoch 82/200, Batch 400, Aver_Loss: 1958.9204
[early-stopping] Epoch 82: no improvement (4/20)
Epoch 83/200, Batch 100, Aver_Loss: 1910.6091
Epoch 83/200, Batch 200, Aver_Loss: 1892.3350
Epoch 83/200, Batch 300, Aver_Loss: 1913.0231
Epoch 83/200, Batch 400, Aver_Loss: 1916.7632
[early-stopping] Epoch 83: no improvement (5/20)
Epoch 84/200, Batch 100, Aver_Loss: 1915.1586
Epoch 84/200, Batch 200, Aver_Loss: 1921.5686
Epoch 84/200, Batch 300, Aver_Loss: 1900.0195
Epoch 84/200, Batch 400, Aver_Loss: 1874.2632
[early-stopping] Epoch 84: no improvement (6/20)
Epoch 85/200, Batch 100, Aver_Loss: 1929.4768
Epoch 85/200, Batch 200, Aver_Loss: 1887.8811
Epoch 85/200, Batch 300, Aver_Loss: 1907.4299
Epoch 85/200, Batch 400, Aver_Loss: 1908.9963
[early-stopping] Epoch 85: no improvement (7/20)
Epoch 86/200, Batch 100, Aver_Loss: 1894.6161
Epoch 86/200, Batch 200, Aver_Loss: 1917.3530
Epoch 86/200, Batch 300, Aver_Loss: 1948.6317
Epoch 86/200, Batch 400, Aver_Loss: 1933.9408
[early-stopping] Epoch 86: no improvement (8/20)
Epoch 87/200, Batch 100, Aver_Loss: 1924.9554
Epoch 87/200, Batch 200, Aver_Loss: 1896.4844
Epoch 87/200, Batch 300, Aver_Loss: 1915.8512
Epoch 87/200, Batch 400, Aver_Loss: 1932.0651
[early-stopping] Epoch 87: no improvement (9/20)
Epoch 88/200, Batch 100, Aver_Loss: 1905.2676
Epoch 88/200, Batch 200, Aver_Loss: 1905.6715
Epoch 88/200, Batch 300, Aver_Loss: 1897.3060
Epoch 88/200, Batch 400, Aver_Loss: 1864.4572
[early-stopping] Epoch 88: new best val ELBO = -1910.449465
Epoch 89/200, Batch 100, Aver_Loss: 1880.6945
Epoch 89/200, Batch 200, Aver_Loss: 1905.3577
Epoch 89/200, Batch 300, Aver_Loss: 1916.0414
Epoch 89/200, Batch 400, Aver_Loss: 1915.3467
[early-stopping] Epoch 89: no improvement (1/20)
Epoch 90/200, Batch 100, Aver_Loss: 1921.0240
Epoch 90/200, Batch 200, Aver_Loss: 1943.3010
Epoch 90/200, Batch 300, Aver_Loss: 1903.2740
Epoch 90/200, Batch 400, Aver_Loss: 1923.4277
[early-stopping] Epoch 90: no improvement (2/20)
Epoch 91/200, Batch 100, Aver_Loss: 1904.1647
Epoch 91/200, Batch 200, Aver_Loss: 1901.4691
Epoch 91/200, Batch 300, Aver_Loss: 1919.4651
Epoch 91/200, Batch 400, Aver_Loss: 1939.5112
[early-stopping] Epoch 91: no improvement (3/20)
Epoch 92/200, Batch 100, Aver_Loss: 1931.5865
Epoch 92/200, Batch 200, Aver_Loss: 1886.5961
Epoch 92/200, Batch 300, Aver_Loss: 1881.7852
Epoch 92/200, Batch 400, Aver_Loss: 1942.2001
[early-stopping] Epoch 92: no improvement (4/20)
Epoch 93/200, Batch 100, Aver_Loss: 1916.7280
Epoch 93/200, Batch 200, Aver_Loss: 1931.7007
Epoch 93/200, Batch 300, Aver_Loss: 1918.1083
Epoch 93/200, Batch 400, Aver_Loss: 1935.3740
[early-stopping] Epoch 93: no improvement (5/20)
Epoch 94/200, Batch 100, Aver_Loss: 1923.9272
Epoch 94/200, Batch 200, Aver_Loss: 1879.5022
Epoch 94/200, Batch 300, Aver_Loss: 1881.4543
Epoch 94/200, Batch 400, Aver_Loss: 1906.4397
[early-stopping] Epoch 94: no improvement (6/20)
Epoch 95/200, Batch 100, Aver_Loss: 1898.6315
Epoch 95/200, Batch 200, Aver_Loss: 1892.3116
Epoch 95/200, Batch 300, Aver_Loss: 1946.3722
Epoch 95/200, Batch 400, Aver_Loss: 1900.3418
[early-stopping] Epoch 95: no improvement (7/20)
Epoch 96/200, Batch 100, Aver_Loss: 1909.8953
Epoch 96/200, Batch 200, Aver_Loss: 1928.5455
Epoch 96/200, Batch 300, Aver_Loss: 1936.8612
Epoch 96/200, Batch 400, Aver_Loss: 1898.3915
[early-stopping] Epoch 96: no improvement (8/20)
Epoch 97/200, Batch 100, Aver_Loss: 1875.2145
Epoch 97/200, Batch 200, Aver_Loss: 1896.1417
Epoch 97/200, Batch 300, Aver_Loss: 1903.4531
Epoch 97/200, Batch 400, Aver_Loss: 1912.9081
[early-stopping] Epoch 97: no improvement (9/20)
Epoch 98/200, Batch 100, Aver_Loss: 1904.6956
Epoch 98/200, Batch 200, Aver_Loss: 1863.8376
Epoch 98/200, Batch 300, Aver_Loss: 1918.5640
Epoch 98/200, Batch 400, Aver_Loss: 1920.4728
[early-stopping] Epoch 98: no improvement (10/20)
Epoch 99/200, Batch 100, Aver_Loss: 1951.4929
Epoch 99/200, Batch 200, Aver_Loss: 1898.4894
Epoch 99/200, Batch 300, Aver_Loss: 1904.8025
Epoch 99/200, Batch 400, Aver_Loss: 1911.0020
[early-stopping] Epoch 99: new best val ELBO = -1910.045602
Epoch 100/200, Batch 100, Aver_Loss: 1892.1730
Epoch 100/200, Batch 200, Aver_Loss: 1950.3807
Epoch 100/200, Batch 300, Aver_Loss: 1906.4928
Epoch 100/200, Batch 400, Aver_Loss: 1935.3923
[early-stopping] Epoch 100: no improvement (1/20)
Epoch 101/200, Batch 100, Aver_Loss: 1911.6481
Epoch 101/200, Batch 200, Aver_Loss: 1948.6887
Epoch 101/200, Batch 300, Aver_Loss: 1950.6764
Epoch 101/200, Batch 400, Aver_Loss: 1893.3444
[early-stopping] Epoch 101: no improvement (2/20)
Epoch 102/200, Batch 100, Aver_Loss: 1920.9492
Epoch 102/200, Batch 200, Aver_Loss: 1939.9894
Epoch 102/200, Batch 300, Aver_Loss: 1923.7864
Epoch 102/200, Batch 400, Aver_Loss: 1918.0968
[early-stopping] Epoch 102: no improvement (3/20)
Epoch 103/200, Batch 100, Aver_Loss: 1907.4581
Epoch 103/200, Batch 200, Aver_Loss: 1913.5240
Epoch 103/200, Batch 300, Aver_Loss: 1887.4088
Epoch 103/200, Batch 400, Aver_Loss: 1904.9247
[early-stopping] Epoch 103: no improvement (4/20)
Epoch 104/200, Batch 100, Aver_Loss: 1916.4315
Epoch 104/200, Batch 200, Aver_Loss: 1865.9565
Epoch 104/200, Batch 300, Aver_Loss: 1901.1295
Epoch 104/200, Batch 400, Aver_Loss: 1917.1453
[early-stopping] Epoch 104: no improvement (5/20)
Epoch 105/200, Batch 100, Aver_Loss: 1957.3809
Epoch 105/200, Batch 200, Aver_Loss: 1901.5884
Epoch 105/200, Batch 300, Aver_Loss: 1917.2356
Epoch 105/200, Batch 400, Aver_Loss: 1916.3077
[early-stopping] Epoch 105: no improvement (6/20)
Epoch 106/200, Batch 100, Aver_Loss: 1896.9973
Epoch 106/200, Batch 200, Aver_Loss: 1908.5115
Epoch 106/200, Batch 300, Aver_Loss: 1905.4744
Epoch 106/200, Batch 400, Aver_Loss: 1926.9762
[early-stopping] Epoch 106: no improvement (7/20)
Epoch 107/200, Batch 100, Aver_Loss: 1915.7852
Epoch 107/200, Batch 200, Aver_Loss: 1928.6666
Epoch 107/200, Batch 300, Aver_Loss: 1930.6274
Epoch 107/200, Batch 400, Aver_Loss: 1892.8320
[early-stopping] Epoch 107: no improvement (8/20)
Epoch 108/200, Batch 100, Aver_Loss: 1908.4420
Epoch 108/200, Batch 200, Aver_Loss: 1887.4727
Epoch 108/200, Batch 300, Aver_Loss: 1943.8326
Epoch 108/200, Batch 400, Aver_Loss: 1936.4227
[early-stopping] Epoch 108: new best val ELBO = -1910.042126
Epoch 109/200, Batch 100, Aver_Loss: 1924.3411
Epoch 109/200, Batch 200, Aver_Loss: 1926.2301
Epoch 109/200, Batch 300, Aver_Loss: 1904.5718
Epoch 109/200, Batch 400, Aver_Loss: 1921.7400
[early-stopping] Epoch 109: no improvement (1/20)
Epoch 110/200, Batch 100, Aver_Loss: 1900.0822
Epoch 110/200, Batch 200, Aver_Loss: 1903.2664
Epoch 110/200, Batch 300, Aver_Loss: 1911.3229
Epoch 110/200, Batch 400, Aver_Loss: 1912.5156
[early-stopping] Epoch 110: no improvement (2/20)
Epoch 111/200, Batch 100, Aver_Loss: 1907.9315
Epoch 111/200, Batch 200, Aver_Loss: 1906.8154
Epoch 111/200, Batch 300, Aver_Loss: 1873.5610
Epoch 111/200, Batch 400, Aver_Loss: 1927.3633
[early-stopping] Epoch 111: no improvement (3/20)
Epoch 112/200, Batch 100, Aver_Loss: 1909.0977
Epoch 112/200, Batch 200, Aver_Loss: 1875.8962
Epoch 112/200, Batch 300, Aver_Loss: 1876.7433
Epoch 112/200, Batch 400, Aver_Loss: 1876.8629
[early-stopping] Epoch 112: no improvement (4/20)
Epoch 113/200, Batch 100, Aver_Loss: 1890.7195
Epoch 113/200, Batch 200, Aver_Loss: 1936.0720
Epoch 113/200, Batch 300, Aver_Loss: 1930.9757
Epoch 113/200, Batch 400, Aver_Loss: 1914.7306
[early-stopping] Epoch 113: no improvement (5/20)
Epoch 114/200, Batch 100, Aver_Loss: 1872.2723
Epoch 114/200, Batch 200, Aver_Loss: 1912.5298
Epoch 114/200, Batch 300, Aver_Loss: 1888.0748
Epoch 114/200, Batch 400, Aver_Loss: 1901.8986
[early-stopping] Epoch 114: no improvement (6/20)
Epoch 115/200, Batch 100, Aver_Loss: 1883.2841
Epoch 115/200, Batch 200, Aver_Loss: 1903.7786
Epoch 115/200, Batch 300, Aver_Loss: 1943.1116
Epoch 115/200, Batch 400, Aver_Loss: 1886.7554
[early-stopping] Epoch 115: new best val ELBO = -1909.599408
Epoch 116/200, Batch 100, Aver_Loss: 1912.2542
Epoch 116/200, Batch 200, Aver_Loss: 1887.8077
Epoch 116/200, Batch 300, Aver_Loss: 1916.3546
Epoch 116/200, Batch 400, Aver_Loss: 1900.3334
[early-stopping] Epoch 116: no improvement (1/20)
Epoch 117/200, Batch 100, Aver_Loss: 1905.9180
Epoch 117/200, Batch 200, Aver_Loss: 1908.6473
Epoch 117/200, Batch 300, Aver_Loss: 1879.9834
Epoch 117/200, Batch 400, Aver_Loss: 1900.8192
[early-stopping] Epoch 117: no improvement (2/20)
Epoch 118/200, Batch 100, Aver_Loss: 1907.9019
Epoch 118/200, Batch 200, Aver_Loss: 1918.4730
Epoch 118/200, Batch 300, Aver_Loss: 1927.4171
Epoch 118/200, Batch 400, Aver_Loss: 1928.7795
[early-stopping] Epoch 118: no improvement (3/20)
Epoch 119/200, Batch 100, Aver_Loss: 1879.4130
Epoch 119/200, Batch 200, Aver_Loss: 1907.7728
Epoch 119/200, Batch 300, Aver_Loss: 1916.4110
Epoch 119/200, Batch 400, Aver_Loss: 1933.6476
[early-stopping] Epoch 119: no improvement (4/20)
Epoch 120/200, Batch 100, Aver_Loss: 1910.2620
Epoch 120/200, Batch 200, Aver_Loss: 1926.0732
Epoch 120/200, Batch 300, Aver_Loss: 1917.1945
Epoch 120/200, Batch 400, Aver_Loss: 1914.4375
[early-stopping] Epoch 120: no improvement (5/20)
Epoch 121/200, Batch 100, Aver_Loss: 1924.4001
Epoch 121/200, Batch 200, Aver_Loss: 1886.2106
Epoch 121/200, Batch 300, Aver_Loss: 1908.3053
Epoch 121/200, Batch 400, Aver_Loss: 1939.3351
[early-stopping] Epoch 121: no improvement (6/20)
Epoch 122/200, Batch 100, Aver_Loss: 1912.5647
Epoch 122/200, Batch 200, Aver_Loss: 1894.3973
Epoch 122/200, Batch 300, Aver_Loss: 1918.5466
Epoch 122/200, Batch 400, Aver_Loss: 1882.3715
[early-stopping] Epoch 122: no improvement (7/20)
Epoch 123/200, Batch 100, Aver_Loss: 1898.1996
Epoch 123/200, Batch 200, Aver_Loss: 1902.5319
Epoch 123/200, Batch 300, Aver_Loss: 1907.8170
Epoch 123/200, Batch 400, Aver_Loss: 1925.8431
[early-stopping] Epoch 123: no improvement (8/20)
Epoch 124/200, Batch 100, Aver_Loss: 1901.8279
Epoch 124/200, Batch 200, Aver_Loss: 1901.2747
Epoch 124/200, Batch 300, Aver_Loss: 1896.6473
Epoch 124/200, Batch 400, Aver_Loss: 1885.9989
[early-stopping] Epoch 124: no improvement (9/20)
Epoch 125/200, Batch 100, Aver_Loss: 1898.2152
Epoch 125/200, Batch 200, Aver_Loss: 1900.7444
Epoch 125/200, Batch 300, Aver_Loss: 1905.0371
Epoch 125/200, Batch 400, Aver_Loss: 1923.7719
[early-stopping] Epoch 125: no improvement (10/20)
Epoch 126/200, Batch 100, Aver_Loss: 1927.1793
Epoch 126/200, Batch 200, Aver_Loss: 1874.1515
Epoch 126/200, Batch 300, Aver_Loss: 1891.4741
Epoch 126/200, Batch 400, Aver_Loss: 1915.8674
[early-stopping] Epoch 126: no improvement (11/20)
Epoch 127/200, Batch 100, Aver_Loss: 1917.5803
Epoch 127/200, Batch 200, Aver_Loss: 1898.0320
Epoch 127/200, Batch 300, Aver_Loss: 1915.3478
Epoch 127/200, Batch 400, Aver_Loss: 1875.9991
[early-stopping] Epoch 127: no improvement (12/20)
Epoch 128/200, Batch 100, Aver_Loss: 1935.3689
Epoch 128/200, Batch 200, Aver_Loss: 1965.1284
Epoch 128/200, Batch 300, Aver_Loss: 1917.6605
Epoch 128/200, Batch 400, Aver_Loss: 1899.7537
[early-stopping] Epoch 128: no improvement (13/20)
Epoch 129/200, Batch 100, Aver_Loss: 1893.7999
Epoch 129/200, Batch 200, Aver_Loss: 1936.9723
Epoch 129/200, Batch 300, Aver_Loss: 1879.4940
Epoch 129/200, Batch 400, Aver_Loss: 1925.0420
[early-stopping] Epoch 129: new best val ELBO = -1909.329726
Epoch 130/200, Batch 100, Aver_Loss: 1916.1613
Epoch 130/200, Batch 200, Aver_Loss: 1915.6797
Epoch 130/200, Batch 300, Aver_Loss: 1952.2181
Epoch 130/200, Batch 400, Aver_Loss: 1911.6090
[early-stopping] Epoch 130: no improvement (1/20)
Epoch 131/200, Batch 100, Aver_Loss: 1951.9750
Epoch 131/200, Batch 200, Aver_Loss: 1917.8037
Epoch 131/200, Batch 300, Aver_Loss: 1922.7240
Epoch 131/200, Batch 400, Aver_Loss: 1939.7587
[early-stopping] Epoch 131: no improvement (2/20)
Epoch 132/200, Batch 100, Aver_Loss: 1911.0037
Epoch 132/200, Batch 200, Aver_Loss: 1890.9991
Epoch 132/200, Batch 300, Aver_Loss: 1920.0459
Epoch 132/200, Batch 400, Aver_Loss: 1925.7128
[early-stopping] Epoch 132: no improvement (3/20)
Epoch 133/200, Batch 100, Aver_Loss: 1918.0217
Epoch 133/200, Batch 200, Aver_Loss: 1905.7986
Epoch 133/200, Batch 300, Aver_Loss: 1915.2230
Epoch 133/200, Batch 400, Aver_Loss: 1910.6506
[early-stopping] Epoch 133: no improvement (4/20)
Epoch 134/200, Batch 100, Aver_Loss: 1932.3655
Epoch 134/200, Batch 200, Aver_Loss: 1923.3479
Epoch 134/200, Batch 300, Aver_Loss: 1916.7629
Epoch 134/200, Batch 400, Aver_Loss: 1903.5803
[early-stopping] Epoch 134: no improvement (5/20)
Epoch 135/200, Batch 100, Aver_Loss: 1932.8418
Epoch 135/200, Batch 200, Aver_Loss: 1914.7650
Epoch 135/200, Batch 300, Aver_Loss: 1916.2703
Epoch 135/200, Batch 400, Aver_Loss: 1920.6102
[early-stopping] Epoch 135: no improvement (6/20)
Epoch 136/200, Batch 100, Aver_Loss: 1894.4103
Epoch 136/200, Batch 200, Aver_Loss: 1877.0530
Epoch 136/200, Batch 300, Aver_Loss: 1910.0068
Epoch 136/200, Batch 400, Aver_Loss: 1902.9202
[early-stopping] Epoch 136: no improvement (7/20)
Epoch 137/200, Batch 100, Aver_Loss: 1902.3875
Epoch 137/200, Batch 200, Aver_Loss: 1898.5492
Epoch 137/200, Batch 300, Aver_Loss: 1937.4332
Epoch 137/200, Batch 400, Aver_Loss: 1911.6843
[early-stopping] Epoch 137: no improvement (8/20)
Epoch 138/200, Batch 100, Aver_Loss: 1921.9712
Epoch 138/200, Batch 200, Aver_Loss: 1883.8086
Epoch 138/200, Batch 300, Aver_Loss: 1934.9097
Epoch 138/200, Batch 400, Aver_Loss: 1918.7773
[early-stopping] Epoch 138: new best val ELBO = -1909.187252
Epoch 139/200, Batch 100, Aver_Loss: 1919.0956
Epoch 139/200, Batch 200, Aver_Loss: 1912.4880
Epoch 139/200, Batch 300, Aver_Loss: 1930.7416
Epoch 139/200, Batch 400, Aver_Loss: 1921.4574
[early-stopping] Epoch 139: no improvement (1/20)
Epoch 140/200, Batch 100, Aver_Loss: 1901.6754
Epoch 140/200, Batch 200, Aver_Loss: 1870.4277
Epoch 140/200, Batch 300, Aver_Loss: 1913.7009
Epoch 140/200, Batch 400, Aver_Loss: 1887.2094
[early-stopping] Epoch 140: no improvement (2/20)
Epoch 141/200, Batch 100, Aver_Loss: 1909.7437
Epoch 141/200, Batch 200, Aver_Loss: 1874.7234
Epoch 141/200, Batch 300, Aver_Loss: 1916.9232
Epoch 141/200, Batch 400, Aver_Loss: 1896.8485
[early-stopping] Epoch 141: no improvement (3/20)
Epoch 142/200, Batch 100, Aver_Loss: 1930.3818
Epoch 142/200, Batch 200, Aver_Loss: 1916.1641
Epoch 142/200, Batch 300, Aver_Loss: 1885.3405
Epoch 142/200, Batch 400, Aver_Loss: 1908.3243
[early-stopping] Epoch 142: no improvement (4/20)
Epoch 143/200, Batch 100, Aver_Loss: 1918.3051
Epoch 143/200, Batch 200, Aver_Loss: 1901.6595
Epoch 143/200, Batch 300, Aver_Loss: 1890.4125
Epoch 143/200, Batch 400, Aver_Loss: 1901.7405
[early-stopping] Epoch 143: new best val ELBO = -1909.166492
Epoch 144/200, Batch 100, Aver_Loss: 1902.8328
Epoch 144/200, Batch 200, Aver_Loss: 1898.1135
Epoch 144/200, Batch 300, Aver_Loss: 1883.9590
Epoch 144/200, Batch 400, Aver_Loss: 1914.6786
[early-stopping] Epoch 144: no improvement (1/20)
Epoch 145/200, Batch 100, Aver_Loss: 1895.8002
Epoch 145/200, Batch 200, Aver_Loss: 1878.8413
Epoch 145/200, Batch 300, Aver_Loss: 1918.9373
Epoch 145/200, Batch 400, Aver_Loss: 1910.8376
[early-stopping] Epoch 145: no improvement (2/20)
Epoch 146/200, Batch 100, Aver_Loss: 1912.3066
Epoch 146/200, Batch 200, Aver_Loss: 1888.1323
Epoch 146/200, Batch 300, Aver_Loss: 1893.4420
Epoch 146/200, Batch 400, Aver_Loss: 1918.7551
[early-stopping] Epoch 146: no improvement (3/20)
Epoch 147/200, Batch 100, Aver_Loss: 1918.1879
Epoch 147/200, Batch 200, Aver_Loss: 1891.9210
Epoch 147/200, Batch 300, Aver_Loss: 1956.4941
Epoch 147/200, Batch 400, Aver_Loss: 1914.4498
[early-stopping] Epoch 147: no improvement (4/20)
Epoch 148/200, Batch 100, Aver_Loss: 1918.8595
Epoch 148/200, Batch 200, Aver_Loss: 1919.3619
Epoch 148/200, Batch 300, Aver_Loss: 1915.4587
Epoch 148/200, Batch 400, Aver_Loss: 1914.7090
[early-stopping] Epoch 148: no improvement (5/20)
Epoch 149/200, Batch 100, Aver_Loss: 1949.6947
Epoch 149/200, Batch 200, Aver_Loss: 1947.3334
Epoch 149/200, Batch 300, Aver_Loss: 1909.5425
Epoch 149/200, Batch 400, Aver_Loss: 1894.8809
[early-stopping] Epoch 149: no improvement (6/20)
Epoch 150/200, Batch 100, Aver_Loss: 1904.8342
Epoch 150/200, Batch 200, Aver_Loss: 1929.5085
Epoch 150/200, Batch 300, Aver_Loss: 1893.9705
Epoch 150/200, Batch 400, Aver_Loss: 1920.3875
[early-stopping] Epoch 150: no improvement (7/20)
Epoch 151/200, Batch 100, Aver_Loss: 1926.8931
Epoch 151/200, Batch 200, Aver_Loss: 1928.8496
Epoch 151/200, Batch 300, Aver_Loss: 1925.1692
Epoch 151/200, Batch 400, Aver_Loss: 1916.7385
[early-stopping] Epoch 151: no improvement (8/20)
Epoch 152/200, Batch 100, Aver_Loss: 1923.4507
Epoch 152/200, Batch 200, Aver_Loss: 1925.2262
Epoch 152/200, Batch 300, Aver_Loss: 1904.7751
Epoch 152/200, Batch 400, Aver_Loss: 1940.7770
[early-stopping] Epoch 152: no improvement (9/20)
Epoch 153/200, Batch 100, Aver_Loss: 1921.6224
Epoch 153/200, Batch 200, Aver_Loss: 1924.9023
Epoch 153/200, Batch 300, Aver_Loss: 1909.4031
Epoch 153/200, Batch 400, Aver_Loss: 1920.7972
[early-stopping] Epoch 153: no improvement (10/20)
Epoch 154/200, Batch 100, Aver_Loss: 1928.0901
Epoch 154/200, Batch 200, Aver_Loss: 1927.6073
Epoch 154/200, Batch 300, Aver_Loss: 1877.7769
Epoch 154/200, Batch 400, Aver_Loss: 1875.5911
[early-stopping] Epoch 154: new best val ELBO = -1908.791654
Epoch 155/200, Batch 100, Aver_Loss: 1903.2837
Epoch 155/200, Batch 200, Aver_Loss: 1905.6385
Epoch 155/200, Batch 300, Aver_Loss: 1936.0391
Epoch 155/200, Batch 400, Aver_Loss: 1937.0399
[early-stopping] Epoch 155: no improvement (1/20)
Epoch 156/200, Batch 100, Aver_Loss: 1915.0731
Epoch 156/200, Batch 200, Aver_Loss: 1915.6554
Epoch 156/200, Batch 300, Aver_Loss: 1939.3289
Epoch 156/200, Batch 400, Aver_Loss: 1913.3186
[early-stopping] Epoch 156: no improvement (2/20)
Epoch 157/200, Batch 100, Aver_Loss: 1930.8516
Epoch 157/200, Batch 200, Aver_Loss: 1913.4878
Epoch 157/200, Batch 300, Aver_Loss: 1925.5901
Epoch 157/200, Batch 400, Aver_Loss: 1917.0801
[early-stopping] Epoch 157: no improvement (3/20)
Epoch 158/200, Batch 100, Aver_Loss: 1881.3812
Epoch 158/200, Batch 200, Aver_Loss: 1927.5330
Epoch 158/200, Batch 300, Aver_Loss: 1888.1337
Epoch 158/200, Batch 400, Aver_Loss: 1900.5229
[early-stopping] Epoch 158: no improvement (4/20)
Epoch 159/200, Batch 100, Aver_Loss: 1900.7229
Epoch 159/200, Batch 200, Aver_Loss: 1945.6702
Epoch 159/200, Batch 300, Aver_Loss: 1945.1100
Epoch 159/200, Batch 400, Aver_Loss: 1894.9657
[early-stopping] Epoch 159: no improvement (5/20)
Epoch 160/200, Batch 100, Aver_Loss: 1887.4464
Epoch 160/200, Batch 200, Aver_Loss: 1898.7249
Epoch 160/200, Batch 300, Aver_Loss: 1920.8702
Epoch 160/200, Batch 400, Aver_Loss: 1934.0660
[early-stopping] Epoch 160: no improvement (6/20)
Epoch 161/200, Batch 100, Aver_Loss: 1910.6899
Epoch 161/200, Batch 200, Aver_Loss: 1905.6643
Epoch 161/200, Batch 300, Aver_Loss: 1913.9634
Epoch 161/200, Batch 400, Aver_Loss: 1945.0476
[early-stopping] Epoch 161: no improvement (7/20)
Epoch 162/200, Batch 100, Aver_Loss: 1927.8854
Epoch 162/200, Batch 200, Aver_Loss: 1892.4561
Epoch 162/200, Batch 300, Aver_Loss: 1907.2545
Epoch 162/200, Batch 400, Aver_Loss: 1918.9291
[early-stopping] Epoch 162: no improvement (8/20)
Epoch 163/200, Batch 100, Aver_Loss: 1919.1162
Epoch 163/200, Batch 200, Aver_Loss: 1899.6591
Epoch 163/200, Batch 300, Aver_Loss: 1900.7841
Epoch 163/200, Batch 400, Aver_Loss: 1915.8684
[early-stopping] Epoch 163: no improvement (9/20)
Epoch 164/200, Batch 100, Aver_Loss: 1903.9659
Epoch 164/200, Batch 200, Aver_Loss: 1904.2756
Epoch 164/200, Batch 300, Aver_Loss: 1923.3346
Epoch 164/200, Batch 400, Aver_Loss: 1888.8412
[early-stopping] Epoch 164: no improvement (10/20)
Epoch 165/200, Batch 100, Aver_Loss: 1904.3265
Epoch 165/200, Batch 200, Aver_Loss: 1882.5812
Epoch 165/200, Batch 300, Aver_Loss: 1902.9116
Epoch 165/200, Batch 400, Aver_Loss: 1906.6129
[early-stopping] Epoch 165: no improvement (11/20)
Epoch 166/200, Batch 100, Aver_Loss: 1923.7067
Epoch 166/200, Batch 200, Aver_Loss: 1869.7681
Epoch 166/200, Batch 300, Aver_Loss: 1886.8344
Epoch 166/200, Batch 400, Aver_Loss: 1888.5583
[early-stopping] Epoch 166: no improvement (12/20)
Epoch 167/200, Batch 100, Aver_Loss: 1903.7971
Epoch 167/200, Batch 200, Aver_Loss: 1915.6965
Epoch 167/200, Batch 300, Aver_Loss: 1923.5430
Epoch 167/200, Batch 400, Aver_Loss: 1924.2489
[early-stopping] Epoch 167: no improvement (13/20)
Epoch 168/200, Batch 100, Aver_Loss: 1886.0629
Epoch 168/200, Batch 200, Aver_Loss: 1928.0022
Epoch 168/200, Batch 300, Aver_Loss: 1913.8318
Epoch 168/200, Batch 400, Aver_Loss: 1914.1636
[early-stopping] Epoch 168: no improvement (14/20)
Epoch 169/200, Batch 100, Aver_Loss: 1905.2240
Epoch 169/200, Batch 200, Aver_Loss: 1857.8939
Epoch 169/200, Batch 300, Aver_Loss: 1882.5720
Epoch 169/200, Batch 400, Aver_Loss: 1927.8683
[early-stopping] Epoch 169: no improvement (15/20)
Epoch 170/200, Batch 100, Aver_Loss: 1895.8378
Epoch 170/200, Batch 200, Aver_Loss: 1931.4670
Epoch 170/200, Batch 300, Aver_Loss: 1920.1914
Epoch 170/200, Batch 400, Aver_Loss: 1890.5011
[early-stopping] Epoch 170: no improvement (16/20)
Epoch 171/200, Batch 100, Aver_Loss: 1878.0560
Epoch 171/200, Batch 200, Aver_Loss: 1921.4515
Epoch 171/200, Batch 300, Aver_Loss: 1906.0508
Epoch 171/200, Batch 400, Aver_Loss: 1893.2073
[early-stopping] Epoch 171: no improvement (17/20)
Epoch 172/200, Batch 100, Aver_Loss: 1919.5623
Epoch 172/200, Batch 200, Aver_Loss: 1892.1719
Epoch 172/200, Batch 300, Aver_Loss: 1921.0004
Epoch 172/200, Batch 400, Aver_Loss: 1890.6793
[early-stopping] Epoch 172: no improvement (18/20)
Epoch 173/200, Batch 100, Aver_Loss: 1886.5142
Epoch 173/200, Batch 200, Aver_Loss: 1923.6357
Epoch 173/200, Batch 300, Aver_Loss: 1865.5870
Epoch 173/200, Batch 400, Aver_Loss: 1885.1112
[early-stopping] Epoch 173: no improvement (19/20)
Epoch 174/200, Batch 100, Aver_Loss: 1889.7625
Epoch 174/200, Batch 200, Aver_Loss: 1925.2874
Epoch 174/200, Batch 300, Aver_Loss: 1889.4131
Epoch 174/200, Batch 400, Aver_Loss: 1911.1714
[early-stopping] Epoch 174: no improvement (20/20)
[early-stopping] Patience reached. Stopping at epoch 174. Best epoch: 154, best val ELBO: -1908.791654
[early-stopping] Loaded best model from epoch 154 (val ELBO = -1908.791654)
[checkpoint] Saved best model to: trained_parameters/cifar10_zdim4_MVAE.pkl
[saved curves] ./results/CIFAR10/curves/cifar10_mvae_d4_s777.json

==== Evaluation Summary ====
                 model: mvae
   recon/mse_per_pixel: 0.029397
            elbo/train: -1906.385146
             elbo/test: -1908.869880
             mse/train: 0.028895
              mse/test: 0.029397
             probe/acc: 0.269500
             probe/nll: 2.061435
           probe/brier: 0.840652
             probe/ece: 0.038360
           cluster/nmi: 0.096520
           cluster/ari: 0.051748
============================

