/usr/bin/which: no fi_info in (/arf/home/meyavuz/.local/bin:/arf/sw/comp/python/intelpython3/condabin:/arf/sw/comp/python/intelpython3/bin:/usr/share/Modules/bin:/usr/local/bin:/usr/bin:/usr/local/sbin:/usr/sbin)
Extension for Scikit-learn* enabled (https://github.com/uxlfoundation/scikit-learn-intelex)
/arf/home/meyavuz/.conda/envs/sbn/lib/python3.9/site-packages/sklearn/linear_model/_logistic.py:1247: FutureWarning: 'multi_class' was deprecated in version 1.5 and will be removed in 1.7. From then on, it will always use 'multinomial'. Leave it to its default value to avoid this warning.
  warnings.warn(
/arf/home/meyavuz/.conda/envs/sbn/lib/python3.9/site-packages/sklearn/linear_model/_sag.py:348: ConvergenceWarning: The max_iter was reached which means the coef_ did not converge
  warnings.warn(
Epoch 1/200, Batch 100, Aver_Loss: 1980.8300
Epoch 1/200, Batch 200, Aver_Loss: 1952.9330
Epoch 1/200, Batch 300, Aver_Loss: 1908.0225
Epoch 1/200, Batch 400, Aver_Loss: 1912.7113
[early-stopping] Epoch 1: new best val ELBO = -1906.509354
Epoch 2/200, Batch 100, Aver_Loss: 1913.2106
Epoch 2/200, Batch 200, Aver_Loss: 2030.8500
Epoch 2/200, Batch 300, Aver_Loss: 1896.6481
Epoch 2/200, Batch 400, Aver_Loss: 1893.4442
[early-stopping] Epoch 2: new best val ELBO = -1893.758737
Epoch 3/200, Batch 100, Aver_Loss: 1870.2302
Epoch 3/200, Batch 200, Aver_Loss: 1870.3831
Epoch 3/200, Batch 300, Aver_Loss: 1865.4785
Epoch 3/200, Batch 400, Aver_Loss: 1862.8840
[early-stopping] Epoch 3: new best val ELBO = -1886.688748
Epoch 4/200, Batch 100, Aver_Loss: 1851.5096
Epoch 4/200, Batch 200, Aver_Loss: 1871.8301
Epoch 4/200, Batch 300, Aver_Loss: 1840.1595
Epoch 4/200, Batch 400, Aver_Loss: 1848.4735
[early-stopping] Epoch 4: new best val ELBO = -1862.731532
Epoch 5/200, Batch 100, Aver_Loss: 1877.9613
Epoch 5/200, Batch 200, Aver_Loss: 1868.8712
Epoch 5/200, Batch 300, Aver_Loss: 1940.0476
Epoch 5/200, Batch 400, Aver_Loss: 1856.0042
[early-stopping] Epoch 5: new best val ELBO = -1857.003982
Epoch 6/200, Batch 100, Aver_Loss: 1866.8424
Epoch 6/200, Batch 200, Aver_Loss: 1859.9009
Epoch 6/200, Batch 300, Aver_Loss: 1859.3370
Epoch 6/200, Batch 400, Aver_Loss: 1877.1044
[early-stopping] Epoch 6: new best val ELBO = -1855.665737
Epoch 7/200, Batch 100, Aver_Loss: 1877.8602
Epoch 7/200, Batch 200, Aver_Loss: 1858.3098
Epoch 7/200, Batch 300, Aver_Loss: 1837.3574
Epoch 7/200, Batch 400, Aver_Loss: 1873.3187
[early-stopping] Epoch 7: new best val ELBO = -1855.611402
Epoch 8/200, Batch 100, Aver_Loss: 1860.3232
Epoch 8/200, Batch 200, Aver_Loss: 1847.1196
Epoch 8/200, Batch 300, Aver_Loss: 1857.8881
Epoch 8/200, Batch 400, Aver_Loss: 1858.5146
[early-stopping] Epoch 8: no improvement (1/20)
Epoch 9/200, Batch 100, Aver_Loss: 1842.8290
Epoch 9/200, Batch 200, Aver_Loss: 1866.3956
Epoch 9/200, Batch 300, Aver_Loss: 1844.9912
Epoch 9/200, Batch 400, Aver_Loss: 1852.0554
[early-stopping] Epoch 9: new best val ELBO = -1853.869389
Epoch 10/200, Batch 100, Aver_Loss: 1837.4227
Epoch 10/200, Batch 200, Aver_Loss: 1872.8445
Epoch 10/200, Batch 300, Aver_Loss: 1811.6096
Epoch 10/200, Batch 400, Aver_Loss: 1865.2819
[early-stopping] Epoch 10: no improvement (1/20)
Epoch 11/200, Batch 100, Aver_Loss: 1841.2980
Epoch 11/200, Batch 200, Aver_Loss: 1868.3617
Epoch 11/200, Batch 300, Aver_Loss: 1906.4054
Epoch 11/200, Batch 400, Aver_Loss: 1878.9138
[early-stopping] Epoch 11: no improvement (2/20)
Epoch 12/200, Batch 100, Aver_Loss: 1828.0933
Epoch 12/200, Batch 200, Aver_Loss: 1880.3634
Epoch 12/200, Batch 300, Aver_Loss: 1836.7046
Epoch 12/200, Batch 400, Aver_Loss: 1815.4043
[early-stopping] Epoch 12: new best val ELBO = -1851.230639
Epoch 13/200, Batch 100, Aver_Loss: 1836.1487
Epoch 13/200, Batch 200, Aver_Loss: 1834.9410
Epoch 13/200, Batch 300, Aver_Loss: 1811.1841
Epoch 13/200, Batch 400, Aver_Loss: 1855.1079
[early-stopping] Epoch 13: no improvement (1/20)
Epoch 14/200, Batch 100, Aver_Loss: 1858.8003
Epoch 14/200, Batch 200, Aver_Loss: 1880.8627
Epoch 14/200, Batch 300, Aver_Loss: 1878.3031
Epoch 14/200, Batch 400, Aver_Loss: 1867.3666
[early-stopping] Epoch 14: no improvement (2/20)
Epoch 15/200, Batch 100, Aver_Loss: 1876.4755
Epoch 15/200, Batch 200, Aver_Loss: 1878.8446
Epoch 15/200, Batch 300, Aver_Loss: 1860.9277
Epoch 15/200, Batch 400, Aver_Loss: 1829.1862
[early-stopping] Epoch 15: new best val ELBO = -1848.416063
Epoch 16/200, Batch 100, Aver_Loss: 1878.4186
Epoch 16/200, Batch 200, Aver_Loss: 1840.8506
Epoch 16/200, Batch 300, Aver_Loss: 1821.9347
Epoch 16/200, Batch 400, Aver_Loss: 1863.1023
[early-stopping] Epoch 16: no improvement (1/20)
Epoch 17/200, Batch 100, Aver_Loss: 1813.8472
Epoch 17/200, Batch 200, Aver_Loss: 1831.6265
Epoch 17/200, Batch 300, Aver_Loss: 1867.3997
Epoch 17/200, Batch 400, Aver_Loss: 1846.2986
[early-stopping] Epoch 17: new best val ELBO = -1845.945255
Epoch 18/200, Batch 100, Aver_Loss: 1817.3025
Epoch 18/200, Batch 200, Aver_Loss: 1870.5104
Epoch 18/200, Batch 300, Aver_Loss: 1857.1754
Epoch 18/200, Batch 400, Aver_Loss: 1830.1937
[early-stopping] Epoch 18: no improvement (1/20)
Epoch 19/200, Batch 100, Aver_Loss: 1880.3936
Epoch 19/200, Batch 200, Aver_Loss: 1838.6309
Epoch 19/200, Batch 300, Aver_Loss: 1835.2673
Epoch 19/200, Batch 400, Aver_Loss: 1817.4423
[early-stopping] Epoch 19: no improvement (2/20)
Epoch 20/200, Batch 100, Aver_Loss: 1832.1855
Epoch 20/200, Batch 200, Aver_Loss: 1833.4390
Epoch 20/200, Batch 300, Aver_Loss: 1843.8583
Epoch 20/200, Batch 400, Aver_Loss: 1856.8773
[early-stopping] Epoch 20: no improvement (3/20)
Epoch 21/200, Batch 100, Aver_Loss: 1871.7852
Epoch 21/200, Batch 200, Aver_Loss: 1877.3289
Epoch 21/200, Batch 300, Aver_Loss: 1849.5186
Epoch 21/200, Batch 400, Aver_Loss: 1885.0547
[early-stopping] Epoch 21: no improvement (4/20)
Epoch 22/200, Batch 100, Aver_Loss: 1821.3400
Epoch 22/200, Batch 200, Aver_Loss: 1859.4507
Epoch 22/200, Batch 300, Aver_Loss: 1876.0715
Epoch 22/200, Batch 400, Aver_Loss: 1861.4545
[early-stopping] Epoch 22: new best val ELBO = -1843.304846
Epoch 23/200, Batch 100, Aver_Loss: 1851.8495
Epoch 23/200, Batch 200, Aver_Loss: 1855.9835
Epoch 23/200, Batch 300, Aver_Loss: 1847.6099
Epoch 23/200, Batch 400, Aver_Loss: 1850.5721
[early-stopping] Epoch 23: no improvement (1/20)
Epoch 24/200, Batch 100, Aver_Loss: 1835.9462
Epoch 24/200, Batch 200, Aver_Loss: 1862.4779
Epoch 24/200, Batch 300, Aver_Loss: 1855.8245
Epoch 24/200, Batch 400, Aver_Loss: 1847.6815
[early-stopping] Epoch 24: no improvement (2/20)
Epoch 25/200, Batch 100, Aver_Loss: 1859.7690
Epoch 25/200, Batch 200, Aver_Loss: 1838.8108
Epoch 25/200, Batch 300, Aver_Loss: 1796.7675
Epoch 25/200, Batch 400, Aver_Loss: 1864.2767
[early-stopping] Epoch 25: no improvement (3/20)
Epoch 26/200, Batch 100, Aver_Loss: 1851.9478
Epoch 26/200, Batch 200, Aver_Loss: 1858.6838
Epoch 26/200, Batch 300, Aver_Loss: 1872.1504
Epoch 26/200, Batch 400, Aver_Loss: 1834.3750
[early-stopping] Epoch 26: new best val ELBO = -1842.596002
Epoch 27/200, Batch 100, Aver_Loss: 1817.9620
Epoch 27/200, Batch 200, Aver_Loss: 1877.6195
Epoch 27/200, Batch 300, Aver_Loss: 1846.2739
Epoch 27/200, Batch 400, Aver_Loss: 1860.8423
[early-stopping] Epoch 27: no improvement (1/20)
Epoch 28/200, Batch 100, Aver_Loss: 1852.3651
Epoch 28/200, Batch 200, Aver_Loss: 1884.1901
Epoch 28/200, Batch 300, Aver_Loss: 1844.7467
Epoch 28/200, Batch 400, Aver_Loss: 1874.1770
[early-stopping] Epoch 28: no improvement (2/20)
Epoch 29/200, Batch 100, Aver_Loss: 1851.5739
Epoch 29/200, Batch 200, Aver_Loss: 1867.9998
Epoch 29/200, Batch 300, Aver_Loss: 1889.8182
Epoch 29/200, Batch 400, Aver_Loss: 1882.2745
[early-stopping] Epoch 29: no improvement (3/20)
Epoch 30/200, Batch 100, Aver_Loss: 1782.2719
Epoch 30/200, Batch 200, Aver_Loss: 1821.2015
Epoch 30/200, Batch 300, Aver_Loss: 1872.9850
Epoch 30/200, Batch 400, Aver_Loss: 1820.7540
[early-stopping] Epoch 30: new best val ELBO = -1840.941642
Epoch 31/200, Batch 100, Aver_Loss: 1818.7729
Epoch 31/200, Batch 200, Aver_Loss: 1826.4807
Epoch 31/200, Batch 300, Aver_Loss: 1848.0754
Epoch 31/200, Batch 400, Aver_Loss: 1838.7843
[early-stopping] Epoch 31: no improvement (1/20)
Epoch 32/200, Batch 100, Aver_Loss: 1803.5664
Epoch 32/200, Batch 200, Aver_Loss: 1862.0707
Epoch 32/200, Batch 300, Aver_Loss: 1874.3555
Epoch 32/200, Batch 400, Aver_Loss: 1823.9684
[early-stopping] Epoch 32: no improvement (2/20)
Epoch 33/200, Batch 100, Aver_Loss: 1814.5206
Epoch 33/200, Batch 200, Aver_Loss: 1829.0630
Epoch 33/200, Batch 300, Aver_Loss: 1852.7367
Epoch 33/200, Batch 400, Aver_Loss: 1829.6638
[early-stopping] Epoch 33: no improvement (3/20)
Epoch 34/200, Batch 100, Aver_Loss: 1827.5555
Epoch 34/200, Batch 200, Aver_Loss: 1837.9231
Epoch 34/200, Batch 300, Aver_Loss: 1861.8147
Epoch 34/200, Batch 400, Aver_Loss: 1837.7004
[early-stopping] Epoch 34: no improvement (4/20)
Epoch 35/200, Batch 100, Aver_Loss: 1841.3842
Epoch 35/200, Batch 200, Aver_Loss: 1869.4418
Epoch 35/200, Batch 300, Aver_Loss: 1871.0388
Epoch 35/200, Batch 400, Aver_Loss: 1862.1978
[early-stopping] Epoch 35: no improvement (5/20)
Epoch 36/200, Batch 100, Aver_Loss: 1840.1063
Epoch 36/200, Batch 200, Aver_Loss: 1843.6390
Epoch 36/200, Batch 300, Aver_Loss: 1830.2284
Epoch 36/200, Batch 400, Aver_Loss: 1854.4532
[early-stopping] Epoch 36: no improvement (6/20)
Epoch 37/200, Batch 100, Aver_Loss: 1852.6979
Epoch 37/200, Batch 200, Aver_Loss: 1861.7274
Epoch 37/200, Batch 300, Aver_Loss: 1815.4414
Epoch 37/200, Batch 400, Aver_Loss: 1831.7959
[early-stopping] Epoch 37: no improvement (7/20)
Epoch 38/200, Batch 100, Aver_Loss: 1832.5554
Epoch 38/200, Batch 200, Aver_Loss: 1878.5433
Epoch 38/200, Batch 300, Aver_Loss: 1871.0433
Epoch 38/200, Batch 400, Aver_Loss: 1827.0798
[early-stopping] Epoch 38: no improvement (8/20)
Epoch 39/200, Batch 100, Aver_Loss: 1892.0870
Epoch 39/200, Batch 200, Aver_Loss: 1808.3195
Epoch 39/200, Batch 300, Aver_Loss: 1830.5065
Epoch 39/200, Batch 400, Aver_Loss: 1833.0029
[early-stopping] Epoch 39: no improvement (9/20)
Epoch 40/200, Batch 100, Aver_Loss: 1853.7858
Epoch 40/200, Batch 200, Aver_Loss: 1907.0627
Epoch 40/200, Batch 300, Aver_Loss: 1804.8516
Epoch 40/200, Batch 400, Aver_Loss: 1827.2467
[early-stopping] Epoch 40: new best val ELBO = -1839.561003
Epoch 41/200, Batch 100, Aver_Loss: 1821.6766
Epoch 41/200, Batch 200, Aver_Loss: 1855.5293
Epoch 41/200, Batch 300, Aver_Loss: 1842.5240
Epoch 41/200, Batch 400, Aver_Loss: 1820.5770
[early-stopping] Epoch 41: new best val ELBO = -1839.164096
Epoch 42/200, Batch 100, Aver_Loss: 1836.6195
Epoch 42/200, Batch 200, Aver_Loss: 1838.1315
Epoch 42/200, Batch 300, Aver_Loss: 1809.7845
Epoch 42/200, Batch 400, Aver_Loss: 1831.3428
[early-stopping] Epoch 42: no improvement (1/20)
Epoch 43/200, Batch 100, Aver_Loss: 1839.1436
Epoch 43/200, Batch 200, Aver_Loss: 1871.1940
Epoch 43/200, Batch 300, Aver_Loss: 1855.5977
Epoch 43/200, Batch 400, Aver_Loss: 1874.5054
[early-stopping] Epoch 43: new best val ELBO = -1839.035765
Epoch 44/200, Batch 100, Aver_Loss: 1864.6626
Epoch 44/200, Batch 200, Aver_Loss: 1832.2201
Epoch 44/200, Batch 300, Aver_Loss: 1803.8718
Epoch 44/200, Batch 400, Aver_Loss: 1826.2441
[early-stopping] Epoch 44: no improvement (1/20)
Epoch 45/200, Batch 100, Aver_Loss: 1811.7202
Epoch 45/200, Batch 200, Aver_Loss: 1840.5284
Epoch 45/200, Batch 300, Aver_Loss: 1863.2262
Epoch 45/200, Batch 400, Aver_Loss: 1821.6595
[early-stopping] Epoch 45: new best val ELBO = -1838.349825
Epoch 46/200, Batch 100, Aver_Loss: 1844.8003
Epoch 46/200, Batch 200, Aver_Loss: 1853.6552
Epoch 46/200, Batch 300, Aver_Loss: 1814.1564
Epoch 46/200, Batch 400, Aver_Loss: 1844.0801
[early-stopping] Epoch 46: no improvement (1/20)
Epoch 47/200, Batch 100, Aver_Loss: 1854.9265
Epoch 47/200, Batch 200, Aver_Loss: 1823.3629
Epoch 47/200, Batch 300, Aver_Loss: 1860.3162
Epoch 47/200, Batch 400, Aver_Loss: 1862.2753
[early-stopping] Epoch 47: no improvement (2/20)
Epoch 48/200, Batch 100, Aver_Loss: 1830.4091
Epoch 48/200, Batch 200, Aver_Loss: 1894.9333
Epoch 48/200, Batch 300, Aver_Loss: 1815.6051
Epoch 48/200, Batch 400, Aver_Loss: 1821.5187
[early-stopping] Epoch 48: no improvement (3/20)
Epoch 49/200, Batch 100, Aver_Loss: 1822.8484
Epoch 49/200, Batch 200, Aver_Loss: 1857.9125
Epoch 49/200, Batch 300, Aver_Loss: 1817.1832
Epoch 49/200, Batch 400, Aver_Loss: 1839.8634
[early-stopping] Epoch 49: no improvement (4/20)
Epoch 50/200, Batch 100, Aver_Loss: 1833.6921
Epoch 50/200, Batch 200, Aver_Loss: 1816.1279
Epoch 50/200, Batch 300, Aver_Loss: 1835.0825
Epoch 50/200, Batch 400, Aver_Loss: 1823.0026
[early-stopping] Epoch 50: no improvement (5/20)
Epoch 51/200, Batch 100, Aver_Loss: 1832.6040
Epoch 51/200, Batch 200, Aver_Loss: 1867.6230
Epoch 51/200, Batch 300, Aver_Loss: 1830.8119
Epoch 51/200, Batch 400, Aver_Loss: 1856.2148
[early-stopping] Epoch 51: no improvement (6/20)
Epoch 52/200, Batch 100, Aver_Loss: 1862.0673
Epoch 52/200, Batch 200, Aver_Loss: 1857.3792
Epoch 52/200, Batch 300, Aver_Loss: 1850.8953
Epoch 52/200, Batch 400, Aver_Loss: 1880.0132
[early-stopping] Epoch 52: no improvement (7/20)
Epoch 53/200, Batch 100, Aver_Loss: 1835.9623
Epoch 53/200, Batch 200, Aver_Loss: 1844.2960
Epoch 53/200, Batch 300, Aver_Loss: 1863.4487
Epoch 53/200, Batch 400, Aver_Loss: 1832.2544
[early-stopping] Epoch 53: no improvement (8/20)
Epoch 54/200, Batch 100, Aver_Loss: 1821.8757
Epoch 54/200, Batch 200, Aver_Loss: 1833.3009
Epoch 54/200, Batch 300, Aver_Loss: 1859.4642
Epoch 54/200, Batch 400, Aver_Loss: 1813.4062
[early-stopping] Epoch 54: new best val ELBO = -1837.909149
Epoch 55/200, Batch 100, Aver_Loss: 1811.8748
Epoch 55/200, Batch 200, Aver_Loss: 1844.6174
Epoch 55/200, Batch 300, Aver_Loss: 1871.9570
Epoch 55/200, Batch 400, Aver_Loss: 1809.1122
[early-stopping] Epoch 55: no improvement (1/20)
Epoch 56/200, Batch 100, Aver_Loss: 1844.2278
Epoch 56/200, Batch 200, Aver_Loss: 1850.2057
Epoch 56/200, Batch 300, Aver_Loss: 1859.1764
Epoch 56/200, Batch 400, Aver_Loss: 1819.9331
[early-stopping] Epoch 56: no improvement (2/20)
Epoch 57/200, Batch 100, Aver_Loss: 1871.6577
Epoch 57/200, Batch 200, Aver_Loss: 1825.3293
Epoch 57/200, Batch 300, Aver_Loss: 1866.9746
Epoch 57/200, Batch 400, Aver_Loss: 1807.8500
[early-stopping] Epoch 57: no improvement (3/20)
Epoch 58/200, Batch 100, Aver_Loss: 1821.8992
Epoch 58/200, Batch 200, Aver_Loss: 1864.3573
Epoch 58/200, Batch 300, Aver_Loss: 1808.1187
Epoch 58/200, Batch 400, Aver_Loss: 1866.6105
[early-stopping] Epoch 58: no improvement (4/20)
Epoch 59/200, Batch 100, Aver_Loss: 1847.0931
Epoch 59/200, Batch 200, Aver_Loss: 1873.9015
Epoch 59/200, Batch 300, Aver_Loss: 1846.3477
Epoch 59/200, Batch 400, Aver_Loss: 1838.7053
[early-stopping] Epoch 59: no improvement (5/20)
Epoch 60/200, Batch 100, Aver_Loss: 1841.8735
Epoch 60/200, Batch 200, Aver_Loss: 1838.5945
Epoch 60/200, Batch 300, Aver_Loss: 1836.3083
Epoch 60/200, Batch 400, Aver_Loss: 1883.2703
[early-stopping] Epoch 60: new best val ELBO = -1837.141150
Epoch 61/200, Batch 100, Aver_Loss: 1829.2875
Epoch 61/200, Batch 200, Aver_Loss: 1854.2188
Epoch 61/200, Batch 300, Aver_Loss: 1844.4706
Epoch 61/200, Batch 400, Aver_Loss: 1854.4333
[early-stopping] Epoch 61: no improvement (1/20)
Epoch 62/200, Batch 100, Aver_Loss: 1810.4780
Epoch 62/200, Batch 200, Aver_Loss: 1858.3158
Epoch 62/200, Batch 300, Aver_Loss: 1831.2479
Epoch 62/200, Batch 400, Aver_Loss: 1836.7429
[early-stopping] Epoch 62: no improvement (2/20)
Epoch 63/200, Batch 100, Aver_Loss: 1828.9426
Epoch 63/200, Batch 200, Aver_Loss: 1834.0795
Epoch 63/200, Batch 300, Aver_Loss: 1824.4344
Epoch 63/200, Batch 400, Aver_Loss: 1857.3884
[early-stopping] Epoch 63: no improvement (3/20)
Epoch 64/200, Batch 100, Aver_Loss: 1817.3595
Epoch 64/200, Batch 200, Aver_Loss: 1830.3666
Epoch 64/200, Batch 300, Aver_Loss: 1793.2877
Epoch 64/200, Batch 400, Aver_Loss: 1812.9015
[early-stopping] Epoch 64: no improvement (4/20)
Epoch 65/200, Batch 100, Aver_Loss: 1844.3718
Epoch 65/200, Batch 200, Aver_Loss: 1838.7446
Epoch 65/200, Batch 300, Aver_Loss: 1849.0111
Epoch 65/200, Batch 400, Aver_Loss: 1821.5012
[early-stopping] Epoch 65: no improvement (5/20)
Epoch 66/200, Batch 100, Aver_Loss: 1836.1145
Epoch 66/200, Batch 200, Aver_Loss: 1820.0743
Epoch 66/200, Batch 300, Aver_Loss: 1820.5527
Epoch 66/200, Batch 400, Aver_Loss: 1854.7522
[early-stopping] Epoch 66: no improvement (6/20)
Epoch 67/200, Batch 100, Aver_Loss: 1851.7194
Epoch 67/200, Batch 200, Aver_Loss: 1833.0538
Epoch 67/200, Batch 300, Aver_Loss: 1844.0615
Epoch 67/200, Batch 400, Aver_Loss: 1837.1183
[early-stopping] Epoch 67: new best val ELBO = -1837.018220
Epoch 68/200, Batch 100, Aver_Loss: 1807.7737
Epoch 68/200, Batch 200, Aver_Loss: 1818.8730
Epoch 68/200, Batch 300, Aver_Loss: 1855.6454
Epoch 68/200, Batch 400, Aver_Loss: 1813.2218
[early-stopping] Epoch 68: no improvement (1/20)
Epoch 69/200, Batch 100, Aver_Loss: 1853.2781
Epoch 69/200, Batch 200, Aver_Loss: 1829.5616
Epoch 69/200, Batch 300, Aver_Loss: 1832.9492
Epoch 69/200, Batch 400, Aver_Loss: 1809.3427
[early-stopping] Epoch 69: no improvement (2/20)
Epoch 70/200, Batch 100, Aver_Loss: 1818.8921
Epoch 70/200, Batch 200, Aver_Loss: 1846.0504
Epoch 70/200, Batch 300, Aver_Loss: 1872.5764
Epoch 70/200, Batch 400, Aver_Loss: 1850.4164
[early-stopping] Epoch 70: no improvement (3/20)
Epoch 71/200, Batch 100, Aver_Loss: 1848.8077
Epoch 71/200, Batch 200, Aver_Loss: 1835.5566
Epoch 71/200, Batch 300, Aver_Loss: 1857.1663
Epoch 71/200, Batch 400, Aver_Loss: 1823.8887
[early-stopping] Epoch 71: no improvement (4/20)
Epoch 72/200, Batch 100, Aver_Loss: 1824.7198
Epoch 72/200, Batch 200, Aver_Loss: 1808.5632
Epoch 72/200, Batch 300, Aver_Loss: 1805.2943
Epoch 72/200, Batch 400, Aver_Loss: 1869.6118
[early-stopping] Epoch 72: no improvement (5/20)
Epoch 73/200, Batch 100, Aver_Loss: 1872.0084
Epoch 73/200, Batch 200, Aver_Loss: 1862.6012
Epoch 73/200, Batch 300, Aver_Loss: 1840.2964
Epoch 73/200, Batch 400, Aver_Loss: 1864.3324
[early-stopping] Epoch 73: no improvement (6/20)
Epoch 74/200, Batch 100, Aver_Loss: 1842.2301
Epoch 74/200, Batch 200, Aver_Loss: 1847.6876
Epoch 74/200, Batch 300, Aver_Loss: 1873.7277
Epoch 74/200, Batch 400, Aver_Loss: 1847.2356
[early-stopping] Epoch 74: no improvement (7/20)
Epoch 75/200, Batch 100, Aver_Loss: 1842.0592
Epoch 75/200, Batch 200, Aver_Loss: 1795.9106
Epoch 75/200, Batch 300, Aver_Loss: 1839.8602
Epoch 75/200, Batch 400, Aver_Loss: 1832.3873
[early-stopping] Epoch 75: no improvement (8/20)
Epoch 76/200, Batch 100, Aver_Loss: 1844.5605
Epoch 76/200, Batch 200, Aver_Loss: 1842.1382
Epoch 76/200, Batch 300, Aver_Loss: 1838.3666
Epoch 76/200, Batch 400, Aver_Loss: 1879.9663
[early-stopping] Epoch 76: new best val ELBO = -1836.774160
Epoch 77/200, Batch 100, Aver_Loss: 1833.7263
Epoch 77/200, Batch 200, Aver_Loss: 1828.4399
Epoch 77/200, Batch 300, Aver_Loss: 1811.3370
Epoch 77/200, Batch 400, Aver_Loss: 1804.2563
[early-stopping] Epoch 77: no improvement (1/20)
Epoch 78/200, Batch 100, Aver_Loss: 1860.5076
Epoch 78/200, Batch 200, Aver_Loss: 1809.2721
Epoch 78/200, Batch 300, Aver_Loss: 1839.5768
Epoch 78/200, Batch 400, Aver_Loss: 1838.5081
[early-stopping] Epoch 78: no improvement (2/20)
Epoch 79/200, Batch 100, Aver_Loss: 1819.4629
Epoch 79/200, Batch 200, Aver_Loss: 1862.1548
Epoch 79/200, Batch 300, Aver_Loss: 1866.9427
Epoch 79/200, Batch 400, Aver_Loss: 1861.8770
[early-stopping] Epoch 79: no improvement (3/20)
Epoch 80/200, Batch 100, Aver_Loss: 1841.2964
Epoch 80/200, Batch 200, Aver_Loss: 1828.6241
Epoch 80/200, Batch 300, Aver_Loss: 1839.8556
Epoch 80/200, Batch 400, Aver_Loss: 1811.6754
[early-stopping] Epoch 80: no improvement (4/20)
Epoch 81/200, Batch 100, Aver_Loss: 1822.0739
Epoch 81/200, Batch 200, Aver_Loss: 1866.8384
Epoch 81/200, Batch 300, Aver_Loss: 1805.5814
Epoch 81/200, Batch 400, Aver_Loss: 1783.4390
[early-stopping] Epoch 81: new best val ELBO = -1835.599327
Epoch 82/200, Batch 100, Aver_Loss: 1827.4866
Epoch 82/200, Batch 200, Aver_Loss: 1843.3013
Epoch 82/200, Batch 300, Aver_Loss: 1809.0762
Epoch 82/200, Batch 400, Aver_Loss: 1812.4576
[early-stopping] Epoch 82: no improvement (1/20)
Epoch 83/200, Batch 100, Aver_Loss: 1796.9198
Epoch 83/200, Batch 200, Aver_Loss: 1826.3926
Epoch 83/200, Batch 300, Aver_Loss: 1876.7085
Epoch 83/200, Batch 400, Aver_Loss: 1865.6030
[early-stopping] Epoch 83: no improvement (2/20)
Epoch 84/200, Batch 100, Aver_Loss: 1831.0281
Epoch 84/200, Batch 200, Aver_Loss: 1863.7643
Epoch 84/200, Batch 300, Aver_Loss: 1816.8911
Epoch 84/200, Batch 400, Aver_Loss: 1850.9276
[early-stopping] Epoch 84: no improvement (3/20)
Epoch 85/200, Batch 100, Aver_Loss: 1863.2881
Epoch 85/200, Batch 200, Aver_Loss: 1845.9052
Epoch 85/200, Batch 300, Aver_Loss: 1826.4198
Epoch 85/200, Batch 400, Aver_Loss: 1822.0217
[early-stopping] Epoch 85: no improvement (4/20)
Epoch 86/200, Batch 100, Aver_Loss: 1879.6198
Epoch 86/200, Batch 200, Aver_Loss: 1823.9348
Epoch 86/200, Batch 300, Aver_Loss: 1830.7452
Epoch 86/200, Batch 400, Aver_Loss: 1850.7671
[early-stopping] Epoch 86: no improvement (5/20)
Epoch 87/200, Batch 100, Aver_Loss: 1820.8901
Epoch 87/200, Batch 200, Aver_Loss: 1843.8383
Epoch 87/200, Batch 300, Aver_Loss: 1844.3501
Epoch 87/200, Batch 400, Aver_Loss: 1803.1602
[early-stopping] Epoch 87: no improvement (6/20)
Epoch 88/200, Batch 100, Aver_Loss: 1814.7056
Epoch 88/200, Batch 200, Aver_Loss: 1812.0861
Epoch 88/200, Batch 300, Aver_Loss: 1827.4108
Epoch 88/200, Batch 400, Aver_Loss: 1829.9773
[early-stopping] Epoch 88: no improvement (7/20)
Epoch 89/200, Batch 100, Aver_Loss: 1800.6027
Epoch 89/200, Batch 200, Aver_Loss: 1856.9537
Epoch 89/200, Batch 300, Aver_Loss: 1824.9761
Epoch 89/200, Batch 400, Aver_Loss: 1850.8385
[early-stopping] Epoch 89: no improvement (8/20)
Epoch 90/200, Batch 100, Aver_Loss: 1869.0562
Epoch 90/200, Batch 200, Aver_Loss: 1847.2231
Epoch 90/200, Batch 300, Aver_Loss: 1866.6409
Epoch 90/200, Batch 400, Aver_Loss: 1862.7217
[early-stopping] Epoch 90: no improvement (9/20)
Epoch 91/200, Batch 100, Aver_Loss: 1840.2609
Epoch 91/200, Batch 200, Aver_Loss: 1828.3228
Epoch 91/200, Batch 300, Aver_Loss: 1844.6799
Epoch 91/200, Batch 400, Aver_Loss: 1902.3787
[early-stopping] Epoch 91: no improvement (10/20)
Epoch 92/200, Batch 100, Aver_Loss: 1824.7667
Epoch 92/200, Batch 200, Aver_Loss: 1820.3677
Epoch 92/200, Batch 300, Aver_Loss: 1814.6350
Epoch 92/200, Batch 400, Aver_Loss: 1794.8861
[early-stopping] Epoch 92: no improvement (11/20)
Epoch 93/200, Batch 100, Aver_Loss: 1834.7128
Epoch 93/200, Batch 200, Aver_Loss: 1831.2288
Epoch 93/200, Batch 300, Aver_Loss: 1824.9683
Epoch 93/200, Batch 400, Aver_Loss: 1837.9191
[early-stopping] Epoch 93: no improvement (12/20)
Epoch 94/200, Batch 100, Aver_Loss: 1883.8215
Epoch 94/200, Batch 200, Aver_Loss: 1823.8823
Epoch 94/200, Batch 300, Aver_Loss: 1819.4442
Epoch 94/200, Batch 400, Aver_Loss: 1877.6630
[early-stopping] Epoch 94: no improvement (13/20)
Epoch 95/200, Batch 100, Aver_Loss: 1847.3273
Epoch 95/200, Batch 200, Aver_Loss: 1895.2109
Epoch 95/200, Batch 300, Aver_Loss: 1809.2662
Epoch 95/200, Batch 400, Aver_Loss: 1847.3851
[early-stopping] Epoch 95: no improvement (14/20)
Epoch 96/200, Batch 100, Aver_Loss: 1843.4851
Epoch 96/200, Batch 200, Aver_Loss: 1858.3979
Epoch 96/200, Batch 300, Aver_Loss: 1818.6218
Epoch 96/200, Batch 400, Aver_Loss: 1847.6842
[early-stopping] Epoch 96: no improvement (15/20)
Epoch 97/200, Batch 100, Aver_Loss: 1846.6074
Epoch 97/200, Batch 200, Aver_Loss: 1838.2491
Epoch 97/200, Batch 300, Aver_Loss: 1851.0331
Epoch 97/200, Batch 400, Aver_Loss: 1840.0193
[early-stopping] Epoch 97: no improvement (16/20)
Epoch 98/200, Batch 100, Aver_Loss: 1851.6627
Epoch 98/200, Batch 200, Aver_Loss: 1813.1821
Epoch 98/200, Batch 300, Aver_Loss: 1870.1576
Epoch 98/200, Batch 400, Aver_Loss: 1823.5184
[early-stopping] Epoch 98: no improvement (17/20)
Epoch 99/200, Batch 100, Aver_Loss: 1811.9425
Epoch 99/200, Batch 200, Aver_Loss: 1794.8505
Epoch 99/200, Batch 300, Aver_Loss: 1848.2882
Epoch 99/200, Batch 400, Aver_Loss: 1868.0890
[early-stopping] Epoch 99: new best val ELBO = -1835.399926
Epoch 100/200, Batch 100, Aver_Loss: 1807.1523
Epoch 100/200, Batch 200, Aver_Loss: 1794.6692
Epoch 100/200, Batch 300, Aver_Loss: 1830.6191
Epoch 100/200, Batch 400, Aver_Loss: 1830.4950
[early-stopping] Epoch 100: no improvement (1/20)
Epoch 101/200, Batch 100, Aver_Loss: 1836.1519
Epoch 101/200, Batch 200, Aver_Loss: 1824.9529
Epoch 101/200, Batch 300, Aver_Loss: 1791.4967
Epoch 101/200, Batch 400, Aver_Loss: 1805.8052
[early-stopping] Epoch 101: no improvement (2/20)
Epoch 102/200, Batch 100, Aver_Loss: 1830.3612
Epoch 102/200, Batch 200, Aver_Loss: 1897.7490
Epoch 102/200, Batch 300, Aver_Loss: 1844.0760
Epoch 102/200, Batch 400, Aver_Loss: 1815.9512
[early-stopping] Epoch 102: no improvement (3/20)
Epoch 103/200, Batch 100, Aver_Loss: 1849.0974
Epoch 103/200, Batch 200, Aver_Loss: 1865.4917
Epoch 103/200, Batch 300, Aver_Loss: 1838.4354
Epoch 103/200, Batch 400, Aver_Loss: 1825.5150
[early-stopping] Epoch 103: no improvement (4/20)
Epoch 104/200, Batch 100, Aver_Loss: 1857.8422
Epoch 104/200, Batch 200, Aver_Loss: 1850.0527
Epoch 104/200, Batch 300, Aver_Loss: 1823.4181
Epoch 104/200, Batch 400, Aver_Loss: 1843.1765
[early-stopping] Epoch 104: no improvement (5/20)
Epoch 105/200, Batch 100, Aver_Loss: 1844.8398
Epoch 105/200, Batch 200, Aver_Loss: 1837.8395
Epoch 105/200, Batch 300, Aver_Loss: 1820.1844
Epoch 105/200, Batch 400, Aver_Loss: 1824.9878
[early-stopping] Epoch 105: no improvement (6/20)
Epoch 106/200, Batch 100, Aver_Loss: 1847.9370
Epoch 106/200, Batch 200, Aver_Loss: 1823.7920
Epoch 106/200, Batch 300, Aver_Loss: 1856.5111
Epoch 106/200, Batch 400, Aver_Loss: 1863.7209
[early-stopping] Epoch 106: no improvement (7/20)
Epoch 107/200, Batch 100, Aver_Loss: 1852.3429
Epoch 107/200, Batch 200, Aver_Loss: 1817.2260
Epoch 107/200, Batch 300, Aver_Loss: 1807.1005
Epoch 107/200, Batch 400, Aver_Loss: 1869.0779
[early-stopping] Epoch 107: no improvement (8/20)
Epoch 108/200, Batch 100, Aver_Loss: 1863.9010
Epoch 108/200, Batch 200, Aver_Loss: 1853.0593
Epoch 108/200, Batch 300, Aver_Loss: 1826.2319
Epoch 108/200, Batch 400, Aver_Loss: 1850.3004
[early-stopping] Epoch 108: no improvement (9/20)
Epoch 109/200, Batch 100, Aver_Loss: 1844.1925
Epoch 109/200, Batch 200, Aver_Loss: 1852.0582
Epoch 109/200, Batch 300, Aver_Loss: 1845.8837
Epoch 109/200, Batch 400, Aver_Loss: 1889.4359
[early-stopping] Epoch 109: no improvement (10/20)
Epoch 110/200, Batch 100, Aver_Loss: 1867.1365
Epoch 110/200, Batch 200, Aver_Loss: 1869.7172
Epoch 110/200, Batch 300, Aver_Loss: 1832.9962
Epoch 110/200, Batch 400, Aver_Loss: 1837.5131
[early-stopping] Epoch 110: no improvement (11/20)
Epoch 111/200, Batch 100, Aver_Loss: 1815.7788
Epoch 111/200, Batch 200, Aver_Loss: 1839.5039
Epoch 111/200, Batch 300, Aver_Loss: 1867.9791
Epoch 111/200, Batch 400, Aver_Loss: 1800.6108
[early-stopping] Epoch 111: no improvement (12/20)
Epoch 112/200, Batch 100, Aver_Loss: 1856.7725
Epoch 112/200, Batch 200, Aver_Loss: 1828.7742
Epoch 112/200, Batch 300, Aver_Loss: 1823.2698
Epoch 112/200, Batch 400, Aver_Loss: 1848.6128
[early-stopping] Epoch 112: no improvement (13/20)
Epoch 113/200, Batch 100, Aver_Loss: 1821.2366
Epoch 113/200, Batch 200, Aver_Loss: 1867.3779
Epoch 113/200, Batch 300, Aver_Loss: 1834.5090
Epoch 113/200, Batch 400, Aver_Loss: 1839.0247
[early-stopping] Epoch 113: no improvement (14/20)
Epoch 114/200, Batch 100, Aver_Loss: 1804.4840
Epoch 114/200, Batch 200, Aver_Loss: 1839.9249
Epoch 114/200, Batch 300, Aver_Loss: 1848.5208
Epoch 114/200, Batch 400, Aver_Loss: 1844.8346
[early-stopping] Epoch 114: no improvement (15/20)
Epoch 115/200, Batch 100, Aver_Loss: 1823.0209
Epoch 115/200, Batch 200, Aver_Loss: 1825.1085
Epoch 115/200, Batch 300, Aver_Loss: 1795.0662
Epoch 115/200, Batch 400, Aver_Loss: 1818.6816
[early-stopping] Epoch 115: no improvement (16/20)
Epoch 116/200, Batch 100, Aver_Loss: 1867.8812
Epoch 116/200, Batch 200, Aver_Loss: 1813.6067
Epoch 116/200, Batch 300, Aver_Loss: 1820.9036
Epoch 116/200, Batch 400, Aver_Loss: 1831.8121
[early-stopping] Epoch 116: no improvement (17/20)
Epoch 117/200, Batch 100, Aver_Loss: 1822.3759
Epoch 117/200, Batch 200, Aver_Loss: 1871.1401
Epoch 117/200, Batch 300, Aver_Loss: 1856.5173
Epoch 117/200, Batch 400, Aver_Loss: 1831.1705
[early-stopping] Epoch 117: new best val ELBO = -1834.831866
Epoch 118/200, Batch 100, Aver_Loss: 1855.2806
Epoch 118/200, Batch 200, Aver_Loss: 1801.4032
Epoch 118/200, Batch 300, Aver_Loss: 1851.7268
Epoch 118/200, Batch 400, Aver_Loss: 1806.8318
[early-stopping] Epoch 118: no improvement (1/20)
Epoch 119/200, Batch 100, Aver_Loss: 1859.3752
Epoch 119/200, Batch 200, Aver_Loss: 1876.4525
Epoch 119/200, Batch 300, Aver_Loss: 1832.1849
Epoch 119/200, Batch 400, Aver_Loss: 1816.9431
[early-stopping] Epoch 119: no improvement (2/20)
Epoch 120/200, Batch 100, Aver_Loss: 1868.5447
Epoch 120/200, Batch 200, Aver_Loss: 1844.8052
Epoch 120/200, Batch 300, Aver_Loss: 1844.6147
Epoch 120/200, Batch 400, Aver_Loss: 1849.8418
[early-stopping] Epoch 120: no improvement (3/20)
Epoch 121/200, Batch 100, Aver_Loss: 1833.6567
Epoch 121/200, Batch 200, Aver_Loss: 1834.0588
Epoch 121/200, Batch 300, Aver_Loss: 1835.9415
Epoch 121/200, Batch 400, Aver_Loss: 1852.2788
[early-stopping] Epoch 121: no improvement (4/20)
Epoch 122/200, Batch 100, Aver_Loss: 1825.8015
Epoch 122/200, Batch 200, Aver_Loss: 1821.0253
Epoch 122/200, Batch 300, Aver_Loss: 1832.2728
Epoch 122/200, Batch 400, Aver_Loss: 1845.2896
[early-stopping] Epoch 122: no improvement (5/20)
Epoch 123/200, Batch 100, Aver_Loss: 1840.0157
Epoch 123/200, Batch 200, Aver_Loss: 1839.1235
Epoch 123/200, Batch 300, Aver_Loss: 1861.9595
Epoch 123/200, Batch 400, Aver_Loss: 1857.2168
[early-stopping] Epoch 123: no improvement (6/20)
Epoch 124/200, Batch 100, Aver_Loss: 1837.3881
Epoch 124/200, Batch 200, Aver_Loss: 1830.6462
Epoch 124/200, Batch 300, Aver_Loss: 1843.2474
Epoch 124/200, Batch 400, Aver_Loss: 1835.7001
[early-stopping] Epoch 124: no improvement (7/20)
Epoch 125/200, Batch 100, Aver_Loss: 1855.8633
Epoch 125/200, Batch 200, Aver_Loss: 1808.4941
Epoch 125/200, Batch 300, Aver_Loss: 1836.5103
Epoch 125/200, Batch 400, Aver_Loss: 1845.6794
[early-stopping] Epoch 125: no improvement (8/20)
Epoch 126/200, Batch 100, Aver_Loss: 1868.1049
Epoch 126/200, Batch 200, Aver_Loss: 1847.2170
Epoch 126/200, Batch 300, Aver_Loss: 1826.2679
Epoch 126/200, Batch 400, Aver_Loss: 1835.2296
[early-stopping] Epoch 126: no improvement (9/20)
Epoch 127/200, Batch 100, Aver_Loss: 1865.9440
Epoch 127/200, Batch 200, Aver_Loss: 1855.4077
Epoch 127/200, Batch 300, Aver_Loss: 1804.1251
Epoch 127/200, Batch 400, Aver_Loss: 1836.0737
[early-stopping] Epoch 127: no improvement (10/20)
Epoch 128/200, Batch 100, Aver_Loss: 1817.4746
Epoch 128/200, Batch 200, Aver_Loss: 1841.8915
Epoch 128/200, Batch 300, Aver_Loss: 1824.4791
Epoch 128/200, Batch 400, Aver_Loss: 1838.1219
[early-stopping] Epoch 128: no improvement (11/20)
Epoch 129/200, Batch 100, Aver_Loss: 1801.4987
Epoch 129/200, Batch 200, Aver_Loss: 1783.1304
Epoch 129/200, Batch 300, Aver_Loss: 1853.5669
Epoch 129/200, Batch 400, Aver_Loss: 1868.0505
[early-stopping] Epoch 129: no improvement (12/20)
Epoch 130/200, Batch 100, Aver_Loss: 1864.3021
Epoch 130/200, Batch 200, Aver_Loss: 1842.1636
Epoch 130/200, Batch 300, Aver_Loss: 1813.8466
Epoch 130/200, Batch 400, Aver_Loss: 1853.8663
[early-stopping] Epoch 130: no improvement (13/20)
Epoch 131/200, Batch 100, Aver_Loss: 1806.2792
Epoch 131/200, Batch 200, Aver_Loss: 1811.5359
Epoch 131/200, Batch 300, Aver_Loss: 1803.7546
Epoch 131/200, Batch 400, Aver_Loss: 1812.9153
[early-stopping] Epoch 131: no improvement (14/20)
Epoch 132/200, Batch 100, Aver_Loss: 1870.3290
Epoch 132/200, Batch 200, Aver_Loss: 1805.6261
Epoch 132/200, Batch 300, Aver_Loss: 1866.3267
Epoch 132/200, Batch 400, Aver_Loss: 1857.9323
[early-stopping] Epoch 132: no improvement (15/20)
Epoch 133/200, Batch 100, Aver_Loss: 1794.9045
Epoch 133/200, Batch 200, Aver_Loss: 1818.1716
Epoch 133/200, Batch 300, Aver_Loss: 1896.1538
Epoch 133/200, Batch 400, Aver_Loss: 1817.7676
[early-stopping] Epoch 133: no improvement (16/20)
Epoch 134/200, Batch 100, Aver_Loss: 1871.8951
Epoch 134/200, Batch 200, Aver_Loss: 1807.1244
Epoch 134/200, Batch 300, Aver_Loss: 1851.8370
Epoch 134/200, Batch 400, Aver_Loss: 1841.5164
[early-stopping] Epoch 134: no improvement (17/20)
Epoch 135/200, Batch 100, Aver_Loss: 1812.2623
Epoch 135/200, Batch 200, Aver_Loss: 1812.3225
Epoch 135/200, Batch 300, Aver_Loss: 1865.3718
Epoch 135/200, Batch 400, Aver_Loss: 1841.6141
[early-stopping] Epoch 135: no improvement (18/20)
Epoch 136/200, Batch 100, Aver_Loss: 1824.5555
Epoch 136/200, Batch 200, Aver_Loss: 1809.0714
Epoch 136/200, Batch 300, Aver_Loss: 1835.4148
Epoch 136/200, Batch 400, Aver_Loss: 1856.2043
[early-stopping] Epoch 136: no improvement (19/20)
Epoch 137/200, Batch 100, Aver_Loss: 1845.5748
Epoch 137/200, Batch 200, Aver_Loss: 1806.7830
Epoch 137/200, Batch 300, Aver_Loss: 1826.6212
Epoch 137/200, Batch 400, Aver_Loss: 1850.2445
[early-stopping] Epoch 137: no improvement (20/20)
[early-stopping] Patience reached. Stopping at epoch 137. Best epoch: 117, best val ELBO: -1834.831866
[early-stopping] Loaded best model from epoch 117 (val ELBO = -1834.831866)
[checkpoint] Saved best model to: trained_parameters/cifar10_zdim256_VAE.pkl
[saved curves] ./results/CIFAR10/curves/cifar10_vae_d256_s777.json

==== Evaluation Summary ====
                 model: vae
   recon/mse_per_pixel: 0.014899
            elbo/train: -1833.516378
             elbo/test: -1834.918427
             mse/train: 0.014571
              mse/test: 0.014899
             probe/acc: 0.418833
             probe/nll: 1.663387
           probe/brier: 0.721658
             probe/ece: 0.033462
           cluster/nmi: 0.107584
           cluster/ari: 0.056666
============================

