/usr/bin/which: no fi_info in (/arf/home/meyavuz/.local/bin:/arf/sw/comp/python/intelpython3/condabin:/arf/sw/comp/python/intelpython3/bin:/usr/share/Modules/bin:/usr/local/bin:/usr/bin:/usr/local/sbin:/usr/sbin)
Extension for Scikit-learn* enabled (https://github.com/uxlfoundation/scikit-learn-intelex)
/arf/home/meyavuz/.conda/envs/sbn/lib/python3.9/site-packages/sklearn/linear_model/_logistic.py:1247: FutureWarning: 'multi_class' was deprecated in version 1.5 and will be removed in 1.7. From then on, it will always use 'multinomial'. Leave it to its default value to avoid this warning.
  warnings.warn(
/arf/home/meyavuz/.conda/envs/sbn/lib/python3.9/site-packages/sklearn/linear_model/_sag.py:348: ConvergenceWarning: The max_iter was reached which means the coef_ did not converge
  warnings.warn(
Epoch 1/200, Batch 100, Aver_Loss: 1928.7145
Epoch 1/200, Batch 200, Aver_Loss: 1911.9884
Epoch 1/200, Batch 300, Aver_Loss: 1893.5292
Epoch 1/200, Batch 400, Aver_Loss: 1857.6577
[early-stopping] Epoch 1: new best val ELBO = -1864.524908
Epoch 2/200, Batch 100, Aver_Loss: 1869.1613
Epoch 2/200, Batch 200, Aver_Loss: 1851.6080
Epoch 2/200, Batch 300, Aver_Loss: 1816.7629
Epoch 2/200, Batch 400, Aver_Loss: 1799.6627
[early-stopping] Epoch 2: new best val ELBO = -1853.241543
Epoch 3/200, Batch 100, Aver_Loss: 1796.1459
Epoch 3/200, Batch 200, Aver_Loss: 1869.6886
Epoch 3/200, Batch 300, Aver_Loss: 1791.8301
Epoch 3/200, Batch 400, Aver_Loss: 1826.1632
[early-stopping] Epoch 3: new best val ELBO = -1810.040602
Epoch 4/200, Batch 100, Aver_Loss: 1821.1769
Epoch 4/200, Batch 200, Aver_Loss: 1843.9143
Epoch 4/200, Batch 300, Aver_Loss: 1836.8903
Epoch 4/200, Batch 400, Aver_Loss: 1797.0226
[early-stopping] Epoch 4: new best val ELBO = -1804.888304
Epoch 5/200, Batch 100, Aver_Loss: 1809.3890
Epoch 5/200, Batch 200, Aver_Loss: 1849.9171
Epoch 5/200, Batch 300, Aver_Loss: 1837.4657
Epoch 5/200, Batch 400, Aver_Loss: 1815.6901
[early-stopping] Epoch 5: new best val ELBO = -1798.700307
Epoch 6/200, Batch 100, Aver_Loss: 1792.5477
Epoch 6/200, Batch 200, Aver_Loss: 1755.7083
Epoch 6/200, Batch 300, Aver_Loss: 1804.6196
Epoch 6/200, Batch 400, Aver_Loss: 1775.5592
[early-stopping] Epoch 6: no improvement (1/20)
Epoch 7/200, Batch 100, Aver_Loss: 1741.3494
Epoch 7/200, Batch 200, Aver_Loss: 1819.0228
Epoch 7/200, Batch 300, Aver_Loss: 1817.8296
Epoch 7/200, Batch 400, Aver_Loss: 1803.1169
[early-stopping] Epoch 7: no improvement (2/20)
Epoch 8/200, Batch 100, Aver_Loss: 1807.4828
Epoch 8/200, Batch 200, Aver_Loss: 1820.9987
Epoch 8/200, Batch 300, Aver_Loss: 1793.6938
Epoch 8/200, Batch 400, Aver_Loss: 1765.6504
[early-stopping] Epoch 8: no improvement (3/20)
Epoch 9/200, Batch 100, Aver_Loss: 1795.6968
Epoch 9/200, Batch 200, Aver_Loss: 1800.9796
Epoch 9/200, Batch 300, Aver_Loss: 1789.7941
Epoch 9/200, Batch 400, Aver_Loss: 1760.5164
[early-stopping] Epoch 9: new best val ELBO = -1792.896823
Epoch 10/200, Batch 100, Aver_Loss: 1763.9233
Epoch 10/200, Batch 200, Aver_Loss: 1811.5521
Epoch 10/200, Batch 300, Aver_Loss: 1824.7222
Epoch 10/200, Batch 400, Aver_Loss: 1801.5834
[early-stopping] Epoch 10: no improvement (1/20)
Epoch 11/200, Batch 100, Aver_Loss: 1842.1333
Epoch 11/200, Batch 200, Aver_Loss: 1784.2589
Epoch 11/200, Batch 300, Aver_Loss: 1819.1528
Epoch 11/200, Batch 400, Aver_Loss: 1795.7345
[early-stopping] Epoch 11: new best val ELBO = -1790.041808
Epoch 12/200, Batch 100, Aver_Loss: 1783.3900
Epoch 12/200, Batch 200, Aver_Loss: 1771.1156
Epoch 12/200, Batch 300, Aver_Loss: 1806.1493
Epoch 12/200, Batch 400, Aver_Loss: 1780.4333
[early-stopping] Epoch 12: new best val ELBO = -1789.635653
Epoch 13/200, Batch 100, Aver_Loss: 1777.8544
Epoch 13/200, Batch 200, Aver_Loss: 1805.8661
Epoch 13/200, Batch 300, Aver_Loss: 1739.3276
Epoch 13/200, Batch 400, Aver_Loss: 1797.9817
[early-stopping] Epoch 13: no improvement (1/20)
Epoch 14/200, Batch 100, Aver_Loss: 1798.5940
Epoch 14/200, Batch 200, Aver_Loss: 1773.1949
Epoch 14/200, Batch 300, Aver_Loss: 1779.2352
Epoch 14/200, Batch 400, Aver_Loss: 1798.3055
[early-stopping] Epoch 14: new best val ELBO = -1786.825401
Epoch 15/200, Batch 100, Aver_Loss: 1760.7000
Epoch 15/200, Batch 200, Aver_Loss: 1725.1245
Epoch 15/200, Batch 300, Aver_Loss: 1805.5442
Epoch 15/200, Batch 400, Aver_Loss: 1790.0256
[early-stopping] Epoch 15: no improvement (1/20)
Epoch 16/200, Batch 100, Aver_Loss: 1802.5193
Epoch 16/200, Batch 200, Aver_Loss: 1746.8290
Epoch 16/200, Batch 300, Aver_Loss: 1812.6230
Epoch 16/200, Batch 400, Aver_Loss: 1772.1565
[early-stopping] Epoch 16: new best val ELBO = -1782.357268
Epoch 17/200, Batch 100, Aver_Loss: 1794.0938
Epoch 17/200, Batch 200, Aver_Loss: 1814.1984
Epoch 17/200, Batch 300, Aver_Loss: 1808.6570
Epoch 17/200, Batch 400, Aver_Loss: 1810.2076
[early-stopping] Epoch 17: no improvement (1/20)
Epoch 18/200, Batch 100, Aver_Loss: 1803.4711
Epoch 18/200, Batch 200, Aver_Loss: 1794.4353
Epoch 18/200, Batch 300, Aver_Loss: 1786.2935
Epoch 18/200, Batch 400, Aver_Loss: 1791.5310
[early-stopping] Epoch 18: no improvement (2/20)
Epoch 19/200, Batch 100, Aver_Loss: 1841.4844
Epoch 19/200, Batch 200, Aver_Loss: 1840.2122
Epoch 19/200, Batch 300, Aver_Loss: 1840.9287
Epoch 19/200, Batch 400, Aver_Loss: 1734.9473
[early-stopping] Epoch 19: no improvement (3/20)
Epoch 20/200, Batch 100, Aver_Loss: 1820.1676
Epoch 20/200, Batch 200, Aver_Loss: 1792.5649
Epoch 20/200, Batch 300, Aver_Loss: 1703.7931
Epoch 20/200, Batch 400, Aver_Loss: 1766.1887
[early-stopping] Epoch 20: new best val ELBO = -1781.386230
Epoch 21/200, Batch 100, Aver_Loss: 1805.7439
Epoch 21/200, Batch 200, Aver_Loss: 1757.2544
Epoch 21/200, Batch 300, Aver_Loss: 1764.3398
Epoch 21/200, Batch 400, Aver_Loss: 1822.7791
[early-stopping] Epoch 21: no improvement (1/20)
Epoch 22/200, Batch 100, Aver_Loss: 1847.8774
Epoch 22/200, Batch 200, Aver_Loss: 1813.7134
Epoch 22/200, Batch 300, Aver_Loss: 1790.3433
Epoch 22/200, Batch 400, Aver_Loss: 1758.2195
[early-stopping] Epoch 22: no improvement (2/20)
Epoch 23/200, Batch 100, Aver_Loss: 1790.0895
Epoch 23/200, Batch 200, Aver_Loss: 1781.2740
Epoch 23/200, Batch 300, Aver_Loss: 1772.7948
Epoch 23/200, Batch 400, Aver_Loss: 1769.3579
[early-stopping] Epoch 23: no improvement (3/20)
Epoch 24/200, Batch 100, Aver_Loss: 1798.8528
Epoch 24/200, Batch 200, Aver_Loss: 1829.3361
Epoch 24/200, Batch 300, Aver_Loss: 1818.5690
Epoch 24/200, Batch 400, Aver_Loss: 1766.4409
[early-stopping] Epoch 24: new best val ELBO = -1780.193792
Epoch 25/200, Batch 100, Aver_Loss: 1777.2349
Epoch 25/200, Batch 200, Aver_Loss: 1772.1364
Epoch 25/200, Batch 300, Aver_Loss: 1767.9020
Epoch 25/200, Batch 400, Aver_Loss: 1785.2372
[early-stopping] Epoch 25: no improvement (1/20)
Epoch 26/200, Batch 100, Aver_Loss: 1789.1841
Epoch 26/200, Batch 200, Aver_Loss: 1740.2952
Epoch 26/200, Batch 300, Aver_Loss: 1776.4403
Epoch 26/200, Batch 400, Aver_Loss: 1754.9895
[early-stopping] Epoch 26: new best val ELBO = -1778.392087
Epoch 27/200, Batch 100, Aver_Loss: 1735.3748
Epoch 27/200, Batch 200, Aver_Loss: 1760.5129
Epoch 27/200, Batch 300, Aver_Loss: 1687.4709
Epoch 27/200, Batch 400, Aver_Loss: 1832.9507
[early-stopping] Epoch 27: no improvement (1/20)
Epoch 28/200, Batch 100, Aver_Loss: 1810.9945
Epoch 28/200, Batch 200, Aver_Loss: 1762.7223
Epoch 28/200, Batch 300, Aver_Loss: 1846.5792
Epoch 28/200, Batch 400, Aver_Loss: 1776.3390
[early-stopping] Epoch 28: no improvement (2/20)
Epoch 29/200, Batch 100, Aver_Loss: 1709.3077
Epoch 29/200, Batch 200, Aver_Loss: 1808.2960
Epoch 29/200, Batch 300, Aver_Loss: 1803.2103
Epoch 29/200, Batch 400, Aver_Loss: 1788.1448
[early-stopping] Epoch 29: no improvement (3/20)
Epoch 30/200, Batch 100, Aver_Loss: 1797.2434
Epoch 30/200, Batch 200, Aver_Loss: 1781.4382
Epoch 30/200, Batch 300, Aver_Loss: 1764.5498
Epoch 30/200, Batch 400, Aver_Loss: 1759.8521
[early-stopping] Epoch 30: no improvement (4/20)
Epoch 31/200, Batch 100, Aver_Loss: 1762.4247
Epoch 31/200, Batch 200, Aver_Loss: 1770.7310
Epoch 31/200, Batch 300, Aver_Loss: 1815.9918
Epoch 31/200, Batch 400, Aver_Loss: 1808.0972
[early-stopping] Epoch 31: no improvement (5/20)
Epoch 32/200, Batch 100, Aver_Loss: 1776.6021
Epoch 32/200, Batch 200, Aver_Loss: 1781.8578
Epoch 32/200, Batch 300, Aver_Loss: 1818.8286
Epoch 32/200, Batch 400, Aver_Loss: 1807.0938
[early-stopping] Epoch 32: new best val ELBO = -1778.251555
Epoch 33/200, Batch 100, Aver_Loss: 1746.4788
Epoch 33/200, Batch 200, Aver_Loss: 1769.0164
Epoch 33/200, Batch 300, Aver_Loss: 1779.6859
Epoch 33/200, Batch 400, Aver_Loss: 1779.2955
[early-stopping] Epoch 33: no improvement (1/20)
Epoch 34/200, Batch 100, Aver_Loss: 1778.7875
Epoch 34/200, Batch 200, Aver_Loss: 1764.8768
Epoch 34/200, Batch 300, Aver_Loss: 1769.0856
Epoch 34/200, Batch 400, Aver_Loss: 1747.7533
[early-stopping] Epoch 34: no improvement (2/20)
Epoch 35/200, Batch 100, Aver_Loss: 1778.1331
Epoch 35/200, Batch 200, Aver_Loss: 1743.9908
Epoch 35/200, Batch 300, Aver_Loss: 1784.2124
Epoch 35/200, Batch 400, Aver_Loss: 1786.5455
[early-stopping] Epoch 35: no improvement (3/20)
Epoch 36/200, Batch 100, Aver_Loss: 1758.3247
Epoch 36/200, Batch 200, Aver_Loss: 1813.1208
Epoch 36/200, Batch 300, Aver_Loss: 1786.3556
Epoch 36/200, Batch 400, Aver_Loss: 1810.7710
[early-stopping] Epoch 36: new best val ELBO = -1777.095874
Epoch 37/200, Batch 100, Aver_Loss: 1793.6624
Epoch 37/200, Batch 200, Aver_Loss: 1780.8524
Epoch 37/200, Batch 300, Aver_Loss: 1765.8865
Epoch 37/200, Batch 400, Aver_Loss: 1795.0505
[early-stopping] Epoch 37: no improvement (1/20)
Epoch 38/200, Batch 100, Aver_Loss: 1824.7687
Epoch 38/200, Batch 200, Aver_Loss: 1751.3053
Epoch 38/200, Batch 300, Aver_Loss: 1788.2344
Epoch 38/200, Batch 400, Aver_Loss: 1819.2892
[early-stopping] Epoch 38: no improvement (2/20)
Epoch 39/200, Batch 100, Aver_Loss: 1758.2231
Epoch 39/200, Batch 200, Aver_Loss: 1761.9053
Epoch 39/200, Batch 300, Aver_Loss: 1752.0983
Epoch 39/200, Batch 400, Aver_Loss: 1761.4065
[early-stopping] Epoch 39: no improvement (3/20)
Epoch 40/200, Batch 100, Aver_Loss: 1845.0256
Epoch 40/200, Batch 200, Aver_Loss: 1779.2177
Epoch 40/200, Batch 300, Aver_Loss: 1770.1666
Epoch 40/200, Batch 400, Aver_Loss: 1801.1251
[early-stopping] Epoch 40: no improvement (4/20)
Epoch 41/200, Batch 100, Aver_Loss: 1755.2830
Epoch 41/200, Batch 200, Aver_Loss: 1790.1876
Epoch 41/200, Batch 300, Aver_Loss: 1752.8589
Epoch 41/200, Batch 400, Aver_Loss: 1807.4381
[early-stopping] Epoch 41: no improvement (5/20)
Epoch 42/200, Batch 100, Aver_Loss: 1794.5112
Epoch 42/200, Batch 200, Aver_Loss: 1731.4364
Epoch 42/200, Batch 300, Aver_Loss: 1753.8510
Epoch 42/200, Batch 400, Aver_Loss: 1782.5345
[early-stopping] Epoch 42: no improvement (6/20)
Epoch 43/200, Batch 100, Aver_Loss: 1744.3746
Epoch 43/200, Batch 200, Aver_Loss: 1810.0587
Epoch 43/200, Batch 300, Aver_Loss: 1821.5486
Epoch 43/200, Batch 400, Aver_Loss: 1813.1248
[early-stopping] Epoch 43: no improvement (7/20)
Epoch 44/200, Batch 100, Aver_Loss: 1768.6012
Epoch 44/200, Batch 200, Aver_Loss: 1794.3800
Epoch 44/200, Batch 300, Aver_Loss: 1789.9125
Epoch 44/200, Batch 400, Aver_Loss: 1778.2018
[early-stopping] Epoch 44: no improvement (8/20)
Epoch 45/200, Batch 100, Aver_Loss: 1754.7000
Epoch 45/200, Batch 200, Aver_Loss: 1795.5365
Epoch 45/200, Batch 300, Aver_Loss: 1786.0547
Epoch 45/200, Batch 400, Aver_Loss: 1741.6426
[early-stopping] Epoch 45: no improvement (9/20)
Epoch 46/200, Batch 100, Aver_Loss: 1737.0132
Epoch 46/200, Batch 200, Aver_Loss: 1815.8156
Epoch 46/200, Batch 300, Aver_Loss: 1808.1548
Epoch 46/200, Batch 400, Aver_Loss: 1777.8130
[early-stopping] Epoch 46: no improvement (10/20)
Epoch 47/200, Batch 100, Aver_Loss: 1810.1919
Epoch 47/200, Batch 200, Aver_Loss: 1803.5314
Epoch 47/200, Batch 300, Aver_Loss: 1787.9738
Epoch 47/200, Batch 400, Aver_Loss: 1816.7430
[early-stopping] Epoch 47: no improvement (11/20)
Epoch 48/200, Batch 100, Aver_Loss: 1854.5966
Epoch 48/200, Batch 200, Aver_Loss: 1795.9880
Epoch 48/200, Batch 300, Aver_Loss: 1796.6216
Epoch 48/200, Batch 400, Aver_Loss: 1759.1445
[early-stopping] Epoch 48: no improvement (12/20)
Epoch 49/200, Batch 100, Aver_Loss: 1775.5381
Epoch 49/200, Batch 200, Aver_Loss: 1786.3494
Epoch 49/200, Batch 300, Aver_Loss: 1785.9696
Epoch 49/200, Batch 400, Aver_Loss: 1786.1586
[early-stopping] Epoch 49: no improvement (13/20)
Epoch 50/200, Batch 100, Aver_Loss: 1745.0093
Epoch 50/200, Batch 200, Aver_Loss: 1776.1431
Epoch 50/200, Batch 300, Aver_Loss: 1755.1096
Epoch 50/200, Batch 400, Aver_Loss: 1772.3684
[early-stopping] Epoch 50: no improvement (14/20)
Epoch 51/200, Batch 100, Aver_Loss: 1731.6599
Epoch 51/200, Batch 200, Aver_Loss: 1800.1755
Epoch 51/200, Batch 300, Aver_Loss: 1778.5464
Epoch 51/200, Batch 400, Aver_Loss: 1803.8459
[early-stopping] Epoch 51: new best val ELBO = -1775.538765
Epoch 52/200, Batch 100, Aver_Loss: 1749.1389
Epoch 52/200, Batch 200, Aver_Loss: 1774.4082
Epoch 52/200, Batch 300, Aver_Loss: 1754.2668
Epoch 52/200, Batch 400, Aver_Loss: 1767.7529
[early-stopping] Epoch 52: no improvement (1/20)
Epoch 53/200, Batch 100, Aver_Loss: 1720.3524
Epoch 53/200, Batch 200, Aver_Loss: 1733.0017
Epoch 53/200, Batch 300, Aver_Loss: 1772.3193
Epoch 53/200, Batch 400, Aver_Loss: 1773.1749
[early-stopping] Epoch 53: no improvement (2/20)
Epoch 54/200, Batch 100, Aver_Loss: 1767.1997
Epoch 54/200, Batch 200, Aver_Loss: 1746.7648
Epoch 54/200, Batch 300, Aver_Loss: 1771.4269
Epoch 54/200, Batch 400, Aver_Loss: 1729.2213
[early-stopping] Epoch 54: no improvement (3/20)
Epoch 55/200, Batch 100, Aver_Loss: 1763.1945
Epoch 55/200, Batch 200, Aver_Loss: 1734.5336
Epoch 55/200, Batch 300, Aver_Loss: 1781.0817
Epoch 55/200, Batch 400, Aver_Loss: 1786.4872
[early-stopping] Epoch 55: no improvement (4/20)
Epoch 56/200, Batch 100, Aver_Loss: 1752.1421
Epoch 56/200, Batch 200, Aver_Loss: 1774.1687
Epoch 56/200, Batch 300, Aver_Loss: 1824.6802
Epoch 56/200, Batch 400, Aver_Loss: 1798.4733
[early-stopping] Epoch 56: no improvement (5/20)
Epoch 57/200, Batch 100, Aver_Loss: 1724.1519
Epoch 57/200, Batch 200, Aver_Loss: 1778.5876
Epoch 57/200, Batch 300, Aver_Loss: 1768.9877
Epoch 57/200, Batch 400, Aver_Loss: 1781.4961
[early-stopping] Epoch 57: no improvement (6/20)
Epoch 58/200, Batch 100, Aver_Loss: 1806.6571
Epoch 58/200, Batch 200, Aver_Loss: 1826.6326
Epoch 58/200, Batch 300, Aver_Loss: 1756.8707
Epoch 58/200, Batch 400, Aver_Loss: 1784.7251
[early-stopping] Epoch 58: no improvement (7/20)
Epoch 59/200, Batch 100, Aver_Loss: 1786.5634
Epoch 59/200, Batch 200, Aver_Loss: 1794.7146
Epoch 59/200, Batch 300, Aver_Loss: 1817.6481
Epoch 59/200, Batch 400, Aver_Loss: 1751.3187
[early-stopping] Epoch 59: new best val ELBO = -1775.155246
Epoch 60/200, Batch 100, Aver_Loss: 1850.6517
Epoch 60/200, Batch 200, Aver_Loss: 1772.0913
Epoch 60/200, Batch 300, Aver_Loss: 1814.4484
Epoch 60/200, Batch 400, Aver_Loss: 1771.0284
[early-stopping] Epoch 60: no improvement (1/20)
Epoch 61/200, Batch 100, Aver_Loss: 1724.1821
Epoch 61/200, Batch 200, Aver_Loss: 1790.8093
Epoch 61/200, Batch 300, Aver_Loss: 1783.6862
Epoch 61/200, Batch 400, Aver_Loss: 1748.1130
[early-stopping] Epoch 61: no improvement (2/20)
Epoch 62/200, Batch 100, Aver_Loss: 1806.4288
Epoch 62/200, Batch 200, Aver_Loss: 1789.5319
Epoch 62/200, Batch 300, Aver_Loss: 1736.5215
Epoch 62/200, Batch 400, Aver_Loss: 1780.7770
[early-stopping] Epoch 62: no improvement (3/20)
Epoch 63/200, Batch 100, Aver_Loss: 1774.6333
Epoch 63/200, Batch 200, Aver_Loss: 1780.5935
Epoch 63/200, Batch 300, Aver_Loss: 1733.6831
Epoch 63/200, Batch 400, Aver_Loss: 1805.1191
[early-stopping] Epoch 63: no improvement (4/20)
Epoch 64/200, Batch 100, Aver_Loss: 1746.6769
Epoch 64/200, Batch 200, Aver_Loss: 1752.8103
Epoch 64/200, Batch 300, Aver_Loss: 1816.5961
Epoch 64/200, Batch 400, Aver_Loss: 1782.1038
[early-stopping] Epoch 64: no improvement (5/20)
Epoch 65/200, Batch 100, Aver_Loss: 1788.5929
Epoch 65/200, Batch 200, Aver_Loss: 1774.6348
Epoch 65/200, Batch 300, Aver_Loss: 1773.3175
Epoch 65/200, Batch 400, Aver_Loss: 1825.4534
[early-stopping] Epoch 65: no improvement (6/20)
Epoch 66/200, Batch 100, Aver_Loss: 1739.3315
Epoch 66/200, Batch 200, Aver_Loss: 1757.5173
Epoch 66/200, Batch 300, Aver_Loss: 1741.4963
Epoch 66/200, Batch 400, Aver_Loss: 1740.9944
[early-stopping] Epoch 66: no improvement (7/20)
Epoch 67/200, Batch 100, Aver_Loss: 1826.9064
Epoch 67/200, Batch 200, Aver_Loss: 1757.2231
Epoch 67/200, Batch 300, Aver_Loss: 1757.2913
Epoch 67/200, Batch 400, Aver_Loss: 1788.0262
[early-stopping] Epoch 67: no improvement (8/20)
Epoch 68/200, Batch 100, Aver_Loss: 1814.9749
Epoch 68/200, Batch 200, Aver_Loss: 1757.7606
Epoch 68/200, Batch 300, Aver_Loss: 1799.6475
Epoch 68/200, Batch 400, Aver_Loss: 1818.7786
[early-stopping] Epoch 68: no improvement (9/20)
Epoch 69/200, Batch 100, Aver_Loss: 1775.6495
Epoch 69/200, Batch 200, Aver_Loss: 1772.7804
Epoch 69/200, Batch 300, Aver_Loss: 1804.9097
Epoch 69/200, Batch 400, Aver_Loss: 1756.3875
[early-stopping] Epoch 69: no improvement (10/20)
Epoch 70/200, Batch 100, Aver_Loss: 1785.3171
Epoch 70/200, Batch 200, Aver_Loss: 1802.3689
Epoch 70/200, Batch 300, Aver_Loss: 1764.1323
Epoch 70/200, Batch 400, Aver_Loss: 1756.6462
[early-stopping] Epoch 70: no improvement (11/20)
Epoch 71/200, Batch 100, Aver_Loss: 1766.8845
Epoch 71/200, Batch 200, Aver_Loss: 1807.8060
Epoch 71/200, Batch 300, Aver_Loss: 1806.6915
Epoch 71/200, Batch 400, Aver_Loss: 1812.4320
[early-stopping] Epoch 71: no improvement (12/20)
Epoch 72/200, Batch 100, Aver_Loss: 1803.9501
Epoch 72/200, Batch 200, Aver_Loss: 1739.3745
Epoch 72/200, Batch 300, Aver_Loss: 1767.4331
Epoch 72/200, Batch 400, Aver_Loss: 1792.8112
[early-stopping] Epoch 72: no improvement (13/20)
Epoch 73/200, Batch 100, Aver_Loss: 1754.9305
Epoch 73/200, Batch 200, Aver_Loss: 1755.7742
Epoch 73/200, Batch 300, Aver_Loss: 1759.4849
Epoch 73/200, Batch 400, Aver_Loss: 1764.6023
[early-stopping] Epoch 73: new best val ELBO = -1774.411894
Epoch 74/200, Batch 100, Aver_Loss: 1754.1866
Epoch 74/200, Batch 200, Aver_Loss: 1793.2072
Epoch 74/200, Batch 300, Aver_Loss: 1723.0994
Epoch 74/200, Batch 400, Aver_Loss: 1708.0330
[early-stopping] Epoch 74: new best val ELBO = -1774.104379
Epoch 75/200, Batch 100, Aver_Loss: 1782.3812
Epoch 75/200, Batch 200, Aver_Loss: 1779.1108
Epoch 75/200, Batch 300, Aver_Loss: 1796.9681
Epoch 75/200, Batch 400, Aver_Loss: 1808.9448
[early-stopping] Epoch 75: no improvement (1/20)
Epoch 76/200, Batch 100, Aver_Loss: 1746.2383
Epoch 76/200, Batch 200, Aver_Loss: 1777.9381
Epoch 76/200, Batch 300, Aver_Loss: 1791.8036
Epoch 76/200, Batch 400, Aver_Loss: 1763.4807
[early-stopping] Epoch 76: no improvement (2/20)
Epoch 77/200, Batch 100, Aver_Loss: 1755.2858
Epoch 77/200, Batch 200, Aver_Loss: 1775.2607
Epoch 77/200, Batch 300, Aver_Loss: 1767.5435
Epoch 77/200, Batch 400, Aver_Loss: 1803.0731
[early-stopping] Epoch 77: no improvement (3/20)
Epoch 78/200, Batch 100, Aver_Loss: 1735.0320
Epoch 78/200, Batch 200, Aver_Loss: 1801.0303
Epoch 78/200, Batch 300, Aver_Loss: 1776.4585
Epoch 78/200, Batch 400, Aver_Loss: 1779.6959
[early-stopping] Epoch 78: no improvement (4/20)
Epoch 79/200, Batch 100, Aver_Loss: 1766.1849
Epoch 79/200, Batch 200, Aver_Loss: 1785.1760
Epoch 79/200, Batch 300, Aver_Loss: 1818.5603
Epoch 79/200, Batch 400, Aver_Loss: 1783.5656
[early-stopping] Epoch 79: new best val ELBO = -1773.571475
Epoch 80/200, Batch 100, Aver_Loss: 1802.5801
Epoch 80/200, Batch 200, Aver_Loss: 1774.6294
Epoch 80/200, Batch 300, Aver_Loss: 1807.4297
Epoch 80/200, Batch 400, Aver_Loss: 1750.1543
[early-stopping] Epoch 80: no improvement (1/20)
Epoch 81/200, Batch 100, Aver_Loss: 1762.5374
Epoch 81/200, Batch 200, Aver_Loss: 1730.7429
Epoch 81/200, Batch 300, Aver_Loss: 1791.1635
Epoch 81/200, Batch 400, Aver_Loss: 1771.5837
[early-stopping] Epoch 81: no improvement (2/20)
Epoch 82/200, Batch 100, Aver_Loss: 1808.9564
Epoch 82/200, Batch 200, Aver_Loss: 1768.9590
Epoch 82/200, Batch 300, Aver_Loss: 1727.8672
Epoch 82/200, Batch 400, Aver_Loss: 1779.0125
[early-stopping] Epoch 82: no improvement (3/20)
Epoch 83/200, Batch 100, Aver_Loss: 1737.8243
Epoch 83/200, Batch 200, Aver_Loss: 1799.8798
Epoch 83/200, Batch 300, Aver_Loss: 1748.8967
Epoch 83/200, Batch 400, Aver_Loss: 1779.7369
[early-stopping] Epoch 83: no improvement (4/20)
Epoch 84/200, Batch 100, Aver_Loss: 1743.1998
Epoch 84/200, Batch 200, Aver_Loss: 1812.0796
Epoch 84/200, Batch 300, Aver_Loss: 1819.5599
Epoch 84/200, Batch 400, Aver_Loss: 1779.0565
[early-stopping] Epoch 84: no improvement (5/20)
Epoch 85/200, Batch 100, Aver_Loss: 1782.5803
Epoch 85/200, Batch 200, Aver_Loss: 1752.4114
Epoch 85/200, Batch 300, Aver_Loss: 1744.8677
Epoch 85/200, Batch 400, Aver_Loss: 1751.0776
[early-stopping] Epoch 85: no improvement (6/20)
Epoch 86/200, Batch 100, Aver_Loss: 1795.1627
Epoch 86/200, Batch 200, Aver_Loss: 1746.9198
Epoch 86/200, Batch 300, Aver_Loss: 1780.8394
Epoch 86/200, Batch 400, Aver_Loss: 1785.9966
[early-stopping] Epoch 86: no improvement (7/20)
Epoch 87/200, Batch 100, Aver_Loss: 1768.2773
Epoch 87/200, Batch 200, Aver_Loss: 1775.9739
Epoch 87/200, Batch 300, Aver_Loss: 1785.8428
Epoch 87/200, Batch 400, Aver_Loss: 1722.2417
[early-stopping] Epoch 87: no improvement (8/20)
Epoch 88/200, Batch 100, Aver_Loss: 1816.0890
Epoch 88/200, Batch 200, Aver_Loss: 1735.9634
Epoch 88/200, Batch 300, Aver_Loss: 1776.5681
Epoch 88/200, Batch 400, Aver_Loss: 1700.6230
[early-stopping] Epoch 88: no improvement (9/20)
Epoch 89/200, Batch 100, Aver_Loss: 1765.6462
Epoch 89/200, Batch 200, Aver_Loss: 1774.2955
Epoch 89/200, Batch 300, Aver_Loss: 1747.0308
Epoch 89/200, Batch 400, Aver_Loss: 1795.7684
[early-stopping] Epoch 89: no improvement (10/20)
Epoch 90/200, Batch 100, Aver_Loss: 1807.2202
Epoch 90/200, Batch 200, Aver_Loss: 1785.7212
Epoch 90/200, Batch 300, Aver_Loss: 1738.7073
Epoch 90/200, Batch 400, Aver_Loss: 1804.8260
[early-stopping] Epoch 90: no improvement (11/20)
Epoch 91/200, Batch 100, Aver_Loss: 1781.3190
Epoch 91/200, Batch 200, Aver_Loss: 1729.9137
Epoch 91/200, Batch 300, Aver_Loss: 1746.9720
Epoch 91/200, Batch 400, Aver_Loss: 1831.6404
[early-stopping] Epoch 91: no improvement (12/20)
Epoch 92/200, Batch 100, Aver_Loss: 1765.4760
Epoch 92/200, Batch 200, Aver_Loss: 1854.7886
Epoch 92/200, Batch 300, Aver_Loss: 1774.1929
Epoch 92/200, Batch 400, Aver_Loss: 1726.2980
[early-stopping] Epoch 92: no improvement (13/20)
Epoch 93/200, Batch 100, Aver_Loss: 1773.6062
Epoch 93/200, Batch 200, Aver_Loss: 1781.7645
Epoch 93/200, Batch 300, Aver_Loss: 1789.2814
Epoch 93/200, Batch 400, Aver_Loss: 1786.6028
[early-stopping] Epoch 93: no improvement (14/20)
Epoch 94/200, Batch 100, Aver_Loss: 1808.2233
Epoch 94/200, Batch 200, Aver_Loss: 1760.6721
Epoch 94/200, Batch 300, Aver_Loss: 1731.8700
Epoch 94/200, Batch 400, Aver_Loss: 1794.8271
[early-stopping] Epoch 94: no improvement (15/20)
Epoch 95/200, Batch 100, Aver_Loss: 1794.2131
Epoch 95/200, Batch 200, Aver_Loss: 1805.9546
Epoch 95/200, Batch 300, Aver_Loss: 1819.6528
Epoch 95/200, Batch 400, Aver_Loss: 1754.8800
[early-stopping] Epoch 95: no improvement (16/20)
Epoch 96/200, Batch 100, Aver_Loss: 1820.3794
Epoch 96/200, Batch 200, Aver_Loss: 1817.1046
Epoch 96/200, Batch 300, Aver_Loss: 1809.9500
Epoch 96/200, Batch 400, Aver_Loss: 1781.2307
[early-stopping] Epoch 96: no improvement (17/20)
Epoch 97/200, Batch 100, Aver_Loss: 1733.3724
Epoch 97/200, Batch 200, Aver_Loss: 1774.6107
Epoch 97/200, Batch 300, Aver_Loss: 1771.8568
Epoch 97/200, Batch 400, Aver_Loss: 1762.5731
[early-stopping] Epoch 97: no improvement (18/20)
Epoch 98/200, Batch 100, Aver_Loss: 1804.5459
Epoch 98/200, Batch 200, Aver_Loss: 1795.6694
Epoch 98/200, Batch 300, Aver_Loss: 1789.5341
Epoch 98/200, Batch 400, Aver_Loss: 1806.0426
[early-stopping] Epoch 98: no improvement (19/20)
Epoch 99/200, Batch 100, Aver_Loss: 1782.5337
Epoch 99/200, Batch 200, Aver_Loss: 1714.5999
Epoch 99/200, Batch 300, Aver_Loss: 1761.3839
Epoch 99/200, Batch 400, Aver_Loss: 1780.0728
[early-stopping] Epoch 99: no improvement (20/20)
[early-stopping] Patience reached. Stopping at epoch 99. Best epoch: 79, best val ELBO: -1773.571475
[early-stopping] Loaded best model from epoch 79 (val ELBO = -1773.571475)
[checkpoint] Saved best model to: trained_parameters/cifar100_zdim256_VAE.pkl
[saved curves] ./results/CIFAR100/curves/cifar100_vae_d256_s777.json

==== Evaluation Summary ====
                 model: vae
   recon/mse_per_pixel: 0.015143
            elbo/train: -1770.368646
             elbo/test: -1773.542523
             mse/train: 0.014753
              mse/test: 0.015143
             probe/acc: 0.194583
             probe/nll: 3.504705
           probe/brier: 0.911622
             probe/ece: 0.026698
           cluster/nmi: 0.220658
           cluster/ari: 0.027325
============================

