/usr/bin/which: no fi_info in (/arf/home/meyavuz/.local/bin:/arf/sw/comp/python/intelpython3/condabin:/arf/sw/comp/python/intelpython3/bin:/usr/share/Modules/bin:/usr/local/bin:/usr/bin:/usr/local/sbin:/usr/sbin)
Extension for Scikit-learn* enabled (https://github.com/uxlfoundation/scikit-learn-intelex)
/arf/home/meyavuz/.conda/envs/sbn/lib/python3.9/site-packages/sklearn/linear_model/_logistic.py:1247: FutureWarning: 'multi_class' was deprecated in version 1.5 and will be removed in 1.7. From then on, it will always use 'multinomial'. Leave it to its default value to avoid this warning.
  warnings.warn(
/arf/home/meyavuz/.conda/envs/sbn/lib/python3.9/site-packages/sklearn/linear_model/_sag.py:348: ConvergenceWarning: The max_iter was reached which means the coef_ did not converge
  warnings.warn(
Epoch 1/200, Batch 100, Aver_Loss: 1913.1285
Epoch 1/200, Batch 200, Aver_Loss: 1965.0619
Epoch 1/200, Batch 300, Aver_Loss: 1906.5243
Epoch 1/200, Batch 400, Aver_Loss: 1831.8179
[early-stopping] Epoch 1: new best val ELBO = -1941.688926
Epoch 2/200, Batch 100, Aver_Loss: 1867.8618
Epoch 2/200, Batch 200, Aver_Loss: 1850.8339
Epoch 2/200, Batch 300, Aver_Loss: 1848.1665
Epoch 2/200, Batch 400, Aver_Loss: 1826.2732
[early-stopping] Epoch 2: new best val ELBO = -1838.029287
Epoch 3/200, Batch 100, Aver_Loss: 1839.5037
Epoch 3/200, Batch 200, Aver_Loss: 1832.5219
Epoch 3/200, Batch 300, Aver_Loss: 1794.1571
Epoch 3/200, Batch 400, Aver_Loss: 1852.5569
[early-stopping] Epoch 3: no improvement (1/20)
Epoch 4/200, Batch 100, Aver_Loss: 1806.4305
Epoch 4/200, Batch 200, Aver_Loss: 1830.0464
Epoch 4/200, Batch 300, Aver_Loss: 1805.0054
Epoch 4/200, Batch 400, Aver_Loss: 1796.4277
[early-stopping] Epoch 4: new best val ELBO = -1821.952848
Epoch 5/200, Batch 100, Aver_Loss: 1826.2128
Epoch 5/200, Batch 200, Aver_Loss: 1811.1055
Epoch 5/200, Batch 300, Aver_Loss: 1869.6897
Epoch 5/200, Batch 400, Aver_Loss: 1793.1743
[early-stopping] Epoch 5: new best val ELBO = -1807.051748
Epoch 6/200, Batch 100, Aver_Loss: 1781.3912
Epoch 6/200, Batch 200, Aver_Loss: 1803.1877
Epoch 6/200, Batch 300, Aver_Loss: 1779.2799
Epoch 6/200, Batch 400, Aver_Loss: 1796.0566
[early-stopping] Epoch 6: no improvement (1/20)
Epoch 7/200, Batch 100, Aver_Loss: 1783.6395
Epoch 7/200, Batch 200, Aver_Loss: 1772.1788
Epoch 7/200, Batch 300, Aver_Loss: 1821.2697
Epoch 7/200, Batch 400, Aver_Loss: 1747.2250
[early-stopping] Epoch 7: new best val ELBO = -1802.818663
Epoch 8/200, Batch 100, Aver_Loss: 1824.5062
Epoch 8/200, Batch 200, Aver_Loss: 1799.1652
Epoch 8/200, Batch 300, Aver_Loss: 1802.9663
Epoch 8/200, Batch 400, Aver_Loss: 1867.1497
[early-stopping] Epoch 8: new best val ELBO = -1797.470644
Epoch 9/200, Batch 100, Aver_Loss: 1791.9633
Epoch 9/200, Batch 200, Aver_Loss: 1790.9930
Epoch 9/200, Batch 300, Aver_Loss: 1807.6934
Epoch 9/200, Batch 400, Aver_Loss: 1767.3098
[early-stopping] Epoch 9: no improvement (1/20)
Epoch 10/200, Batch 100, Aver_Loss: 1816.0710
Epoch 10/200, Batch 200, Aver_Loss: 1799.3062
Epoch 10/200, Batch 300, Aver_Loss: 1789.9421
Epoch 10/200, Batch 400, Aver_Loss: 1743.8452
[early-stopping] Epoch 10: new best val ELBO = -1793.235978
Epoch 11/200, Batch 100, Aver_Loss: 1815.7712
Epoch 11/200, Batch 200, Aver_Loss: 1753.8772
Epoch 11/200, Batch 300, Aver_Loss: 1754.8081
Epoch 11/200, Batch 400, Aver_Loss: 1808.3132
[early-stopping] Epoch 11: no improvement (1/20)
Epoch 12/200, Batch 100, Aver_Loss: 1813.9021
Epoch 12/200, Batch 200, Aver_Loss: 1803.9572
Epoch 12/200, Batch 300, Aver_Loss: 1827.8004
Epoch 12/200, Batch 400, Aver_Loss: 1762.6287
[early-stopping] Epoch 12: no improvement (2/20)
Epoch 13/200, Batch 100, Aver_Loss: 1806.0247
Epoch 13/200, Batch 200, Aver_Loss: 1820.4358
Epoch 13/200, Batch 300, Aver_Loss: 1788.2903
Epoch 13/200, Batch 400, Aver_Loss: 1745.8568
[early-stopping] Epoch 13: no improvement (3/20)
Epoch 14/200, Batch 100, Aver_Loss: 1796.6219
Epoch 14/200, Batch 200, Aver_Loss: 1798.3724
Epoch 14/200, Batch 300, Aver_Loss: 1828.9486
Epoch 14/200, Batch 400, Aver_Loss: 1764.5709
[early-stopping] Epoch 14: no improvement (4/20)
Epoch 15/200, Batch 100, Aver_Loss: 1799.4199
Epoch 15/200, Batch 200, Aver_Loss: 1813.1134
Epoch 15/200, Batch 300, Aver_Loss: 1783.3348
Epoch 15/200, Batch 400, Aver_Loss: 1795.2667
[early-stopping] Epoch 15: no improvement (5/20)
Epoch 16/200, Batch 100, Aver_Loss: 1775.6615
Epoch 16/200, Batch 200, Aver_Loss: 1799.5989
Epoch 16/200, Batch 300, Aver_Loss: 1743.7223
Epoch 16/200, Batch 400, Aver_Loss: 1765.0870
[early-stopping] Epoch 16: no improvement (6/20)
Epoch 17/200, Batch 100, Aver_Loss: 1830.3201
Epoch 17/200, Batch 200, Aver_Loss: 1819.6005
Epoch 17/200, Batch 300, Aver_Loss: 1829.2522
Epoch 17/200, Batch 400, Aver_Loss: 1818.2145
[early-stopping] Epoch 17: new best val ELBO = -1788.845235
Epoch 18/200, Batch 100, Aver_Loss: 1827.3220
Epoch 18/200, Batch 200, Aver_Loss: 1799.8522
Epoch 18/200, Batch 300, Aver_Loss: 1790.5371
Epoch 18/200, Batch 400, Aver_Loss: 1770.0795
[early-stopping] Epoch 18: no improvement (1/20)
Epoch 19/200, Batch 100, Aver_Loss: 1804.1880
Epoch 19/200, Batch 200, Aver_Loss: 1787.4387
Epoch 19/200, Batch 300, Aver_Loss: 1733.2537
Epoch 19/200, Batch 400, Aver_Loss: 1772.4529
[early-stopping] Epoch 19: new best val ELBO = -1786.600586
Epoch 20/200, Batch 100, Aver_Loss: 1785.5952
Epoch 20/200, Batch 200, Aver_Loss: 1803.6324
Epoch 20/200, Batch 300, Aver_Loss: 1797.2362
Epoch 20/200, Batch 400, Aver_Loss: 1793.5013
[early-stopping] Epoch 20: no improvement (1/20)
Epoch 21/200, Batch 100, Aver_Loss: 1769.8932
Epoch 21/200, Batch 200, Aver_Loss: 1810.2476
Epoch 21/200, Batch 300, Aver_Loss: 1811.9791
Epoch 21/200, Batch 400, Aver_Loss: 1818.6921
[early-stopping] Epoch 21: no improvement (2/20)
Epoch 22/200, Batch 100, Aver_Loss: 1782.4794
Epoch 22/200, Batch 200, Aver_Loss: 1766.6074
Epoch 22/200, Batch 300, Aver_Loss: 1824.8824
Epoch 22/200, Batch 400, Aver_Loss: 1812.3132
[early-stopping] Epoch 22: new best val ELBO = -1786.290630
Epoch 23/200, Batch 100, Aver_Loss: 1773.8278
Epoch 23/200, Batch 200, Aver_Loss: 1781.5864
Epoch 23/200, Batch 300, Aver_Loss: 1822.5128
Epoch 23/200, Batch 400, Aver_Loss: 1790.6752
[early-stopping] Epoch 23: no improvement (1/20)
Epoch 24/200, Batch 100, Aver_Loss: 1812.2006
Epoch 24/200, Batch 200, Aver_Loss: 1770.6044
Epoch 24/200, Batch 300, Aver_Loss: 1812.9440
Epoch 24/200, Batch 400, Aver_Loss: 1804.8521
[early-stopping] Epoch 24: no improvement (2/20)
Epoch 25/200, Batch 100, Aver_Loss: 1765.8831
Epoch 25/200, Batch 200, Aver_Loss: 1821.2256
Epoch 25/200, Batch 300, Aver_Loss: 1788.3510
Epoch 25/200, Batch 400, Aver_Loss: 1795.0541
[early-stopping] Epoch 25: new best val ELBO = -1784.971927
Epoch 26/200, Batch 100, Aver_Loss: 1801.8116
Epoch 26/200, Batch 200, Aver_Loss: 1766.4304
Epoch 26/200, Batch 300, Aver_Loss: 1754.9734
Epoch 26/200, Batch 400, Aver_Loss: 1790.1414
[early-stopping] Epoch 26: no improvement (1/20)
Epoch 27/200, Batch 100, Aver_Loss: 1772.8033
Epoch 27/200, Batch 200, Aver_Loss: 1782.7888
Epoch 27/200, Batch 300, Aver_Loss: 1761.1855
Epoch 27/200, Batch 400, Aver_Loss: 1698.8900
[early-stopping] Epoch 27: new best val ELBO = -1784.709805
Epoch 28/200, Batch 100, Aver_Loss: 1815.3522
Epoch 28/200, Batch 200, Aver_Loss: 1746.4221
Epoch 28/200, Batch 300, Aver_Loss: 1748.3384
Epoch 28/200, Batch 400, Aver_Loss: 1780.7021
[early-stopping] Epoch 28: no improvement (1/20)
Epoch 29/200, Batch 100, Aver_Loss: 1794.9451
Epoch 29/200, Batch 200, Aver_Loss: 1849.2137
Epoch 29/200, Batch 300, Aver_Loss: 1777.9928
Epoch 29/200, Batch 400, Aver_Loss: 1799.4611
[early-stopping] Epoch 29: no improvement (2/20)
Epoch 30/200, Batch 100, Aver_Loss: 1757.8605
Epoch 30/200, Batch 200, Aver_Loss: 1721.7568
Epoch 30/200, Batch 300, Aver_Loss: 1793.7070
Epoch 30/200, Batch 400, Aver_Loss: 1773.7537
[early-stopping] Epoch 30: new best val ELBO = -1783.019262
Epoch 31/200, Batch 100, Aver_Loss: 1830.7428
Epoch 31/200, Batch 200, Aver_Loss: 1779.4468
Epoch 31/200, Batch 300, Aver_Loss: 1739.5619
Epoch 31/200, Batch 400, Aver_Loss: 1798.5850
[early-stopping] Epoch 31: no improvement (1/20)
Epoch 32/200, Batch 100, Aver_Loss: 1780.9275
Epoch 32/200, Batch 200, Aver_Loss: 1781.4440
Epoch 32/200, Batch 300, Aver_Loss: 1756.7159
Epoch 32/200, Batch 400, Aver_Loss: 1791.6947
[early-stopping] Epoch 32: no improvement (2/20)
Epoch 33/200, Batch 100, Aver_Loss: 1788.2194
Epoch 33/200, Batch 200, Aver_Loss: 1804.9607
Epoch 33/200, Batch 300, Aver_Loss: 1789.8054
Epoch 33/200, Batch 400, Aver_Loss: 1801.8248
[early-stopping] Epoch 33: no improvement (3/20)
Epoch 34/200, Batch 100, Aver_Loss: 1786.6962
Epoch 34/200, Batch 200, Aver_Loss: 1771.0330
Epoch 34/200, Batch 300, Aver_Loss: 1768.5638
Epoch 34/200, Batch 400, Aver_Loss: 1777.1847
[early-stopping] Epoch 34: new best val ELBO = -1782.277769
Epoch 35/200, Batch 100, Aver_Loss: 1806.4362
Epoch 35/200, Batch 200, Aver_Loss: 1769.2534
Epoch 35/200, Batch 300, Aver_Loss: 1799.3340
Epoch 35/200, Batch 400, Aver_Loss: 1812.8088
[early-stopping] Epoch 35: no improvement (1/20)
Epoch 36/200, Batch 100, Aver_Loss: 1806.5659
Epoch 36/200, Batch 200, Aver_Loss: 1759.0284
Epoch 36/200, Batch 300, Aver_Loss: 1784.2924
Epoch 36/200, Batch 400, Aver_Loss: 1806.4303
[early-stopping] Epoch 36: new best val ELBO = -1780.464002
Epoch 37/200, Batch 100, Aver_Loss: 1783.8069
Epoch 37/200, Batch 200, Aver_Loss: 1856.0023
Epoch 37/200, Batch 300, Aver_Loss: 1821.5807
Epoch 37/200, Batch 400, Aver_Loss: 1789.7085
[early-stopping] Epoch 37: no improvement (1/20)
Epoch 38/200, Batch 100, Aver_Loss: 1792.0645
Epoch 38/200, Batch 200, Aver_Loss: 1774.6881
Epoch 38/200, Batch 300, Aver_Loss: 1768.6726
Epoch 38/200, Batch 400, Aver_Loss: 1775.7682
[early-stopping] Epoch 38: no improvement (2/20)
Epoch 39/200, Batch 100, Aver_Loss: 1809.6123
Epoch 39/200, Batch 200, Aver_Loss: 1749.1929
Epoch 39/200, Batch 300, Aver_Loss: 1786.0302
Epoch 39/200, Batch 400, Aver_Loss: 1808.3755
[early-stopping] Epoch 39: no improvement (3/20)
Epoch 40/200, Batch 100, Aver_Loss: 1755.4482
Epoch 40/200, Batch 200, Aver_Loss: 1781.8993
Epoch 40/200, Batch 300, Aver_Loss: 1805.6317
Epoch 40/200, Batch 400, Aver_Loss: 1810.6743
[early-stopping] Epoch 40: no improvement (4/20)
Epoch 41/200, Batch 100, Aver_Loss: 1781.4937
Epoch 41/200, Batch 200, Aver_Loss: 1797.6475
Epoch 41/200, Batch 300, Aver_Loss: 1818.5804
Epoch 41/200, Batch 400, Aver_Loss: 1749.4897
[early-stopping] Epoch 41: no improvement (5/20)
Epoch 42/200, Batch 100, Aver_Loss: 1797.3801
Epoch 42/200, Batch 200, Aver_Loss: 1812.7992
Epoch 42/200, Batch 300, Aver_Loss: 1782.3700
Epoch 42/200, Batch 400, Aver_Loss: 1755.3356
[early-stopping] Epoch 42: new best val ELBO = -1780.463187
Epoch 43/200, Batch 100, Aver_Loss: 1749.0751
Epoch 43/200, Batch 200, Aver_Loss: 1768.7240
Epoch 43/200, Batch 300, Aver_Loss: 1782.5193
Epoch 43/200, Batch 400, Aver_Loss: 1759.2173
[early-stopping] Epoch 43: no improvement (1/20)
Epoch 44/200, Batch 100, Aver_Loss: 1790.0825
Epoch 44/200, Batch 200, Aver_Loss: 1782.5615
Epoch 44/200, Batch 300, Aver_Loss: 1805.1495
Epoch 44/200, Batch 400, Aver_Loss: 1769.9497
[early-stopping] Epoch 44: no improvement (2/20)
Epoch 45/200, Batch 100, Aver_Loss: 1754.0593
Epoch 45/200, Batch 200, Aver_Loss: 1777.0072
Epoch 45/200, Batch 300, Aver_Loss: 1785.0455
Epoch 45/200, Batch 400, Aver_Loss: 1781.6649
[early-stopping] Epoch 45: no improvement (3/20)
Epoch 46/200, Batch 100, Aver_Loss: 1762.8611
Epoch 46/200, Batch 200, Aver_Loss: 1774.3947
Epoch 46/200, Batch 300, Aver_Loss: 1770.5825
Epoch 46/200, Batch 400, Aver_Loss: 1796.4565
[early-stopping] Epoch 46: no improvement (4/20)
Epoch 47/200, Batch 100, Aver_Loss: 1764.4003
Epoch 47/200, Batch 200, Aver_Loss: 1817.5558
Epoch 47/200, Batch 300, Aver_Loss: 1790.1099
Epoch 47/200, Batch 400, Aver_Loss: 1805.3372
[early-stopping] Epoch 47: no improvement (5/20)
Epoch 48/200, Batch 100, Aver_Loss: 1821.3551
Epoch 48/200, Batch 200, Aver_Loss: 1803.0015
Epoch 48/200, Batch 300, Aver_Loss: 1801.9895
Epoch 48/200, Batch 400, Aver_Loss: 1761.4362
[early-stopping] Epoch 48: no improvement (6/20)
Epoch 49/200, Batch 100, Aver_Loss: 1828.5592
Epoch 49/200, Batch 200, Aver_Loss: 1783.5040
Epoch 49/200, Batch 300, Aver_Loss: 1788.5098
Epoch 49/200, Batch 400, Aver_Loss: 1765.6403
[early-stopping] Epoch 49: new best val ELBO = -1779.162655
Epoch 50/200, Batch 100, Aver_Loss: 1759.6178
Epoch 50/200, Batch 200, Aver_Loss: 1821.5625
Epoch 50/200, Batch 300, Aver_Loss: 1803.4359
Epoch 50/200, Batch 400, Aver_Loss: 1783.2526
[early-stopping] Epoch 50: no improvement (1/20)
Epoch 51/200, Batch 100, Aver_Loss: 1797.4962
Epoch 51/200, Batch 200, Aver_Loss: 1820.4985
Epoch 51/200, Batch 300, Aver_Loss: 1841.0809
Epoch 51/200, Batch 400, Aver_Loss: 1777.9520
[early-stopping] Epoch 51: no improvement (2/20)
Epoch 52/200, Batch 100, Aver_Loss: 1807.7657
Epoch 52/200, Batch 200, Aver_Loss: 1757.2758
Epoch 52/200, Batch 300, Aver_Loss: 1798.9188
Epoch 52/200, Batch 400, Aver_Loss: 1777.9994
[early-stopping] Epoch 52: no improvement (3/20)
Epoch 53/200, Batch 100, Aver_Loss: 1802.9176
Epoch 53/200, Batch 200, Aver_Loss: 1844.9880
Epoch 53/200, Batch 300, Aver_Loss: 1782.0895
Epoch 53/200, Batch 400, Aver_Loss: 1812.6283
[early-stopping] Epoch 53: no improvement (4/20)
Epoch 54/200, Batch 100, Aver_Loss: 1727.9060
Epoch 54/200, Batch 200, Aver_Loss: 1790.6412
Epoch 54/200, Batch 300, Aver_Loss: 1772.2847
Epoch 54/200, Batch 400, Aver_Loss: 1785.1343
[early-stopping] Epoch 54: no improvement (5/20)
Epoch 55/200, Batch 100, Aver_Loss: 1744.6407
Epoch 55/200, Batch 200, Aver_Loss: 1794.4390
Epoch 55/200, Batch 300, Aver_Loss: 1781.2622
Epoch 55/200, Batch 400, Aver_Loss: 1796.2222
[early-stopping] Epoch 55: no improvement (6/20)
Epoch 56/200, Batch 100, Aver_Loss: 1744.1992
Epoch 56/200, Batch 200, Aver_Loss: 1760.9628
Epoch 56/200, Batch 300, Aver_Loss: 1774.7675
Epoch 56/200, Batch 400, Aver_Loss: 1767.5248
[early-stopping] Epoch 56: no improvement (7/20)
Epoch 57/200, Batch 100, Aver_Loss: 1740.0533
Epoch 57/200, Batch 200, Aver_Loss: 1779.9148
Epoch 57/200, Batch 300, Aver_Loss: 1766.5046
Epoch 57/200, Batch 400, Aver_Loss: 1763.9674
[early-stopping] Epoch 57: no improvement (8/20)
Epoch 58/200, Batch 100, Aver_Loss: 1809.4828
Epoch 58/200, Batch 200, Aver_Loss: 1829.1802
Epoch 58/200, Batch 300, Aver_Loss: 1771.3201
Epoch 58/200, Batch 400, Aver_Loss: 1792.5714
[early-stopping] Epoch 58: no improvement (9/20)
Epoch 59/200, Batch 100, Aver_Loss: 1747.5513
Epoch 59/200, Batch 200, Aver_Loss: 1808.7976
Epoch 59/200, Batch 300, Aver_Loss: 1746.8385
Epoch 59/200, Batch 400, Aver_Loss: 1812.0413
[early-stopping] Epoch 59: no improvement (10/20)
Epoch 60/200, Batch 100, Aver_Loss: 1776.4399
Epoch 60/200, Batch 200, Aver_Loss: 1803.8075
Epoch 60/200, Batch 300, Aver_Loss: 1733.3424
Epoch 60/200, Batch 400, Aver_Loss: 1795.8979
[early-stopping] Epoch 60: no improvement (11/20)
Epoch 61/200, Batch 100, Aver_Loss: 1807.9456
Epoch 61/200, Batch 200, Aver_Loss: 1786.2953
Epoch 61/200, Batch 300, Aver_Loss: 1776.0471
Epoch 61/200, Batch 400, Aver_Loss: 1787.7662
[early-stopping] Epoch 61: no improvement (12/20)
Epoch 62/200, Batch 100, Aver_Loss: 1781.5684
Epoch 62/200, Batch 200, Aver_Loss: 1784.0848
Epoch 62/200, Batch 300, Aver_Loss: 1770.6000
Epoch 62/200, Batch 400, Aver_Loss: 1801.5206
[early-stopping] Epoch 62: no improvement (13/20)
Epoch 63/200, Batch 100, Aver_Loss: 1738.4263
Epoch 63/200, Batch 200, Aver_Loss: 1806.6632
Epoch 63/200, Batch 300, Aver_Loss: 1787.7202
Epoch 63/200, Batch 400, Aver_Loss: 1738.9618
[early-stopping] Epoch 63: no improvement (14/20)
Epoch 64/200, Batch 100, Aver_Loss: 1755.4323
Epoch 64/200, Batch 200, Aver_Loss: 1775.4937
Epoch 64/200, Batch 300, Aver_Loss: 1810.6733
Epoch 64/200, Batch 400, Aver_Loss: 1805.1787
[early-stopping] Epoch 64: new best val ELBO = -1778.522162
Epoch 65/200, Batch 100, Aver_Loss: 1770.2146
Epoch 65/200, Batch 200, Aver_Loss: 1779.1409
Epoch 65/200, Batch 300, Aver_Loss: 1782.8690
Epoch 65/200, Batch 400, Aver_Loss: 1820.3804
[early-stopping] Epoch 65: no improvement (1/20)
Epoch 66/200, Batch 100, Aver_Loss: 1765.6407
Epoch 66/200, Batch 200, Aver_Loss: 1823.6882
Epoch 66/200, Batch 300, Aver_Loss: 1809.2903
Epoch 66/200, Batch 400, Aver_Loss: 1776.3329
[early-stopping] Epoch 66: no improvement (2/20)
Epoch 67/200, Batch 100, Aver_Loss: 1767.9165
Epoch 67/200, Batch 200, Aver_Loss: 1748.0371
Epoch 67/200, Batch 300, Aver_Loss: 1791.8594
Epoch 67/200, Batch 400, Aver_Loss: 1803.6545
[early-stopping] Epoch 67: new best val ELBO = -1778.436079
Epoch 68/200, Batch 100, Aver_Loss: 1773.5532
Epoch 68/200, Batch 200, Aver_Loss: 1769.3569
Epoch 68/200, Batch 300, Aver_Loss: 1760.5437
Epoch 68/200, Batch 400, Aver_Loss: 1774.6892
[early-stopping] Epoch 68: no improvement (1/20)
Epoch 69/200, Batch 100, Aver_Loss: 1789.8711
Epoch 69/200, Batch 200, Aver_Loss: 1790.8549
Epoch 69/200, Batch 300, Aver_Loss: 1774.3021
Epoch 69/200, Batch 400, Aver_Loss: 1768.3187
[early-stopping] Epoch 69: no improvement (2/20)
Epoch 70/200, Batch 100, Aver_Loss: 1817.2170
Epoch 70/200, Batch 200, Aver_Loss: 1770.3517
Epoch 70/200, Batch 300, Aver_Loss: 1790.1381
Epoch 70/200, Batch 400, Aver_Loss: 1757.0377
[early-stopping] Epoch 70: no improvement (3/20)
Epoch 71/200, Batch 100, Aver_Loss: 1758.3165
Epoch 71/200, Batch 200, Aver_Loss: 1760.7653
Epoch 71/200, Batch 300, Aver_Loss: 1772.2507
Epoch 71/200, Batch 400, Aver_Loss: 1760.4930
[early-stopping] Epoch 71: no improvement (4/20)
Epoch 72/200, Batch 100, Aver_Loss: 1711.4979
Epoch 72/200, Batch 200, Aver_Loss: 1755.8624
Epoch 72/200, Batch 300, Aver_Loss: 1763.7188
Epoch 72/200, Batch 400, Aver_Loss: 1746.0425
[early-stopping] Epoch 72: no improvement (5/20)
Epoch 73/200, Batch 100, Aver_Loss: 1804.6882
Epoch 73/200, Batch 200, Aver_Loss: 1790.8613
Epoch 73/200, Batch 300, Aver_Loss: 1776.2676
Epoch 73/200, Batch 400, Aver_Loss: 1826.4712
[early-stopping] Epoch 73: no improvement (6/20)
Epoch 74/200, Batch 100, Aver_Loss: 1791.3796
Epoch 74/200, Batch 200, Aver_Loss: 1780.2444
Epoch 74/200, Batch 300, Aver_Loss: 1802.3510
Epoch 74/200, Batch 400, Aver_Loss: 1752.0864
[early-stopping] Epoch 74: no improvement (7/20)
Epoch 75/200, Batch 100, Aver_Loss: 1705.3885
Epoch 75/200, Batch 200, Aver_Loss: 1784.5865
Epoch 75/200, Batch 300, Aver_Loss: 1823.4409
Epoch 75/200, Batch 400, Aver_Loss: 1784.8779
[early-stopping] Epoch 75: no improvement (8/20)
Epoch 76/200, Batch 100, Aver_Loss: 1810.8208
Epoch 76/200, Batch 200, Aver_Loss: 1781.8304
Epoch 76/200, Batch 300, Aver_Loss: 1751.4595
Epoch 76/200, Batch 400, Aver_Loss: 1803.2501
[early-stopping] Epoch 76: no improvement (9/20)
Epoch 77/200, Batch 100, Aver_Loss: 1754.9299
Epoch 77/200, Batch 200, Aver_Loss: 1770.5950
Epoch 77/200, Batch 300, Aver_Loss: 1816.3677
Epoch 77/200, Batch 400, Aver_Loss: 1737.4479
[early-stopping] Epoch 77: no improvement (10/20)
Epoch 78/200, Batch 100, Aver_Loss: 1777.8842
Epoch 78/200, Batch 200, Aver_Loss: 1808.8215
Epoch 78/200, Batch 300, Aver_Loss: 1789.6914
Epoch 78/200, Batch 400, Aver_Loss: 1807.9958
[early-stopping] Epoch 78: no improvement (11/20)
Epoch 79/200, Batch 100, Aver_Loss: 1830.4110
Epoch 79/200, Batch 200, Aver_Loss: 1752.8833
Epoch 79/200, Batch 300, Aver_Loss: 1823.1208
Epoch 79/200, Batch 400, Aver_Loss: 1728.8494
[early-stopping] Epoch 79: no improvement (12/20)
Epoch 80/200, Batch 100, Aver_Loss: 1732.8423
Epoch 80/200, Batch 200, Aver_Loss: 1758.7642
Epoch 80/200, Batch 300, Aver_Loss: 1844.2216
Epoch 80/200, Batch 400, Aver_Loss: 1807.3016
[early-stopping] Epoch 80: new best val ELBO = -1777.329692
Epoch 81/200, Batch 100, Aver_Loss: 1809.5826
Epoch 81/200, Batch 200, Aver_Loss: 1786.8822
Epoch 81/200, Batch 300, Aver_Loss: 1812.6748
Epoch 81/200, Batch 400, Aver_Loss: 1825.4709
[early-stopping] Epoch 81: no improvement (1/20)
Epoch 82/200, Batch 100, Aver_Loss: 1782.1119
Epoch 82/200, Batch 200, Aver_Loss: 1734.0968
Epoch 82/200, Batch 300, Aver_Loss: 1757.3834
Epoch 82/200, Batch 400, Aver_Loss: 1789.6470
[early-stopping] Epoch 82: no improvement (2/20)
Epoch 83/200, Batch 100, Aver_Loss: 1816.5206
Epoch 83/200, Batch 200, Aver_Loss: 1766.5420
Epoch 83/200, Batch 300, Aver_Loss: 1699.9501
Epoch 83/200, Batch 400, Aver_Loss: 1808.0806
[early-stopping] Epoch 83: no improvement (3/20)
Epoch 84/200, Batch 100, Aver_Loss: 1787.4468
Epoch 84/200, Batch 200, Aver_Loss: 1791.9807
Epoch 84/200, Batch 300, Aver_Loss: 1774.9802
Epoch 84/200, Batch 400, Aver_Loss: 1815.4093
[early-stopping] Epoch 84: no improvement (4/20)
Epoch 85/200, Batch 100, Aver_Loss: 1755.9631
Epoch 85/200, Batch 200, Aver_Loss: 1762.4390
Epoch 85/200, Batch 300, Aver_Loss: 1788.0582
Epoch 85/200, Batch 400, Aver_Loss: 1749.8387
[early-stopping] Epoch 85: no improvement (5/20)
Epoch 86/200, Batch 100, Aver_Loss: 1794.6831
Epoch 86/200, Batch 200, Aver_Loss: 1790.8478
Epoch 86/200, Batch 300, Aver_Loss: 1745.3733
Epoch 86/200, Batch 400, Aver_Loss: 1744.1923
[early-stopping] Epoch 86: no improvement (6/20)
Epoch 87/200, Batch 100, Aver_Loss: 1731.4514
Epoch 87/200, Batch 200, Aver_Loss: 1772.0104
Epoch 87/200, Batch 300, Aver_Loss: 1814.6553
Epoch 87/200, Batch 400, Aver_Loss: 1817.9141
[early-stopping] Epoch 87: no improvement (7/20)
Epoch 88/200, Batch 100, Aver_Loss: 1809.8834
Epoch 88/200, Batch 200, Aver_Loss: 1823.2728
Epoch 88/200, Batch 300, Aver_Loss: 1782.9501
Epoch 88/200, Batch 400, Aver_Loss: 1762.9263
[early-stopping] Epoch 88: no improvement (8/20)
Epoch 89/200, Batch 100, Aver_Loss: 1775.8484
Epoch 89/200, Batch 200, Aver_Loss: 1767.7975
Epoch 89/200, Batch 300, Aver_Loss: 1732.1356
Epoch 89/200, Batch 400, Aver_Loss: 1786.4662
[early-stopping] Epoch 89: new best val ELBO = -1776.796925
Epoch 90/200, Batch 100, Aver_Loss: 1765.3701
Epoch 90/200, Batch 200, Aver_Loss: 1796.8608
Epoch 90/200, Batch 300, Aver_Loss: 1767.6166
Epoch 90/200, Batch 400, Aver_Loss: 1717.8712
[early-stopping] Epoch 90: no improvement (1/20)
Epoch 91/200, Batch 100, Aver_Loss: 1740.2211
Epoch 91/200, Batch 200, Aver_Loss: 1778.4504
Epoch 91/200, Batch 300, Aver_Loss: 1821.2758
Epoch 91/200, Batch 400, Aver_Loss: 1787.1805
[early-stopping] Epoch 91: no improvement (2/20)
Epoch 92/200, Batch 100, Aver_Loss: 1740.5825
Epoch 92/200, Batch 200, Aver_Loss: 1806.4644
Epoch 92/200, Batch 300, Aver_Loss: 1713.2640
Epoch 92/200, Batch 400, Aver_Loss: 1796.6263
[early-stopping] Epoch 92: new best val ELBO = -1776.591191
Epoch 93/200, Batch 100, Aver_Loss: 1777.8303
Epoch 93/200, Batch 200, Aver_Loss: 1757.5760
Epoch 93/200, Batch 300, Aver_Loss: 1842.9799
Epoch 93/200, Batch 400, Aver_Loss: 1802.8298
[early-stopping] Epoch 93: new best val ELBO = -1776.556155
Epoch 94/200, Batch 100, Aver_Loss: 1723.4470
Epoch 94/200, Batch 200, Aver_Loss: 1745.9489
Epoch 94/200, Batch 300, Aver_Loss: 1729.3433
Epoch 94/200, Batch 400, Aver_Loss: 1792.1012
[early-stopping] Epoch 94: no improvement (1/20)
Epoch 95/200, Batch 100, Aver_Loss: 1765.8184
Epoch 95/200, Batch 200, Aver_Loss: 1836.3947
Epoch 95/200, Batch 300, Aver_Loss: 1740.0717
Epoch 95/200, Batch 400, Aver_Loss: 1758.3887
[early-stopping] Epoch 95: no improvement (2/20)
Epoch 96/200, Batch 100, Aver_Loss: 1726.8706
Epoch 96/200, Batch 200, Aver_Loss: 1789.1268
Epoch 96/200, Batch 300, Aver_Loss: 1789.7076
Epoch 96/200, Batch 400, Aver_Loss: 1842.7611
[early-stopping] Epoch 96: no improvement (3/20)
Epoch 97/200, Batch 100, Aver_Loss: 1747.8903
Epoch 97/200, Batch 200, Aver_Loss: 1777.1827
Epoch 97/200, Batch 300, Aver_Loss: 1775.6298
Epoch 97/200, Batch 400, Aver_Loss: 1758.5483
[early-stopping] Epoch 97: no improvement (4/20)
Epoch 98/200, Batch 100, Aver_Loss: 1829.6364
Epoch 98/200, Batch 200, Aver_Loss: 1790.8116
Epoch 98/200, Batch 300, Aver_Loss: 1787.3602
Epoch 98/200, Batch 400, Aver_Loss: 1709.0137
[early-stopping] Epoch 98: no improvement (5/20)
Epoch 99/200, Batch 100, Aver_Loss: 1837.0548
Epoch 99/200, Batch 200, Aver_Loss: 1832.6871
Epoch 99/200, Batch 300, Aver_Loss: 1784.3353
Epoch 99/200, Batch 400, Aver_Loss: 1807.2899
[early-stopping] Epoch 99: new best val ELBO = -1776.112463
Epoch 100/200, Batch 100, Aver_Loss: 1818.2484
Epoch 100/200, Batch 200, Aver_Loss: 1820.7885
Epoch 100/200, Batch 300, Aver_Loss: 1792.7585
Epoch 100/200, Batch 400, Aver_Loss: 1766.3752
[early-stopping] Epoch 100: new best val ELBO = -1775.952462
Epoch 101/200, Batch 100, Aver_Loss: 1755.6631
Epoch 101/200, Batch 200, Aver_Loss: 1795.2793
Epoch 101/200, Batch 300, Aver_Loss: 1785.5280
Epoch 101/200, Batch 400, Aver_Loss: 1747.0604
[early-stopping] Epoch 101: no improvement (1/20)
Epoch 102/200, Batch 100, Aver_Loss: 1770.2587
Epoch 102/200, Batch 200, Aver_Loss: 1787.9614
Epoch 102/200, Batch 300, Aver_Loss: 1806.2213
Epoch 102/200, Batch 400, Aver_Loss: 1768.7986
[early-stopping] Epoch 102: no improvement (2/20)
Epoch 103/200, Batch 100, Aver_Loss: 1756.1641
Epoch 103/200, Batch 200, Aver_Loss: 1835.3942
Epoch 103/200, Batch 300, Aver_Loss: 1784.6257
Epoch 103/200, Batch 400, Aver_Loss: 1761.1061
[early-stopping] Epoch 103: no improvement (3/20)
Epoch 104/200, Batch 100, Aver_Loss: 1828.2585
Epoch 104/200, Batch 200, Aver_Loss: 1778.2720
Epoch 104/200, Batch 300, Aver_Loss: 1781.5459
Epoch 104/200, Batch 400, Aver_Loss: 1786.1562
[early-stopping] Epoch 104: no improvement (4/20)
Epoch 105/200, Batch 100, Aver_Loss: 1742.6973
Epoch 105/200, Batch 200, Aver_Loss: 1792.9531
Epoch 105/200, Batch 300, Aver_Loss: 1791.2537
Epoch 105/200, Batch 400, Aver_Loss: 1768.1495
[early-stopping] Epoch 105: no improvement (5/20)
Epoch 106/200, Batch 100, Aver_Loss: 1782.5137
Epoch 106/200, Batch 200, Aver_Loss: 1777.7885
Epoch 106/200, Batch 300, Aver_Loss: 1755.3698
Epoch 106/200, Batch 400, Aver_Loss: 1815.1481
[early-stopping] Epoch 106: no improvement (6/20)
Epoch 107/200, Batch 100, Aver_Loss: 1792.0015
Epoch 107/200, Batch 200, Aver_Loss: 1772.8914
Epoch 107/200, Batch 300, Aver_Loss: 1772.9894
Epoch 107/200, Batch 400, Aver_Loss: 1761.7725
[early-stopping] Epoch 107: no improvement (7/20)
Epoch 108/200, Batch 100, Aver_Loss: 1807.1370
Epoch 108/200, Batch 200, Aver_Loss: 1782.7062
Epoch 108/200, Batch 300, Aver_Loss: 1802.9458
Epoch 108/200, Batch 400, Aver_Loss: 1802.9895
[early-stopping] Epoch 108: no improvement (8/20)
Epoch 109/200, Batch 100, Aver_Loss: 1762.0076
Epoch 109/200, Batch 200, Aver_Loss: 1761.9355
Epoch 109/200, Batch 300, Aver_Loss: 1820.6799
Epoch 109/200, Batch 400, Aver_Loss: 1737.2959
[early-stopping] Epoch 109: no improvement (9/20)
Epoch 110/200, Batch 100, Aver_Loss: 1783.7728
Epoch 110/200, Batch 200, Aver_Loss: 1792.9670
Epoch 110/200, Batch 300, Aver_Loss: 1768.0114
Epoch 110/200, Batch 400, Aver_Loss: 1771.0778
[early-stopping] Epoch 110: no improvement (10/20)
Epoch 111/200, Batch 100, Aver_Loss: 1780.9794
Epoch 111/200, Batch 200, Aver_Loss: 1784.2240
Epoch 111/200, Batch 300, Aver_Loss: 1774.5186
Epoch 111/200, Batch 400, Aver_Loss: 1781.7395
[early-stopping] Epoch 111: no improvement (11/20)
Epoch 112/200, Batch 100, Aver_Loss: 1810.1862
Epoch 112/200, Batch 200, Aver_Loss: 1774.4237
Epoch 112/200, Batch 300, Aver_Loss: 1725.2795
Epoch 112/200, Batch 400, Aver_Loss: 1750.1627
[early-stopping] Epoch 112: no improvement (12/20)
Epoch 113/200, Batch 100, Aver_Loss: 1757.8691
Epoch 113/200, Batch 200, Aver_Loss: 1728.1697
Epoch 113/200, Batch 300, Aver_Loss: 1763.3275
Epoch 113/200, Batch 400, Aver_Loss: 1807.5901
[early-stopping] Epoch 113: no improvement (13/20)
Epoch 114/200, Batch 100, Aver_Loss: 1788.7490
Epoch 114/200, Batch 200, Aver_Loss: 1778.1841
Epoch 114/200, Batch 300, Aver_Loss: 1789.7657
Epoch 114/200, Batch 400, Aver_Loss: 1800.8315
[early-stopping] Epoch 114: no improvement (14/20)
Epoch 115/200, Batch 100, Aver_Loss: 1793.0342
Epoch 115/200, Batch 200, Aver_Loss: 1796.2349
Epoch 115/200, Batch 300, Aver_Loss: 1774.5483
Epoch 115/200, Batch 400, Aver_Loss: 1785.9523
[early-stopping] Epoch 115: no improvement (15/20)
Epoch 116/200, Batch 100, Aver_Loss: 1819.8373
Epoch 116/200, Batch 200, Aver_Loss: 1733.2231
Epoch 116/200, Batch 300, Aver_Loss: 1769.1815
Epoch 116/200, Batch 400, Aver_Loss: 1752.4259
[early-stopping] Epoch 116: new best val ELBO = -1775.770883
Epoch 117/200, Batch 100, Aver_Loss: 1789.1945
Epoch 117/200, Batch 200, Aver_Loss: 1783.5853
Epoch 117/200, Batch 300, Aver_Loss: 1795.7885
Epoch 117/200, Batch 400, Aver_Loss: 1792.5442
[early-stopping] Epoch 117: no improvement (1/20)
Epoch 118/200, Batch 100, Aver_Loss: 1782.4501
Epoch 118/200, Batch 200, Aver_Loss: 1736.1033
Epoch 118/200, Batch 300, Aver_Loss: 1770.0559
Epoch 118/200, Batch 400, Aver_Loss: 1762.2522
[early-stopping] Epoch 118: no improvement (2/20)
Epoch 119/200, Batch 100, Aver_Loss: 1790.4934
Epoch 119/200, Batch 200, Aver_Loss: 1816.3488
Epoch 119/200, Batch 300, Aver_Loss: 1798.2949
Epoch 119/200, Batch 400, Aver_Loss: 1741.8645
[early-stopping] Epoch 119: no improvement (3/20)
Epoch 120/200, Batch 100, Aver_Loss: 1776.0100
Epoch 120/200, Batch 200, Aver_Loss: 1786.2551
Epoch 120/200, Batch 300, Aver_Loss: 1778.3418
Epoch 120/200, Batch 400, Aver_Loss: 1759.3234
[early-stopping] Epoch 120: no improvement (4/20)
Epoch 121/200, Batch 100, Aver_Loss: 1775.6034
Epoch 121/200, Batch 200, Aver_Loss: 1743.0431
Epoch 121/200, Batch 300, Aver_Loss: 1773.3901
Epoch 121/200, Batch 400, Aver_Loss: 1741.8545
[early-stopping] Epoch 121: no improvement (5/20)
Epoch 122/200, Batch 100, Aver_Loss: 1817.8153
Epoch 122/200, Batch 200, Aver_Loss: 1810.5690
Epoch 122/200, Batch 300, Aver_Loss: 1787.1184
Epoch 122/200, Batch 400, Aver_Loss: 1695.9281
[early-stopping] Epoch 122: no improvement (6/20)
Epoch 123/200, Batch 100, Aver_Loss: 1748.9510
Epoch 123/200, Batch 200, Aver_Loss: 1805.3926
Epoch 123/200, Batch 300, Aver_Loss: 1728.4114
Epoch 123/200, Batch 400, Aver_Loss: 1756.2362
[early-stopping] Epoch 123: no improvement (7/20)
Epoch 124/200, Batch 100, Aver_Loss: 1807.1730
Epoch 124/200, Batch 200, Aver_Loss: 1740.0498
Epoch 124/200, Batch 300, Aver_Loss: 1739.9287
Epoch 124/200, Batch 400, Aver_Loss: 1758.5192
[early-stopping] Epoch 124: no improvement (8/20)
Epoch 125/200, Batch 100, Aver_Loss: 1759.5878
Epoch 125/200, Batch 200, Aver_Loss: 1779.9091
Epoch 125/200, Batch 300, Aver_Loss: 1806.8049
Epoch 125/200, Batch 400, Aver_Loss: 1827.8463
[early-stopping] Epoch 125: no improvement (9/20)
Epoch 126/200, Batch 100, Aver_Loss: 1753.5559
Epoch 126/200, Batch 200, Aver_Loss: 1780.6938
Epoch 126/200, Batch 300, Aver_Loss: 1763.2511
Epoch 126/200, Batch 400, Aver_Loss: 1728.2070
[early-stopping] Epoch 126: no improvement (10/20)
Epoch 127/200, Batch 100, Aver_Loss: 1788.9823
Epoch 127/200, Batch 200, Aver_Loss: 1810.3273
Epoch 127/200, Batch 300, Aver_Loss: 1775.7529
Epoch 127/200, Batch 400, Aver_Loss: 1771.9933
[early-stopping] Epoch 127: no improvement (11/20)
Epoch 128/200, Batch 100, Aver_Loss: 1765.7531
Epoch 128/200, Batch 200, Aver_Loss: 1716.8127
Epoch 128/200, Batch 300, Aver_Loss: 1758.1281
Epoch 128/200, Batch 400, Aver_Loss: 1822.8214
[early-stopping] Epoch 128: new best val ELBO = -1775.606683
Epoch 129/200, Batch 100, Aver_Loss: 1808.9824
Epoch 129/200, Batch 200, Aver_Loss: 1776.9204
Epoch 129/200, Batch 300, Aver_Loss: 1779.5039
Epoch 129/200, Batch 400, Aver_Loss: 1727.6459
[early-stopping] Epoch 129: no improvement (1/20)
Epoch 130/200, Batch 100, Aver_Loss: 1754.2288
Epoch 130/200, Batch 200, Aver_Loss: 1780.8442
Epoch 130/200, Batch 300, Aver_Loss: 1762.1635
Epoch 130/200, Batch 400, Aver_Loss: 1799.4067
[early-stopping] Epoch 130: no improvement (2/20)
Epoch 131/200, Batch 100, Aver_Loss: 1774.1421
Epoch 131/200, Batch 200, Aver_Loss: 1798.9021
Epoch 131/200, Batch 300, Aver_Loss: 1726.1865
Epoch 131/200, Batch 400, Aver_Loss: 1802.8735
[early-stopping] Epoch 131: no improvement (3/20)
Epoch 132/200, Batch 100, Aver_Loss: 1820.9912
Epoch 132/200, Batch 200, Aver_Loss: 1801.0637
Epoch 132/200, Batch 300, Aver_Loss: 1771.7340
Epoch 132/200, Batch 400, Aver_Loss: 1760.4583
[early-stopping] Epoch 132: new best val ELBO = -1775.213308
Epoch 133/200, Batch 100, Aver_Loss: 1749.9514
Epoch 133/200, Batch 200, Aver_Loss: 1753.2474
Epoch 133/200, Batch 300, Aver_Loss: 1745.1002
Epoch 133/200, Batch 400, Aver_Loss: 1742.6910
[early-stopping] Epoch 133: no improvement (1/20)
Epoch 134/200, Batch 100, Aver_Loss: 1763.4198
Epoch 134/200, Batch 200, Aver_Loss: 1738.9526
Epoch 134/200, Batch 300, Aver_Loss: 1744.2140
Epoch 134/200, Batch 400, Aver_Loss: 1815.4841
[early-stopping] Epoch 134: no improvement (2/20)
Epoch 135/200, Batch 100, Aver_Loss: 1804.9047
Epoch 135/200, Batch 200, Aver_Loss: 1802.6198
Epoch 135/200, Batch 300, Aver_Loss: 1737.1826
Epoch 135/200, Batch 400, Aver_Loss: 1807.7931
[early-stopping] Epoch 135: no improvement (3/20)
Epoch 136/200, Batch 100, Aver_Loss: 1781.0115
Epoch 136/200, Batch 200, Aver_Loss: 1838.8751
Epoch 136/200, Batch 300, Aver_Loss: 1790.5571
Epoch 136/200, Batch 400, Aver_Loss: 1804.3965
[early-stopping] Epoch 136: no improvement (4/20)
Epoch 137/200, Batch 100, Aver_Loss: 1782.3702
Epoch 137/200, Batch 200, Aver_Loss: 1787.1039
Epoch 137/200, Batch 300, Aver_Loss: 1774.9010
Epoch 137/200, Batch 400, Aver_Loss: 1771.3617
[early-stopping] Epoch 137: no improvement (5/20)
Epoch 138/200, Batch 100, Aver_Loss: 1821.7170
Epoch 138/200, Batch 200, Aver_Loss: 1766.7346
Epoch 138/200, Batch 300, Aver_Loss: 1753.8978
Epoch 138/200, Batch 400, Aver_Loss: 1778.8745
[early-stopping] Epoch 138: no improvement (6/20)
Epoch 139/200, Batch 100, Aver_Loss: 1715.0388
Epoch 139/200, Batch 200, Aver_Loss: 1769.0359
Epoch 139/200, Batch 300, Aver_Loss: 1753.8407
Epoch 139/200, Batch 400, Aver_Loss: 1777.3555
[early-stopping] Epoch 139: no improvement (7/20)
Epoch 140/200, Batch 100, Aver_Loss: 1770.5850
Epoch 140/200, Batch 200, Aver_Loss: 1792.8624
Epoch 140/200, Batch 300, Aver_Loss: 1759.5867
Epoch 140/200, Batch 400, Aver_Loss: 1781.7131
[early-stopping] Epoch 140: no improvement (8/20)
Epoch 141/200, Batch 100, Aver_Loss: 1713.8273
Epoch 141/200, Batch 200, Aver_Loss: 1757.2611
Epoch 141/200, Batch 300, Aver_Loss: 1793.4065
Epoch 141/200, Batch 400, Aver_Loss: 1808.1775
[early-stopping] Epoch 141: no improvement (9/20)
Epoch 142/200, Batch 100, Aver_Loss: 1788.7050
Epoch 142/200, Batch 200, Aver_Loss: 1809.9784
Epoch 142/200, Batch 300, Aver_Loss: 1785.0039
Epoch 142/200, Batch 400, Aver_Loss: 1783.3695
[early-stopping] Epoch 142: no improvement (10/20)
Epoch 143/200, Batch 100, Aver_Loss: 1746.8223
Epoch 143/200, Batch 200, Aver_Loss: 1765.9202
Epoch 143/200, Batch 300, Aver_Loss: 1749.5331
Epoch 143/200, Batch 400, Aver_Loss: 1795.5510
[early-stopping] Epoch 143: no improvement (11/20)
Epoch 144/200, Batch 100, Aver_Loss: 1830.3538
Epoch 144/200, Batch 200, Aver_Loss: 1778.4408
Epoch 144/200, Batch 300, Aver_Loss: 1773.1239
Epoch 144/200, Batch 400, Aver_Loss: 1781.1847
[early-stopping] Epoch 144: no improvement (12/20)
Epoch 145/200, Batch 100, Aver_Loss: 1719.3251
Epoch 145/200, Batch 200, Aver_Loss: 1776.7893
Epoch 145/200, Batch 300, Aver_Loss: 1799.2535
Epoch 145/200, Batch 400, Aver_Loss: 1756.3075
[early-stopping] Epoch 145: no improvement (13/20)
Epoch 146/200, Batch 100, Aver_Loss: 1757.5221
Epoch 146/200, Batch 200, Aver_Loss: 1679.7728
Epoch 146/200, Batch 300, Aver_Loss: 1821.7874
Epoch 146/200, Batch 400, Aver_Loss: 1793.4219
[early-stopping] Epoch 146: no improvement (14/20)
Epoch 147/200, Batch 100, Aver_Loss: 1753.7919
Epoch 147/200, Batch 200, Aver_Loss: 1768.5228
Epoch 147/200, Batch 300, Aver_Loss: 1725.2476
Epoch 147/200, Batch 400, Aver_Loss: 1756.6631
[early-stopping] Epoch 147: no improvement (15/20)
Epoch 148/200, Batch 100, Aver_Loss: 1785.4333
Epoch 148/200, Batch 200, Aver_Loss: 1802.5739
Epoch 148/200, Batch 300, Aver_Loss: 1766.2179
Epoch 148/200, Batch 400, Aver_Loss: 1785.6938
[early-stopping] Epoch 148: no improvement (16/20)
Epoch 149/200, Batch 100, Aver_Loss: 1802.7998
Epoch 149/200, Batch 200, Aver_Loss: 1754.6870
Epoch 149/200, Batch 300, Aver_Loss: 1756.3182
Epoch 149/200, Batch 400, Aver_Loss: 1783.5198
[early-stopping] Epoch 149: no improvement (17/20)
Epoch 150/200, Batch 100, Aver_Loss: 1805.5978
Epoch 150/200, Batch 200, Aver_Loss: 1748.0731
Epoch 150/200, Batch 300, Aver_Loss: 1771.5983
Epoch 150/200, Batch 400, Aver_Loss: 1789.7100
[early-stopping] Epoch 150: no improvement (18/20)
Epoch 151/200, Batch 100, Aver_Loss: 1825.3778
Epoch 151/200, Batch 200, Aver_Loss: 1813.5704
Epoch 151/200, Batch 300, Aver_Loss: 1751.8669
Epoch 151/200, Batch 400, Aver_Loss: 1780.4398
[early-stopping] Epoch 151: no improvement (19/20)
Epoch 152/200, Batch 100, Aver_Loss: 1783.0968
Epoch 152/200, Batch 200, Aver_Loss: 1733.9031
Epoch 152/200, Batch 300, Aver_Loss: 1714.8160
Epoch 152/200, Batch 400, Aver_Loss: 1752.2539
[early-stopping] Epoch 152: no improvement (20/20)
[early-stopping] Patience reached. Stopping at epoch 152. Best epoch: 132, best val ELBO: -1775.213308
[early-stopping] Loaded best model from epoch 132 (val ELBO = -1775.213308)
[checkpoint] Saved best model to: trained_parameters/cifar100_zdim512_VAE.pkl
[saved curves] ./results/CIFAR100/curves/cifar100_vae_d512_s777.json

==== Evaluation Summary ====
                 model: vae
   recon/mse_per_pixel: 0.015324
            elbo/train: -1771.818800
             elbo/test: -1775.244970
             mse/train: 0.014898
              mse/test: 0.015324
             probe/acc: 0.202250
             probe/nll: 3.452753
           probe/brier: 0.905426
             probe/ece: 0.024143
           cluster/nmi: 0.222280
           cluster/ari: 0.027553
============================

