/usr/bin/which: no fi_info in (/arf/home/meyavuz/.local/bin:/arf/sw/comp/python/intelpython3/condabin:/arf/sw/comp/python/intelpython3/bin:/usr/share/Modules/bin:/usr/local/bin:/usr/bin:/usr/local/sbin:/usr/sbin)
Extension for Scikit-learn* enabled (https://github.com/uxlfoundation/scikit-learn-intelex)
/arf/home/meyavuz/.conda/envs/sbn/lib/python3.9/site-packages/sklearn/linear_model/_logistic.py:1247: FutureWarning: 'multi_class' was deprecated in version 1.5 and will be removed in 1.7. From then on, it will always use 'multinomial'. Leave it to its default value to avoid this warning.
  warnings.warn(
Epoch 1/200, Batch 100, Aver_Loss: 1948.3351
Epoch 1/200, Batch 200, Aver_Loss: 1952.9042
Epoch 1/200, Batch 300, Aver_Loss: 1964.6139
Epoch 1/200, Batch 400, Aver_Loss: 1954.4983
[early-stopping] Epoch 1: new best val ELBO = -1927.971956
Epoch 2/200, Batch 100, Aver_Loss: 1914.4583
Epoch 2/200, Batch 200, Aver_Loss: 1923.5923
Epoch 2/200, Batch 300, Aver_Loss: 1934.3212
Epoch 2/200, Batch 400, Aver_Loss: 1969.1755
[early-stopping] Epoch 2: no improvement (1/20)
Epoch 3/200, Batch 100, Aver_Loss: 1922.4858
Epoch 3/200, Batch 200, Aver_Loss: 1915.3861
Epoch 3/200, Batch 300, Aver_Loss: 1937.7815
Epoch 3/200, Batch 400, Aver_Loss: 1938.5562
[early-stopping] Epoch 3: new best val ELBO = -1925.130481
Epoch 4/200, Batch 100, Aver_Loss: 1902.5050
Epoch 4/200, Batch 200, Aver_Loss: 1952.4617
Epoch 4/200, Batch 300, Aver_Loss: 1888.6028
Epoch 4/200, Batch 400, Aver_Loss: 1944.9685
[early-stopping] Epoch 4: no improvement (1/20)
Epoch 5/200, Batch 100, Aver_Loss: 1947.4965
Epoch 5/200, Batch 200, Aver_Loss: 1910.0756
Epoch 5/200, Batch 300, Aver_Loss: 1931.1509
Epoch 5/200, Batch 400, Aver_Loss: 1890.8719
[early-stopping] Epoch 5: new best val ELBO = -1919.327291
Epoch 6/200, Batch 100, Aver_Loss: 1925.7096
Epoch 6/200, Batch 200, Aver_Loss: 1922.4969
Epoch 6/200, Batch 300, Aver_Loss: 1951.4674
Epoch 6/200, Batch 400, Aver_Loss: 1928.6545
[early-stopping] Epoch 6: no improvement (1/20)
Epoch 7/200, Batch 100, Aver_Loss: 1873.0760
Epoch 7/200, Batch 200, Aver_Loss: 1904.1929
Epoch 7/200, Batch 300, Aver_Loss: 1885.3104
Epoch 7/200, Batch 400, Aver_Loss: 1963.4985
[early-stopping] Epoch 7: no improvement (2/20)
Epoch 8/200, Batch 100, Aver_Loss: 1944.2195
Epoch 8/200, Batch 200, Aver_Loss: 1926.7954
Epoch 8/200, Batch 300, Aver_Loss: 1917.4783
Epoch 8/200, Batch 400, Aver_Loss: 1958.5197
[early-stopping] Epoch 8: no improvement (3/20)
Epoch 9/200, Batch 100, Aver_Loss: 1945.0895
Epoch 9/200, Batch 200, Aver_Loss: 1944.7920
Epoch 9/200, Batch 300, Aver_Loss: 1906.0818
Epoch 9/200, Batch 400, Aver_Loss: 1893.5792
[early-stopping] Epoch 9: new best val ELBO = -1917.837914
Epoch 10/200, Batch 100, Aver_Loss: 1908.7230
Epoch 10/200, Batch 200, Aver_Loss: 1915.0042
Epoch 10/200, Batch 300, Aver_Loss: 1908.0199
Epoch 10/200, Batch 400, Aver_Loss: 1956.3708
[early-stopping] Epoch 10: no improvement (1/20)
Epoch 11/200, Batch 100, Aver_Loss: 1992.2374
Epoch 11/200, Batch 200, Aver_Loss: 1959.8867
Epoch 11/200, Batch 300, Aver_Loss: 1983.9983
Epoch 11/200, Batch 400, Aver_Loss: 1971.3225
[early-stopping] Epoch 11: no improvement (2/20)
Epoch 12/200, Batch 100, Aver_Loss: 1940.9991
Epoch 12/200, Batch 200, Aver_Loss: 1987.8605
Epoch 12/200, Batch 300, Aver_Loss: 1934.5984
Epoch 12/200, Batch 400, Aver_Loss: 1953.0509
[early-stopping] Epoch 12: no improvement (3/20)
Epoch 13/200, Batch 100, Aver_Loss: 1935.8630
Epoch 13/200, Batch 200, Aver_Loss: 1943.9823
Epoch 13/200, Batch 300, Aver_Loss: 1874.7983
Epoch 13/200, Batch 400, Aver_Loss: 1926.9813
[early-stopping] Epoch 13: no improvement (4/20)
Epoch 14/200, Batch 100, Aver_Loss: 1903.8284
Epoch 14/200, Batch 200, Aver_Loss: 1906.9009
Epoch 14/200, Batch 300, Aver_Loss: 1962.0707
Epoch 14/200, Batch 400, Aver_Loss: 1933.3868
[early-stopping] Epoch 14: no improvement (5/20)
Epoch 15/200, Batch 100, Aver_Loss: 1891.4628
Epoch 15/200, Batch 200, Aver_Loss: 1944.9182
Epoch 15/200, Batch 300, Aver_Loss: 1902.6549
Epoch 15/200, Batch 400, Aver_Loss: 1921.7383
[early-stopping] Epoch 15: new best val ELBO = -1916.019846
Epoch 16/200, Batch 100, Aver_Loss: 1910.2144
Epoch 16/200, Batch 200, Aver_Loss: 1876.0765
Epoch 16/200, Batch 300, Aver_Loss: 1933.4233
Epoch 16/200, Batch 400, Aver_Loss: 1885.3467
[early-stopping] Epoch 16: no improvement (1/20)
Epoch 17/200, Batch 100, Aver_Loss: 1952.8773
Epoch 17/200, Batch 200, Aver_Loss: 1923.8422
Epoch 17/200, Batch 300, Aver_Loss: 1933.5460
Epoch 17/200, Batch 400, Aver_Loss: 1910.5236
[early-stopping] Epoch 17: no improvement (2/20)
Epoch 18/200, Batch 100, Aver_Loss: 1868.9082
Epoch 18/200, Batch 200, Aver_Loss: 1896.9476
Epoch 18/200, Batch 300, Aver_Loss: 1899.4937
Epoch 18/200, Batch 400, Aver_Loss: 1900.5258
[early-stopping] Epoch 18: new best val ELBO = -1915.579482
Epoch 19/200, Batch 100, Aver_Loss: 1917.3031
Epoch 19/200, Batch 200, Aver_Loss: 1933.9540
Epoch 19/200, Batch 300, Aver_Loss: 1913.3323
Epoch 19/200, Batch 400, Aver_Loss: 1931.8021
[early-stopping] Epoch 19: new best val ELBO = -1914.273756
Epoch 20/200, Batch 100, Aver_Loss: 1905.6909
Epoch 20/200, Batch 200, Aver_Loss: 1932.7769
Epoch 20/200, Batch 300, Aver_Loss: 1916.0403
Epoch 20/200, Batch 400, Aver_Loss: 1906.7363
[early-stopping] Epoch 20: no improvement (1/20)
Epoch 21/200, Batch 100, Aver_Loss: 1931.8376
Epoch 21/200, Batch 200, Aver_Loss: 1914.6987
Epoch 21/200, Batch 300, Aver_Loss: 1981.7076
Epoch 21/200, Batch 400, Aver_Loss: 1964.3367
[early-stopping] Epoch 21: no improvement (2/20)
Epoch 22/200, Batch 100, Aver_Loss: 1931.9153
Epoch 22/200, Batch 200, Aver_Loss: 1941.8896
Epoch 22/200, Batch 300, Aver_Loss: 1953.0001
Epoch 22/200, Batch 400, Aver_Loss: 1909.7178
[early-stopping] Epoch 22: no improvement (3/20)
Epoch 23/200, Batch 100, Aver_Loss: 1910.5472
Epoch 23/200, Batch 200, Aver_Loss: 1905.6395
Epoch 23/200, Batch 300, Aver_Loss: 1925.6158
Epoch 23/200, Batch 400, Aver_Loss: 1937.8896
[early-stopping] Epoch 23: no improvement (4/20)
Epoch 24/200, Batch 100, Aver_Loss: 1898.1464
Epoch 24/200, Batch 200, Aver_Loss: 1905.0818
Epoch 24/200, Batch 300, Aver_Loss: 1949.4890
Epoch 24/200, Batch 400, Aver_Loss: 1923.6484
[early-stopping] Epoch 24: new best val ELBO = -1914.140240
Epoch 25/200, Batch 100, Aver_Loss: 1903.4717
Epoch 25/200, Batch 200, Aver_Loss: 1887.3828
Epoch 25/200, Batch 300, Aver_Loss: 1915.7107
Epoch 25/200, Batch 400, Aver_Loss: 1929.9492
[early-stopping] Epoch 25: new best val ELBO = -1913.982377
Epoch 26/200, Batch 100, Aver_Loss: 1938.9226
Epoch 26/200, Batch 200, Aver_Loss: 1914.8098
Epoch 26/200, Batch 300, Aver_Loss: 1881.0826
Epoch 26/200, Batch 400, Aver_Loss: 1942.9924
[early-stopping] Epoch 26: no improvement (1/20)
Epoch 27/200, Batch 100, Aver_Loss: 1925.9482
Epoch 27/200, Batch 200, Aver_Loss: 1933.0134
Epoch 27/200, Batch 300, Aver_Loss: 1922.6801
Epoch 27/200, Batch 400, Aver_Loss: 1902.1089
[early-stopping] Epoch 27: no improvement (2/20)
Epoch 28/200, Batch 100, Aver_Loss: 1878.5221
Epoch 28/200, Batch 200, Aver_Loss: 1931.3236
Epoch 28/200, Batch 300, Aver_Loss: 1926.5221
Epoch 28/200, Batch 400, Aver_Loss: 1909.4717
[early-stopping] Epoch 28: no improvement (3/20)
Epoch 29/200, Batch 100, Aver_Loss: 1867.5229
Epoch 29/200, Batch 200, Aver_Loss: 1924.4961
Epoch 29/200, Batch 300, Aver_Loss: 1916.5640
Epoch 29/200, Batch 400, Aver_Loss: 1911.4209
[early-stopping] Epoch 29: no improvement (4/20)
Epoch 30/200, Batch 100, Aver_Loss: 1912.7523
Epoch 30/200, Batch 200, Aver_Loss: 1911.0382
Epoch 30/200, Batch 300, Aver_Loss: 1901.4567
Epoch 30/200, Batch 400, Aver_Loss: 1940.4895
[early-stopping] Epoch 30: new best val ELBO = -1913.549318
Epoch 31/200, Batch 100, Aver_Loss: 1937.7838
Epoch 31/200, Batch 200, Aver_Loss: 1862.3986
Epoch 31/200, Batch 300, Aver_Loss: 1926.9521
Epoch 31/200, Batch 400, Aver_Loss: 1941.2273
[early-stopping] Epoch 31: new best val ELBO = -1912.826788
Epoch 32/200, Batch 100, Aver_Loss: 1947.8730
Epoch 32/200, Batch 200, Aver_Loss: 1892.0693
Epoch 32/200, Batch 300, Aver_Loss: 1931.5647
Epoch 32/200, Batch 400, Aver_Loss: 1912.3326
[early-stopping] Epoch 32: no improvement (1/20)
Epoch 33/200, Batch 100, Aver_Loss: 1929.2893
Epoch 33/200, Batch 200, Aver_Loss: 1919.1364
Epoch 33/200, Batch 300, Aver_Loss: 1925.2455
Epoch 33/200, Batch 400, Aver_Loss: 1920.3271
[early-stopping] Epoch 33: no improvement (2/20)
Epoch 34/200, Batch 100, Aver_Loss: 1921.0980
Epoch 34/200, Batch 200, Aver_Loss: 1892.8572
Epoch 34/200, Batch 300, Aver_Loss: 1926.1925
Epoch 34/200, Batch 400, Aver_Loss: 1941.7988
[early-stopping] Epoch 34: no improvement (3/20)
Epoch 35/200, Batch 100, Aver_Loss: 1908.8373
Epoch 35/200, Batch 200, Aver_Loss: 1943.0386
Epoch 35/200, Batch 300, Aver_Loss: 1920.5045
Epoch 35/200, Batch 400, Aver_Loss: 1926.6012
[early-stopping] Epoch 35: new best val ELBO = -1912.813225
Epoch 36/200, Batch 100, Aver_Loss: 1903.2115
Epoch 36/200, Batch 200, Aver_Loss: 1959.7023
Epoch 36/200, Batch 300, Aver_Loss: 1895.7665
Epoch 36/200, Batch 400, Aver_Loss: 1927.4890
[early-stopping] Epoch 36: no improvement (1/20)
Epoch 37/200, Batch 100, Aver_Loss: 1932.3184
Epoch 37/200, Batch 200, Aver_Loss: 1899.8407
Epoch 37/200, Batch 300, Aver_Loss: 1923.1235
Epoch 37/200, Batch 400, Aver_Loss: 1920.6406
[early-stopping] Epoch 37: no improvement (2/20)
Epoch 38/200, Batch 100, Aver_Loss: 1907.3413
Epoch 38/200, Batch 200, Aver_Loss: 2034.1211
Epoch 38/200, Batch 300, Aver_Loss: 1924.4343
Epoch 38/200, Batch 400, Aver_Loss: 1944.1190
[early-stopping] Epoch 38: no improvement (3/20)
Epoch 39/200, Batch 100, Aver_Loss: 1952.1682
Epoch 39/200, Batch 200, Aver_Loss: 1918.5426
Epoch 39/200, Batch 300, Aver_Loss: 1927.7875
Epoch 39/200, Batch 400, Aver_Loss: 1877.5370
[early-stopping] Epoch 39: no improvement (4/20)
Epoch 40/200, Batch 100, Aver_Loss: 1933.9216
Epoch 40/200, Batch 200, Aver_Loss: 1907.0636
Epoch 40/200, Batch 300, Aver_Loss: 1928.6614
Epoch 40/200, Batch 400, Aver_Loss: 1912.0221
[early-stopping] Epoch 40: no improvement (5/20)
Epoch 41/200, Batch 100, Aver_Loss: 1925.7742
Epoch 41/200, Batch 200, Aver_Loss: 1875.2267
Epoch 41/200, Batch 300, Aver_Loss: 1927.5927
Epoch 41/200, Batch 400, Aver_Loss: 1905.5015
[early-stopping] Epoch 41: no improvement (6/20)
Epoch 42/200, Batch 100, Aver_Loss: 1901.5731
Epoch 42/200, Batch 200, Aver_Loss: 1921.8505
Epoch 42/200, Batch 300, Aver_Loss: 1883.0040
Epoch 42/200, Batch 400, Aver_Loss: 1920.0900
[early-stopping] Epoch 42: new best val ELBO = -1911.552554
Epoch 43/200, Batch 100, Aver_Loss: 1904.1531
Epoch 43/200, Batch 200, Aver_Loss: 1870.8607
Epoch 43/200, Batch 300, Aver_Loss: 1893.3423
Epoch 43/200, Batch 400, Aver_Loss: 1878.2584
[early-stopping] Epoch 43: no improvement (1/20)
Epoch 44/200, Batch 100, Aver_Loss: 1919.8978
Epoch 44/200, Batch 200, Aver_Loss: 1942.5208
Epoch 44/200, Batch 300, Aver_Loss: 1894.7687
Epoch 44/200, Batch 400, Aver_Loss: 1928.9611
[early-stopping] Epoch 44: no improvement (2/20)
Epoch 45/200, Batch 100, Aver_Loss: 1901.3179
Epoch 45/200, Batch 200, Aver_Loss: 1894.8669
Epoch 45/200, Batch 300, Aver_Loss: 1911.8335
Epoch 45/200, Batch 400, Aver_Loss: 1894.3328
[early-stopping] Epoch 45: no improvement (3/20)
Epoch 46/200, Batch 100, Aver_Loss: 1904.6621
Epoch 46/200, Batch 200, Aver_Loss: 1929.0426
Epoch 46/200, Batch 300, Aver_Loss: 1917.4570
Epoch 46/200, Batch 400, Aver_Loss: 1896.7909
[early-stopping] Epoch 46: no improvement (4/20)
Epoch 47/200, Batch 100, Aver_Loss: 1877.3967
Epoch 47/200, Batch 200, Aver_Loss: 1955.6931
Epoch 47/200, Batch 300, Aver_Loss: 1932.5427
Epoch 47/200, Batch 400, Aver_Loss: 1927.2308
[early-stopping] Epoch 47: no improvement (5/20)
Epoch 48/200, Batch 100, Aver_Loss: 1903.2848
Epoch 48/200, Batch 200, Aver_Loss: 1906.6487
Epoch 48/200, Batch 300, Aver_Loss: 1910.2842
Epoch 48/200, Batch 400, Aver_Loss: 1912.7014
[early-stopping] Epoch 48: no improvement (6/20)
Epoch 49/200, Batch 100, Aver_Loss: 1902.7715
Epoch 49/200, Batch 200, Aver_Loss: 1923.7200
Epoch 49/200, Batch 300, Aver_Loss: 1930.6877
Epoch 49/200, Batch 400, Aver_Loss: 1925.2506
[early-stopping] Epoch 49: no improvement (7/20)
Epoch 50/200, Batch 100, Aver_Loss: 1942.0015
Epoch 50/200, Batch 200, Aver_Loss: 1885.5896
Epoch 50/200, Batch 300, Aver_Loss: 1881.3441
Epoch 50/200, Batch 400, Aver_Loss: 1898.6100
[early-stopping] Epoch 50: no improvement (8/20)
Epoch 51/200, Batch 100, Aver_Loss: 1912.8345
Epoch 51/200, Batch 200, Aver_Loss: 1915.1206
Epoch 51/200, Batch 300, Aver_Loss: 1917.3949
Epoch 51/200, Batch 400, Aver_Loss: 1927.4180
[early-stopping] Epoch 51: no improvement (9/20)
Epoch 52/200, Batch 100, Aver_Loss: 1906.5543
Epoch 52/200, Batch 200, Aver_Loss: 1919.1805
Epoch 52/200, Batch 300, Aver_Loss: 1927.1819
Epoch 52/200, Batch 400, Aver_Loss: 1960.9160
[early-stopping] Epoch 52: no improvement (10/20)
Epoch 53/200, Batch 100, Aver_Loss: 1923.5615
Epoch 53/200, Batch 200, Aver_Loss: 1898.7645
Epoch 53/200, Batch 300, Aver_Loss: 1927.1865
Epoch 53/200, Batch 400, Aver_Loss: 1906.8641
[early-stopping] Epoch 53: no improvement (11/20)
Epoch 54/200, Batch 100, Aver_Loss: 1910.9884
Epoch 54/200, Batch 200, Aver_Loss: 1894.2440
Epoch 54/200, Batch 300, Aver_Loss: 1916.5040
Epoch 54/200, Batch 400, Aver_Loss: 1898.5592
[early-stopping] Epoch 54: no improvement (12/20)
Epoch 55/200, Batch 100, Aver_Loss: 1901.8818
Epoch 55/200, Batch 200, Aver_Loss: 1896.4314
Epoch 55/200, Batch 300, Aver_Loss: 1913.4004
Epoch 55/200, Batch 400, Aver_Loss: 1924.5498
[early-stopping] Epoch 55: no improvement (13/20)
Epoch 56/200, Batch 100, Aver_Loss: 1920.6257
Epoch 56/200, Batch 200, Aver_Loss: 1895.1315
Epoch 56/200, Batch 300, Aver_Loss: 1893.4006
Epoch 56/200, Batch 400, Aver_Loss: 1924.1375
[early-stopping] Epoch 56: no improvement (14/20)
Epoch 57/200, Batch 100, Aver_Loss: 1874.8698
Epoch 57/200, Batch 200, Aver_Loss: 1928.2848
Epoch 57/200, Batch 300, Aver_Loss: 1913.2885
Epoch 57/200, Batch 400, Aver_Loss: 1929.2246
[early-stopping] Epoch 57: no improvement (15/20)
Epoch 58/200, Batch 100, Aver_Loss: 1960.9231
Epoch 58/200, Batch 200, Aver_Loss: 1925.4930
Epoch 58/200, Batch 300, Aver_Loss: 1911.9738
Epoch 58/200, Batch 400, Aver_Loss: 1913.0107
[early-stopping] Epoch 58: new best val ELBO = -1911.483918
Epoch 59/200, Batch 100, Aver_Loss: 1907.1620
Epoch 59/200, Batch 200, Aver_Loss: 1891.8435
Epoch 59/200, Batch 300, Aver_Loss: 1938.3759
Epoch 59/200, Batch 400, Aver_Loss: 1884.1040
[early-stopping] Epoch 59: no improvement (1/20)
Epoch 60/200, Batch 100, Aver_Loss: 1875.5048
Epoch 60/200, Batch 200, Aver_Loss: 1921.8970
Epoch 60/200, Batch 300, Aver_Loss: 1898.3923
Epoch 60/200, Batch 400, Aver_Loss: 1896.8273
[early-stopping] Epoch 60: no improvement (2/20)
Epoch 61/200, Batch 100, Aver_Loss: 1932.3466
Epoch 61/200, Batch 200, Aver_Loss: 1881.1246
Epoch 61/200, Batch 300, Aver_Loss: 1944.5312
Epoch 61/200, Batch 400, Aver_Loss: 1917.7396
[early-stopping] Epoch 61: no improvement (3/20)
Epoch 62/200, Batch 100, Aver_Loss: 1895.1022
Epoch 62/200, Batch 200, Aver_Loss: 1904.6400
Epoch 62/200, Batch 300, Aver_Loss: 1900.9880
Epoch 62/200, Batch 400, Aver_Loss: 1921.4585
[early-stopping] Epoch 62: new best val ELBO = -1911.381867
Epoch 63/200, Batch 100, Aver_Loss: 1922.2424
Epoch 63/200, Batch 200, Aver_Loss: 1941.5649
Epoch 63/200, Batch 300, Aver_Loss: 1904.0575
Epoch 63/200, Batch 400, Aver_Loss: 1901.3290
[early-stopping] Epoch 63: no improvement (1/20)
Epoch 64/200, Batch 100, Aver_Loss: 1945.8218
Epoch 64/200, Batch 200, Aver_Loss: 1899.7882
Epoch 64/200, Batch 300, Aver_Loss: 1901.0651
Epoch 64/200, Batch 400, Aver_Loss: 1892.5837
[early-stopping] Epoch 64: no improvement (2/20)
Epoch 65/200, Batch 100, Aver_Loss: 1920.8818
Epoch 65/200, Batch 200, Aver_Loss: 1887.1653
Epoch 65/200, Batch 300, Aver_Loss: 1874.7620
Epoch 65/200, Batch 400, Aver_Loss: 1901.4174
[early-stopping] Epoch 65: new best val ELBO = -1910.647409
Epoch 66/200, Batch 100, Aver_Loss: 1895.8092
Epoch 66/200, Batch 200, Aver_Loss: 1903.3770
Epoch 66/200, Batch 300, Aver_Loss: 1916.1588
Epoch 66/200, Batch 400, Aver_Loss: 1859.4526
[early-stopping] Epoch 66: no improvement (1/20)
Epoch 67/200, Batch 100, Aver_Loss: 1927.7561
Epoch 67/200, Batch 200, Aver_Loss: 1950.4592
Epoch 67/200, Batch 300, Aver_Loss: 1895.8505
Epoch 67/200, Batch 400, Aver_Loss: 1897.0587
[early-stopping] Epoch 67: no improvement (2/20)
Epoch 68/200, Batch 100, Aver_Loss: 1883.4531
Epoch 68/200, Batch 200, Aver_Loss: 1927.0679
Epoch 68/200, Batch 300, Aver_Loss: 1919.2053
Epoch 68/200, Batch 400, Aver_Loss: 1921.3439
[early-stopping] Epoch 68: new best val ELBO = -1910.504221
Epoch 69/200, Batch 100, Aver_Loss: 1927.7139
Epoch 69/200, Batch 200, Aver_Loss: 1924.1207
Epoch 69/200, Batch 300, Aver_Loss: 1915.1178
Epoch 69/200, Batch 400, Aver_Loss: 1913.7585
[early-stopping] Epoch 69: no improvement (1/20)
Epoch 70/200, Batch 100, Aver_Loss: 1927.7327
Epoch 70/200, Batch 200, Aver_Loss: 1922.7288
Epoch 70/200, Batch 300, Aver_Loss: 1932.0714
Epoch 70/200, Batch 400, Aver_Loss: 1893.9673
[early-stopping] Epoch 70: no improvement (2/20)
Epoch 71/200, Batch 100, Aver_Loss: 1930.2067
Epoch 71/200, Batch 200, Aver_Loss: 1895.9681
Epoch 71/200, Batch 300, Aver_Loss: 1921.2428
Epoch 71/200, Batch 400, Aver_Loss: 1936.0343
[early-stopping] Epoch 71: no improvement (3/20)
Epoch 72/200, Batch 100, Aver_Loss: 1928.9684
Epoch 72/200, Batch 200, Aver_Loss: 1894.5698
Epoch 72/200, Batch 300, Aver_Loss: 1907.2843
Epoch 72/200, Batch 400, Aver_Loss: 1876.3511
[early-stopping] Epoch 72: no improvement (4/20)
Epoch 73/200, Batch 100, Aver_Loss: 1927.1993
Epoch 73/200, Batch 200, Aver_Loss: 1919.6396
Epoch 73/200, Batch 300, Aver_Loss: 1920.0090
Epoch 73/200, Batch 400, Aver_Loss: 1926.2217
[early-stopping] Epoch 73: no improvement (5/20)
Epoch 74/200, Batch 100, Aver_Loss: 1902.9556
Epoch 74/200, Batch 200, Aver_Loss: 1906.0521
Epoch 74/200, Batch 300, Aver_Loss: 1927.1517
Epoch 74/200, Batch 400, Aver_Loss: 1939.1637
[early-stopping] Epoch 74: no improvement (6/20)
Epoch 75/200, Batch 100, Aver_Loss: 1914.9934
Epoch 75/200, Batch 200, Aver_Loss: 1929.9321
Epoch 75/200, Batch 300, Aver_Loss: 1927.4939
Epoch 75/200, Batch 400, Aver_Loss: 1934.4529
[early-stopping] Epoch 75: no improvement (7/20)
Epoch 76/200, Batch 100, Aver_Loss: 1896.4609
Epoch 76/200, Batch 200, Aver_Loss: 1918.7056
Epoch 76/200, Batch 300, Aver_Loss: 1985.8220
Epoch 76/200, Batch 400, Aver_Loss: 1897.2092
[early-stopping] Epoch 76: no improvement (8/20)
Epoch 77/200, Batch 100, Aver_Loss: 1898.0006
Epoch 77/200, Batch 200, Aver_Loss: 1922.7720
Epoch 77/200, Batch 300, Aver_Loss: 1910.2123
Epoch 77/200, Batch 400, Aver_Loss: 1902.2448
[early-stopping] Epoch 77: no improvement (9/20)
Epoch 78/200, Batch 100, Aver_Loss: 1913.7313
Epoch 78/200, Batch 200, Aver_Loss: 1924.9253
Epoch 78/200, Batch 300, Aver_Loss: 1884.5009
Epoch 78/200, Batch 400, Aver_Loss: 1928.1068
[early-stopping] Epoch 78: no improvement (10/20)
Epoch 79/200, Batch 100, Aver_Loss: 1878.8450
Epoch 79/200, Batch 200, Aver_Loss: 1926.7758
Epoch 79/200, Batch 300, Aver_Loss: 1935.4119
Epoch 79/200, Batch 400, Aver_Loss: 1913.0123
[early-stopping] Epoch 79: no improvement (11/20)
Epoch 80/200, Batch 100, Aver_Loss: 1891.2217
Epoch 80/200, Batch 200, Aver_Loss: 1887.3608
Epoch 80/200, Batch 300, Aver_Loss: 1923.8516
Epoch 80/200, Batch 400, Aver_Loss: 1886.8778
[early-stopping] Epoch 80: no improvement (12/20)
Epoch 81/200, Batch 100, Aver_Loss: 1901.4213
Epoch 81/200, Batch 200, Aver_Loss: 1900.5459
Epoch 81/200, Batch 300, Aver_Loss: 1935.3915
Epoch 81/200, Batch 400, Aver_Loss: 1903.1385
[early-stopping] Epoch 81: no improvement (13/20)
Epoch 82/200, Batch 100, Aver_Loss: 1890.2645
Epoch 82/200, Batch 200, Aver_Loss: 1964.2216
Epoch 82/200, Batch 300, Aver_Loss: 1921.9845
Epoch 82/200, Batch 400, Aver_Loss: 1932.9740
[early-stopping] Epoch 82: no improvement (14/20)
Epoch 83/200, Batch 100, Aver_Loss: 1920.5228
Epoch 83/200, Batch 200, Aver_Loss: 1923.9406
Epoch 83/200, Batch 300, Aver_Loss: 1929.9685
Epoch 83/200, Batch 400, Aver_Loss: 1901.2765
[early-stopping] Epoch 83: no improvement (15/20)
Epoch 84/200, Batch 100, Aver_Loss: 1920.1100
Epoch 84/200, Batch 200, Aver_Loss: 1919.2843
Epoch 84/200, Batch 300, Aver_Loss: 1908.5873
Epoch 84/200, Batch 400, Aver_Loss: 1880.7903
[early-stopping] Epoch 84: no improvement (16/20)
Epoch 85/200, Batch 100, Aver_Loss: 1873.1545
Epoch 85/200, Batch 200, Aver_Loss: 1903.7771
Epoch 85/200, Batch 300, Aver_Loss: 1916.3881
Epoch 85/200, Batch 400, Aver_Loss: 1887.7032
[early-stopping] Epoch 85: no improvement (17/20)
Epoch 86/200, Batch 100, Aver_Loss: 1897.3951
Epoch 86/200, Batch 200, Aver_Loss: 1891.7179
Epoch 86/200, Batch 300, Aver_Loss: 1921.9777
Epoch 86/200, Batch 400, Aver_Loss: 1902.7938
[early-stopping] Epoch 86: no improvement (18/20)
Epoch 87/200, Batch 100, Aver_Loss: 1944.5560
Epoch 87/200, Batch 200, Aver_Loss: 1954.0186
Epoch 87/200, Batch 300, Aver_Loss: 1880.1670
Epoch 87/200, Batch 400, Aver_Loss: 1917.0740
[early-stopping] Epoch 87: no improvement (19/20)
Epoch 88/200, Batch 100, Aver_Loss: 1888.4127
Epoch 88/200, Batch 200, Aver_Loss: 1894.5966
Epoch 88/200, Batch 300, Aver_Loss: 1899.8439
Epoch 88/200, Batch 400, Aver_Loss: 1936.3020
[early-stopping] Epoch 88: new best val ELBO = -1909.619874
Epoch 89/200, Batch 100, Aver_Loss: 1912.0715
Epoch 89/200, Batch 200, Aver_Loss: 1906.4891
Epoch 89/200, Batch 300, Aver_Loss: 1911.6686
Epoch 89/200, Batch 400, Aver_Loss: 1923.7920
[early-stopping] Epoch 89: no improvement (1/20)
Epoch 90/200, Batch 100, Aver_Loss: 1912.9806
Epoch 90/200, Batch 200, Aver_Loss: 1908.3875
Epoch 90/200, Batch 300, Aver_Loss: 1853.1080
Epoch 90/200, Batch 400, Aver_Loss: 1942.9683
[early-stopping] Epoch 90: no improvement (2/20)
Epoch 91/200, Batch 100, Aver_Loss: 1926.8182
Epoch 91/200, Batch 200, Aver_Loss: 1941.7855
Epoch 91/200, Batch 300, Aver_Loss: 1924.0743
Epoch 91/200, Batch 400, Aver_Loss: 1906.1909
[early-stopping] Epoch 91: no improvement (3/20)
Epoch 92/200, Batch 100, Aver_Loss: 1888.8311
Epoch 92/200, Batch 200, Aver_Loss: 1871.3066
Epoch 92/200, Batch 300, Aver_Loss: 1911.6202
Epoch 92/200, Batch 400, Aver_Loss: 1926.9696
[early-stopping] Epoch 92: no improvement (4/20)
Epoch 93/200, Batch 100, Aver_Loss: 1900.0325
Epoch 93/200, Batch 200, Aver_Loss: 1878.7725
Epoch 93/200, Batch 300, Aver_Loss: 1944.6259
Epoch 93/200, Batch 400, Aver_Loss: 1931.3601
[early-stopping] Epoch 93: no improvement (5/20)
Epoch 94/200, Batch 100, Aver_Loss: 1941.7676
Epoch 94/200, Batch 200, Aver_Loss: 1942.8636
Epoch 94/200, Batch 300, Aver_Loss: 1903.2183
Epoch 94/200, Batch 400, Aver_Loss: 1912.6429
[early-stopping] Epoch 94: no improvement (6/20)
Epoch 95/200, Batch 100, Aver_Loss: 1905.4756
Epoch 95/200, Batch 200, Aver_Loss: 1912.6610
Epoch 95/200, Batch 300, Aver_Loss: 1925.2223
Epoch 95/200, Batch 400, Aver_Loss: 1915.4963
[early-stopping] Epoch 95: no improvement (7/20)
Epoch 96/200, Batch 100, Aver_Loss: 1903.5380
Epoch 96/200, Batch 200, Aver_Loss: 1926.5312
Epoch 96/200, Batch 300, Aver_Loss: 1926.9069
Epoch 96/200, Batch 400, Aver_Loss: 1894.4624
[early-stopping] Epoch 96: no improvement (8/20)
Epoch 97/200, Batch 100, Aver_Loss: 1901.1532
Epoch 97/200, Batch 200, Aver_Loss: 1902.0559
Epoch 97/200, Batch 300, Aver_Loss: 1929.1454
Epoch 97/200, Batch 400, Aver_Loss: 1909.1058
[early-stopping] Epoch 97: no improvement (9/20)
Epoch 98/200, Batch 100, Aver_Loss: 1923.0676
Epoch 98/200, Batch 200, Aver_Loss: 1906.9316
Epoch 98/200, Batch 300, Aver_Loss: 1904.3859
Epoch 98/200, Batch 400, Aver_Loss: 1930.5273
[early-stopping] Epoch 98: no improvement (10/20)
Epoch 99/200, Batch 100, Aver_Loss: 1913.1136
Epoch 99/200, Batch 200, Aver_Loss: 1899.9319
Epoch 99/200, Batch 300, Aver_Loss: 1925.1442
Epoch 99/200, Batch 400, Aver_Loss: 1872.3081
[early-stopping] Epoch 99: no improvement (11/20)
Epoch 100/200, Batch 100, Aver_Loss: 1898.5587
Epoch 100/200, Batch 200, Aver_Loss: 1923.4026
Epoch 100/200, Batch 300, Aver_Loss: 1917.7877
Epoch 100/200, Batch 400, Aver_Loss: 1910.9790
[early-stopping] Epoch 100: no improvement (12/20)
Epoch 101/200, Batch 100, Aver_Loss: 1899.2988
Epoch 101/200, Batch 200, Aver_Loss: 1918.9292
Epoch 101/200, Batch 300, Aver_Loss: 1900.0494
Epoch 101/200, Batch 400, Aver_Loss: 1897.8925
[early-stopping] Epoch 101: no improvement (13/20)
Epoch 102/200, Batch 100, Aver_Loss: 1916.6487
Epoch 102/200, Batch 200, Aver_Loss: 1940.4408
Epoch 102/200, Batch 300, Aver_Loss: 1917.1123
Epoch 102/200, Batch 400, Aver_Loss: 1905.8428
[early-stopping] Epoch 102: new best val ELBO = -1909.587714
Epoch 103/200, Batch 100, Aver_Loss: 1927.9102
Epoch 103/200, Batch 200, Aver_Loss: 1900.3446
Epoch 103/200, Batch 300, Aver_Loss: 1934.4323
Epoch 103/200, Batch 400, Aver_Loss: 1903.5562
[early-stopping] Epoch 103: no improvement (1/20)
Epoch 104/200, Batch 100, Aver_Loss: 1934.9225
Epoch 104/200, Batch 200, Aver_Loss: 1913.3718
Epoch 104/200, Batch 300, Aver_Loss: 1910.0238
Epoch 104/200, Batch 400, Aver_Loss: 1888.8394
[early-stopping] Epoch 104: no improvement (2/20)
Epoch 105/200, Batch 100, Aver_Loss: 1909.1311
Epoch 105/200, Batch 200, Aver_Loss: 1891.6624
Epoch 105/200, Batch 300, Aver_Loss: 1907.8228
Epoch 105/200, Batch 400, Aver_Loss: 1939.3958
[early-stopping] Epoch 105: no improvement (3/20)
Epoch 106/200, Batch 100, Aver_Loss: 1901.3663
Epoch 106/200, Batch 200, Aver_Loss: 1958.9478
Epoch 106/200, Batch 300, Aver_Loss: 1944.8015
Epoch 106/200, Batch 400, Aver_Loss: 1899.4429
[early-stopping] Epoch 106: no improvement (4/20)
Epoch 107/200, Batch 100, Aver_Loss: 1910.9894
Epoch 107/200, Batch 200, Aver_Loss: 1927.2758
Epoch 107/200, Batch 300, Aver_Loss: 1903.1625
Epoch 107/200, Batch 400, Aver_Loss: 1875.8153
[early-stopping] Epoch 107: no improvement (5/20)
Epoch 108/200, Batch 100, Aver_Loss: 1894.1523
Epoch 108/200, Batch 200, Aver_Loss: 1928.4130
Epoch 108/200, Batch 300, Aver_Loss: 1906.3724
Epoch 108/200, Batch 400, Aver_Loss: 1856.8815
[early-stopping] Epoch 108: no improvement (6/20)
Epoch 109/200, Batch 100, Aver_Loss: 1879.2296
Epoch 109/200, Batch 200, Aver_Loss: 1935.6410
Epoch 109/200, Batch 300, Aver_Loss: 1900.1526
Epoch 109/200, Batch 400, Aver_Loss: 1921.9373
[early-stopping] Epoch 109: no improvement (7/20)
Epoch 110/200, Batch 100, Aver_Loss: 1919.0548
Epoch 110/200, Batch 200, Aver_Loss: 1931.7167
Epoch 110/200, Batch 300, Aver_Loss: 1946.3976
Epoch 110/200, Batch 400, Aver_Loss: 1928.5636
[early-stopping] Epoch 110: no improvement (8/20)
Epoch 111/200, Batch 100, Aver_Loss: 1937.6362
Epoch 111/200, Batch 200, Aver_Loss: 1901.6251
Epoch 111/200, Batch 300, Aver_Loss: 1916.4238
Epoch 111/200, Batch 400, Aver_Loss: 1929.0662
[early-stopping] Epoch 111: no improvement (9/20)
Epoch 112/200, Batch 100, Aver_Loss: 1906.9214
Epoch 112/200, Batch 200, Aver_Loss: 1922.6342
Epoch 112/200, Batch 300, Aver_Loss: 1884.4080
Epoch 112/200, Batch 400, Aver_Loss: 1886.8657
[early-stopping] Epoch 112: new best val ELBO = -1909.243737
Epoch 113/200, Batch 100, Aver_Loss: 1928.9889
Epoch 113/200, Batch 200, Aver_Loss: 1856.9518
Epoch 113/200, Batch 300, Aver_Loss: 1889.6118
Epoch 113/200, Batch 400, Aver_Loss: 1885.2137
[early-stopping] Epoch 113: no improvement (1/20)
Epoch 114/200, Batch 100, Aver_Loss: 1915.9922
Epoch 114/200, Batch 200, Aver_Loss: 1906.6324
Epoch 114/200, Batch 300, Aver_Loss: 1856.0232
Epoch 114/200, Batch 400, Aver_Loss: 1951.6292
[early-stopping] Epoch 114: no improvement (2/20)
Epoch 115/200, Batch 100, Aver_Loss: 1903.9425
Epoch 115/200, Batch 200, Aver_Loss: 1931.4287
Epoch 115/200, Batch 300, Aver_Loss: 1957.0554
Epoch 115/200, Batch 400, Aver_Loss: 1928.9232
[early-stopping] Epoch 115: no improvement (3/20)
Epoch 116/200, Batch 100, Aver_Loss: 1931.6116
Epoch 116/200, Batch 200, Aver_Loss: 1932.0195
Epoch 116/200, Batch 300, Aver_Loss: 1927.9695
Epoch 116/200, Batch 400, Aver_Loss: 1970.1875
[early-stopping] Epoch 116: no improvement (4/20)
Epoch 117/200, Batch 100, Aver_Loss: 1883.5729
Epoch 117/200, Batch 200, Aver_Loss: 1899.7205
Epoch 117/200, Batch 300, Aver_Loss: 1941.8926
Epoch 117/200, Batch 400, Aver_Loss: 1920.0264
[early-stopping] Epoch 117: no improvement (5/20)
Epoch 118/200, Batch 100, Aver_Loss: 1925.8812
Epoch 118/200, Batch 200, Aver_Loss: 1918.9773
Epoch 118/200, Batch 300, Aver_Loss: 1894.7344
Epoch 118/200, Batch 400, Aver_Loss: 1908.2301
[early-stopping] Epoch 118: no improvement (6/20)
Epoch 119/200, Batch 100, Aver_Loss: 1920.2955
Epoch 119/200, Batch 200, Aver_Loss: 1902.2520
Epoch 119/200, Batch 300, Aver_Loss: 1925.7720
Epoch 119/200, Batch 400, Aver_Loss: 1902.0923
[early-stopping] Epoch 119: no improvement (7/20)
Epoch 120/200, Batch 100, Aver_Loss: 1904.0385
Epoch 120/200, Batch 200, Aver_Loss: 1889.7267
Epoch 120/200, Batch 300, Aver_Loss: 1925.5427
Epoch 120/200, Batch 400, Aver_Loss: 1899.0035
[early-stopping] Epoch 120: no improvement (8/20)
Epoch 121/200, Batch 100, Aver_Loss: 1880.9874
Epoch 121/200, Batch 200, Aver_Loss: 1945.8461
Epoch 121/200, Batch 300, Aver_Loss: 1879.3917
Epoch 121/200, Batch 400, Aver_Loss: 1882.7048
[early-stopping] Epoch 121: no improvement (9/20)
Epoch 122/200, Batch 100, Aver_Loss: 1903.7184
Epoch 122/200, Batch 200, Aver_Loss: 1908.9851
Epoch 122/200, Batch 300, Aver_Loss: 1899.4756
Epoch 122/200, Batch 400, Aver_Loss: 1917.6495
[early-stopping] Epoch 122: no improvement (10/20)
Epoch 123/200, Batch 100, Aver_Loss: 1949.7634
Epoch 123/200, Batch 200, Aver_Loss: 1918.4297
Epoch 123/200, Batch 300, Aver_Loss: 1883.4985
Epoch 123/200, Batch 400, Aver_Loss: 1908.4202
[early-stopping] Epoch 123: new best val ELBO = -1908.975420
Epoch 124/200, Batch 100, Aver_Loss: 1906.9303
Epoch 124/200, Batch 200, Aver_Loss: 1899.0701
Epoch 124/200, Batch 300, Aver_Loss: 1882.6864
Epoch 124/200, Batch 400, Aver_Loss: 1896.7871
[early-stopping] Epoch 124: no improvement (1/20)
Epoch 125/200, Batch 100, Aver_Loss: 1927.5270
Epoch 125/200, Batch 200, Aver_Loss: 1869.5811
Epoch 125/200, Batch 300, Aver_Loss: 1940.5957
Epoch 125/200, Batch 400, Aver_Loss: 1898.0476
[early-stopping] Epoch 125: no improvement (2/20)
Epoch 126/200, Batch 100, Aver_Loss: 1924.1259
Epoch 126/200, Batch 200, Aver_Loss: 1904.3226
Epoch 126/200, Batch 300, Aver_Loss: 1935.8748
Epoch 126/200, Batch 400, Aver_Loss: 1897.4955
[early-stopping] Epoch 126: no improvement (3/20)
Epoch 127/200, Batch 100, Aver_Loss: 1915.3639
Epoch 127/200, Batch 200, Aver_Loss: 1936.0701
Epoch 127/200, Batch 300, Aver_Loss: 1871.7762
Epoch 127/200, Batch 400, Aver_Loss: 1902.4182
[early-stopping] Epoch 127: no improvement (4/20)
Epoch 128/200, Batch 100, Aver_Loss: 1939.4928
Epoch 128/200, Batch 200, Aver_Loss: 1910.1981
Epoch 128/200, Batch 300, Aver_Loss: 1904.8594
Epoch 128/200, Batch 400, Aver_Loss: 1935.7941
[early-stopping] Epoch 128: no improvement (5/20)
Epoch 129/200, Batch 100, Aver_Loss: 1898.1976
Epoch 129/200, Batch 200, Aver_Loss: 1917.7692
Epoch 129/200, Batch 300, Aver_Loss: 1911.5902
Epoch 129/200, Batch 400, Aver_Loss: 1907.3623
[early-stopping] Epoch 129: no improvement (6/20)
Epoch 130/200, Batch 100, Aver_Loss: 1923.8685
Epoch 130/200, Batch 200, Aver_Loss: 1897.1898
Epoch 130/200, Batch 300, Aver_Loss: 1912.6687
Epoch 130/200, Batch 400, Aver_Loss: 1916.4644
[early-stopping] Epoch 130: no improvement (7/20)
Epoch 131/200, Batch 100, Aver_Loss: 1910.7697
Epoch 131/200, Batch 200, Aver_Loss: 1924.2808
Epoch 131/200, Batch 300, Aver_Loss: 1918.6359
Epoch 131/200, Batch 400, Aver_Loss: 1878.1918
[early-stopping] Epoch 131: new best val ELBO = -1908.965789
Epoch 132/200, Batch 100, Aver_Loss: 1905.9478
Epoch 132/200, Batch 200, Aver_Loss: 1910.7981
Epoch 132/200, Batch 300, Aver_Loss: 1892.2507
Epoch 132/200, Batch 400, Aver_Loss: 1921.8601
[early-stopping] Epoch 132: no improvement (1/20)
Epoch 133/200, Batch 100, Aver_Loss: 1888.3770
Epoch 133/200, Batch 200, Aver_Loss: 1916.6213
Epoch 133/200, Batch 300, Aver_Loss: 1923.8081
Epoch 133/200, Batch 400, Aver_Loss: 1901.4242
[early-stopping] Epoch 133: no improvement (2/20)
Epoch 134/200, Batch 100, Aver_Loss: 1917.8934
Epoch 134/200, Batch 200, Aver_Loss: 1908.6244
Epoch 134/200, Batch 300, Aver_Loss: 1884.9316
Epoch 134/200, Batch 400, Aver_Loss: 1907.0082
[early-stopping] Epoch 134: new best val ELBO = -1908.820982
Epoch 135/200, Batch 100, Aver_Loss: 1886.0385
Epoch 135/200, Batch 200, Aver_Loss: 1883.9681
Epoch 135/200, Batch 300, Aver_Loss: 1930.1497
Epoch 135/200, Batch 400, Aver_Loss: 1891.7178
[early-stopping] Epoch 135: no improvement (1/20)
Epoch 136/200, Batch 100, Aver_Loss: 1885.3368
Epoch 136/200, Batch 200, Aver_Loss: 1932.4979
Epoch 136/200, Batch 300, Aver_Loss: 1929.6436
Epoch 136/200, Batch 400, Aver_Loss: 1917.3884
[early-stopping] Epoch 136: no improvement (2/20)
Epoch 137/200, Batch 100, Aver_Loss: 1932.0145
Epoch 137/200, Batch 200, Aver_Loss: 1905.0397
Epoch 137/200, Batch 300, Aver_Loss: 1907.6682
Epoch 137/200, Batch 400, Aver_Loss: 1903.1057
[early-stopping] Epoch 137: no improvement (3/20)
Epoch 138/200, Batch 100, Aver_Loss: 1931.1436
Epoch 138/200, Batch 200, Aver_Loss: 1905.7487
Epoch 138/200, Batch 300, Aver_Loss: 1908.6080
Epoch 138/200, Batch 400, Aver_Loss: 1916.5107
[early-stopping] Epoch 138: no improvement (4/20)
Epoch 139/200, Batch 100, Aver_Loss: 1890.2692
Epoch 139/200, Batch 200, Aver_Loss: 1931.3438
Epoch 139/200, Batch 300, Aver_Loss: 1938.3198
Epoch 139/200, Batch 400, Aver_Loss: 1922.1759
[early-stopping] Epoch 139: no improvement (5/20)
Epoch 140/200, Batch 100, Aver_Loss: 1892.4401
Epoch 140/200, Batch 200, Aver_Loss: 1892.8240
Epoch 140/200, Batch 300, Aver_Loss: 1928.1686
Epoch 140/200, Batch 400, Aver_Loss: 1901.5204
[early-stopping] Epoch 140: no improvement (6/20)
Epoch 141/200, Batch 100, Aver_Loss: 1915.1373
Epoch 141/200, Batch 200, Aver_Loss: 1898.8984
Epoch 141/200, Batch 300, Aver_Loss: 1861.5354
Epoch 141/200, Batch 400, Aver_Loss: 1912.7725
[early-stopping] Epoch 141: no improvement (7/20)
Epoch 142/200, Batch 100, Aver_Loss: 1957.1246
Epoch 142/200, Batch 200, Aver_Loss: 1933.4800
Epoch 142/200, Batch 300, Aver_Loss: 1900.3188
Epoch 142/200, Batch 400, Aver_Loss: 1925.8220
[early-stopping] Epoch 142: no improvement (8/20)
Epoch 143/200, Batch 100, Aver_Loss: 1924.5225
Epoch 143/200, Batch 200, Aver_Loss: 1926.4507
Epoch 143/200, Batch 300, Aver_Loss: 1902.7518
Epoch 143/200, Batch 400, Aver_Loss: 1900.0862
[early-stopping] Epoch 143: no improvement (9/20)
Epoch 144/200, Batch 100, Aver_Loss: 1901.9564
Epoch 144/200, Batch 200, Aver_Loss: 1904.8988
Epoch 144/200, Batch 300, Aver_Loss: 1905.6453
Epoch 144/200, Batch 400, Aver_Loss: 1899.8344
[early-stopping] Epoch 144: no improvement (10/20)
Epoch 145/200, Batch 100, Aver_Loss: 1937.9369
Epoch 145/200, Batch 200, Aver_Loss: 1897.4684
Epoch 145/200, Batch 300, Aver_Loss: 1908.7458
Epoch 145/200, Batch 400, Aver_Loss: 1875.9607
[early-stopping] Epoch 145: no improvement (11/20)
Epoch 146/200, Batch 100, Aver_Loss: 1882.9398
Epoch 146/200, Batch 200, Aver_Loss: 1912.3712
Epoch 146/200, Batch 300, Aver_Loss: 1911.3607
Epoch 146/200, Batch 400, Aver_Loss: 1918.0709
[early-stopping] Epoch 146: no improvement (12/20)
Epoch 147/200, Batch 100, Aver_Loss: 1896.9769
Epoch 147/200, Batch 200, Aver_Loss: 1932.1428
Epoch 147/200, Batch 300, Aver_Loss: 1934.2834
Epoch 147/200, Batch 400, Aver_Loss: 1960.9760
[early-stopping] Epoch 147: no improvement (13/20)
Epoch 148/200, Batch 100, Aver_Loss: 1926.8540
Epoch 148/200, Batch 200, Aver_Loss: 1901.1951
Epoch 148/200, Batch 300, Aver_Loss: 1907.7601
Epoch 148/200, Batch 400, Aver_Loss: 1925.8787
[early-stopping] Epoch 148: no improvement (14/20)
Epoch 149/200, Batch 100, Aver_Loss: 1892.1897
Epoch 149/200, Batch 200, Aver_Loss: 1927.3199
Epoch 149/200, Batch 300, Aver_Loss: 1896.8898
Epoch 149/200, Batch 400, Aver_Loss: 1919.2190
[early-stopping] Epoch 149: no improvement (15/20)
Epoch 150/200, Batch 100, Aver_Loss: 1879.1663
Epoch 150/200, Batch 200, Aver_Loss: 1920.7084
Epoch 150/200, Batch 300, Aver_Loss: 1875.3672
Epoch 150/200, Batch 400, Aver_Loss: 1909.3596
[early-stopping] Epoch 150: no improvement (16/20)
Epoch 151/200, Batch 100, Aver_Loss: 1923.8276
Epoch 151/200, Batch 200, Aver_Loss: 1908.3751
Epoch 151/200, Batch 300, Aver_Loss: 1887.7305
Epoch 151/200, Batch 400, Aver_Loss: 1891.3390
[early-stopping] Epoch 151: no improvement (17/20)
Epoch 152/200, Batch 100, Aver_Loss: 1915.0020
Epoch 152/200, Batch 200, Aver_Loss: 1900.0265
Epoch 152/200, Batch 300, Aver_Loss: 1900.1636
Epoch 152/200, Batch 400, Aver_Loss: 1878.5382
[early-stopping] Epoch 152: no improvement (18/20)
Epoch 153/200, Batch 100, Aver_Loss: 1938.9093
Epoch 153/200, Batch 200, Aver_Loss: 1891.4143
Epoch 153/200, Batch 300, Aver_Loss: 1919.6147
Epoch 153/200, Batch 400, Aver_Loss: 1886.9515
[early-stopping] Epoch 153: no improvement (19/20)
Epoch 154/200, Batch 100, Aver_Loss: 1901.3505
Epoch 154/200, Batch 200, Aver_Loss: 1880.2687
Epoch 154/200, Batch 300, Aver_Loss: 1911.2229
Epoch 154/200, Batch 400, Aver_Loss: 1878.9700
[early-stopping] Epoch 154: no improvement (20/20)
[early-stopping] Patience reached. Stopping at epoch 154. Best epoch: 134, best val ELBO: -1908.820982
[early-stopping] Loaded best model from epoch 134 (val ELBO = -1908.820982)
[checkpoint] Saved best model to: trained_parameters/cifar10_zdim4_VAE.pkl
[saved curves] ./results/CIFAR10/curves/cifar10_vae_d4_s777.json

==== Evaluation Summary ====
                 model: vae
   recon/mse_per_pixel: 0.029356
            elbo/train: -1906.758392
             elbo/test: -1908.867797
             mse/train: 0.028915
              mse/test: 0.029356
             probe/acc: 0.269583
             probe/nll: 2.062374
           probe/brier: 0.840925
             probe/ece: 0.039166
           cluster/nmi: 0.093738
           cluster/ari: 0.050047
============================

