/usr/bin/which: no fi_info in (/arf/home/meyavuz/.local/bin:/arf/sw/comp/python/intelpython3/condabin:/arf/sw/comp/python/intelpython3/bin:/usr/share/Modules/bin:/usr/local/bin:/usr/bin:/usr/local/sbin:/usr/sbin)
Extension for Scikit-learn* enabled (https://github.com/uxlfoundation/scikit-learn-intelex)
/arf/home/meyavuz/.conda/envs/sbn/lib/python3.9/site-packages/sklearn/linear_model/_logistic.py:1247: FutureWarning: 'multi_class' was deprecated in version 1.5 and will be removed in 1.7. From then on, it will always use 'multinomial'. Leave it to its default value to avoid this warning.
  warnings.warn(
Epoch 1/200, Batch 100, Aver_Loss: 1934.0017
Epoch 1/200, Batch 200, Aver_Loss: 1867.4637
Epoch 1/200, Batch 300, Aver_Loss: 1808.8318
Epoch 1/200, Batch 400, Aver_Loss: 1859.8198
[early-stopping] Epoch 1: new best val ELBO = -1829.289305
Epoch 2/200, Batch 100, Aver_Loss: 1811.7092
Epoch 2/200, Batch 200, Aver_Loss: 1807.7010
Epoch 2/200, Batch 300, Aver_Loss: 1801.8779
Epoch 2/200, Batch 400, Aver_Loss: 1851.6245
[early-stopping] Epoch 2: new best val ELBO = -1809.147385
Epoch 3/200, Batch 100, Aver_Loss: 1814.7100
Epoch 3/200, Batch 200, Aver_Loss: 1795.0057
Epoch 3/200, Batch 300, Aver_Loss: 1805.2366
Epoch 3/200, Batch 400, Aver_Loss: 1870.4707
[early-stopping] Epoch 3: new best val ELBO = -1807.855693
Epoch 4/200, Batch 100, Aver_Loss: 1812.3478
Epoch 4/200, Batch 200, Aver_Loss: 1826.9963
Epoch 4/200, Batch 300, Aver_Loss: 1810.1057
Epoch 4/200, Batch 400, Aver_Loss: 1812.2561
[early-stopping] Epoch 4: new best val ELBO = -1802.857062
Epoch 5/200, Batch 100, Aver_Loss: 1802.7368
Epoch 5/200, Batch 200, Aver_Loss: 1765.7111
Epoch 5/200, Batch 300, Aver_Loss: 1762.6244
Epoch 5/200, Batch 400, Aver_Loss: 1786.1915
[early-stopping] Epoch 5: new best val ELBO = -1799.855759
Epoch 6/200, Batch 100, Aver_Loss: 1758.4060
Epoch 6/200, Batch 200, Aver_Loss: 1790.8500
Epoch 6/200, Batch 300, Aver_Loss: 1853.3792
Epoch 6/200, Batch 400, Aver_Loss: 1799.5765
[early-stopping] Epoch 6: new best val ELBO = -1798.205903
Epoch 7/200, Batch 100, Aver_Loss: 1751.0870
Epoch 7/200, Batch 200, Aver_Loss: 1828.2756
Epoch 7/200, Batch 300, Aver_Loss: 1789.9310
Epoch 7/200, Batch 400, Aver_Loss: 1787.2151
[early-stopping] Epoch 7: no improvement (1/20)
Epoch 8/200, Batch 100, Aver_Loss: 1809.6453
Epoch 8/200, Batch 200, Aver_Loss: 1829.7234
Epoch 8/200, Batch 300, Aver_Loss: 1740.7238
Epoch 8/200, Batch 400, Aver_Loss: 1786.3904
[early-stopping] Epoch 8: new best val ELBO = -1795.741552
Epoch 9/200, Batch 100, Aver_Loss: 1766.7311
Epoch 9/200, Batch 200, Aver_Loss: 1770.8918
Epoch 9/200, Batch 300, Aver_Loss: 1828.8048
Epoch 9/200, Batch 400, Aver_Loss: 1769.0303
[early-stopping] Epoch 9: new best val ELBO = -1794.230224
Epoch 10/200, Batch 100, Aver_Loss: 1793.2109
Epoch 10/200, Batch 200, Aver_Loss: 1801.7083
Epoch 10/200, Batch 300, Aver_Loss: 1812.8149
Epoch 10/200, Batch 400, Aver_Loss: 1790.9153
[early-stopping] Epoch 10: no improvement (1/20)
Epoch 11/200, Batch 100, Aver_Loss: 1787.0297
Epoch 11/200, Batch 200, Aver_Loss: 1840.8824
Epoch 11/200, Batch 300, Aver_Loss: 1827.4967
Epoch 11/200, Batch 400, Aver_Loss: 1788.4668
[early-stopping] Epoch 11: new best val ELBO = -1794.023263
Epoch 12/200, Batch 100, Aver_Loss: 1799.3221
Epoch 12/200, Batch 200, Aver_Loss: 1782.4077
Epoch 12/200, Batch 300, Aver_Loss: 1811.2134
Epoch 12/200, Batch 400, Aver_Loss: 1790.9663
[early-stopping] Epoch 12: new best val ELBO = -1792.257477
Epoch 13/200, Batch 100, Aver_Loss: 1786.2747
Epoch 13/200, Batch 200, Aver_Loss: 1786.3956
Epoch 13/200, Batch 300, Aver_Loss: 1808.5647
Epoch 13/200, Batch 400, Aver_Loss: 1780.3826
[early-stopping] Epoch 13: new best val ELBO = -1790.696938
Epoch 14/200, Batch 100, Aver_Loss: 1837.0803
Epoch 14/200, Batch 200, Aver_Loss: 1832.2037
Epoch 14/200, Batch 300, Aver_Loss: 1816.3711
Epoch 14/200, Batch 400, Aver_Loss: 1811.9956
[early-stopping] Epoch 14: no improvement (1/20)
Epoch 15/200, Batch 100, Aver_Loss: 1807.3629
Epoch 15/200, Batch 200, Aver_Loss: 1812.9916
Epoch 15/200, Batch 300, Aver_Loss: 1790.4216
Epoch 15/200, Batch 400, Aver_Loss: 1795.7285
[early-stopping] Epoch 15: new best val ELBO = -1789.418926
Epoch 16/200, Batch 100, Aver_Loss: 1794.4772
Epoch 16/200, Batch 200, Aver_Loss: 1761.1643
Epoch 16/200, Batch 300, Aver_Loss: 1807.4309
Epoch 16/200, Batch 400, Aver_Loss: 1828.8781
[early-stopping] Epoch 16: no improvement (1/20)
Epoch 17/200, Batch 100, Aver_Loss: 1777.8667
Epoch 17/200, Batch 200, Aver_Loss: 1749.3501
Epoch 17/200, Batch 300, Aver_Loss: 1819.5873
Epoch 17/200, Batch 400, Aver_Loss: 1812.5659
[early-stopping] Epoch 17: no improvement (2/20)
Epoch 18/200, Batch 100, Aver_Loss: 1769.1057
Epoch 18/200, Batch 200, Aver_Loss: 1779.5773
Epoch 18/200, Batch 300, Aver_Loss: 1789.5184
Epoch 18/200, Batch 400, Aver_Loss: 1824.3116
[early-stopping] Epoch 18: no improvement (3/20)
Epoch 19/200, Batch 100, Aver_Loss: 1729.6252
Epoch 19/200, Batch 200, Aver_Loss: 1805.7233
Epoch 19/200, Batch 300, Aver_Loss: 1837.5669
Epoch 19/200, Batch 400, Aver_Loss: 1756.5201
[early-stopping] Epoch 19: no improvement (4/20)
Epoch 20/200, Batch 100, Aver_Loss: 1798.5118
Epoch 20/200, Batch 200, Aver_Loss: 1788.9727
Epoch 20/200, Batch 300, Aver_Loss: 1797.8037
Epoch 20/200, Batch 400, Aver_Loss: 1765.7430
[early-stopping] Epoch 20: no improvement (5/20)
Epoch 21/200, Batch 100, Aver_Loss: 1822.2578
Epoch 21/200, Batch 200, Aver_Loss: 1836.7913
Epoch 21/200, Batch 300, Aver_Loss: 1800.1180
Epoch 21/200, Batch 400, Aver_Loss: 1811.8491
[early-stopping] Epoch 21: no improvement (6/20)
Epoch 22/200, Batch 100, Aver_Loss: 1752.4835
Epoch 22/200, Batch 200, Aver_Loss: 1804.5920
Epoch 22/200, Batch 300, Aver_Loss: 1780.8032
Epoch 22/200, Batch 400, Aver_Loss: 1794.4924
[early-stopping] Epoch 22: new best val ELBO = -1788.329891
Epoch 23/200, Batch 100, Aver_Loss: 1795.2565
Epoch 23/200, Batch 200, Aver_Loss: 1776.6368
Epoch 23/200, Batch 300, Aver_Loss: 1778.1802
Epoch 23/200, Batch 400, Aver_Loss: 1821.9888
[early-stopping] Epoch 23: no improvement (1/20)
Epoch 24/200, Batch 100, Aver_Loss: 1744.8539
Epoch 24/200, Batch 200, Aver_Loss: 1787.7877
Epoch 24/200, Batch 300, Aver_Loss: 1809.6981
Epoch 24/200, Batch 400, Aver_Loss: 1833.4384
[early-stopping] Epoch 24: no improvement (2/20)
Epoch 25/200, Batch 100, Aver_Loss: 1820.2955
Epoch 25/200, Batch 200, Aver_Loss: 1753.1560
Epoch 25/200, Batch 300, Aver_Loss: 1836.0165
Epoch 25/200, Batch 400, Aver_Loss: 1785.3995
[early-stopping] Epoch 25: no improvement (3/20)
Epoch 26/200, Batch 100, Aver_Loss: 1765.8094
Epoch 26/200, Batch 200, Aver_Loss: 1775.5826
Epoch 26/200, Batch 300, Aver_Loss: 1845.2748
Epoch 26/200, Batch 400, Aver_Loss: 1741.3481
[early-stopping] Epoch 26: new best val ELBO = -1787.110898
Epoch 27/200, Batch 100, Aver_Loss: 1767.6409
Epoch 27/200, Batch 200, Aver_Loss: 1790.5698
Epoch 27/200, Batch 300, Aver_Loss: 1804.3833
Epoch 27/200, Batch 400, Aver_Loss: 1852.7601
[early-stopping] Epoch 27: no improvement (1/20)
Epoch 28/200, Batch 100, Aver_Loss: 1800.5059
Epoch 28/200, Batch 200, Aver_Loss: 1743.2935
Epoch 28/200, Batch 300, Aver_Loss: 1724.7401
Epoch 28/200, Batch 400, Aver_Loss: 1807.8629
[early-stopping] Epoch 28: no improvement (2/20)
Epoch 29/200, Batch 100, Aver_Loss: 1800.6499
Epoch 29/200, Batch 200, Aver_Loss: 1821.2534
Epoch 29/200, Batch 300, Aver_Loss: 1789.2244
Epoch 29/200, Batch 400, Aver_Loss: 1768.8535
[early-stopping] Epoch 29: no improvement (3/20)
Epoch 30/200, Batch 100, Aver_Loss: 1691.5531
Epoch 30/200, Batch 200, Aver_Loss: 1816.1443
Epoch 30/200, Batch 300, Aver_Loss: 1749.6487
Epoch 30/200, Batch 400, Aver_Loss: 1815.8903
[early-stopping] Epoch 30: no improvement (4/20)
Epoch 31/200, Batch 100, Aver_Loss: 1787.7893
Epoch 31/200, Batch 200, Aver_Loss: 1808.1307
Epoch 31/200, Batch 300, Aver_Loss: 1832.8550
Epoch 31/200, Batch 400, Aver_Loss: 1804.8226
[early-stopping] Epoch 31: no improvement (5/20)
Epoch 32/200, Batch 100, Aver_Loss: 1824.2579
Epoch 32/200, Batch 200, Aver_Loss: 1758.1141
Epoch 32/200, Batch 300, Aver_Loss: 1793.7635
Epoch 32/200, Batch 400, Aver_Loss: 1770.3761
[early-stopping] Epoch 32: no improvement (6/20)
Epoch 33/200, Batch 100, Aver_Loss: 1794.4482
Epoch 33/200, Batch 200, Aver_Loss: 1821.1385
Epoch 33/200, Batch 300, Aver_Loss: 1825.7563
Epoch 33/200, Batch 400, Aver_Loss: 1777.1403
[early-stopping] Epoch 33: no improvement (7/20)
Epoch 34/200, Batch 100, Aver_Loss: 1753.2216
Epoch 34/200, Batch 200, Aver_Loss: 1784.3254
Epoch 34/200, Batch 300, Aver_Loss: 1785.3300
Epoch 34/200, Batch 400, Aver_Loss: 1751.8223
[early-stopping] Epoch 34: no improvement (8/20)
Epoch 35/200, Batch 100, Aver_Loss: 1768.4529
Epoch 35/200, Batch 200, Aver_Loss: 1770.7397
Epoch 35/200, Batch 300, Aver_Loss: 1772.5924
Epoch 35/200, Batch 400, Aver_Loss: 1808.6478
[early-stopping] Epoch 35: no improvement (9/20)
Epoch 36/200, Batch 100, Aver_Loss: 1737.0817
Epoch 36/200, Batch 200, Aver_Loss: 1803.5826
Epoch 36/200, Batch 300, Aver_Loss: 1854.5665
Epoch 36/200, Batch 400, Aver_Loss: 1756.6459
[early-stopping] Epoch 36: new best val ELBO = -1786.990720
Epoch 37/200, Batch 100, Aver_Loss: 1770.0267
Epoch 37/200, Batch 200, Aver_Loss: 1774.3873
Epoch 37/200, Batch 300, Aver_Loss: 1775.5728
Epoch 37/200, Batch 400, Aver_Loss: 1740.6456
[early-stopping] Epoch 37: new best val ELBO = -1786.292431
Epoch 38/200, Batch 100, Aver_Loss: 1694.2728
Epoch 38/200, Batch 200, Aver_Loss: 1788.8019
Epoch 38/200, Batch 300, Aver_Loss: 1848.3583
Epoch 38/200, Batch 400, Aver_Loss: 1778.2958
[early-stopping] Epoch 38: no improvement (1/20)
Epoch 39/200, Batch 100, Aver_Loss: 1782.9023
Epoch 39/200, Batch 200, Aver_Loss: 1812.8195
Epoch 39/200, Batch 300, Aver_Loss: 1809.0096
Epoch 39/200, Batch 400, Aver_Loss: 1807.1205
[early-stopping] Epoch 39: no improvement (2/20)
Epoch 40/200, Batch 100, Aver_Loss: 1820.7592
Epoch 40/200, Batch 200, Aver_Loss: 1778.8474
Epoch 40/200, Batch 300, Aver_Loss: 1827.1830
Epoch 40/200, Batch 400, Aver_Loss: 1809.6915
[early-stopping] Epoch 40: new best val ELBO = -1786.291205
Epoch 41/200, Batch 100, Aver_Loss: 1807.3268
Epoch 41/200, Batch 200, Aver_Loss: 1824.2244
Epoch 41/200, Batch 300, Aver_Loss: 1792.5062
Epoch 41/200, Batch 400, Aver_Loss: 1786.8245
[early-stopping] Epoch 41: no improvement (1/20)
Epoch 42/200, Batch 100, Aver_Loss: 1782.2026
Epoch 42/200, Batch 200, Aver_Loss: 1755.8861
Epoch 42/200, Batch 300, Aver_Loss: 1744.3679
Epoch 42/200, Batch 400, Aver_Loss: 1819.2970
[early-stopping] Epoch 42: no improvement (2/20)
Epoch 43/200, Batch 100, Aver_Loss: 1782.0161
Epoch 43/200, Batch 200, Aver_Loss: 1840.3438
Epoch 43/200, Batch 300, Aver_Loss: 1755.6163
Epoch 43/200, Batch 400, Aver_Loss: 1747.9017
[early-stopping] Epoch 43: no improvement (3/20)
Epoch 44/200, Batch 100, Aver_Loss: 1843.2787
Epoch 44/200, Batch 200, Aver_Loss: 1763.0011
Epoch 44/200, Batch 300, Aver_Loss: 1780.0881
Epoch 44/200, Batch 400, Aver_Loss: 1794.0375
[early-stopping] Epoch 44: new best val ELBO = -1785.634046
Epoch 45/200, Batch 100, Aver_Loss: 1794.9232
Epoch 45/200, Batch 200, Aver_Loss: 1815.3589
Epoch 45/200, Batch 300, Aver_Loss: 1770.5767
Epoch 45/200, Batch 400, Aver_Loss: 1760.6736
[early-stopping] Epoch 45: no improvement (1/20)
Epoch 46/200, Batch 100, Aver_Loss: 1779.0948
Epoch 46/200, Batch 200, Aver_Loss: 1757.7924
Epoch 46/200, Batch 300, Aver_Loss: 1800.0934
Epoch 46/200, Batch 400, Aver_Loss: 1771.3579
[early-stopping] Epoch 46: no improvement (2/20)
Epoch 47/200, Batch 100, Aver_Loss: 1817.5435
Epoch 47/200, Batch 200, Aver_Loss: 1795.8644
Epoch 47/200, Batch 300, Aver_Loss: 1765.3969
Epoch 47/200, Batch 400, Aver_Loss: 1800.8212
[early-stopping] Epoch 47: no improvement (3/20)
Epoch 48/200, Batch 100, Aver_Loss: 1761.0408
Epoch 48/200, Batch 200, Aver_Loss: 1764.3156
Epoch 48/200, Batch 300, Aver_Loss: 1759.1119
Epoch 48/200, Batch 400, Aver_Loss: 1778.7306
[early-stopping] Epoch 48: new best val ELBO = -1785.502359
Epoch 49/200, Batch 100, Aver_Loss: 1758.2416
Epoch 49/200, Batch 200, Aver_Loss: 1784.7087
Epoch 49/200, Batch 300, Aver_Loss: 1790.1409
Epoch 49/200, Batch 400, Aver_Loss: 1758.0083
[early-stopping] Epoch 49: no improvement (1/20)
Epoch 50/200, Batch 100, Aver_Loss: 1806.9038
Epoch 50/200, Batch 200, Aver_Loss: 1865.4685
Epoch 50/200, Batch 300, Aver_Loss: 1763.6621
Epoch 50/200, Batch 400, Aver_Loss: 1834.6420
[early-stopping] Epoch 50: no improvement (2/20)
Epoch 51/200, Batch 100, Aver_Loss: 1809.7445
Epoch 51/200, Batch 200, Aver_Loss: 1755.6390
Epoch 51/200, Batch 300, Aver_Loss: 1792.8477
Epoch 51/200, Batch 400, Aver_Loss: 1757.7458
[early-stopping] Epoch 51: no improvement (3/20)
Epoch 52/200, Batch 100, Aver_Loss: 1816.7183
Epoch 52/200, Batch 200, Aver_Loss: 1745.3220
Epoch 52/200, Batch 300, Aver_Loss: 1694.8195
Epoch 52/200, Batch 400, Aver_Loss: 1788.5476
[early-stopping] Epoch 52: new best val ELBO = -1784.833831
Epoch 53/200, Batch 100, Aver_Loss: 1825.2858
Epoch 53/200, Batch 200, Aver_Loss: 1780.3417
Epoch 53/200, Batch 300, Aver_Loss: 1803.9709
Epoch 53/200, Batch 400, Aver_Loss: 1769.7545
[early-stopping] Epoch 53: no improvement (1/20)
Epoch 54/200, Batch 100, Aver_Loss: 1817.4431
Epoch 54/200, Batch 200, Aver_Loss: 1766.8287
Epoch 54/200, Batch 300, Aver_Loss: 1782.2583
Epoch 54/200, Batch 400, Aver_Loss: 1835.7104
[early-stopping] Epoch 54: no improvement (2/20)
Epoch 55/200, Batch 100, Aver_Loss: 1825.0148
Epoch 55/200, Batch 200, Aver_Loss: 1746.7310
Epoch 55/200, Batch 300, Aver_Loss: 1829.6423
Epoch 55/200, Batch 400, Aver_Loss: 1799.4777
[early-stopping] Epoch 55: no improvement (3/20)
Epoch 56/200, Batch 100, Aver_Loss: 1778.1095
Epoch 56/200, Batch 200, Aver_Loss: 1766.2396
Epoch 56/200, Batch 300, Aver_Loss: 1833.8215
Epoch 56/200, Batch 400, Aver_Loss: 1760.3600
[early-stopping] Epoch 56: no improvement (4/20)
Epoch 57/200, Batch 100, Aver_Loss: 1785.9249
Epoch 57/200, Batch 200, Aver_Loss: 1796.6608
Epoch 57/200, Batch 300, Aver_Loss: 1778.4885
Epoch 57/200, Batch 400, Aver_Loss: 1861.4896
[early-stopping] Epoch 57: no improvement (5/20)
Epoch 58/200, Batch 100, Aver_Loss: 1788.2056
Epoch 58/200, Batch 200, Aver_Loss: 1815.2211
Epoch 58/200, Batch 300, Aver_Loss: 1720.6675
Epoch 58/200, Batch 400, Aver_Loss: 1785.5911
[early-stopping] Epoch 58: no improvement (6/20)
Epoch 59/200, Batch 100, Aver_Loss: 1808.2770
Epoch 59/200, Batch 200, Aver_Loss: 1806.6741
Epoch 59/200, Batch 300, Aver_Loss: 1761.9082
Epoch 59/200, Batch 400, Aver_Loss: 1777.3698
[early-stopping] Epoch 59: no improvement (7/20)
Epoch 60/200, Batch 100, Aver_Loss: 1778.2231
Epoch 60/200, Batch 200, Aver_Loss: 1780.1329
Epoch 60/200, Batch 300, Aver_Loss: 1802.2439
Epoch 60/200, Batch 400, Aver_Loss: 1803.1230
[early-stopping] Epoch 60: no improvement (8/20)
Epoch 61/200, Batch 100, Aver_Loss: 1786.6721
Epoch 61/200, Batch 200, Aver_Loss: 1781.9980
Epoch 61/200, Batch 300, Aver_Loss: 1797.3175
Epoch 61/200, Batch 400, Aver_Loss: 1771.1925
[early-stopping] Epoch 61: no improvement (9/20)
Epoch 62/200, Batch 100, Aver_Loss: 1834.4286
Epoch 62/200, Batch 200, Aver_Loss: 1787.1128
Epoch 62/200, Batch 300, Aver_Loss: 1799.0310
Epoch 62/200, Batch 400, Aver_Loss: 1783.3578
[early-stopping] Epoch 62: no improvement (10/20)
Epoch 63/200, Batch 100, Aver_Loss: 1793.9125
Epoch 63/200, Batch 200, Aver_Loss: 1769.5399
Epoch 63/200, Batch 300, Aver_Loss: 1771.6821
Epoch 63/200, Batch 400, Aver_Loss: 1784.4069
[early-stopping] Epoch 63: no improvement (11/20)
Epoch 64/200, Batch 100, Aver_Loss: 1768.3900
Epoch 64/200, Batch 200, Aver_Loss: 1784.8289
Epoch 64/200, Batch 300, Aver_Loss: 1760.7312
Epoch 64/200, Batch 400, Aver_Loss: 1729.2981
[early-stopping] Epoch 64: no improvement (12/20)
Epoch 65/200, Batch 100, Aver_Loss: 1739.6302
Epoch 65/200, Batch 200, Aver_Loss: 1777.5377
Epoch 65/200, Batch 300, Aver_Loss: 1780.7524
Epoch 65/200, Batch 400, Aver_Loss: 1815.4901
[early-stopping] Epoch 65: no improvement (13/20)
Epoch 66/200, Batch 100, Aver_Loss: 1726.4264
Epoch 66/200, Batch 200, Aver_Loss: 1782.5410
Epoch 66/200, Batch 300, Aver_Loss: 1760.9283
Epoch 66/200, Batch 400, Aver_Loss: 1799.1515
[early-stopping] Epoch 66: no improvement (14/20)
Epoch 67/200, Batch 100, Aver_Loss: 1803.1748
Epoch 67/200, Batch 200, Aver_Loss: 1801.3690
Epoch 67/200, Batch 300, Aver_Loss: 1745.6161
Epoch 67/200, Batch 400, Aver_Loss: 1825.5276
[early-stopping] Epoch 67: new best val ELBO = -1784.423365
Epoch 68/200, Batch 100, Aver_Loss: 1748.3711
Epoch 68/200, Batch 200, Aver_Loss: 1758.7726
Epoch 68/200, Batch 300, Aver_Loss: 1744.6200
Epoch 68/200, Batch 400, Aver_Loss: 1770.9152
[early-stopping] Epoch 68: no improvement (1/20)
Epoch 69/200, Batch 100, Aver_Loss: 1787.9889
Epoch 69/200, Batch 200, Aver_Loss: 1730.9331
Epoch 69/200, Batch 300, Aver_Loss: 1783.2473
Epoch 69/200, Batch 400, Aver_Loss: 1854.9149
[early-stopping] Epoch 69: new best val ELBO = -1783.762826
Epoch 70/200, Batch 100, Aver_Loss: 1785.9233
Epoch 70/200, Batch 200, Aver_Loss: 1822.1023
Epoch 70/200, Batch 300, Aver_Loss: 1739.0581
Epoch 70/200, Batch 400, Aver_Loss: 1795.9606
[early-stopping] Epoch 70: no improvement (1/20)
Epoch 71/200, Batch 100, Aver_Loss: 1809.0471
Epoch 71/200, Batch 200, Aver_Loss: 1797.3210
Epoch 71/200, Batch 300, Aver_Loss: 1800.8768
Epoch 71/200, Batch 400, Aver_Loss: 1789.3296
[early-stopping] Epoch 71: no improvement (2/20)
Epoch 72/200, Batch 100, Aver_Loss: 1730.7444
Epoch 72/200, Batch 200, Aver_Loss: 1788.6608
Epoch 72/200, Batch 300, Aver_Loss: 1779.8047
Epoch 72/200, Batch 400, Aver_Loss: 1729.3945
[early-stopping] Epoch 72: no improvement (3/20)
Epoch 73/200, Batch 100, Aver_Loss: 1781.9951
Epoch 73/200, Batch 200, Aver_Loss: 1809.3326
Epoch 73/200, Batch 300, Aver_Loss: 1773.5916
Epoch 73/200, Batch 400, Aver_Loss: 1800.7819
[early-stopping] Epoch 73: no improvement (4/20)
Epoch 74/200, Batch 100, Aver_Loss: 1822.4543
Epoch 74/200, Batch 200, Aver_Loss: 1793.2729
Epoch 74/200, Batch 300, Aver_Loss: 1790.4392
Epoch 74/200, Batch 400, Aver_Loss: 1794.6090
[early-stopping] Epoch 74: no improvement (5/20)
Epoch 75/200, Batch 100, Aver_Loss: 1826.3417
Epoch 75/200, Batch 200, Aver_Loss: 1756.3719
Epoch 75/200, Batch 300, Aver_Loss: 1824.0895
Epoch 75/200, Batch 400, Aver_Loss: 1764.9523
[early-stopping] Epoch 75: new best val ELBO = -1783.760244
Epoch 76/200, Batch 100, Aver_Loss: 1811.0441
Epoch 76/200, Batch 200, Aver_Loss: 1800.9978
Epoch 76/200, Batch 300, Aver_Loss: 1725.5458
Epoch 76/200, Batch 400, Aver_Loss: 1844.8093
[early-stopping] Epoch 76: no improvement (1/20)
Epoch 77/200, Batch 100, Aver_Loss: 1722.9153
Epoch 77/200, Batch 200, Aver_Loss: 1801.2784
Epoch 77/200, Batch 300, Aver_Loss: 1793.5853
Epoch 77/200, Batch 400, Aver_Loss: 1763.5354
[early-stopping] Epoch 77: no improvement (2/20)
Epoch 78/200, Batch 100, Aver_Loss: 1825.1101
Epoch 78/200, Batch 200, Aver_Loss: 1794.4170
Epoch 78/200, Batch 300, Aver_Loss: 1735.6517
Epoch 78/200, Batch 400, Aver_Loss: 1770.9767
[early-stopping] Epoch 78: no improvement (3/20)
Epoch 79/200, Batch 100, Aver_Loss: 1792.2467
Epoch 79/200, Batch 200, Aver_Loss: 1814.1296
Epoch 79/200, Batch 300, Aver_Loss: 1797.9429
Epoch 79/200, Batch 400, Aver_Loss: 1728.3022
[early-stopping] Epoch 79: no improvement (4/20)
Epoch 80/200, Batch 100, Aver_Loss: 1790.3904
Epoch 80/200, Batch 200, Aver_Loss: 1837.5189
Epoch 80/200, Batch 300, Aver_Loss: 1771.1240
Epoch 80/200, Batch 400, Aver_Loss: 1763.7261
[early-stopping] Epoch 80: no improvement (5/20)
Epoch 81/200, Batch 100, Aver_Loss: 1801.0575
Epoch 81/200, Batch 200, Aver_Loss: 1738.2256
Epoch 81/200, Batch 300, Aver_Loss: 1803.4387
Epoch 81/200, Batch 400, Aver_Loss: 1801.9969
[early-stopping] Epoch 81: no improvement (6/20)
Epoch 82/200, Batch 100, Aver_Loss: 1810.2756
Epoch 82/200, Batch 200, Aver_Loss: 1704.2448
Epoch 82/200, Batch 300, Aver_Loss: 1806.0720
Epoch 82/200, Batch 400, Aver_Loss: 1808.7808
[early-stopping] Epoch 82: new best val ELBO = -1783.627900
Epoch 83/200, Batch 100, Aver_Loss: 1791.1426
Epoch 83/200, Batch 200, Aver_Loss: 1805.7871
Epoch 83/200, Batch 300, Aver_Loss: 1809.4512
Epoch 83/200, Batch 400, Aver_Loss: 1732.2412
[early-stopping] Epoch 83: no improvement (1/20)
Epoch 84/200, Batch 100, Aver_Loss: 1749.7042
Epoch 84/200, Batch 200, Aver_Loss: 1794.8473
Epoch 84/200, Batch 300, Aver_Loss: 1723.1904
Epoch 84/200, Batch 400, Aver_Loss: 1772.5514
[early-stopping] Epoch 84: no improvement (2/20)
Epoch 85/200, Batch 100, Aver_Loss: 1788.5413
Epoch 85/200, Batch 200, Aver_Loss: 1805.7155
Epoch 85/200, Batch 300, Aver_Loss: 1736.9028
Epoch 85/200, Batch 400, Aver_Loss: 1827.4614
[early-stopping] Epoch 85: new best val ELBO = -1782.958856
Epoch 86/200, Batch 100, Aver_Loss: 1792.5553
Epoch 86/200, Batch 200, Aver_Loss: 1756.6909
Epoch 86/200, Batch 300, Aver_Loss: 1779.0837
Epoch 86/200, Batch 400, Aver_Loss: 1788.4846
[early-stopping] Epoch 86: no improvement (1/20)
Epoch 87/200, Batch 100, Aver_Loss: 1796.6016
Epoch 87/200, Batch 200, Aver_Loss: 1775.6697
Epoch 87/200, Batch 300, Aver_Loss: 1769.6575
Epoch 87/200, Batch 400, Aver_Loss: 1765.3618
[early-stopping] Epoch 87: no improvement (2/20)
Epoch 88/200, Batch 100, Aver_Loss: 1797.4447
Epoch 88/200, Batch 200, Aver_Loss: 1762.8864
Epoch 88/200, Batch 300, Aver_Loss: 1815.9744
Epoch 88/200, Batch 400, Aver_Loss: 1739.8953
[early-stopping] Epoch 88: no improvement (3/20)
Epoch 89/200, Batch 100, Aver_Loss: 1768.0566
Epoch 89/200, Batch 200, Aver_Loss: 1792.8033
Epoch 89/200, Batch 300, Aver_Loss: 1758.6769
Epoch 89/200, Batch 400, Aver_Loss: 1836.1102
[early-stopping] Epoch 89: no improvement (4/20)
Epoch 90/200, Batch 100, Aver_Loss: 1762.5408
Epoch 90/200, Batch 200, Aver_Loss: 1759.9375
Epoch 90/200, Batch 300, Aver_Loss: 1769.0861
Epoch 90/200, Batch 400, Aver_Loss: 1793.2128
[early-stopping] Epoch 90: no improvement (5/20)
Epoch 91/200, Batch 100, Aver_Loss: 1755.7212
Epoch 91/200, Batch 200, Aver_Loss: 1742.2101
Epoch 91/200, Batch 300, Aver_Loss: 1793.0739
Epoch 91/200, Batch 400, Aver_Loss: 1729.0787
[early-stopping] Epoch 91: new best val ELBO = -1782.785624
Epoch 92/200, Batch 100, Aver_Loss: 1800.8633
Epoch 92/200, Batch 200, Aver_Loss: 1765.6653
Epoch 92/200, Batch 300, Aver_Loss: 1760.2009
Epoch 92/200, Batch 400, Aver_Loss: 1767.9149
[early-stopping] Epoch 92: no improvement (1/20)
Epoch 93/200, Batch 100, Aver_Loss: 1795.9757
Epoch 93/200, Batch 200, Aver_Loss: 1749.1682
Epoch 93/200, Batch 300, Aver_Loss: 1759.0314
Epoch 93/200, Batch 400, Aver_Loss: 1774.2784
[early-stopping] Epoch 93: no improvement (2/20)
Epoch 94/200, Batch 100, Aver_Loss: 1803.1836
Epoch 94/200, Batch 200, Aver_Loss: 1755.2758
Epoch 94/200, Batch 300, Aver_Loss: 1787.7012
Epoch 94/200, Batch 400, Aver_Loss: 1797.4071
[early-stopping] Epoch 94: no improvement (3/20)
Epoch 95/200, Batch 100, Aver_Loss: 1805.7780
Epoch 95/200, Batch 200, Aver_Loss: 1809.1975
Epoch 95/200, Batch 300, Aver_Loss: 1763.1576
Epoch 95/200, Batch 400, Aver_Loss: 1885.6838
[early-stopping] Epoch 95: no improvement (4/20)
Epoch 96/200, Batch 100, Aver_Loss: 1756.2367
Epoch 96/200, Batch 200, Aver_Loss: 1777.5667
Epoch 96/200, Batch 300, Aver_Loss: 1761.8762
Epoch 96/200, Batch 400, Aver_Loss: 1741.7124
[early-stopping] Epoch 96: no improvement (5/20)
Epoch 97/200, Batch 100, Aver_Loss: 1801.4945
Epoch 97/200, Batch 200, Aver_Loss: 1751.7161
Epoch 97/200, Batch 300, Aver_Loss: 1799.5564
Epoch 97/200, Batch 400, Aver_Loss: 1811.2271
[early-stopping] Epoch 97: no improvement (6/20)
Epoch 98/200, Batch 100, Aver_Loss: 1810.7123
Epoch 98/200, Batch 200, Aver_Loss: 1801.6732
Epoch 98/200, Batch 300, Aver_Loss: 1817.4696
Epoch 98/200, Batch 400, Aver_Loss: 1822.9984
[early-stopping] Epoch 98: no improvement (7/20)
Epoch 99/200, Batch 100, Aver_Loss: 1784.7140
Epoch 99/200, Batch 200, Aver_Loss: 1815.0206
Epoch 99/200, Batch 300, Aver_Loss: 1848.2078
Epoch 99/200, Batch 400, Aver_Loss: 1777.2161
[early-stopping] Epoch 99: no improvement (8/20)
Epoch 100/200, Batch 100, Aver_Loss: 1769.4840
Epoch 100/200, Batch 200, Aver_Loss: 1779.0435
Epoch 100/200, Batch 300, Aver_Loss: 1732.5477
Epoch 100/200, Batch 400, Aver_Loss: 1806.1157
[early-stopping] Epoch 100: no improvement (9/20)
Epoch 101/200, Batch 100, Aver_Loss: 1755.1738
Epoch 101/200, Batch 200, Aver_Loss: 1759.2682
Epoch 101/200, Batch 300, Aver_Loss: 1783.9104
Epoch 101/200, Batch 400, Aver_Loss: 1723.2838
[early-stopping] Epoch 101: new best val ELBO = -1782.602246
Epoch 102/200, Batch 100, Aver_Loss: 1816.1781
Epoch 102/200, Batch 200, Aver_Loss: 1807.7643
Epoch 102/200, Batch 300, Aver_Loss: 1763.5151
Epoch 102/200, Batch 400, Aver_Loss: 1806.6180
[early-stopping] Epoch 102: no improvement (1/20)
Epoch 103/200, Batch 100, Aver_Loss: 1761.1421
Epoch 103/200, Batch 200, Aver_Loss: 1791.8907
Epoch 103/200, Batch 300, Aver_Loss: 1795.7893
Epoch 103/200, Batch 400, Aver_Loss: 1790.0023
[early-stopping] Epoch 103: no improvement (2/20)
Epoch 104/200, Batch 100, Aver_Loss: 1804.8317
Epoch 104/200, Batch 200, Aver_Loss: 1798.0330
Epoch 104/200, Batch 300, Aver_Loss: 1776.3868
Epoch 104/200, Batch 400, Aver_Loss: 1771.2280
[early-stopping] Epoch 104: no improvement (3/20)
Epoch 105/200, Batch 100, Aver_Loss: 1827.0721
Epoch 105/200, Batch 200, Aver_Loss: 1776.2780
Epoch 105/200, Batch 300, Aver_Loss: 1839.1017
Epoch 105/200, Batch 400, Aver_Loss: 1785.6370
[early-stopping] Epoch 105: no improvement (4/20)
Epoch 106/200, Batch 100, Aver_Loss: 1790.0933
Epoch 106/200, Batch 200, Aver_Loss: 1751.3831
Epoch 106/200, Batch 300, Aver_Loss: 1785.0867
Epoch 106/200, Batch 400, Aver_Loss: 1792.0770
[early-stopping] Epoch 106: no improvement (5/20)
Epoch 107/200, Batch 100, Aver_Loss: 1827.4216
Epoch 107/200, Batch 200, Aver_Loss: 1727.8698
Epoch 107/200, Batch 300, Aver_Loss: 1806.1016
Epoch 107/200, Batch 400, Aver_Loss: 1779.8307
[early-stopping] Epoch 107: no improvement (6/20)
Epoch 108/200, Batch 100, Aver_Loss: 1805.2004
Epoch 108/200, Batch 200, Aver_Loss: 1814.4979
Epoch 108/200, Batch 300, Aver_Loss: 1791.4796
Epoch 108/200, Batch 400, Aver_Loss: 1794.7825
[early-stopping] Epoch 108: no improvement (7/20)
Epoch 109/200, Batch 100, Aver_Loss: 1775.0946
Epoch 109/200, Batch 200, Aver_Loss: 1683.4688
Epoch 109/200, Batch 300, Aver_Loss: 1754.7678
Epoch 109/200, Batch 400, Aver_Loss: 1788.2615
[early-stopping] Epoch 109: new best val ELBO = -1781.787415
Epoch 110/200, Batch 100, Aver_Loss: 1821.2848
Epoch 110/200, Batch 200, Aver_Loss: 1813.9331
Epoch 110/200, Batch 300, Aver_Loss: 1771.8947
Epoch 110/200, Batch 400, Aver_Loss: 1719.9913
[early-stopping] Epoch 110: no improvement (1/20)
Epoch 111/200, Batch 100, Aver_Loss: 1790.7397
Epoch 111/200, Batch 200, Aver_Loss: 1787.7511
Epoch 111/200, Batch 300, Aver_Loss: 1771.2020
Epoch 111/200, Batch 400, Aver_Loss: 1723.5822
[early-stopping] Epoch 111: no improvement (2/20)
Epoch 112/200, Batch 100, Aver_Loss: 1833.9542
Epoch 112/200, Batch 200, Aver_Loss: 1795.1230
Epoch 112/200, Batch 300, Aver_Loss: 1861.1791
Epoch 112/200, Batch 400, Aver_Loss: 1781.4252
[early-stopping] Epoch 112: no improvement (3/20)
Epoch 113/200, Batch 100, Aver_Loss: 1795.0887
Epoch 113/200, Batch 200, Aver_Loss: 1767.8861
Epoch 113/200, Batch 300, Aver_Loss: 1761.9991
Epoch 113/200, Batch 400, Aver_Loss: 1753.5023
[early-stopping] Epoch 113: no improvement (4/20)
Epoch 114/200, Batch 100, Aver_Loss: 1807.9141
Epoch 114/200, Batch 200, Aver_Loss: 1796.0649
Epoch 114/200, Batch 300, Aver_Loss: 1769.7006
Epoch 114/200, Batch 400, Aver_Loss: 1779.9856
[early-stopping] Epoch 114: no improvement (5/20)
Epoch 115/200, Batch 100, Aver_Loss: 1777.1725
Epoch 115/200, Batch 200, Aver_Loss: 1760.7455
Epoch 115/200, Batch 300, Aver_Loss: 1803.0653
Epoch 115/200, Batch 400, Aver_Loss: 1776.4227
[early-stopping] Epoch 115: no improvement (6/20)
Epoch 116/200, Batch 100, Aver_Loss: 1767.8973
Epoch 116/200, Batch 200, Aver_Loss: 1802.4347
Epoch 116/200, Batch 300, Aver_Loss: 1810.7358
Epoch 116/200, Batch 400, Aver_Loss: 1771.7960
[early-stopping] Epoch 116: no improvement (7/20)
Epoch 117/200, Batch 100, Aver_Loss: 1774.7416
Epoch 117/200, Batch 200, Aver_Loss: 1816.6039
Epoch 117/200, Batch 300, Aver_Loss: 1804.3033
Epoch 117/200, Batch 400, Aver_Loss: 1767.8340
[early-stopping] Epoch 117: no improvement (8/20)
Epoch 118/200, Batch 100, Aver_Loss: 1751.7009
Epoch 118/200, Batch 200, Aver_Loss: 1796.7880
Epoch 118/200, Batch 300, Aver_Loss: 1826.3940
Epoch 118/200, Batch 400, Aver_Loss: 1793.7466
[early-stopping] Epoch 118: no improvement (9/20)
Epoch 119/200, Batch 100, Aver_Loss: 1756.0890
Epoch 119/200, Batch 200, Aver_Loss: 1805.7273
Epoch 119/200, Batch 300, Aver_Loss: 1726.5288
Epoch 119/200, Batch 400, Aver_Loss: 1840.2472
[early-stopping] Epoch 119: no improvement (10/20)
Epoch 120/200, Batch 100, Aver_Loss: 1747.4382
Epoch 120/200, Batch 200, Aver_Loss: 1778.4270
Epoch 120/200, Batch 300, Aver_Loss: 1767.7294
Epoch 120/200, Batch 400, Aver_Loss: 1803.7611
[early-stopping] Epoch 120: no improvement (11/20)
Epoch 121/200, Batch 100, Aver_Loss: 1810.6758
Epoch 121/200, Batch 200, Aver_Loss: 1768.7614
Epoch 121/200, Batch 300, Aver_Loss: 1754.2988
Epoch 121/200, Batch 400, Aver_Loss: 1787.8663
[early-stopping] Epoch 121: no improvement (12/20)
Epoch 122/200, Batch 100, Aver_Loss: 1771.6185
Epoch 122/200, Batch 200, Aver_Loss: 1808.8236
Epoch 122/200, Batch 300, Aver_Loss: 1777.7806
Epoch 122/200, Batch 400, Aver_Loss: 1816.7806
[early-stopping] Epoch 122: no improvement (13/20)
Epoch 123/200, Batch 100, Aver_Loss: 1798.0677
Epoch 123/200, Batch 200, Aver_Loss: 1754.2083
Epoch 123/200, Batch 300, Aver_Loss: 1741.8389
Epoch 123/200, Batch 400, Aver_Loss: 1757.3962
[early-stopping] Epoch 123: no improvement (14/20)
Epoch 124/200, Batch 100, Aver_Loss: 1741.1976
Epoch 124/200, Batch 200, Aver_Loss: 1801.3596
Epoch 124/200, Batch 300, Aver_Loss: 1803.9408
Epoch 124/200, Batch 400, Aver_Loss: 1746.2450
[early-stopping] Epoch 124: no improvement (15/20)
Epoch 125/200, Batch 100, Aver_Loss: 1803.4749
Epoch 125/200, Batch 200, Aver_Loss: 1745.9194
Epoch 125/200, Batch 300, Aver_Loss: 1790.5634
Epoch 125/200, Batch 400, Aver_Loss: 1761.4644
[early-stopping] Epoch 125: no improvement (16/20)
Epoch 126/200, Batch 100, Aver_Loss: 1734.6265
Epoch 126/200, Batch 200, Aver_Loss: 1805.6211
Epoch 126/200, Batch 300, Aver_Loss: 1850.4127
Epoch 126/200, Batch 400, Aver_Loss: 1780.9155
[early-stopping] Epoch 126: no improvement (17/20)
Epoch 127/200, Batch 100, Aver_Loss: 1793.4308
Epoch 127/200, Batch 200, Aver_Loss: 1745.8440
Epoch 127/200, Batch 300, Aver_Loss: 1750.5862
Epoch 127/200, Batch 400, Aver_Loss: 1753.7417
[early-stopping] Epoch 127: no improvement (18/20)
Epoch 128/200, Batch 100, Aver_Loss: 1714.2753
Epoch 128/200, Batch 200, Aver_Loss: 1801.7838
Epoch 128/200, Batch 300, Aver_Loss: 1801.9165
Epoch 128/200, Batch 400, Aver_Loss: 1792.2241
[early-stopping] Epoch 128: no improvement (19/20)
Epoch 129/200, Batch 100, Aver_Loss: 1840.4702
Epoch 129/200, Batch 200, Aver_Loss: 1763.1356
Epoch 129/200, Batch 300, Aver_Loss: 1767.1876
Epoch 129/200, Batch 400, Aver_Loss: 1754.4863
[early-stopping] Epoch 129: no improvement (20/20)
[early-stopping] Patience reached. Stopping at epoch 129. Best epoch: 109, best val ELBO: -1781.787415
[early-stopping] Loaded best model from epoch 109 (val ELBO = -1781.787415)
[checkpoint] Saved best model to: trained_parameters/cifar100_zdim16_MVAE.pkl
[saved curves] ./results/CIFAR100/curves/cifar100_mvae_d16_s777.json

==== Evaluation Summary ====
                 model: mvae
   recon/mse_per_pixel: 0.018316
            elbo/train: -1778.400281
             elbo/test: -1781.765686
             mse/train: 0.017894
              mse/test: 0.018316
             probe/acc: 0.140833
             probe/nll: 3.815499
           probe/brier: 0.945760
             probe/ece: 0.022913
           cluster/nmi: 0.216277
           cluster/ari: 0.025576
============================

