/usr/bin/which: no fi_info in (/arf/home/meyavuz/.local/bin:/arf/sw/comp/python/intelpython3/condabin:/arf/sw/comp/python/intelpython3/bin:/usr/share/Modules/bin:/usr/local/bin:/usr/bin:/usr/local/sbin:/usr/sbin)
Extension for Scikit-learn* enabled (https://github.com/uxlfoundation/scikit-learn-intelex)
/arf/home/meyavuz/.conda/envs/sbn/lib/python3.9/site-packages/sklearn/linear_model/_logistic.py:1247: FutureWarning: 'multi_class' was deprecated in version 1.5 and will be removed in 1.7. From then on, it will always use 'multinomial'. Leave it to its default value to avoid this warning.
  warnings.warn(
/arf/home/meyavuz/.conda/envs/sbn/lib/python3.9/site-packages/sklearn/linear_model/_sag.py:348: ConvergenceWarning: The max_iter was reached which means the coef_ did not converge
  warnings.warn(
Epoch 1/200, Batch 100, Aver_Loss: 1902.1276
Epoch 1/200, Batch 200, Aver_Loss: 1836.4572
Epoch 1/200, Batch 300, Aver_Loss: 1884.7758
Epoch 1/200, Batch 400, Aver_Loss: 1911.9933
[early-stopping] Epoch 1: new best val ELBO = -1882.636659
Epoch 2/200, Batch 100, Aver_Loss: 1901.8398
Epoch 2/200, Batch 200, Aver_Loss: 1863.8909
Epoch 2/200, Batch 300, Aver_Loss: 1906.3740
Epoch 2/200, Batch 400, Aver_Loss: 1895.7305
[early-stopping] Epoch 2: no improvement (1/20)
Epoch 3/200, Batch 100, Aver_Loss: 1859.1497
Epoch 3/200, Batch 200, Aver_Loss: 1901.4796
Epoch 3/200, Batch 300, Aver_Loss: 1884.4917
Epoch 3/200, Batch 400, Aver_Loss: 1854.1587
[early-stopping] Epoch 3: no improvement (2/20)
Epoch 4/200, Batch 100, Aver_Loss: 1853.7806
Epoch 4/200, Batch 200, Aver_Loss: 1863.8256
Epoch 4/200, Batch 300, Aver_Loss: 1854.2916
Epoch 4/200, Batch 400, Aver_Loss: 1873.3518
[early-stopping] Epoch 4: new best val ELBO = -1869.894802
Epoch 5/200, Batch 100, Aver_Loss: 1903.4886
Epoch 5/200, Batch 200, Aver_Loss: 1885.1737
Epoch 5/200, Batch 300, Aver_Loss: 1914.5651
Epoch 5/200, Batch 400, Aver_Loss: 1884.4155
[early-stopping] Epoch 5: no improvement (1/20)
Epoch 6/200, Batch 100, Aver_Loss: 1860.7767
Epoch 6/200, Batch 200, Aver_Loss: 1979.7732
Epoch 6/200, Batch 300, Aver_Loss: 1890.0597
Epoch 6/200, Batch 400, Aver_Loss: 1856.3522
[early-stopping] Epoch 6: new best val ELBO = -1867.569168
Epoch 7/200, Batch 100, Aver_Loss: 1834.7440
Epoch 7/200, Batch 200, Aver_Loss: 1896.6926
Epoch 7/200, Batch 300, Aver_Loss: 1865.7045
Epoch 7/200, Batch 400, Aver_Loss: 1855.0812
[early-stopping] Epoch 7: new best val ELBO = -1866.945491
Epoch 8/200, Batch 100, Aver_Loss: 1884.0184
Epoch 8/200, Batch 200, Aver_Loss: 1903.8110
Epoch 8/200, Batch 300, Aver_Loss: 1893.0325
Epoch 8/200, Batch 400, Aver_Loss: 1921.3356
[early-stopping] Epoch 8: no improvement (1/20)
Epoch 9/200, Batch 100, Aver_Loss: 1822.9327
Epoch 9/200, Batch 200, Aver_Loss: 1848.8998
Epoch 9/200, Batch 300, Aver_Loss: 1827.8143
Epoch 9/200, Batch 400, Aver_Loss: 1830.0314
[early-stopping] Epoch 9: new best val ELBO = -1865.503812
Epoch 10/200, Batch 100, Aver_Loss: 1870.6686
Epoch 10/200, Batch 200, Aver_Loss: 1888.4855
Epoch 10/200, Batch 300, Aver_Loss: 1855.2406
Epoch 10/200, Batch 400, Aver_Loss: 1864.4928
[early-stopping] Epoch 10: no improvement (1/20)
Epoch 11/200, Batch 100, Aver_Loss: 1872.4918
Epoch 11/200, Batch 200, Aver_Loss: 1854.3947
Epoch 11/200, Batch 300, Aver_Loss: 1889.2780
Epoch 11/200, Batch 400, Aver_Loss: 1859.2646
[early-stopping] Epoch 11: no improvement (2/20)
Epoch 12/200, Batch 100, Aver_Loss: 1912.6949
Epoch 12/200, Batch 200, Aver_Loss: 1935.9706
Epoch 12/200, Batch 300, Aver_Loss: 1935.8684
Epoch 12/200, Batch 400, Aver_Loss: 1931.7213
[early-stopping] Epoch 12: no improvement (3/20)
Epoch 13/200, Batch 100, Aver_Loss: 1919.7239
Epoch 13/200, Batch 200, Aver_Loss: 1923.2324
Epoch 13/200, Batch 300, Aver_Loss: 1908.6417
Epoch 13/200, Batch 400, Aver_Loss: 1910.2179
[early-stopping] Epoch 13: no improvement (4/20)
Epoch 14/200, Batch 100, Aver_Loss: 1906.5491
Epoch 14/200, Batch 200, Aver_Loss: 1855.0944
Epoch 14/200, Batch 300, Aver_Loss: 1843.0096
Epoch 14/200, Batch 400, Aver_Loss: 1920.8759
[early-stopping] Epoch 14: no improvement (5/20)
Epoch 15/200, Batch 100, Aver_Loss: 1888.5812
Epoch 15/200, Batch 200, Aver_Loss: 1877.8273
Epoch 15/200, Batch 300, Aver_Loss: 1807.2860
Epoch 15/200, Batch 400, Aver_Loss: 1892.0807
[early-stopping] Epoch 15: no improvement (6/20)
Epoch 16/200, Batch 100, Aver_Loss: 1846.5974
Epoch 16/200, Batch 200, Aver_Loss: 1879.7860
Epoch 16/200, Batch 300, Aver_Loss: 1883.2479
Epoch 16/200, Batch 400, Aver_Loss: 1902.8031
[early-stopping] Epoch 16: no improvement (7/20)
Epoch 17/200, Batch 100, Aver_Loss: 1870.9917
Epoch 17/200, Batch 200, Aver_Loss: 1866.3312
Epoch 17/200, Batch 300, Aver_Loss: 1877.1460
Epoch 17/200, Batch 400, Aver_Loss: 1849.1079
[early-stopping] Epoch 17: no improvement (8/20)
Epoch 18/200, Batch 100, Aver_Loss: 1831.9025
Epoch 18/200, Batch 200, Aver_Loss: 1887.2971
Epoch 18/200, Batch 300, Aver_Loss: 1882.4681
Epoch 18/200, Batch 400, Aver_Loss: 1871.1234
[early-stopping] Epoch 18: new best val ELBO = -1863.447653
Epoch 19/200, Batch 100, Aver_Loss: 1862.3591
Epoch 19/200, Batch 200, Aver_Loss: 1869.5677
Epoch 19/200, Batch 300, Aver_Loss: 1834.2969
Epoch 19/200, Batch 400, Aver_Loss: 1870.9694
[early-stopping] Epoch 19: new best val ELBO = -1861.723887
Epoch 20/200, Batch 100, Aver_Loss: 1862.5181
Epoch 20/200, Batch 200, Aver_Loss: 1857.8574
Epoch 20/200, Batch 300, Aver_Loss: 1862.5581
Epoch 20/200, Batch 400, Aver_Loss: 1833.9731
[early-stopping] Epoch 20: no improvement (1/20)
Epoch 21/200, Batch 100, Aver_Loss: 1885.2495
Epoch 21/200, Batch 200, Aver_Loss: 1846.6240
Epoch 21/200, Batch 300, Aver_Loss: 1905.8890
Epoch 21/200, Batch 400, Aver_Loss: 1886.8705
[early-stopping] Epoch 21: new best val ELBO = -1860.657950
Epoch 22/200, Batch 100, Aver_Loss: 1882.6145
Epoch 22/200, Batch 200, Aver_Loss: 1919.2278
Epoch 22/200, Batch 300, Aver_Loss: 1850.1547
Epoch 22/200, Batch 400, Aver_Loss: 1857.4213
[early-stopping] Epoch 22: new best val ELBO = -1859.755028
Epoch 23/200, Batch 100, Aver_Loss: 1874.5190
Epoch 23/200, Batch 200, Aver_Loss: 1846.6968
Epoch 23/200, Batch 300, Aver_Loss: 1879.2345
Epoch 23/200, Batch 400, Aver_Loss: 1836.7161
[early-stopping] Epoch 23: no improvement (1/20)
Epoch 24/200, Batch 100, Aver_Loss: 1841.9738
Epoch 24/200, Batch 200, Aver_Loss: 1850.5951
Epoch 24/200, Batch 300, Aver_Loss: 1885.8928
Epoch 24/200, Batch 400, Aver_Loss: 1882.1962
[early-stopping] Epoch 24: no improvement (2/20)
Epoch 25/200, Batch 100, Aver_Loss: 1877.8348
Epoch 25/200, Batch 200, Aver_Loss: 1846.4281
Epoch 25/200, Batch 300, Aver_Loss: 1902.0164
Epoch 25/200, Batch 400, Aver_Loss: 1861.6387
[early-stopping] Epoch 25: no improvement (3/20)
Epoch 26/200, Batch 100, Aver_Loss: 1836.3824
Epoch 26/200, Batch 200, Aver_Loss: 1891.2268
Epoch 26/200, Batch 300, Aver_Loss: 1855.9026
Epoch 26/200, Batch 400, Aver_Loss: 1852.0341
[early-stopping] Epoch 26: no improvement (4/20)
Epoch 27/200, Batch 100, Aver_Loss: 1883.8357
Epoch 27/200, Batch 200, Aver_Loss: 1839.1022
Epoch 27/200, Batch 300, Aver_Loss: 1830.6865
Epoch 27/200, Batch 400, Aver_Loss: 1899.3014
[early-stopping] Epoch 27: new best val ELBO = -1858.542582
Epoch 28/200, Batch 100, Aver_Loss: 1806.9008
Epoch 28/200, Batch 200, Aver_Loss: 1835.3970
Epoch 28/200, Batch 300, Aver_Loss: 1846.5795
Epoch 28/200, Batch 400, Aver_Loss: 1883.1111
[early-stopping] Epoch 28: no improvement (1/20)
Epoch 29/200, Batch 100, Aver_Loss: 1901.8544
Epoch 29/200, Batch 200, Aver_Loss: 1859.9795
Epoch 29/200, Batch 300, Aver_Loss: 1820.0273
Epoch 29/200, Batch 400, Aver_Loss: 1862.5862
[early-stopping] Epoch 29: new best val ELBO = -1857.883529
Epoch 30/200, Batch 100, Aver_Loss: 1869.0497
Epoch 30/200, Batch 200, Aver_Loss: 1898.4320
Epoch 30/200, Batch 300, Aver_Loss: 1849.7791
Epoch 30/200, Batch 400, Aver_Loss: 1881.2637
[early-stopping] Epoch 30: no improvement (1/20)
Epoch 31/200, Batch 100, Aver_Loss: 1853.4032
Epoch 31/200, Batch 200, Aver_Loss: 1854.4867
Epoch 31/200, Batch 300, Aver_Loss: 1909.5665
Epoch 31/200, Batch 400, Aver_Loss: 1881.0698
[early-stopping] Epoch 31: no improvement (2/20)
Epoch 32/200, Batch 100, Aver_Loss: 1905.2017
Epoch 32/200, Batch 200, Aver_Loss: 1902.8606
Epoch 32/200, Batch 300, Aver_Loss: 1885.8159
Epoch 32/200, Batch 400, Aver_Loss: 1806.3523
[early-stopping] Epoch 32: no improvement (3/20)
Epoch 33/200, Batch 100, Aver_Loss: 1840.6063
Epoch 33/200, Batch 200, Aver_Loss: 1856.8065
Epoch 33/200, Batch 300, Aver_Loss: 1858.3909
Epoch 33/200, Batch 400, Aver_Loss: 1860.0637
[early-stopping] Epoch 33: no improvement (4/20)
Epoch 34/200, Batch 100, Aver_Loss: 1866.6417
Epoch 34/200, Batch 200, Aver_Loss: 1806.9302
Epoch 34/200, Batch 300, Aver_Loss: 1862.1772
Epoch 34/200, Batch 400, Aver_Loss: 1834.2261
[early-stopping] Epoch 34: no improvement (5/20)
Epoch 35/200, Batch 100, Aver_Loss: 1843.7892
Epoch 35/200, Batch 200, Aver_Loss: 1898.1074
Epoch 35/200, Batch 300, Aver_Loss: 1880.3578
Epoch 35/200, Batch 400, Aver_Loss: 1835.3865
[early-stopping] Epoch 35: new best val ELBO = -1857.368393
Epoch 36/200, Batch 100, Aver_Loss: 1846.5162
Epoch 36/200, Batch 200, Aver_Loss: 1862.9958
Epoch 36/200, Batch 300, Aver_Loss: 1877.7910
Epoch 36/200, Batch 400, Aver_Loss: 1905.3850
[early-stopping] Epoch 36: no improvement (1/20)
Epoch 37/200, Batch 100, Aver_Loss: 1891.7601
Epoch 37/200, Batch 200, Aver_Loss: 1878.3427
Epoch 37/200, Batch 300, Aver_Loss: 1874.0609
Epoch 37/200, Batch 400, Aver_Loss: 1848.8652
[early-stopping] Epoch 37: no improvement (2/20)
Epoch 38/200, Batch 100, Aver_Loss: 1851.3217
Epoch 38/200, Batch 200, Aver_Loss: 1871.3818
Epoch 38/200, Batch 300, Aver_Loss: 1850.6326
Epoch 38/200, Batch 400, Aver_Loss: 1864.3647
[early-stopping] Epoch 38: new best val ELBO = -1856.819186
Epoch 39/200, Batch 100, Aver_Loss: 1812.1183
Epoch 39/200, Batch 200, Aver_Loss: 1897.5299
Epoch 39/200, Batch 300, Aver_Loss: 1866.3889
Epoch 39/200, Batch 400, Aver_Loss: 1908.0303
[early-stopping] Epoch 39: new best val ELBO = -1856.761454
Epoch 40/200, Batch 100, Aver_Loss: 1816.2760
Epoch 40/200, Batch 200, Aver_Loss: 1883.4388
Epoch 40/200, Batch 300, Aver_Loss: 1878.7302
Epoch 40/200, Batch 400, Aver_Loss: 1867.5660
[early-stopping] Epoch 40: no improvement (1/20)
Epoch 41/200, Batch 100, Aver_Loss: 1837.3518
Epoch 41/200, Batch 200, Aver_Loss: 1855.9633
Epoch 41/200, Batch 300, Aver_Loss: 1879.7048
Epoch 41/200, Batch 400, Aver_Loss: 1796.5499
[early-stopping] Epoch 41: no improvement (2/20)
Epoch 42/200, Batch 100, Aver_Loss: 1863.9829
Epoch 42/200, Batch 200, Aver_Loss: 1863.5922
Epoch 42/200, Batch 300, Aver_Loss: 1862.9504
Epoch 42/200, Batch 400, Aver_Loss: 1864.4542
[early-stopping] Epoch 42: no improvement (3/20)
Epoch 43/200, Batch 100, Aver_Loss: 1829.1901
Epoch 43/200, Batch 200, Aver_Loss: 1848.7834
Epoch 43/200, Batch 300, Aver_Loss: 1840.3623
Epoch 43/200, Batch 400, Aver_Loss: 1833.4724
[early-stopping] Epoch 43: no improvement (4/20)
Epoch 44/200, Batch 100, Aver_Loss: 1831.0502
Epoch 44/200, Batch 200, Aver_Loss: 1880.0413
Epoch 44/200, Batch 300, Aver_Loss: 1857.2417
Epoch 44/200, Batch 400, Aver_Loss: 1822.8452
[early-stopping] Epoch 44: no improvement (5/20)
Epoch 45/200, Batch 100, Aver_Loss: 1848.3160
Epoch 45/200, Batch 200, Aver_Loss: 1865.6146
Epoch 45/200, Batch 300, Aver_Loss: 1841.1888
Epoch 45/200, Batch 400, Aver_Loss: 1849.1830
[early-stopping] Epoch 45: no improvement (6/20)
Epoch 46/200, Batch 100, Aver_Loss: 1827.8940
Epoch 46/200, Batch 200, Aver_Loss: 1855.8145
Epoch 46/200, Batch 300, Aver_Loss: 1870.0643
Epoch 46/200, Batch 400, Aver_Loss: 1879.8137
[early-stopping] Epoch 46: no improvement (7/20)
Epoch 47/200, Batch 100, Aver_Loss: 1857.6429
Epoch 47/200, Batch 200, Aver_Loss: 1865.2888
Epoch 47/200, Batch 300, Aver_Loss: 1811.6471
Epoch 47/200, Batch 400, Aver_Loss: 1886.3387
[early-stopping] Epoch 47: no improvement (8/20)
Epoch 48/200, Batch 100, Aver_Loss: 1822.2150
Epoch 48/200, Batch 200, Aver_Loss: 1834.9095
Epoch 48/200, Batch 300, Aver_Loss: 1845.5464
Epoch 48/200, Batch 400, Aver_Loss: 1857.1814
[early-stopping] Epoch 48: no improvement (9/20)
Epoch 49/200, Batch 100, Aver_Loss: 1848.3978
Epoch 49/200, Batch 200, Aver_Loss: 1872.4087
Epoch 49/200, Batch 300, Aver_Loss: 1885.1676
Epoch 49/200, Batch 400, Aver_Loss: 1844.5862
[early-stopping] Epoch 49: new best val ELBO = -1855.704066
Epoch 50/200, Batch 100, Aver_Loss: 1866.0935
Epoch 50/200, Batch 200, Aver_Loss: 1827.9592
Epoch 50/200, Batch 300, Aver_Loss: 1854.0731
Epoch 50/200, Batch 400, Aver_Loss: 1860.9722
[early-stopping] Epoch 50: no improvement (1/20)
Epoch 51/200, Batch 100, Aver_Loss: 1883.6577
Epoch 51/200, Batch 200, Aver_Loss: 1857.7501
Epoch 51/200, Batch 300, Aver_Loss: 1911.6921
Epoch 51/200, Batch 400, Aver_Loss: 1833.0331
[early-stopping] Epoch 51: no improvement (2/20)
Epoch 52/200, Batch 100, Aver_Loss: 1876.6897
Epoch 52/200, Batch 200, Aver_Loss: 1887.4645
Epoch 52/200, Batch 300, Aver_Loss: 1889.2235
Epoch 52/200, Batch 400, Aver_Loss: 1851.6653
[early-stopping] Epoch 52: no improvement (3/20)
Epoch 53/200, Batch 100, Aver_Loss: 1835.5715
Epoch 53/200, Batch 200, Aver_Loss: 1849.3065
Epoch 53/200, Batch 300, Aver_Loss: 1895.1597
Epoch 53/200, Batch 400, Aver_Loss: 1843.1851
[early-stopping] Epoch 53: no improvement (4/20)
Epoch 54/200, Batch 100, Aver_Loss: 1886.5481
Epoch 54/200, Batch 200, Aver_Loss: 1817.9143
Epoch 54/200, Batch 300, Aver_Loss: 1822.7463
Epoch 54/200, Batch 400, Aver_Loss: 1850.3173
[early-stopping] Epoch 54: no improvement (5/20)
Epoch 55/200, Batch 100, Aver_Loss: 1853.7289
Epoch 55/200, Batch 200, Aver_Loss: 1847.6986
Epoch 55/200, Batch 300, Aver_Loss: 1858.3826
Epoch 55/200, Batch 400, Aver_Loss: 1857.3550
[early-stopping] Epoch 55: no improvement (6/20)
Epoch 56/200, Batch 100, Aver_Loss: 1891.4080
Epoch 56/200, Batch 200, Aver_Loss: 1850.8813
Epoch 56/200, Batch 300, Aver_Loss: 1876.1592
Epoch 56/200, Batch 400, Aver_Loss: 1868.8480
[early-stopping] Epoch 56: no improvement (7/20)
Epoch 57/200, Batch 100, Aver_Loss: 1843.3317
Epoch 57/200, Batch 200, Aver_Loss: 1857.5302
Epoch 57/200, Batch 300, Aver_Loss: 1855.2277
Epoch 57/200, Batch 400, Aver_Loss: 1876.0818
[early-stopping] Epoch 57: no improvement (8/20)
Epoch 58/200, Batch 100, Aver_Loss: 1837.5825
Epoch 58/200, Batch 200, Aver_Loss: 1857.8020
Epoch 58/200, Batch 300, Aver_Loss: 1892.9026
Epoch 58/200, Batch 400, Aver_Loss: 1869.6123
[early-stopping] Epoch 58: no improvement (9/20)
Epoch 59/200, Batch 100, Aver_Loss: 1837.0145
Epoch 59/200, Batch 200, Aver_Loss: 1887.1326
Epoch 59/200, Batch 300, Aver_Loss: 1836.4468
Epoch 59/200, Batch 400, Aver_Loss: 1849.2899
[early-stopping] Epoch 59: no improvement (10/20)
Epoch 60/200, Batch 100, Aver_Loss: 1859.3275
Epoch 60/200, Batch 200, Aver_Loss: 1869.2397
Epoch 60/200, Batch 300, Aver_Loss: 1846.0931
Epoch 60/200, Batch 400, Aver_Loss: 1857.7943
[early-stopping] Epoch 60: no improvement (11/20)
Epoch 61/200, Batch 100, Aver_Loss: 1876.3402
Epoch 61/200, Batch 200, Aver_Loss: 1837.5547
Epoch 61/200, Batch 300, Aver_Loss: 1839.2198
Epoch 61/200, Batch 400, Aver_Loss: 1860.4730
[early-stopping] Epoch 61: no improvement (12/20)
Epoch 62/200, Batch 100, Aver_Loss: 1854.7642
Epoch 62/200, Batch 200, Aver_Loss: 1871.3569
Epoch 62/200, Batch 300, Aver_Loss: 1906.3524
Epoch 62/200, Batch 400, Aver_Loss: 1823.6901
[early-stopping] Epoch 62: no improvement (13/20)
Epoch 63/200, Batch 100, Aver_Loss: 1854.3843
Epoch 63/200, Batch 200, Aver_Loss: 1826.1411
Epoch 63/200, Batch 300, Aver_Loss: 1862.5101
Epoch 63/200, Batch 400, Aver_Loss: 1864.0253
[early-stopping] Epoch 63: no improvement (14/20)
Epoch 64/200, Batch 100, Aver_Loss: 1855.8345
Epoch 64/200, Batch 200, Aver_Loss: 1811.5664
Epoch 64/200, Batch 300, Aver_Loss: 1874.5256
Epoch 64/200, Batch 400, Aver_Loss: 1859.5248
[early-stopping] Epoch 64: no improvement (15/20)
Epoch 65/200, Batch 100, Aver_Loss: 1910.4136
Epoch 65/200, Batch 200, Aver_Loss: 1875.1246
Epoch 65/200, Batch 300, Aver_Loss: 1868.9590
Epoch 65/200, Batch 400, Aver_Loss: 1893.7748
[early-stopping] Epoch 65: new best val ELBO = -1855.568286
Epoch 66/200, Batch 100, Aver_Loss: 1870.4663
Epoch 66/200, Batch 200, Aver_Loss: 1870.0844
Epoch 66/200, Batch 300, Aver_Loss: 1816.6261
Epoch 66/200, Batch 400, Aver_Loss: 1883.7687
[early-stopping] Epoch 66: no improvement (1/20)
Epoch 67/200, Batch 100, Aver_Loss: 1899.8043
Epoch 67/200, Batch 200, Aver_Loss: 1863.5408
Epoch 67/200, Batch 300, Aver_Loss: 1850.3428
Epoch 67/200, Batch 400, Aver_Loss: 1865.3549
[early-stopping] Epoch 67: no improvement (2/20)
Epoch 68/200, Batch 100, Aver_Loss: 1879.6536
Epoch 68/200, Batch 200, Aver_Loss: 1841.6459
Epoch 68/200, Batch 300, Aver_Loss: 1869.3781
Epoch 68/200, Batch 400, Aver_Loss: 1889.8246
[early-stopping] Epoch 68: no improvement (3/20)
Epoch 69/200, Batch 100, Aver_Loss: 1828.4188
Epoch 69/200, Batch 200, Aver_Loss: 1833.0548
Epoch 69/200, Batch 300, Aver_Loss: 1855.3108
Epoch 69/200, Batch 400, Aver_Loss: 1825.8239
[early-stopping] Epoch 69: no improvement (4/20)
Epoch 70/200, Batch 100, Aver_Loss: 1866.3253
Epoch 70/200, Batch 200, Aver_Loss: 1860.7106
Epoch 70/200, Batch 300, Aver_Loss: 1912.3552
Epoch 70/200, Batch 400, Aver_Loss: 1846.7958
[early-stopping] Epoch 70: no improvement (5/20)
Epoch 71/200, Batch 100, Aver_Loss: 1853.7812
Epoch 71/200, Batch 200, Aver_Loss: 1860.8562
Epoch 71/200, Batch 300, Aver_Loss: 1872.5676
Epoch 71/200, Batch 400, Aver_Loss: 1872.1124
[early-stopping] Epoch 71: no improvement (6/20)
Epoch 72/200, Batch 100, Aver_Loss: 1830.1770
Epoch 72/200, Batch 200, Aver_Loss: 1838.9504
Epoch 72/200, Batch 300, Aver_Loss: 1864.0204
Epoch 72/200, Batch 400, Aver_Loss: 1850.6128
[early-stopping] Epoch 72: no improvement (7/20)
Epoch 73/200, Batch 100, Aver_Loss: 1799.6510
Epoch 73/200, Batch 200, Aver_Loss: 1837.6122
Epoch 73/200, Batch 300, Aver_Loss: 1840.5775
Epoch 73/200, Batch 400, Aver_Loss: 1863.7720
[early-stopping] Epoch 73: no improvement (8/20)
Epoch 74/200, Batch 100, Aver_Loss: 1850.8170
Epoch 74/200, Batch 200, Aver_Loss: 1855.8053
Epoch 74/200, Batch 300, Aver_Loss: 1854.0107
Epoch 74/200, Batch 400, Aver_Loss: 1877.2277
[early-stopping] Epoch 74: no improvement (9/20)
Epoch 75/200, Batch 100, Aver_Loss: 1833.0319
Epoch 75/200, Batch 200, Aver_Loss: 1828.6484
Epoch 75/200, Batch 300, Aver_Loss: 1843.1390
Epoch 75/200, Batch 400, Aver_Loss: 1871.7642
[early-stopping] Epoch 75: no improvement (10/20)
Epoch 76/200, Batch 100, Aver_Loss: 1805.2487
Epoch 76/200, Batch 200, Aver_Loss: 1870.3456
Epoch 76/200, Batch 300, Aver_Loss: 1866.2611
Epoch 76/200, Batch 400, Aver_Loss: 1867.3984
[early-stopping] Epoch 76: new best val ELBO = -1854.467940
Epoch 77/200, Batch 100, Aver_Loss: 1859.1927
Epoch 77/200, Batch 200, Aver_Loss: 1865.8551
Epoch 77/200, Batch 300, Aver_Loss: 1864.0469
Epoch 77/200, Batch 400, Aver_Loss: 1878.0037
[early-stopping] Epoch 77: no improvement (1/20)
Epoch 78/200, Batch 100, Aver_Loss: 1871.1879
Epoch 78/200, Batch 200, Aver_Loss: 1880.6130
Epoch 78/200, Batch 300, Aver_Loss: 1822.0616
Epoch 78/200, Batch 400, Aver_Loss: 1826.3853
[early-stopping] Epoch 78: no improvement (2/20)
Epoch 79/200, Batch 100, Aver_Loss: 1842.5861
Epoch 79/200, Batch 200, Aver_Loss: 1871.5425
Epoch 79/200, Batch 300, Aver_Loss: 1879.9709
Epoch 79/200, Batch 400, Aver_Loss: 1799.6376
[early-stopping] Epoch 79: no improvement (3/20)
Epoch 80/200, Batch 100, Aver_Loss: 1878.3746
Epoch 80/200, Batch 200, Aver_Loss: 1886.7389
Epoch 80/200, Batch 300, Aver_Loss: 1856.0560
Epoch 80/200, Batch 400, Aver_Loss: 1803.7885
[early-stopping] Epoch 80: no improvement (4/20)
Epoch 81/200, Batch 100, Aver_Loss: 1873.1228
Epoch 81/200, Batch 200, Aver_Loss: 1870.9027
Epoch 81/200, Batch 300, Aver_Loss: 1860.8890
Epoch 81/200, Batch 400, Aver_Loss: 1879.1547
[early-stopping] Epoch 81: no improvement (5/20)
Epoch 82/200, Batch 100, Aver_Loss: 1892.6304
Epoch 82/200, Batch 200, Aver_Loss: 1841.7167
Epoch 82/200, Batch 300, Aver_Loss: 1839.4265
Epoch 82/200, Batch 400, Aver_Loss: 1833.5051
[early-stopping] Epoch 82: no improvement (6/20)
Epoch 83/200, Batch 100, Aver_Loss: 1920.7971
Epoch 83/200, Batch 200, Aver_Loss: 1874.2072
Epoch 83/200, Batch 300, Aver_Loss: 1860.7604
Epoch 83/200, Batch 400, Aver_Loss: 1858.5598
[early-stopping] Epoch 83: no improvement (7/20)
Epoch 84/200, Batch 100, Aver_Loss: 1912.8663
Epoch 84/200, Batch 200, Aver_Loss: 1875.5013
Epoch 84/200, Batch 300, Aver_Loss: 1892.4791
Epoch 84/200, Batch 400, Aver_Loss: 1839.5481
[early-stopping] Epoch 84: no improvement (8/20)
Epoch 85/200, Batch 100, Aver_Loss: 1862.5803
Epoch 85/200, Batch 200, Aver_Loss: 1862.3845
Epoch 85/200, Batch 300, Aver_Loss: 1866.5564
Epoch 85/200, Batch 400, Aver_Loss: 1851.6162
[early-stopping] Epoch 85: no improvement (9/20)
Epoch 86/200, Batch 100, Aver_Loss: 1830.9851
Epoch 86/200, Batch 200, Aver_Loss: 1841.0162
Epoch 86/200, Batch 300, Aver_Loss: 1875.1497
Epoch 86/200, Batch 400, Aver_Loss: 1825.1810
[early-stopping] Epoch 86: new best val ELBO = -1854.089350
Epoch 87/200, Batch 100, Aver_Loss: 1830.5536
Epoch 87/200, Batch 200, Aver_Loss: 1848.8850
Epoch 87/200, Batch 300, Aver_Loss: 1832.2054
Epoch 87/200, Batch 400, Aver_Loss: 1825.4828
[early-stopping] Epoch 87: no improvement (1/20)
Epoch 88/200, Batch 100, Aver_Loss: 1853.1057
Epoch 88/200, Batch 200, Aver_Loss: 1888.8964
Epoch 88/200, Batch 300, Aver_Loss: 1863.5651
Epoch 88/200, Batch 400, Aver_Loss: 1883.5070
[early-stopping] Epoch 88: no improvement (2/20)
Epoch 89/200, Batch 100, Aver_Loss: 1854.4464
Epoch 89/200, Batch 200, Aver_Loss: 1880.2567
Epoch 89/200, Batch 300, Aver_Loss: 1849.2485
Epoch 89/200, Batch 400, Aver_Loss: 1821.2958
[early-stopping] Epoch 89: no improvement (3/20)
Epoch 90/200, Batch 100, Aver_Loss: 1880.0767
Epoch 90/200, Batch 200, Aver_Loss: 1860.7565
Epoch 90/200, Batch 300, Aver_Loss: 1878.5973
Epoch 90/200, Batch 400, Aver_Loss: 1870.2720
[early-stopping] Epoch 90: no improvement (4/20)
Epoch 91/200, Batch 100, Aver_Loss: 1859.2434
Epoch 91/200, Batch 200, Aver_Loss: 1891.9148
Epoch 91/200, Batch 300, Aver_Loss: 1881.4253
Epoch 91/200, Batch 400, Aver_Loss: 1847.2117
[early-stopping] Epoch 91: no improvement (5/20)
Epoch 92/200, Batch 100, Aver_Loss: 1850.1447
Epoch 92/200, Batch 200, Aver_Loss: 1808.0951
Epoch 92/200, Batch 300, Aver_Loss: 1873.6699
Epoch 92/200, Batch 400, Aver_Loss: 1903.8298
[early-stopping] Epoch 92: no improvement (6/20)
Epoch 93/200, Batch 100, Aver_Loss: 1901.0189
Epoch 93/200, Batch 200, Aver_Loss: 1849.0583
Epoch 93/200, Batch 300, Aver_Loss: 1883.5483
Epoch 93/200, Batch 400, Aver_Loss: 1835.8619
[early-stopping] Epoch 93: new best val ELBO = -1853.256665
Epoch 94/200, Batch 100, Aver_Loss: 1833.2133
Epoch 94/200, Batch 200, Aver_Loss: 1833.7881
Epoch 94/200, Batch 300, Aver_Loss: 1857.6300
Epoch 94/200, Batch 400, Aver_Loss: 1846.6112
[early-stopping] Epoch 94: no improvement (1/20)
Epoch 95/200, Batch 100, Aver_Loss: 1883.9132
Epoch 95/200, Batch 200, Aver_Loss: 1795.5630
Epoch 95/200, Batch 300, Aver_Loss: 1849.8175
Epoch 95/200, Batch 400, Aver_Loss: 1816.8320
[early-stopping] Epoch 95: no improvement (2/20)
Epoch 96/200, Batch 100, Aver_Loss: 1882.5436
Epoch 96/200, Batch 200, Aver_Loss: 1884.6904
Epoch 96/200, Batch 300, Aver_Loss: 1849.0598
Epoch 96/200, Batch 400, Aver_Loss: 1794.0587
[early-stopping] Epoch 96: no improvement (3/20)
Epoch 97/200, Batch 100, Aver_Loss: 1892.7478
Epoch 97/200, Batch 200, Aver_Loss: 1852.4709
Epoch 97/200, Batch 300, Aver_Loss: 1850.2927
Epoch 97/200, Batch 400, Aver_Loss: 1882.0303
[early-stopping] Epoch 97: no improvement (4/20)
Epoch 98/200, Batch 100, Aver_Loss: 1815.6315
Epoch 98/200, Batch 200, Aver_Loss: 1828.4907
Epoch 98/200, Batch 300, Aver_Loss: 1864.3502
Epoch 98/200, Batch 400, Aver_Loss: 1922.3584
[early-stopping] Epoch 98: no improvement (5/20)
Epoch 99/200, Batch 100, Aver_Loss: 1892.2511
Epoch 99/200, Batch 200, Aver_Loss: 1870.3027
Epoch 99/200, Batch 300, Aver_Loss: 1852.2827
Epoch 99/200, Batch 400, Aver_Loss: 1876.8783
[early-stopping] Epoch 99: no improvement (6/20)
Epoch 100/200, Batch 100, Aver_Loss: 1862.0684
Epoch 100/200, Batch 200, Aver_Loss: 1892.7356
Epoch 100/200, Batch 300, Aver_Loss: 1867.3796
Epoch 100/200, Batch 400, Aver_Loss: 1839.8873
[early-stopping] Epoch 100: no improvement (7/20)
Epoch 101/200, Batch 100, Aver_Loss: 1883.9269
Epoch 101/200, Batch 200, Aver_Loss: 1814.9153
Epoch 101/200, Batch 300, Aver_Loss: 1862.9840
Epoch 101/200, Batch 400, Aver_Loss: 1869.6117
[early-stopping] Epoch 101: no improvement (8/20)
Epoch 102/200, Batch 100, Aver_Loss: 1852.9518
Epoch 102/200, Batch 200, Aver_Loss: 1861.1904
Epoch 102/200, Batch 300, Aver_Loss: 1848.2040
Epoch 102/200, Batch 400, Aver_Loss: 1859.2205
[early-stopping] Epoch 102: no improvement (9/20)
Epoch 103/200, Batch 100, Aver_Loss: 1811.6063
Epoch 103/200, Batch 200, Aver_Loss: 1865.1791
Epoch 103/200, Batch 300, Aver_Loss: 1805.8529
Epoch 103/200, Batch 400, Aver_Loss: 1865.0684
[early-stopping] Epoch 103: no improvement (10/20)
Epoch 104/200, Batch 100, Aver_Loss: 1813.0859
Epoch 104/200, Batch 200, Aver_Loss: 1857.7479
Epoch 104/200, Batch 300, Aver_Loss: 1829.0388
Epoch 104/200, Batch 400, Aver_Loss: 1868.4799
[early-stopping] Epoch 104: no improvement (11/20)
Epoch 105/200, Batch 100, Aver_Loss: 1802.9298
Epoch 105/200, Batch 200, Aver_Loss: 1853.2402
Epoch 105/200, Batch 300, Aver_Loss: 1848.8091
Epoch 105/200, Batch 400, Aver_Loss: 1843.6686
[early-stopping] Epoch 105: no improvement (12/20)
Epoch 106/200, Batch 100, Aver_Loss: 1893.5089
Epoch 106/200, Batch 200, Aver_Loss: 1839.3752
Epoch 106/200, Batch 300, Aver_Loss: 1886.8773
Epoch 106/200, Batch 400, Aver_Loss: 1851.7429
[early-stopping] Epoch 106: no improvement (13/20)
Epoch 107/200, Batch 100, Aver_Loss: 1888.4640
Epoch 107/200, Batch 200, Aver_Loss: 1863.1005
Epoch 107/200, Batch 300, Aver_Loss: 1841.8549
Epoch 107/200, Batch 400, Aver_Loss: 1806.3176
[early-stopping] Epoch 107: no improvement (14/20)
Epoch 108/200, Batch 100, Aver_Loss: 1860.2875
Epoch 108/200, Batch 200, Aver_Loss: 1839.5720
Epoch 108/200, Batch 300, Aver_Loss: 1861.8120
Epoch 108/200, Batch 400, Aver_Loss: 1864.4147
[early-stopping] Epoch 108: no improvement (15/20)
Epoch 109/200, Batch 100, Aver_Loss: 1879.2806
Epoch 109/200, Batch 200, Aver_Loss: 1869.8645
Epoch 109/200, Batch 300, Aver_Loss: 1852.1255
Epoch 109/200, Batch 400, Aver_Loss: 1849.6805
[early-stopping] Epoch 109: no improvement (16/20)
Epoch 110/200, Batch 100, Aver_Loss: 1854.7732
Epoch 110/200, Batch 200, Aver_Loss: 1835.5297
Epoch 110/200, Batch 300, Aver_Loss: 1868.9847
Epoch 110/200, Batch 400, Aver_Loss: 1902.4681
[early-stopping] Epoch 110: no improvement (17/20)
Epoch 111/200, Batch 100, Aver_Loss: 1828.0619
Epoch 111/200, Batch 200, Aver_Loss: 1855.5392
Epoch 111/200, Batch 300, Aver_Loss: 1830.6066
Epoch 111/200, Batch 400, Aver_Loss: 1850.1810
[early-stopping] Epoch 111: no improvement (18/20)
Epoch 112/200, Batch 100, Aver_Loss: 1851.5927
Epoch 112/200, Batch 200, Aver_Loss: 1852.1390
Epoch 112/200, Batch 300, Aver_Loss: 1876.8634
Epoch 112/200, Batch 400, Aver_Loss: 1867.2522
[early-stopping] Epoch 112: no improvement (19/20)
Epoch 113/200, Batch 100, Aver_Loss: 1854.3733
Epoch 113/200, Batch 200, Aver_Loss: 1814.7903
Epoch 113/200, Batch 300, Aver_Loss: 1867.0863
Epoch 113/200, Batch 400, Aver_Loss: 1900.1658
[early-stopping] Epoch 113: no improvement (20/20)
[early-stopping] Patience reached. Stopping at epoch 113. Best epoch: 93, best val ELBO: -1853.256665
[early-stopping] Loaded best model from epoch 93 (val ELBO = -1853.256665)
[checkpoint] Saved best model to: trained_parameters/cifar100_zdim4_VAE.pkl
[saved curves] ./results/CIFAR100/curves/cifar100_vae_d4_s777.json

==== Evaluation Summary ====
                 model: vae
   recon/mse_per_pixel: 0.030088
            elbo/train: -1849.313120
             elbo/test: -1853.310273
             mse/train: 0.029541
              mse/test: 0.030088
             probe/acc: 0.077583
             probe/nll: 4.140908
           probe/brier: 0.972416
             probe/ece: 0.019354
           cluster/nmi: 0.207502
           cluster/ari: 0.019181
============================

