/usr/bin/which: no fi_info in (/arf/home/meyavuz/.local/bin:/arf/sw/comp/python/intelpython3/condabin:/arf/sw/comp/python/intelpython3/bin:/usr/share/Modules/bin:/usr/local/bin:/usr/bin:/usr/local/sbin:/usr/sbin)
Extension for Scikit-learn* enabled (https://github.com/uxlfoundation/scikit-learn-intelex)
/arf/home/meyavuz/.conda/envs/sbn/lib/python3.9/site-packages/sklearn/linear_model/_logistic.py:1247: FutureWarning: 'multi_class' was deprecated in version 1.5 and will be removed in 1.7. From then on, it will always use 'multinomial'. Leave it to its default value to avoid this warning.
  warnings.warn(
Epoch 1/200, Batch 100, Aver_Loss: 2046.7428
Epoch 1/200, Batch 200, Aver_Loss: 1976.0228
Epoch 1/200, Batch 300, Aver_Loss: 1937.7909
Epoch 1/200, Batch 400, Aver_Loss: 1957.3339
[early-stopping] Epoch 1: new best val ELBO = -1974.932002
Epoch 2/200, Batch 100, Aver_Loss: 1961.5035
Epoch 2/200, Batch 200, Aver_Loss: 1973.9998
Epoch 2/200, Batch 300, Aver_Loss: 1961.8889
Epoch 2/200, Batch 400, Aver_Loss: 1928.1971
[early-stopping] Epoch 2: new best val ELBO = -1972.180874
Epoch 3/200, Batch 100, Aver_Loss: 1994.7863
Epoch 3/200, Batch 200, Aver_Loss: 1949.8451
Epoch 3/200, Batch 300, Aver_Loss: 1986.1471
Epoch 3/200, Batch 400, Aver_Loss: 1976.3679
[early-stopping] Epoch 3: new best val ELBO = -1969.325699
Epoch 4/200, Batch 100, Aver_Loss: 1977.0994
Epoch 4/200, Batch 200, Aver_Loss: 1967.4900
Epoch 4/200, Batch 300, Aver_Loss: 1994.7280
Epoch 4/200, Batch 400, Aver_Loss: 1926.9386
[early-stopping] Epoch 4: new best val ELBO = -1964.651162
Epoch 5/200, Batch 100, Aver_Loss: 1984.6986
Epoch 5/200, Batch 200, Aver_Loss: 1955.9495
Epoch 5/200, Batch 300, Aver_Loss: 1965.8197
Epoch 5/200, Batch 400, Aver_Loss: 1939.4780
[early-stopping] Epoch 5: new best val ELBO = -1962.633826
Epoch 6/200, Batch 100, Aver_Loss: 1922.4650
Epoch 6/200, Batch 200, Aver_Loss: 1972.3187
Epoch 6/200, Batch 300, Aver_Loss: 1940.5028
Epoch 6/200, Batch 400, Aver_Loss: 1926.1638
[early-stopping] Epoch 6: new best val ELBO = -1960.870879
Epoch 7/200, Batch 100, Aver_Loss: 1975.5619
Epoch 7/200, Batch 200, Aver_Loss: 1965.7150
Epoch 7/200, Batch 300, Aver_Loss: 1917.8037
Epoch 7/200, Batch 400, Aver_Loss: 1999.7782
[early-stopping] Epoch 7: no improvement (1/20)
Epoch 8/200, Batch 100, Aver_Loss: 1938.7280
Epoch 8/200, Batch 200, Aver_Loss: 1927.4143
Epoch 8/200, Batch 300, Aver_Loss: 1959.0312
Epoch 8/200, Batch 400, Aver_Loss: 1983.2556
[early-stopping] Epoch 8: no improvement (2/20)
Epoch 9/200, Batch 100, Aver_Loss: 1975.0918
Epoch 9/200, Batch 200, Aver_Loss: 1949.0632
Epoch 9/200, Batch 300, Aver_Loss: 1966.8077
Epoch 9/200, Batch 400, Aver_Loss: 2011.3433
[early-stopping] Epoch 9: new best val ELBO = -1959.742590
Epoch 10/200, Batch 100, Aver_Loss: 1967.3763
Epoch 10/200, Batch 200, Aver_Loss: 2005.3329
Epoch 10/200, Batch 300, Aver_Loss: 1994.8893
Epoch 10/200, Batch 400, Aver_Loss: 2017.6526
[early-stopping] Epoch 10: no improvement (1/20)
Epoch 11/200, Batch 100, Aver_Loss: 1986.9589
Epoch 11/200, Batch 200, Aver_Loss: 2004.5024
Epoch 11/200, Batch 300, Aver_Loss: 2015.9923
Epoch 11/200, Batch 400, Aver_Loss: 2004.6793
[early-stopping] Epoch 11: no improvement (2/20)
Epoch 12/200, Batch 100, Aver_Loss: 1965.6873
Epoch 12/200, Batch 200, Aver_Loss: 1979.0723
Epoch 12/200, Batch 300, Aver_Loss: 1969.2791
Epoch 12/200, Batch 400, Aver_Loss: 2029.2993
[early-stopping] Epoch 12: no improvement (3/20)
Epoch 13/200, Batch 100, Aver_Loss: 1964.5530
Epoch 13/200, Batch 200, Aver_Loss: 1984.6240
Epoch 13/200, Batch 300, Aver_Loss: 2001.9657
Epoch 13/200, Batch 400, Aver_Loss: 1984.7981
[early-stopping] Epoch 13: no improvement (4/20)
Epoch 14/200, Batch 100, Aver_Loss: 1960.4711
Epoch 14/200, Batch 200, Aver_Loss: 1982.2936
Epoch 14/200, Batch 300, Aver_Loss: 2016.0898
Epoch 14/200, Batch 400, Aver_Loss: 1967.9316
[early-stopping] Epoch 14: no improvement (5/20)
Epoch 15/200, Batch 100, Aver_Loss: 1976.9756
Epoch 15/200, Batch 200, Aver_Loss: 2060.9353
Epoch 15/200, Batch 300, Aver_Loss: 1951.1910
Epoch 15/200, Batch 400, Aver_Loss: 1963.0225
[early-stopping] Epoch 15: no improvement (6/20)
Epoch 16/200, Batch 100, Aver_Loss: 1989.0809
Epoch 16/200, Batch 200, Aver_Loss: 1948.3080
Epoch 16/200, Batch 300, Aver_Loss: 2002.2554
Epoch 16/200, Batch 400, Aver_Loss: 1975.0365
[early-stopping] Epoch 16: no improvement (7/20)
Epoch 17/200, Batch 100, Aver_Loss: 1936.8450
Epoch 17/200, Batch 200, Aver_Loss: 1967.0101
Epoch 17/200, Batch 300, Aver_Loss: 1968.7643
Epoch 17/200, Batch 400, Aver_Loss: 1968.0355
[early-stopping] Epoch 17: no improvement (8/20)
Epoch 18/200, Batch 100, Aver_Loss: 1978.2601
Epoch 18/200, Batch 200, Aver_Loss: 1953.8517
Epoch 18/200, Batch 300, Aver_Loss: 1983.4695
Epoch 18/200, Batch 400, Aver_Loss: 1962.8795
[early-stopping] Epoch 18: new best val ELBO = -1957.397442
Epoch 19/200, Batch 100, Aver_Loss: 1957.5645
Epoch 19/200, Batch 200, Aver_Loss: 1947.0812
Epoch 19/200, Batch 300, Aver_Loss: 1950.0061
Epoch 19/200, Batch 400, Aver_Loss: 1975.9631
[early-stopping] Epoch 19: no improvement (1/20)
Epoch 20/200, Batch 100, Aver_Loss: 1946.5165
Epoch 20/200, Batch 200, Aver_Loss: 1971.2178
Epoch 20/200, Batch 300, Aver_Loss: 1956.1571
Epoch 20/200, Batch 400, Aver_Loss: 1969.4031
[early-stopping] Epoch 20: new best val ELBO = -1956.807786
Epoch 21/200, Batch 100, Aver_Loss: 1966.3019
Epoch 21/200, Batch 200, Aver_Loss: 1980.4587
Epoch 21/200, Batch 300, Aver_Loss: 1972.7841
Epoch 21/200, Batch 400, Aver_Loss: 1979.7380
[early-stopping] Epoch 21: no improvement (1/20)
Epoch 22/200, Batch 100, Aver_Loss: 1936.5078
Epoch 22/200, Batch 200, Aver_Loss: 1955.5164
Epoch 22/200, Batch 300, Aver_Loss: 1947.2473
Epoch 22/200, Batch 400, Aver_Loss: 1936.3240
[early-stopping] Epoch 22: new best val ELBO = -1954.154738
Epoch 23/200, Batch 100, Aver_Loss: 1975.1604
Epoch 23/200, Batch 200, Aver_Loss: 1956.5980
Epoch 23/200, Batch 300, Aver_Loss: 1971.1927
Epoch 23/200, Batch 400, Aver_Loss: 1959.4609
[early-stopping] Epoch 23: no improvement (1/20)
Epoch 24/200, Batch 100, Aver_Loss: 1974.4187
Epoch 24/200, Batch 200, Aver_Loss: 1943.5308
Epoch 24/200, Batch 300, Aver_Loss: 1964.0128
Epoch 24/200, Batch 400, Aver_Loss: 1959.7487
[early-stopping] Epoch 24: new best val ELBO = -1953.154544
Epoch 25/200, Batch 100, Aver_Loss: 1980.3187
Epoch 25/200, Batch 200, Aver_Loss: 1946.7352
Epoch 25/200, Batch 300, Aver_Loss: 1952.4957
Epoch 25/200, Batch 400, Aver_Loss: 1929.7887
[early-stopping] Epoch 25: new best val ELBO = -1952.250016
Epoch 26/200, Batch 100, Aver_Loss: 1925.9683
Epoch 26/200, Batch 200, Aver_Loss: 1988.8623
Epoch 26/200, Batch 300, Aver_Loss: 1950.3687
Epoch 26/200, Batch 400, Aver_Loss: 1953.5245
[early-stopping] Epoch 26: no improvement (1/20)
Epoch 27/200, Batch 100, Aver_Loss: 1961.8622
Epoch 27/200, Batch 200, Aver_Loss: 1949.2988
Epoch 27/200, Batch 300, Aver_Loss: 1939.1426
Epoch 27/200, Batch 400, Aver_Loss: 1966.9371
[early-stopping] Epoch 27: no improvement (2/20)
Epoch 28/200, Batch 100, Aver_Loss: 1924.8491
Epoch 28/200, Batch 200, Aver_Loss: 1944.0410
Epoch 28/200, Batch 300, Aver_Loss: 1979.6139
Epoch 28/200, Batch 400, Aver_Loss: 1940.1127
[early-stopping] Epoch 28: new best val ELBO = -1951.968218
Epoch 29/200, Batch 100, Aver_Loss: 1971.6354
Epoch 29/200, Batch 200, Aver_Loss: 1938.0988
Epoch 29/200, Batch 300, Aver_Loss: 1971.3339
Epoch 29/200, Batch 400, Aver_Loss: 1972.7200
[early-stopping] Epoch 29: no improvement (1/20)
Epoch 30/200, Batch 100, Aver_Loss: 1926.2412
Epoch 30/200, Batch 200, Aver_Loss: 1914.3240
Epoch 30/200, Batch 300, Aver_Loss: 1974.8049
Epoch 30/200, Batch 400, Aver_Loss: 1964.4902
[early-stopping] Epoch 30: new best val ELBO = -1951.341607
Epoch 31/200, Batch 100, Aver_Loss: 1930.7899
Epoch 31/200, Batch 200, Aver_Loss: 1955.4266
Epoch 31/200, Batch 300, Aver_Loss: 1904.7777
Epoch 31/200, Batch 400, Aver_Loss: 1950.7589
[early-stopping] Epoch 31: no improvement (1/20)
Epoch 32/200, Batch 100, Aver_Loss: 1936.1044
Epoch 32/200, Batch 200, Aver_Loss: 1923.8160
Epoch 32/200, Batch 300, Aver_Loss: 1942.9941
Epoch 32/200, Batch 400, Aver_Loss: 1933.3092
[early-stopping] Epoch 32: no improvement (2/20)
Epoch 33/200, Batch 100, Aver_Loss: 1950.7435
Epoch 33/200, Batch 200, Aver_Loss: 1939.5184
Epoch 33/200, Batch 300, Aver_Loss: 1967.3893
Epoch 33/200, Batch 400, Aver_Loss: 1982.4673
[early-stopping] Epoch 33: new best val ELBO = -1949.682667
Epoch 34/200, Batch 100, Aver_Loss: 1973.3763
Epoch 34/200, Batch 200, Aver_Loss: 1957.9486
Epoch 34/200, Batch 300, Aver_Loss: 1971.1893
Epoch 34/200, Batch 400, Aver_Loss: 1961.9760
[early-stopping] Epoch 34: no improvement (1/20)
Epoch 35/200, Batch 100, Aver_Loss: 1943.8594
Epoch 35/200, Batch 200, Aver_Loss: 1953.0007
Epoch 35/200, Batch 300, Aver_Loss: 1984.0248
Epoch 35/200, Batch 400, Aver_Loss: 1952.7478
[early-stopping] Epoch 35: no improvement (2/20)
Epoch 36/200, Batch 100, Aver_Loss: 1954.3706
Epoch 36/200, Batch 200, Aver_Loss: 1945.2083
Epoch 36/200, Batch 300, Aver_Loss: 1922.2417
Epoch 36/200, Batch 400, Aver_Loss: 1959.3019
[early-stopping] Epoch 36: no improvement (3/20)
Epoch 37/200, Batch 100, Aver_Loss: 1950.1837
Epoch 37/200, Batch 200, Aver_Loss: 1920.7274
Epoch 37/200, Batch 300, Aver_Loss: 1961.4601
Epoch 37/200, Batch 400, Aver_Loss: 1953.6870
[early-stopping] Epoch 37: no improvement (4/20)
Epoch 38/200, Batch 100, Aver_Loss: 1966.3967
Epoch 38/200, Batch 200, Aver_Loss: 1931.2701
Epoch 38/200, Batch 300, Aver_Loss: 1966.8522
Epoch 38/200, Batch 400, Aver_Loss: 1949.7726
[early-stopping] Epoch 38: no improvement (5/20)
Epoch 39/200, Batch 100, Aver_Loss: 1925.2535
Epoch 39/200, Batch 200, Aver_Loss: 1952.8566
Epoch 39/200, Batch 300, Aver_Loss: 1969.4874
Epoch 39/200, Batch 400, Aver_Loss: 1961.0990
[early-stopping] Epoch 39: no improvement (6/20)
Epoch 40/200, Batch 100, Aver_Loss: 1925.7218
Epoch 40/200, Batch 200, Aver_Loss: 1962.3656
Epoch 40/200, Batch 300, Aver_Loss: 1946.3790
Epoch 40/200, Batch 400, Aver_Loss: 1961.0643
[early-stopping] Epoch 40: no improvement (7/20)
Epoch 41/200, Batch 100, Aver_Loss: 1920.5619
Epoch 41/200, Batch 200, Aver_Loss: 1941.4685
Epoch 41/200, Batch 300, Aver_Loss: 1941.5931
Epoch 41/200, Batch 400, Aver_Loss: 1937.3145
[early-stopping] Epoch 41: no improvement (8/20)
Epoch 42/200, Batch 100, Aver_Loss: 1957.1503
Epoch 42/200, Batch 200, Aver_Loss: 1981.1057
Epoch 42/200, Batch 300, Aver_Loss: 1964.0815
Epoch 42/200, Batch 400, Aver_Loss: 1957.1582
[early-stopping] Epoch 42: no improvement (9/20)
Epoch 43/200, Batch 100, Aver_Loss: 1942.4420
Epoch 43/200, Batch 200, Aver_Loss: 1956.2244
Epoch 43/200, Batch 300, Aver_Loss: 1919.5436
Epoch 43/200, Batch 400, Aver_Loss: 1945.5251
[early-stopping] Epoch 43: no improvement (10/20)
Epoch 44/200, Batch 100, Aver_Loss: 1933.7806
Epoch 44/200, Batch 200, Aver_Loss: 1943.5592
Epoch 44/200, Batch 300, Aver_Loss: 1951.5303
Epoch 44/200, Batch 400, Aver_Loss: 1960.9941
[early-stopping] Epoch 44: new best val ELBO = -1949.397270
Epoch 45/200, Batch 100, Aver_Loss: 1944.6584
Epoch 45/200, Batch 200, Aver_Loss: 1944.5627
Epoch 45/200, Batch 300, Aver_Loss: 1965.1420
Epoch 45/200, Batch 400, Aver_Loss: 1945.3644
[early-stopping] Epoch 45: new best val ELBO = -1948.764492
Epoch 46/200, Batch 100, Aver_Loss: 1970.1337
Epoch 46/200, Batch 200, Aver_Loss: 1940.0345
Epoch 46/200, Batch 300, Aver_Loss: 1945.9008
Epoch 46/200, Batch 400, Aver_Loss: 1967.7635
[early-stopping] Epoch 46: no improvement (1/20)
Epoch 47/200, Batch 100, Aver_Loss: 1949.8015
Epoch 47/200, Batch 200, Aver_Loss: 1933.4082
Epoch 47/200, Batch 300, Aver_Loss: 1895.2986
Epoch 47/200, Batch 400, Aver_Loss: 1983.3395
[early-stopping] Epoch 47: no improvement (2/20)
Epoch 48/200, Batch 100, Aver_Loss: 1972.9901
Epoch 48/200, Batch 200, Aver_Loss: 1983.7362
Epoch 48/200, Batch 300, Aver_Loss: 1945.7437
Epoch 48/200, Batch 400, Aver_Loss: 1935.3940
[early-stopping] Epoch 48: no improvement (3/20)
Epoch 49/200, Batch 100, Aver_Loss: 1939.7216
Epoch 49/200, Batch 200, Aver_Loss: 1962.8461
Epoch 49/200, Batch 300, Aver_Loss: 1957.5892
Epoch 49/200, Batch 400, Aver_Loss: 1960.6515
[early-stopping] Epoch 49: no improvement (4/20)
Epoch 50/200, Batch 100, Aver_Loss: 1949.0057
Epoch 50/200, Batch 200, Aver_Loss: 1927.3049
Epoch 50/200, Batch 300, Aver_Loss: 1958.0120
Epoch 50/200, Batch 400, Aver_Loss: 1967.1144
[early-stopping] Epoch 50: no improvement (5/20)
Epoch 51/200, Batch 100, Aver_Loss: 1944.5118
Epoch 51/200, Batch 200, Aver_Loss: 1962.5966
Epoch 51/200, Batch 300, Aver_Loss: 1963.6134
Epoch 51/200, Batch 400, Aver_Loss: 1934.3752
[early-stopping] Epoch 51: no improvement (6/20)
Epoch 52/200, Batch 100, Aver_Loss: 1965.8569
Epoch 52/200, Batch 200, Aver_Loss: 1943.8633
Epoch 52/200, Batch 300, Aver_Loss: 1955.2118
Epoch 52/200, Batch 400, Aver_Loss: 1965.7015
[early-stopping] Epoch 52: no improvement (7/20)
Epoch 53/200, Batch 100, Aver_Loss: 1941.9216
Epoch 53/200, Batch 200, Aver_Loss: 1941.1343
Epoch 53/200, Batch 300, Aver_Loss: 1943.3895
Epoch 53/200, Batch 400, Aver_Loss: 1937.3730
[early-stopping] Epoch 53: no improvement (8/20)
Epoch 54/200, Batch 100, Aver_Loss: 1987.6012
Epoch 54/200, Batch 200, Aver_Loss: 1924.3245
Epoch 54/200, Batch 300, Aver_Loss: 1954.9945
Epoch 54/200, Batch 400, Aver_Loss: 1979.3240
[early-stopping] Epoch 54: no improvement (9/20)
Epoch 55/200, Batch 100, Aver_Loss: 1949.0503
Epoch 55/200, Batch 200, Aver_Loss: 1941.0065
Epoch 55/200, Batch 300, Aver_Loss: 1955.9409
Epoch 55/200, Batch 400, Aver_Loss: 1929.2629
[early-stopping] Epoch 55: no improvement (10/20)
Epoch 56/200, Batch 100, Aver_Loss: 1957.7256
Epoch 56/200, Batch 200, Aver_Loss: 1975.5048
Epoch 56/200, Batch 300, Aver_Loss: 1979.5413
Epoch 56/200, Batch 400, Aver_Loss: 1938.8499
[early-stopping] Epoch 56: no improvement (11/20)
Epoch 57/200, Batch 100, Aver_Loss: 1969.4062
Epoch 57/200, Batch 200, Aver_Loss: 1931.1765
Epoch 57/200, Batch 300, Aver_Loss: 1940.6342
Epoch 57/200, Batch 400, Aver_Loss: 1963.5681
[early-stopping] Epoch 57: new best val ELBO = -1947.550533
Epoch 58/200, Batch 100, Aver_Loss: 1927.0745
Epoch 58/200, Batch 200, Aver_Loss: 1917.7103
Epoch 58/200, Batch 300, Aver_Loss: 1947.8971
Epoch 58/200, Batch 400, Aver_Loss: 1943.3862
[early-stopping] Epoch 58: no improvement (1/20)
Epoch 59/200, Batch 100, Aver_Loss: 1917.7238
Epoch 59/200, Batch 200, Aver_Loss: 1949.4360
Epoch 59/200, Batch 300, Aver_Loss: 1947.6674
Epoch 59/200, Batch 400, Aver_Loss: 1939.4075
[early-stopping] Epoch 59: no improvement (2/20)
Epoch 60/200, Batch 100, Aver_Loss: 1961.2676
Epoch 60/200, Batch 200, Aver_Loss: 1949.6608
Epoch 60/200, Batch 300, Aver_Loss: 1952.2162
Epoch 60/200, Batch 400, Aver_Loss: 1933.9550
[early-stopping] Epoch 60: no improvement (3/20)
Epoch 61/200, Batch 100, Aver_Loss: 1979.9700
Epoch 61/200, Batch 200, Aver_Loss: 1945.3223
Epoch 61/200, Batch 300, Aver_Loss: 1942.9902
Epoch 61/200, Batch 400, Aver_Loss: 1951.1698
[early-stopping] Epoch 61: no improvement (4/20)
Epoch 62/200, Batch 100, Aver_Loss: 1929.6804
Epoch 62/200, Batch 200, Aver_Loss: 1967.2836
Epoch 62/200, Batch 300, Aver_Loss: 1978.8984
Epoch 62/200, Batch 400, Aver_Loss: 1955.5078
[early-stopping] Epoch 62: no improvement (5/20)
Epoch 63/200, Batch 100, Aver_Loss: 1954.2885
Epoch 63/200, Batch 200, Aver_Loss: 1939.4967
Epoch 63/200, Batch 300, Aver_Loss: 1935.6798
Epoch 63/200, Batch 400, Aver_Loss: 1980.3868
[early-stopping] Epoch 63: no improvement (6/20)
Epoch 64/200, Batch 100, Aver_Loss: 1972.1599
Epoch 64/200, Batch 200, Aver_Loss: 1961.6993
Epoch 64/200, Batch 300, Aver_Loss: 1962.0151
Epoch 64/200, Batch 400, Aver_Loss: 1972.2999
[early-stopping] Epoch 64: no improvement (7/20)
Epoch 65/200, Batch 100, Aver_Loss: 1974.9330
Epoch 65/200, Batch 200, Aver_Loss: 1953.5924
Epoch 65/200, Batch 300, Aver_Loss: 1937.8949
Epoch 65/200, Batch 400, Aver_Loss: 1946.4264
[early-stopping] Epoch 65: no improvement (8/20)
Epoch 66/200, Batch 100, Aver_Loss: 1967.5046
Epoch 66/200, Batch 200, Aver_Loss: 1962.3588
Epoch 66/200, Batch 300, Aver_Loss: 1945.7955
Epoch 66/200, Batch 400, Aver_Loss: 1964.2637
[early-stopping] Epoch 66: no improvement (9/20)
Epoch 67/200, Batch 100, Aver_Loss: 1949.9869
Epoch 67/200, Batch 200, Aver_Loss: 1975.8666
Epoch 67/200, Batch 300, Aver_Loss: 1980.8226
Epoch 67/200, Batch 400, Aver_Loss: 1948.7587
[early-stopping] Epoch 67: new best val ELBO = -1946.774990
Epoch 68/200, Batch 100, Aver_Loss: 1971.4429
Epoch 68/200, Batch 200, Aver_Loss: 1955.5651
Epoch 68/200, Batch 300, Aver_Loss: 1968.2107
Epoch 68/200, Batch 400, Aver_Loss: 1960.8357
[early-stopping] Epoch 68: no improvement (1/20)
Epoch 69/200, Batch 100, Aver_Loss: 1947.1437
Epoch 69/200, Batch 200, Aver_Loss: 1940.3097
Epoch 69/200, Batch 300, Aver_Loss: 1953.0425
Epoch 69/200, Batch 400, Aver_Loss: 1937.8993
[early-stopping] Epoch 69: no improvement (2/20)
Epoch 70/200, Batch 100, Aver_Loss: 1910.7207
Epoch 70/200, Batch 200, Aver_Loss: 1977.9557
Epoch 70/200, Batch 300, Aver_Loss: 1928.8339
Epoch 70/200, Batch 400, Aver_Loss: 1941.8468
[early-stopping] Epoch 70: no improvement (3/20)
Epoch 71/200, Batch 100, Aver_Loss: 1930.3055
Epoch 71/200, Batch 200, Aver_Loss: 1931.4587
Epoch 71/200, Batch 300, Aver_Loss: 1956.0045
Epoch 71/200, Batch 400, Aver_Loss: 1944.6223
[early-stopping] Epoch 71: no improvement (4/20)
Epoch 72/200, Batch 100, Aver_Loss: 1928.9584
Epoch 72/200, Batch 200, Aver_Loss: 1937.8373
Epoch 72/200, Batch 300, Aver_Loss: 1971.6464
Epoch 72/200, Batch 400, Aver_Loss: 1945.4058
[early-stopping] Epoch 72: no improvement (5/20)
Epoch 73/200, Batch 100, Aver_Loss: 1927.8304
Epoch 73/200, Batch 200, Aver_Loss: 1990.2980
Epoch 73/200, Batch 300, Aver_Loss: 1954.5089
Epoch 73/200, Batch 400, Aver_Loss: 1948.0636
[early-stopping] Epoch 73: no improvement (6/20)
Epoch 74/200, Batch 100, Aver_Loss: 1956.5386
Epoch 74/200, Batch 200, Aver_Loss: 1965.2417
Epoch 74/200, Batch 300, Aver_Loss: 1954.8309
Epoch 74/200, Batch 400, Aver_Loss: 1955.0107
[early-stopping] Epoch 74: no improvement (7/20)
Epoch 75/200, Batch 100, Aver_Loss: 1946.3136
Epoch 75/200, Batch 200, Aver_Loss: 1954.7401
Epoch 75/200, Batch 300, Aver_Loss: 1910.0985
Epoch 75/200, Batch 400, Aver_Loss: 1930.2032
[early-stopping] Epoch 75: no improvement (8/20)
Epoch 76/200, Batch 100, Aver_Loss: 1923.3198
Epoch 76/200, Batch 200, Aver_Loss: 1935.7350
Epoch 76/200, Batch 300, Aver_Loss: 1946.1649
Epoch 76/200, Batch 400, Aver_Loss: 1963.3240
[early-stopping] Epoch 76: no improvement (9/20)
Epoch 77/200, Batch 100, Aver_Loss: 1967.3970
Epoch 77/200, Batch 200, Aver_Loss: 1937.1521
Epoch 77/200, Batch 300, Aver_Loss: 1919.8713
Epoch 77/200, Batch 400, Aver_Loss: 1940.3898
[early-stopping] Epoch 77: no improvement (10/20)
Epoch 78/200, Batch 100, Aver_Loss: 1954.0034
Epoch 78/200, Batch 200, Aver_Loss: 1935.2859
Epoch 78/200, Batch 300, Aver_Loss: 1913.9163
Epoch 78/200, Batch 400, Aver_Loss: 1961.1361
[early-stopping] Epoch 78: no improvement (11/20)
Epoch 79/200, Batch 100, Aver_Loss: 1937.5715
Epoch 79/200, Batch 200, Aver_Loss: 1959.0565
Epoch 79/200, Batch 300, Aver_Loss: 1961.0920
Epoch 79/200, Batch 400, Aver_Loss: 1941.9489
[early-stopping] Epoch 79: no improvement (12/20)
Epoch 80/200, Batch 100, Aver_Loss: 1947.7126
Epoch 80/200, Batch 200, Aver_Loss: 1960.5331
Epoch 80/200, Batch 300, Aver_Loss: 1949.1176
Epoch 80/200, Batch 400, Aver_Loss: 1959.9395
[early-stopping] Epoch 80: no improvement (13/20)
Epoch 81/200, Batch 100, Aver_Loss: 1962.9941
Epoch 81/200, Batch 200, Aver_Loss: 1941.3032
Epoch 81/200, Batch 300, Aver_Loss: 1964.2072
Epoch 81/200, Batch 400, Aver_Loss: 1957.0746
[early-stopping] Epoch 81: no improvement (14/20)
Epoch 82/200, Batch 100, Aver_Loss: 1995.2620
Epoch 82/200, Batch 200, Aver_Loss: 1957.9097
Epoch 82/200, Batch 300, Aver_Loss: 1974.5874
Epoch 82/200, Batch 400, Aver_Loss: 1987.5134
[early-stopping] Epoch 82: no improvement (15/20)
Epoch 83/200, Batch 100, Aver_Loss: 1972.2095
Epoch 83/200, Batch 200, Aver_Loss: 1980.7266
Epoch 83/200, Batch 300, Aver_Loss: 1924.0437
Epoch 83/200, Batch 400, Aver_Loss: 1951.3785
[early-stopping] Epoch 83: no improvement (16/20)
Epoch 84/200, Batch 100, Aver_Loss: 1952.4945
Epoch 84/200, Batch 200, Aver_Loss: 1948.0717
Epoch 84/200, Batch 300, Aver_Loss: 1935.3882
Epoch 84/200, Batch 400, Aver_Loss: 1949.4994
[early-stopping] Epoch 84: no improvement (17/20)
Epoch 85/200, Batch 100, Aver_Loss: 1943.4624
Epoch 85/200, Batch 200, Aver_Loss: 1951.8346
Epoch 85/200, Batch 300, Aver_Loss: 1964.6665
Epoch 85/200, Batch 400, Aver_Loss: 1948.6139
[early-stopping] Epoch 85: no improvement (18/20)
Epoch 86/200, Batch 100, Aver_Loss: 1931.2653
Epoch 86/200, Batch 200, Aver_Loss: 1933.6503
Epoch 86/200, Batch 300, Aver_Loss: 1944.0131
Epoch 86/200, Batch 400, Aver_Loss: 1990.2915
[early-stopping] Epoch 86: no improvement (19/20)
Epoch 87/200, Batch 100, Aver_Loss: 1940.0812
Epoch 87/200, Batch 200, Aver_Loss: 1937.5673
Epoch 87/200, Batch 300, Aver_Loss: 1953.1351
Epoch 87/200, Batch 400, Aver_Loss: 1924.1517
[early-stopping] Epoch 87: no improvement (20/20)
[early-stopping] Patience reached. Stopping at epoch 87. Best epoch: 67, best val ELBO: -1946.774990
[early-stopping] Loaded best model from epoch 67 (val ELBO = -1946.774990)
[checkpoint] Saved best model to: trained_parameters/cifar10_zdim2_MVAE.pkl
[saved curves] ./results/CIFAR10/curves/cifar10_mvae_d2_s777.json

==== Evaluation Summary ====
                 model: mvae
   recon/mse_per_pixel: 0.035347
            elbo/train: -1946.212137
             elbo/test: -1946.750203
             mse/train: 0.035121
              mse/test: 0.035347
             probe/acc: 0.219083
             probe/nll: 2.169633
           probe/brier: 0.869816
             probe/ece: 0.039948
           cluster/nmi: 0.076849
           cluster/ari: 0.040629
============================

