/usr/bin/which: no fi_info in (/arf/home/meyavuz/.local/bin:/arf/sw/comp/python/intelpython3/condabin:/arf/sw/comp/python/intelpython3/bin:/usr/share/Modules/bin:/usr/local/bin:/usr/bin:/usr/local/sbin:/usr/sbin)
Extension for Scikit-learn* enabled (https://github.com/uxlfoundation/scikit-learn-intelex)
/arf/home/meyavuz/.conda/envs/sbn/lib/python3.9/site-packages/sklearn/linear_model/_logistic.py:1247: FutureWarning: 'multi_class' was deprecated in version 1.5 and will be removed in 1.7. From then on, it will always use 'multinomial'. Leave it to its default value to avoid this warning.
  warnings.warn(
Epoch 1/200, Batch 100, Aver_Loss: 312.8692
Epoch 1/200, Batch 200, Aver_Loss: 287.6830
Epoch 1/200, Batch 300, Aver_Loss: 300.0568
Epoch 1/200, Batch 400, Aver_Loss: 281.8126
Epoch 1/200, Batch 500, Aver_Loss: 284.7751
[early-stopping] Epoch 1: new best val ELBO = -279.528906
Epoch 2/200, Batch 100, Aver_Loss: 273.0060
Epoch 2/200, Batch 200, Aver_Loss: 266.9453
Epoch 2/200, Batch 300, Aver_Loss: 269.3052
Epoch 2/200, Batch 400, Aver_Loss: 271.9670
Epoch 2/200, Batch 500, Aver_Loss: 251.8353
[early-stopping] Epoch 2: new best val ELBO = -264.305108
Epoch 3/200, Batch 100, Aver_Loss: 267.4438
Epoch 3/200, Batch 200, Aver_Loss: 255.5135
Epoch 3/200, Batch 300, Aver_Loss: 254.1477
Epoch 3/200, Batch 400, Aver_Loss: 270.2697
Epoch 3/200, Batch 500, Aver_Loss: 260.2870
[early-stopping] Epoch 3: new best val ELBO = -257.852164
Epoch 4/200, Batch 100, Aver_Loss: 250.9924
Epoch 4/200, Batch 200, Aver_Loss: 249.6251
Epoch 4/200, Batch 300, Aver_Loss: 242.5656
Epoch 4/200, Batch 400, Aver_Loss: 254.1964
Epoch 4/200, Batch 500, Aver_Loss: 257.7607
[early-stopping] Epoch 4: new best val ELBO = -254.501858
Epoch 5/200, Batch 100, Aver_Loss: 248.6180
Epoch 5/200, Batch 200, Aver_Loss: 244.8794
Epoch 5/200, Batch 300, Aver_Loss: 257.3882
Epoch 5/200, Batch 400, Aver_Loss: 249.0280
Epoch 5/200, Batch 500, Aver_Loss: 254.7317
[early-stopping] Epoch 5: new best val ELBO = -251.120478
Epoch 6/200, Batch 100, Aver_Loss: 239.8250
Epoch 6/200, Batch 200, Aver_Loss: 251.3603
Epoch 6/200, Batch 300, Aver_Loss: 259.0368
Epoch 6/200, Batch 400, Aver_Loss: 254.2303
Epoch 6/200, Batch 500, Aver_Loss: 244.8075
[early-stopping] Epoch 6: new best val ELBO = -250.709344
Epoch 7/200, Batch 100, Aver_Loss: 238.5423
Epoch 7/200, Batch 200, Aver_Loss: 244.0956
Epoch 7/200, Batch 300, Aver_Loss: 241.0468
Epoch 7/200, Batch 400, Aver_Loss: 248.0817
Epoch 7/200, Batch 500, Aver_Loss: 232.8575
[early-stopping] Epoch 7: new best val ELBO = -249.150198
Epoch 8/200, Batch 100, Aver_Loss: 250.6650
Epoch 8/200, Batch 200, Aver_Loss: 245.7497
Epoch 8/200, Batch 300, Aver_Loss: 251.5634
Epoch 8/200, Batch 400, Aver_Loss: 239.8582
Epoch 8/200, Batch 500, Aver_Loss: 244.8006
[early-stopping] Epoch 8: new best val ELBO = -247.430913
Epoch 9/200, Batch 100, Aver_Loss: 236.2618
Epoch 9/200, Batch 200, Aver_Loss: 238.3799
Epoch 9/200, Batch 300, Aver_Loss: 252.0587
Epoch 9/200, Batch 400, Aver_Loss: 242.1164
Epoch 9/200, Batch 500, Aver_Loss: 240.6277
[early-stopping] Epoch 9: new best val ELBO = -246.776751
Epoch 10/200, Batch 100, Aver_Loss: 245.9347
Epoch 10/200, Batch 200, Aver_Loss: 251.5246
Epoch 10/200, Batch 300, Aver_Loss: 239.4144
Epoch 10/200, Batch 400, Aver_Loss: 235.4729
Epoch 10/200, Batch 500, Aver_Loss: 244.2987
[early-stopping] Epoch 10: new best val ELBO = -246.058203
Epoch 11/200, Batch 100, Aver_Loss: 240.0241
Epoch 11/200, Batch 200, Aver_Loss: 240.4739
Epoch 11/200, Batch 300, Aver_Loss: 237.2984
Epoch 11/200, Batch 400, Aver_Loss: 239.5320
Epoch 11/200, Batch 500, Aver_Loss: 250.7551
[early-stopping] Epoch 11: new best val ELBO = -245.676992
Epoch 12/200, Batch 100, Aver_Loss: 246.3100
Epoch 12/200, Batch 200, Aver_Loss: 248.4383
Epoch 12/200, Batch 300, Aver_Loss: 233.7517
Epoch 12/200, Batch 400, Aver_Loss: 243.5558
Epoch 12/200, Batch 500, Aver_Loss: 253.4225
[early-stopping] Epoch 12: new best val ELBO = -244.905118
Epoch 13/200, Batch 100, Aver_Loss: 246.7036
Epoch 13/200, Batch 200, Aver_Loss: 230.8215
Epoch 13/200, Batch 300, Aver_Loss: 270.4915
Epoch 13/200, Batch 400, Aver_Loss: 241.2414
Epoch 13/200, Batch 500, Aver_Loss: 254.6810
[early-stopping] Epoch 13: no improvement (1/20)
Epoch 14/200, Batch 100, Aver_Loss: 238.4287
Epoch 14/200, Batch 200, Aver_Loss: 239.4125
Epoch 14/200, Batch 300, Aver_Loss: 230.3800
Epoch 14/200, Batch 400, Aver_Loss: 248.8633
Epoch 14/200, Batch 500, Aver_Loss: 239.8911
[early-stopping] Epoch 14: new best val ELBO = -244.375199
Epoch 15/200, Batch 100, Aver_Loss: 245.1513
Epoch 15/200, Batch 200, Aver_Loss: 244.7425
Epoch 15/200, Batch 300, Aver_Loss: 238.9640
Epoch 15/200, Batch 400, Aver_Loss: 241.7377
Epoch 15/200, Batch 500, Aver_Loss: 254.7866
[early-stopping] Epoch 15: new best val ELBO = -244.244529
Epoch 16/200, Batch 100, Aver_Loss: 251.6267
Epoch 16/200, Batch 200, Aver_Loss: 238.5962
Epoch 16/200, Batch 300, Aver_Loss: 249.1098
Epoch 16/200, Batch 400, Aver_Loss: 251.0892
Epoch 16/200, Batch 500, Aver_Loss: 228.4722
[early-stopping] Epoch 16: no improvement (1/20)
Epoch 17/200, Batch 100, Aver_Loss: 243.4912
Epoch 17/200, Batch 200, Aver_Loss: 249.6234
Epoch 17/200, Batch 300, Aver_Loss: 249.0739
Epoch 17/200, Batch 400, Aver_Loss: 235.5044
Epoch 17/200, Batch 500, Aver_Loss: 237.2292
[early-stopping] Epoch 17: new best val ELBO = -243.956701
Epoch 18/200, Batch 100, Aver_Loss: 239.2583
Epoch 18/200, Batch 200, Aver_Loss: 238.9612
Epoch 18/200, Batch 300, Aver_Loss: 236.3734
Epoch 18/200, Batch 400, Aver_Loss: 245.3962
Epoch 18/200, Batch 500, Aver_Loss: 245.0089
[early-stopping] Epoch 18: new best val ELBO = -243.748043
Epoch 19/200, Batch 100, Aver_Loss: 227.9405
Epoch 19/200, Batch 200, Aver_Loss: 239.4371
Epoch 19/200, Batch 300, Aver_Loss: 251.4994
Epoch 19/200, Batch 400, Aver_Loss: 238.2509
Epoch 19/200, Batch 500, Aver_Loss: 229.5099
[early-stopping] Epoch 19: new best val ELBO = -243.263976
Epoch 20/200, Batch 100, Aver_Loss: 257.8364
Epoch 20/200, Batch 200, Aver_Loss: 231.7189
Epoch 20/200, Batch 300, Aver_Loss: 249.4735
Epoch 20/200, Batch 400, Aver_Loss: 224.3067
Epoch 20/200, Batch 500, Aver_Loss: 240.2201
[early-stopping] Epoch 20: new best val ELBO = -243.219074
Epoch 21/200, Batch 100, Aver_Loss: 239.3938
Epoch 21/200, Batch 200, Aver_Loss: 251.2592
Epoch 21/200, Batch 300, Aver_Loss: 248.7507
Epoch 21/200, Batch 400, Aver_Loss: 240.5829
Epoch 21/200, Batch 500, Aver_Loss: 260.7838
[early-stopping] Epoch 21: new best val ELBO = -243.057452
Epoch 22/200, Batch 100, Aver_Loss: 245.0694
Epoch 22/200, Batch 200, Aver_Loss: 235.0036
Epoch 22/200, Batch 300, Aver_Loss: 247.6155
Epoch 22/200, Batch 400, Aver_Loss: 237.7654
Epoch 22/200, Batch 500, Aver_Loss: 246.2834
[early-stopping] Epoch 22: no improvement (1/20)
Epoch 23/200, Batch 100, Aver_Loss: 240.3257
Epoch 23/200, Batch 200, Aver_Loss: 236.9598
Epoch 23/200, Batch 300, Aver_Loss: 241.9334
Epoch 23/200, Batch 400, Aver_Loss: 243.0727
Epoch 23/200, Batch 500, Aver_Loss: 238.3583
[early-stopping] Epoch 23: new best val ELBO = -242.867114
Epoch 24/200, Batch 100, Aver_Loss: 252.3521
Epoch 24/200, Batch 200, Aver_Loss: 234.9302
Epoch 24/200, Batch 300, Aver_Loss: 247.7801
Epoch 24/200, Batch 400, Aver_Loss: 251.2430
Epoch 24/200, Batch 500, Aver_Loss: 237.6014
[early-stopping] Epoch 24: no improvement (1/20)
Epoch 25/200, Batch 100, Aver_Loss: 233.9692
Epoch 25/200, Batch 200, Aver_Loss: 248.3079
Epoch 25/200, Batch 300, Aver_Loss: 237.3572
Epoch 25/200, Batch 400, Aver_Loss: 244.4300
Epoch 25/200, Batch 500, Aver_Loss: 256.5291
[early-stopping] Epoch 25: no improvement (2/20)
Epoch 26/200, Batch 100, Aver_Loss: 246.1441
Epoch 26/200, Batch 200, Aver_Loss: 245.6099
Epoch 26/200, Batch 300, Aver_Loss: 241.8736
Epoch 26/200, Batch 400, Aver_Loss: 250.9892
Epoch 26/200, Batch 500, Aver_Loss: 231.8404
[early-stopping] Epoch 26: new best val ELBO = -242.593648
Epoch 27/200, Batch 100, Aver_Loss: 232.0809
Epoch 27/200, Batch 200, Aver_Loss: 250.0447
Epoch 27/200, Batch 300, Aver_Loss: 249.6214
Epoch 27/200, Batch 400, Aver_Loss: 241.9359
Epoch 27/200, Batch 500, Aver_Loss: 236.5888
[early-stopping] Epoch 27: no improvement (1/20)
Epoch 28/200, Batch 100, Aver_Loss: 248.4681
Epoch 28/200, Batch 200, Aver_Loss: 230.2491
Epoch 28/200, Batch 300, Aver_Loss: 236.3846
Epoch 28/200, Batch 400, Aver_Loss: 246.9636
Epoch 28/200, Batch 500, Aver_Loss: 240.8282
[early-stopping] Epoch 28: new best val ELBO = -242.402664
Epoch 29/200, Batch 100, Aver_Loss: 241.1457
Epoch 29/200, Batch 200, Aver_Loss: 241.5414
Epoch 29/200, Batch 300, Aver_Loss: 242.7514
Epoch 29/200, Batch 400, Aver_Loss: 249.0037
Epoch 29/200, Batch 500, Aver_Loss: 241.9837
[early-stopping] Epoch 29: no improvement (1/20)
Epoch 30/200, Batch 100, Aver_Loss: 235.3087
Epoch 30/200, Batch 200, Aver_Loss: 256.8668
Epoch 30/200, Batch 300, Aver_Loss: 235.6033
Epoch 30/200, Batch 400, Aver_Loss: 241.5877
Epoch 30/200, Batch 500, Aver_Loss: 232.8665
[early-stopping] Epoch 30: no improvement (2/20)
Epoch 31/200, Batch 100, Aver_Loss: 254.1171
Epoch 31/200, Batch 200, Aver_Loss: 251.0126
Epoch 31/200, Batch 300, Aver_Loss: 234.0468
Epoch 31/200, Batch 400, Aver_Loss: 245.0938
Epoch 31/200, Batch 500, Aver_Loss: 244.8059
[early-stopping] Epoch 31: new best val ELBO = -242.099680
Epoch 32/200, Batch 100, Aver_Loss: 241.6596
Epoch 32/200, Batch 200, Aver_Loss: 232.6175
Epoch 32/200, Batch 300, Aver_Loss: 253.1263
Epoch 32/200, Batch 400, Aver_Loss: 247.7835
Epoch 32/200, Batch 500, Aver_Loss: 238.8847
[early-stopping] Epoch 32: no improvement (1/20)
Epoch 33/200, Batch 100, Aver_Loss: 245.1155
Epoch 33/200, Batch 200, Aver_Loss: 248.8157
Epoch 33/200, Batch 300, Aver_Loss: 255.9825
Epoch 33/200, Batch 400, Aver_Loss: 234.0121
Epoch 33/200, Batch 500, Aver_Loss: 231.6365
[early-stopping] Epoch 33: new best val ELBO = -241.977836
Epoch 34/200, Batch 100, Aver_Loss: 241.2046
Epoch 34/200, Batch 200, Aver_Loss: 237.3584
Epoch 34/200, Batch 300, Aver_Loss: 238.7766
Epoch 34/200, Batch 400, Aver_Loss: 235.0014
Epoch 34/200, Batch 500, Aver_Loss: 236.5888
[early-stopping] Epoch 34: no improvement (1/20)
Epoch 35/200, Batch 100, Aver_Loss: 242.8122
Epoch 35/200, Batch 200, Aver_Loss: 233.6171
Epoch 35/200, Batch 300, Aver_Loss: 245.4555
Epoch 35/200, Batch 400, Aver_Loss: 226.9748
Epoch 35/200, Batch 500, Aver_Loss: 245.3583
[early-stopping] Epoch 35: no improvement (2/20)
Epoch 36/200, Batch 100, Aver_Loss: 231.0748
Epoch 36/200, Batch 200, Aver_Loss: 239.1728
Epoch 36/200, Batch 300, Aver_Loss: 239.7734
Epoch 36/200, Batch 400, Aver_Loss: 257.0135
Epoch 36/200, Batch 500, Aver_Loss: 238.5505
[early-stopping] Epoch 36: no improvement (3/20)
Epoch 37/200, Batch 100, Aver_Loss: 243.1209
Epoch 37/200, Batch 200, Aver_Loss: 233.0712
Epoch 37/200, Batch 300, Aver_Loss: 246.9896
Epoch 37/200, Batch 400, Aver_Loss: 228.2385
Epoch 37/200, Batch 500, Aver_Loss: 252.9486
[early-stopping] Epoch 37: no improvement (4/20)
Epoch 38/200, Batch 100, Aver_Loss: 251.6716
Epoch 38/200, Batch 200, Aver_Loss: 234.6933
Epoch 38/200, Batch 300, Aver_Loss: 236.2728
Epoch 38/200, Batch 400, Aver_Loss: 240.1707
Epoch 38/200, Batch 500, Aver_Loss: 238.7595
[early-stopping] Epoch 38: no improvement (5/20)
Epoch 39/200, Batch 100, Aver_Loss: 243.5883
Epoch 39/200, Batch 200, Aver_Loss: 243.6781
Epoch 39/200, Batch 300, Aver_Loss: 237.2864
Epoch 39/200, Batch 400, Aver_Loss: 244.9476
Epoch 39/200, Batch 500, Aver_Loss: 238.5507
[early-stopping] Epoch 39: no improvement (6/20)
Epoch 40/200, Batch 100, Aver_Loss: 244.4852
Epoch 40/200, Batch 200, Aver_Loss: 236.4438
Epoch 40/200, Batch 300, Aver_Loss: 240.7085
Epoch 40/200, Batch 400, Aver_Loss: 240.5707
Epoch 40/200, Batch 500, Aver_Loss: 234.0305
[early-stopping] Epoch 40: new best val ELBO = -241.629693
Epoch 41/200, Batch 100, Aver_Loss: 232.5210
Epoch 41/200, Batch 200, Aver_Loss: 243.1127
Epoch 41/200, Batch 300, Aver_Loss: 248.8143
Epoch 41/200, Batch 400, Aver_Loss: 253.0783
Epoch 41/200, Batch 500, Aver_Loss: 243.0585
[early-stopping] Epoch 41: no improvement (1/20)
Epoch 42/200, Batch 100, Aver_Loss: 241.6653
Epoch 42/200, Batch 200, Aver_Loss: 238.4196
Epoch 42/200, Batch 300, Aver_Loss: 238.5997
Epoch 42/200, Batch 400, Aver_Loss: 243.0789
Epoch 42/200, Batch 500, Aver_Loss: 246.0561
[early-stopping] Epoch 42: no improvement (2/20)
Epoch 43/200, Batch 100, Aver_Loss: 231.8570
Epoch 43/200, Batch 200, Aver_Loss: 231.5352
Epoch 43/200, Batch 300, Aver_Loss: 242.7608
Epoch 43/200, Batch 400, Aver_Loss: 245.3029
Epoch 43/200, Batch 500, Aver_Loss: 252.4983
[early-stopping] Epoch 43: new best val ELBO = -241.356202
Epoch 44/200, Batch 100, Aver_Loss: 253.5274
Epoch 44/200, Batch 200, Aver_Loss: 247.1882
Epoch 44/200, Batch 300, Aver_Loss: 237.4507
Epoch 44/200, Batch 400, Aver_Loss: 226.6144
Epoch 44/200, Batch 500, Aver_Loss: 248.8921
[early-stopping] Epoch 44: no improvement (1/20)
Epoch 45/200, Batch 100, Aver_Loss: 241.0887
Epoch 45/200, Batch 200, Aver_Loss: 226.8197
Epoch 45/200, Batch 300, Aver_Loss: 254.5150
Epoch 45/200, Batch 400, Aver_Loss: 240.6643
Epoch 45/200, Batch 500, Aver_Loss: 235.1394
[early-stopping] Epoch 45: no improvement (2/20)
Epoch 46/200, Batch 100, Aver_Loss: 247.6597
Epoch 46/200, Batch 200, Aver_Loss: 242.7036
Epoch 46/200, Batch 300, Aver_Loss: 245.7635
Epoch 46/200, Batch 400, Aver_Loss: 229.6862
Epoch 46/200, Batch 500, Aver_Loss: 239.0400
[early-stopping] Epoch 46: no improvement (3/20)
Epoch 47/200, Batch 100, Aver_Loss: 234.9415
Epoch 47/200, Batch 200, Aver_Loss: 244.1331
Epoch 47/200, Batch 300, Aver_Loss: 229.6519
Epoch 47/200, Batch 400, Aver_Loss: 236.7655
Epoch 47/200, Batch 500, Aver_Loss: 243.0540
[early-stopping] Epoch 47: no improvement (4/20)
Epoch 48/200, Batch 100, Aver_Loss: 231.1732
Epoch 48/200, Batch 200, Aver_Loss: 246.4910
Epoch 48/200, Batch 300, Aver_Loss: 251.9567
Epoch 48/200, Batch 400, Aver_Loss: 249.5123
Epoch 48/200, Batch 500, Aver_Loss: 229.4541
[early-stopping] Epoch 48: new best val ELBO = -241.271155
Epoch 49/200, Batch 100, Aver_Loss: 241.2213
Epoch 49/200, Batch 200, Aver_Loss: 253.7312
Epoch 49/200, Batch 300, Aver_Loss: 260.8732
Epoch 49/200, Batch 400, Aver_Loss: 230.3368
Epoch 49/200, Batch 500, Aver_Loss: 233.6989
[early-stopping] Epoch 49: no improvement (1/20)
Epoch 50/200, Batch 100, Aver_Loss: 239.4372
Epoch 50/200, Batch 200, Aver_Loss: 246.6026
Epoch 50/200, Batch 300, Aver_Loss: 243.3945
Epoch 50/200, Batch 400, Aver_Loss: 239.3114
Epoch 50/200, Batch 500, Aver_Loss: 249.9098
[early-stopping] Epoch 50: no improvement (2/20)
Epoch 51/200, Batch 100, Aver_Loss: 233.8846
Epoch 51/200, Batch 200, Aver_Loss: 247.5040
Epoch 51/200, Batch 300, Aver_Loss: 226.7713
Epoch 51/200, Batch 400, Aver_Loss: 246.1141
Epoch 51/200, Batch 500, Aver_Loss: 233.4241
[early-stopping] Epoch 51: no improvement (3/20)
Epoch 52/200, Batch 100, Aver_Loss: 245.1511
Epoch 52/200, Batch 200, Aver_Loss: 241.3782
Epoch 52/200, Batch 300, Aver_Loss: 249.5333
Epoch 52/200, Batch 400, Aver_Loss: 249.5459
Epoch 52/200, Batch 500, Aver_Loss: 246.3938
[early-stopping] Epoch 52: no improvement (4/20)
Epoch 53/200, Batch 100, Aver_Loss: 237.1805
Epoch 53/200, Batch 200, Aver_Loss: 233.8398
Epoch 53/200, Batch 300, Aver_Loss: 247.1537
Epoch 53/200, Batch 400, Aver_Loss: 249.9771
Epoch 53/200, Batch 500, Aver_Loss: 240.2809
[early-stopping] Epoch 53: no improvement (5/20)
Epoch 54/200, Batch 100, Aver_Loss: 217.6255
Epoch 54/200, Batch 200, Aver_Loss: 243.2676
Epoch 54/200, Batch 300, Aver_Loss: 239.2645
Epoch 54/200, Batch 400, Aver_Loss: 249.6983
Epoch 54/200, Batch 500, Aver_Loss: 259.0496
[early-stopping] Epoch 54: no improvement (6/20)
Epoch 55/200, Batch 100, Aver_Loss: 250.9199
Epoch 55/200, Batch 200, Aver_Loss: 238.5628
Epoch 55/200, Batch 300, Aver_Loss: 246.6175
Epoch 55/200, Batch 400, Aver_Loss: 231.5706
Epoch 55/200, Batch 500, Aver_Loss: 244.1127
[early-stopping] Epoch 55: no improvement (7/20)
Epoch 56/200, Batch 100, Aver_Loss: 252.8267
Epoch 56/200, Batch 200, Aver_Loss: 243.6289
Epoch 56/200, Batch 300, Aver_Loss: 253.1599
Epoch 56/200, Batch 400, Aver_Loss: 227.0719
Epoch 56/200, Batch 500, Aver_Loss: 237.8139
[early-stopping] Epoch 56: new best val ELBO = -241.113336
Epoch 57/200, Batch 100, Aver_Loss: 231.1071
Epoch 57/200, Batch 200, Aver_Loss: 244.9642
Epoch 57/200, Batch 300, Aver_Loss: 249.8462
Epoch 57/200, Batch 400, Aver_Loss: 243.9155
Epoch 57/200, Batch 500, Aver_Loss: 252.2670
[early-stopping] Epoch 57: new best val ELBO = -241.066896
Epoch 58/200, Batch 100, Aver_Loss: 249.2354
Epoch 58/200, Batch 200, Aver_Loss: 243.8198
Epoch 58/200, Batch 300, Aver_Loss: 237.3565
Epoch 58/200, Batch 400, Aver_Loss: 253.0087
Epoch 58/200, Batch 500, Aver_Loss: 255.7322
[early-stopping] Epoch 58: no improvement (1/20)
Epoch 59/200, Batch 100, Aver_Loss: 244.6501
Epoch 59/200, Batch 200, Aver_Loss: 229.4146
Epoch 59/200, Batch 300, Aver_Loss: 240.3851
Epoch 59/200, Batch 400, Aver_Loss: 256.4685
Epoch 59/200, Batch 500, Aver_Loss: 234.9227
[early-stopping] Epoch 59: new best val ELBO = -241.049568
Epoch 60/200, Batch 100, Aver_Loss: 249.3181
Epoch 60/200, Batch 200, Aver_Loss: 240.3593
Epoch 60/200, Batch 300, Aver_Loss: 234.8362
Epoch 60/200, Batch 400, Aver_Loss: 238.4520
Epoch 60/200, Batch 500, Aver_Loss: 253.1357
[early-stopping] Epoch 60: no improvement (1/20)
Epoch 61/200, Batch 100, Aver_Loss: 237.1912
Epoch 61/200, Batch 200, Aver_Loss: 236.0350
Epoch 61/200, Batch 300, Aver_Loss: 239.8659
Epoch 61/200, Batch 400, Aver_Loss: 247.3168
Epoch 61/200, Batch 500, Aver_Loss: 231.5542
[early-stopping] Epoch 61: no improvement (2/20)
Epoch 62/200, Batch 100, Aver_Loss: 242.1447
Epoch 62/200, Batch 200, Aver_Loss: 239.7206
Epoch 62/200, Batch 300, Aver_Loss: 235.7786
Epoch 62/200, Batch 400, Aver_Loss: 233.8001
Epoch 62/200, Batch 500, Aver_Loss: 226.7976
[early-stopping] Epoch 62: no improvement (3/20)
Epoch 63/200, Batch 100, Aver_Loss: 248.8876
Epoch 63/200, Batch 200, Aver_Loss: 242.1246
Epoch 63/200, Batch 300, Aver_Loss: 235.7804
Epoch 63/200, Batch 400, Aver_Loss: 233.0306
Epoch 63/200, Batch 500, Aver_Loss: 256.1700
[early-stopping] Epoch 63: no improvement (4/20)
Epoch 64/200, Batch 100, Aver_Loss: 248.0419
Epoch 64/200, Batch 200, Aver_Loss: 236.4879
Epoch 64/200, Batch 300, Aver_Loss: 248.0926
Epoch 64/200, Batch 400, Aver_Loss: 233.7532
Epoch 64/200, Batch 500, Aver_Loss: 249.3283
[early-stopping] Epoch 64: new best val ELBO = -240.940471
Epoch 65/200, Batch 100, Aver_Loss: 245.6539
Epoch 65/200, Batch 200, Aver_Loss: 245.9895
Epoch 65/200, Batch 300, Aver_Loss: 232.6037
Epoch 65/200, Batch 400, Aver_Loss: 247.2957
Epoch 65/200, Batch 500, Aver_Loss: 237.2140
[early-stopping] Epoch 65: new best val ELBO = -240.914536
Epoch 66/200, Batch 100, Aver_Loss: 242.9270
Epoch 66/200, Batch 200, Aver_Loss: 243.5685
Epoch 66/200, Batch 300, Aver_Loss: 241.6517
Epoch 66/200, Batch 400, Aver_Loss: 241.2474
Epoch 66/200, Batch 500, Aver_Loss: 239.8712
[early-stopping] Epoch 66: no improvement (1/20)
Epoch 67/200, Batch 100, Aver_Loss: 242.1990
Epoch 67/200, Batch 200, Aver_Loss: 239.0053
Epoch 67/200, Batch 300, Aver_Loss: 229.4973
Epoch 67/200, Batch 400, Aver_Loss: 229.2642
Epoch 67/200, Batch 500, Aver_Loss: 243.1456
[early-stopping] Epoch 67: no improvement (2/20)
Epoch 68/200, Batch 100, Aver_Loss: 253.3379
Epoch 68/200, Batch 200, Aver_Loss: 244.7141
Epoch 68/200, Batch 300, Aver_Loss: 252.9953
Epoch 68/200, Batch 400, Aver_Loss: 238.1708
Epoch 68/200, Batch 500, Aver_Loss: 235.1841
[early-stopping] Epoch 68: no improvement (3/20)
Epoch 69/200, Batch 100, Aver_Loss: 252.8411
Epoch 69/200, Batch 200, Aver_Loss: 244.3210
Epoch 69/200, Batch 300, Aver_Loss: 245.1936
Epoch 69/200, Batch 400, Aver_Loss: 237.8138
Epoch 69/200, Batch 500, Aver_Loss: 229.3871
[early-stopping] Epoch 69: no improvement (4/20)
Epoch 70/200, Batch 100, Aver_Loss: 225.7177
Epoch 70/200, Batch 200, Aver_Loss: 232.6127
Epoch 70/200, Batch 300, Aver_Loss: 234.2869
Epoch 70/200, Batch 400, Aver_Loss: 239.5138
Epoch 70/200, Batch 500, Aver_Loss: 229.1631
[early-stopping] Epoch 70: new best val ELBO = -240.777839
Epoch 71/200, Batch 100, Aver_Loss: 238.5845
Epoch 71/200, Batch 200, Aver_Loss: 232.8612
Epoch 71/200, Batch 300, Aver_Loss: 232.3074
Epoch 71/200, Batch 400, Aver_Loss: 241.5057
Epoch 71/200, Batch 500, Aver_Loss: 241.5070
[early-stopping] Epoch 71: no improvement (1/20)
Epoch 72/200, Batch 100, Aver_Loss: 245.9032
Epoch 72/200, Batch 200, Aver_Loss: 238.7058
Epoch 72/200, Batch 300, Aver_Loss: 251.9245
Epoch 72/200, Batch 400, Aver_Loss: 239.7656
Epoch 72/200, Batch 500, Aver_Loss: 248.5747
[early-stopping] Epoch 72: no improvement (2/20)
Epoch 73/200, Batch 100, Aver_Loss: 244.5716
Epoch 73/200, Batch 200, Aver_Loss: 238.8271
Epoch 73/200, Batch 300, Aver_Loss: 240.5159
Epoch 73/200, Batch 400, Aver_Loss: 236.8639
Epoch 73/200, Batch 500, Aver_Loss: 249.2227
[early-stopping] Epoch 73: no improvement (3/20)
Epoch 74/200, Batch 100, Aver_Loss: 242.3426
Epoch 74/200, Batch 200, Aver_Loss: 244.1337
Epoch 74/200, Batch 300, Aver_Loss: 240.7392
Epoch 74/200, Batch 400, Aver_Loss: 245.8959
Epoch 74/200, Batch 500, Aver_Loss: 245.2559
[early-stopping] Epoch 74: no improvement (4/20)
Epoch 75/200, Batch 100, Aver_Loss: 256.6535
Epoch 75/200, Batch 200, Aver_Loss: 240.6249
Epoch 75/200, Batch 300, Aver_Loss: 227.9016
Epoch 75/200, Batch 400, Aver_Loss: 228.4930
Epoch 75/200, Batch 500, Aver_Loss: 242.8025
[early-stopping] Epoch 75: new best val ELBO = -240.720293
Epoch 76/200, Batch 100, Aver_Loss: 238.2465
Epoch 76/200, Batch 200, Aver_Loss: 251.7361
Epoch 76/200, Batch 300, Aver_Loss: 247.4530
Epoch 76/200, Batch 400, Aver_Loss: 236.7020
Epoch 76/200, Batch 500, Aver_Loss: 242.1806
[early-stopping] Epoch 76: new best val ELBO = -240.708688
Epoch 77/200, Batch 100, Aver_Loss: 253.3558
Epoch 77/200, Batch 200, Aver_Loss: 236.0625
Epoch 77/200, Batch 300, Aver_Loss: 243.8855
Epoch 77/200, Batch 400, Aver_Loss: 233.3778
Epoch 77/200, Batch 500, Aver_Loss: 246.8754
[early-stopping] Epoch 77: no improvement (1/20)
Epoch 78/200, Batch 100, Aver_Loss: 241.1849
Epoch 78/200, Batch 200, Aver_Loss: 235.3384
Epoch 78/200, Batch 300, Aver_Loss: 231.6621
Epoch 78/200, Batch 400, Aver_Loss: 245.2079
Epoch 78/200, Batch 500, Aver_Loss: 253.4419
[early-stopping] Epoch 78: no improvement (2/20)
Epoch 79/200, Batch 100, Aver_Loss: 240.6574
Epoch 79/200, Batch 200, Aver_Loss: 238.7198
Epoch 79/200, Batch 300, Aver_Loss: 242.9310
Epoch 79/200, Batch 400, Aver_Loss: 250.8766
Epoch 79/200, Batch 500, Aver_Loss: 233.4767
[early-stopping] Epoch 79: new best val ELBO = -240.631208
Epoch 80/200, Batch 100, Aver_Loss: 238.8280
Epoch 80/200, Batch 200, Aver_Loss: 254.8630
Epoch 80/200, Batch 300, Aver_Loss: 232.2086
Epoch 80/200, Batch 400, Aver_Loss: 245.3087
Epoch 80/200, Batch 500, Aver_Loss: 230.2800
[early-stopping] Epoch 80: no improvement (1/20)
Epoch 81/200, Batch 100, Aver_Loss: 235.0971
Epoch 81/200, Batch 200, Aver_Loss: 245.5183
Epoch 81/200, Batch 300, Aver_Loss: 240.0383
Epoch 81/200, Batch 400, Aver_Loss: 239.1400
Epoch 81/200, Batch 500, Aver_Loss: 247.4617
[early-stopping] Epoch 81: no improvement (2/20)
Epoch 82/200, Batch 100, Aver_Loss: 235.9098
Epoch 82/200, Batch 200, Aver_Loss: 250.4402
Epoch 82/200, Batch 300, Aver_Loss: 231.4006
Epoch 82/200, Batch 400, Aver_Loss: 243.5716
Epoch 82/200, Batch 500, Aver_Loss: 245.9682
[early-stopping] Epoch 82: new best val ELBO = -240.624218
Epoch 83/200, Batch 100, Aver_Loss: 248.9287
Epoch 83/200, Batch 200, Aver_Loss: 241.2978
Epoch 83/200, Batch 300, Aver_Loss: 241.9458
Epoch 83/200, Batch 400, Aver_Loss: 237.2080
Epoch 83/200, Batch 500, Aver_Loss: 248.1509
[early-stopping] Epoch 83: no improvement (1/20)
Epoch 84/200, Batch 100, Aver_Loss: 237.8628
Epoch 84/200, Batch 200, Aver_Loss: 244.3359
Epoch 84/200, Batch 300, Aver_Loss: 242.5993
Epoch 84/200, Batch 400, Aver_Loss: 250.5163
Epoch 84/200, Batch 500, Aver_Loss: 231.1638
[early-stopping] Epoch 84: no improvement (2/20)
Epoch 85/200, Batch 100, Aver_Loss: 238.0272
Epoch 85/200, Batch 200, Aver_Loss: 239.7711
Epoch 85/200, Batch 300, Aver_Loss: 248.1082
Epoch 85/200, Batch 400, Aver_Loss: 238.7824
Epoch 85/200, Batch 500, Aver_Loss: 238.2820
[early-stopping] Epoch 85: no improvement (3/20)
Epoch 86/200, Batch 100, Aver_Loss: 233.5318
Epoch 86/200, Batch 200, Aver_Loss: 257.2205
Epoch 86/200, Batch 300, Aver_Loss: 225.5400
Epoch 86/200, Batch 400, Aver_Loss: 257.8968
Epoch 86/200, Batch 500, Aver_Loss: 236.5045
[early-stopping] Epoch 86: new best val ELBO = -240.598760
Epoch 87/200, Batch 100, Aver_Loss: 234.9587
Epoch 87/200, Batch 200, Aver_Loss: 232.6197
Epoch 87/200, Batch 300, Aver_Loss: 241.5987
Epoch 87/200, Batch 400, Aver_Loss: 239.8570
Epoch 87/200, Batch 500, Aver_Loss: 245.5808
[early-stopping] Epoch 87: no improvement (1/20)
Epoch 88/200, Batch 100, Aver_Loss: 244.9767
Epoch 88/200, Batch 200, Aver_Loss: 229.5065
Epoch 88/200, Batch 300, Aver_Loss: 244.2837
Epoch 88/200, Batch 400, Aver_Loss: 243.3946
Epoch 88/200, Batch 500, Aver_Loss: 232.2457
[early-stopping] Epoch 88: no improvement (2/20)
Epoch 89/200, Batch 100, Aver_Loss: 246.2767
Epoch 89/200, Batch 200, Aver_Loss: 247.4977
Epoch 89/200, Batch 300, Aver_Loss: 247.6389
Epoch 89/200, Batch 400, Aver_Loss: 235.9207
Epoch 89/200, Batch 500, Aver_Loss: 235.0926
[early-stopping] Epoch 89: no improvement (3/20)
Epoch 90/200, Batch 100, Aver_Loss: 238.4779
Epoch 90/200, Batch 200, Aver_Loss: 250.3820
Epoch 90/200, Batch 300, Aver_Loss: 235.0500
Epoch 90/200, Batch 400, Aver_Loss: 236.6075
Epoch 90/200, Batch 500, Aver_Loss: 238.9567
[early-stopping] Epoch 90: new best val ELBO = -240.535801
Epoch 91/200, Batch 100, Aver_Loss: 240.2477
Epoch 91/200, Batch 200, Aver_Loss: 243.3326
Epoch 91/200, Batch 300, Aver_Loss: 242.7982
Epoch 91/200, Batch 400, Aver_Loss: 239.6167
Epoch 91/200, Batch 500, Aver_Loss: 242.2399
[early-stopping] Epoch 91: no improvement (1/20)
Epoch 92/200, Batch 100, Aver_Loss: 240.1664
Epoch 92/200, Batch 200, Aver_Loss: 248.8090
Epoch 92/200, Batch 300, Aver_Loss: 242.8199
Epoch 92/200, Batch 400, Aver_Loss: 233.0844
Epoch 92/200, Batch 500, Aver_Loss: 232.1493
[early-stopping] Epoch 92: no improvement (2/20)
Epoch 93/200, Batch 100, Aver_Loss: 247.4748
Epoch 93/200, Batch 200, Aver_Loss: 237.3595
Epoch 93/200, Batch 300, Aver_Loss: 242.7201
Epoch 93/200, Batch 400, Aver_Loss: 241.3364
Epoch 93/200, Batch 500, Aver_Loss: 239.1939
[early-stopping] Epoch 93: new best val ELBO = -240.510999
Epoch 94/200, Batch 100, Aver_Loss: 230.0462
Epoch 94/200, Batch 200, Aver_Loss: 229.8568
Epoch 94/200, Batch 300, Aver_Loss: 225.2156
Epoch 94/200, Batch 400, Aver_Loss: 247.7209
Epoch 94/200, Batch 500, Aver_Loss: 228.2213
[early-stopping] Epoch 94: no improvement (1/20)
Epoch 95/200, Batch 100, Aver_Loss: 235.2068
Epoch 95/200, Batch 200, Aver_Loss: 240.0731
Epoch 95/200, Batch 300, Aver_Loss: 226.3270
Epoch 95/200, Batch 400, Aver_Loss: 250.8991
Epoch 95/200, Batch 500, Aver_Loss: 243.9714
[early-stopping] Epoch 95: new best val ELBO = -240.412494
Epoch 96/200, Batch 100, Aver_Loss: 242.3805
Epoch 96/200, Batch 200, Aver_Loss: 244.7465
Epoch 96/200, Batch 300, Aver_Loss: 242.6836
Epoch 96/200, Batch 400, Aver_Loss: 229.4564
Epoch 96/200, Batch 500, Aver_Loss: 240.0761
[early-stopping] Epoch 96: no improvement (1/20)
Epoch 97/200, Batch 100, Aver_Loss: 237.5618
Epoch 97/200, Batch 200, Aver_Loss: 247.4640
Epoch 97/200, Batch 300, Aver_Loss: 238.0176
Epoch 97/200, Batch 400, Aver_Loss: 221.6113
Epoch 97/200, Batch 500, Aver_Loss: 231.7290
[early-stopping] Epoch 97: no improvement (2/20)
Epoch 98/200, Batch 100, Aver_Loss: 240.4532
Epoch 98/200, Batch 200, Aver_Loss: 242.6487
Epoch 98/200, Batch 300, Aver_Loss: 229.6677
Epoch 98/200, Batch 400, Aver_Loss: 232.7201
Epoch 98/200, Batch 500, Aver_Loss: 250.4227
[early-stopping] Epoch 98: no improvement (3/20)
Epoch 99/200, Batch 100, Aver_Loss: 249.3298
Epoch 99/200, Batch 200, Aver_Loss: 233.5977
Epoch 99/200, Batch 300, Aver_Loss: 248.8956
Epoch 99/200, Batch 400, Aver_Loss: 238.3211
Epoch 99/200, Batch 500, Aver_Loss: 243.9754
[early-stopping] Epoch 99: no improvement (4/20)
Epoch 100/200, Batch 100, Aver_Loss: 237.5093
Epoch 100/200, Batch 200, Aver_Loss: 245.1780
Epoch 100/200, Batch 300, Aver_Loss: 238.4323
Epoch 100/200, Batch 400, Aver_Loss: 225.8239
Epoch 100/200, Batch 500, Aver_Loss: 219.6443
[early-stopping] Epoch 100: new best val ELBO = -240.289942
Epoch 101/200, Batch 100, Aver_Loss: 228.4403
Epoch 101/200, Batch 200, Aver_Loss: 239.9498
Epoch 101/200, Batch 300, Aver_Loss: 238.8165
Epoch 101/200, Batch 400, Aver_Loss: 241.0774
Epoch 101/200, Batch 500, Aver_Loss: 249.6345
[early-stopping] Epoch 101: no improvement (1/20)
Epoch 102/200, Batch 100, Aver_Loss: 241.7327
Epoch 102/200, Batch 200, Aver_Loss: 241.6044
Epoch 102/200, Batch 300, Aver_Loss: 224.1124
Epoch 102/200, Batch 400, Aver_Loss: 229.8975
Epoch 102/200, Batch 500, Aver_Loss: 233.7333
[early-stopping] Epoch 102: no improvement (2/20)
Epoch 103/200, Batch 100, Aver_Loss: 246.4256
Epoch 103/200, Batch 200, Aver_Loss: 239.9625
Epoch 103/200, Batch 300, Aver_Loss: 245.1528
Epoch 103/200, Batch 400, Aver_Loss: 233.6374
Epoch 103/200, Batch 500, Aver_Loss: 223.6409
[early-stopping] Epoch 103: no improvement (3/20)
Epoch 104/200, Batch 100, Aver_Loss: 235.7337
Epoch 104/200, Batch 200, Aver_Loss: 239.0843
Epoch 104/200, Batch 300, Aver_Loss: 235.8126
Epoch 104/200, Batch 400, Aver_Loss: 240.2921
Epoch 104/200, Batch 500, Aver_Loss: 238.9548
[early-stopping] Epoch 104: no improvement (4/20)
Epoch 105/200, Batch 100, Aver_Loss: 238.0219
Epoch 105/200, Batch 200, Aver_Loss: 246.9897
Epoch 105/200, Batch 300, Aver_Loss: 239.1240
Epoch 105/200, Batch 400, Aver_Loss: 243.7127
Epoch 105/200, Batch 500, Aver_Loss: 233.8911
[early-stopping] Epoch 105: no improvement (5/20)
Epoch 106/200, Batch 100, Aver_Loss: 237.3405
Epoch 106/200, Batch 200, Aver_Loss: 239.3061
Epoch 106/200, Batch 300, Aver_Loss: 243.4167
Epoch 106/200, Batch 400, Aver_Loss: 261.3534
Epoch 106/200, Batch 500, Aver_Loss: 232.3020
[early-stopping] Epoch 106: no improvement (6/20)
Epoch 107/200, Batch 100, Aver_Loss: 238.5795
Epoch 107/200, Batch 200, Aver_Loss: 238.0602
Epoch 107/200, Batch 300, Aver_Loss: 231.3122
Epoch 107/200, Batch 400, Aver_Loss: 233.9279
Epoch 107/200, Batch 500, Aver_Loss: 237.2148
[early-stopping] Epoch 107: no improvement (7/20)
Epoch 108/200, Batch 100, Aver_Loss: 230.3253
Epoch 108/200, Batch 200, Aver_Loss: 228.4179
Epoch 108/200, Batch 300, Aver_Loss: 232.5771
Epoch 108/200, Batch 400, Aver_Loss: 248.1417
Epoch 108/200, Batch 500, Aver_Loss: 244.3078
[early-stopping] Epoch 108: no improvement (8/20)
Epoch 109/200, Batch 100, Aver_Loss: 234.5303
Epoch 109/200, Batch 200, Aver_Loss: 245.0789
Epoch 109/200, Batch 300, Aver_Loss: 254.1601
Epoch 109/200, Batch 400, Aver_Loss: 235.3235
Epoch 109/200, Batch 500, Aver_Loss: 228.4293
[early-stopping] Epoch 109: no improvement (9/20)
Epoch 110/200, Batch 100, Aver_Loss: 232.3615
Epoch 110/200, Batch 200, Aver_Loss: 252.6955
Epoch 110/200, Batch 300, Aver_Loss: 241.1676
Epoch 110/200, Batch 400, Aver_Loss: 241.2198
Epoch 110/200, Batch 500, Aver_Loss: 239.2086
[early-stopping] Epoch 110: no improvement (10/20)
Epoch 111/200, Batch 100, Aver_Loss: 245.5327
Epoch 111/200, Batch 200, Aver_Loss: 232.2631
Epoch 111/200, Batch 300, Aver_Loss: 237.4498
Epoch 111/200, Batch 400, Aver_Loss: 251.9698
Epoch 111/200, Batch 500, Aver_Loss: 255.8788
[early-stopping] Epoch 111: no improvement (11/20)
Epoch 112/200, Batch 100, Aver_Loss: 249.3162
Epoch 112/200, Batch 200, Aver_Loss: 229.6477
Epoch 112/200, Batch 300, Aver_Loss: 225.7529
Epoch 112/200, Batch 400, Aver_Loss: 234.7369
Epoch 112/200, Batch 500, Aver_Loss: 246.8822
[early-stopping] Epoch 112: no improvement (12/20)
Epoch 113/200, Batch 100, Aver_Loss: 244.5830
Epoch 113/200, Batch 200, Aver_Loss: 239.9489
Epoch 113/200, Batch 300, Aver_Loss: 250.2034
Epoch 113/200, Batch 400, Aver_Loss: 249.7386
Epoch 113/200, Batch 500, Aver_Loss: 245.0176
[early-stopping] Epoch 113: new best val ELBO = -240.228280
Epoch 114/200, Batch 100, Aver_Loss: 241.0427
Epoch 114/200, Batch 200, Aver_Loss: 241.4047
Epoch 114/200, Batch 300, Aver_Loss: 232.1650
Epoch 114/200, Batch 400, Aver_Loss: 231.0843
Epoch 114/200, Batch 500, Aver_Loss: 256.3141
[early-stopping] Epoch 114: no improvement (1/20)
Epoch 115/200, Batch 100, Aver_Loss: 225.8269
Epoch 115/200, Batch 200, Aver_Loss: 241.7126
Epoch 115/200, Batch 300, Aver_Loss: 235.1609
Epoch 115/200, Batch 400, Aver_Loss: 233.7235
Epoch 115/200, Batch 500, Aver_Loss: 243.7505
[early-stopping] Epoch 115: no improvement (2/20)
Epoch 116/200, Batch 100, Aver_Loss: 243.0870
Epoch 116/200, Batch 200, Aver_Loss: 237.0824
Epoch 116/200, Batch 300, Aver_Loss: 244.2752
Epoch 116/200, Batch 400, Aver_Loss: 256.0422
Epoch 116/200, Batch 500, Aver_Loss: 236.3424
[early-stopping] Epoch 116: new best val ELBO = -240.200229
Epoch 117/200, Batch 100, Aver_Loss: 244.5294
Epoch 117/200, Batch 200, Aver_Loss: 243.7854
Epoch 117/200, Batch 300, Aver_Loss: 233.2878
Epoch 117/200, Batch 400, Aver_Loss: 242.8364
Epoch 117/200, Batch 500, Aver_Loss: 248.7905
[early-stopping] Epoch 117: no improvement (1/20)
Epoch 118/200, Batch 100, Aver_Loss: 244.2682
Epoch 118/200, Batch 200, Aver_Loss: 223.6755
Epoch 118/200, Batch 300, Aver_Loss: 254.2988
Epoch 118/200, Batch 400, Aver_Loss: 228.7415
Epoch 118/200, Batch 500, Aver_Loss: 243.1387
[early-stopping] Epoch 118: no improvement (2/20)
Epoch 119/200, Batch 100, Aver_Loss: 243.8407
Epoch 119/200, Batch 200, Aver_Loss: 222.9550
Epoch 119/200, Batch 300, Aver_Loss: 245.8488
Epoch 119/200, Batch 400, Aver_Loss: 247.4472
Epoch 119/200, Batch 500, Aver_Loss: 242.7371
[early-stopping] Epoch 119: no improvement (3/20)
Epoch 120/200, Batch 100, Aver_Loss: 237.6454
Epoch 120/200, Batch 200, Aver_Loss: 232.6961
Epoch 120/200, Batch 300, Aver_Loss: 239.4955
Epoch 120/200, Batch 400, Aver_Loss: 240.4192
Epoch 120/200, Batch 500, Aver_Loss: 237.9098
[early-stopping] Epoch 120: no improvement (4/20)
Epoch 121/200, Batch 100, Aver_Loss: 243.2081
Epoch 121/200, Batch 200, Aver_Loss: 235.9274
Epoch 121/200, Batch 300, Aver_Loss: 240.2887
Epoch 121/200, Batch 400, Aver_Loss: 246.5780
Epoch 121/200, Batch 500, Aver_Loss: 253.9794
[early-stopping] Epoch 121: new best val ELBO = -240.193699
Epoch 122/200, Batch 100, Aver_Loss: 237.9460
Epoch 122/200, Batch 200, Aver_Loss: 224.0391
Epoch 122/200, Batch 300, Aver_Loss: 237.2140
Epoch 122/200, Batch 400, Aver_Loss: 242.1041
Epoch 122/200, Batch 500, Aver_Loss: 245.6877
[early-stopping] Epoch 122: no improvement (1/20)
Epoch 123/200, Batch 100, Aver_Loss: 239.0392
Epoch 123/200, Batch 200, Aver_Loss: 248.0795
Epoch 123/200, Batch 300, Aver_Loss: 241.9897
Epoch 123/200, Batch 400, Aver_Loss: 241.5815
Epoch 123/200, Batch 500, Aver_Loss: 239.8077
[early-stopping] Epoch 123: no improvement (2/20)
Epoch 124/200, Batch 100, Aver_Loss: 239.6077
Epoch 124/200, Batch 200, Aver_Loss: 231.6103
Epoch 124/200, Batch 300, Aver_Loss: 247.6868
Epoch 124/200, Batch 400, Aver_Loss: 250.8470
Epoch 124/200, Batch 500, Aver_Loss: 242.3657
[early-stopping] Epoch 124: no improvement (3/20)
Epoch 125/200, Batch 100, Aver_Loss: 227.3026
Epoch 125/200, Batch 200, Aver_Loss: 246.1498
Epoch 125/200, Batch 300, Aver_Loss: 237.3684
Epoch 125/200, Batch 400, Aver_Loss: 234.0853
Epoch 125/200, Batch 500, Aver_Loss: 243.2678
[early-stopping] Epoch 125: no improvement (4/20)
Epoch 126/200, Batch 100, Aver_Loss: 235.4813
Epoch 126/200, Batch 200, Aver_Loss: 251.6216
Epoch 126/200, Batch 300, Aver_Loss: 241.8349
Epoch 126/200, Batch 400, Aver_Loss: 250.5431
Epoch 126/200, Batch 500, Aver_Loss: 239.5928
[early-stopping] Epoch 126: no improvement (5/20)
Epoch 127/200, Batch 100, Aver_Loss: 230.3935
Epoch 127/200, Batch 200, Aver_Loss: 241.5163
Epoch 127/200, Batch 300, Aver_Loss: 235.1559
Epoch 127/200, Batch 400, Aver_Loss: 242.3466
Epoch 127/200, Batch 500, Aver_Loss: 235.4935
[early-stopping] Epoch 127: no improvement (6/20)
Epoch 128/200, Batch 100, Aver_Loss: 234.9711
Epoch 128/200, Batch 200, Aver_Loss: 254.9415
Epoch 128/200, Batch 300, Aver_Loss: 248.2316
Epoch 128/200, Batch 400, Aver_Loss: 229.3281
Epoch 128/200, Batch 500, Aver_Loss: 232.4229
[early-stopping] Epoch 128: no improvement (7/20)
Epoch 129/200, Batch 100, Aver_Loss: 242.9727
Epoch 129/200, Batch 200, Aver_Loss: 230.9102
Epoch 129/200, Batch 300, Aver_Loss: 241.0394
Epoch 129/200, Batch 400, Aver_Loss: 240.6080
Epoch 129/200, Batch 500, Aver_Loss: 238.3957
[early-stopping] Epoch 129: no improvement (8/20)
Epoch 130/200, Batch 100, Aver_Loss: 228.5047
Epoch 130/200, Batch 200, Aver_Loss: 228.2631
Epoch 130/200, Batch 300, Aver_Loss: 253.3736
Epoch 130/200, Batch 400, Aver_Loss: 236.6724
Epoch 130/200, Batch 500, Aver_Loss: 239.8157
[early-stopping] Epoch 130: new best val ELBO = -240.192040
Epoch 131/200, Batch 100, Aver_Loss: 243.7164
Epoch 131/200, Batch 200, Aver_Loss: 248.7166
Epoch 131/200, Batch 300, Aver_Loss: 242.7102
Epoch 131/200, Batch 400, Aver_Loss: 238.7891
Epoch 131/200, Batch 500, Aver_Loss: 244.1111
[early-stopping] Epoch 131: no improvement (1/20)
Epoch 132/200, Batch 100, Aver_Loss: 230.4756
Epoch 132/200, Batch 200, Aver_Loss: 230.0535
Epoch 132/200, Batch 300, Aver_Loss: 228.2361
Epoch 132/200, Batch 400, Aver_Loss: 229.0256
Epoch 132/200, Batch 500, Aver_Loss: 238.0365
[early-stopping] Epoch 132: no improvement (2/20)
Epoch 133/200, Batch 100, Aver_Loss: 236.8815
Epoch 133/200, Batch 200, Aver_Loss: 241.7841
Epoch 133/200, Batch 300, Aver_Loss: 228.5311
Epoch 133/200, Batch 400, Aver_Loss: 239.8671
Epoch 133/200, Batch 500, Aver_Loss: 247.3571
[early-stopping] Epoch 133: no improvement (3/20)
Epoch 134/200, Batch 100, Aver_Loss: 234.9692
Epoch 134/200, Batch 200, Aver_Loss: 240.2838
Epoch 134/200, Batch 300, Aver_Loss: 234.2216
Epoch 134/200, Batch 400, Aver_Loss: 234.7370
Epoch 134/200, Batch 500, Aver_Loss: 242.3618
[early-stopping] Epoch 134: no improvement (4/20)
Epoch 135/200, Batch 100, Aver_Loss: 235.0445
Epoch 135/200, Batch 200, Aver_Loss: 238.0981
Epoch 135/200, Batch 300, Aver_Loss: 243.3844
Epoch 135/200, Batch 400, Aver_Loss: 243.3360
Epoch 135/200, Batch 500, Aver_Loss: 241.3958
[early-stopping] Epoch 135: no improvement (5/20)
Epoch 136/200, Batch 100, Aver_Loss: 232.7956
Epoch 136/200, Batch 200, Aver_Loss: 223.9998
Epoch 136/200, Batch 300, Aver_Loss: 240.5299
Epoch 136/200, Batch 400, Aver_Loss: 235.0738
Epoch 136/200, Batch 500, Aver_Loss: 237.6601
[early-stopping] Epoch 136: new best val ELBO = -240.092578
Epoch 137/200, Batch 100, Aver_Loss: 236.4938
Epoch 137/200, Batch 200, Aver_Loss: 241.1944
Epoch 137/200, Batch 300, Aver_Loss: 230.9130
Epoch 137/200, Batch 400, Aver_Loss: 242.8087
Epoch 137/200, Batch 500, Aver_Loss: 244.5214
[early-stopping] Epoch 137: no improvement (1/20)
Epoch 138/200, Batch 100, Aver_Loss: 238.4899
Epoch 138/200, Batch 200, Aver_Loss: 245.6908
Epoch 138/200, Batch 300, Aver_Loss: 246.1924
Epoch 138/200, Batch 400, Aver_Loss: 264.9304
Epoch 138/200, Batch 500, Aver_Loss: 251.7433
[early-stopping] Epoch 138: no improvement (2/20)
Epoch 139/200, Batch 100, Aver_Loss: 240.2623
Epoch 139/200, Batch 200, Aver_Loss: 230.2156
Epoch 139/200, Batch 300, Aver_Loss: 242.4102
Epoch 139/200, Batch 400, Aver_Loss: 231.4617
Epoch 139/200, Batch 500, Aver_Loss: 239.5070
[early-stopping] Epoch 139: no improvement (3/20)
Epoch 140/200, Batch 100, Aver_Loss: 253.8627
Epoch 140/200, Batch 200, Aver_Loss: 243.0083
Epoch 140/200, Batch 300, Aver_Loss: 248.2506
Epoch 140/200, Batch 400, Aver_Loss: 227.7879
Epoch 140/200, Batch 500, Aver_Loss: 249.9852
[early-stopping] Epoch 140: no improvement (4/20)
Epoch 141/200, Batch 100, Aver_Loss: 235.7053
Epoch 141/200, Batch 200, Aver_Loss: 244.3168
Epoch 141/200, Batch 300, Aver_Loss: 242.4586
Epoch 141/200, Batch 400, Aver_Loss: 238.5039
Epoch 141/200, Batch 500, Aver_Loss: 235.8897
[early-stopping] Epoch 141: no improvement (5/20)
Epoch 142/200, Batch 100, Aver_Loss: 247.2634
Epoch 142/200, Batch 200, Aver_Loss: 228.4436
Epoch 142/200, Batch 300, Aver_Loss: 242.2198
Epoch 142/200, Batch 400, Aver_Loss: 239.8968
Epoch 142/200, Batch 500, Aver_Loss: 247.3857
[early-stopping] Epoch 142: no improvement (6/20)
Epoch 143/200, Batch 100, Aver_Loss: 257.4449
Epoch 143/200, Batch 200, Aver_Loss: 228.5384
Epoch 143/200, Batch 300, Aver_Loss: 230.1832
Epoch 143/200, Batch 400, Aver_Loss: 247.7756
Epoch 143/200, Batch 500, Aver_Loss: 256.1678
[early-stopping] Epoch 143: no improvement (7/20)
Epoch 144/200, Batch 100, Aver_Loss: 247.7259
Epoch 144/200, Batch 200, Aver_Loss: 235.1210
Epoch 144/200, Batch 300, Aver_Loss: 235.7117
Epoch 144/200, Batch 400, Aver_Loss: 245.7255
Epoch 144/200, Batch 500, Aver_Loss: 232.8550
[early-stopping] Epoch 144: no improvement (8/20)
Epoch 145/200, Batch 100, Aver_Loss: 229.7689
Epoch 145/200, Batch 200, Aver_Loss: 242.7860
Epoch 145/200, Batch 300, Aver_Loss: 244.3939
Epoch 145/200, Batch 400, Aver_Loss: 244.5553
Epoch 145/200, Batch 500, Aver_Loss: 254.2377
[early-stopping] Epoch 145: no improvement (9/20)
Epoch 146/200, Batch 100, Aver_Loss: 240.2187
Epoch 146/200, Batch 200, Aver_Loss: 239.5493
Epoch 146/200, Batch 300, Aver_Loss: 238.2531
Epoch 146/200, Batch 400, Aver_Loss: 235.5440
Epoch 146/200, Batch 500, Aver_Loss: 244.7925
[early-stopping] Epoch 146: no improvement (10/20)
Epoch 147/200, Batch 100, Aver_Loss: 243.1776
Epoch 147/200, Batch 200, Aver_Loss: 229.7777
Epoch 147/200, Batch 300, Aver_Loss: 238.3468
Epoch 147/200, Batch 400, Aver_Loss: 234.6597
Epoch 147/200, Batch 500, Aver_Loss: 225.7171
[early-stopping] Epoch 147: no improvement (11/20)
Epoch 148/200, Batch 100, Aver_Loss: 243.0233
Epoch 148/200, Batch 200, Aver_Loss: 233.0864
Epoch 148/200, Batch 300, Aver_Loss: 240.8848
Epoch 148/200, Batch 400, Aver_Loss: 243.1725
Epoch 148/200, Batch 500, Aver_Loss: 240.8022
[early-stopping] Epoch 148: new best val ELBO = -240.092300
Epoch 149/200, Batch 100, Aver_Loss: 241.7169
Epoch 149/200, Batch 200, Aver_Loss: 239.5307
Epoch 149/200, Batch 300, Aver_Loss: 246.0515
Epoch 149/200, Batch 400, Aver_Loss: 223.4123
Epoch 149/200, Batch 500, Aver_Loss: 256.7916
[early-stopping] Epoch 149: no improvement (1/20)
Epoch 150/200, Batch 100, Aver_Loss: 232.1283
Epoch 150/200, Batch 200, Aver_Loss: 245.5606
Epoch 150/200, Batch 300, Aver_Loss: 241.1616
Epoch 150/200, Batch 400, Aver_Loss: 234.6004
Epoch 150/200, Batch 500, Aver_Loss: 241.8246
[early-stopping] Epoch 150: no improvement (2/20)
Epoch 151/200, Batch 100, Aver_Loss: 240.5699
Epoch 151/200, Batch 200, Aver_Loss: 243.7107
Epoch 151/200, Batch 300, Aver_Loss: 237.4463
Epoch 151/200, Batch 400, Aver_Loss: 239.4494
Epoch 151/200, Batch 500, Aver_Loss: 238.5815
[early-stopping] Epoch 151: no improvement (3/20)
Epoch 152/200, Batch 100, Aver_Loss: 244.0138
Epoch 152/200, Batch 200, Aver_Loss: 232.1292
Epoch 152/200, Batch 300, Aver_Loss: 245.8476
Epoch 152/200, Batch 400, Aver_Loss: 238.5710
Epoch 152/200, Batch 500, Aver_Loss: 249.4922
[early-stopping] Epoch 152: no improvement (4/20)
Epoch 153/200, Batch 100, Aver_Loss: 228.1608
Epoch 153/200, Batch 200, Aver_Loss: 245.2921
Epoch 153/200, Batch 300, Aver_Loss: 223.8997
Epoch 153/200, Batch 400, Aver_Loss: 237.7457
Epoch 153/200, Batch 500, Aver_Loss: 234.8011
[early-stopping] Epoch 153: no improvement (5/20)
Epoch 154/200, Batch 100, Aver_Loss: 237.2458
Epoch 154/200, Batch 200, Aver_Loss: 244.8984
Epoch 154/200, Batch 300, Aver_Loss: 236.0493
Epoch 154/200, Batch 400, Aver_Loss: 239.6146
Epoch 154/200, Batch 500, Aver_Loss: 248.7781
[early-stopping] Epoch 154: no improvement (6/20)
Epoch 155/200, Batch 100, Aver_Loss: 238.5223
Epoch 155/200, Batch 200, Aver_Loss: 238.8445
Epoch 155/200, Batch 300, Aver_Loss: 242.5204
Epoch 155/200, Batch 400, Aver_Loss: 230.8825
Epoch 155/200, Batch 500, Aver_Loss: 229.8074
[early-stopping] Epoch 155: no improvement (7/20)
Epoch 156/200, Batch 100, Aver_Loss: 238.2837
Epoch 156/200, Batch 200, Aver_Loss: 242.4100
Epoch 156/200, Batch 300, Aver_Loss: 228.4158
Epoch 156/200, Batch 400, Aver_Loss: 223.1016
Epoch 156/200, Batch 500, Aver_Loss: 235.1487
[early-stopping] Epoch 156: no improvement (8/20)
Epoch 157/200, Batch 100, Aver_Loss: 238.5802
Epoch 157/200, Batch 200, Aver_Loss: 251.8034
Epoch 157/200, Batch 300, Aver_Loss: 230.1425
Epoch 157/200, Batch 400, Aver_Loss: 236.9098
Epoch 157/200, Batch 500, Aver_Loss: 240.1524
[early-stopping] Epoch 157: no improvement (9/20)
Epoch 158/200, Batch 100, Aver_Loss: 247.2384
Epoch 158/200, Batch 200, Aver_Loss: 245.3738
Epoch 158/200, Batch 300, Aver_Loss: 231.8693
Epoch 158/200, Batch 400, Aver_Loss: 250.9930
Epoch 158/200, Batch 500, Aver_Loss: 245.1791
[early-stopping] Epoch 158: no improvement (10/20)
Epoch 159/200, Batch 100, Aver_Loss: 239.8224
Epoch 159/200, Batch 200, Aver_Loss: 231.0788
Epoch 159/200, Batch 300, Aver_Loss: 236.7380
Epoch 159/200, Batch 400, Aver_Loss: 222.5849
Epoch 159/200, Batch 500, Aver_Loss: 240.9614
[early-stopping] Epoch 159: new best val ELBO = -239.857669
Epoch 160/200, Batch 100, Aver_Loss: 249.9517
Epoch 160/200, Batch 200, Aver_Loss: 239.4986
Epoch 160/200, Batch 300, Aver_Loss: 241.3261
Epoch 160/200, Batch 400, Aver_Loss: 229.6987
Epoch 160/200, Batch 500, Aver_Loss: 242.1629
[early-stopping] Epoch 160: no improvement (1/20)
Epoch 161/200, Batch 100, Aver_Loss: 235.3789
Epoch 161/200, Batch 200, Aver_Loss: 236.2985
Epoch 161/200, Batch 300, Aver_Loss: 235.8246
Epoch 161/200, Batch 400, Aver_Loss: 233.2251
Epoch 161/200, Batch 500, Aver_Loss: 246.6621
[early-stopping] Epoch 161: no improvement (2/20)
Epoch 162/200, Batch 100, Aver_Loss: 234.0339
Epoch 162/200, Batch 200, Aver_Loss: 242.5266
Epoch 162/200, Batch 300, Aver_Loss: 238.6232
Epoch 162/200, Batch 400, Aver_Loss: 227.9122
Epoch 162/200, Batch 500, Aver_Loss: 243.4134
[early-stopping] Epoch 162: no improvement (3/20)
Epoch 163/200, Batch 100, Aver_Loss: 237.1035
Epoch 163/200, Batch 200, Aver_Loss: 237.3647
Epoch 163/200, Batch 300, Aver_Loss: 235.3518
Epoch 163/200, Batch 400, Aver_Loss: 241.8853
Epoch 163/200, Batch 500, Aver_Loss: 228.2897
[early-stopping] Epoch 163: no improvement (4/20)
Epoch 164/200, Batch 100, Aver_Loss: 235.8819
Epoch 164/200, Batch 200, Aver_Loss: 235.4938
Epoch 164/200, Batch 300, Aver_Loss: 233.8530
Epoch 164/200, Batch 400, Aver_Loss: 234.2692
Epoch 164/200, Batch 500, Aver_Loss: 233.1899
[early-stopping] Epoch 164: no improvement (5/20)
Epoch 165/200, Batch 100, Aver_Loss: 223.8626
Epoch 165/200, Batch 200, Aver_Loss: 236.5283
Epoch 165/200, Batch 300, Aver_Loss: 240.8350
Epoch 165/200, Batch 400, Aver_Loss: 238.2748
Epoch 165/200, Batch 500, Aver_Loss: 240.8721
[early-stopping] Epoch 165: no improvement (6/20)
Epoch 166/200, Batch 100, Aver_Loss: 227.0297
Epoch 166/200, Batch 200, Aver_Loss: 241.4185
Epoch 166/200, Batch 300, Aver_Loss: 237.8956
Epoch 166/200, Batch 400, Aver_Loss: 241.7693
Epoch 166/200, Batch 500, Aver_Loss: 240.3771
[early-stopping] Epoch 166: no improvement (7/20)
Epoch 167/200, Batch 100, Aver_Loss: 239.2345
Epoch 167/200, Batch 200, Aver_Loss: 241.6936
Epoch 167/200, Batch 300, Aver_Loss: 248.0596
Epoch 167/200, Batch 400, Aver_Loss: 232.3463
Epoch 167/200, Batch 500, Aver_Loss: 236.7310
[early-stopping] Epoch 167: no improvement (8/20)
Epoch 168/200, Batch 100, Aver_Loss: 243.6145
Epoch 168/200, Batch 200, Aver_Loss: 240.0763
Epoch 168/200, Batch 300, Aver_Loss: 241.2688
Epoch 168/200, Batch 400, Aver_Loss: 238.2948
Epoch 168/200, Batch 500, Aver_Loss: 245.6900
[early-stopping] Epoch 168: no improvement (9/20)
Epoch 169/200, Batch 100, Aver_Loss: 233.0378
Epoch 169/200, Batch 200, Aver_Loss: 253.5420
Epoch 169/200, Batch 300, Aver_Loss: 242.2766
Epoch 169/200, Batch 400, Aver_Loss: 242.3091
Epoch 169/200, Batch 500, Aver_Loss: 239.5732
[early-stopping] Epoch 169: no improvement (10/20)
Epoch 170/200, Batch 100, Aver_Loss: 244.0542
Epoch 170/200, Batch 200, Aver_Loss: 242.3794
Epoch 170/200, Batch 300, Aver_Loss: 240.0752
Epoch 170/200, Batch 400, Aver_Loss: 240.9194
Epoch 170/200, Batch 500, Aver_Loss: 223.4155
[early-stopping] Epoch 170: no improvement (11/20)
Epoch 171/200, Batch 100, Aver_Loss: 238.3854
Epoch 171/200, Batch 200, Aver_Loss: 234.1150
Epoch 171/200, Batch 300, Aver_Loss: 243.1721
Epoch 171/200, Batch 400, Aver_Loss: 230.7866
Epoch 171/200, Batch 500, Aver_Loss: 249.3364
[early-stopping] Epoch 171: no improvement (12/20)
Epoch 172/200, Batch 100, Aver_Loss: 236.0862
Epoch 172/200, Batch 200, Aver_Loss: 218.5280
Epoch 172/200, Batch 300, Aver_Loss: 232.9999
Epoch 172/200, Batch 400, Aver_Loss: 246.3165
Epoch 172/200, Batch 500, Aver_Loss: 234.0506
[early-stopping] Epoch 172: no improvement (13/20)
Epoch 173/200, Batch 100, Aver_Loss: 234.6454
Epoch 173/200, Batch 200, Aver_Loss: 244.2907
Epoch 173/200, Batch 300, Aver_Loss: 244.3329
Epoch 173/200, Batch 400, Aver_Loss: 248.2142
Epoch 173/200, Batch 500, Aver_Loss: 234.4505
[early-stopping] Epoch 173: no improvement (14/20)
Epoch 174/200, Batch 100, Aver_Loss: 239.1050
Epoch 174/200, Batch 200, Aver_Loss: 236.6349
Epoch 174/200, Batch 300, Aver_Loss: 228.4333
Epoch 174/200, Batch 400, Aver_Loss: 243.2774
Epoch 174/200, Batch 500, Aver_Loss: 236.1120
[early-stopping] Epoch 174: no improvement (15/20)
Epoch 175/200, Batch 100, Aver_Loss: 243.6953
Epoch 175/200, Batch 200, Aver_Loss: 251.7760
Epoch 175/200, Batch 300, Aver_Loss: 241.5067
Epoch 175/200, Batch 400, Aver_Loss: 232.7862
Epoch 175/200, Batch 500, Aver_Loss: 242.0432
[early-stopping] Epoch 175: no improvement (16/20)
Epoch 176/200, Batch 100, Aver_Loss: 234.6535
Epoch 176/200, Batch 200, Aver_Loss: 244.7451
Epoch 176/200, Batch 300, Aver_Loss: 225.0288
Epoch 176/200, Batch 400, Aver_Loss: 236.2522
Epoch 176/200, Batch 500, Aver_Loss: 251.1057
[early-stopping] Epoch 176: no improvement (17/20)
Epoch 177/200, Batch 100, Aver_Loss: 244.9021
Epoch 177/200, Batch 200, Aver_Loss: 243.1779
Epoch 177/200, Batch 300, Aver_Loss: 237.2636
Epoch 177/200, Batch 400, Aver_Loss: 224.2431
Epoch 177/200, Batch 500, Aver_Loss: 236.8969
[early-stopping] Epoch 177: no improvement (18/20)
Epoch 178/200, Batch 100, Aver_Loss: 230.3587
Epoch 178/200, Batch 200, Aver_Loss: 250.4114
Epoch 178/200, Batch 300, Aver_Loss: 229.3394
Epoch 178/200, Batch 400, Aver_Loss: 238.0638
Epoch 178/200, Batch 500, Aver_Loss: 243.8722
[early-stopping] Epoch 178: no improvement (19/20)
Epoch 179/200, Batch 100, Aver_Loss: 240.8634
Epoch 179/200, Batch 200, Aver_Loss: 255.0821
Epoch 179/200, Batch 300, Aver_Loss: 241.8756
Epoch 179/200, Batch 400, Aver_Loss: 236.8801
Epoch 179/200, Batch 500, Aver_Loss: 247.6530
[early-stopping] Epoch 179: no improvement (20/20)
[early-stopping] Patience reached. Stopping at epoch 179. Best epoch: 159, best val ELBO: -239.857669
[early-stopping] Loaded best model from epoch 159 (val ELBO = -239.857669)
[checkpoint] Saved best model to: trained_parameters/fashion_mnist_zdim256_VAE.pkl
[saved curves] ./results/FASHION_MNIST/curves/fashion_mnist_vae_d256_s777.json

==== Evaluation Summary ====
                 model: vae
   recon/mse_per_pixel: 0.015051
            elbo/train: -239.177186
             elbo/test: -239.893692
             mse/train: 0.014698
              mse/test: 0.015051
             probe/acc: 0.858714
             probe/nll: 0.406576
           probe/brier: 0.205587
             probe/ece: 0.030104
           cluster/nmi: 0.538957
           cluster/ari: 0.383368
============================

