/usr/bin/which: no fi_info in (/arf/home/meyavuz/.local/bin:/arf/sw/comp/python/intelpython3/condabin:/arf/sw/comp/python/intelpython3/bin:/usr/share/Modules/bin:/usr/local/bin:/usr/bin:/usr/local/sbin:/usr/sbin)
Extension for Scikit-learn* enabled (https://github.com/uxlfoundation/scikit-learn-intelex)
/arf/home/meyavuz/.conda/envs/sbn/lib/python3.9/site-packages/sklearn/linear_model/_logistic.py:1247: FutureWarning: 'multi_class' was deprecated in version 1.5 and will be removed in 1.7. From then on, it will always use 'multinomial'. Leave it to its default value to avoid this warning.
  warnings.warn(
Epoch 1/200, Batch 100, Aver_Loss: 295.2807
Epoch 1/200, Batch 200, Aver_Loss: 278.9479
Epoch 1/200, Batch 300, Aver_Loss: 262.6933
Epoch 1/200, Batch 400, Aver_Loss: 263.4289
Epoch 1/200, Batch 500, Aver_Loss: 269.6519
[early-stopping] Epoch 1: new best val ELBO = -264.920266
Epoch 2/200, Batch 100, Aver_Loss: 261.5367
Epoch 2/200, Batch 200, Aver_Loss: 255.6673
Epoch 2/200, Batch 300, Aver_Loss: 263.4081
Epoch 2/200, Batch 400, Aver_Loss: 262.2132
Epoch 2/200, Batch 500, Aver_Loss: 249.3929
[early-stopping] Epoch 2: new best val ELBO = -257.958013
Epoch 3/200, Batch 100, Aver_Loss: 256.3509
Epoch 3/200, Batch 200, Aver_Loss: 261.2569
Epoch 3/200, Batch 300, Aver_Loss: 268.3188
Epoch 3/200, Batch 400, Aver_Loss: 253.9255
Epoch 3/200, Batch 500, Aver_Loss: 243.8773
[early-stopping] Epoch 3: new best val ELBO = -253.958087
Epoch 4/200, Batch 100, Aver_Loss: 257.9094
Epoch 4/200, Batch 200, Aver_Loss: 246.5373
Epoch 4/200, Batch 300, Aver_Loss: 252.4918
Epoch 4/200, Batch 400, Aver_Loss: 241.9774
Epoch 4/200, Batch 500, Aver_Loss: 243.7468
[early-stopping] Epoch 4: new best val ELBO = -251.345234
Epoch 5/200, Batch 100, Aver_Loss: 266.1530
Epoch 5/200, Batch 200, Aver_Loss: 236.4735
Epoch 5/200, Batch 300, Aver_Loss: 262.8343
Epoch 5/200, Batch 400, Aver_Loss: 269.6703
Epoch 5/200, Batch 500, Aver_Loss: 253.1785
[early-stopping] Epoch 5: new best val ELBO = -249.560601
Epoch 6/200, Batch 100, Aver_Loss: 254.2776
Epoch 6/200, Batch 200, Aver_Loss: 247.1019
Epoch 6/200, Batch 300, Aver_Loss: 266.6991
Epoch 6/200, Batch 400, Aver_Loss: 262.9256
Epoch 6/200, Batch 500, Aver_Loss: 243.9856
[early-stopping] Epoch 6: new best val ELBO = -248.518034
Epoch 7/200, Batch 100, Aver_Loss: 256.5349
Epoch 7/200, Batch 200, Aver_Loss: 257.7889
Epoch 7/200, Batch 300, Aver_Loss: 258.5718
Epoch 7/200, Batch 400, Aver_Loss: 247.5541
Epoch 7/200, Batch 500, Aver_Loss: 247.5534
[early-stopping] Epoch 7: new best val ELBO = -246.938854
Epoch 8/200, Batch 100, Aver_Loss: 254.2038
Epoch 8/200, Batch 200, Aver_Loss: 258.5384
Epoch 8/200, Batch 300, Aver_Loss: 245.6819
Epoch 8/200, Batch 400, Aver_Loss: 239.8389
Epoch 8/200, Batch 500, Aver_Loss: 249.7811
[early-stopping] Epoch 8: new best val ELBO = -246.814661
Epoch 9/200, Batch 100, Aver_Loss: 234.0780
Epoch 9/200, Batch 200, Aver_Loss: 241.7442
Epoch 9/200, Batch 300, Aver_Loss: 246.6905
Epoch 9/200, Batch 400, Aver_Loss: 243.8877
Epoch 9/200, Batch 500, Aver_Loss: 230.9720
[early-stopping] Epoch 9: new best val ELBO = -245.584186
Epoch 10/200, Batch 100, Aver_Loss: 240.8980
Epoch 10/200, Batch 200, Aver_Loss: 246.3996
Epoch 10/200, Batch 300, Aver_Loss: 239.3219
Epoch 10/200, Batch 400, Aver_Loss: 242.9197
Epoch 10/200, Batch 500, Aver_Loss: 245.9713
[early-stopping] Epoch 10: new best val ELBO = -245.196204
Epoch 11/200, Batch 100, Aver_Loss: 249.8393
Epoch 11/200, Batch 200, Aver_Loss: 251.5132
Epoch 11/200, Batch 300, Aver_Loss: 237.7592
Epoch 11/200, Batch 400, Aver_Loss: 254.4320
Epoch 11/200, Batch 500, Aver_Loss: 250.8711
[early-stopping] Epoch 11: new best val ELBO = -244.757172
Epoch 12/200, Batch 100, Aver_Loss: 252.6794
Epoch 12/200, Batch 200, Aver_Loss: 240.3360
Epoch 12/200, Batch 300, Aver_Loss: 241.0717
Epoch 12/200, Batch 400, Aver_Loss: 243.8522
Epoch 12/200, Batch 500, Aver_Loss: 246.8125
[early-stopping] Epoch 12: new best val ELBO = -244.618246
Epoch 13/200, Batch 100, Aver_Loss: 235.7983
Epoch 13/200, Batch 200, Aver_Loss: 249.5586
Epoch 13/200, Batch 300, Aver_Loss: 258.2167
Epoch 13/200, Batch 400, Aver_Loss: 248.1644
Epoch 13/200, Batch 500, Aver_Loss: 248.2936
[early-stopping] Epoch 13: new best val ELBO = -244.155296
Epoch 14/200, Batch 100, Aver_Loss: 257.8449
Epoch 14/200, Batch 200, Aver_Loss: 253.8564
Epoch 14/200, Batch 300, Aver_Loss: 245.2513
Epoch 14/200, Batch 400, Aver_Loss: 239.8880
Epoch 14/200, Batch 500, Aver_Loss: 251.7878
[early-stopping] Epoch 14: new best val ELBO = -243.532418
Epoch 15/200, Batch 100, Aver_Loss: 222.4716
Epoch 15/200, Batch 200, Aver_Loss: 261.5414
Epoch 15/200, Batch 300, Aver_Loss: 235.1428
Epoch 15/200, Batch 400, Aver_Loss: 232.5352
Epoch 15/200, Batch 500, Aver_Loss: 254.1078
[early-stopping] Epoch 15: no improvement (1/20)
Epoch 16/200, Batch 100, Aver_Loss: 248.2590
Epoch 16/200, Batch 200, Aver_Loss: 242.4567
Epoch 16/200, Batch 300, Aver_Loss: 235.0065
Epoch 16/200, Batch 400, Aver_Loss: 251.0188
Epoch 16/200, Batch 500, Aver_Loss: 245.4377
[early-stopping] Epoch 16: new best val ELBO = -243.381828
Epoch 17/200, Batch 100, Aver_Loss: 261.1277
Epoch 17/200, Batch 200, Aver_Loss: 249.0763
Epoch 17/200, Batch 300, Aver_Loss: 224.9983
Epoch 17/200, Batch 400, Aver_Loss: 230.7865
Epoch 17/200, Batch 500, Aver_Loss: 244.7853
[early-stopping] Epoch 17: new best val ELBO = -243.093377
Epoch 18/200, Batch 100, Aver_Loss: 232.2469
Epoch 18/200, Batch 200, Aver_Loss: 241.9228
Epoch 18/200, Batch 300, Aver_Loss: 240.2520
Epoch 18/200, Batch 400, Aver_Loss: 246.8584
Epoch 18/200, Batch 500, Aver_Loss: 231.8376
[early-stopping] Epoch 18: no improvement (1/20)
Epoch 19/200, Batch 100, Aver_Loss: 240.1791
Epoch 19/200, Batch 200, Aver_Loss: 230.4671
Epoch 19/200, Batch 300, Aver_Loss: 238.9840
Epoch 19/200, Batch 400, Aver_Loss: 249.3259
Epoch 19/200, Batch 500, Aver_Loss: 245.2707
[early-stopping] Epoch 19: new best val ELBO = -243.054175
Epoch 20/200, Batch 100, Aver_Loss: 251.1139
Epoch 20/200, Batch 200, Aver_Loss: 245.5638
Epoch 20/200, Batch 300, Aver_Loss: 244.8456
Epoch 20/200, Batch 400, Aver_Loss: 245.1258
Epoch 20/200, Batch 500, Aver_Loss: 237.6229
[early-stopping] Epoch 20: no improvement (1/20)
Epoch 21/200, Batch 100, Aver_Loss: 250.3719
Epoch 21/200, Batch 200, Aver_Loss: 234.2888
Epoch 21/200, Batch 300, Aver_Loss: 234.7569
Epoch 21/200, Batch 400, Aver_Loss: 240.9370
Epoch 21/200, Batch 500, Aver_Loss: 257.8531
[early-stopping] Epoch 21: new best val ELBO = -242.715643
Epoch 22/200, Batch 100, Aver_Loss: 251.9977
Epoch 22/200, Batch 200, Aver_Loss: 235.0087
Epoch 22/200, Batch 300, Aver_Loss: 242.5996
Epoch 22/200, Batch 400, Aver_Loss: 247.6578
Epoch 22/200, Batch 500, Aver_Loss: 234.1853
[early-stopping] Epoch 22: new best val ELBO = -242.470254
Epoch 23/200, Batch 100, Aver_Loss: 238.4054
Epoch 23/200, Batch 200, Aver_Loss: 250.4600
Epoch 23/200, Batch 300, Aver_Loss: 242.9630
Epoch 23/200, Batch 400, Aver_Loss: 237.2473
Epoch 23/200, Batch 500, Aver_Loss: 240.3887
[early-stopping] Epoch 23: new best val ELBO = -242.100701
Epoch 24/200, Batch 100, Aver_Loss: 237.8918
Epoch 24/200, Batch 200, Aver_Loss: 259.8296
Epoch 24/200, Batch 300, Aver_Loss: 234.7334
Epoch 24/200, Batch 400, Aver_Loss: 242.3395
Epoch 24/200, Batch 500, Aver_Loss: 241.1276
[early-stopping] Epoch 24: new best val ELBO = -242.071087
Epoch 25/200, Batch 100, Aver_Loss: 234.6699
Epoch 25/200, Batch 200, Aver_Loss: 243.0331
Epoch 25/200, Batch 300, Aver_Loss: 241.7626
Epoch 25/200, Batch 400, Aver_Loss: 255.0106
Epoch 25/200, Batch 500, Aver_Loss: 253.5307
[early-stopping] Epoch 25: no improvement (1/20)
Epoch 26/200, Batch 100, Aver_Loss: 242.8755
Epoch 26/200, Batch 200, Aver_Loss: 235.2947
Epoch 26/200, Batch 300, Aver_Loss: 237.5011
Epoch 26/200, Batch 400, Aver_Loss: 239.4561
Epoch 26/200, Batch 500, Aver_Loss: 244.3945
[early-stopping] Epoch 26: new best val ELBO = -242.057606
Epoch 27/200, Batch 100, Aver_Loss: 234.6348
Epoch 27/200, Batch 200, Aver_Loss: 247.9026
Epoch 27/200, Batch 300, Aver_Loss: 239.1137
Epoch 27/200, Batch 400, Aver_Loss: 240.2008
Epoch 27/200, Batch 500, Aver_Loss: 255.8720
[early-stopping] Epoch 27: new best val ELBO = -241.871549
Epoch 28/200, Batch 100, Aver_Loss: 225.9264
Epoch 28/200, Batch 200, Aver_Loss: 247.2854
Epoch 28/200, Batch 300, Aver_Loss: 241.2278
Epoch 28/200, Batch 400, Aver_Loss: 244.6939
Epoch 28/200, Batch 500, Aver_Loss: 242.8256
[early-stopping] Epoch 28: new best val ELBO = -241.771759
Epoch 29/200, Batch 100, Aver_Loss: 245.5625
Epoch 29/200, Batch 200, Aver_Loss: 252.8739
Epoch 29/200, Batch 300, Aver_Loss: 242.1808
Epoch 29/200, Batch 400, Aver_Loss: 239.0749
Epoch 29/200, Batch 500, Aver_Loss: 246.8725
[early-stopping] Epoch 29: no improvement (1/20)
Epoch 30/200, Batch 100, Aver_Loss: 238.3949
Epoch 30/200, Batch 200, Aver_Loss: 243.8544
Epoch 30/200, Batch 300, Aver_Loss: 246.5743
Epoch 30/200, Batch 400, Aver_Loss: 254.6058
Epoch 30/200, Batch 500, Aver_Loss: 242.1639
[early-stopping] Epoch 30: no improvement (2/20)
Epoch 31/200, Batch 100, Aver_Loss: 244.6977
Epoch 31/200, Batch 200, Aver_Loss: 241.6532
Epoch 31/200, Batch 300, Aver_Loss: 251.7827
Epoch 31/200, Batch 400, Aver_Loss: 241.7417
Epoch 31/200, Batch 500, Aver_Loss: 246.4949
[early-stopping] Epoch 31: new best val ELBO = -241.721281
Epoch 32/200, Batch 100, Aver_Loss: 238.2427
Epoch 32/200, Batch 200, Aver_Loss: 228.6685
Epoch 32/200, Batch 300, Aver_Loss: 243.6518
Epoch 32/200, Batch 400, Aver_Loss: 239.7842
Epoch 32/200, Batch 500, Aver_Loss: 234.7091
[early-stopping] Epoch 32: no improvement (1/20)
Epoch 33/200, Batch 100, Aver_Loss: 242.5250
Epoch 33/200, Batch 200, Aver_Loss: 246.4755
Epoch 33/200, Batch 300, Aver_Loss: 239.8302
Epoch 33/200, Batch 400, Aver_Loss: 238.5361
Epoch 33/200, Batch 500, Aver_Loss: 237.0884
[early-stopping] Epoch 33: no improvement (2/20)
Epoch 34/200, Batch 100, Aver_Loss: 241.7401
Epoch 34/200, Batch 200, Aver_Loss: 242.8589
Epoch 34/200, Batch 300, Aver_Loss: 249.7914
Epoch 34/200, Batch 400, Aver_Loss: 240.0078
Epoch 34/200, Batch 500, Aver_Loss: 234.4276
[early-stopping] Epoch 34: new best val ELBO = -241.424268
Epoch 35/200, Batch 100, Aver_Loss: 220.6325
Epoch 35/200, Batch 200, Aver_Loss: 243.7281
Epoch 35/200, Batch 300, Aver_Loss: 245.5732
Epoch 35/200, Batch 400, Aver_Loss: 240.9112
Epoch 35/200, Batch 500, Aver_Loss: 236.4926
[early-stopping] Epoch 35: no improvement (1/20)
Epoch 36/200, Batch 100, Aver_Loss: 237.4666
Epoch 36/200, Batch 200, Aver_Loss: 242.2151
Epoch 36/200, Batch 300, Aver_Loss: 243.1942
Epoch 36/200, Batch 400, Aver_Loss: 239.6991
Epoch 36/200, Batch 500, Aver_Loss: 234.5511
[early-stopping] Epoch 36: new best val ELBO = -241.301362
Epoch 37/200, Batch 100, Aver_Loss: 254.1171
Epoch 37/200, Batch 200, Aver_Loss: 239.3945
Epoch 37/200, Batch 300, Aver_Loss: 234.3371
Epoch 37/200, Batch 400, Aver_Loss: 242.2080
Epoch 37/200, Batch 500, Aver_Loss: 251.5635
[early-stopping] Epoch 37: no improvement (1/20)
Epoch 38/200, Batch 100, Aver_Loss: 249.2370
Epoch 38/200, Batch 200, Aver_Loss: 245.9670
Epoch 38/200, Batch 300, Aver_Loss: 245.6413
Epoch 38/200, Batch 400, Aver_Loss: 223.5444
Epoch 38/200, Batch 500, Aver_Loss: 224.7185
[early-stopping] Epoch 38: new best val ELBO = -241.026649
Epoch 39/200, Batch 100, Aver_Loss: 243.3364
Epoch 39/200, Batch 200, Aver_Loss: 244.4762
Epoch 39/200, Batch 300, Aver_Loss: 245.0460
Epoch 39/200, Batch 400, Aver_Loss: 238.8803
Epoch 39/200, Batch 500, Aver_Loss: 255.5219
[early-stopping] Epoch 39: no improvement (1/20)
Epoch 40/200, Batch 100, Aver_Loss: 245.9935
Epoch 40/200, Batch 200, Aver_Loss: 242.5042
Epoch 40/200, Batch 300, Aver_Loss: 248.6362
Epoch 40/200, Batch 400, Aver_Loss: 239.7782
Epoch 40/200, Batch 500, Aver_Loss: 234.0024
[early-stopping] Epoch 40: new best val ELBO = -240.971530
Epoch 41/200, Batch 100, Aver_Loss: 237.7923
Epoch 41/200, Batch 200, Aver_Loss: 253.0558
Epoch 41/200, Batch 300, Aver_Loss: 225.1290
Epoch 41/200, Batch 400, Aver_Loss: 238.4613
Epoch 41/200, Batch 500, Aver_Loss: 247.4230
[early-stopping] Epoch 41: no improvement (1/20)
Epoch 42/200, Batch 100, Aver_Loss: 240.8012
Epoch 42/200, Batch 200, Aver_Loss: 250.7773
Epoch 42/200, Batch 300, Aver_Loss: 240.0390
Epoch 42/200, Batch 400, Aver_Loss: 250.8608
Epoch 42/200, Batch 500, Aver_Loss: 250.1082
[early-stopping] Epoch 42: no improvement (2/20)
Epoch 43/200, Batch 100, Aver_Loss: 236.7368
Epoch 43/200, Batch 200, Aver_Loss: 239.5590
Epoch 43/200, Batch 300, Aver_Loss: 241.4417
Epoch 43/200, Batch 400, Aver_Loss: 239.4555
Epoch 43/200, Batch 500, Aver_Loss: 253.5530
[early-stopping] Epoch 43: no improvement (3/20)
Epoch 44/200, Batch 100, Aver_Loss: 241.3539
Epoch 44/200, Batch 200, Aver_Loss: 258.5516
Epoch 44/200, Batch 300, Aver_Loss: 237.5808
Epoch 44/200, Batch 400, Aver_Loss: 245.2960
Epoch 44/200, Batch 500, Aver_Loss: 232.0721
[early-stopping] Epoch 44: no improvement (4/20)
Epoch 45/200, Batch 100, Aver_Loss: 253.4315
Epoch 45/200, Batch 200, Aver_Loss: 234.7561
Epoch 45/200, Batch 300, Aver_Loss: 256.5339
Epoch 45/200, Batch 400, Aver_Loss: 241.4286
Epoch 45/200, Batch 500, Aver_Loss: 250.1879
[early-stopping] Epoch 45: no improvement (5/20)
Epoch 46/200, Batch 100, Aver_Loss: 242.8634
Epoch 46/200, Batch 200, Aver_Loss: 233.9296
Epoch 46/200, Batch 300, Aver_Loss: 233.6087
Epoch 46/200, Batch 400, Aver_Loss: 238.6690
Epoch 46/200, Batch 500, Aver_Loss: 226.9447
[early-stopping] Epoch 46: no improvement (6/20)
Epoch 47/200, Batch 100, Aver_Loss: 241.9550
Epoch 47/200, Batch 200, Aver_Loss: 252.0083
Epoch 47/200, Batch 300, Aver_Loss: 235.3517
Epoch 47/200, Batch 400, Aver_Loss: 232.8401
Epoch 47/200, Batch 500, Aver_Loss: 228.4691
[early-stopping] Epoch 47: new best val ELBO = -240.847008
Epoch 48/200, Batch 100, Aver_Loss: 239.7759
Epoch 48/200, Batch 200, Aver_Loss: 252.5977
Epoch 48/200, Batch 300, Aver_Loss: 243.2324
Epoch 48/200, Batch 400, Aver_Loss: 249.4609
Epoch 48/200, Batch 500, Aver_Loss: 250.9380
[early-stopping] Epoch 48: new best val ELBO = -240.821127
Epoch 49/200, Batch 100, Aver_Loss: 219.7067
Epoch 49/200, Batch 200, Aver_Loss: 240.8909
Epoch 49/200, Batch 300, Aver_Loss: 241.3823
Epoch 49/200, Batch 400, Aver_Loss: 255.6632
Epoch 49/200, Batch 500, Aver_Loss: 236.6880
[early-stopping] Epoch 49: no improvement (1/20)
Epoch 50/200, Batch 100, Aver_Loss: 249.8322
Epoch 50/200, Batch 200, Aver_Loss: 253.7608
Epoch 50/200, Batch 300, Aver_Loss: 234.9427
Epoch 50/200, Batch 400, Aver_Loss: 255.1017
Epoch 50/200, Batch 500, Aver_Loss: 239.1241
[early-stopping] Epoch 50: new best val ELBO = -240.808330
Epoch 51/200, Batch 100, Aver_Loss: 237.4882
Epoch 51/200, Batch 200, Aver_Loss: 239.0759
Epoch 51/200, Batch 300, Aver_Loss: 247.0768
Epoch 51/200, Batch 400, Aver_Loss: 236.1010
Epoch 51/200, Batch 500, Aver_Loss: 238.6164
[early-stopping] Epoch 51: no improvement (1/20)
Epoch 52/200, Batch 100, Aver_Loss: 238.5139
Epoch 52/200, Batch 200, Aver_Loss: 246.8012
Epoch 52/200, Batch 300, Aver_Loss: 231.7985
Epoch 52/200, Batch 400, Aver_Loss: 238.7626
Epoch 52/200, Batch 500, Aver_Loss: 241.8661
[early-stopping] Epoch 52: no improvement (2/20)
Epoch 53/200, Batch 100, Aver_Loss: 239.1980
Epoch 53/200, Batch 200, Aver_Loss: 233.8883
Epoch 53/200, Batch 300, Aver_Loss: 251.0023
Epoch 53/200, Batch 400, Aver_Loss: 240.5907
Epoch 53/200, Batch 500, Aver_Loss: 246.9930
[early-stopping] Epoch 53: new best val ELBO = -240.667443
Epoch 54/200, Batch 100, Aver_Loss: 238.3900
Epoch 54/200, Batch 200, Aver_Loss: 251.5859
Epoch 54/200, Batch 300, Aver_Loss: 237.6419
Epoch 54/200, Batch 400, Aver_Loss: 250.1874
Epoch 54/200, Batch 500, Aver_Loss: 245.5195
[early-stopping] Epoch 54: no improvement (1/20)
Epoch 55/200, Batch 100, Aver_Loss: 258.7432
Epoch 55/200, Batch 200, Aver_Loss: 231.2574
Epoch 55/200, Batch 300, Aver_Loss: 229.7961
Epoch 55/200, Batch 400, Aver_Loss: 251.4175
Epoch 55/200, Batch 500, Aver_Loss: 248.6386
[early-stopping] Epoch 55: no improvement (2/20)
Epoch 56/200, Batch 100, Aver_Loss: 234.6761
Epoch 56/200, Batch 200, Aver_Loss: 234.5013
Epoch 56/200, Batch 300, Aver_Loss: 233.7713
Epoch 56/200, Batch 400, Aver_Loss: 229.1543
Epoch 56/200, Batch 500, Aver_Loss: 234.6171
[early-stopping] Epoch 56: new best val ELBO = -240.551146
Epoch 57/200, Batch 100, Aver_Loss: 245.0947
Epoch 57/200, Batch 200, Aver_Loss: 245.8268
Epoch 57/200, Batch 300, Aver_Loss: 233.2004
Epoch 57/200, Batch 400, Aver_Loss: 231.1739
Epoch 57/200, Batch 500, Aver_Loss: 246.5228
[early-stopping] Epoch 57: no improvement (1/20)
Epoch 58/200, Batch 100, Aver_Loss: 233.4176
Epoch 58/200, Batch 200, Aver_Loss: 243.3378
Epoch 58/200, Batch 300, Aver_Loss: 240.5161
Epoch 58/200, Batch 400, Aver_Loss: 233.9166
Epoch 58/200, Batch 500, Aver_Loss: 248.6742
[early-stopping] Epoch 58: no improvement (2/20)
Epoch 59/200, Batch 100, Aver_Loss: 247.1420
Epoch 59/200, Batch 200, Aver_Loss: 231.6358
Epoch 59/200, Batch 300, Aver_Loss: 252.0277
Epoch 59/200, Batch 400, Aver_Loss: 228.9185
Epoch 59/200, Batch 500, Aver_Loss: 240.5357
[early-stopping] Epoch 59: new best val ELBO = -240.370702
Epoch 60/200, Batch 100, Aver_Loss: 248.8530
Epoch 60/200, Batch 200, Aver_Loss: 250.5729
Epoch 60/200, Batch 300, Aver_Loss: 248.3000
Epoch 60/200, Batch 400, Aver_Loss: 240.4190
Epoch 60/200, Batch 500, Aver_Loss: 234.5445
[early-stopping] Epoch 60: no improvement (1/20)
Epoch 61/200, Batch 100, Aver_Loss: 240.5576
Epoch 61/200, Batch 200, Aver_Loss: 241.6848
Epoch 61/200, Batch 300, Aver_Loss: 247.1063
Epoch 61/200, Batch 400, Aver_Loss: 235.3131
Epoch 61/200, Batch 500, Aver_Loss: 248.4962
[early-stopping] Epoch 61: new best val ELBO = -240.339930
Epoch 62/200, Batch 100, Aver_Loss: 240.1510
Epoch 62/200, Batch 200, Aver_Loss: 249.5385
Epoch 62/200, Batch 300, Aver_Loss: 242.6834
Epoch 62/200, Batch 400, Aver_Loss: 247.0483
Epoch 62/200, Batch 500, Aver_Loss: 254.1929
[early-stopping] Epoch 62: no improvement (1/20)
Epoch 63/200, Batch 100, Aver_Loss: 248.4496
Epoch 63/200, Batch 200, Aver_Loss: 245.9066
Epoch 63/200, Batch 300, Aver_Loss: 235.0874
Epoch 63/200, Batch 400, Aver_Loss: 244.9762
Epoch 63/200, Batch 500, Aver_Loss: 256.4688
[early-stopping] Epoch 63: no improvement (2/20)
Epoch 64/200, Batch 100, Aver_Loss: 245.3308
Epoch 64/200, Batch 200, Aver_Loss: 234.7863
Epoch 64/200, Batch 300, Aver_Loss: 236.6950
Epoch 64/200, Batch 400, Aver_Loss: 248.9240
Epoch 64/200, Batch 500, Aver_Loss: 235.3694
[early-stopping] Epoch 64: new best val ELBO = -240.333220
Epoch 65/200, Batch 100, Aver_Loss: 232.1838
Epoch 65/200, Batch 200, Aver_Loss: 242.4767
Epoch 65/200, Batch 300, Aver_Loss: 241.4747
Epoch 65/200, Batch 400, Aver_Loss: 239.4717
Epoch 65/200, Batch 500, Aver_Loss: 260.4208
[early-stopping] Epoch 65: no improvement (1/20)
Epoch 66/200, Batch 100, Aver_Loss: 236.7547
Epoch 66/200, Batch 200, Aver_Loss: 248.1372
Epoch 66/200, Batch 300, Aver_Loss: 237.6759
Epoch 66/200, Batch 400, Aver_Loss: 251.8901
Epoch 66/200, Batch 500, Aver_Loss: 242.9891
[early-stopping] Epoch 66: no improvement (2/20)
Epoch 67/200, Batch 100, Aver_Loss: 242.6659
Epoch 67/200, Batch 200, Aver_Loss: 225.5873
Epoch 67/200, Batch 300, Aver_Loss: 235.9727
Epoch 67/200, Batch 400, Aver_Loss: 251.8843
Epoch 67/200, Batch 500, Aver_Loss: 248.8340
[early-stopping] Epoch 67: new best val ELBO = -240.309741
Epoch 68/200, Batch 100, Aver_Loss: 242.0990
Epoch 68/200, Batch 200, Aver_Loss: 245.4395
Epoch 68/200, Batch 300, Aver_Loss: 240.6443
Epoch 68/200, Batch 400, Aver_Loss: 245.1321
Epoch 68/200, Batch 500, Aver_Loss: 246.9791
[early-stopping] Epoch 68: no improvement (1/20)
Epoch 69/200, Batch 100, Aver_Loss: 251.9722
Epoch 69/200, Batch 200, Aver_Loss: 235.7482
Epoch 69/200, Batch 300, Aver_Loss: 250.5407
Epoch 69/200, Batch 400, Aver_Loss: 249.5353
Epoch 69/200, Batch 500, Aver_Loss: 244.7481
[early-stopping] Epoch 69: no improvement (2/20)
Epoch 70/200, Batch 100, Aver_Loss: 219.7790
Epoch 70/200, Batch 200, Aver_Loss: 248.8277
Epoch 70/200, Batch 300, Aver_Loss: 239.7004
Epoch 70/200, Batch 400, Aver_Loss: 238.3222
Epoch 70/200, Batch 500, Aver_Loss: 240.2458
[early-stopping] Epoch 70: new best val ELBO = -239.973367
Epoch 71/200, Batch 100, Aver_Loss: 250.7549
Epoch 71/200, Batch 200, Aver_Loss: 242.2575
Epoch 71/200, Batch 300, Aver_Loss: 237.2641
Epoch 71/200, Batch 400, Aver_Loss: 228.3464
Epoch 71/200, Batch 500, Aver_Loss: 257.6140
[early-stopping] Epoch 71: no improvement (1/20)
Epoch 72/200, Batch 100, Aver_Loss: 256.6362
Epoch 72/200, Batch 200, Aver_Loss: 236.0717
Epoch 72/200, Batch 300, Aver_Loss: 231.7815
Epoch 72/200, Batch 400, Aver_Loss: 241.8768
Epoch 72/200, Batch 500, Aver_Loss: 241.9571
[early-stopping] Epoch 72: no improvement (2/20)
Epoch 73/200, Batch 100, Aver_Loss: 247.8670
Epoch 73/200, Batch 200, Aver_Loss: 238.8468
Epoch 73/200, Batch 300, Aver_Loss: 254.2868
Epoch 73/200, Batch 400, Aver_Loss: 246.4744
Epoch 73/200, Batch 500, Aver_Loss: 239.4375
[early-stopping] Epoch 73: no improvement (3/20)
Epoch 74/200, Batch 100, Aver_Loss: 247.5079
Epoch 74/200, Batch 200, Aver_Loss: 235.0829
Epoch 74/200, Batch 300, Aver_Loss: 249.4387
Epoch 74/200, Batch 400, Aver_Loss: 223.0427
Epoch 74/200, Batch 500, Aver_Loss: 239.1916
[early-stopping] Epoch 74: no improvement (4/20)
Epoch 75/200, Batch 100, Aver_Loss: 246.7050
Epoch 75/200, Batch 200, Aver_Loss: 233.5081
Epoch 75/200, Batch 300, Aver_Loss: 232.0833
Epoch 75/200, Batch 400, Aver_Loss: 236.1879
Epoch 75/200, Batch 500, Aver_Loss: 238.8390
[early-stopping] Epoch 75: new best val ELBO = -239.879844
Epoch 76/200, Batch 100, Aver_Loss: 239.5297
Epoch 76/200, Batch 200, Aver_Loss: 235.6825
Epoch 76/200, Batch 300, Aver_Loss: 247.3473
Epoch 76/200, Batch 400, Aver_Loss: 239.9668
Epoch 76/200, Batch 500, Aver_Loss: 225.4439
[early-stopping] Epoch 76: no improvement (1/20)
Epoch 77/200, Batch 100, Aver_Loss: 229.5220
Epoch 77/200, Batch 200, Aver_Loss: 249.3360
Epoch 77/200, Batch 300, Aver_Loss: 231.7604
Epoch 77/200, Batch 400, Aver_Loss: 241.7634
Epoch 77/200, Batch 500, Aver_Loss: 233.5426
[early-stopping] Epoch 77: no improvement (2/20)
Epoch 78/200, Batch 100, Aver_Loss: 245.2136
Epoch 78/200, Batch 200, Aver_Loss: 244.8922
Epoch 78/200, Batch 300, Aver_Loss: 238.6080
Epoch 78/200, Batch 400, Aver_Loss: 241.3751
Epoch 78/200, Batch 500, Aver_Loss: 243.4209
[early-stopping] Epoch 78: no improvement (3/20)
Epoch 79/200, Batch 100, Aver_Loss: 246.3595
Epoch 79/200, Batch 200, Aver_Loss: 245.0752
Epoch 79/200, Batch 300, Aver_Loss: 240.9514
Epoch 79/200, Batch 400, Aver_Loss: 249.0405
Epoch 79/200, Batch 500, Aver_Loss: 246.1187
[early-stopping] Epoch 79: no improvement (4/20)
Epoch 80/200, Batch 100, Aver_Loss: 241.8376
Epoch 80/200, Batch 200, Aver_Loss: 237.2865
Epoch 80/200, Batch 300, Aver_Loss: 250.4311
Epoch 80/200, Batch 400, Aver_Loss: 235.5863
Epoch 80/200, Batch 500, Aver_Loss: 222.3038
[early-stopping] Epoch 80: no improvement (5/20)
Epoch 81/200, Batch 100, Aver_Loss: 238.8711
Epoch 81/200, Batch 200, Aver_Loss: 248.9893
Epoch 81/200, Batch 300, Aver_Loss: 245.4312
Epoch 81/200, Batch 400, Aver_Loss: 239.5481
Epoch 81/200, Batch 500, Aver_Loss: 242.0330
[early-stopping] Epoch 81: no improvement (6/20)
Epoch 82/200, Batch 100, Aver_Loss: 238.3366
Epoch 82/200, Batch 200, Aver_Loss: 219.9809
Epoch 82/200, Batch 300, Aver_Loss: 241.4988
Epoch 82/200, Batch 400, Aver_Loss: 229.6532
Epoch 82/200, Batch 500, Aver_Loss: 248.7151
[early-stopping] Epoch 82: no improvement (7/20)
Epoch 83/200, Batch 100, Aver_Loss: 236.9634
Epoch 83/200, Batch 200, Aver_Loss: 237.4452
Epoch 83/200, Batch 300, Aver_Loss: 233.6398
Epoch 83/200, Batch 400, Aver_Loss: 231.6921
Epoch 83/200, Batch 500, Aver_Loss: 244.5932
[early-stopping] Epoch 83: no improvement (8/20)
Epoch 84/200, Batch 100, Aver_Loss: 237.9349
Epoch 84/200, Batch 200, Aver_Loss: 236.0192
Epoch 84/200, Batch 300, Aver_Loss: 245.0186
Epoch 84/200, Batch 400, Aver_Loss: 243.4884
Epoch 84/200, Batch 500, Aver_Loss: 234.7781
[early-stopping] Epoch 84: no improvement (9/20)
Epoch 85/200, Batch 100, Aver_Loss: 238.8765
Epoch 85/200, Batch 200, Aver_Loss: 227.8871
Epoch 85/200, Batch 300, Aver_Loss: 223.4894
Epoch 85/200, Batch 400, Aver_Loss: 240.5813
Epoch 85/200, Batch 500, Aver_Loss: 240.5781
[early-stopping] Epoch 85: no improvement (10/20)
Epoch 86/200, Batch 100, Aver_Loss: 253.1667
Epoch 86/200, Batch 200, Aver_Loss: 227.0799
Epoch 86/200, Batch 300, Aver_Loss: 251.0001
Epoch 86/200, Batch 400, Aver_Loss: 253.5758
Epoch 86/200, Batch 500, Aver_Loss: 218.2587
[early-stopping] Epoch 86: no improvement (11/20)
Epoch 87/200, Batch 100, Aver_Loss: 235.9433
Epoch 87/200, Batch 200, Aver_Loss: 242.3624
Epoch 87/200, Batch 300, Aver_Loss: 243.0598
Epoch 87/200, Batch 400, Aver_Loss: 233.1235
Epoch 87/200, Batch 500, Aver_Loss: 225.0246
[early-stopping] Epoch 87: no improvement (12/20)
Epoch 88/200, Batch 100, Aver_Loss: 239.1666
Epoch 88/200, Batch 200, Aver_Loss: 243.7654
Epoch 88/200, Batch 300, Aver_Loss: 226.0296
Epoch 88/200, Batch 400, Aver_Loss: 231.2057
Epoch 88/200, Batch 500, Aver_Loss: 232.7448
[early-stopping] Epoch 88: no improvement (13/20)
Epoch 89/200, Batch 100, Aver_Loss: 228.0361
Epoch 89/200, Batch 200, Aver_Loss: 224.6580
Epoch 89/200, Batch 300, Aver_Loss: 223.6995
Epoch 89/200, Batch 400, Aver_Loss: 243.9795
Epoch 89/200, Batch 500, Aver_Loss: 236.7831
[early-stopping] Epoch 89: no improvement (14/20)
Epoch 90/200, Batch 100, Aver_Loss: 232.7377
Epoch 90/200, Batch 200, Aver_Loss: 226.7056
Epoch 90/200, Batch 300, Aver_Loss: 249.2513
Epoch 90/200, Batch 400, Aver_Loss: 233.9693
Epoch 90/200, Batch 500, Aver_Loss: 228.3984
[early-stopping] Epoch 90: no improvement (15/20)
Epoch 91/200, Batch 100, Aver_Loss: 234.8000
Epoch 91/200, Batch 200, Aver_Loss: 239.9102
Epoch 91/200, Batch 300, Aver_Loss: 230.4208
Epoch 91/200, Batch 400, Aver_Loss: 239.7082
Epoch 91/200, Batch 500, Aver_Loss: 239.1032
[early-stopping] Epoch 91: no improvement (16/20)
Epoch 92/200, Batch 100, Aver_Loss: 253.0642
Epoch 92/200, Batch 200, Aver_Loss: 239.0388
Epoch 92/200, Batch 300, Aver_Loss: 246.4740
Epoch 92/200, Batch 400, Aver_Loss: 229.8958
Epoch 92/200, Batch 500, Aver_Loss: 238.7092
[early-stopping] Epoch 92: no improvement (17/20)
Epoch 93/200, Batch 100, Aver_Loss: 236.7909
Epoch 93/200, Batch 200, Aver_Loss: 238.2340
Epoch 93/200, Batch 300, Aver_Loss: 240.6805
Epoch 93/200, Batch 400, Aver_Loss: 238.8230
Epoch 93/200, Batch 500, Aver_Loss: 248.8421
[early-stopping] Epoch 93: new best val ELBO = -239.834157
Epoch 94/200, Batch 100, Aver_Loss: 242.3271
Epoch 94/200, Batch 200, Aver_Loss: 250.7997
Epoch 94/200, Batch 300, Aver_Loss: 240.4597
Epoch 94/200, Batch 400, Aver_Loss: 240.3801
Epoch 94/200, Batch 500, Aver_Loss: 248.5846
[early-stopping] Epoch 94: new best val ELBO = -239.763681
Epoch 95/200, Batch 100, Aver_Loss: 239.6772
Epoch 95/200, Batch 200, Aver_Loss: 247.6359
Epoch 95/200, Batch 300, Aver_Loss: 233.5276
Epoch 95/200, Batch 400, Aver_Loss: 243.9304
Epoch 95/200, Batch 500, Aver_Loss: 235.3320
[early-stopping] Epoch 95: no improvement (1/20)
Epoch 96/200, Batch 100, Aver_Loss: 233.3577
Epoch 96/200, Batch 200, Aver_Loss: 241.6960
Epoch 96/200, Batch 300, Aver_Loss: 243.6909
Epoch 96/200, Batch 400, Aver_Loss: 246.0513
Epoch 96/200, Batch 500, Aver_Loss: 239.5483
[early-stopping] Epoch 96: new best val ELBO = -239.669582
Epoch 97/200, Batch 100, Aver_Loss: 231.5462
Epoch 97/200, Batch 200, Aver_Loss: 239.8834
Epoch 97/200, Batch 300, Aver_Loss: 245.0453
Epoch 97/200, Batch 400, Aver_Loss: 229.5754
Epoch 97/200, Batch 500, Aver_Loss: 248.8672
[early-stopping] Epoch 97: no improvement (1/20)
Epoch 98/200, Batch 100, Aver_Loss: 252.1965
Epoch 98/200, Batch 200, Aver_Loss: 248.8394
Epoch 98/200, Batch 300, Aver_Loss: 239.4346
Epoch 98/200, Batch 400, Aver_Loss: 226.0058
Epoch 98/200, Batch 500, Aver_Loss: 234.7069
[early-stopping] Epoch 98: no improvement (2/20)
Epoch 99/200, Batch 100, Aver_Loss: 235.7664
Epoch 99/200, Batch 200, Aver_Loss: 246.6560
Epoch 99/200, Batch 300, Aver_Loss: 245.5880
Epoch 99/200, Batch 400, Aver_Loss: 247.2804
Epoch 99/200, Batch 500, Aver_Loss: 235.5429
[early-stopping] Epoch 99: no improvement (3/20)
Epoch 100/200, Batch 100, Aver_Loss: 243.5217
Epoch 100/200, Batch 200, Aver_Loss: 243.9799
Epoch 100/200, Batch 300, Aver_Loss: 234.1909
Epoch 100/200, Batch 400, Aver_Loss: 226.8080
Epoch 100/200, Batch 500, Aver_Loss: 229.4393
[early-stopping] Epoch 100: no improvement (4/20)
Epoch 101/200, Batch 100, Aver_Loss: 225.5203
Epoch 101/200, Batch 200, Aver_Loss: 249.2605
Epoch 101/200, Batch 300, Aver_Loss: 233.7841
Epoch 101/200, Batch 400, Aver_Loss: 233.6871
Epoch 101/200, Batch 500, Aver_Loss: 243.9798
[early-stopping] Epoch 101: no improvement (5/20)
Epoch 102/200, Batch 100, Aver_Loss: 241.0036
Epoch 102/200, Batch 200, Aver_Loss: 247.7347
Epoch 102/200, Batch 300, Aver_Loss: 250.6774
Epoch 102/200, Batch 400, Aver_Loss: 229.0852
Epoch 102/200, Batch 500, Aver_Loss: 234.6821
[early-stopping] Epoch 102: no improvement (6/20)
Epoch 103/200, Batch 100, Aver_Loss: 237.6819
Epoch 103/200, Batch 200, Aver_Loss: 247.3557
Epoch 103/200, Batch 300, Aver_Loss: 240.7675
Epoch 103/200, Batch 400, Aver_Loss: 242.9952
Epoch 103/200, Batch 500, Aver_Loss: 237.5320
[early-stopping] Epoch 103: new best val ELBO = -239.521798
Epoch 104/200, Batch 100, Aver_Loss: 237.7323
Epoch 104/200, Batch 200, Aver_Loss: 229.1290
Epoch 104/200, Batch 300, Aver_Loss: 235.4917
Epoch 104/200, Batch 400, Aver_Loss: 249.0673
Epoch 104/200, Batch 500, Aver_Loss: 232.6002
[early-stopping] Epoch 104: no improvement (1/20)
Epoch 105/200, Batch 100, Aver_Loss: 231.6499
Epoch 105/200, Batch 200, Aver_Loss: 234.6837
Epoch 105/200, Batch 300, Aver_Loss: 235.8642
Epoch 105/200, Batch 400, Aver_Loss: 233.6241
Epoch 105/200, Batch 500, Aver_Loss: 239.2604
[early-stopping] Epoch 105: no improvement (2/20)
Epoch 106/200, Batch 100, Aver_Loss: 245.3420
Epoch 106/200, Batch 200, Aver_Loss: 240.5880
Epoch 106/200, Batch 300, Aver_Loss: 242.0267
Epoch 106/200, Batch 400, Aver_Loss: 240.1187
Epoch 106/200, Batch 500, Aver_Loss: 248.2933
[early-stopping] Epoch 106: no improvement (3/20)
Epoch 107/200, Batch 100, Aver_Loss: 242.2462
Epoch 107/200, Batch 200, Aver_Loss: 238.0381
Epoch 107/200, Batch 300, Aver_Loss: 243.3655
Epoch 107/200, Batch 400, Aver_Loss: 235.2460
Epoch 107/200, Batch 500, Aver_Loss: 243.5939
[early-stopping] Epoch 107: no improvement (4/20)
Epoch 108/200, Batch 100, Aver_Loss: 237.5053
Epoch 108/200, Batch 200, Aver_Loss: 237.8021
Epoch 108/200, Batch 300, Aver_Loss: 238.7075
Epoch 108/200, Batch 400, Aver_Loss: 239.8425
Epoch 108/200, Batch 500, Aver_Loss: 236.5097
[early-stopping] Epoch 108: no improvement (5/20)
Epoch 109/200, Batch 100, Aver_Loss: 258.8463
Epoch 109/200, Batch 200, Aver_Loss: 248.4223
Epoch 109/200, Batch 300, Aver_Loss: 240.2746
Epoch 109/200, Batch 400, Aver_Loss: 237.1117
Epoch 109/200, Batch 500, Aver_Loss: 231.1925
[early-stopping] Epoch 109: no improvement (6/20)
Epoch 110/200, Batch 100, Aver_Loss: 238.2861
Epoch 110/200, Batch 200, Aver_Loss: 245.3418
Epoch 110/200, Batch 300, Aver_Loss: 236.0683
Epoch 110/200, Batch 400, Aver_Loss: 243.9008
Epoch 110/200, Batch 500, Aver_Loss: 232.7184
[early-stopping] Epoch 110: no improvement (7/20)
Epoch 111/200, Batch 100, Aver_Loss: 228.1423
Epoch 111/200, Batch 200, Aver_Loss: 240.3929
Epoch 111/200, Batch 300, Aver_Loss: 253.6487
Epoch 111/200, Batch 400, Aver_Loss: 243.2031
Epoch 111/200, Batch 500, Aver_Loss: 229.3079
[early-stopping] Epoch 111: no improvement (8/20)
Epoch 112/200, Batch 100, Aver_Loss: 253.3066
Epoch 112/200, Batch 200, Aver_Loss: 239.5475
Epoch 112/200, Batch 300, Aver_Loss: 244.3213
Epoch 112/200, Batch 400, Aver_Loss: 240.6563
Epoch 112/200, Batch 500, Aver_Loss: 241.3972
[early-stopping] Epoch 112: no improvement (9/20)
Epoch 113/200, Batch 100, Aver_Loss: 236.9315
Epoch 113/200, Batch 200, Aver_Loss: 235.5394
Epoch 113/200, Batch 300, Aver_Loss: 245.3576
Epoch 113/200, Batch 400, Aver_Loss: 227.0696
Epoch 113/200, Batch 500, Aver_Loss: 247.2345
[early-stopping] Epoch 113: no improvement (10/20)
Epoch 114/200, Batch 100, Aver_Loss: 238.2111
Epoch 114/200, Batch 200, Aver_Loss: 227.8175
Epoch 114/200, Batch 300, Aver_Loss: 243.2770
Epoch 114/200, Batch 400, Aver_Loss: 234.1131
Epoch 114/200, Batch 500, Aver_Loss: 247.4910
[early-stopping] Epoch 114: no improvement (11/20)
Epoch 115/200, Batch 100, Aver_Loss: 244.7696
Epoch 115/200, Batch 200, Aver_Loss: 256.4238
Epoch 115/200, Batch 300, Aver_Loss: 236.2600
Epoch 115/200, Batch 400, Aver_Loss: 235.5347
Epoch 115/200, Batch 500, Aver_Loss: 241.2605
[early-stopping] Epoch 115: no improvement (12/20)
Epoch 116/200, Batch 100, Aver_Loss: 238.2828
Epoch 116/200, Batch 200, Aver_Loss: 230.2831
Epoch 116/200, Batch 300, Aver_Loss: 254.8249
Epoch 116/200, Batch 400, Aver_Loss: 248.3871
Epoch 116/200, Batch 500, Aver_Loss: 230.0969
[early-stopping] Epoch 116: new best val ELBO = -239.496383
Epoch 117/200, Batch 100, Aver_Loss: 248.8045
Epoch 117/200, Batch 200, Aver_Loss: 246.1247
Epoch 117/200, Batch 300, Aver_Loss: 231.6798
Epoch 117/200, Batch 400, Aver_Loss: 216.4088
Epoch 117/200, Batch 500, Aver_Loss: 234.6965
[early-stopping] Epoch 117: no improvement (1/20)
Epoch 118/200, Batch 100, Aver_Loss: 241.3786
Epoch 118/200, Batch 200, Aver_Loss: 231.4424
Epoch 118/200, Batch 300, Aver_Loss: 231.7678
Epoch 118/200, Batch 400, Aver_Loss: 237.2814
Epoch 118/200, Batch 500, Aver_Loss: 236.5626
[early-stopping] Epoch 118: no improvement (2/20)
Epoch 119/200, Batch 100, Aver_Loss: 234.7132
Epoch 119/200, Batch 200, Aver_Loss: 232.8365
Epoch 119/200, Batch 300, Aver_Loss: 233.5960
Epoch 119/200, Batch 400, Aver_Loss: 238.9670
Epoch 119/200, Batch 500, Aver_Loss: 227.1205
[early-stopping] Epoch 119: no improvement (3/20)
Epoch 120/200, Batch 100, Aver_Loss: 221.4223
Epoch 120/200, Batch 200, Aver_Loss: 235.7637
Epoch 120/200, Batch 300, Aver_Loss: 235.9742
Epoch 120/200, Batch 400, Aver_Loss: 240.8027
Epoch 120/200, Batch 500, Aver_Loss: 230.6817
[early-stopping] Epoch 120: no improvement (4/20)
Epoch 121/200, Batch 100, Aver_Loss: 228.5299
Epoch 121/200, Batch 200, Aver_Loss: 235.7087
Epoch 121/200, Batch 300, Aver_Loss: 244.5631
Epoch 121/200, Batch 400, Aver_Loss: 248.1787
Epoch 121/200, Batch 500, Aver_Loss: 247.3949
[early-stopping] Epoch 121: no improvement (5/20)
Epoch 122/200, Batch 100, Aver_Loss: 236.5007
Epoch 122/200, Batch 200, Aver_Loss: 240.8265
Epoch 122/200, Batch 300, Aver_Loss: 233.7600
Epoch 122/200, Batch 400, Aver_Loss: 249.7555
Epoch 122/200, Batch 500, Aver_Loss: 235.7003
[early-stopping] Epoch 122: new best val ELBO = -239.437126
Epoch 123/200, Batch 100, Aver_Loss: 234.5130
Epoch 123/200, Batch 200, Aver_Loss: 237.0068
Epoch 123/200, Batch 300, Aver_Loss: 237.6886
Epoch 123/200, Batch 400, Aver_Loss: 229.8643
Epoch 123/200, Batch 500, Aver_Loss: 242.0249
[early-stopping] Epoch 123: no improvement (1/20)
Epoch 124/200, Batch 100, Aver_Loss: 245.8115
Epoch 124/200, Batch 200, Aver_Loss: 253.4342
Epoch 124/200, Batch 300, Aver_Loss: 238.0133
Epoch 124/200, Batch 400, Aver_Loss: 231.2236
Epoch 124/200, Batch 500, Aver_Loss: 236.0971
[early-stopping] Epoch 124: no improvement (2/20)
Epoch 125/200, Batch 100, Aver_Loss: 250.2746
Epoch 125/200, Batch 200, Aver_Loss: 228.7651
Epoch 125/200, Batch 300, Aver_Loss: 238.0140
Epoch 125/200, Batch 400, Aver_Loss: 240.2296
Epoch 125/200, Batch 500, Aver_Loss: 235.4233
[early-stopping] Epoch 125: no improvement (3/20)
Epoch 126/200, Batch 100, Aver_Loss: 240.2929
Epoch 126/200, Batch 200, Aver_Loss: 241.2924
Epoch 126/200, Batch 300, Aver_Loss: 246.9400
Epoch 126/200, Batch 400, Aver_Loss: 245.1477
Epoch 126/200, Batch 500, Aver_Loss: 234.3349
[early-stopping] Epoch 126: no improvement (4/20)
Epoch 127/200, Batch 100, Aver_Loss: 240.3441
Epoch 127/200, Batch 200, Aver_Loss: 243.9313
Epoch 127/200, Batch 300, Aver_Loss: 244.6998
Epoch 127/200, Batch 400, Aver_Loss: 231.0686
Epoch 127/200, Batch 500, Aver_Loss: 244.1411
[early-stopping] Epoch 127: no improvement (5/20)
Epoch 128/200, Batch 100, Aver_Loss: 241.9008
Epoch 128/200, Batch 200, Aver_Loss: 235.3753
Epoch 128/200, Batch 300, Aver_Loss: 245.8726
Epoch 128/200, Batch 400, Aver_Loss: 246.8378
Epoch 128/200, Batch 500, Aver_Loss: 236.0415
[early-stopping] Epoch 128: no improvement (6/20)
Epoch 129/200, Batch 100, Aver_Loss: 248.0687
Epoch 129/200, Batch 200, Aver_Loss: 245.1301
Epoch 129/200, Batch 300, Aver_Loss: 229.3621
Epoch 129/200, Batch 400, Aver_Loss: 242.1897
Epoch 129/200, Batch 500, Aver_Loss: 242.5519
[early-stopping] Epoch 129: new best val ELBO = -239.238663
Epoch 130/200, Batch 100, Aver_Loss: 230.0715
Epoch 130/200, Batch 200, Aver_Loss: 227.7159
Epoch 130/200, Batch 300, Aver_Loss: 240.4898
Epoch 130/200, Batch 400, Aver_Loss: 229.8446
Epoch 130/200, Batch 500, Aver_Loss: 236.2556
[early-stopping] Epoch 130: no improvement (1/20)
Epoch 131/200, Batch 100, Aver_Loss: 237.6768
Epoch 131/200, Batch 200, Aver_Loss: 241.2149
Epoch 131/200, Batch 300, Aver_Loss: 237.0697
Epoch 131/200, Batch 400, Aver_Loss: 247.4271
Epoch 131/200, Batch 500, Aver_Loss: 240.3419
[early-stopping] Epoch 131: no improvement (2/20)
Epoch 132/200, Batch 100, Aver_Loss: 224.8039
Epoch 132/200, Batch 200, Aver_Loss: 237.9563
Epoch 132/200, Batch 300, Aver_Loss: 238.6494
Epoch 132/200, Batch 400, Aver_Loss: 243.0434
Epoch 132/200, Batch 500, Aver_Loss: 237.9551
[early-stopping] Epoch 132: no improvement (3/20)
Epoch 133/200, Batch 100, Aver_Loss: 234.3785
Epoch 133/200, Batch 200, Aver_Loss: 239.2206
Epoch 133/200, Batch 300, Aver_Loss: 239.5321
Epoch 133/200, Batch 400, Aver_Loss: 234.6666
Epoch 133/200, Batch 500, Aver_Loss: 232.8951
[early-stopping] Epoch 133: no improvement (4/20)
Epoch 134/200, Batch 100, Aver_Loss: 223.9884
Epoch 134/200, Batch 200, Aver_Loss: 240.3695
Epoch 134/200, Batch 300, Aver_Loss: 233.5258
Epoch 134/200, Batch 400, Aver_Loss: 223.5445
Epoch 134/200, Batch 500, Aver_Loss: 237.2095
[early-stopping] Epoch 134: no improvement (5/20)
Epoch 135/200, Batch 100, Aver_Loss: 228.4548
Epoch 135/200, Batch 200, Aver_Loss: 231.1292
Epoch 135/200, Batch 300, Aver_Loss: 234.8376
Epoch 135/200, Batch 400, Aver_Loss: 234.3158
Epoch 135/200, Batch 500, Aver_Loss: 252.3558
[early-stopping] Epoch 135: new best val ELBO = -239.222953
Epoch 136/200, Batch 100, Aver_Loss: 233.7238
Epoch 136/200, Batch 200, Aver_Loss: 235.8360
Epoch 136/200, Batch 300, Aver_Loss: 232.5310
Epoch 136/200, Batch 400, Aver_Loss: 240.5052
Epoch 136/200, Batch 500, Aver_Loss: 233.5894
[early-stopping] Epoch 136: no improvement (1/20)
Epoch 137/200, Batch 100, Aver_Loss: 243.2330
Epoch 137/200, Batch 200, Aver_Loss: 247.8439
Epoch 137/200, Batch 300, Aver_Loss: 240.6183
Epoch 137/200, Batch 400, Aver_Loss: 248.1979
Epoch 137/200, Batch 500, Aver_Loss: 240.4429
[early-stopping] Epoch 137: no improvement (2/20)
Epoch 138/200, Batch 100, Aver_Loss: 242.3906
Epoch 138/200, Batch 200, Aver_Loss: 244.8609
Epoch 138/200, Batch 300, Aver_Loss: 232.7021
Epoch 138/200, Batch 400, Aver_Loss: 246.5455
Epoch 138/200, Batch 500, Aver_Loss: 243.1991
[early-stopping] Epoch 138: no improvement (3/20)
Epoch 139/200, Batch 100, Aver_Loss: 243.0246
Epoch 139/200, Batch 200, Aver_Loss: 236.4980
Epoch 139/200, Batch 300, Aver_Loss: 245.2425
Epoch 139/200, Batch 400, Aver_Loss: 226.3604
Epoch 139/200, Batch 500, Aver_Loss: 249.4416
[early-stopping] Epoch 139: no improvement (4/20)
Epoch 140/200, Batch 100, Aver_Loss: 234.6863
Epoch 140/200, Batch 200, Aver_Loss: 248.2534
Epoch 140/200, Batch 300, Aver_Loss: 247.2168
Epoch 140/200, Batch 400, Aver_Loss: 238.7450
Epoch 140/200, Batch 500, Aver_Loss: 244.3051
[early-stopping] Epoch 140: no improvement (5/20)
Epoch 141/200, Batch 100, Aver_Loss: 242.5472
Epoch 141/200, Batch 200, Aver_Loss: 237.5316
Epoch 141/200, Batch 300, Aver_Loss: 233.5436
Epoch 141/200, Batch 400, Aver_Loss: 230.0831
Epoch 141/200, Batch 500, Aver_Loss: 242.7706
[early-stopping] Epoch 141: no improvement (6/20)
Epoch 142/200, Batch 100, Aver_Loss: 236.7786
Epoch 142/200, Batch 200, Aver_Loss: 236.0673
Epoch 142/200, Batch 300, Aver_Loss: 251.2663
Epoch 142/200, Batch 400, Aver_Loss: 236.0060
Epoch 142/200, Batch 500, Aver_Loss: 238.4218
[early-stopping] Epoch 142: no improvement (7/20)
Epoch 143/200, Batch 100, Aver_Loss: 250.0959
Epoch 143/200, Batch 200, Aver_Loss: 228.0035
Epoch 143/200, Batch 300, Aver_Loss: 245.7531
Epoch 143/200, Batch 400, Aver_Loss: 248.1832
Epoch 143/200, Batch 500, Aver_Loss: 218.0135
[early-stopping] Epoch 143: no improvement (8/20)
Epoch 144/200, Batch 100, Aver_Loss: 232.7820
Epoch 144/200, Batch 200, Aver_Loss: 235.2972
Epoch 144/200, Batch 300, Aver_Loss: 219.4067
Epoch 144/200, Batch 400, Aver_Loss: 236.5726
Epoch 144/200, Batch 500, Aver_Loss: 238.6111
[early-stopping] Epoch 144: no improvement (9/20)
Epoch 145/200, Batch 100, Aver_Loss: 242.9581
Epoch 145/200, Batch 200, Aver_Loss: 234.4933
Epoch 145/200, Batch 300, Aver_Loss: 231.7198
Epoch 145/200, Batch 400, Aver_Loss: 235.7567
Epoch 145/200, Batch 500, Aver_Loss: 243.3946
[early-stopping] Epoch 145: no improvement (10/20)
Epoch 146/200, Batch 100, Aver_Loss: 227.2238
Epoch 146/200, Batch 200, Aver_Loss: 241.8847
Epoch 146/200, Batch 300, Aver_Loss: 248.5536
Epoch 146/200, Batch 400, Aver_Loss: 243.1781
Epoch 146/200, Batch 500, Aver_Loss: 236.9935
[early-stopping] Epoch 146: no improvement (11/20)
Epoch 147/200, Batch 100, Aver_Loss: 263.9581
Epoch 147/200, Batch 200, Aver_Loss: 239.0126
Epoch 147/200, Batch 300, Aver_Loss: 229.7156
Epoch 147/200, Batch 400, Aver_Loss: 236.1481
Epoch 147/200, Batch 500, Aver_Loss: 232.4950
[early-stopping] Epoch 147: no improvement (12/20)
Epoch 148/200, Batch 100, Aver_Loss: 236.5746
Epoch 148/200, Batch 200, Aver_Loss: 235.0857
Epoch 148/200, Batch 300, Aver_Loss: 230.9866
Epoch 148/200, Batch 400, Aver_Loss: 241.7176
Epoch 148/200, Batch 500, Aver_Loss: 253.7774
[early-stopping] Epoch 148: no improvement (13/20)
Epoch 149/200, Batch 100, Aver_Loss: 240.9812
Epoch 149/200, Batch 200, Aver_Loss: 244.5854
Epoch 149/200, Batch 300, Aver_Loss: 251.4606
Epoch 149/200, Batch 400, Aver_Loss: 255.5719
Epoch 149/200, Batch 500, Aver_Loss: 232.1566
[early-stopping] Epoch 149: no improvement (14/20)
Epoch 150/200, Batch 100, Aver_Loss: 230.3688
Epoch 150/200, Batch 200, Aver_Loss: 237.9496
Epoch 150/200, Batch 300, Aver_Loss: 237.5940
Epoch 150/200, Batch 400, Aver_Loss: 237.5029
Epoch 150/200, Batch 500, Aver_Loss: 234.6437
[early-stopping] Epoch 150: no improvement (15/20)
Epoch 151/200, Batch 100, Aver_Loss: 231.6796
Epoch 151/200, Batch 200, Aver_Loss: 242.6918
Epoch 151/200, Batch 300, Aver_Loss: 239.6808
Epoch 151/200, Batch 400, Aver_Loss: 245.6695
Epoch 151/200, Batch 500, Aver_Loss: 240.6557
[early-stopping] Epoch 151: no improvement (16/20)
Epoch 152/200, Batch 100, Aver_Loss: 245.9935
Epoch 152/200, Batch 200, Aver_Loss: 234.4059
Epoch 152/200, Batch 300, Aver_Loss: 232.8341
Epoch 152/200, Batch 400, Aver_Loss: 240.0111
Epoch 152/200, Batch 500, Aver_Loss: 264.6631
[early-stopping] Epoch 152: no improvement (17/20)
Epoch 153/200, Batch 100, Aver_Loss: 243.8951
Epoch 153/200, Batch 200, Aver_Loss: 237.9818
Epoch 153/200, Batch 300, Aver_Loss: 237.7060
Epoch 153/200, Batch 400, Aver_Loss: 248.0945
Epoch 153/200, Batch 500, Aver_Loss: 232.2497
[early-stopping] Epoch 153: no improvement (18/20)
Epoch 154/200, Batch 100, Aver_Loss: 246.9941
Epoch 154/200, Batch 200, Aver_Loss: 239.0652
Epoch 154/200, Batch 300, Aver_Loss: 241.6643
Epoch 154/200, Batch 400, Aver_Loss: 233.2768
Epoch 154/200, Batch 500, Aver_Loss: 222.2938
[early-stopping] Epoch 154: no improvement (19/20)
Epoch 155/200, Batch 100, Aver_Loss: 243.6731
Epoch 155/200, Batch 200, Aver_Loss: 237.2019
Epoch 155/200, Batch 300, Aver_Loss: 245.9130
Epoch 155/200, Batch 400, Aver_Loss: 237.3755
Epoch 155/200, Batch 500, Aver_Loss: 240.9615
[early-stopping] Epoch 155: no improvement (20/20)
[early-stopping] Patience reached. Stopping at epoch 155. Best epoch: 135, best val ELBO: -239.222953
[early-stopping] Loaded best model from epoch 135 (val ELBO = -239.222953)
[checkpoint] Saved best model to: trained_parameters/fashion_mnist_zdim32_VAE.pkl
[saved curves] ./results/FASHION_MNIST/curves/fashion_mnist_vae_d32_s777.json

==== Evaluation Summary ====
                 model: vae
   recon/mse_per_pixel: 0.014444
            elbo/train: -238.602241
             elbo/test: -239.224135
             mse/train: 0.014105
              mse/test: 0.014444
             probe/acc: 0.820857
             probe/nll: 0.502155
           probe/brier: 0.254479
             probe/ece: 0.023842
           cluster/nmi: 0.527838
           cluster/ari: 0.384223
============================

