/usr/bin/which: no fi_info in (/arf/home/meyavuz/.local/bin:/arf/sw/comp/python/intelpython3/condabin:/arf/sw/comp/python/intelpython3/bin:/usr/share/Modules/bin:/usr/local/bin:/usr/bin:/usr/local/sbin:/usr/sbin)
Extension for Scikit-learn* enabled (https://github.com/uxlfoundation/scikit-learn-intelex)
/arf/home/meyavuz/.conda/envs/sbn/lib/python3.9/site-packages/sklearn/linear_model/_logistic.py:1247: FutureWarning: 'multi_class' was deprecated in version 1.5 and will be removed in 1.7. From then on, it will always use 'multinomial'. Leave it to its default value to avoid this warning.
  warnings.warn(
Epoch 1/200, Batch 100, Aver_Loss: 320.1119
Epoch 1/200, Batch 200, Aver_Loss: 285.2852
Epoch 1/200, Batch 300, Aver_Loss: 284.5346
Epoch 1/200, Batch 400, Aver_Loss: 284.4497
Epoch 1/200, Batch 500, Aver_Loss: 270.5178
[early-stopping] Epoch 1: new best val ELBO = -270.170429
Epoch 2/200, Batch 100, Aver_Loss: 264.3051
Epoch 2/200, Batch 200, Aver_Loss: 257.1574
Epoch 2/200, Batch 300, Aver_Loss: 269.3186
Epoch 2/200, Batch 400, Aver_Loss: 255.2289
Epoch 2/200, Batch 500, Aver_Loss: 261.5236
[early-stopping] Epoch 2: new best val ELBO = -261.033848
Epoch 3/200, Batch 100, Aver_Loss: 265.4775
Epoch 3/200, Batch 200, Aver_Loss: 273.3140
Epoch 3/200, Batch 300, Aver_Loss: 250.8714
Epoch 3/200, Batch 400, Aver_Loss: 257.8749
Epoch 3/200, Batch 500, Aver_Loss: 265.2959
[early-stopping] Epoch 3: new best val ELBO = -257.885296
Epoch 4/200, Batch 100, Aver_Loss: 270.0630
Epoch 4/200, Batch 200, Aver_Loss: 242.3333
Epoch 4/200, Batch 300, Aver_Loss: 252.8503
Epoch 4/200, Batch 400, Aver_Loss: 250.5648
Epoch 4/200, Batch 500, Aver_Loss: 266.3692
[early-stopping] Epoch 4: new best val ELBO = -254.445735
Epoch 5/200, Batch 100, Aver_Loss: 241.9636
Epoch 5/200, Batch 200, Aver_Loss: 248.8077
Epoch 5/200, Batch 300, Aver_Loss: 258.4581
Epoch 5/200, Batch 400, Aver_Loss: 245.8998
Epoch 5/200, Batch 500, Aver_Loss: 259.3747
[early-stopping] Epoch 5: new best val ELBO = -252.952209
Epoch 6/200, Batch 100, Aver_Loss: 246.3512
Epoch 6/200, Batch 200, Aver_Loss: 255.3000
Epoch 6/200, Batch 300, Aver_Loss: 253.8884
Epoch 6/200, Batch 400, Aver_Loss: 247.0710
Epoch 6/200, Batch 500, Aver_Loss: 250.1434
[early-stopping] Epoch 6: new best val ELBO = -252.089543
Epoch 7/200, Batch 100, Aver_Loss: 253.7434
Epoch 7/200, Batch 200, Aver_Loss: 237.6189
Epoch 7/200, Batch 300, Aver_Loss: 254.0481
Epoch 7/200, Batch 400, Aver_Loss: 245.8928
Epoch 7/200, Batch 500, Aver_Loss: 259.0383
[early-stopping] Epoch 7: new best val ELBO = -250.946480
Epoch 8/200, Batch 100, Aver_Loss: 250.0559
Epoch 8/200, Batch 200, Aver_Loss: 253.7161
Epoch 8/200, Batch 300, Aver_Loss: 232.7587
Epoch 8/200, Batch 400, Aver_Loss: 260.2769
Epoch 8/200, Batch 500, Aver_Loss: 250.8817
[early-stopping] Epoch 8: new best val ELBO = -249.363916
Epoch 9/200, Batch 100, Aver_Loss: 239.9345
Epoch 9/200, Batch 200, Aver_Loss: 259.5328
Epoch 9/200, Batch 300, Aver_Loss: 246.2018
Epoch 9/200, Batch 400, Aver_Loss: 253.0005
Epoch 9/200, Batch 500, Aver_Loss: 240.9686
[early-stopping] Epoch 9: no improvement (1/20)
Epoch 10/200, Batch 100, Aver_Loss: 258.4925
Epoch 10/200, Batch 200, Aver_Loss: 252.5857
Epoch 10/200, Batch 300, Aver_Loss: 249.1518
Epoch 10/200, Batch 400, Aver_Loss: 229.5690
Epoch 10/200, Batch 500, Aver_Loss: 241.4028
[early-stopping] Epoch 10: new best val ELBO = -248.439228
Epoch 11/200, Batch 100, Aver_Loss: 247.9612
Epoch 11/200, Batch 200, Aver_Loss: 254.0067
Epoch 11/200, Batch 300, Aver_Loss: 254.6512
Epoch 11/200, Batch 400, Aver_Loss: 253.4432
Epoch 11/200, Batch 500, Aver_Loss: 261.0746
[early-stopping] Epoch 11: new best val ELBO = -248.314707
Epoch 12/200, Batch 100, Aver_Loss: 245.9704
Epoch 12/200, Batch 200, Aver_Loss: 256.5356
Epoch 12/200, Batch 300, Aver_Loss: 245.5094
Epoch 12/200, Batch 400, Aver_Loss: 257.5089
Epoch 12/200, Batch 500, Aver_Loss: 248.7681
[early-stopping] Epoch 12: no improvement (1/20)
Epoch 13/200, Batch 100, Aver_Loss: 240.1194
Epoch 13/200, Batch 200, Aver_Loss: 260.3713
Epoch 13/200, Batch 300, Aver_Loss: 249.1362
Epoch 13/200, Batch 400, Aver_Loss: 249.0273
Epoch 13/200, Batch 500, Aver_Loss: 240.3162
[early-stopping] Epoch 13: new best val ELBO = -247.244460
Epoch 14/200, Batch 100, Aver_Loss: 239.3921
Epoch 14/200, Batch 200, Aver_Loss: 255.6991
Epoch 14/200, Batch 300, Aver_Loss: 241.8812
Epoch 14/200, Batch 400, Aver_Loss: 249.0231
Epoch 14/200, Batch 500, Aver_Loss: 243.6053
[early-stopping] Epoch 14: new best val ELBO = -246.768617
Epoch 15/200, Batch 100, Aver_Loss: 248.9468
Epoch 15/200, Batch 200, Aver_Loss: 239.0385
Epoch 15/200, Batch 300, Aver_Loss: 248.1688
Epoch 15/200, Batch 400, Aver_Loss: 236.7743
Epoch 15/200, Batch 500, Aver_Loss: 244.5581
[early-stopping] Epoch 15: no improvement (1/20)
Epoch 16/200, Batch 100, Aver_Loss: 253.1446
Epoch 16/200, Batch 200, Aver_Loss: 246.6280
Epoch 16/200, Batch 300, Aver_Loss: 252.6010
Epoch 16/200, Batch 400, Aver_Loss: 265.7751
Epoch 16/200, Batch 500, Aver_Loss: 256.3781
[early-stopping] Epoch 16: new best val ELBO = -246.604876
Epoch 17/200, Batch 100, Aver_Loss: 232.4718
Epoch 17/200, Batch 200, Aver_Loss: 258.5190
Epoch 17/200, Batch 300, Aver_Loss: 258.2187
Epoch 17/200, Batch 400, Aver_Loss: 252.8113
Epoch 17/200, Batch 500, Aver_Loss: 247.1048
[early-stopping] Epoch 17: new best val ELBO = -245.686836
Epoch 18/200, Batch 100, Aver_Loss: 251.5637
Epoch 18/200, Batch 200, Aver_Loss: 249.2143
Epoch 18/200, Batch 300, Aver_Loss: 245.2764
Epoch 18/200, Batch 400, Aver_Loss: 249.4214
Epoch 18/200, Batch 500, Aver_Loss: 238.2604
[early-stopping] Epoch 18: new best val ELBO = -245.637906
Epoch 19/200, Batch 100, Aver_Loss: 242.2267
Epoch 19/200, Batch 200, Aver_Loss: 246.4266
Epoch 19/200, Batch 300, Aver_Loss: 258.6343
Epoch 19/200, Batch 400, Aver_Loss: 238.9272
Epoch 19/200, Batch 500, Aver_Loss: 243.3469
[early-stopping] Epoch 19: no improvement (1/20)
Epoch 20/200, Batch 100, Aver_Loss: 241.8762
Epoch 20/200, Batch 200, Aver_Loss: 240.9839
Epoch 20/200, Batch 300, Aver_Loss: 238.8380
Epoch 20/200, Batch 400, Aver_Loss: 236.6703
Epoch 20/200, Batch 500, Aver_Loss: 237.4990
[early-stopping] Epoch 20: no improvement (2/20)
Epoch 21/200, Batch 100, Aver_Loss: 238.7927
Epoch 21/200, Batch 200, Aver_Loss: 236.6227
Epoch 21/200, Batch 300, Aver_Loss: 245.6105
Epoch 21/200, Batch 400, Aver_Loss: 238.9135
Epoch 21/200, Batch 500, Aver_Loss: 245.2789
[early-stopping] Epoch 21: new best val ELBO = -245.023326
Epoch 22/200, Batch 100, Aver_Loss: 253.7894
Epoch 22/200, Batch 200, Aver_Loss: 247.3342
Epoch 22/200, Batch 300, Aver_Loss: 245.3204
Epoch 22/200, Batch 400, Aver_Loss: 237.3243
Epoch 22/200, Batch 500, Aver_Loss: 247.1642
[early-stopping] Epoch 22: no improvement (1/20)
Epoch 23/200, Batch 100, Aver_Loss: 237.1801
Epoch 23/200, Batch 200, Aver_Loss: 244.1695
Epoch 23/200, Batch 300, Aver_Loss: 236.6253
Epoch 23/200, Batch 400, Aver_Loss: 247.0297
Epoch 23/200, Batch 500, Aver_Loss: 241.9203
[early-stopping] Epoch 23: new best val ELBO = -244.395233
Epoch 24/200, Batch 100, Aver_Loss: 233.7556
Epoch 24/200, Batch 200, Aver_Loss: 232.6629
Epoch 24/200, Batch 300, Aver_Loss: 240.8020
Epoch 24/200, Batch 400, Aver_Loss: 242.7667
Epoch 24/200, Batch 500, Aver_Loss: 247.6698
[early-stopping] Epoch 24: no improvement (1/20)
Epoch 25/200, Batch 100, Aver_Loss: 247.7664
Epoch 25/200, Batch 200, Aver_Loss: 250.5855
Epoch 25/200, Batch 300, Aver_Loss: 243.8980
Epoch 25/200, Batch 400, Aver_Loss: 245.5496
Epoch 25/200, Batch 500, Aver_Loss: 241.4624
[early-stopping] Epoch 25: no improvement (2/20)
Epoch 26/200, Batch 100, Aver_Loss: 241.3735
Epoch 26/200, Batch 200, Aver_Loss: 235.9322
Epoch 26/200, Batch 300, Aver_Loss: 250.4056
Epoch 26/200, Batch 400, Aver_Loss: 234.6766
Epoch 26/200, Batch 500, Aver_Loss: 242.9809
[early-stopping] Epoch 26: new best val ELBO = -243.826577
Epoch 27/200, Batch 100, Aver_Loss: 233.8163
Epoch 27/200, Batch 200, Aver_Loss: 245.1044
Epoch 27/200, Batch 300, Aver_Loss: 246.9076
Epoch 27/200, Batch 400, Aver_Loss: 243.9651
Epoch 27/200, Batch 500, Aver_Loss: 233.0961
[early-stopping] Epoch 27: new best val ELBO = -243.760064
Epoch 28/200, Batch 100, Aver_Loss: 251.4174
Epoch 28/200, Batch 200, Aver_Loss: 238.5323
Epoch 28/200, Batch 300, Aver_Loss: 245.1100
Epoch 28/200, Batch 400, Aver_Loss: 243.1126
Epoch 28/200, Batch 500, Aver_Loss: 228.9120
[early-stopping] Epoch 28: no improvement (1/20)
Epoch 29/200, Batch 100, Aver_Loss: 236.1042
Epoch 29/200, Batch 200, Aver_Loss: 244.4920
Epoch 29/200, Batch 300, Aver_Loss: 239.0723
Epoch 29/200, Batch 400, Aver_Loss: 242.6754
Epoch 29/200, Batch 500, Aver_Loss: 249.3989
[early-stopping] Epoch 29: new best val ELBO = -243.551110
Epoch 30/200, Batch 100, Aver_Loss: 241.9958
Epoch 30/200, Batch 200, Aver_Loss: 242.3259
Epoch 30/200, Batch 300, Aver_Loss: 246.6245
Epoch 30/200, Batch 400, Aver_Loss: 236.3763
Epoch 30/200, Batch 500, Aver_Loss: 236.8823
[early-stopping] Epoch 30: no improvement (1/20)
Epoch 31/200, Batch 100, Aver_Loss: 233.4221
Epoch 31/200, Batch 200, Aver_Loss: 241.9614
Epoch 31/200, Batch 300, Aver_Loss: 240.9393
Epoch 31/200, Batch 400, Aver_Loss: 263.9038
Epoch 31/200, Batch 500, Aver_Loss: 232.7893
[early-stopping] Epoch 31: no improvement (2/20)
Epoch 32/200, Batch 100, Aver_Loss: 243.2147
Epoch 32/200, Batch 200, Aver_Loss: 249.9299
Epoch 32/200, Batch 300, Aver_Loss: 244.3801
Epoch 32/200, Batch 400, Aver_Loss: 249.2138
Epoch 32/200, Batch 500, Aver_Loss: 255.1491
[early-stopping] Epoch 32: new best val ELBO = -242.973675
Epoch 33/200, Batch 100, Aver_Loss: 245.0782
Epoch 33/200, Batch 200, Aver_Loss: 238.7569
Epoch 33/200, Batch 300, Aver_Loss: 238.9951
Epoch 33/200, Batch 400, Aver_Loss: 244.4202
Epoch 33/200, Batch 500, Aver_Loss: 240.9716
[early-stopping] Epoch 33: no improvement (1/20)
Epoch 34/200, Batch 100, Aver_Loss: 236.9169
Epoch 34/200, Batch 200, Aver_Loss: 250.0461
Epoch 34/200, Batch 300, Aver_Loss: 259.0716
Epoch 34/200, Batch 400, Aver_Loss: 246.1833
Epoch 34/200, Batch 500, Aver_Loss: 252.4517
[early-stopping] Epoch 34: no improvement (2/20)
Epoch 35/200, Batch 100, Aver_Loss: 248.1763
Epoch 35/200, Batch 200, Aver_Loss: 238.1888
Epoch 35/200, Batch 300, Aver_Loss: 243.7594
Epoch 35/200, Batch 400, Aver_Loss: 252.3485
Epoch 35/200, Batch 500, Aver_Loss: 243.7987
[early-stopping] Epoch 35: new best val ELBO = -242.936089
Epoch 36/200, Batch 100, Aver_Loss: 241.8210
Epoch 36/200, Batch 200, Aver_Loss: 235.5265
Epoch 36/200, Batch 300, Aver_Loss: 243.0227
Epoch 36/200, Batch 400, Aver_Loss: 246.6563
Epoch 36/200, Batch 500, Aver_Loss: 246.3964
[early-stopping] Epoch 36: no improvement (1/20)
Epoch 37/200, Batch 100, Aver_Loss: 242.8398
Epoch 37/200, Batch 200, Aver_Loss: 259.4896
Epoch 37/200, Batch 300, Aver_Loss: 239.9997
Epoch 37/200, Batch 400, Aver_Loss: 240.2514
Epoch 37/200, Batch 500, Aver_Loss: 222.3880
[early-stopping] Epoch 37: no improvement (2/20)
Epoch 38/200, Batch 100, Aver_Loss: 245.4084
Epoch 38/200, Batch 200, Aver_Loss: 244.0983
Epoch 38/200, Batch 300, Aver_Loss: 242.6365
Epoch 38/200, Batch 400, Aver_Loss: 238.5605
Epoch 38/200, Batch 500, Aver_Loss: 224.8869
[early-stopping] Epoch 38: new best val ELBO = -242.816796
Epoch 39/200, Batch 100, Aver_Loss: 235.0876
Epoch 39/200, Batch 200, Aver_Loss: 234.6848
Epoch 39/200, Batch 300, Aver_Loss: 250.6337
Epoch 39/200, Batch 400, Aver_Loss: 232.2224
Epoch 39/200, Batch 500, Aver_Loss: 252.8329
[early-stopping] Epoch 39: no improvement (1/20)
Epoch 40/200, Batch 100, Aver_Loss: 245.2426
Epoch 40/200, Batch 200, Aver_Loss: 239.8908
Epoch 40/200, Batch 300, Aver_Loss: 243.8016
Epoch 40/200, Batch 400, Aver_Loss: 245.9285
Epoch 40/200, Batch 500, Aver_Loss: 245.6771
[early-stopping] Epoch 40: new best val ELBO = -242.606469
Epoch 41/200, Batch 100, Aver_Loss: 245.6815
Epoch 41/200, Batch 200, Aver_Loss: 231.8021
Epoch 41/200, Batch 300, Aver_Loss: 235.7704
Epoch 41/200, Batch 400, Aver_Loss: 243.6997
Epoch 41/200, Batch 500, Aver_Loss: 230.9893
[early-stopping] Epoch 41: new best val ELBO = -242.466904
Epoch 42/200, Batch 100, Aver_Loss: 236.3545
Epoch 42/200, Batch 200, Aver_Loss: 248.6330
Epoch 42/200, Batch 300, Aver_Loss: 249.2299
Epoch 42/200, Batch 400, Aver_Loss: 240.1667
Epoch 42/200, Batch 500, Aver_Loss: 238.0276
[early-stopping] Epoch 42: no improvement (1/20)
Epoch 43/200, Batch 100, Aver_Loss: 229.7141
Epoch 43/200, Batch 200, Aver_Loss: 247.8184
Epoch 43/200, Batch 300, Aver_Loss: 244.9397
Epoch 43/200, Batch 400, Aver_Loss: 249.6777
Epoch 43/200, Batch 500, Aver_Loss: 226.5038
[early-stopping] Epoch 43: no improvement (2/20)
Epoch 44/200, Batch 100, Aver_Loss: 240.7236
Epoch 44/200, Batch 200, Aver_Loss: 241.1233
Epoch 44/200, Batch 300, Aver_Loss: 230.8507
Epoch 44/200, Batch 400, Aver_Loss: 226.1474
Epoch 44/200, Batch 500, Aver_Loss: 242.7134
[early-stopping] Epoch 44: no improvement (3/20)
Epoch 45/200, Batch 100, Aver_Loss: 255.0886
Epoch 45/200, Batch 200, Aver_Loss: 248.4843
Epoch 45/200, Batch 300, Aver_Loss: 243.5941
Epoch 45/200, Batch 400, Aver_Loss: 239.8656
Epoch 45/200, Batch 500, Aver_Loss: 231.3274
[early-stopping] Epoch 45: no improvement (4/20)
Epoch 46/200, Batch 100, Aver_Loss: 247.4052
Epoch 46/200, Batch 200, Aver_Loss: 245.0891
Epoch 46/200, Batch 300, Aver_Loss: 240.7304
Epoch 46/200, Batch 400, Aver_Loss: 243.3442
Epoch 46/200, Batch 500, Aver_Loss: 244.1944
[early-stopping] Epoch 46: no improvement (5/20)
Epoch 47/200, Batch 100, Aver_Loss: 249.9661
Epoch 47/200, Batch 200, Aver_Loss: 245.1028
Epoch 47/200, Batch 300, Aver_Loss: 250.3018
Epoch 47/200, Batch 400, Aver_Loss: 231.3076
Epoch 47/200, Batch 500, Aver_Loss: 234.8979
[early-stopping] Epoch 47: no improvement (6/20)
Epoch 48/200, Batch 100, Aver_Loss: 243.3544
Epoch 48/200, Batch 200, Aver_Loss: 251.4107
Epoch 48/200, Batch 300, Aver_Loss: 246.3056
Epoch 48/200, Batch 400, Aver_Loss: 234.2763
Epoch 48/200, Batch 500, Aver_Loss: 231.9508
[early-stopping] Epoch 48: new best val ELBO = -242.205873
Epoch 49/200, Batch 100, Aver_Loss: 240.1088
Epoch 49/200, Batch 200, Aver_Loss: 234.3909
Epoch 49/200, Batch 300, Aver_Loss: 244.5897
Epoch 49/200, Batch 400, Aver_Loss: 238.5547
Epoch 49/200, Batch 500, Aver_Loss: 228.6809
[early-stopping] Epoch 49: no improvement (1/20)
Epoch 50/200, Batch 100, Aver_Loss: 223.0135
Epoch 50/200, Batch 200, Aver_Loss: 251.4100
Epoch 50/200, Batch 300, Aver_Loss: 239.9457
Epoch 50/200, Batch 400, Aver_Loss: 246.1171
Epoch 50/200, Batch 500, Aver_Loss: 241.9714
[early-stopping] Epoch 50: no improvement (2/20)
Epoch 51/200, Batch 100, Aver_Loss: 242.4651
Epoch 51/200, Batch 200, Aver_Loss: 244.2937
Epoch 51/200, Batch 300, Aver_Loss: 242.1339
Epoch 51/200, Batch 400, Aver_Loss: 242.9912
Epoch 51/200, Batch 500, Aver_Loss: 230.8826
[early-stopping] Epoch 51: no improvement (3/20)
Epoch 52/200, Batch 100, Aver_Loss: 245.5052
Epoch 52/200, Batch 200, Aver_Loss: 245.9942
Epoch 52/200, Batch 300, Aver_Loss: 238.4873
Epoch 52/200, Batch 400, Aver_Loss: 235.2977
Epoch 52/200, Batch 500, Aver_Loss: 241.4410
[early-stopping] Epoch 52: new best val ELBO = -242.043940
Epoch 53/200, Batch 100, Aver_Loss: 237.4229
Epoch 53/200, Batch 200, Aver_Loss: 234.8515
Epoch 53/200, Batch 300, Aver_Loss: 230.0491
Epoch 53/200, Batch 400, Aver_Loss: 243.9577
Epoch 53/200, Batch 500, Aver_Loss: 246.8539
[early-stopping] Epoch 53: no improvement (1/20)
Epoch 54/200, Batch 100, Aver_Loss: 246.4829
Epoch 54/200, Batch 200, Aver_Loss: 225.0262
Epoch 54/200, Batch 300, Aver_Loss: 230.5564
Epoch 54/200, Batch 400, Aver_Loss: 245.7782
Epoch 54/200, Batch 500, Aver_Loss: 239.0323
[early-stopping] Epoch 54: new best val ELBO = -241.905848
Epoch 55/200, Batch 100, Aver_Loss: 230.7957
Epoch 55/200, Batch 200, Aver_Loss: 255.4458
Epoch 55/200, Batch 300, Aver_Loss: 244.9761
Epoch 55/200, Batch 400, Aver_Loss: 245.0036
Epoch 55/200, Batch 500, Aver_Loss: 247.0258
[early-stopping] Epoch 55: no improvement (1/20)
Epoch 56/200, Batch 100, Aver_Loss: 245.5130
Epoch 56/200, Batch 200, Aver_Loss: 234.5213
Epoch 56/200, Batch 300, Aver_Loss: 235.7935
Epoch 56/200, Batch 400, Aver_Loss: 237.2459
Epoch 56/200, Batch 500, Aver_Loss: 241.0631
[early-stopping] Epoch 56: new best val ELBO = -241.618366
Epoch 57/200, Batch 100, Aver_Loss: 241.6102
Epoch 57/200, Batch 200, Aver_Loss: 253.0592
Epoch 57/200, Batch 300, Aver_Loss: 247.8524
Epoch 57/200, Batch 400, Aver_Loss: 256.3369
Epoch 57/200, Batch 500, Aver_Loss: 244.9532
[early-stopping] Epoch 57: no improvement (1/20)
Epoch 58/200, Batch 100, Aver_Loss: 226.5446
Epoch 58/200, Batch 200, Aver_Loss: 239.6756
Epoch 58/200, Batch 300, Aver_Loss: 238.2869
Epoch 58/200, Batch 400, Aver_Loss: 229.0955
Epoch 58/200, Batch 500, Aver_Loss: 235.5231
[early-stopping] Epoch 58: no improvement (2/20)
Epoch 59/200, Batch 100, Aver_Loss: 247.7299
Epoch 59/200, Batch 200, Aver_Loss: 245.8667
Epoch 59/200, Batch 300, Aver_Loss: 229.7183
Epoch 59/200, Batch 400, Aver_Loss: 244.4091
Epoch 59/200, Batch 500, Aver_Loss: 249.5066
[early-stopping] Epoch 59: no improvement (3/20)
Epoch 60/200, Batch 100, Aver_Loss: 223.2375
Epoch 60/200, Batch 200, Aver_Loss: 234.1755
Epoch 60/200, Batch 300, Aver_Loss: 245.2468
Epoch 60/200, Batch 400, Aver_Loss: 246.6914
Epoch 60/200, Batch 500, Aver_Loss: 253.5998
[early-stopping] Epoch 60: no improvement (4/20)
Epoch 61/200, Batch 100, Aver_Loss: 231.7950
Epoch 61/200, Batch 200, Aver_Loss: 238.4368
Epoch 61/200, Batch 300, Aver_Loss: 244.3019
Epoch 61/200, Batch 400, Aver_Loss: 233.3167
Epoch 61/200, Batch 500, Aver_Loss: 245.0088
[early-stopping] Epoch 61: new best val ELBO = -241.484389
Epoch 62/200, Batch 100, Aver_Loss: 246.3785
Epoch 62/200, Batch 200, Aver_Loss: 245.9135
Epoch 62/200, Batch 300, Aver_Loss: 241.3206
Epoch 62/200, Batch 400, Aver_Loss: 249.6138
Epoch 62/200, Batch 500, Aver_Loss: 244.6641
[early-stopping] Epoch 62: no improvement (1/20)
Epoch 63/200, Batch 100, Aver_Loss: 239.2219
Epoch 63/200, Batch 200, Aver_Loss: 238.4138
Epoch 63/200, Batch 300, Aver_Loss: 251.6376
Epoch 63/200, Batch 400, Aver_Loss: 243.3079
Epoch 63/200, Batch 500, Aver_Loss: 235.9945
[early-stopping] Epoch 63: no improvement (2/20)
Epoch 64/200, Batch 100, Aver_Loss: 238.1317
Epoch 64/200, Batch 200, Aver_Loss: 256.7009
Epoch 64/200, Batch 300, Aver_Loss: 246.4914
Epoch 64/200, Batch 400, Aver_Loss: 241.6348
Epoch 64/200, Batch 500, Aver_Loss: 250.9160
[early-stopping] Epoch 64: no improvement (3/20)
Epoch 65/200, Batch 100, Aver_Loss: 232.4242
Epoch 65/200, Batch 200, Aver_Loss: 240.5175
Epoch 65/200, Batch 300, Aver_Loss: 251.0217
Epoch 65/200, Batch 400, Aver_Loss: 236.5061
Epoch 65/200, Batch 500, Aver_Loss: 234.0694
[early-stopping] Epoch 65: no improvement (4/20)
Epoch 66/200, Batch 100, Aver_Loss: 248.2710
Epoch 66/200, Batch 200, Aver_Loss: 245.4798
Epoch 66/200, Batch 300, Aver_Loss: 250.3271
Epoch 66/200, Batch 400, Aver_Loss: 230.6422
Epoch 66/200, Batch 500, Aver_Loss: 230.9727
[early-stopping] Epoch 66: no improvement (5/20)
Epoch 67/200, Batch 100, Aver_Loss: 240.4876
Epoch 67/200, Batch 200, Aver_Loss: 240.2177
Epoch 67/200, Batch 300, Aver_Loss: 247.2983
Epoch 67/200, Batch 400, Aver_Loss: 243.9621
Epoch 67/200, Batch 500, Aver_Loss: 240.9222
[early-stopping] Epoch 67: no improvement (6/20)
Epoch 68/200, Batch 100, Aver_Loss: 246.7596
Epoch 68/200, Batch 200, Aver_Loss: 233.6169
Epoch 68/200, Batch 300, Aver_Loss: 256.0783
Epoch 68/200, Batch 400, Aver_Loss: 243.2067
Epoch 68/200, Batch 500, Aver_Loss: 242.5656
[early-stopping] Epoch 68: new best val ELBO = -241.439023
Epoch 69/200, Batch 100, Aver_Loss: 241.4837
Epoch 69/200, Batch 200, Aver_Loss: 229.8160
Epoch 69/200, Batch 300, Aver_Loss: 240.8184
Epoch 69/200, Batch 400, Aver_Loss: 237.2026
Epoch 69/200, Batch 500, Aver_Loss: 230.0417
[early-stopping] Epoch 69: no improvement (1/20)
Epoch 70/200, Batch 100, Aver_Loss: 237.9002
Epoch 70/200, Batch 200, Aver_Loss: 227.6272
Epoch 70/200, Batch 300, Aver_Loss: 233.1363
Epoch 70/200, Batch 400, Aver_Loss: 247.7314
Epoch 70/200, Batch 500, Aver_Loss: 238.1172
[early-stopping] Epoch 70: no improvement (2/20)
Epoch 71/200, Batch 100, Aver_Loss: 244.5793
Epoch 71/200, Batch 200, Aver_Loss: 250.6125
Epoch 71/200, Batch 300, Aver_Loss: 241.6072
Epoch 71/200, Batch 400, Aver_Loss: 247.0214
Epoch 71/200, Batch 500, Aver_Loss: 250.4762
[early-stopping] Epoch 71: no improvement (3/20)
Epoch 72/200, Batch 100, Aver_Loss: 237.7747
Epoch 72/200, Batch 200, Aver_Loss: 239.8458
Epoch 72/200, Batch 300, Aver_Loss: 246.8694
Epoch 72/200, Batch 400, Aver_Loss: 243.4493
Epoch 72/200, Batch 500, Aver_Loss: 247.9219
[early-stopping] Epoch 72: no improvement (4/20)
Epoch 73/200, Batch 100, Aver_Loss: 236.7059
Epoch 73/200, Batch 200, Aver_Loss: 239.1489
Epoch 73/200, Batch 300, Aver_Loss: 225.6444
Epoch 73/200, Batch 400, Aver_Loss: 248.4985
Epoch 73/200, Batch 500, Aver_Loss: 240.0524
[early-stopping] Epoch 73: no improvement (5/20)
Epoch 74/200, Batch 100, Aver_Loss: 237.1840
Epoch 74/200, Batch 200, Aver_Loss: 236.2226
Epoch 74/200, Batch 300, Aver_Loss: 249.1597
Epoch 74/200, Batch 400, Aver_Loss: 249.4696
Epoch 74/200, Batch 500, Aver_Loss: 234.8732
[early-stopping] Epoch 74: new best val ELBO = -241.208898
Epoch 75/200, Batch 100, Aver_Loss: 242.9204
Epoch 75/200, Batch 200, Aver_Loss: 245.4018
Epoch 75/200, Batch 300, Aver_Loss: 245.3522
Epoch 75/200, Batch 400, Aver_Loss: 243.5145
Epoch 75/200, Batch 500, Aver_Loss: 243.4118
[early-stopping] Epoch 75: no improvement (1/20)
Epoch 76/200, Batch 100, Aver_Loss: 236.1209
Epoch 76/200, Batch 200, Aver_Loss: 233.1107
Epoch 76/200, Batch 300, Aver_Loss: 242.7011
Epoch 76/200, Batch 400, Aver_Loss: 249.5807
Epoch 76/200, Batch 500, Aver_Loss: 231.8736
[early-stopping] Epoch 76: no improvement (2/20)
Epoch 77/200, Batch 100, Aver_Loss: 233.6637
Epoch 77/200, Batch 200, Aver_Loss: 237.2289
Epoch 77/200, Batch 300, Aver_Loss: 239.8047
Epoch 77/200, Batch 400, Aver_Loss: 245.8002
Epoch 77/200, Batch 500, Aver_Loss: 238.9616
[early-stopping] Epoch 77: no improvement (3/20)
Epoch 78/200, Batch 100, Aver_Loss: 240.5004
Epoch 78/200, Batch 200, Aver_Loss: 247.6708
Epoch 78/200, Batch 300, Aver_Loss: 256.0735
Epoch 78/200, Batch 400, Aver_Loss: 242.0408
Epoch 78/200, Batch 500, Aver_Loss: 228.0259
[early-stopping] Epoch 78: no improvement (4/20)
Epoch 79/200, Batch 100, Aver_Loss: 233.2318
Epoch 79/200, Batch 200, Aver_Loss: 246.4244
Epoch 79/200, Batch 300, Aver_Loss: 239.2980
Epoch 79/200, Batch 400, Aver_Loss: 239.2101
Epoch 79/200, Batch 500, Aver_Loss: 244.4343
[early-stopping] Epoch 79: new best val ELBO = -241.193629
Epoch 80/200, Batch 100, Aver_Loss: 233.2739
Epoch 80/200, Batch 200, Aver_Loss: 239.5322
Epoch 80/200, Batch 300, Aver_Loss: 228.6409
Epoch 80/200, Batch 400, Aver_Loss: 246.3428
Epoch 80/200, Batch 500, Aver_Loss: 237.3959
[early-stopping] Epoch 80: no improvement (1/20)
Epoch 81/200, Batch 100, Aver_Loss: 232.7309
Epoch 81/200, Batch 200, Aver_Loss: 251.0380
Epoch 81/200, Batch 300, Aver_Loss: 253.1250
Epoch 81/200, Batch 400, Aver_Loss: 244.4022
Epoch 81/200, Batch 500, Aver_Loss: 238.7191
[early-stopping] Epoch 81: no improvement (2/20)
Epoch 82/200, Batch 100, Aver_Loss: 241.8746
Epoch 82/200, Batch 200, Aver_Loss: 236.7714
Epoch 82/200, Batch 300, Aver_Loss: 254.1987
Epoch 82/200, Batch 400, Aver_Loss: 236.7995
Epoch 82/200, Batch 500, Aver_Loss: 239.4240
[early-stopping] Epoch 82: no improvement (3/20)
Epoch 83/200, Batch 100, Aver_Loss: 236.7600
Epoch 83/200, Batch 200, Aver_Loss: 233.7399
Epoch 83/200, Batch 300, Aver_Loss: 235.3958
Epoch 83/200, Batch 400, Aver_Loss: 247.3647
Epoch 83/200, Batch 500, Aver_Loss: 245.9257
[early-stopping] Epoch 83: no improvement (4/20)
Epoch 84/200, Batch 100, Aver_Loss: 241.2734
Epoch 84/200, Batch 200, Aver_Loss: 231.4559
Epoch 84/200, Batch 300, Aver_Loss: 229.7940
Epoch 84/200, Batch 400, Aver_Loss: 245.8909
Epoch 84/200, Batch 500, Aver_Loss: 240.3092
[early-stopping] Epoch 84: new best val ELBO = -241.167443
Epoch 85/200, Batch 100, Aver_Loss: 246.5995
Epoch 85/200, Batch 200, Aver_Loss: 233.8755
Epoch 85/200, Batch 300, Aver_Loss: 239.5907
Epoch 85/200, Batch 400, Aver_Loss: 229.4415
Epoch 85/200, Batch 500, Aver_Loss: 250.5306
[early-stopping] Epoch 85: no improvement (1/20)
Epoch 86/200, Batch 100, Aver_Loss: 233.8189
Epoch 86/200, Batch 200, Aver_Loss: 244.2534
Epoch 86/200, Batch 300, Aver_Loss: 228.4622
Epoch 86/200, Batch 400, Aver_Loss: 236.7655
Epoch 86/200, Batch 500, Aver_Loss: 238.2388
[early-stopping] Epoch 86: new best val ELBO = -241.155830
Epoch 87/200, Batch 100, Aver_Loss: 229.4787
Epoch 87/200, Batch 200, Aver_Loss: 238.1741
Epoch 87/200, Batch 300, Aver_Loss: 246.2537
Epoch 87/200, Batch 400, Aver_Loss: 239.8734
Epoch 87/200, Batch 500, Aver_Loss: 247.0152
[early-stopping] Epoch 87: new best val ELBO = -241.154740
Epoch 88/200, Batch 100, Aver_Loss: 226.0833
Epoch 88/200, Batch 200, Aver_Loss: 241.6336
Epoch 88/200, Batch 300, Aver_Loss: 237.3242
Epoch 88/200, Batch 400, Aver_Loss: 233.7504
Epoch 88/200, Batch 500, Aver_Loss: 238.3302
[early-stopping] Epoch 88: new best val ELBO = -240.870415
Epoch 89/200, Batch 100, Aver_Loss: 240.1211
Epoch 89/200, Batch 200, Aver_Loss: 257.6930
Epoch 89/200, Batch 300, Aver_Loss: 227.7683
Epoch 89/200, Batch 400, Aver_Loss: 238.6849
Epoch 89/200, Batch 500, Aver_Loss: 243.5835
[early-stopping] Epoch 89: no improvement (1/20)
Epoch 90/200, Batch 100, Aver_Loss: 244.7665
Epoch 90/200, Batch 200, Aver_Loss: 233.1818
Epoch 90/200, Batch 300, Aver_Loss: 250.8124
Epoch 90/200, Batch 400, Aver_Loss: 241.2824
Epoch 90/200, Batch 500, Aver_Loss: 245.4918
[early-stopping] Epoch 90: no improvement (2/20)
Epoch 91/200, Batch 100, Aver_Loss: 239.7436
Epoch 91/200, Batch 200, Aver_Loss: 237.2800
Epoch 91/200, Batch 300, Aver_Loss: 256.1337
Epoch 91/200, Batch 400, Aver_Loss: 241.6575
Epoch 91/200, Batch 500, Aver_Loss: 242.8517
[early-stopping] Epoch 91: no improvement (3/20)
Epoch 92/200, Batch 100, Aver_Loss: 241.8079
Epoch 92/200, Batch 200, Aver_Loss: 238.4104
Epoch 92/200, Batch 300, Aver_Loss: 233.2350
Epoch 92/200, Batch 400, Aver_Loss: 229.3970
Epoch 92/200, Batch 500, Aver_Loss: 245.3618
[early-stopping] Epoch 92: no improvement (4/20)
Epoch 93/200, Batch 100, Aver_Loss: 236.8575
Epoch 93/200, Batch 200, Aver_Loss: 229.2245
Epoch 93/200, Batch 300, Aver_Loss: 238.9996
Epoch 93/200, Batch 400, Aver_Loss: 246.5223
Epoch 93/200, Batch 500, Aver_Loss: 246.4952
[early-stopping] Epoch 93: no improvement (5/20)
Epoch 94/200, Batch 100, Aver_Loss: 226.0169
Epoch 94/200, Batch 200, Aver_Loss: 248.6582
Epoch 94/200, Batch 300, Aver_Loss: 233.5601
Epoch 94/200, Batch 400, Aver_Loss: 237.4404
Epoch 94/200, Batch 500, Aver_Loss: 235.9156
[early-stopping] Epoch 94: no improvement (6/20)
Epoch 95/200, Batch 100, Aver_Loss: 249.1494
Epoch 95/200, Batch 200, Aver_Loss: 236.9809
Epoch 95/200, Batch 300, Aver_Loss: 233.0763
Epoch 95/200, Batch 400, Aver_Loss: 230.3958
Epoch 95/200, Batch 500, Aver_Loss: 243.9048
[early-stopping] Epoch 95: no improvement (7/20)
Epoch 96/200, Batch 100, Aver_Loss: 235.6060
Epoch 96/200, Batch 200, Aver_Loss: 249.0934
Epoch 96/200, Batch 300, Aver_Loss: 245.1177
Epoch 96/200, Batch 400, Aver_Loss: 263.0376
Epoch 96/200, Batch 500, Aver_Loss: 241.8820
[early-stopping] Epoch 96: no improvement (8/20)
Epoch 97/200, Batch 100, Aver_Loss: 237.2780
Epoch 97/200, Batch 200, Aver_Loss: 234.5965
Epoch 97/200, Batch 300, Aver_Loss: 231.7471
Epoch 97/200, Batch 400, Aver_Loss: 235.0933
Epoch 97/200, Batch 500, Aver_Loss: 237.1478
[early-stopping] Epoch 97: no improvement (9/20)
Epoch 98/200, Batch 100, Aver_Loss: 234.7084
Epoch 98/200, Batch 200, Aver_Loss: 240.7823
Epoch 98/200, Batch 300, Aver_Loss: 231.0884
Epoch 98/200, Batch 400, Aver_Loss: 234.9294
Epoch 98/200, Batch 500, Aver_Loss: 250.8506
[early-stopping] Epoch 98: no improvement (10/20)
Epoch 99/200, Batch 100, Aver_Loss: 245.1188
Epoch 99/200, Batch 200, Aver_Loss: 237.4900
Epoch 99/200, Batch 300, Aver_Loss: 227.3244
Epoch 99/200, Batch 400, Aver_Loss: 242.5830
Epoch 99/200, Batch 500, Aver_Loss: 241.2963
[early-stopping] Epoch 99: no improvement (11/20)
Epoch 100/200, Batch 100, Aver_Loss: 230.1574
Epoch 100/200, Batch 200, Aver_Loss: 241.9001
Epoch 100/200, Batch 300, Aver_Loss: 234.7362
Epoch 100/200, Batch 400, Aver_Loss: 236.8358
Epoch 100/200, Batch 500, Aver_Loss: 254.3721
[early-stopping] Epoch 100: no improvement (12/20)
Epoch 101/200, Batch 100, Aver_Loss: 249.3682
Epoch 101/200, Batch 200, Aver_Loss: 249.6234
Epoch 101/200, Batch 300, Aver_Loss: 235.0300
Epoch 101/200, Batch 400, Aver_Loss: 245.1848
Epoch 101/200, Batch 500, Aver_Loss: 249.6164
[early-stopping] Epoch 101: no improvement (13/20)
Epoch 102/200, Batch 100, Aver_Loss: 244.3711
Epoch 102/200, Batch 200, Aver_Loss: 243.7267
Epoch 102/200, Batch 300, Aver_Loss: 237.6764
Epoch 102/200, Batch 400, Aver_Loss: 232.3460
Epoch 102/200, Batch 500, Aver_Loss: 235.7221
[early-stopping] Epoch 102: no improvement (14/20)
Epoch 103/200, Batch 100, Aver_Loss: 226.3913
Epoch 103/200, Batch 200, Aver_Loss: 229.0381
Epoch 103/200, Batch 300, Aver_Loss: 251.7312
Epoch 103/200, Batch 400, Aver_Loss: 244.3535
Epoch 103/200, Batch 500, Aver_Loss: 236.1439
[early-stopping] Epoch 103: no improvement (15/20)
Epoch 104/200, Batch 100, Aver_Loss: 241.8656
Epoch 104/200, Batch 200, Aver_Loss: 236.3029
Epoch 104/200, Batch 300, Aver_Loss: 237.5258
Epoch 104/200, Batch 400, Aver_Loss: 243.9856
Epoch 104/200, Batch 500, Aver_Loss: 247.6212
[early-stopping] Epoch 104: new best val ELBO = -240.837710
Epoch 105/200, Batch 100, Aver_Loss: 237.2897
Epoch 105/200, Batch 200, Aver_Loss: 226.6595
Epoch 105/200, Batch 300, Aver_Loss: 235.9553
Epoch 105/200, Batch 400, Aver_Loss: 231.4044
Epoch 105/200, Batch 500, Aver_Loss: 256.9315
[early-stopping] Epoch 105: no improvement (1/20)
Epoch 106/200, Batch 100, Aver_Loss: 238.5727
Epoch 106/200, Batch 200, Aver_Loss: 233.7041
Epoch 106/200, Batch 300, Aver_Loss: 256.0344
Epoch 106/200, Batch 400, Aver_Loss: 238.0714
Epoch 106/200, Batch 500, Aver_Loss: 245.8603
[early-stopping] Epoch 106: no improvement (2/20)
Epoch 107/200, Batch 100, Aver_Loss: 254.4177
Epoch 107/200, Batch 200, Aver_Loss: 237.8195
Epoch 107/200, Batch 300, Aver_Loss: 244.1871
Epoch 107/200, Batch 400, Aver_Loss: 245.4581
Epoch 107/200, Batch 500, Aver_Loss: 222.0537
[early-stopping] Epoch 107: new best val ELBO = -240.718991
Epoch 108/200, Batch 100, Aver_Loss: 246.4928
Epoch 108/200, Batch 200, Aver_Loss: 228.6327
Epoch 108/200, Batch 300, Aver_Loss: 230.9908
Epoch 108/200, Batch 400, Aver_Loss: 231.7266
Epoch 108/200, Batch 500, Aver_Loss: 234.6766
[early-stopping] Epoch 108: no improvement (1/20)
Epoch 109/200, Batch 100, Aver_Loss: 243.3620
Epoch 109/200, Batch 200, Aver_Loss: 231.2220
Epoch 109/200, Batch 300, Aver_Loss: 236.2443
Epoch 109/200, Batch 400, Aver_Loss: 237.7867
Epoch 109/200, Batch 500, Aver_Loss: 217.0824
[early-stopping] Epoch 109: no improvement (2/20)
Epoch 110/200, Batch 100, Aver_Loss: 238.9712
Epoch 110/200, Batch 200, Aver_Loss: 232.0405
Epoch 110/200, Batch 300, Aver_Loss: 257.8002
Epoch 110/200, Batch 400, Aver_Loss: 240.1677
Epoch 110/200, Batch 500, Aver_Loss: 242.6063
[early-stopping] Epoch 110: no improvement (3/20)
Epoch 111/200, Batch 100, Aver_Loss: 252.6324
Epoch 111/200, Batch 200, Aver_Loss: 248.8226
Epoch 111/200, Batch 300, Aver_Loss: 237.2746
Epoch 111/200, Batch 400, Aver_Loss: 233.1180
Epoch 111/200, Batch 500, Aver_Loss: 246.0801
[early-stopping] Epoch 111: new best val ELBO = -240.672224
Epoch 112/200, Batch 100, Aver_Loss: 243.8122
Epoch 112/200, Batch 200, Aver_Loss: 242.5969
Epoch 112/200, Batch 300, Aver_Loss: 245.5916
Epoch 112/200, Batch 400, Aver_Loss: 240.7280
Epoch 112/200, Batch 500, Aver_Loss: 231.3416
[early-stopping] Epoch 112: no improvement (1/20)
Epoch 113/200, Batch 100, Aver_Loss: 243.5092
Epoch 113/200, Batch 200, Aver_Loss: 235.5845
Epoch 113/200, Batch 300, Aver_Loss: 245.5042
Epoch 113/200, Batch 400, Aver_Loss: 228.4663
Epoch 113/200, Batch 500, Aver_Loss: 245.5234
[early-stopping] Epoch 113: no improvement (2/20)
Epoch 114/200, Batch 100, Aver_Loss: 251.3428
Epoch 114/200, Batch 200, Aver_Loss: 239.6826
Epoch 114/200, Batch 300, Aver_Loss: 224.7919
Epoch 114/200, Batch 400, Aver_Loss: 236.1473
Epoch 114/200, Batch 500, Aver_Loss: 249.2747
[early-stopping] Epoch 114: new best val ELBO = -240.522055
Epoch 115/200, Batch 100, Aver_Loss: 241.8698
Epoch 115/200, Batch 200, Aver_Loss: 238.0231
Epoch 115/200, Batch 300, Aver_Loss: 232.8458
Epoch 115/200, Batch 400, Aver_Loss: 244.5579
Epoch 115/200, Batch 500, Aver_Loss: 231.5428
[early-stopping] Epoch 115: no improvement (1/20)
Epoch 116/200, Batch 100, Aver_Loss: 237.3046
Epoch 116/200, Batch 200, Aver_Loss: 243.9100
Epoch 116/200, Batch 300, Aver_Loss: 240.3722
Epoch 116/200, Batch 400, Aver_Loss: 235.3078
Epoch 116/200, Batch 500, Aver_Loss: 246.5580
[early-stopping] Epoch 116: no improvement (2/20)
Epoch 117/200, Batch 100, Aver_Loss: 237.0715
Epoch 117/200, Batch 200, Aver_Loss: 244.9850
Epoch 117/200, Batch 300, Aver_Loss: 237.1616
Epoch 117/200, Batch 400, Aver_Loss: 238.4725
Epoch 117/200, Batch 500, Aver_Loss: 259.4653
[early-stopping] Epoch 117: no improvement (3/20)
Epoch 118/200, Batch 100, Aver_Loss: 252.3529
Epoch 118/200, Batch 200, Aver_Loss: 244.0421
Epoch 118/200, Batch 300, Aver_Loss: 247.8793
Epoch 118/200, Batch 400, Aver_Loss: 229.1392
Epoch 118/200, Batch 500, Aver_Loss: 234.3748
[early-stopping] Epoch 118: no improvement (4/20)
Epoch 119/200, Batch 100, Aver_Loss: 256.5237
Epoch 119/200, Batch 200, Aver_Loss: 241.9850
Epoch 119/200, Batch 300, Aver_Loss: 243.5374
Epoch 119/200, Batch 400, Aver_Loss: 245.7705
Epoch 119/200, Batch 500, Aver_Loss: 248.0700
[early-stopping] Epoch 119: no improvement (5/20)
Epoch 120/200, Batch 100, Aver_Loss: 239.8501
Epoch 120/200, Batch 200, Aver_Loss: 239.4905
Epoch 120/200, Batch 300, Aver_Loss: 245.5986
Epoch 120/200, Batch 400, Aver_Loss: 238.3959
Epoch 120/200, Batch 500, Aver_Loss: 232.9929
[early-stopping] Epoch 120: no improvement (6/20)
Epoch 121/200, Batch 100, Aver_Loss: 254.4453
Epoch 121/200, Batch 200, Aver_Loss: 242.2417
Epoch 121/200, Batch 300, Aver_Loss: 260.0903
Epoch 121/200, Batch 400, Aver_Loss: 238.8035
Epoch 121/200, Batch 500, Aver_Loss: 226.6734
[early-stopping] Epoch 121: no improvement (7/20)
Epoch 122/200, Batch 100, Aver_Loss: 240.5281
Epoch 122/200, Batch 200, Aver_Loss: 238.8639
Epoch 122/200, Batch 300, Aver_Loss: 232.3988
Epoch 122/200, Batch 400, Aver_Loss: 243.0807
Epoch 122/200, Batch 500, Aver_Loss: 241.6487
[early-stopping] Epoch 122: no improvement (8/20)
Epoch 123/200, Batch 100, Aver_Loss: 241.0289
Epoch 123/200, Batch 200, Aver_Loss: 240.7446
Epoch 123/200, Batch 300, Aver_Loss: 240.2122
Epoch 123/200, Batch 400, Aver_Loss: 237.3211
Epoch 123/200, Batch 500, Aver_Loss: 229.8182
[early-stopping] Epoch 123: no improvement (9/20)
Epoch 124/200, Batch 100, Aver_Loss: 243.0547
Epoch 124/200, Batch 200, Aver_Loss: 233.4377
Epoch 124/200, Batch 300, Aver_Loss: 242.1385
Epoch 124/200, Batch 400, Aver_Loss: 243.7491
Epoch 124/200, Batch 500, Aver_Loss: 246.7671
[early-stopping] Epoch 124: no improvement (10/20)
Epoch 125/200, Batch 100, Aver_Loss: 239.2136
Epoch 125/200, Batch 200, Aver_Loss: 250.1367
Epoch 125/200, Batch 300, Aver_Loss: 237.6801
Epoch 125/200, Batch 400, Aver_Loss: 250.8421
Epoch 125/200, Batch 500, Aver_Loss: 240.6275
[early-stopping] Epoch 125: no improvement (11/20)
Epoch 126/200, Batch 100, Aver_Loss: 245.9207
Epoch 126/200, Batch 200, Aver_Loss: 232.5989
Epoch 126/200, Batch 300, Aver_Loss: 235.6101
Epoch 126/200, Batch 400, Aver_Loss: 239.3988
Epoch 126/200, Batch 500, Aver_Loss: 239.7524
[early-stopping] Epoch 126: no improvement (12/20)
Epoch 127/200, Batch 100, Aver_Loss: 235.8660
Epoch 127/200, Batch 200, Aver_Loss: 238.6997
Epoch 127/200, Batch 300, Aver_Loss: 231.7527
Epoch 127/200, Batch 400, Aver_Loss: 238.6557
Epoch 127/200, Batch 500, Aver_Loss: 252.1303
[early-stopping] Epoch 127: no improvement (13/20)
Epoch 128/200, Batch 100, Aver_Loss: 231.3640
Epoch 128/200, Batch 200, Aver_Loss: 238.0618
Epoch 128/200, Batch 300, Aver_Loss: 230.1710
Epoch 128/200, Batch 400, Aver_Loss: 241.8658
Epoch 128/200, Batch 500, Aver_Loss: 241.9040
[early-stopping] Epoch 128: no improvement (14/20)
Epoch 129/200, Batch 100, Aver_Loss: 235.5557
Epoch 129/200, Batch 200, Aver_Loss: 232.2298
Epoch 129/200, Batch 300, Aver_Loss: 246.0668
Epoch 129/200, Batch 400, Aver_Loss: 243.8427
Epoch 129/200, Batch 500, Aver_Loss: 237.5191
[early-stopping] Epoch 129: no improvement (15/20)
Epoch 130/200, Batch 100, Aver_Loss: 235.7155
Epoch 130/200, Batch 200, Aver_Loss: 241.0408
Epoch 130/200, Batch 300, Aver_Loss: 236.4250
Epoch 130/200, Batch 400, Aver_Loss: 242.6455
Epoch 130/200, Batch 500, Aver_Loss: 237.5503
[early-stopping] Epoch 130: no improvement (16/20)
Epoch 131/200, Batch 100, Aver_Loss: 230.8214
Epoch 131/200, Batch 200, Aver_Loss: 233.9798
Epoch 131/200, Batch 300, Aver_Loss: 234.8075
Epoch 131/200, Batch 400, Aver_Loss: 243.0041
Epoch 131/200, Batch 500, Aver_Loss: 243.2970
[early-stopping] Epoch 131: new best val ELBO = -240.505712
Epoch 132/200, Batch 100, Aver_Loss: 230.1375
Epoch 132/200, Batch 200, Aver_Loss: 243.2803
Epoch 132/200, Batch 300, Aver_Loss: 245.9520
Epoch 132/200, Batch 400, Aver_Loss: 237.9475
Epoch 132/200, Batch 500, Aver_Loss: 237.5234
[early-stopping] Epoch 132: no improvement (1/20)
Epoch 133/200, Batch 100, Aver_Loss: 233.6800
Epoch 133/200, Batch 200, Aver_Loss: 238.2859
Epoch 133/200, Batch 300, Aver_Loss: 234.6842
Epoch 133/200, Batch 400, Aver_Loss: 244.2611
Epoch 133/200, Batch 500, Aver_Loss: 243.3264
[early-stopping] Epoch 133: no improvement (2/20)
Epoch 134/200, Batch 100, Aver_Loss: 244.8088
Epoch 134/200, Batch 200, Aver_Loss: 253.2534
Epoch 134/200, Batch 300, Aver_Loss: 242.9289
Epoch 134/200, Batch 400, Aver_Loss: 233.8743
Epoch 134/200, Batch 500, Aver_Loss: 246.6492
[early-stopping] Epoch 134: no improvement (3/20)
Epoch 135/200, Batch 100, Aver_Loss: 234.8449
Epoch 135/200, Batch 200, Aver_Loss: 233.5672
Epoch 135/200, Batch 300, Aver_Loss: 240.7446
Epoch 135/200, Batch 400, Aver_Loss: 245.3496
Epoch 135/200, Batch 500, Aver_Loss: 247.7668
[early-stopping] Epoch 135: no improvement (4/20)
Epoch 136/200, Batch 100, Aver_Loss: 236.2359
Epoch 136/200, Batch 200, Aver_Loss: 239.8417
Epoch 136/200, Batch 300, Aver_Loss: 242.0698
Epoch 136/200, Batch 400, Aver_Loss: 237.2892
Epoch 136/200, Batch 500, Aver_Loss: 254.6547
[early-stopping] Epoch 136: no improvement (5/20)
Epoch 137/200, Batch 100, Aver_Loss: 230.2994
Epoch 137/200, Batch 200, Aver_Loss: 242.7795
Epoch 137/200, Batch 300, Aver_Loss: 235.3459
Epoch 137/200, Batch 400, Aver_Loss: 243.5329
Epoch 137/200, Batch 500, Aver_Loss: 239.7823
[early-stopping] Epoch 137: no improvement (6/20)
Epoch 138/200, Batch 100, Aver_Loss: 244.6209
Epoch 138/200, Batch 200, Aver_Loss: 247.5379
Epoch 138/200, Batch 300, Aver_Loss: 242.4319
Epoch 138/200, Batch 400, Aver_Loss: 246.8682
Epoch 138/200, Batch 500, Aver_Loss: 241.1034
[early-stopping] Epoch 138: new best val ELBO = -240.391402
Epoch 139/200, Batch 100, Aver_Loss: 221.0610
Epoch 139/200, Batch 200, Aver_Loss: 234.2240
Epoch 139/200, Batch 300, Aver_Loss: 239.5419
Epoch 139/200, Batch 400, Aver_Loss: 252.8790
Epoch 139/200, Batch 500, Aver_Loss: 237.1947
[early-stopping] Epoch 139: no improvement (1/20)
Epoch 140/200, Batch 100, Aver_Loss: 227.0628
Epoch 140/200, Batch 200, Aver_Loss: 251.7612
Epoch 140/200, Batch 300, Aver_Loss: 246.0656
Epoch 140/200, Batch 400, Aver_Loss: 235.9991
Epoch 140/200, Batch 500, Aver_Loss: 237.6890
[early-stopping] Epoch 140: no improvement (2/20)
Epoch 141/200, Batch 100, Aver_Loss: 248.6127
Epoch 141/200, Batch 200, Aver_Loss: 248.1406
Epoch 141/200, Batch 300, Aver_Loss: 224.2356
Epoch 141/200, Batch 400, Aver_Loss: 234.7786
Epoch 141/200, Batch 500, Aver_Loss: 246.6037
[early-stopping] Epoch 141: no improvement (3/20)
Epoch 142/200, Batch 100, Aver_Loss: 236.2528
Epoch 142/200, Batch 200, Aver_Loss: 236.7048
Epoch 142/200, Batch 300, Aver_Loss: 245.7054
Epoch 142/200, Batch 400, Aver_Loss: 242.0892
Epoch 142/200, Batch 500, Aver_Loss: 253.1337
[early-stopping] Epoch 142: no improvement (4/20)
Epoch 143/200, Batch 100, Aver_Loss: 246.9535
Epoch 143/200, Batch 200, Aver_Loss: 236.6065
Epoch 143/200, Batch 300, Aver_Loss: 247.7616
Epoch 143/200, Batch 400, Aver_Loss: 242.1494
Epoch 143/200, Batch 500, Aver_Loss: 238.0570
[early-stopping] Epoch 143: no improvement (5/20)
Epoch 144/200, Batch 100, Aver_Loss: 235.8080
Epoch 144/200, Batch 200, Aver_Loss: 246.0234
Epoch 144/200, Batch 300, Aver_Loss: 244.7356
Epoch 144/200, Batch 400, Aver_Loss: 233.0462
Epoch 144/200, Batch 500, Aver_Loss: 246.7771
[early-stopping] Epoch 144: new best val ELBO = -240.373332
Epoch 145/200, Batch 100, Aver_Loss: 232.3521
Epoch 145/200, Batch 200, Aver_Loss: 240.8752
Epoch 145/200, Batch 300, Aver_Loss: 250.1862
Epoch 145/200, Batch 400, Aver_Loss: 248.7730
Epoch 145/200, Batch 500, Aver_Loss: 245.3546
[early-stopping] Epoch 145: no improvement (1/20)
Epoch 146/200, Batch 100, Aver_Loss: 244.3602
Epoch 146/200, Batch 200, Aver_Loss: 233.7651
Epoch 146/200, Batch 300, Aver_Loss: 236.6844
Epoch 146/200, Batch 400, Aver_Loss: 244.2727
Epoch 146/200, Batch 500, Aver_Loss: 239.8975
[early-stopping] Epoch 146: no improvement (2/20)
Epoch 147/200, Batch 100, Aver_Loss: 241.4698
Epoch 147/200, Batch 200, Aver_Loss: 252.2529
Epoch 147/200, Batch 300, Aver_Loss: 244.0559
Epoch 147/200, Batch 400, Aver_Loss: 235.6008
Epoch 147/200, Batch 500, Aver_Loss: 232.8110
[early-stopping] Epoch 147: no improvement (3/20)
Epoch 148/200, Batch 100, Aver_Loss: 249.6271
Epoch 148/200, Batch 200, Aver_Loss: 239.9083
Epoch 148/200, Batch 300, Aver_Loss: 229.8277
Epoch 148/200, Batch 400, Aver_Loss: 239.3133
Epoch 148/200, Batch 500, Aver_Loss: 245.6748
[early-stopping] Epoch 148: no improvement (4/20)
Epoch 149/200, Batch 100, Aver_Loss: 226.2610
Epoch 149/200, Batch 200, Aver_Loss: 237.8709
Epoch 149/200, Batch 300, Aver_Loss: 249.1225
Epoch 149/200, Batch 400, Aver_Loss: 236.4950
Epoch 149/200, Batch 500, Aver_Loss: 236.9316
[early-stopping] Epoch 149: no improvement (5/20)
Epoch 150/200, Batch 100, Aver_Loss: 250.1422
Epoch 150/200, Batch 200, Aver_Loss: 233.8611
Epoch 150/200, Batch 300, Aver_Loss: 230.6042
Epoch 150/200, Batch 400, Aver_Loss: 243.0576
Epoch 150/200, Batch 500, Aver_Loss: 244.6301
[early-stopping] Epoch 150: no improvement (6/20)
Epoch 151/200, Batch 100, Aver_Loss: 235.1338
Epoch 151/200, Batch 200, Aver_Loss: 245.2581
Epoch 151/200, Batch 300, Aver_Loss: 245.9285
Epoch 151/200, Batch 400, Aver_Loss: 240.6050
Epoch 151/200, Batch 500, Aver_Loss: 248.4554
[early-stopping] Epoch 151: no improvement (7/20)
Epoch 152/200, Batch 100, Aver_Loss: 239.3374
Epoch 152/200, Batch 200, Aver_Loss: 233.2658
Epoch 152/200, Batch 300, Aver_Loss: 243.9247
Epoch 152/200, Batch 400, Aver_Loss: 241.3127
Epoch 152/200, Batch 500, Aver_Loss: 236.1205
[early-stopping] Epoch 152: no improvement (8/20)
Epoch 153/200, Batch 100, Aver_Loss: 248.3293
Epoch 153/200, Batch 200, Aver_Loss: 257.4940
Epoch 153/200, Batch 300, Aver_Loss: 223.6618
Epoch 153/200, Batch 400, Aver_Loss: 233.2324
Epoch 153/200, Batch 500, Aver_Loss: 233.1741
[early-stopping] Epoch 153: no improvement (9/20)
Epoch 154/200, Batch 100, Aver_Loss: 234.7858
Epoch 154/200, Batch 200, Aver_Loss: 232.5485
Epoch 154/200, Batch 300, Aver_Loss: 227.9277
Epoch 154/200, Batch 400, Aver_Loss: 250.9870
Epoch 154/200, Batch 500, Aver_Loss: 246.7762
[early-stopping] Epoch 154: no improvement (10/20)
Epoch 155/200, Batch 100, Aver_Loss: 237.1304
Epoch 155/200, Batch 200, Aver_Loss: 241.2442
Epoch 155/200, Batch 300, Aver_Loss: 240.2698
Epoch 155/200, Batch 400, Aver_Loss: 246.3515
Epoch 155/200, Batch 500, Aver_Loss: 227.1481
[early-stopping] Epoch 155: no improvement (11/20)
Epoch 156/200, Batch 100, Aver_Loss: 240.8149
Epoch 156/200, Batch 200, Aver_Loss: 235.3593
Epoch 156/200, Batch 300, Aver_Loss: 219.6009
Epoch 156/200, Batch 400, Aver_Loss: 253.1812
Epoch 156/200, Batch 500, Aver_Loss: 239.6631
[early-stopping] Epoch 156: no improvement (12/20)
Epoch 157/200, Batch 100, Aver_Loss: 242.6591
Epoch 157/200, Batch 200, Aver_Loss: 253.3612
Epoch 157/200, Batch 300, Aver_Loss: 227.5702
Epoch 157/200, Batch 400, Aver_Loss: 246.9922
Epoch 157/200, Batch 500, Aver_Loss: 241.9843
[early-stopping] Epoch 157: no improvement (13/20)
Epoch 158/200, Batch 100, Aver_Loss: 235.2429
Epoch 158/200, Batch 200, Aver_Loss: 224.9586
Epoch 158/200, Batch 300, Aver_Loss: 242.7498
Epoch 158/200, Batch 400, Aver_Loss: 238.4668
Epoch 158/200, Batch 500, Aver_Loss: 250.8554
[early-stopping] Epoch 158: new best val ELBO = -240.269414
Epoch 159/200, Batch 100, Aver_Loss: 252.6562
Epoch 159/200, Batch 200, Aver_Loss: 249.4195
Epoch 159/200, Batch 300, Aver_Loss: 248.2814
Epoch 159/200, Batch 400, Aver_Loss: 241.4658
Epoch 159/200, Batch 500, Aver_Loss: 247.2219
[early-stopping] Epoch 159: no improvement (1/20)
Epoch 160/200, Batch 100, Aver_Loss: 236.9977
Epoch 160/200, Batch 200, Aver_Loss: 260.7838
Epoch 160/200, Batch 300, Aver_Loss: 235.3251
Epoch 160/200, Batch 400, Aver_Loss: 232.6127
Epoch 160/200, Batch 500, Aver_Loss: 245.1402
[early-stopping] Epoch 160: no improvement (2/20)
Epoch 161/200, Batch 100, Aver_Loss: 246.1279
Epoch 161/200, Batch 200, Aver_Loss: 230.6918
Epoch 161/200, Batch 300, Aver_Loss: 239.5954
Epoch 161/200, Batch 400, Aver_Loss: 246.6532
Epoch 161/200, Batch 500, Aver_Loss: 234.9354
[early-stopping] Epoch 161: no improvement (3/20)
Epoch 162/200, Batch 100, Aver_Loss: 235.2001
Epoch 162/200, Batch 200, Aver_Loss: 243.1545
Epoch 162/200, Batch 300, Aver_Loss: 244.3293
Epoch 162/200, Batch 400, Aver_Loss: 225.5791
Epoch 162/200, Batch 500, Aver_Loss: 239.8756
[early-stopping] Epoch 162: new best val ELBO = -240.254811
Epoch 163/200, Batch 100, Aver_Loss: 236.3593
Epoch 163/200, Batch 200, Aver_Loss: 242.5783
Epoch 163/200, Batch 300, Aver_Loss: 221.4551
Epoch 163/200, Batch 400, Aver_Loss: 243.0979
Epoch 163/200, Batch 500, Aver_Loss: 246.7476
[early-stopping] Epoch 163: new best val ELBO = -240.243549
Epoch 164/200, Batch 100, Aver_Loss: 248.2890
Epoch 164/200, Batch 200, Aver_Loss: 249.1855
Epoch 164/200, Batch 300, Aver_Loss: 246.2550
Epoch 164/200, Batch 400, Aver_Loss: 250.5658
Epoch 164/200, Batch 500, Aver_Loss: 237.8747
[early-stopping] Epoch 164: no improvement (1/20)
Epoch 165/200, Batch 100, Aver_Loss: 240.7984
Epoch 165/200, Batch 200, Aver_Loss: 234.6270
Epoch 165/200, Batch 300, Aver_Loss: 231.6774
Epoch 165/200, Batch 400, Aver_Loss: 241.5798
Epoch 165/200, Batch 500, Aver_Loss: 244.1099
[early-stopping] Epoch 165: no improvement (2/20)
Epoch 166/200, Batch 100, Aver_Loss: 238.2326
Epoch 166/200, Batch 200, Aver_Loss: 237.8936
Epoch 166/200, Batch 300, Aver_Loss: 245.2439
Epoch 166/200, Batch 400, Aver_Loss: 236.5121
Epoch 166/200, Batch 500, Aver_Loss: 240.3884
[early-stopping] Epoch 166: no improvement (3/20)
Epoch 167/200, Batch 100, Aver_Loss: 234.4639
Epoch 167/200, Batch 200, Aver_Loss: 241.3502
Epoch 167/200, Batch 300, Aver_Loss: 239.7093
Epoch 167/200, Batch 400, Aver_Loss: 229.4785
Epoch 167/200, Batch 500, Aver_Loss: 239.5468
[early-stopping] Epoch 167: no improvement (4/20)
Epoch 168/200, Batch 100, Aver_Loss: 238.3706
Epoch 168/200, Batch 200, Aver_Loss: 240.6261
Epoch 168/200, Batch 300, Aver_Loss: 236.3088
Epoch 168/200, Batch 400, Aver_Loss: 232.5183
Epoch 168/200, Batch 500, Aver_Loss: 243.5980
[early-stopping] Epoch 168: no improvement (5/20)
Epoch 169/200, Batch 100, Aver_Loss: 233.3664
Epoch 169/200, Batch 200, Aver_Loss: 247.3826
Epoch 169/200, Batch 300, Aver_Loss: 243.7232
Epoch 169/200, Batch 400, Aver_Loss: 248.7430
Epoch 169/200, Batch 500, Aver_Loss: 236.5251
[early-stopping] Epoch 169: no improvement (6/20)
Epoch 170/200, Batch 100, Aver_Loss: 241.1306
Epoch 170/200, Batch 200, Aver_Loss: 243.1602
Epoch 170/200, Batch 300, Aver_Loss: 244.7758
Epoch 170/200, Batch 400, Aver_Loss: 241.8596
Epoch 170/200, Batch 500, Aver_Loss: 252.4290
[early-stopping] Epoch 170: no improvement (7/20)
Epoch 171/200, Batch 100, Aver_Loss: 243.1771
Epoch 171/200, Batch 200, Aver_Loss: 230.3943
Epoch 171/200, Batch 300, Aver_Loss: 231.8470
Epoch 171/200, Batch 400, Aver_Loss: 252.5860
Epoch 171/200, Batch 500, Aver_Loss: 244.0433
[early-stopping] Epoch 171: no improvement (8/20)
Epoch 172/200, Batch 100, Aver_Loss: 247.2804
Epoch 172/200, Batch 200, Aver_Loss: 230.9316
Epoch 172/200, Batch 300, Aver_Loss: 239.6887
Epoch 172/200, Batch 400, Aver_Loss: 251.9663
Epoch 172/200, Batch 500, Aver_Loss: 250.1720
[early-stopping] Epoch 172: no improvement (9/20)
Epoch 173/200, Batch 100, Aver_Loss: 251.8696
Epoch 173/200, Batch 200, Aver_Loss: 242.1787
Epoch 173/200, Batch 300, Aver_Loss: 247.1084
Epoch 173/200, Batch 400, Aver_Loss: 236.0835
Epoch 173/200, Batch 500, Aver_Loss: 248.9521
[early-stopping] Epoch 173: no improvement (10/20)
Epoch 174/200, Batch 100, Aver_Loss: 237.4720
Epoch 174/200, Batch 200, Aver_Loss: 240.8586
Epoch 174/200, Batch 300, Aver_Loss: 245.5388
Epoch 174/200, Batch 400, Aver_Loss: 252.8457
Epoch 174/200, Batch 500, Aver_Loss: 240.0710
[early-stopping] Epoch 174: no improvement (11/20)
Epoch 175/200, Batch 100, Aver_Loss: 244.9854
Epoch 175/200, Batch 200, Aver_Loss: 244.8652
Epoch 175/200, Batch 300, Aver_Loss: 239.4740
Epoch 175/200, Batch 400, Aver_Loss: 239.0098
Epoch 175/200, Batch 500, Aver_Loss: 243.1082
[early-stopping] Epoch 175: no improvement (12/20)
Epoch 176/200, Batch 100, Aver_Loss: 247.9514
Epoch 176/200, Batch 200, Aver_Loss: 225.4284
Epoch 176/200, Batch 300, Aver_Loss: 233.7465
Epoch 176/200, Batch 400, Aver_Loss: 244.8472
Epoch 176/200, Batch 500, Aver_Loss: 240.1672
[early-stopping] Epoch 176: no improvement (13/20)
Epoch 177/200, Batch 100, Aver_Loss: 245.3257
Epoch 177/200, Batch 200, Aver_Loss: 240.3812
Epoch 177/200, Batch 300, Aver_Loss: 243.6130
Epoch 177/200, Batch 400, Aver_Loss: 246.0001
Epoch 177/200, Batch 500, Aver_Loss: 247.7280
[early-stopping] Epoch 177: no improvement (14/20)
Epoch 178/200, Batch 100, Aver_Loss: 233.2875
Epoch 178/200, Batch 200, Aver_Loss: 239.5191
Epoch 178/200, Batch 300, Aver_Loss: 238.8725
Epoch 178/200, Batch 400, Aver_Loss: 254.9564
Epoch 178/200, Batch 500, Aver_Loss: 236.7705
[early-stopping] Epoch 178: no improvement (15/20)
Epoch 179/200, Batch 100, Aver_Loss: 246.5538
Epoch 179/200, Batch 200, Aver_Loss: 254.9557
Epoch 179/200, Batch 300, Aver_Loss: 246.0972
Epoch 179/200, Batch 400, Aver_Loss: 244.0549
Epoch 179/200, Batch 500, Aver_Loss: 243.1450
[early-stopping] Epoch 179: no improvement (16/20)
Epoch 180/200, Batch 100, Aver_Loss: 236.9446
Epoch 180/200, Batch 200, Aver_Loss: 248.1884
Epoch 180/200, Batch 300, Aver_Loss: 254.0153
Epoch 180/200, Batch 400, Aver_Loss: 232.8900
Epoch 180/200, Batch 500, Aver_Loss: 243.6874
[early-stopping] Epoch 180: new best val ELBO = -240.128434
Epoch 181/200, Batch 100, Aver_Loss: 240.6974
Epoch 181/200, Batch 200, Aver_Loss: 243.7247
Epoch 181/200, Batch 300, Aver_Loss: 250.5418
Epoch 181/200, Batch 400, Aver_Loss: 238.6024
Epoch 181/200, Batch 500, Aver_Loss: 246.3189
[early-stopping] Epoch 181: no improvement (1/20)
Epoch 182/200, Batch 100, Aver_Loss: 241.1674
Epoch 182/200, Batch 200, Aver_Loss: 229.9733
Epoch 182/200, Batch 300, Aver_Loss: 243.5266
Epoch 182/200, Batch 400, Aver_Loss: 229.9938
Epoch 182/200, Batch 500, Aver_Loss: 246.7530
[early-stopping] Epoch 182: no improvement (2/20)
Epoch 183/200, Batch 100, Aver_Loss: 224.6393
Epoch 183/200, Batch 200, Aver_Loss: 236.3589
Epoch 183/200, Batch 300, Aver_Loss: 248.4393
Epoch 183/200, Batch 400, Aver_Loss: 248.4156
Epoch 183/200, Batch 500, Aver_Loss: 244.2897
[early-stopping] Epoch 183: no improvement (3/20)
Epoch 184/200, Batch 100, Aver_Loss: 251.5248
Epoch 184/200, Batch 200, Aver_Loss: 243.5521
Epoch 184/200, Batch 300, Aver_Loss: 237.5706
Epoch 184/200, Batch 400, Aver_Loss: 246.1053
Epoch 184/200, Batch 500, Aver_Loss: 243.0142
[early-stopping] Epoch 184: no improvement (4/20)
Epoch 185/200, Batch 100, Aver_Loss: 242.2154
Epoch 185/200, Batch 200, Aver_Loss: 234.0402
Epoch 185/200, Batch 300, Aver_Loss: 233.4176
Epoch 185/200, Batch 400, Aver_Loss: 234.8144
Epoch 185/200, Batch 500, Aver_Loss: 239.7541
[early-stopping] Epoch 185: no improvement (5/20)
Epoch 186/200, Batch 100, Aver_Loss: 251.4696
Epoch 186/200, Batch 200, Aver_Loss: 247.8703
Epoch 186/200, Batch 300, Aver_Loss: 236.2116
Epoch 186/200, Batch 400, Aver_Loss: 247.5604
Epoch 186/200, Batch 500, Aver_Loss: 241.8217
[early-stopping] Epoch 186: no improvement (6/20)
Epoch 187/200, Batch 100, Aver_Loss: 252.3154
Epoch 187/200, Batch 200, Aver_Loss: 240.5688
Epoch 187/200, Batch 300, Aver_Loss: 228.5602
Epoch 187/200, Batch 400, Aver_Loss: 237.2953
Epoch 187/200, Batch 500, Aver_Loss: 231.1605
[early-stopping] Epoch 187: no improvement (7/20)
Epoch 188/200, Batch 100, Aver_Loss: 237.3804
Epoch 188/200, Batch 200, Aver_Loss: 245.1929
Epoch 188/200, Batch 300, Aver_Loss: 242.0707
Epoch 188/200, Batch 400, Aver_Loss: 237.1980
Epoch 188/200, Batch 500, Aver_Loss: 240.7857
[early-stopping] Epoch 188: no improvement (8/20)
Epoch 189/200, Batch 100, Aver_Loss: 237.0084
Epoch 189/200, Batch 200, Aver_Loss: 225.6047
Epoch 189/200, Batch 300, Aver_Loss: 226.7715
Epoch 189/200, Batch 400, Aver_Loss: 246.5984
Epoch 189/200, Batch 500, Aver_Loss: 247.5785
[early-stopping] Epoch 189: no improvement (9/20)
Epoch 190/200, Batch 100, Aver_Loss: 240.2519
Epoch 190/200, Batch 200, Aver_Loss: 233.8461
Epoch 190/200, Batch 300, Aver_Loss: 229.3103
Epoch 190/200, Batch 400, Aver_Loss: 249.7263
Epoch 190/200, Batch 500, Aver_Loss: 223.2964
[early-stopping] Epoch 190: no improvement (10/20)
Epoch 191/200, Batch 100, Aver_Loss: 250.6827
Epoch 191/200, Batch 200, Aver_Loss: 250.7698
Epoch 191/200, Batch 300, Aver_Loss: 259.1555
Epoch 191/200, Batch 400, Aver_Loss: 243.3901
Epoch 191/200, Batch 500, Aver_Loss: 235.0364
[early-stopping] Epoch 191: no improvement (11/20)
Epoch 192/200, Batch 100, Aver_Loss: 240.1293
Epoch 192/200, Batch 200, Aver_Loss: 224.4666
Epoch 192/200, Batch 300, Aver_Loss: 233.6808
Epoch 192/200, Batch 400, Aver_Loss: 228.4783
Epoch 192/200, Batch 500, Aver_Loss: 240.1626
[early-stopping] Epoch 192: no improvement (12/20)
Epoch 193/200, Batch 100, Aver_Loss: 246.7101
Epoch 193/200, Batch 200, Aver_Loss: 237.6946
Epoch 193/200, Batch 300, Aver_Loss: 250.1730
Epoch 193/200, Batch 400, Aver_Loss: 238.1063
Epoch 193/200, Batch 500, Aver_Loss: 232.4134
[early-stopping] Epoch 193: no improvement (13/20)
Epoch 194/200, Batch 100, Aver_Loss: 223.6382
Epoch 194/200, Batch 200, Aver_Loss: 228.5854
Epoch 194/200, Batch 300, Aver_Loss: 238.9958
Epoch 194/200, Batch 400, Aver_Loss: 231.4525
Epoch 194/200, Batch 500, Aver_Loss: 244.1222
[early-stopping] Epoch 194: no improvement (14/20)
Epoch 195/200, Batch 100, Aver_Loss: 226.4932
Epoch 195/200, Batch 200, Aver_Loss: 239.1150
Epoch 195/200, Batch 300, Aver_Loss: 231.2605
Epoch 195/200, Batch 400, Aver_Loss: 234.9434
Epoch 195/200, Batch 500, Aver_Loss: 239.5825
[early-stopping] Epoch 195: no improvement (15/20)
Epoch 196/200, Batch 100, Aver_Loss: 239.8654
Epoch 196/200, Batch 200, Aver_Loss: 247.2610
Epoch 196/200, Batch 300, Aver_Loss: 238.3911
Epoch 196/200, Batch 400, Aver_Loss: 232.6725
Epoch 196/200, Batch 500, Aver_Loss: 233.9771
[early-stopping] Epoch 196: no improvement (16/20)
Epoch 197/200, Batch 100, Aver_Loss: 242.0786
Epoch 197/200, Batch 200, Aver_Loss: 238.1105
Epoch 197/200, Batch 300, Aver_Loss: 235.5812
Epoch 197/200, Batch 400, Aver_Loss: 234.7052
Epoch 197/200, Batch 500, Aver_Loss: 239.1360
[early-stopping] Epoch 197: new best val ELBO = -239.995210
Epoch 198/200, Batch 100, Aver_Loss: 237.3657
Epoch 198/200, Batch 200, Aver_Loss: 245.8694
Epoch 198/200, Batch 300, Aver_Loss: 243.2910
Epoch 198/200, Batch 400, Aver_Loss: 236.2209
Epoch 198/200, Batch 500, Aver_Loss: 249.8228
[early-stopping] Epoch 198: no improvement (1/20)
Epoch 199/200, Batch 100, Aver_Loss: 230.9924
Epoch 199/200, Batch 200, Aver_Loss: 247.5470
Epoch 199/200, Batch 300, Aver_Loss: 236.5908
Epoch 199/200, Batch 400, Aver_Loss: 247.3603
Epoch 199/200, Batch 500, Aver_Loss: 252.7406
[early-stopping] Epoch 199: no improvement (2/20)
Epoch 200/200, Batch 100, Aver_Loss: 242.7104
Epoch 200/200, Batch 200, Aver_Loss: 236.0138
Epoch 200/200, Batch 300, Aver_Loss: 227.5473
Epoch 200/200, Batch 400, Aver_Loss: 233.9986
Epoch 200/200, Batch 500, Aver_Loss: 247.1000
[early-stopping] Epoch 200: no improvement (3/20)
[early-stopping] Loaded best model from epoch 197 (val ELBO = -239.995210)
[checkpoint] Saved best model to: trained_parameters/fashion_mnist_zdim256_MVAE.pkl
[saved curves] ./results/FASHION_MNIST/curves/fashion_mnist_mvae_d256_s777.json

==== Evaluation Summary ====
                 model: mvae
   recon/mse_per_pixel: 0.015029
            elbo/train: -239.319413
             elbo/test: -239.974406
             mse/train: 0.014692
              mse/test: 0.015029
             probe/acc: 0.866357
             probe/nll: 0.384248
           probe/brier: 0.193634
             probe/ece: 0.029374
           cluster/nmi: 0.536386
           cluster/ari: 0.375631
============================

