/usr/bin/which: no fi_info in (/arf/home/meyavuz/.local/bin:/arf/sw/comp/python/intelpython3/condabin:/arf/sw/comp/python/intelpython3/bin:/usr/share/Modules/bin:/usr/local/bin:/usr/bin:/usr/local/sbin:/usr/sbin)
Extension for Scikit-learn* enabled (https://github.com/uxlfoundation/scikit-learn-intelex)
/arf/home/meyavuz/.conda/envs/sbn/lib/python3.9/site-packages/sklearn/linear_model/_logistic.py:1247: FutureWarning: 'multi_class' was deprecated in version 1.5 and will be removed in 1.7. From then on, it will always use 'multinomial'. Leave it to its default value to avoid this warning.
  warnings.warn(
Epoch 1/200, Batch 100, Aver_Loss: 312.5862
Epoch 1/200, Batch 200, Aver_Loss: 302.3485
Epoch 1/200, Batch 300, Aver_Loss: 279.7386
Epoch 1/200, Batch 400, Aver_Loss: 278.9765
Epoch 1/200, Batch 500, Aver_Loss: 282.3959
[early-stopping] Epoch 1: new best val ELBO = -283.130063
Epoch 2/200, Batch 100, Aver_Loss: 281.1859
Epoch 2/200, Batch 200, Aver_Loss: 271.6557
Epoch 2/200, Batch 300, Aver_Loss: 282.1972
Epoch 2/200, Batch 400, Aver_Loss: 271.9972
Epoch 2/200, Batch 500, Aver_Loss: 270.9100
[early-stopping] Epoch 2: new best val ELBO = -265.494088
Epoch 3/200, Batch 100, Aver_Loss: 276.5448
Epoch 3/200, Batch 200, Aver_Loss: 275.4772
Epoch 3/200, Batch 300, Aver_Loss: 269.0569
Epoch 3/200, Batch 400, Aver_Loss: 256.2036
Epoch 3/200, Batch 500, Aver_Loss: 260.3287
[early-stopping] Epoch 3: new best val ELBO = -260.484287
Epoch 4/200, Batch 100, Aver_Loss: 259.5017
Epoch 4/200, Batch 200, Aver_Loss: 262.0475
Epoch 4/200, Batch 300, Aver_Loss: 263.8711
Epoch 4/200, Batch 400, Aver_Loss: 261.8172
Epoch 4/200, Batch 500, Aver_Loss: 261.7567
[early-stopping] Epoch 4: no improvement (1/20)
Epoch 5/200, Batch 100, Aver_Loss: 263.7966
Epoch 5/200, Batch 200, Aver_Loss: 254.9947
Epoch 5/200, Batch 300, Aver_Loss: 252.7876
Epoch 5/200, Batch 400, Aver_Loss: 254.6859
Epoch 5/200, Batch 500, Aver_Loss: 246.9116
[early-stopping] Epoch 5: new best val ELBO = -258.381515
Epoch 6/200, Batch 100, Aver_Loss: 258.2868
Epoch 6/200, Batch 200, Aver_Loss: 250.6133
Epoch 6/200, Batch 300, Aver_Loss: 263.6800
Epoch 6/200, Batch 400, Aver_Loss: 244.0075
Epoch 6/200, Batch 500, Aver_Loss: 254.6362
[early-stopping] Epoch 6: new best val ELBO = -256.033598
Epoch 7/200, Batch 100, Aver_Loss: 240.8453
Epoch 7/200, Batch 200, Aver_Loss: 274.5067
Epoch 7/200, Batch 300, Aver_Loss: 261.6823
Epoch 7/200, Batch 400, Aver_Loss: 245.7864
Epoch 7/200, Batch 500, Aver_Loss: 259.4946
[early-stopping] Epoch 7: no improvement (1/20)
Epoch 8/200, Batch 100, Aver_Loss: 240.4096
Epoch 8/200, Batch 200, Aver_Loss: 245.0964
Epoch 8/200, Batch 300, Aver_Loss: 265.5229
Epoch 8/200, Batch 400, Aver_Loss: 257.1500
Epoch 8/200, Batch 500, Aver_Loss: 264.7253
[early-stopping] Epoch 8: new best val ELBO = -253.647603
Epoch 9/200, Batch 100, Aver_Loss: 247.9987
Epoch 9/200, Batch 200, Aver_Loss: 253.6671
Epoch 9/200, Batch 300, Aver_Loss: 264.1704
Epoch 9/200, Batch 400, Aver_Loss: 256.4575
Epoch 9/200, Batch 500, Aver_Loss: 248.8322
[early-stopping] Epoch 9: new best val ELBO = -252.986281
Epoch 10/200, Batch 100, Aver_Loss: 254.0791
Epoch 10/200, Batch 200, Aver_Loss: 264.7036
Epoch 10/200, Batch 300, Aver_Loss: 252.4848
Epoch 10/200, Batch 400, Aver_Loss: 244.9370
Epoch 10/200, Batch 500, Aver_Loss: 239.6049
[early-stopping] Epoch 10: new best val ELBO = -252.200105
Epoch 11/200, Batch 100, Aver_Loss: 257.0623
Epoch 11/200, Batch 200, Aver_Loss: 257.6455
Epoch 11/200, Batch 300, Aver_Loss: 252.6203
Epoch 11/200, Batch 400, Aver_Loss: 245.8672
Epoch 11/200, Batch 500, Aver_Loss: 262.8017
[early-stopping] Epoch 11: new best val ELBO = -251.670456
Epoch 12/200, Batch 100, Aver_Loss: 267.2815
Epoch 12/200, Batch 200, Aver_Loss: 256.5723
Epoch 12/200, Batch 300, Aver_Loss: 251.5963
Epoch 12/200, Batch 400, Aver_Loss: 253.7696
Epoch 12/200, Batch 500, Aver_Loss: 245.7036
[early-stopping] Epoch 12: new best val ELBO = -251.381842
Epoch 13/200, Batch 100, Aver_Loss: 258.2343
Epoch 13/200, Batch 200, Aver_Loss: 251.0743
Epoch 13/200, Batch 300, Aver_Loss: 238.6881
Epoch 13/200, Batch 400, Aver_Loss: 247.7682
Epoch 13/200, Batch 500, Aver_Loss: 235.6470
[early-stopping] Epoch 13: new best val ELBO = -249.901187
Epoch 14/200, Batch 100, Aver_Loss: 248.3108
Epoch 14/200, Batch 200, Aver_Loss: 249.2337
Epoch 14/200, Batch 300, Aver_Loss: 247.5875
Epoch 14/200, Batch 400, Aver_Loss: 244.5219
Epoch 14/200, Batch 500, Aver_Loss: 235.9001
[early-stopping] Epoch 14: new best val ELBO = -249.770312
Epoch 15/200, Batch 100, Aver_Loss: 235.7718
Epoch 15/200, Batch 200, Aver_Loss: 259.9253
Epoch 15/200, Batch 300, Aver_Loss: 247.7078
Epoch 15/200, Batch 400, Aver_Loss: 262.1360
Epoch 15/200, Batch 500, Aver_Loss: 248.0296
[early-stopping] Epoch 15: new best val ELBO = -249.286788
Epoch 16/200, Batch 100, Aver_Loss: 254.6115
Epoch 16/200, Batch 200, Aver_Loss: 242.4310
Epoch 16/200, Batch 300, Aver_Loss: 247.1078
Epoch 16/200, Batch 400, Aver_Loss: 251.6999
Epoch 16/200, Batch 500, Aver_Loss: 251.7626
[early-stopping] Epoch 16: no improvement (1/20)
Epoch 17/200, Batch 100, Aver_Loss: 236.5469
Epoch 17/200, Batch 200, Aver_Loss: 244.8738
Epoch 17/200, Batch 300, Aver_Loss: 251.0129
Epoch 17/200, Batch 400, Aver_Loss: 246.4754
Epoch 17/200, Batch 500, Aver_Loss: 246.5021
[early-stopping] Epoch 17: new best val ELBO = -248.915479
Epoch 18/200, Batch 100, Aver_Loss: 253.4617
Epoch 18/200, Batch 200, Aver_Loss: 240.2961
Epoch 18/200, Batch 300, Aver_Loss: 243.3310
Epoch 18/200, Batch 400, Aver_Loss: 245.0000
Epoch 18/200, Batch 500, Aver_Loss: 248.1270
[early-stopping] Epoch 18: new best val ELBO = -248.080007
Epoch 19/200, Batch 100, Aver_Loss: 251.1146
Epoch 19/200, Batch 200, Aver_Loss: 257.3870
Epoch 19/200, Batch 300, Aver_Loss: 251.9044
Epoch 19/200, Batch 400, Aver_Loss: 239.5303
Epoch 19/200, Batch 500, Aver_Loss: 265.1509
[early-stopping] Epoch 19: new best val ELBO = -247.866761
Epoch 20/200, Batch 100, Aver_Loss: 260.8039
Epoch 20/200, Batch 200, Aver_Loss: 242.1323
Epoch 20/200, Batch 300, Aver_Loss: 253.0802
Epoch 20/200, Batch 400, Aver_Loss: 257.7390
Epoch 20/200, Batch 500, Aver_Loss: 240.3270
[early-stopping] Epoch 20: no improvement (1/20)
Epoch 21/200, Batch 100, Aver_Loss: 258.0006
Epoch 21/200, Batch 200, Aver_Loss: 245.7390
Epoch 21/200, Batch 300, Aver_Loss: 244.8239
Epoch 21/200, Batch 400, Aver_Loss: 238.4561
Epoch 21/200, Batch 500, Aver_Loss: 241.2637
[early-stopping] Epoch 21: new best val ELBO = -247.190677
Epoch 22/200, Batch 100, Aver_Loss: 248.8969
Epoch 22/200, Batch 200, Aver_Loss: 244.5270
Epoch 22/200, Batch 300, Aver_Loss: 253.6356
Epoch 22/200, Batch 400, Aver_Loss: 248.6377
Epoch 22/200, Batch 500, Aver_Loss: 254.6944
[early-stopping] Epoch 22: no improvement (1/20)
Epoch 23/200, Batch 100, Aver_Loss: 252.3747
Epoch 23/200, Batch 200, Aver_Loss: 250.1662
Epoch 23/200, Batch 300, Aver_Loss: 257.3878
Epoch 23/200, Batch 400, Aver_Loss: 241.1082
Epoch 23/200, Batch 500, Aver_Loss: 261.6107
[early-stopping] Epoch 23: no improvement (2/20)
Epoch 24/200, Batch 100, Aver_Loss: 240.9722
Epoch 24/200, Batch 200, Aver_Loss: 239.0031
Epoch 24/200, Batch 300, Aver_Loss: 264.7053
Epoch 24/200, Batch 400, Aver_Loss: 244.1049
Epoch 24/200, Batch 500, Aver_Loss: 249.7053
[early-stopping] Epoch 24: new best val ELBO = -246.648646
Epoch 25/200, Batch 100, Aver_Loss: 231.8502
Epoch 25/200, Batch 200, Aver_Loss: 235.5078
Epoch 25/200, Batch 300, Aver_Loss: 231.9928
Epoch 25/200, Batch 400, Aver_Loss: 245.0330
Epoch 25/200, Batch 500, Aver_Loss: 248.2210
[early-stopping] Epoch 25: no improvement (1/20)
Epoch 26/200, Batch 100, Aver_Loss: 254.7008
Epoch 26/200, Batch 200, Aver_Loss: 250.3093
Epoch 26/200, Batch 300, Aver_Loss: 244.8185
Epoch 26/200, Batch 400, Aver_Loss: 231.4694
Epoch 26/200, Batch 500, Aver_Loss: 234.3835
[early-stopping] Epoch 26: new best val ELBO = -246.274104
Epoch 27/200, Batch 100, Aver_Loss: 254.9647
Epoch 27/200, Batch 200, Aver_Loss: 246.3426
Epoch 27/200, Batch 300, Aver_Loss: 246.7479
Epoch 27/200, Batch 400, Aver_Loss: 263.8835
Epoch 27/200, Batch 500, Aver_Loss: 246.4181
[early-stopping] Epoch 27: new best val ELBO = -245.709526
Epoch 28/200, Batch 100, Aver_Loss: 259.8006
Epoch 28/200, Batch 200, Aver_Loss: 255.6444
Epoch 28/200, Batch 300, Aver_Loss: 238.9094
Epoch 28/200, Batch 400, Aver_Loss: 249.9316
Epoch 28/200, Batch 500, Aver_Loss: 237.0193
[early-stopping] Epoch 28: no improvement (1/20)
Epoch 29/200, Batch 100, Aver_Loss: 237.1772
Epoch 29/200, Batch 200, Aver_Loss: 242.8047
Epoch 29/200, Batch 300, Aver_Loss: 242.2422
Epoch 29/200, Batch 400, Aver_Loss: 256.0706
Epoch 29/200, Batch 500, Aver_Loss: 252.2550
[early-stopping] Epoch 29: no improvement (2/20)
Epoch 30/200, Batch 100, Aver_Loss: 240.5645
Epoch 30/200, Batch 200, Aver_Loss: 245.9763
Epoch 30/200, Batch 300, Aver_Loss: 234.5048
Epoch 30/200, Batch 400, Aver_Loss: 251.5632
Epoch 30/200, Batch 500, Aver_Loss: 241.4496
[early-stopping] Epoch 30: no improvement (3/20)
Epoch 31/200, Batch 100, Aver_Loss: 253.2750
Epoch 31/200, Batch 200, Aver_Loss: 245.3074
Epoch 31/200, Batch 300, Aver_Loss: 260.3999
Epoch 31/200, Batch 400, Aver_Loss: 231.5567
Epoch 31/200, Batch 500, Aver_Loss: 252.4309
[early-stopping] Epoch 31: no improvement (4/20)
Epoch 32/200, Batch 100, Aver_Loss: 243.6270
Epoch 32/200, Batch 200, Aver_Loss: 238.1802
Epoch 32/200, Batch 300, Aver_Loss: 257.3129
Epoch 32/200, Batch 400, Aver_Loss: 231.9220
Epoch 32/200, Batch 500, Aver_Loss: 241.7505
[early-stopping] Epoch 32: new best val ELBO = -245.466965
Epoch 33/200, Batch 100, Aver_Loss: 247.9039
Epoch 33/200, Batch 200, Aver_Loss: 237.1418
Epoch 33/200, Batch 300, Aver_Loss: 240.2612
Epoch 33/200, Batch 400, Aver_Loss: 236.3443
Epoch 33/200, Batch 500, Aver_Loss: 243.6244
[early-stopping] Epoch 33: no improvement (1/20)
Epoch 34/200, Batch 100, Aver_Loss: 238.9809
Epoch 34/200, Batch 200, Aver_Loss: 231.2458
Epoch 34/200, Batch 300, Aver_Loss: 248.8585
Epoch 34/200, Batch 400, Aver_Loss: 226.0046
Epoch 34/200, Batch 500, Aver_Loss: 236.7952
[early-stopping] Epoch 34: new best val ELBO = -245.169523
Epoch 35/200, Batch 100, Aver_Loss: 236.8279
Epoch 35/200, Batch 200, Aver_Loss: 241.5558
Epoch 35/200, Batch 300, Aver_Loss: 258.8613
Epoch 35/200, Batch 400, Aver_Loss: 244.3693
Epoch 35/200, Batch 500, Aver_Loss: 246.9222
[early-stopping] Epoch 35: new best val ELBO = -245.051423
Epoch 36/200, Batch 100, Aver_Loss: 243.2053
Epoch 36/200, Batch 200, Aver_Loss: 250.5188
Epoch 36/200, Batch 300, Aver_Loss: 244.1935
Epoch 36/200, Batch 400, Aver_Loss: 256.4389
Epoch 36/200, Batch 500, Aver_Loss: 250.0992
[early-stopping] Epoch 36: new best val ELBO = -244.742097
Epoch 37/200, Batch 100, Aver_Loss: 262.1403
Epoch 37/200, Batch 200, Aver_Loss: 247.3151
Epoch 37/200, Batch 300, Aver_Loss: 247.0453
Epoch 37/200, Batch 400, Aver_Loss: 243.5795
Epoch 37/200, Batch 500, Aver_Loss: 232.8650
[early-stopping] Epoch 37: no improvement (1/20)
Epoch 38/200, Batch 100, Aver_Loss: 234.2099
Epoch 38/200, Batch 200, Aver_Loss: 232.4134
Epoch 38/200, Batch 300, Aver_Loss: 245.5333
Epoch 38/200, Batch 400, Aver_Loss: 251.7248
Epoch 38/200, Batch 500, Aver_Loss: 256.5233
[early-stopping] Epoch 38: no improvement (2/20)
Epoch 39/200, Batch 100, Aver_Loss: 235.9089
Epoch 39/200, Batch 200, Aver_Loss: 239.7067
Epoch 39/200, Batch 300, Aver_Loss: 243.0243
Epoch 39/200, Batch 400, Aver_Loss: 247.1042
Epoch 39/200, Batch 500, Aver_Loss: 238.7047
[early-stopping] Epoch 39: no improvement (3/20)
Epoch 40/200, Batch 100, Aver_Loss: 242.7643
Epoch 40/200, Batch 200, Aver_Loss: 242.5277
Epoch 40/200, Batch 300, Aver_Loss: 235.5821
Epoch 40/200, Batch 400, Aver_Loss: 239.2942
Epoch 40/200, Batch 500, Aver_Loss: 234.6749
[early-stopping] Epoch 40: no improvement (4/20)
Epoch 41/200, Batch 100, Aver_Loss: 242.7872
Epoch 41/200, Batch 200, Aver_Loss: 234.3231
Epoch 41/200, Batch 300, Aver_Loss: 258.5800
Epoch 41/200, Batch 400, Aver_Loss: 249.5754
Epoch 41/200, Batch 500, Aver_Loss: 239.4968
[early-stopping] Epoch 41: new best val ELBO = -244.712298
Epoch 42/200, Batch 100, Aver_Loss: 240.1700
Epoch 42/200, Batch 200, Aver_Loss: 255.8494
Epoch 42/200, Batch 300, Aver_Loss: 238.6448
Epoch 42/200, Batch 400, Aver_Loss: 242.4881
Epoch 42/200, Batch 500, Aver_Loss: 249.7890
[early-stopping] Epoch 42: no improvement (1/20)
Epoch 43/200, Batch 100, Aver_Loss: 241.5808
Epoch 43/200, Batch 200, Aver_Loss: 235.1415
Epoch 43/200, Batch 300, Aver_Loss: 262.2390
Epoch 43/200, Batch 400, Aver_Loss: 239.1691
Epoch 43/200, Batch 500, Aver_Loss: 242.0587
[early-stopping] Epoch 43: new best val ELBO = -244.545961
Epoch 44/200, Batch 100, Aver_Loss: 252.3952
Epoch 44/200, Batch 200, Aver_Loss: 254.1299
Epoch 44/200, Batch 300, Aver_Loss: 230.3842
Epoch 44/200, Batch 400, Aver_Loss: 245.0434
Epoch 44/200, Batch 500, Aver_Loss: 258.1372
[early-stopping] Epoch 44: no improvement (1/20)
Epoch 45/200, Batch 100, Aver_Loss: 238.5104
Epoch 45/200, Batch 200, Aver_Loss: 226.8699
Epoch 45/200, Batch 300, Aver_Loss: 243.3055
Epoch 45/200, Batch 400, Aver_Loss: 245.6641
Epoch 45/200, Batch 500, Aver_Loss: 238.0708
[early-stopping] Epoch 45: new best val ELBO = -244.512888
Epoch 46/200, Batch 100, Aver_Loss: 252.5484
Epoch 46/200, Batch 200, Aver_Loss: 251.1481
Epoch 46/200, Batch 300, Aver_Loss: 247.9154
Epoch 46/200, Batch 400, Aver_Loss: 239.6742
Epoch 46/200, Batch 500, Aver_Loss: 240.1765
[early-stopping] Epoch 46: new best val ELBO = -244.362669
Epoch 47/200, Batch 100, Aver_Loss: 253.2903
Epoch 47/200, Batch 200, Aver_Loss: 234.4972
Epoch 47/200, Batch 300, Aver_Loss: 236.7191
Epoch 47/200, Batch 400, Aver_Loss: 242.8950
Epoch 47/200, Batch 500, Aver_Loss: 238.7715
[early-stopping] Epoch 47: new best val ELBO = -244.140286
Epoch 48/200, Batch 100, Aver_Loss: 252.2442
Epoch 48/200, Batch 200, Aver_Loss: 239.0356
Epoch 48/200, Batch 300, Aver_Loss: 245.3823
Epoch 48/200, Batch 400, Aver_Loss: 252.2809
Epoch 48/200, Batch 500, Aver_Loss: 236.2033
[early-stopping] Epoch 48: no improvement (1/20)
Epoch 49/200, Batch 100, Aver_Loss: 247.8771
Epoch 49/200, Batch 200, Aver_Loss: 255.6486
Epoch 49/200, Batch 300, Aver_Loss: 245.4292
Epoch 49/200, Batch 400, Aver_Loss: 258.8148
Epoch 49/200, Batch 500, Aver_Loss: 228.5112
[early-stopping] Epoch 49: new best val ELBO = -243.986801
Epoch 50/200, Batch 100, Aver_Loss: 258.8103
Epoch 50/200, Batch 200, Aver_Loss: 242.0339
Epoch 50/200, Batch 300, Aver_Loss: 245.1530
Epoch 50/200, Batch 400, Aver_Loss: 262.1432
Epoch 50/200, Batch 500, Aver_Loss: 236.0046
[early-stopping] Epoch 50: no improvement (1/20)
Epoch 51/200, Batch 100, Aver_Loss: 237.7496
Epoch 51/200, Batch 200, Aver_Loss: 252.4974
Epoch 51/200, Batch 300, Aver_Loss: 245.0616
Epoch 51/200, Batch 400, Aver_Loss: 238.2852
Epoch 51/200, Batch 500, Aver_Loss: 233.7180
[early-stopping] Epoch 51: no improvement (2/20)
Epoch 52/200, Batch 100, Aver_Loss: 246.3982
Epoch 52/200, Batch 200, Aver_Loss: 236.7736
Epoch 52/200, Batch 300, Aver_Loss: 245.1574
Epoch 52/200, Batch 400, Aver_Loss: 241.6270
Epoch 52/200, Batch 500, Aver_Loss: 245.9739
[early-stopping] Epoch 52: no improvement (3/20)
Epoch 53/200, Batch 100, Aver_Loss: 248.4314
Epoch 53/200, Batch 200, Aver_Loss: 243.2624
Epoch 53/200, Batch 300, Aver_Loss: 245.0671
Epoch 53/200, Batch 400, Aver_Loss: 247.5808
Epoch 53/200, Batch 500, Aver_Loss: 243.9855
[early-stopping] Epoch 53: new best val ELBO = -243.834475
Epoch 54/200, Batch 100, Aver_Loss: 252.5430
Epoch 54/200, Batch 200, Aver_Loss: 239.0522
Epoch 54/200, Batch 300, Aver_Loss: 235.7643
Epoch 54/200, Batch 400, Aver_Loss: 240.6111
Epoch 54/200, Batch 500, Aver_Loss: 239.9186
[early-stopping] Epoch 54: no improvement (1/20)
Epoch 55/200, Batch 100, Aver_Loss: 250.3596
Epoch 55/200, Batch 200, Aver_Loss: 244.1181
Epoch 55/200, Batch 300, Aver_Loss: 233.6702
Epoch 55/200, Batch 400, Aver_Loss: 229.2157
Epoch 55/200, Batch 500, Aver_Loss: 236.9811
[early-stopping] Epoch 55: new best val ELBO = -243.726563
Epoch 56/200, Batch 100, Aver_Loss: 237.5661
Epoch 56/200, Batch 200, Aver_Loss: 256.4031
Epoch 56/200, Batch 300, Aver_Loss: 242.5219
Epoch 56/200, Batch 400, Aver_Loss: 248.0861
Epoch 56/200, Batch 500, Aver_Loss: 261.4184
[early-stopping] Epoch 56: no improvement (1/20)
Epoch 57/200, Batch 100, Aver_Loss: 260.8523
Epoch 57/200, Batch 200, Aver_Loss: 244.0354
Epoch 57/200, Batch 300, Aver_Loss: 246.2248
Epoch 57/200, Batch 400, Aver_Loss: 245.0911
Epoch 57/200, Batch 500, Aver_Loss: 241.3942
[early-stopping] Epoch 57: no improvement (2/20)
Epoch 58/200, Batch 100, Aver_Loss: 256.2609
Epoch 58/200, Batch 200, Aver_Loss: 232.5783
Epoch 58/200, Batch 300, Aver_Loss: 235.5243
Epoch 58/200, Batch 400, Aver_Loss: 249.5177
Epoch 58/200, Batch 500, Aver_Loss: 239.7236
[early-stopping] Epoch 58: no improvement (3/20)
Epoch 59/200, Batch 100, Aver_Loss: 240.0325
Epoch 59/200, Batch 200, Aver_Loss: 243.8096
Epoch 59/200, Batch 300, Aver_Loss: 215.6856
Epoch 59/200, Batch 400, Aver_Loss: 239.1248
Epoch 59/200, Batch 500, Aver_Loss: 232.3311
[early-stopping] Epoch 59: new best val ELBO = -243.396759
Epoch 60/200, Batch 100, Aver_Loss: 239.8803
Epoch 60/200, Batch 200, Aver_Loss: 244.0811
Epoch 60/200, Batch 300, Aver_Loss: 214.9236
Epoch 60/200, Batch 400, Aver_Loss: 242.3654
Epoch 60/200, Batch 500, Aver_Loss: 231.8737
[early-stopping] Epoch 60: no improvement (1/20)
Epoch 61/200, Batch 100, Aver_Loss: 240.0409
Epoch 61/200, Batch 200, Aver_Loss: 244.3054
Epoch 61/200, Batch 300, Aver_Loss: 239.4891
Epoch 61/200, Batch 400, Aver_Loss: 239.2630
Epoch 61/200, Batch 500, Aver_Loss: 226.6135
[early-stopping] Epoch 61: no improvement (2/20)
Epoch 62/200, Batch 100, Aver_Loss: 245.7378
Epoch 62/200, Batch 200, Aver_Loss: 231.7512
Epoch 62/200, Batch 300, Aver_Loss: 242.0762
Epoch 62/200, Batch 400, Aver_Loss: 247.6880
Epoch 62/200, Batch 500, Aver_Loss: 256.1055
[early-stopping] Epoch 62: no improvement (3/20)
Epoch 63/200, Batch 100, Aver_Loss: 238.1004
Epoch 63/200, Batch 200, Aver_Loss: 245.3988
Epoch 63/200, Batch 300, Aver_Loss: 234.1676
Epoch 63/200, Batch 400, Aver_Loss: 245.2954
Epoch 63/200, Batch 500, Aver_Loss: 248.8293
[early-stopping] Epoch 63: no improvement (4/20)
Epoch 64/200, Batch 100, Aver_Loss: 227.1260
Epoch 64/200, Batch 200, Aver_Loss: 237.8025
Epoch 64/200, Batch 300, Aver_Loss: 259.2043
Epoch 64/200, Batch 400, Aver_Loss: 241.4376
Epoch 64/200, Batch 500, Aver_Loss: 255.4257
[early-stopping] Epoch 64: no improvement (5/20)
Epoch 65/200, Batch 100, Aver_Loss: 241.5965
Epoch 65/200, Batch 200, Aver_Loss: 240.9067
Epoch 65/200, Batch 300, Aver_Loss: 240.7832
Epoch 65/200, Batch 400, Aver_Loss: 242.4951
Epoch 65/200, Batch 500, Aver_Loss: 241.3601
[early-stopping] Epoch 65: no improvement (6/20)
Epoch 66/200, Batch 100, Aver_Loss: 247.8091
Epoch 66/200, Batch 200, Aver_Loss: 239.0042
Epoch 66/200, Batch 300, Aver_Loss: 248.5284
Epoch 66/200, Batch 400, Aver_Loss: 255.4250
Epoch 66/200, Batch 500, Aver_Loss: 241.5613
[early-stopping] Epoch 66: new best val ELBO = -243.367651
Epoch 67/200, Batch 100, Aver_Loss: 248.6054
Epoch 67/200, Batch 200, Aver_Loss: 249.6909
Epoch 67/200, Batch 300, Aver_Loss: 241.6906
Epoch 67/200, Batch 400, Aver_Loss: 243.0746
Epoch 67/200, Batch 500, Aver_Loss: 243.0199
[early-stopping] Epoch 67: new best val ELBO = -243.364582
Epoch 68/200, Batch 100, Aver_Loss: 244.7918
Epoch 68/200, Batch 200, Aver_Loss: 237.1675
Epoch 68/200, Batch 300, Aver_Loss: 251.9622
Epoch 68/200, Batch 400, Aver_Loss: 246.8997
Epoch 68/200, Batch 500, Aver_Loss: 247.1098
[early-stopping] Epoch 68: no improvement (1/20)
Epoch 69/200, Batch 100, Aver_Loss: 240.9384
Epoch 69/200, Batch 200, Aver_Loss: 240.4331
Epoch 69/200, Batch 300, Aver_Loss: 240.2659
Epoch 69/200, Batch 400, Aver_Loss: 243.3292
Epoch 69/200, Batch 500, Aver_Loss: 246.2539
[early-stopping] Epoch 69: no improvement (2/20)
Epoch 70/200, Batch 100, Aver_Loss: 244.1388
Epoch 70/200, Batch 200, Aver_Loss: 241.2629
Epoch 70/200, Batch 300, Aver_Loss: 236.3087
Epoch 70/200, Batch 400, Aver_Loss: 247.6568
Epoch 70/200, Batch 500, Aver_Loss: 245.9921
[early-stopping] Epoch 70: new best val ELBO = -243.297687
Epoch 71/200, Batch 100, Aver_Loss: 232.5216
Epoch 71/200, Batch 200, Aver_Loss: 242.4011
Epoch 71/200, Batch 300, Aver_Loss: 247.4503
Epoch 71/200, Batch 400, Aver_Loss: 245.9593
Epoch 71/200, Batch 500, Aver_Loss: 239.5904
[early-stopping] Epoch 71: no improvement (1/20)
Epoch 72/200, Batch 100, Aver_Loss: 233.6660
Epoch 72/200, Batch 200, Aver_Loss: 246.4519
Epoch 72/200, Batch 300, Aver_Loss: 244.8349
Epoch 72/200, Batch 400, Aver_Loss: 239.4209
Epoch 72/200, Batch 500, Aver_Loss: 242.8764
[early-stopping] Epoch 72: no improvement (2/20)
Epoch 73/200, Batch 100, Aver_Loss: 241.8764
Epoch 73/200, Batch 200, Aver_Loss: 230.4400
Epoch 73/200, Batch 300, Aver_Loss: 234.1396
Epoch 73/200, Batch 400, Aver_Loss: 245.0381
Epoch 73/200, Batch 500, Aver_Loss: 228.0326
[early-stopping] Epoch 73: no improvement (3/20)
Epoch 74/200, Batch 100, Aver_Loss: 241.4931
Epoch 74/200, Batch 200, Aver_Loss: 249.4427
Epoch 74/200, Batch 300, Aver_Loss: 249.9402
Epoch 74/200, Batch 400, Aver_Loss: 229.8363
Epoch 74/200, Batch 500, Aver_Loss: 240.7270
[early-stopping] Epoch 74: no improvement (4/20)
Epoch 75/200, Batch 100, Aver_Loss: 223.9727
Epoch 75/200, Batch 200, Aver_Loss: 238.1940
Epoch 75/200, Batch 300, Aver_Loss: 241.8069
Epoch 75/200, Batch 400, Aver_Loss: 244.8950
Epoch 75/200, Batch 500, Aver_Loss: 246.7244
[early-stopping] Epoch 75: new best val ELBO = -243.243514
Epoch 76/200, Batch 100, Aver_Loss: 241.0358
Epoch 76/200, Batch 200, Aver_Loss: 243.1496
Epoch 76/200, Batch 300, Aver_Loss: 239.8327
Epoch 76/200, Batch 400, Aver_Loss: 245.8621
Epoch 76/200, Batch 500, Aver_Loss: 242.2209
[early-stopping] Epoch 76: no improvement (1/20)
Epoch 77/200, Batch 100, Aver_Loss: 236.5987
Epoch 77/200, Batch 200, Aver_Loss: 236.5461
Epoch 77/200, Batch 300, Aver_Loss: 223.0565
Epoch 77/200, Batch 400, Aver_Loss: 253.4077
Epoch 77/200, Batch 500, Aver_Loss: 249.6807
[early-stopping] Epoch 77: new best val ELBO = -243.122651
Epoch 78/200, Batch 100, Aver_Loss: 253.8789
Epoch 78/200, Batch 200, Aver_Loss: 247.2288
Epoch 78/200, Batch 300, Aver_Loss: 246.2513
Epoch 78/200, Batch 400, Aver_Loss: 239.2888
Epoch 78/200, Batch 500, Aver_Loss: 230.5943
[early-stopping] Epoch 78: new best val ELBO = -243.094000
Epoch 79/200, Batch 100, Aver_Loss: 248.6945
Epoch 79/200, Batch 200, Aver_Loss: 231.1093
Epoch 79/200, Batch 300, Aver_Loss: 234.3256
Epoch 79/200, Batch 400, Aver_Loss: 254.5351
Epoch 79/200, Batch 500, Aver_Loss: 250.1777
[early-stopping] Epoch 79: new best val ELBO = -243.039367
Epoch 80/200, Batch 100, Aver_Loss: 256.6775
Epoch 80/200, Batch 200, Aver_Loss: 257.7975
Epoch 80/200, Batch 300, Aver_Loss: 242.6589
Epoch 80/200, Batch 400, Aver_Loss: 251.0326
Epoch 80/200, Batch 500, Aver_Loss: 248.2945
[early-stopping] Epoch 80: no improvement (1/20)
Epoch 81/200, Batch 100, Aver_Loss: 242.3396
Epoch 81/200, Batch 200, Aver_Loss: 248.8100
Epoch 81/200, Batch 300, Aver_Loss: 251.7062
Epoch 81/200, Batch 400, Aver_Loss: 250.4417
Epoch 81/200, Batch 500, Aver_Loss: 245.4241
[early-stopping] Epoch 81: no improvement (2/20)
Epoch 82/200, Batch 100, Aver_Loss: 239.7820
Epoch 82/200, Batch 200, Aver_Loss: 231.1665
Epoch 82/200, Batch 300, Aver_Loss: 242.9437
Epoch 82/200, Batch 400, Aver_Loss: 255.5565
Epoch 82/200, Batch 500, Aver_Loss: 242.0020
[early-stopping] Epoch 82: new best val ELBO = -242.984682
Epoch 83/200, Batch 100, Aver_Loss: 244.8168
Epoch 83/200, Batch 200, Aver_Loss: 232.5493
Epoch 83/200, Batch 300, Aver_Loss: 243.9046
Epoch 83/200, Batch 400, Aver_Loss: 242.7274
Epoch 83/200, Batch 500, Aver_Loss: 241.0763
[early-stopping] Epoch 83: no improvement (1/20)
Epoch 84/200, Batch 100, Aver_Loss: 250.9415
Epoch 84/200, Batch 200, Aver_Loss: 248.9490
Epoch 84/200, Batch 300, Aver_Loss: 242.7066
Epoch 84/200, Batch 400, Aver_Loss: 242.4714
Epoch 84/200, Batch 500, Aver_Loss: 249.2147
[early-stopping] Epoch 84: no improvement (2/20)
Epoch 85/200, Batch 100, Aver_Loss: 248.4594
Epoch 85/200, Batch 200, Aver_Loss: 259.4906
Epoch 85/200, Batch 300, Aver_Loss: 232.0419
Epoch 85/200, Batch 400, Aver_Loss: 245.4330
Epoch 85/200, Batch 500, Aver_Loss: 240.7952
[early-stopping] Epoch 85: no improvement (3/20)
Epoch 86/200, Batch 100, Aver_Loss: 238.3190
Epoch 86/200, Batch 200, Aver_Loss: 241.6771
Epoch 86/200, Batch 300, Aver_Loss: 234.0914
Epoch 86/200, Batch 400, Aver_Loss: 233.7356
Epoch 86/200, Batch 500, Aver_Loss: 239.6133
[early-stopping] Epoch 86: no improvement (4/20)
Epoch 87/200, Batch 100, Aver_Loss: 231.7051
Epoch 87/200, Batch 200, Aver_Loss: 239.4592
Epoch 87/200, Batch 300, Aver_Loss: 246.4730
Epoch 87/200, Batch 400, Aver_Loss: 237.4424
Epoch 87/200, Batch 500, Aver_Loss: 247.1226
[early-stopping] Epoch 87: no improvement (5/20)
Epoch 88/200, Batch 100, Aver_Loss: 241.3373
Epoch 88/200, Batch 200, Aver_Loss: 246.9043
Epoch 88/200, Batch 300, Aver_Loss: 241.3722
Epoch 88/200, Batch 400, Aver_Loss: 252.2265
Epoch 88/200, Batch 500, Aver_Loss: 246.3263
[early-stopping] Epoch 88: no improvement (6/20)
Epoch 89/200, Batch 100, Aver_Loss: 242.5390
Epoch 89/200, Batch 200, Aver_Loss: 246.8540
Epoch 89/200, Batch 300, Aver_Loss: 240.0943
Epoch 89/200, Batch 400, Aver_Loss: 254.4353
Epoch 89/200, Batch 500, Aver_Loss: 235.5895
[early-stopping] Epoch 89: new best val ELBO = -242.850035
Epoch 90/200, Batch 100, Aver_Loss: 234.3261
Epoch 90/200, Batch 200, Aver_Loss: 249.6003
Epoch 90/200, Batch 300, Aver_Loss: 247.6565
Epoch 90/200, Batch 400, Aver_Loss: 241.4867
Epoch 90/200, Batch 500, Aver_Loss: 228.5639
[early-stopping] Epoch 90: no improvement (1/20)
Epoch 91/200, Batch 100, Aver_Loss: 243.4121
Epoch 91/200, Batch 200, Aver_Loss: 243.0696
Epoch 91/200, Batch 300, Aver_Loss: 244.5049
Epoch 91/200, Batch 400, Aver_Loss: 245.8591
Epoch 91/200, Batch 500, Aver_Loss: 244.1573
[early-stopping] Epoch 91: no improvement (2/20)
Epoch 92/200, Batch 100, Aver_Loss: 238.3230
Epoch 92/200, Batch 200, Aver_Loss: 237.7936
Epoch 92/200, Batch 300, Aver_Loss: 254.8736
Epoch 92/200, Batch 400, Aver_Loss: 240.6492
Epoch 92/200, Batch 500, Aver_Loss: 246.6455
[early-stopping] Epoch 92: no improvement (3/20)
Epoch 93/200, Batch 100, Aver_Loss: 247.1990
Epoch 93/200, Batch 200, Aver_Loss: 236.9699
Epoch 93/200, Batch 300, Aver_Loss: 246.0462
Epoch 93/200, Batch 400, Aver_Loss: 235.3499
Epoch 93/200, Batch 500, Aver_Loss: 259.3910
[early-stopping] Epoch 93: no improvement (4/20)
Epoch 94/200, Batch 100, Aver_Loss: 248.5283
Epoch 94/200, Batch 200, Aver_Loss: 248.0608
Epoch 94/200, Batch 300, Aver_Loss: 231.1235
Epoch 94/200, Batch 400, Aver_Loss: 240.8611
Epoch 94/200, Batch 500, Aver_Loss: 258.7422
[early-stopping] Epoch 94: new best val ELBO = -242.754354
Epoch 95/200, Batch 100, Aver_Loss: 253.3367
Epoch 95/200, Batch 200, Aver_Loss: 254.5825
Epoch 95/200, Batch 300, Aver_Loss: 236.3461
Epoch 95/200, Batch 400, Aver_Loss: 241.8344
Epoch 95/200, Batch 500, Aver_Loss: 235.8170
[early-stopping] Epoch 95: no improvement (1/20)
Epoch 96/200, Batch 100, Aver_Loss: 238.2070
Epoch 96/200, Batch 200, Aver_Loss: 239.6500
Epoch 96/200, Batch 300, Aver_Loss: 237.7065
Epoch 96/200, Batch 400, Aver_Loss: 237.6334
Epoch 96/200, Batch 500, Aver_Loss: 238.6112
[early-stopping] Epoch 96: new best val ELBO = -242.737273
Epoch 97/200, Batch 100, Aver_Loss: 243.1511
Epoch 97/200, Batch 200, Aver_Loss: 235.1340
Epoch 97/200, Batch 300, Aver_Loss: 245.6997
Epoch 97/200, Batch 400, Aver_Loss: 236.1731
Epoch 97/200, Batch 500, Aver_Loss: 255.6813
[early-stopping] Epoch 97: new best val ELBO = -242.707308
Epoch 98/200, Batch 100, Aver_Loss: 236.7765
Epoch 98/200, Batch 200, Aver_Loss: 240.6245
Epoch 98/200, Batch 300, Aver_Loss: 239.7699
Epoch 98/200, Batch 400, Aver_Loss: 234.7022
Epoch 98/200, Batch 500, Aver_Loss: 241.8727
[early-stopping] Epoch 98: no improvement (1/20)
Epoch 99/200, Batch 100, Aver_Loss: 231.1363
Epoch 99/200, Batch 200, Aver_Loss: 234.6608
Epoch 99/200, Batch 300, Aver_Loss: 245.3078
Epoch 99/200, Batch 400, Aver_Loss: 235.3500
Epoch 99/200, Batch 500, Aver_Loss: 228.2637
[early-stopping] Epoch 99: no improvement (2/20)
Epoch 100/200, Batch 100, Aver_Loss: 239.9414
Epoch 100/200, Batch 200, Aver_Loss: 250.2424
Epoch 100/200, Batch 300, Aver_Loss: 247.3685
Epoch 100/200, Batch 400, Aver_Loss: 251.6768
Epoch 100/200, Batch 500, Aver_Loss: 237.5168
[early-stopping] Epoch 100: no improvement (3/20)
Epoch 101/200, Batch 100, Aver_Loss: 236.1075
Epoch 101/200, Batch 200, Aver_Loss: 247.2896
Epoch 101/200, Batch 300, Aver_Loss: 235.3551
Epoch 101/200, Batch 400, Aver_Loss: 231.7430
Epoch 101/200, Batch 500, Aver_Loss: 242.0209
[early-stopping] Epoch 101: no improvement (4/20)
Epoch 102/200, Batch 100, Aver_Loss: 248.7469
Epoch 102/200, Batch 200, Aver_Loss: 234.8976
Epoch 102/200, Batch 300, Aver_Loss: 238.4338
Epoch 102/200, Batch 400, Aver_Loss: 241.5901
Epoch 102/200, Batch 500, Aver_Loss: 243.0931
[early-stopping] Epoch 102: no improvement (5/20)
Epoch 103/200, Batch 100, Aver_Loss: 232.0967
Epoch 103/200, Batch 200, Aver_Loss: 249.8265
Epoch 103/200, Batch 300, Aver_Loss: 231.7800
Epoch 103/200, Batch 400, Aver_Loss: 238.5218
Epoch 103/200, Batch 500, Aver_Loss: 248.5608
[early-stopping] Epoch 103: no improvement (6/20)
Epoch 104/200, Batch 100, Aver_Loss: 238.7967
Epoch 104/200, Batch 200, Aver_Loss: 250.8940
Epoch 104/200, Batch 300, Aver_Loss: 251.6087
Epoch 104/200, Batch 400, Aver_Loss: 239.3961
Epoch 104/200, Batch 500, Aver_Loss: 252.4886
[early-stopping] Epoch 104: no improvement (7/20)
Epoch 105/200, Batch 100, Aver_Loss: 238.8540
Epoch 105/200, Batch 200, Aver_Loss: 240.8210
Epoch 105/200, Batch 300, Aver_Loss: 235.4955
Epoch 105/200, Batch 400, Aver_Loss: 236.5131
Epoch 105/200, Batch 500, Aver_Loss: 240.6295
[early-stopping] Epoch 105: no improvement (8/20)
Epoch 106/200, Batch 100, Aver_Loss: 232.6256
Epoch 106/200, Batch 200, Aver_Loss: 251.2805
Epoch 106/200, Batch 300, Aver_Loss: 237.0718
Epoch 106/200, Batch 400, Aver_Loss: 236.5936
Epoch 106/200, Batch 500, Aver_Loss: 236.0629
[early-stopping] Epoch 106: no improvement (9/20)
Epoch 107/200, Batch 100, Aver_Loss: 252.2570
Epoch 107/200, Batch 200, Aver_Loss: 239.6773
Epoch 107/200, Batch 300, Aver_Loss: 247.2823
Epoch 107/200, Batch 400, Aver_Loss: 247.7454
Epoch 107/200, Batch 500, Aver_Loss: 229.4444
[early-stopping] Epoch 107: new best val ELBO = -242.576643
Epoch 108/200, Batch 100, Aver_Loss: 243.4924
Epoch 108/200, Batch 200, Aver_Loss: 237.3763
Epoch 108/200, Batch 300, Aver_Loss: 248.7431
Epoch 108/200, Batch 400, Aver_Loss: 257.7532
Epoch 108/200, Batch 500, Aver_Loss: 232.9635
[early-stopping] Epoch 108: no improvement (1/20)
Epoch 109/200, Batch 100, Aver_Loss: 236.3173
Epoch 109/200, Batch 200, Aver_Loss: 232.4948
Epoch 109/200, Batch 300, Aver_Loss: 245.4717
Epoch 109/200, Batch 400, Aver_Loss: 232.5419
Epoch 109/200, Batch 500, Aver_Loss: 258.9850
[early-stopping] Epoch 109: no improvement (2/20)
Epoch 110/200, Batch 100, Aver_Loss: 232.7983
Epoch 110/200, Batch 200, Aver_Loss: 248.2432
Epoch 110/200, Batch 300, Aver_Loss: 243.7152
Epoch 110/200, Batch 400, Aver_Loss: 241.4385
Epoch 110/200, Batch 500, Aver_Loss: 240.0376
[early-stopping] Epoch 110: no improvement (3/20)
Epoch 111/200, Batch 100, Aver_Loss: 243.2291
Epoch 111/200, Batch 200, Aver_Loss: 238.4413
Epoch 111/200, Batch 300, Aver_Loss: 252.7162
Epoch 111/200, Batch 400, Aver_Loss: 242.7306
Epoch 111/200, Batch 500, Aver_Loss: 237.5976
[early-stopping] Epoch 111: no improvement (4/20)
Epoch 112/200, Batch 100, Aver_Loss: 243.2873
Epoch 112/200, Batch 200, Aver_Loss: 242.2610
Epoch 112/200, Batch 300, Aver_Loss: 237.5407
Epoch 112/200, Batch 400, Aver_Loss: 253.2324
Epoch 112/200, Batch 500, Aver_Loss: 232.0428
[early-stopping] Epoch 112: new best val ELBO = -242.449473
Epoch 113/200, Batch 100, Aver_Loss: 251.1097
Epoch 113/200, Batch 200, Aver_Loss: 231.9995
Epoch 113/200, Batch 300, Aver_Loss: 247.2020
Epoch 113/200, Batch 400, Aver_Loss: 227.5178
Epoch 113/200, Batch 500, Aver_Loss: 237.3948
[early-stopping] Epoch 113: no improvement (1/20)
Epoch 114/200, Batch 100, Aver_Loss: 251.8232
Epoch 114/200, Batch 200, Aver_Loss: 235.6962
Epoch 114/200, Batch 300, Aver_Loss: 246.0974
Epoch 114/200, Batch 400, Aver_Loss: 228.5764
Epoch 114/200, Batch 500, Aver_Loss: 240.0219
[early-stopping] Epoch 114: new best val ELBO = -242.343568
Epoch 115/200, Batch 100, Aver_Loss: 244.1531
Epoch 115/200, Batch 200, Aver_Loss: 235.4284
Epoch 115/200, Batch 300, Aver_Loss: 251.6264
Epoch 115/200, Batch 400, Aver_Loss: 240.6830
Epoch 115/200, Batch 500, Aver_Loss: 245.3330
[early-stopping] Epoch 115: no improvement (1/20)
Epoch 116/200, Batch 100, Aver_Loss: 249.6498
Epoch 116/200, Batch 200, Aver_Loss: 245.7951
Epoch 116/200, Batch 300, Aver_Loss: 238.5720
Epoch 116/200, Batch 400, Aver_Loss: 236.1994
Epoch 116/200, Batch 500, Aver_Loss: 244.1441
[early-stopping] Epoch 116: no improvement (2/20)
Epoch 117/200, Batch 100, Aver_Loss: 217.4094
Epoch 117/200, Batch 200, Aver_Loss: 238.8851
Epoch 117/200, Batch 300, Aver_Loss: 249.8078
Epoch 117/200, Batch 400, Aver_Loss: 244.0245
Epoch 117/200, Batch 500, Aver_Loss: 256.0257
[early-stopping] Epoch 117: no improvement (3/20)
Epoch 118/200, Batch 100, Aver_Loss: 226.1853
Epoch 118/200, Batch 200, Aver_Loss: 242.6722
Epoch 118/200, Batch 300, Aver_Loss: 240.5126
Epoch 118/200, Batch 400, Aver_Loss: 249.6996
Epoch 118/200, Batch 500, Aver_Loss: 229.8626
[early-stopping] Epoch 118: no improvement (4/20)
Epoch 119/200, Batch 100, Aver_Loss: 230.6063
Epoch 119/200, Batch 200, Aver_Loss: 243.1012
Epoch 119/200, Batch 300, Aver_Loss: 230.8168
Epoch 119/200, Batch 400, Aver_Loss: 242.2226
Epoch 119/200, Batch 500, Aver_Loss: 250.8323
[early-stopping] Epoch 119: no improvement (5/20)
Epoch 120/200, Batch 100, Aver_Loss: 233.7515
Epoch 120/200, Batch 200, Aver_Loss: 235.4270
Epoch 120/200, Batch 300, Aver_Loss: 240.6623
Epoch 120/200, Batch 400, Aver_Loss: 234.9279
Epoch 120/200, Batch 500, Aver_Loss: 232.3874
[early-stopping] Epoch 120: no improvement (6/20)
Epoch 121/200, Batch 100, Aver_Loss: 250.0751
Epoch 121/200, Batch 200, Aver_Loss: 228.6000
Epoch 121/200, Batch 300, Aver_Loss: 256.6404
Epoch 121/200, Batch 400, Aver_Loss: 245.3109
Epoch 121/200, Batch 500, Aver_Loss: 248.0248
[early-stopping] Epoch 121: no improvement (7/20)
Epoch 122/200, Batch 100, Aver_Loss: 242.7615
Epoch 122/200, Batch 200, Aver_Loss: 247.9342
Epoch 122/200, Batch 300, Aver_Loss: 221.9925
Epoch 122/200, Batch 400, Aver_Loss: 241.2663
Epoch 122/200, Batch 500, Aver_Loss: 256.9335
[early-stopping] Epoch 122: no improvement (8/20)
Epoch 123/200, Batch 100, Aver_Loss: 253.1218
Epoch 123/200, Batch 200, Aver_Loss: 246.6388
Epoch 123/200, Batch 300, Aver_Loss: 243.3917
Epoch 123/200, Batch 400, Aver_Loss: 235.7503
Epoch 123/200, Batch 500, Aver_Loss: 245.4182
[early-stopping] Epoch 123: no improvement (9/20)
Epoch 124/200, Batch 100, Aver_Loss: 248.7771
Epoch 124/200, Batch 200, Aver_Loss: 239.1647
Epoch 124/200, Batch 300, Aver_Loss: 237.5363
Epoch 124/200, Batch 400, Aver_Loss: 250.7545
Epoch 124/200, Batch 500, Aver_Loss: 233.1313
[early-stopping] Epoch 124: no improvement (10/20)
Epoch 125/200, Batch 100, Aver_Loss: 252.3371
Epoch 125/200, Batch 200, Aver_Loss: 242.9944
Epoch 125/200, Batch 300, Aver_Loss: 244.7613
Epoch 125/200, Batch 400, Aver_Loss: 242.2172
Epoch 125/200, Batch 500, Aver_Loss: 242.8122
[early-stopping] Epoch 125: no improvement (11/20)
Epoch 126/200, Batch 100, Aver_Loss: 237.1967
Epoch 126/200, Batch 200, Aver_Loss: 241.7414
Epoch 126/200, Batch 300, Aver_Loss: 238.4153
Epoch 126/200, Batch 400, Aver_Loss: 247.2717
Epoch 126/200, Batch 500, Aver_Loss: 245.4985
[early-stopping] Epoch 126: no improvement (12/20)
Epoch 127/200, Batch 100, Aver_Loss: 240.5398
Epoch 127/200, Batch 200, Aver_Loss: 241.1525
Epoch 127/200, Batch 300, Aver_Loss: 253.2487
Epoch 127/200, Batch 400, Aver_Loss: 249.6183
Epoch 127/200, Batch 500, Aver_Loss: 246.2132
[early-stopping] Epoch 127: no improvement (13/20)
Epoch 128/200, Batch 100, Aver_Loss: 251.4961
Epoch 128/200, Batch 200, Aver_Loss: 250.4679
Epoch 128/200, Batch 300, Aver_Loss: 244.3816
Epoch 128/200, Batch 400, Aver_Loss: 238.9372
Epoch 128/200, Batch 500, Aver_Loss: 242.6243
[early-stopping] Epoch 128: no improvement (14/20)
Epoch 129/200, Batch 100, Aver_Loss: 252.1770
Epoch 129/200, Batch 200, Aver_Loss: 246.5809
Epoch 129/200, Batch 300, Aver_Loss: 234.9523
Epoch 129/200, Batch 400, Aver_Loss: 233.6581
Epoch 129/200, Batch 500, Aver_Loss: 236.7993
[early-stopping] Epoch 129: no improvement (15/20)
Epoch 130/200, Batch 100, Aver_Loss: 241.8167
Epoch 130/200, Batch 200, Aver_Loss: 246.1618
Epoch 130/200, Batch 300, Aver_Loss: 240.8798
Epoch 130/200, Batch 400, Aver_Loss: 239.1048
Epoch 130/200, Batch 500, Aver_Loss: 242.9548
[early-stopping] Epoch 130: no improvement (16/20)
Epoch 131/200, Batch 100, Aver_Loss: 252.7462
Epoch 131/200, Batch 200, Aver_Loss: 246.2943
Epoch 131/200, Batch 300, Aver_Loss: 239.7366
Epoch 131/200, Batch 400, Aver_Loss: 250.8749
Epoch 131/200, Batch 500, Aver_Loss: 245.1591
[early-stopping] Epoch 131: no improvement (17/20)
Epoch 132/200, Batch 100, Aver_Loss: 259.1020
Epoch 132/200, Batch 200, Aver_Loss: 242.1283
Epoch 132/200, Batch 300, Aver_Loss: 242.7583
Epoch 132/200, Batch 400, Aver_Loss: 244.8009
Epoch 132/200, Batch 500, Aver_Loss: 243.6064
[early-stopping] Epoch 132: no improvement (18/20)
Epoch 133/200, Batch 100, Aver_Loss: 244.2077
Epoch 133/200, Batch 200, Aver_Loss: 244.8254
Epoch 133/200, Batch 300, Aver_Loss: 247.8996
Epoch 133/200, Batch 400, Aver_Loss: 251.8943
Epoch 133/200, Batch 500, Aver_Loss: 242.6985
[early-stopping] Epoch 133: no improvement (19/20)
Epoch 134/200, Batch 100, Aver_Loss: 241.9069
Epoch 134/200, Batch 200, Aver_Loss: 239.3388
Epoch 134/200, Batch 300, Aver_Loss: 239.4661
Epoch 134/200, Batch 400, Aver_Loss: 245.2688
Epoch 134/200, Batch 500, Aver_Loss: 231.6617
[early-stopping] Epoch 134: no improvement (20/20)
[early-stopping] Patience reached. Stopping at epoch 134. Best epoch: 114, best val ELBO: -242.343568
[early-stopping] Loaded best model from epoch 114 (val ELBO = -242.343568)
[checkpoint] Saved best model to: trained_parameters/fashion_mnist_zdim512_MVAE.pkl
[saved curves] ./results/FASHION_MNIST/curves/fashion_mnist_mvae_d512_s777.json

==== Evaluation Summary ====
                 model: mvae
   recon/mse_per_pixel: 0.015660
            elbo/train: -241.879824
             elbo/test: -242.340538
             mse/train: 0.015424
              mse/test: 0.015660
             probe/acc: 0.867571
             probe/nll: 0.382778
           probe/brier: 0.194352
             probe/ece: 0.025165
           cluster/nmi: 0.529887
           cluster/ari: 0.380931
============================

