/usr/bin/which: no fi_info in (/arf/home/meyavuz/.local/bin:/arf/sw/comp/python/intelpython3/condabin:/arf/sw/comp/python/intelpython3/bin:/usr/share/Modules/bin:/usr/local/bin:/usr/bin:/usr/local/sbin:/usr/sbin)
Extension for Scikit-learn* enabled (https://github.com/uxlfoundation/scikit-learn-intelex)
/arf/home/meyavuz/.conda/envs/sbn/lib/python3.9/site-packages/sklearn/linear_model/_logistic.py:1247: FutureWarning: 'multi_class' was deprecated in version 1.5 and will be removed in 1.7. From then on, it will always use 'multinomial'. Leave it to its default value to avoid this warning.
  warnings.warn(
Epoch 1/200, Batch 100, Aver_Loss: 308.5735
Epoch 1/200, Batch 200, Aver_Loss: 278.8745
Epoch 1/200, Batch 300, Aver_Loss: 280.5419
Epoch 1/200, Batch 400, Aver_Loss: 285.8509
Epoch 1/200, Batch 500, Aver_Loss: 274.1131
[early-stopping] Epoch 1: new best val ELBO = -280.090722
Epoch 2/200, Batch 100, Aver_Loss: 269.5224
Epoch 2/200, Batch 200, Aver_Loss: 276.5976
Epoch 2/200, Batch 300, Aver_Loss: 276.9214
Epoch 2/200, Batch 400, Aver_Loss: 274.1499
Epoch 2/200, Batch 500, Aver_Loss: 281.6499
[early-stopping] Epoch 2: new best val ELBO = -274.006606
Epoch 3/200, Batch 100, Aver_Loss: 266.7614
Epoch 3/200, Batch 200, Aver_Loss: 269.0826
Epoch 3/200, Batch 300, Aver_Loss: 279.9627
Epoch 3/200, Batch 400, Aver_Loss: 281.7911
Epoch 3/200, Batch 500, Aver_Loss: 269.2978
[early-stopping] Epoch 3: new best val ELBO = -271.730929
Epoch 4/200, Batch 100, Aver_Loss: 287.7178
Epoch 4/200, Batch 200, Aver_Loss: 263.8354
Epoch 4/200, Batch 300, Aver_Loss: 269.3647
Epoch 4/200, Batch 400, Aver_Loss: 279.9359
Epoch 4/200, Batch 500, Aver_Loss: 271.6899
[early-stopping] Epoch 4: new best val ELBO = -269.206650
Epoch 5/200, Batch 100, Aver_Loss: 276.7740
Epoch 5/200, Batch 200, Aver_Loss: 273.1956
Epoch 5/200, Batch 300, Aver_Loss: 293.9715
Epoch 5/200, Batch 400, Aver_Loss: 266.8748
Epoch 5/200, Batch 500, Aver_Loss: 256.4775
[early-stopping] Epoch 5: new best val ELBO = -267.963311
Epoch 6/200, Batch 100, Aver_Loss: 258.6580
Epoch 6/200, Batch 200, Aver_Loss: 268.6399
Epoch 6/200, Batch 300, Aver_Loss: 280.3896
Epoch 6/200, Batch 400, Aver_Loss: 246.3451
Epoch 6/200, Batch 500, Aver_Loss: 260.8821
[early-stopping] Epoch 6: new best val ELBO = -267.427995
Epoch 7/200, Batch 100, Aver_Loss: 272.0057
Epoch 7/200, Batch 200, Aver_Loss: 274.8468
Epoch 7/200, Batch 300, Aver_Loss: 268.3994
Epoch 7/200, Batch 400, Aver_Loss: 274.3894
Epoch 7/200, Batch 500, Aver_Loss: 261.5607
[early-stopping] Epoch 7: new best val ELBO = -266.232524
Epoch 8/200, Batch 100, Aver_Loss: 258.5418
Epoch 8/200, Batch 200, Aver_Loss: 264.7330
Epoch 8/200, Batch 300, Aver_Loss: 259.2474
Epoch 8/200, Batch 400, Aver_Loss: 260.4555
Epoch 8/200, Batch 500, Aver_Loss: 276.1600
[early-stopping] Epoch 8: new best val ELBO = -265.965473
Epoch 9/200, Batch 100, Aver_Loss: 262.7921
Epoch 9/200, Batch 200, Aver_Loss: 283.5601
Epoch 9/200, Batch 300, Aver_Loss: 248.0053
Epoch 9/200, Batch 400, Aver_Loss: 279.4244
Epoch 9/200, Batch 500, Aver_Loss: 264.6148
[early-stopping] Epoch 9: new best val ELBO = -264.965559
Epoch 10/200, Batch 100, Aver_Loss: 269.0363
Epoch 10/200, Batch 200, Aver_Loss: 273.9387
Epoch 10/200, Batch 300, Aver_Loss: 270.0446
Epoch 10/200, Batch 400, Aver_Loss: 266.6569
Epoch 10/200, Batch 500, Aver_Loss: 261.9055
[early-stopping] Epoch 10: no improvement (1/20)
Epoch 11/200, Batch 100, Aver_Loss: 275.1814
Epoch 11/200, Batch 200, Aver_Loss: 273.6100
Epoch 11/200, Batch 300, Aver_Loss: 276.4621
Epoch 11/200, Batch 400, Aver_Loss: 283.3534
Epoch 11/200, Batch 500, Aver_Loss: 269.7949
[early-stopping] Epoch 11: new best val ELBO = -264.513143
Epoch 12/200, Batch 100, Aver_Loss: 260.1952
Epoch 12/200, Batch 200, Aver_Loss: 269.7580
Epoch 12/200, Batch 300, Aver_Loss: 250.7307
Epoch 12/200, Batch 400, Aver_Loss: 251.1234
Epoch 12/200, Batch 500, Aver_Loss: 257.3597
[early-stopping] Epoch 12: new best val ELBO = -263.965330
Epoch 13/200, Batch 100, Aver_Loss: 264.2195
Epoch 13/200, Batch 200, Aver_Loss: 254.2969
Epoch 13/200, Batch 300, Aver_Loss: 263.8212
Epoch 13/200, Batch 400, Aver_Loss: 269.5008
Epoch 13/200, Batch 500, Aver_Loss: 266.0093
[early-stopping] Epoch 13: new best val ELBO = -263.449823
Epoch 14/200, Batch 100, Aver_Loss: 259.1111
Epoch 14/200, Batch 200, Aver_Loss: 272.3649
Epoch 14/200, Batch 300, Aver_Loss: 270.8315
Epoch 14/200, Batch 400, Aver_Loss: 258.0846
Epoch 14/200, Batch 500, Aver_Loss: 266.4733
[early-stopping] Epoch 14: no improvement (1/20)
Epoch 15/200, Batch 100, Aver_Loss: 264.1535
Epoch 15/200, Batch 200, Aver_Loss: 253.5203
Epoch 15/200, Batch 300, Aver_Loss: 265.7707
Epoch 15/200, Batch 400, Aver_Loss: 258.1466
Epoch 15/200, Batch 500, Aver_Loss: 266.1076
[early-stopping] Epoch 15: new best val ELBO = -263.228827
Epoch 16/200, Batch 100, Aver_Loss: 265.8646
Epoch 16/200, Batch 200, Aver_Loss: 266.1438
Epoch 16/200, Batch 300, Aver_Loss: 264.7124
Epoch 16/200, Batch 400, Aver_Loss: 268.4736
Epoch 16/200, Batch 500, Aver_Loss: 264.2151
[early-stopping] Epoch 16: no improvement (1/20)
Epoch 17/200, Batch 100, Aver_Loss: 266.1996
Epoch 17/200, Batch 200, Aver_Loss: 275.9351
Epoch 17/200, Batch 300, Aver_Loss: 240.3081
Epoch 17/200, Batch 400, Aver_Loss: 255.7598
Epoch 17/200, Batch 500, Aver_Loss: 254.6961
[early-stopping] Epoch 17: new best val ELBO = -262.577561
Epoch 18/200, Batch 100, Aver_Loss: 267.1660
Epoch 18/200, Batch 200, Aver_Loss: 256.8076
Epoch 18/200, Batch 300, Aver_Loss: 259.1122
Epoch 18/200, Batch 400, Aver_Loss: 259.6973
Epoch 18/200, Batch 500, Aver_Loss: 262.7085
[early-stopping] Epoch 18: new best val ELBO = -262.481796
Epoch 19/200, Batch 100, Aver_Loss: 270.7334
Epoch 19/200, Batch 200, Aver_Loss: 257.8197
Epoch 19/200, Batch 300, Aver_Loss: 266.6160
Epoch 19/200, Batch 400, Aver_Loss: 257.8917
Epoch 19/200, Batch 500, Aver_Loss: 269.4503
[early-stopping] Epoch 19: new best val ELBO = -262.081246
Epoch 20/200, Batch 100, Aver_Loss: 270.8391
Epoch 20/200, Batch 200, Aver_Loss: 262.6844
Epoch 20/200, Batch 300, Aver_Loss: 254.2730
Epoch 20/200, Batch 400, Aver_Loss: 264.1874
Epoch 20/200, Batch 500, Aver_Loss: 262.9169
[early-stopping] Epoch 20: new best val ELBO = -262.056466
Epoch 21/200, Batch 100, Aver_Loss: 275.2325
Epoch 21/200, Batch 200, Aver_Loss: 253.9702
Epoch 21/200, Batch 300, Aver_Loss: 260.6845
Epoch 21/200, Batch 400, Aver_Loss: 267.3450
Epoch 21/200, Batch 500, Aver_Loss: 252.7538
[early-stopping] Epoch 21: no improvement (1/20)
Epoch 22/200, Batch 100, Aver_Loss: 269.5927
Epoch 22/200, Batch 200, Aver_Loss: 265.4231
Epoch 22/200, Batch 300, Aver_Loss: 254.9256
Epoch 22/200, Batch 400, Aver_Loss: 271.6694
Epoch 22/200, Batch 500, Aver_Loss: 264.8063
[early-stopping] Epoch 22: new best val ELBO = -261.409454
Epoch 23/200, Batch 100, Aver_Loss: 253.3099
Epoch 23/200, Batch 200, Aver_Loss: 264.6924
Epoch 23/200, Batch 300, Aver_Loss: 260.4402
Epoch 23/200, Batch 400, Aver_Loss: 276.7139
Epoch 23/200, Batch 500, Aver_Loss: 266.0505
[early-stopping] Epoch 23: no improvement (1/20)
Epoch 24/200, Batch 100, Aver_Loss: 258.9774
Epoch 24/200, Batch 200, Aver_Loss: 266.2155
Epoch 24/200, Batch 300, Aver_Loss: 267.2040
Epoch 24/200, Batch 400, Aver_Loss: 260.5018
Epoch 24/200, Batch 500, Aver_Loss: 265.5115
[early-stopping] Epoch 24: no improvement (2/20)
Epoch 25/200, Batch 100, Aver_Loss: 262.1195
Epoch 25/200, Batch 200, Aver_Loss: 269.3190
Epoch 25/200, Batch 300, Aver_Loss: 265.4855
Epoch 25/200, Batch 400, Aver_Loss: 251.4008
Epoch 25/200, Batch 500, Aver_Loss: 261.7626
[early-stopping] Epoch 25: no improvement (3/20)
Epoch 26/200, Batch 100, Aver_Loss: 275.5916
Epoch 26/200, Batch 200, Aver_Loss: 269.5213
Epoch 26/200, Batch 300, Aver_Loss: 259.7686
Epoch 26/200, Batch 400, Aver_Loss: 272.8756
Epoch 26/200, Batch 500, Aver_Loss: 242.5920
[early-stopping] Epoch 26: new best val ELBO = -261.237202
Epoch 27/200, Batch 100, Aver_Loss: 261.8535
Epoch 27/200, Batch 200, Aver_Loss: 259.6046
Epoch 27/200, Batch 300, Aver_Loss: 260.9089
Epoch 27/200, Batch 400, Aver_Loss: 247.1950
Epoch 27/200, Batch 500, Aver_Loss: 259.2411
[early-stopping] Epoch 27: no improvement (1/20)
Epoch 28/200, Batch 100, Aver_Loss: 258.8776
Epoch 28/200, Batch 200, Aver_Loss: 266.2126
Epoch 28/200, Batch 300, Aver_Loss: 257.8029
Epoch 28/200, Batch 400, Aver_Loss: 265.5871
Epoch 28/200, Batch 500, Aver_Loss: 256.3078
[early-stopping] Epoch 28: new best val ELBO = -260.856563
Epoch 29/200, Batch 100, Aver_Loss: 264.4583
Epoch 29/200, Batch 200, Aver_Loss: 258.6800
Epoch 29/200, Batch 300, Aver_Loss: 260.1040
Epoch 29/200, Batch 400, Aver_Loss: 271.4330
Epoch 29/200, Batch 500, Aver_Loss: 266.1532
[early-stopping] Epoch 29: new best val ELBO = -260.771153
Epoch 30/200, Batch 100, Aver_Loss: 271.2737
Epoch 30/200, Batch 200, Aver_Loss: 266.8912
Epoch 30/200, Batch 300, Aver_Loss: 254.7323
Epoch 30/200, Batch 400, Aver_Loss: 253.2431
Epoch 30/200, Batch 500, Aver_Loss: 254.2176
[early-stopping] Epoch 30: new best val ELBO = -260.650417
Epoch 31/200, Batch 100, Aver_Loss: 274.6904
Epoch 31/200, Batch 200, Aver_Loss: 273.5498
Epoch 31/200, Batch 300, Aver_Loss: 243.2622
Epoch 31/200, Batch 400, Aver_Loss: 252.7395
Epoch 31/200, Batch 500, Aver_Loss: 256.1169
[early-stopping] Epoch 31: no improvement (1/20)
Epoch 32/200, Batch 100, Aver_Loss: 260.0430
Epoch 32/200, Batch 200, Aver_Loss: 250.4538
Epoch 32/200, Batch 300, Aver_Loss: 268.6402
Epoch 32/200, Batch 400, Aver_Loss: 253.0240
Epoch 32/200, Batch 500, Aver_Loss: 256.4433
[early-stopping] Epoch 32: no improvement (2/20)
Epoch 33/200, Batch 100, Aver_Loss: 261.2463
Epoch 33/200, Batch 200, Aver_Loss: 263.9346
Epoch 33/200, Batch 300, Aver_Loss: 254.0835
Epoch 33/200, Batch 400, Aver_Loss: 243.1885
Epoch 33/200, Batch 500, Aver_Loss: 262.1749
[early-stopping] Epoch 33: no improvement (3/20)
Epoch 34/200, Batch 100, Aver_Loss: 241.3991
Epoch 34/200, Batch 200, Aver_Loss: 241.4745
Epoch 34/200, Batch 300, Aver_Loss: 246.8929
Epoch 34/200, Batch 400, Aver_Loss: 256.5571
Epoch 34/200, Batch 500, Aver_Loss: 262.2400
[early-stopping] Epoch 34: new best val ELBO = -260.400110
Epoch 35/200, Batch 100, Aver_Loss: 241.5249
Epoch 35/200, Batch 200, Aver_Loss: 259.4969
Epoch 35/200, Batch 300, Aver_Loss: 251.7609
Epoch 35/200, Batch 400, Aver_Loss: 265.5335
Epoch 35/200, Batch 500, Aver_Loss: 257.7413
[early-stopping] Epoch 35: new best val ELBO = -260.142807
Epoch 36/200, Batch 100, Aver_Loss: 261.1365
Epoch 36/200, Batch 200, Aver_Loss: 256.2456
Epoch 36/200, Batch 300, Aver_Loss: 270.4537
Epoch 36/200, Batch 400, Aver_Loss: 267.9111
Epoch 36/200, Batch 500, Aver_Loss: 255.2312
[early-stopping] Epoch 36: no improvement (1/20)
Epoch 37/200, Batch 100, Aver_Loss: 258.5754
Epoch 37/200, Batch 200, Aver_Loss: 250.9078
Epoch 37/200, Batch 300, Aver_Loss: 254.1693
Epoch 37/200, Batch 400, Aver_Loss: 264.0813
Epoch 37/200, Batch 500, Aver_Loss: 257.9216
[early-stopping] Epoch 37: new best val ELBO = -260.115281
Epoch 38/200, Batch 100, Aver_Loss: 251.1397
Epoch 38/200, Batch 200, Aver_Loss: 251.7589
Epoch 38/200, Batch 300, Aver_Loss: 269.1489
Epoch 38/200, Batch 400, Aver_Loss: 259.8341
Epoch 38/200, Batch 500, Aver_Loss: 237.4138
[early-stopping] Epoch 38: no improvement (1/20)
Epoch 39/200, Batch 100, Aver_Loss: 255.8601
Epoch 39/200, Batch 200, Aver_Loss: 258.9684
Epoch 39/200, Batch 300, Aver_Loss: 243.2458
Epoch 39/200, Batch 400, Aver_Loss: 272.8608
Epoch 39/200, Batch 500, Aver_Loss: 246.1622
[early-stopping] Epoch 39: new best val ELBO = -259.946748
Epoch 40/200, Batch 100, Aver_Loss: 244.2459
Epoch 40/200, Batch 200, Aver_Loss: 271.5086
Epoch 40/200, Batch 300, Aver_Loss: 266.7322
Epoch 40/200, Batch 400, Aver_Loss: 262.6389
Epoch 40/200, Batch 500, Aver_Loss: 264.6981
[early-stopping] Epoch 40: no improvement (1/20)
Epoch 41/200, Batch 100, Aver_Loss: 260.3261
Epoch 41/200, Batch 200, Aver_Loss: 259.8763
Epoch 41/200, Batch 300, Aver_Loss: 257.5217
Epoch 41/200, Batch 400, Aver_Loss: 258.2993
Epoch 41/200, Batch 500, Aver_Loss: 264.9805
[early-stopping] Epoch 41: new best val ELBO = -259.654480
Epoch 42/200, Batch 100, Aver_Loss: 266.2325
Epoch 42/200, Batch 200, Aver_Loss: 264.1917
Epoch 42/200, Batch 300, Aver_Loss: 273.1540
Epoch 42/200, Batch 400, Aver_Loss: 259.2046
Epoch 42/200, Batch 500, Aver_Loss: 256.7643
[early-stopping] Epoch 42: no improvement (1/20)
Epoch 43/200, Batch 100, Aver_Loss: 261.6313
Epoch 43/200, Batch 200, Aver_Loss: 252.4824
Epoch 43/200, Batch 300, Aver_Loss: 248.6969
Epoch 43/200, Batch 400, Aver_Loss: 263.7309
Epoch 43/200, Batch 500, Aver_Loss: 263.5175
[early-stopping] Epoch 43: no improvement (2/20)
Epoch 44/200, Batch 100, Aver_Loss: 265.9577
Epoch 44/200, Batch 200, Aver_Loss: 257.9940
Epoch 44/200, Batch 300, Aver_Loss: 249.5048
Epoch 44/200, Batch 400, Aver_Loss: 247.6723
Epoch 44/200, Batch 500, Aver_Loss: 260.2084
[early-stopping] Epoch 44: no improvement (3/20)
Epoch 45/200, Batch 100, Aver_Loss: 265.3060
Epoch 45/200, Batch 200, Aver_Loss: 258.1689
Epoch 45/200, Batch 300, Aver_Loss: 262.8200
Epoch 45/200, Batch 400, Aver_Loss: 262.9235
Epoch 45/200, Batch 500, Aver_Loss: 268.7951
[early-stopping] Epoch 45: new best val ELBO = -259.390811
Epoch 46/200, Batch 100, Aver_Loss: 258.2202
Epoch 46/200, Batch 200, Aver_Loss: 259.7544
Epoch 46/200, Batch 300, Aver_Loss: 258.9045
Epoch 46/200, Batch 400, Aver_Loss: 255.3272
Epoch 46/200, Batch 500, Aver_Loss: 264.7879
[early-stopping] Epoch 46: no improvement (1/20)
Epoch 47/200, Batch 100, Aver_Loss: 269.8609
Epoch 47/200, Batch 200, Aver_Loss: 237.6277
Epoch 47/200, Batch 300, Aver_Loss: 258.6162
Epoch 47/200, Batch 400, Aver_Loss: 244.4540
Epoch 47/200, Batch 500, Aver_Loss: 248.4229
[early-stopping] Epoch 47: no improvement (2/20)
Epoch 48/200, Batch 100, Aver_Loss: 253.7632
Epoch 48/200, Batch 200, Aver_Loss: 250.3725
Epoch 48/200, Batch 300, Aver_Loss: 268.5500
Epoch 48/200, Batch 400, Aver_Loss: 253.8475
Epoch 48/200, Batch 500, Aver_Loss: 250.7730
[early-stopping] Epoch 48: no improvement (3/20)
Epoch 49/200, Batch 100, Aver_Loss: 260.1617
Epoch 49/200, Batch 200, Aver_Loss: 269.6710
Epoch 49/200, Batch 300, Aver_Loss: 250.0313
Epoch 49/200, Batch 400, Aver_Loss: 250.8378
Epoch 49/200, Batch 500, Aver_Loss: 260.0357
[early-stopping] Epoch 49: no improvement (4/20)
Epoch 50/200, Batch 100, Aver_Loss: 242.6811
Epoch 50/200, Batch 200, Aver_Loss: 268.7992
Epoch 50/200, Batch 300, Aver_Loss: 257.6353
Epoch 50/200, Batch 400, Aver_Loss: 256.2313
Epoch 50/200, Batch 500, Aver_Loss: 264.2168
[early-stopping] Epoch 50: no improvement (5/20)
Epoch 51/200, Batch 100, Aver_Loss: 256.9667
Epoch 51/200, Batch 200, Aver_Loss: 251.2362
Epoch 51/200, Batch 300, Aver_Loss: 259.0740
Epoch 51/200, Batch 400, Aver_Loss: 253.0346
Epoch 51/200, Batch 500, Aver_Loss: 269.9816
[early-stopping] Epoch 51: no improvement (6/20)
Epoch 52/200, Batch 100, Aver_Loss: 265.5670
Epoch 52/200, Batch 200, Aver_Loss: 255.3121
Epoch 52/200, Batch 300, Aver_Loss: 276.5362
Epoch 52/200, Batch 400, Aver_Loss: 264.4396
Epoch 52/200, Batch 500, Aver_Loss: 244.5241
[early-stopping] Epoch 52: no improvement (7/20)
Epoch 53/200, Batch 100, Aver_Loss: 267.6528
Epoch 53/200, Batch 200, Aver_Loss: 257.6475
Epoch 53/200, Batch 300, Aver_Loss: 264.0226
Epoch 53/200, Batch 400, Aver_Loss: 270.4641
Epoch 53/200, Batch 500, Aver_Loss: 248.0053
[early-stopping] Epoch 53: new best val ELBO = -259.008709
Epoch 54/200, Batch 100, Aver_Loss: 259.3957
Epoch 54/200, Batch 200, Aver_Loss: 256.4028
Epoch 54/200, Batch 300, Aver_Loss: 266.8336
Epoch 54/200, Batch 400, Aver_Loss: 258.0238
Epoch 54/200, Batch 500, Aver_Loss: 262.5156
[early-stopping] Epoch 54: new best val ELBO = -258.966695
Epoch 55/200, Batch 100, Aver_Loss: 256.3202
Epoch 55/200, Batch 200, Aver_Loss: 261.7076
Epoch 55/200, Batch 300, Aver_Loss: 261.0601
Epoch 55/200, Batch 400, Aver_Loss: 279.9174
Epoch 55/200, Batch 500, Aver_Loss: 248.0131
[early-stopping] Epoch 55: no improvement (1/20)
Epoch 56/200, Batch 100, Aver_Loss: 257.4102
Epoch 56/200, Batch 200, Aver_Loss: 265.0569
Epoch 56/200, Batch 300, Aver_Loss: 259.4050
Epoch 56/200, Batch 400, Aver_Loss: 278.4962
Epoch 56/200, Batch 500, Aver_Loss: 258.0358
[early-stopping] Epoch 56: no improvement (2/20)
Epoch 57/200, Batch 100, Aver_Loss: 278.0594
Epoch 57/200, Batch 200, Aver_Loss: 261.2520
Epoch 57/200, Batch 300, Aver_Loss: 245.1225
Epoch 57/200, Batch 400, Aver_Loss: 250.9975
Epoch 57/200, Batch 500, Aver_Loss: 258.1151
[early-stopping] Epoch 57: no improvement (3/20)
Epoch 58/200, Batch 100, Aver_Loss: 256.1562
Epoch 58/200, Batch 200, Aver_Loss: 255.6241
Epoch 58/200, Batch 300, Aver_Loss: 264.6207
Epoch 58/200, Batch 400, Aver_Loss: 267.9864
Epoch 58/200, Batch 500, Aver_Loss: 253.4498
[early-stopping] Epoch 58: no improvement (4/20)
Epoch 59/200, Batch 100, Aver_Loss: 256.8218
Epoch 59/200, Batch 200, Aver_Loss: 249.0983
Epoch 59/200, Batch 300, Aver_Loss: 251.2829
Epoch 59/200, Batch 400, Aver_Loss: 256.5599
Epoch 59/200, Batch 500, Aver_Loss: 258.6540
[early-stopping] Epoch 59: no improvement (5/20)
Epoch 60/200, Batch 100, Aver_Loss: 250.9104
Epoch 60/200, Batch 200, Aver_Loss: 255.2027
Epoch 60/200, Batch 300, Aver_Loss: 251.5308
Epoch 60/200, Batch 400, Aver_Loss: 260.4634
Epoch 60/200, Batch 500, Aver_Loss: 261.3642
[early-stopping] Epoch 60: no improvement (6/20)
Epoch 61/200, Batch 100, Aver_Loss: 256.9401
Epoch 61/200, Batch 200, Aver_Loss: 244.1826
Epoch 61/200, Batch 300, Aver_Loss: 241.8930
Epoch 61/200, Batch 400, Aver_Loss: 253.9285
Epoch 61/200, Batch 500, Aver_Loss: 252.0600
[early-stopping] Epoch 61: new best val ELBO = -258.867243
Epoch 62/200, Batch 100, Aver_Loss: 255.4414
Epoch 62/200, Batch 200, Aver_Loss: 263.4185
Epoch 62/200, Batch 300, Aver_Loss: 251.4418
Epoch 62/200, Batch 400, Aver_Loss: 254.0778
Epoch 62/200, Batch 500, Aver_Loss: 253.2500
[early-stopping] Epoch 62: no improvement (1/20)
Epoch 63/200, Batch 100, Aver_Loss: 249.6289
Epoch 63/200, Batch 200, Aver_Loss: 264.2998
Epoch 63/200, Batch 300, Aver_Loss: 265.1789
Epoch 63/200, Batch 400, Aver_Loss: 273.3773
Epoch 63/200, Batch 500, Aver_Loss: 268.0400
[early-stopping] Epoch 63: new best val ELBO = -258.788636
Epoch 64/200, Batch 100, Aver_Loss: 258.3625
Epoch 64/200, Batch 200, Aver_Loss: 258.1142
Epoch 64/200, Batch 300, Aver_Loss: 244.0979
Epoch 64/200, Batch 400, Aver_Loss: 250.6402
Epoch 64/200, Batch 500, Aver_Loss: 266.8511
[early-stopping] Epoch 64: no improvement (1/20)
Epoch 65/200, Batch 100, Aver_Loss: 248.4485
Epoch 65/200, Batch 200, Aver_Loss: 254.2979
Epoch 65/200, Batch 300, Aver_Loss: 267.5413
Epoch 65/200, Batch 400, Aver_Loss: 252.9226
Epoch 65/200, Batch 500, Aver_Loss: 266.4019
[early-stopping] Epoch 65: no improvement (2/20)
Epoch 66/200, Batch 100, Aver_Loss: 253.0062
Epoch 66/200, Batch 200, Aver_Loss: 252.6411
Epoch 66/200, Batch 300, Aver_Loss: 257.9997
Epoch 66/200, Batch 400, Aver_Loss: 258.0086
Epoch 66/200, Batch 500, Aver_Loss: 252.4132
[early-stopping] Epoch 66: no improvement (3/20)
Epoch 67/200, Batch 100, Aver_Loss: 243.9715
Epoch 67/200, Batch 200, Aver_Loss: 263.1830
Epoch 67/200, Batch 300, Aver_Loss: 262.9170
Epoch 67/200, Batch 400, Aver_Loss: 279.4629
Epoch 67/200, Batch 500, Aver_Loss: 243.0736
[early-stopping] Epoch 67: no improvement (4/20)
Epoch 68/200, Batch 100, Aver_Loss: 273.1838
Epoch 68/200, Batch 200, Aver_Loss: 245.3907
Epoch 68/200, Batch 300, Aver_Loss: 263.1189
Epoch 68/200, Batch 400, Aver_Loss: 252.6185
Epoch 68/200, Batch 500, Aver_Loss: 262.1814
[early-stopping] Epoch 68: new best val ELBO = -258.641624
Epoch 69/200, Batch 100, Aver_Loss: 252.6888
Epoch 69/200, Batch 200, Aver_Loss: 264.8820
Epoch 69/200, Batch 300, Aver_Loss: 261.7253
Epoch 69/200, Batch 400, Aver_Loss: 262.9678
Epoch 69/200, Batch 500, Aver_Loss: 261.7408
[early-stopping] Epoch 69: no improvement (1/20)
Epoch 70/200, Batch 100, Aver_Loss: 274.7753
Epoch 70/200, Batch 200, Aver_Loss: 259.9260
Epoch 70/200, Batch 300, Aver_Loss: 256.1679
Epoch 70/200, Batch 400, Aver_Loss: 262.3022
Epoch 70/200, Batch 500, Aver_Loss: 260.0212
[early-stopping] Epoch 70: no improvement (2/20)
Epoch 71/200, Batch 100, Aver_Loss: 248.4133
Epoch 71/200, Batch 200, Aver_Loss: 250.7036
Epoch 71/200, Batch 300, Aver_Loss: 251.6378
Epoch 71/200, Batch 400, Aver_Loss: 238.4147
Epoch 71/200, Batch 500, Aver_Loss: 261.6887
[early-stopping] Epoch 71: no improvement (3/20)
Epoch 72/200, Batch 100, Aver_Loss: 253.9773
Epoch 72/200, Batch 200, Aver_Loss: 242.5252
Epoch 72/200, Batch 300, Aver_Loss: 247.7426
Epoch 72/200, Batch 400, Aver_Loss: 259.9390
Epoch 72/200, Batch 500, Aver_Loss: 273.2552
[early-stopping] Epoch 72: no improvement (4/20)
Epoch 73/200, Batch 100, Aver_Loss: 254.7366
Epoch 73/200, Batch 200, Aver_Loss: 262.3742
Epoch 73/200, Batch 300, Aver_Loss: 263.1585
Epoch 73/200, Batch 400, Aver_Loss: 244.3157
Epoch 73/200, Batch 500, Aver_Loss: 249.5040
[early-stopping] Epoch 73: no improvement (5/20)
Epoch 74/200, Batch 100, Aver_Loss: 254.7156
Epoch 74/200, Batch 200, Aver_Loss: 257.3969
Epoch 74/200, Batch 300, Aver_Loss: 254.3921
Epoch 74/200, Batch 400, Aver_Loss: 252.7128
Epoch 74/200, Batch 500, Aver_Loss: 268.4682
[early-stopping] Epoch 74: no improvement (6/20)
Epoch 75/200, Batch 100, Aver_Loss: 255.3259
Epoch 75/200, Batch 200, Aver_Loss: 255.4902
Epoch 75/200, Batch 300, Aver_Loss: 263.9509
Epoch 75/200, Batch 400, Aver_Loss: 248.5200
Epoch 75/200, Batch 500, Aver_Loss: 266.8546
[early-stopping] Epoch 75: new best val ELBO = -258.523721
Epoch 76/200, Batch 100, Aver_Loss: 263.8500
Epoch 76/200, Batch 200, Aver_Loss: 263.2530
Epoch 76/200, Batch 300, Aver_Loss: 268.5121
Epoch 76/200, Batch 400, Aver_Loss: 260.8504
Epoch 76/200, Batch 500, Aver_Loss: 268.7051
[early-stopping] Epoch 76: no improvement (1/20)
Epoch 77/200, Batch 100, Aver_Loss: 260.0998
Epoch 77/200, Batch 200, Aver_Loss: 246.8637
Epoch 77/200, Batch 300, Aver_Loss: 261.5065
Epoch 77/200, Batch 400, Aver_Loss: 246.0754
Epoch 77/200, Batch 500, Aver_Loss: 244.8310
[early-stopping] Epoch 77: no improvement (2/20)
Epoch 78/200, Batch 100, Aver_Loss: 251.6918
Epoch 78/200, Batch 200, Aver_Loss: 261.5799
Epoch 78/200, Batch 300, Aver_Loss: 268.4986
Epoch 78/200, Batch 400, Aver_Loss: 256.8283
Epoch 78/200, Batch 500, Aver_Loss: 260.4767
[early-stopping] Epoch 78: no improvement (3/20)
Epoch 79/200, Batch 100, Aver_Loss: 268.6779
Epoch 79/200, Batch 200, Aver_Loss: 255.4229
Epoch 79/200, Batch 300, Aver_Loss: 251.2816
Epoch 79/200, Batch 400, Aver_Loss: 258.9671
Epoch 79/200, Batch 500, Aver_Loss: 267.2606
[early-stopping] Epoch 79: no improvement (4/20)
Epoch 80/200, Batch 100, Aver_Loss: 269.5248
Epoch 80/200, Batch 200, Aver_Loss: 255.6342
Epoch 80/200, Batch 300, Aver_Loss: 269.6615
Epoch 80/200, Batch 400, Aver_Loss: 255.9077
Epoch 80/200, Batch 500, Aver_Loss: 247.0185
[early-stopping] Epoch 80: no improvement (5/20)
Epoch 81/200, Batch 100, Aver_Loss: 265.8927
Epoch 81/200, Batch 200, Aver_Loss: 256.0183
Epoch 81/200, Batch 300, Aver_Loss: 264.6373
Epoch 81/200, Batch 400, Aver_Loss: 229.8559
Epoch 81/200, Batch 500, Aver_Loss: 249.3216
[early-stopping] Epoch 81: new best val ELBO = -258.379252
Epoch 82/200, Batch 100, Aver_Loss: 253.8288
Epoch 82/200, Batch 200, Aver_Loss: 257.8353
Epoch 82/200, Batch 300, Aver_Loss: 255.2963
Epoch 82/200, Batch 400, Aver_Loss: 274.8976
Epoch 82/200, Batch 500, Aver_Loss: 255.5002
[early-stopping] Epoch 82: no improvement (1/20)
Epoch 83/200, Batch 100, Aver_Loss: 256.9751
Epoch 83/200, Batch 200, Aver_Loss: 268.6234
Epoch 83/200, Batch 300, Aver_Loss: 246.2471
Epoch 83/200, Batch 400, Aver_Loss: 259.3772
Epoch 83/200, Batch 500, Aver_Loss: 271.9442
[early-stopping] Epoch 83: no improvement (2/20)
Epoch 84/200, Batch 100, Aver_Loss: 251.9108
Epoch 84/200, Batch 200, Aver_Loss: 263.7296
Epoch 84/200, Batch 300, Aver_Loss: 266.6413
Epoch 84/200, Batch 400, Aver_Loss: 248.3618
Epoch 84/200, Batch 500, Aver_Loss: 245.6021
[early-stopping] Epoch 84: no improvement (3/20)
Epoch 85/200, Batch 100, Aver_Loss: 259.0134
Epoch 85/200, Batch 200, Aver_Loss: 262.8829
Epoch 85/200, Batch 300, Aver_Loss: 254.3904
Epoch 85/200, Batch 400, Aver_Loss: 249.8631
Epoch 85/200, Batch 500, Aver_Loss: 262.3935
[early-stopping] Epoch 85: no improvement (4/20)
Epoch 86/200, Batch 100, Aver_Loss: 262.2403
Epoch 86/200, Batch 200, Aver_Loss: 263.1724
Epoch 86/200, Batch 300, Aver_Loss: 252.2004
Epoch 86/200, Batch 400, Aver_Loss: 262.1863
Epoch 86/200, Batch 500, Aver_Loss: 258.5227
[early-stopping] Epoch 86: no improvement (5/20)
Epoch 87/200, Batch 100, Aver_Loss: 261.0409
Epoch 87/200, Batch 200, Aver_Loss: 255.2395
Epoch 87/200, Batch 300, Aver_Loss: 253.2285
Epoch 87/200, Batch 400, Aver_Loss: 265.9508
Epoch 87/200, Batch 500, Aver_Loss: 256.1947
[early-stopping] Epoch 87: no improvement (6/20)
Epoch 88/200, Batch 100, Aver_Loss: 255.8270
Epoch 88/200, Batch 200, Aver_Loss: 256.5312
Epoch 88/200, Batch 300, Aver_Loss: 257.8871
Epoch 88/200, Batch 400, Aver_Loss: 259.4764
Epoch 88/200, Batch 500, Aver_Loss: 265.3091
[early-stopping] Epoch 88: no improvement (7/20)
Epoch 89/200, Batch 100, Aver_Loss: 263.1461
Epoch 89/200, Batch 200, Aver_Loss: 241.6053
Epoch 89/200, Batch 300, Aver_Loss: 238.8004
Epoch 89/200, Batch 400, Aver_Loss: 253.6871
Epoch 89/200, Batch 500, Aver_Loss: 259.4332
[early-stopping] Epoch 89: no improvement (8/20)
Epoch 90/200, Batch 100, Aver_Loss: 254.7192
Epoch 90/200, Batch 200, Aver_Loss: 255.0768
Epoch 90/200, Batch 300, Aver_Loss: 244.6544
Epoch 90/200, Batch 400, Aver_Loss: 271.8969
Epoch 90/200, Batch 500, Aver_Loss: 257.5481
[early-stopping] Epoch 90: no improvement (9/20)
Epoch 91/200, Batch 100, Aver_Loss: 256.6878
Epoch 91/200, Batch 200, Aver_Loss: 275.5183
Epoch 91/200, Batch 300, Aver_Loss: 249.1877
Epoch 91/200, Batch 400, Aver_Loss: 256.8957
Epoch 91/200, Batch 500, Aver_Loss: 253.2059
[early-stopping] Epoch 91: new best val ELBO = -258.313795
Epoch 92/200, Batch 100, Aver_Loss: 264.6372
Epoch 92/200, Batch 200, Aver_Loss: 248.8929
Epoch 92/200, Batch 300, Aver_Loss: 256.9251
Epoch 92/200, Batch 400, Aver_Loss: 241.4377
Epoch 92/200, Batch 500, Aver_Loss: 258.4735
[early-stopping] Epoch 92: no improvement (1/20)
Epoch 93/200, Batch 100, Aver_Loss: 248.1907
Epoch 93/200, Batch 200, Aver_Loss: 252.9970
Epoch 93/200, Batch 300, Aver_Loss: 262.7804
Epoch 93/200, Batch 400, Aver_Loss: 258.2060
Epoch 93/200, Batch 500, Aver_Loss: 266.0918
[early-stopping] Epoch 93: no improvement (2/20)
Epoch 94/200, Batch 100, Aver_Loss: 249.2172
Epoch 94/200, Batch 200, Aver_Loss: 261.8708
Epoch 94/200, Batch 300, Aver_Loss: 253.2180
Epoch 94/200, Batch 400, Aver_Loss: 276.3276
Epoch 94/200, Batch 500, Aver_Loss: 242.2449
[early-stopping] Epoch 94: no improvement (3/20)
Epoch 95/200, Batch 100, Aver_Loss: 247.3633
Epoch 95/200, Batch 200, Aver_Loss: 261.9280
Epoch 95/200, Batch 300, Aver_Loss: 266.4768
Epoch 95/200, Batch 400, Aver_Loss: 241.0079
Epoch 95/200, Batch 500, Aver_Loss: 246.2177
[early-stopping] Epoch 95: no improvement (4/20)
Epoch 96/200, Batch 100, Aver_Loss: 257.4840
Epoch 96/200, Batch 200, Aver_Loss: 257.5763
Epoch 96/200, Batch 300, Aver_Loss: 254.4354
Epoch 96/200, Batch 400, Aver_Loss: 248.5822
Epoch 96/200, Batch 500, Aver_Loss: 258.8383
[early-stopping] Epoch 96: new best val ELBO = -258.214602
Epoch 97/200, Batch 100, Aver_Loss: 266.0610
Epoch 97/200, Batch 200, Aver_Loss: 259.4646
Epoch 97/200, Batch 300, Aver_Loss: 242.5144
Epoch 97/200, Batch 400, Aver_Loss: 260.9204
Epoch 97/200, Batch 500, Aver_Loss: 250.8805
[early-stopping] Epoch 97: no improvement (1/20)
Epoch 98/200, Batch 100, Aver_Loss: 248.1897
Epoch 98/200, Batch 200, Aver_Loss: 265.4396
Epoch 98/200, Batch 300, Aver_Loss: 258.0915
Epoch 98/200, Batch 400, Aver_Loss: 257.1281
Epoch 98/200, Batch 500, Aver_Loss: 254.8287
[early-stopping] Epoch 98: no improvement (2/20)
Epoch 99/200, Batch 100, Aver_Loss: 246.5987
Epoch 99/200, Batch 200, Aver_Loss: 257.9714
Epoch 99/200, Batch 300, Aver_Loss: 267.8846
Epoch 99/200, Batch 400, Aver_Loss: 256.1530
Epoch 99/200, Batch 500, Aver_Loss: 261.0509
[early-stopping] Epoch 99: no improvement (3/20)
Epoch 100/200, Batch 100, Aver_Loss: 234.7907
Epoch 100/200, Batch 200, Aver_Loss: 254.9596
Epoch 100/200, Batch 300, Aver_Loss: 251.3685
Epoch 100/200, Batch 400, Aver_Loss: 239.5038
Epoch 100/200, Batch 500, Aver_Loss: 257.2459
[early-stopping] Epoch 100: no improvement (4/20)
Epoch 101/200, Batch 100, Aver_Loss: 257.3175
Epoch 101/200, Batch 200, Aver_Loss: 273.6110
Epoch 101/200, Batch 300, Aver_Loss: 254.8486
Epoch 101/200, Batch 400, Aver_Loss: 261.4565
Epoch 101/200, Batch 500, Aver_Loss: 243.0727
[early-stopping] Epoch 101: no improvement (5/20)
Epoch 102/200, Batch 100, Aver_Loss: 251.7828
Epoch 102/200, Batch 200, Aver_Loss: 250.1823
Epoch 102/200, Batch 300, Aver_Loss: 261.6803
Epoch 102/200, Batch 400, Aver_Loss: 264.7033
Epoch 102/200, Batch 500, Aver_Loss: 270.1622
[early-stopping] Epoch 102: no improvement (6/20)
Epoch 103/200, Batch 100, Aver_Loss: 241.5897
Epoch 103/200, Batch 200, Aver_Loss: 258.4158
Epoch 103/200, Batch 300, Aver_Loss: 256.2116
Epoch 103/200, Batch 400, Aver_Loss: 258.7678
Epoch 103/200, Batch 500, Aver_Loss: 252.7912
[early-stopping] Epoch 103: no improvement (7/20)
Epoch 104/200, Batch 100, Aver_Loss: 267.6060
Epoch 104/200, Batch 200, Aver_Loss: 264.6319
Epoch 104/200, Batch 300, Aver_Loss: 265.4580
Epoch 104/200, Batch 400, Aver_Loss: 257.8243
Epoch 104/200, Batch 500, Aver_Loss: 250.8345
[early-stopping] Epoch 104: no improvement (8/20)
Epoch 105/200, Batch 100, Aver_Loss: 278.2891
Epoch 105/200, Batch 200, Aver_Loss: 255.3596
Epoch 105/200, Batch 300, Aver_Loss: 251.9456
Epoch 105/200, Batch 400, Aver_Loss: 254.0927
Epoch 105/200, Batch 500, Aver_Loss: 251.3002
[early-stopping] Epoch 105: no improvement (9/20)
Epoch 106/200, Batch 100, Aver_Loss: 261.4863
Epoch 106/200, Batch 200, Aver_Loss: 247.1344
Epoch 106/200, Batch 300, Aver_Loss: 264.4615
Epoch 106/200, Batch 400, Aver_Loss: 244.6506
Epoch 106/200, Batch 500, Aver_Loss: 255.8618
[early-stopping] Epoch 106: no improvement (10/20)
Epoch 107/200, Batch 100, Aver_Loss: 245.1754
Epoch 107/200, Batch 200, Aver_Loss: 255.5770
Epoch 107/200, Batch 300, Aver_Loss: 262.2731
Epoch 107/200, Batch 400, Aver_Loss: 243.4484
Epoch 107/200, Batch 500, Aver_Loss: 266.3661
[early-stopping] Epoch 107: no improvement (11/20)
Epoch 108/200, Batch 100, Aver_Loss: 262.0487
Epoch 108/200, Batch 200, Aver_Loss: 257.9773
Epoch 108/200, Batch 300, Aver_Loss: 261.7785
Epoch 108/200, Batch 400, Aver_Loss: 275.6611
Epoch 108/200, Batch 500, Aver_Loss: 256.4005
[early-stopping] Epoch 108: no improvement (12/20)
Epoch 109/200, Batch 100, Aver_Loss: 251.6276
Epoch 109/200, Batch 200, Aver_Loss: 255.3359
Epoch 109/200, Batch 300, Aver_Loss: 247.9947
Epoch 109/200, Batch 400, Aver_Loss: 257.9113
Epoch 109/200, Batch 500, Aver_Loss: 247.8662
[early-stopping] Epoch 109: no improvement (13/20)
Epoch 110/200, Batch 100, Aver_Loss: 262.7098
Epoch 110/200, Batch 200, Aver_Loss: 259.8419
Epoch 110/200, Batch 300, Aver_Loss: 267.3463
Epoch 110/200, Batch 400, Aver_Loss: 253.3193
Epoch 110/200, Batch 500, Aver_Loss: 238.9771
[early-stopping] Epoch 110: no improvement (14/20)
Epoch 111/200, Batch 100, Aver_Loss: 263.1765
Epoch 111/200, Batch 200, Aver_Loss: 260.5049
Epoch 111/200, Batch 300, Aver_Loss: 255.8165
Epoch 111/200, Batch 400, Aver_Loss: 254.8624
Epoch 111/200, Batch 500, Aver_Loss: 244.9074
[early-stopping] Epoch 111: no improvement (15/20)
Epoch 112/200, Batch 100, Aver_Loss: 263.7629
Epoch 112/200, Batch 200, Aver_Loss: 256.1978
Epoch 112/200, Batch 300, Aver_Loss: 250.1767
Epoch 112/200, Batch 400, Aver_Loss: 275.3882
Epoch 112/200, Batch 500, Aver_Loss: 259.8363
[early-stopping] Epoch 112: no improvement (16/20)
Epoch 113/200, Batch 100, Aver_Loss: 264.9029
Epoch 113/200, Batch 200, Aver_Loss: 271.8659
Epoch 113/200, Batch 300, Aver_Loss: 244.4206
Epoch 113/200, Batch 400, Aver_Loss: 242.3521
Epoch 113/200, Batch 500, Aver_Loss: 258.0885
[early-stopping] Epoch 113: no improvement (17/20)
Epoch 114/200, Batch 100, Aver_Loss: 245.8302
Epoch 114/200, Batch 200, Aver_Loss: 275.3043
Epoch 114/200, Batch 300, Aver_Loss: 268.5013
Epoch 114/200, Batch 400, Aver_Loss: 263.3574
Epoch 114/200, Batch 500, Aver_Loss: 242.4031
[early-stopping] Epoch 114: no improvement (18/20)
Epoch 115/200, Batch 100, Aver_Loss: 254.9047
Epoch 115/200, Batch 200, Aver_Loss: 257.4193
Epoch 115/200, Batch 300, Aver_Loss: 274.1836
Epoch 115/200, Batch 400, Aver_Loss: 255.6803
Epoch 115/200, Batch 500, Aver_Loss: 250.2693
[early-stopping] Epoch 115: no improvement (19/20)
Epoch 116/200, Batch 100, Aver_Loss: 256.5741
Epoch 116/200, Batch 200, Aver_Loss: 247.2603
Epoch 116/200, Batch 300, Aver_Loss: 253.2794
Epoch 116/200, Batch 400, Aver_Loss: 258.2343
Epoch 116/200, Batch 500, Aver_Loss: 250.4472
[early-stopping] Epoch 116: no improvement (20/20)
[early-stopping] Patience reached. Stopping at epoch 116. Best epoch: 96, best val ELBO: -258.214602
[early-stopping] Loaded best model from epoch 96 (val ELBO = -258.214602)
[checkpoint] Saved best model to: trained_parameters/fashion_mnist_zdim2_VAE.pkl
[saved curves] ./results/FASHION_MNIST/curves/fashion_mnist_vae_d2_s777.json

==== Evaluation Summary ====
                 model: vae
   recon/mse_per_pixel: 0.026951
            elbo/train: -255.593397
             elbo/test: -258.254413
             mse/train: 0.025782
              mse/test: 0.026951
             probe/acc: 0.652286
             probe/nll: 1.059004
           probe/brier: 0.482446
             probe/ece: 0.100253
           cluster/nmi: 0.550143
           cluster/ari: 0.375819
============================

