/usr/bin/which: no fi_info in (/arf/home/meyavuz/.local/bin:/arf/sw/comp/python/intelpython3/condabin:/arf/sw/comp/python/intelpython3/bin:/usr/share/Modules/bin:/usr/local/bin:/usr/bin:/usr/local/sbin:/usr/sbin)
Extension for Scikit-learn* enabled (https://github.com/uxlfoundation/scikit-learn-intelex)
/arf/home/meyavuz/.conda/envs/sbn/lib/python3.9/site-packages/sklearn/linear_model/_logistic.py:1247: FutureWarning: 'multi_class' was deprecated in version 1.5 and will be removed in 1.7. From then on, it will always use 'multinomial'. Leave it to its default value to avoid this warning.
  warnings.warn(
Epoch 1/200, Batch 100, Aver_Loss: 285.0732
Epoch 1/200, Batch 200, Aver_Loss: 268.9077
Epoch 1/200, Batch 300, Aver_Loss: 257.7050
Epoch 1/200, Batch 400, Aver_Loss: 267.2177
Epoch 1/200, Batch 500, Aver_Loss: 270.8698
[early-stopping] Epoch 1: new best val ELBO = -261.207266
Epoch 2/200, Batch 100, Aver_Loss: 253.1660
Epoch 2/200, Batch 200, Aver_Loss: 267.9322
Epoch 2/200, Batch 300, Aver_Loss: 268.7237
Epoch 2/200, Batch 400, Aver_Loss: 256.3742
Epoch 2/200, Batch 500, Aver_Loss: 264.5973
[early-stopping] Epoch 2: new best val ELBO = -255.119473
Epoch 3/200, Batch 100, Aver_Loss: 253.3461
Epoch 3/200, Batch 200, Aver_Loss: 250.2588
Epoch 3/200, Batch 300, Aver_Loss: 270.2563
Epoch 3/200, Batch 400, Aver_Loss: 246.6932
Epoch 3/200, Batch 500, Aver_Loss: 241.2803
[early-stopping] Epoch 3: new best val ELBO = -252.475652
Epoch 4/200, Batch 100, Aver_Loss: 236.5878
Epoch 4/200, Batch 200, Aver_Loss: 258.6583
Epoch 4/200, Batch 300, Aver_Loss: 252.9834
Epoch 4/200, Batch 400, Aver_Loss: 253.7034
Epoch 4/200, Batch 500, Aver_Loss: 228.2961
[early-stopping] Epoch 4: new best val ELBO = -249.495265
Epoch 5/200, Batch 100, Aver_Loss: 250.9258
Epoch 5/200, Batch 200, Aver_Loss: 253.9676
Epoch 5/200, Batch 300, Aver_Loss: 252.8474
Epoch 5/200, Batch 400, Aver_Loss: 248.7157
Epoch 5/200, Batch 500, Aver_Loss: 248.9690
[early-stopping] Epoch 5: new best val ELBO = -248.038527
Epoch 6/200, Batch 100, Aver_Loss: 251.1891
Epoch 6/200, Batch 200, Aver_Loss: 253.5922
Epoch 6/200, Batch 300, Aver_Loss: 243.0512
Epoch 6/200, Batch 400, Aver_Loss: 246.9027
Epoch 6/200, Batch 500, Aver_Loss: 249.2867
[early-stopping] Epoch 6: new best val ELBO = -246.867518
Epoch 7/200, Batch 100, Aver_Loss: 243.0498
Epoch 7/200, Batch 200, Aver_Loss: 245.0110
Epoch 7/200, Batch 300, Aver_Loss: 253.6357
Epoch 7/200, Batch 400, Aver_Loss: 250.9883
Epoch 7/200, Batch 500, Aver_Loss: 253.9794
[early-stopping] Epoch 7: no improvement (1/20)
Epoch 8/200, Batch 100, Aver_Loss: 244.7503
Epoch 8/200, Batch 200, Aver_Loss: 249.4685
Epoch 8/200, Batch 300, Aver_Loss: 261.8559
Epoch 8/200, Batch 400, Aver_Loss: 244.5690
Epoch 8/200, Batch 500, Aver_Loss: 247.5320
[early-stopping] Epoch 8: new best val ELBO = -245.194112
Epoch 9/200, Batch 100, Aver_Loss: 253.9384
Epoch 9/200, Batch 200, Aver_Loss: 254.4846
Epoch 9/200, Batch 300, Aver_Loss: 248.0421
Epoch 9/200, Batch 400, Aver_Loss: 255.6065
Epoch 9/200, Batch 500, Aver_Loss: 228.2552
[early-stopping] Epoch 9: new best val ELBO = -244.613925
Epoch 10/200, Batch 100, Aver_Loss: 247.9886
Epoch 10/200, Batch 200, Aver_Loss: 240.2497
Epoch 10/200, Batch 300, Aver_Loss: 245.8873
Epoch 10/200, Batch 400, Aver_Loss: 250.4376
Epoch 10/200, Batch 500, Aver_Loss: 242.4853
[early-stopping] Epoch 10: new best val ELBO = -244.459239
Epoch 11/200, Batch 100, Aver_Loss: 247.1748
Epoch 11/200, Batch 200, Aver_Loss: 243.1138
Epoch 11/200, Batch 300, Aver_Loss: 251.0357
Epoch 11/200, Batch 400, Aver_Loss: 248.8168
Epoch 11/200, Batch 500, Aver_Loss: 246.0533
[early-stopping] Epoch 11: new best val ELBO = -243.944573
Epoch 12/200, Batch 100, Aver_Loss: 240.5995
Epoch 12/200, Batch 200, Aver_Loss: 242.3059
Epoch 12/200, Batch 300, Aver_Loss: 244.5687
Epoch 12/200, Batch 400, Aver_Loss: 241.7409
Epoch 12/200, Batch 500, Aver_Loss: 242.6624
[early-stopping] Epoch 12: new best val ELBO = -243.804680
Epoch 13/200, Batch 100, Aver_Loss: 250.6657
Epoch 13/200, Batch 200, Aver_Loss: 249.7528
Epoch 13/200, Batch 300, Aver_Loss: 245.9687
Epoch 13/200, Batch 400, Aver_Loss: 252.6886
Epoch 13/200, Batch 500, Aver_Loss: 248.0214
[early-stopping] Epoch 13: new best val ELBO = -243.328344
Epoch 14/200, Batch 100, Aver_Loss: 251.5764
Epoch 14/200, Batch 200, Aver_Loss: 243.0451
Epoch 14/200, Batch 300, Aver_Loss: 222.3770
Epoch 14/200, Batch 400, Aver_Loss: 239.0603
Epoch 14/200, Batch 500, Aver_Loss: 245.0608
[early-stopping] Epoch 14: no improvement (1/20)
Epoch 15/200, Batch 100, Aver_Loss: 238.6495
Epoch 15/200, Batch 200, Aver_Loss: 250.9654
Epoch 15/200, Batch 300, Aver_Loss: 231.8879
Epoch 15/200, Batch 400, Aver_Loss: 246.6086
Epoch 15/200, Batch 500, Aver_Loss: 241.1988
[early-stopping] Epoch 15: new best val ELBO = -242.983057
Epoch 16/200, Batch 100, Aver_Loss: 238.8664
Epoch 16/200, Batch 200, Aver_Loss: 226.3069
Epoch 16/200, Batch 300, Aver_Loss: 237.4161
Epoch 16/200, Batch 400, Aver_Loss: 239.1298
Epoch 16/200, Batch 500, Aver_Loss: 242.0294
[early-stopping] Epoch 16: new best val ELBO = -242.951181
Epoch 17/200, Batch 100, Aver_Loss: 244.5907
Epoch 17/200, Batch 200, Aver_Loss: 244.5330
Epoch 17/200, Batch 300, Aver_Loss: 237.0531
Epoch 17/200, Batch 400, Aver_Loss: 238.1951
Epoch 17/200, Batch 500, Aver_Loss: 243.4521
[early-stopping] Epoch 17: new best val ELBO = -242.849257
Epoch 18/200, Batch 100, Aver_Loss: 241.6346
Epoch 18/200, Batch 200, Aver_Loss: 234.9926
Epoch 18/200, Batch 300, Aver_Loss: 260.6487
Epoch 18/200, Batch 400, Aver_Loss: 234.3400
Epoch 18/200, Batch 500, Aver_Loss: 230.9020
[early-stopping] Epoch 18: new best val ELBO = -242.417805
Epoch 19/200, Batch 100, Aver_Loss: 233.4212
Epoch 19/200, Batch 200, Aver_Loss: 245.6315
Epoch 19/200, Batch 300, Aver_Loss: 243.0102
Epoch 19/200, Batch 400, Aver_Loss: 233.4202
Epoch 19/200, Batch 500, Aver_Loss: 238.7198
[early-stopping] Epoch 19: new best val ELBO = -242.267892
Epoch 20/200, Batch 100, Aver_Loss: 250.8703
Epoch 20/200, Batch 200, Aver_Loss: 231.5195
Epoch 20/200, Batch 300, Aver_Loss: 246.3126
Epoch 20/200, Batch 400, Aver_Loss: 260.7280
Epoch 20/200, Batch 500, Aver_Loss: 248.6890
[early-stopping] Epoch 20: new best val ELBO = -242.057405
Epoch 21/200, Batch 100, Aver_Loss: 256.1247
Epoch 21/200, Batch 200, Aver_Loss: 247.9396
Epoch 21/200, Batch 300, Aver_Loss: 242.1299
Epoch 21/200, Batch 400, Aver_Loss: 234.3482
Epoch 21/200, Batch 500, Aver_Loss: 233.9163
[early-stopping] Epoch 21: no improvement (1/20)
Epoch 22/200, Batch 100, Aver_Loss: 246.8383
Epoch 22/200, Batch 200, Aver_Loss: 236.2397
Epoch 22/200, Batch 300, Aver_Loss: 251.1591
Epoch 22/200, Batch 400, Aver_Loss: 246.9850
Epoch 22/200, Batch 500, Aver_Loss: 237.2565
[early-stopping] Epoch 22: no improvement (2/20)
Epoch 23/200, Batch 100, Aver_Loss: 245.3224
Epoch 23/200, Batch 200, Aver_Loss: 230.3453
Epoch 23/200, Batch 300, Aver_Loss: 242.0661
Epoch 23/200, Batch 400, Aver_Loss: 250.0437
Epoch 23/200, Batch 500, Aver_Loss: 232.5859
[early-stopping] Epoch 23: no improvement (3/20)
Epoch 24/200, Batch 100, Aver_Loss: 236.1851
Epoch 24/200, Batch 200, Aver_Loss: 242.4266
Epoch 24/200, Batch 300, Aver_Loss: 244.3387
Epoch 24/200, Batch 400, Aver_Loss: 241.9106
Epoch 24/200, Batch 500, Aver_Loss: 226.2943
[early-stopping] Epoch 24: no improvement (4/20)
Epoch 25/200, Batch 100, Aver_Loss: 244.2921
Epoch 25/200, Batch 200, Aver_Loss: 238.9057
Epoch 25/200, Batch 300, Aver_Loss: 251.9144
Epoch 25/200, Batch 400, Aver_Loss: 245.1048
Epoch 25/200, Batch 500, Aver_Loss: 234.4245
[early-stopping] Epoch 25: new best val ELBO = -241.473517
Epoch 26/200, Batch 100, Aver_Loss: 238.0171
Epoch 26/200, Batch 200, Aver_Loss: 240.7825
Epoch 26/200, Batch 300, Aver_Loss: 246.3230
Epoch 26/200, Batch 400, Aver_Loss: 228.2763
Epoch 26/200, Batch 500, Aver_Loss: 232.5223
[early-stopping] Epoch 26: no improvement (1/20)
Epoch 27/200, Batch 100, Aver_Loss: 249.3292
Epoch 27/200, Batch 200, Aver_Loss: 248.0928
Epoch 27/200, Batch 300, Aver_Loss: 240.2317
Epoch 27/200, Batch 400, Aver_Loss: 239.3491
Epoch 27/200, Batch 500, Aver_Loss: 237.6256
[early-stopping] Epoch 27: no improvement (2/20)
Epoch 28/200, Batch 100, Aver_Loss: 239.3960
Epoch 28/200, Batch 200, Aver_Loss: 253.2557
Epoch 28/200, Batch 300, Aver_Loss: 239.3878
Epoch 28/200, Batch 400, Aver_Loss: 239.3617
Epoch 28/200, Batch 500, Aver_Loss: 243.2499
[early-stopping] Epoch 28: no improvement (3/20)
Epoch 29/200, Batch 100, Aver_Loss: 236.0470
Epoch 29/200, Batch 200, Aver_Loss: 251.3858
Epoch 29/200, Batch 300, Aver_Loss: 239.2091
Epoch 29/200, Batch 400, Aver_Loss: 238.0504
Epoch 29/200, Batch 500, Aver_Loss: 239.0169
[early-stopping] Epoch 29: no improvement (4/20)
Epoch 30/200, Batch 100, Aver_Loss: 249.2319
Epoch 30/200, Batch 200, Aver_Loss: 253.5958
Epoch 30/200, Batch 300, Aver_Loss: 244.4336
Epoch 30/200, Batch 400, Aver_Loss: 230.5377
Epoch 30/200, Batch 500, Aver_Loss: 249.1139
[early-stopping] Epoch 30: new best val ELBO = -241.352515
Epoch 31/200, Batch 100, Aver_Loss: 240.4844
Epoch 31/200, Batch 200, Aver_Loss: 245.1166
Epoch 31/200, Batch 300, Aver_Loss: 256.0732
Epoch 31/200, Batch 400, Aver_Loss: 238.2831
Epoch 31/200, Batch 500, Aver_Loss: 241.4134
[early-stopping] Epoch 31: no improvement (1/20)
Epoch 32/200, Batch 100, Aver_Loss: 236.7011
Epoch 32/200, Batch 200, Aver_Loss: 244.3923
Epoch 32/200, Batch 300, Aver_Loss: 245.7262
Epoch 32/200, Batch 400, Aver_Loss: 240.6741
Epoch 32/200, Batch 500, Aver_Loss: 237.4934
[early-stopping] Epoch 32: new best val ELBO = -241.189062
Epoch 33/200, Batch 100, Aver_Loss: 246.9375
Epoch 33/200, Batch 200, Aver_Loss: 249.0450
Epoch 33/200, Batch 300, Aver_Loss: 235.2388
Epoch 33/200, Batch 400, Aver_Loss: 238.6514
Epoch 33/200, Batch 500, Aver_Loss: 227.9357
[early-stopping] Epoch 33: no improvement (1/20)
Epoch 34/200, Batch 100, Aver_Loss: 257.7962
Epoch 34/200, Batch 200, Aver_Loss: 234.4028
Epoch 34/200, Batch 300, Aver_Loss: 235.4315
Epoch 34/200, Batch 400, Aver_Loss: 248.6207
Epoch 34/200, Batch 500, Aver_Loss: 235.4116
[early-stopping] Epoch 34: no improvement (2/20)
Epoch 35/200, Batch 100, Aver_Loss: 247.3053
Epoch 35/200, Batch 200, Aver_Loss: 246.5043
Epoch 35/200, Batch 300, Aver_Loss: 250.5463
Epoch 35/200, Batch 400, Aver_Loss: 235.3385
Epoch 35/200, Batch 500, Aver_Loss: 252.7289
[early-stopping] Epoch 35: new best val ELBO = -240.887145
Epoch 36/200, Batch 100, Aver_Loss: 259.4444
Epoch 36/200, Batch 200, Aver_Loss: 239.1346
Epoch 36/200, Batch 300, Aver_Loss: 247.4209
Epoch 36/200, Batch 400, Aver_Loss: 239.2423
Epoch 36/200, Batch 500, Aver_Loss: 246.1524
[early-stopping] Epoch 36: no improvement (1/20)
Epoch 37/200, Batch 100, Aver_Loss: 237.6434
Epoch 37/200, Batch 200, Aver_Loss: 246.4946
Epoch 37/200, Batch 300, Aver_Loss: 249.2415
Epoch 37/200, Batch 400, Aver_Loss: 236.5116
Epoch 37/200, Batch 500, Aver_Loss: 245.7270
[early-stopping] Epoch 37: new best val ELBO = -240.771913
Epoch 38/200, Batch 100, Aver_Loss: 238.8466
Epoch 38/200, Batch 200, Aver_Loss: 236.5354
Epoch 38/200, Batch 300, Aver_Loss: 238.7231
Epoch 38/200, Batch 400, Aver_Loss: 258.1614
Epoch 38/200, Batch 500, Aver_Loss: 239.3425
[early-stopping] Epoch 38: no improvement (1/20)
Epoch 39/200, Batch 100, Aver_Loss: 241.0426
Epoch 39/200, Batch 200, Aver_Loss: 249.4748
Epoch 39/200, Batch 300, Aver_Loss: 242.0535
Epoch 39/200, Batch 400, Aver_Loss: 246.2122
Epoch 39/200, Batch 500, Aver_Loss: 249.0824
[early-stopping] Epoch 39: no improvement (2/20)
Epoch 40/200, Batch 100, Aver_Loss: 234.2729
Epoch 40/200, Batch 200, Aver_Loss: 234.0108
Epoch 40/200, Batch 300, Aver_Loss: 236.3510
Epoch 40/200, Batch 400, Aver_Loss: 240.9689
Epoch 40/200, Batch 500, Aver_Loss: 238.9332
[early-stopping] Epoch 40: new best val ELBO = -240.697989
Epoch 41/200, Batch 100, Aver_Loss: 244.2205
Epoch 41/200, Batch 200, Aver_Loss: 250.8856
Epoch 41/200, Batch 300, Aver_Loss: 234.6108
Epoch 41/200, Batch 400, Aver_Loss: 243.1753
Epoch 41/200, Batch 500, Aver_Loss: 249.2801
[early-stopping] Epoch 41: new best val ELBO = -240.653373
Epoch 42/200, Batch 100, Aver_Loss: 252.2829
Epoch 42/200, Batch 200, Aver_Loss: 243.4957
Epoch 42/200, Batch 300, Aver_Loss: 236.7782
Epoch 42/200, Batch 400, Aver_Loss: 247.9135
Epoch 42/200, Batch 500, Aver_Loss: 241.2032
[early-stopping] Epoch 42: no improvement (1/20)
Epoch 43/200, Batch 100, Aver_Loss: 242.2361
Epoch 43/200, Batch 200, Aver_Loss: 257.3149
Epoch 43/200, Batch 300, Aver_Loss: 232.2597
Epoch 43/200, Batch 400, Aver_Loss: 240.6607
Epoch 43/200, Batch 500, Aver_Loss: 234.5996
[early-stopping] Epoch 43: no improvement (2/20)
Epoch 44/200, Batch 100, Aver_Loss: 248.3487
Epoch 44/200, Batch 200, Aver_Loss: 238.9781
Epoch 44/200, Batch 300, Aver_Loss: 253.4731
Epoch 44/200, Batch 400, Aver_Loss: 243.2492
Epoch 44/200, Batch 500, Aver_Loss: 236.3924
[early-stopping] Epoch 44: new best val ELBO = -240.517122
Epoch 45/200, Batch 100, Aver_Loss: 240.8033
Epoch 45/200, Batch 200, Aver_Loss: 245.4789
Epoch 45/200, Batch 300, Aver_Loss: 236.8034
Epoch 45/200, Batch 400, Aver_Loss: 239.2546
Epoch 45/200, Batch 500, Aver_Loss: 241.1809
[early-stopping] Epoch 45: no improvement (1/20)
Epoch 46/200, Batch 100, Aver_Loss: 236.7968
Epoch 46/200, Batch 200, Aver_Loss: 241.2559
Epoch 46/200, Batch 300, Aver_Loss: 248.0000
Epoch 46/200, Batch 400, Aver_Loss: 230.8889
Epoch 46/200, Batch 500, Aver_Loss: 241.6940
[early-stopping] Epoch 46: no improvement (2/20)
Epoch 47/200, Batch 100, Aver_Loss: 247.0522
Epoch 47/200, Batch 200, Aver_Loss: 239.8449
Epoch 47/200, Batch 300, Aver_Loss: 237.2379
Epoch 47/200, Batch 400, Aver_Loss: 245.1442
Epoch 47/200, Batch 500, Aver_Loss: 247.0537
[early-stopping] Epoch 47: no improvement (3/20)
Epoch 48/200, Batch 100, Aver_Loss: 222.8185
Epoch 48/200, Batch 200, Aver_Loss: 234.8957
Epoch 48/200, Batch 300, Aver_Loss: 243.3899
Epoch 48/200, Batch 400, Aver_Loss: 227.7130
Epoch 48/200, Batch 500, Aver_Loss: 245.5295
[early-stopping] Epoch 48: no improvement (4/20)
Epoch 49/200, Batch 100, Aver_Loss: 248.8703
Epoch 49/200, Batch 200, Aver_Loss: 247.0583
Epoch 49/200, Batch 300, Aver_Loss: 236.0679
Epoch 49/200, Batch 400, Aver_Loss: 231.8334
Epoch 49/200, Batch 500, Aver_Loss: 246.0210
[early-stopping] Epoch 49: no improvement (5/20)
Epoch 50/200, Batch 100, Aver_Loss: 238.1181
Epoch 50/200, Batch 200, Aver_Loss: 245.4928
Epoch 50/200, Batch 300, Aver_Loss: 246.0911
Epoch 50/200, Batch 400, Aver_Loss: 246.3573
Epoch 50/200, Batch 500, Aver_Loss: 236.1475
[early-stopping] Epoch 50: no improvement (6/20)
Epoch 51/200, Batch 100, Aver_Loss: 243.3523
Epoch 51/200, Batch 200, Aver_Loss: 242.6070
Epoch 51/200, Batch 300, Aver_Loss: 253.3825
Epoch 51/200, Batch 400, Aver_Loss: 245.7331
Epoch 51/200, Batch 500, Aver_Loss: 234.3412
[early-stopping] Epoch 51: new best val ELBO = -240.494011
Epoch 52/200, Batch 100, Aver_Loss: 236.3872
Epoch 52/200, Batch 200, Aver_Loss: 236.2241
Epoch 52/200, Batch 300, Aver_Loss: 229.1213
Epoch 52/200, Batch 400, Aver_Loss: 261.3819
Epoch 52/200, Batch 500, Aver_Loss: 251.5364
[early-stopping] Epoch 52: no improvement (1/20)
Epoch 53/200, Batch 100, Aver_Loss: 246.7622
Epoch 53/200, Batch 200, Aver_Loss: 236.7400
Epoch 53/200, Batch 300, Aver_Loss: 238.6110
Epoch 53/200, Batch 400, Aver_Loss: 231.7461
Epoch 53/200, Batch 500, Aver_Loss: 233.5022
[early-stopping] Epoch 53: new best val ELBO = -240.230188
Epoch 54/200, Batch 100, Aver_Loss: 239.7746
Epoch 54/200, Batch 200, Aver_Loss: 244.5578
Epoch 54/200, Batch 300, Aver_Loss: 234.1648
Epoch 54/200, Batch 400, Aver_Loss: 236.4073
Epoch 54/200, Batch 500, Aver_Loss: 239.8073
[early-stopping] Epoch 54: no improvement (1/20)
Epoch 55/200, Batch 100, Aver_Loss: 240.0751
Epoch 55/200, Batch 200, Aver_Loss: 232.3214
Epoch 55/200, Batch 300, Aver_Loss: 243.5065
Epoch 55/200, Batch 400, Aver_Loss: 249.0314
Epoch 55/200, Batch 500, Aver_Loss: 236.1170
[early-stopping] Epoch 55: no improvement (2/20)
Epoch 56/200, Batch 100, Aver_Loss: 246.4450
Epoch 56/200, Batch 200, Aver_Loss: 250.8929
Epoch 56/200, Batch 300, Aver_Loss: 242.9023
Epoch 56/200, Batch 400, Aver_Loss: 236.4909
Epoch 56/200, Batch 500, Aver_Loss: 236.4867
[early-stopping] Epoch 56: no improvement (3/20)
Epoch 57/200, Batch 100, Aver_Loss: 248.8730
Epoch 57/200, Batch 200, Aver_Loss: 237.1282
Epoch 57/200, Batch 300, Aver_Loss: 236.2076
Epoch 57/200, Batch 400, Aver_Loss: 248.2555
Epoch 57/200, Batch 500, Aver_Loss: 235.4214
[early-stopping] Epoch 57: no improvement (4/20)
Epoch 58/200, Batch 100, Aver_Loss: 241.9521
Epoch 58/200, Batch 200, Aver_Loss: 235.0410
Epoch 58/200, Batch 300, Aver_Loss: 243.7754
Epoch 58/200, Batch 400, Aver_Loss: 241.3283
Epoch 58/200, Batch 500, Aver_Loss: 225.8997
[early-stopping] Epoch 58: no improvement (5/20)
Epoch 59/200, Batch 100, Aver_Loss: 225.2739
Epoch 59/200, Batch 200, Aver_Loss: 249.5467
Epoch 59/200, Batch 300, Aver_Loss: 241.7667
Epoch 59/200, Batch 400, Aver_Loss: 246.5045
Epoch 59/200, Batch 500, Aver_Loss: 237.4662
[early-stopping] Epoch 59: new best val ELBO = -240.128946
Epoch 60/200, Batch 100, Aver_Loss: 242.6299
Epoch 60/200, Batch 200, Aver_Loss: 227.5141
Epoch 60/200, Batch 300, Aver_Loss: 226.1385
Epoch 60/200, Batch 400, Aver_Loss: 245.8604
Epoch 60/200, Batch 500, Aver_Loss: 231.8690
[early-stopping] Epoch 60: no improvement (1/20)
Epoch 61/200, Batch 100, Aver_Loss: 227.0969
Epoch 61/200, Batch 200, Aver_Loss: 242.9430
Epoch 61/200, Batch 300, Aver_Loss: 248.8595
Epoch 61/200, Batch 400, Aver_Loss: 227.3649
Epoch 61/200, Batch 500, Aver_Loss: 243.3993
[early-stopping] Epoch 61: no improvement (2/20)
Epoch 62/200, Batch 100, Aver_Loss: 249.6553
Epoch 62/200, Batch 200, Aver_Loss: 259.7271
Epoch 62/200, Batch 300, Aver_Loss: 234.2206
Epoch 62/200, Batch 400, Aver_Loss: 240.8501
Epoch 62/200, Batch 500, Aver_Loss: 235.5923
[early-stopping] Epoch 62: no improvement (3/20)
Epoch 63/200, Batch 100, Aver_Loss: 239.4355
Epoch 63/200, Batch 200, Aver_Loss: 236.4669
Epoch 63/200, Batch 300, Aver_Loss: 237.1204
Epoch 63/200, Batch 400, Aver_Loss: 228.4034
Epoch 63/200, Batch 500, Aver_Loss: 234.3973
[early-stopping] Epoch 63: no improvement (4/20)
Epoch 64/200, Batch 100, Aver_Loss: 257.4021
Epoch 64/200, Batch 200, Aver_Loss: 233.8468
Epoch 64/200, Batch 300, Aver_Loss: 241.0028
Epoch 64/200, Batch 400, Aver_Loss: 251.5392
Epoch 64/200, Batch 500, Aver_Loss: 232.3006
[early-stopping] Epoch 64: no improvement (5/20)
Epoch 65/200, Batch 100, Aver_Loss: 243.7113
Epoch 65/200, Batch 200, Aver_Loss: 244.2716
Epoch 65/200, Batch 300, Aver_Loss: 244.1711
Epoch 65/200, Batch 400, Aver_Loss: 250.9756
Epoch 65/200, Batch 500, Aver_Loss: 232.4268
[early-stopping] Epoch 65: no improvement (6/20)
Epoch 66/200, Batch 100, Aver_Loss: 231.8904
Epoch 66/200, Batch 200, Aver_Loss: 250.4696
Epoch 66/200, Batch 300, Aver_Loss: 232.9870
Epoch 66/200, Batch 400, Aver_Loss: 235.0381
Epoch 66/200, Batch 500, Aver_Loss: 245.0590
[early-stopping] Epoch 66: no improvement (7/20)
Epoch 67/200, Batch 100, Aver_Loss: 231.8744
Epoch 67/200, Batch 200, Aver_Loss: 232.0607
Epoch 67/200, Batch 300, Aver_Loss: 239.5915
Epoch 67/200, Batch 400, Aver_Loss: 237.8410
Epoch 67/200, Batch 500, Aver_Loss: 245.7255
[early-stopping] Epoch 67: new best val ELBO = -240.104296
Epoch 68/200, Batch 100, Aver_Loss: 236.3802
Epoch 68/200, Batch 200, Aver_Loss: 243.2612
Epoch 68/200, Batch 300, Aver_Loss: 235.6761
Epoch 68/200, Batch 400, Aver_Loss: 248.1268
Epoch 68/200, Batch 500, Aver_Loss: 246.3930
[early-stopping] Epoch 68: no improvement (1/20)
Epoch 69/200, Batch 100, Aver_Loss: 244.0151
Epoch 69/200, Batch 200, Aver_Loss: 237.4962
Epoch 69/200, Batch 300, Aver_Loss: 232.2273
Epoch 69/200, Batch 400, Aver_Loss: 239.6774
Epoch 69/200, Batch 500, Aver_Loss: 241.9174
[early-stopping] Epoch 69: no improvement (2/20)
Epoch 70/200, Batch 100, Aver_Loss: 239.3579
Epoch 70/200, Batch 200, Aver_Loss: 241.5110
Epoch 70/200, Batch 300, Aver_Loss: 242.0108
Epoch 70/200, Batch 400, Aver_Loss: 243.2494
Epoch 70/200, Batch 500, Aver_Loss: 229.7363
[early-stopping] Epoch 70: no improvement (3/20)
Epoch 71/200, Batch 100, Aver_Loss: 245.0497
Epoch 71/200, Batch 200, Aver_Loss: 235.4263
Epoch 71/200, Batch 300, Aver_Loss: 239.7404
Epoch 71/200, Batch 400, Aver_Loss: 245.2350
Epoch 71/200, Batch 500, Aver_Loss: 251.6242
[early-stopping] Epoch 71: no improvement (4/20)
Epoch 72/200, Batch 100, Aver_Loss: 232.4500
Epoch 72/200, Batch 200, Aver_Loss: 237.6246
Epoch 72/200, Batch 300, Aver_Loss: 238.5502
Epoch 72/200, Batch 400, Aver_Loss: 247.8672
Epoch 72/200, Batch 500, Aver_Loss: 238.0968
[early-stopping] Epoch 72: new best val ELBO = -239.954911
Epoch 73/200, Batch 100, Aver_Loss: 238.8753
Epoch 73/200, Batch 200, Aver_Loss: 232.0059
Epoch 73/200, Batch 300, Aver_Loss: 245.1094
Epoch 73/200, Batch 400, Aver_Loss: 239.9010
Epoch 73/200, Batch 500, Aver_Loss: 235.0914
[early-stopping] Epoch 73: new best val ELBO = -239.768796
Epoch 74/200, Batch 100, Aver_Loss: 227.1753
Epoch 74/200, Batch 200, Aver_Loss: 241.5822
Epoch 74/200, Batch 300, Aver_Loss: 252.7064
Epoch 74/200, Batch 400, Aver_Loss: 241.7317
Epoch 74/200, Batch 500, Aver_Loss: 254.2286
[early-stopping] Epoch 74: no improvement (1/20)
Epoch 75/200, Batch 100, Aver_Loss: 236.1635
Epoch 75/200, Batch 200, Aver_Loss: 243.4174
Epoch 75/200, Batch 300, Aver_Loss: 223.3659
Epoch 75/200, Batch 400, Aver_Loss: 237.9111
Epoch 75/200, Batch 500, Aver_Loss: 244.8334
[early-stopping] Epoch 75: no improvement (2/20)
Epoch 76/200, Batch 100, Aver_Loss: 240.4047
Epoch 76/200, Batch 200, Aver_Loss: 247.2116
Epoch 76/200, Batch 300, Aver_Loss: 251.8914
Epoch 76/200, Batch 400, Aver_Loss: 235.7648
Epoch 76/200, Batch 500, Aver_Loss: 234.6254
[early-stopping] Epoch 76: no improvement (3/20)
Epoch 77/200, Batch 100, Aver_Loss: 245.4226
Epoch 77/200, Batch 200, Aver_Loss: 247.7316
Epoch 77/200, Batch 300, Aver_Loss: 245.8408
Epoch 77/200, Batch 400, Aver_Loss: 257.4414
Epoch 77/200, Batch 500, Aver_Loss: 248.8328
[early-stopping] Epoch 77: no improvement (4/20)
Epoch 78/200, Batch 100, Aver_Loss: 244.8405
Epoch 78/200, Batch 200, Aver_Loss: 245.6166
Epoch 78/200, Batch 300, Aver_Loss: 248.2623
Epoch 78/200, Batch 400, Aver_Loss: 243.9460
Epoch 78/200, Batch 500, Aver_Loss: 241.7269
[early-stopping] Epoch 78: no improvement (5/20)
Epoch 79/200, Batch 100, Aver_Loss: 235.9302
Epoch 79/200, Batch 200, Aver_Loss: 244.4653
Epoch 79/200, Batch 300, Aver_Loss: 237.6452
Epoch 79/200, Batch 400, Aver_Loss: 244.2682
Epoch 79/200, Batch 500, Aver_Loss: 232.9600
[early-stopping] Epoch 79: new best val ELBO = -239.734962
Epoch 80/200, Batch 100, Aver_Loss: 241.4356
Epoch 80/200, Batch 200, Aver_Loss: 236.7209
Epoch 80/200, Batch 300, Aver_Loss: 237.9674
Epoch 80/200, Batch 400, Aver_Loss: 240.6225
Epoch 80/200, Batch 500, Aver_Loss: 246.3100
[early-stopping] Epoch 80: no improvement (1/20)
Epoch 81/200, Batch 100, Aver_Loss: 230.5139
Epoch 81/200, Batch 200, Aver_Loss: 241.0705
Epoch 81/200, Batch 300, Aver_Loss: 247.1738
Epoch 81/200, Batch 400, Aver_Loss: 230.3495
Epoch 81/200, Batch 500, Aver_Loss: 226.4685
[early-stopping] Epoch 81: no improvement (2/20)
Epoch 82/200, Batch 100, Aver_Loss: 225.8996
Epoch 82/200, Batch 200, Aver_Loss: 241.7001
Epoch 82/200, Batch 300, Aver_Loss: 249.5737
Epoch 82/200, Batch 400, Aver_Loss: 240.1436
Epoch 82/200, Batch 500, Aver_Loss: 244.6556
[early-stopping] Epoch 82: no improvement (3/20)
Epoch 83/200, Batch 100, Aver_Loss: 243.9776
Epoch 83/200, Batch 200, Aver_Loss: 236.0878
Epoch 83/200, Batch 300, Aver_Loss: 243.0921
Epoch 83/200, Batch 400, Aver_Loss: 248.2278
Epoch 83/200, Batch 500, Aver_Loss: 238.2142
[early-stopping] Epoch 83: no improvement (4/20)
Epoch 84/200, Batch 100, Aver_Loss: 234.3866
Epoch 84/200, Batch 200, Aver_Loss: 234.6075
Epoch 84/200, Batch 300, Aver_Loss: 253.6650
Epoch 84/200, Batch 400, Aver_Loss: 239.5000
Epoch 84/200, Batch 500, Aver_Loss: 226.4690
[early-stopping] Epoch 84: no improvement (5/20)
Epoch 85/200, Batch 100, Aver_Loss: 243.4491
Epoch 85/200, Batch 200, Aver_Loss: 242.7183
Epoch 85/200, Batch 300, Aver_Loss: 234.6608
Epoch 85/200, Batch 400, Aver_Loss: 241.7660
Epoch 85/200, Batch 500, Aver_Loss: 241.7118
[early-stopping] Epoch 85: no improvement (6/20)
Epoch 86/200, Batch 100, Aver_Loss: 244.3753
Epoch 86/200, Batch 200, Aver_Loss: 237.0666
Epoch 86/200, Batch 300, Aver_Loss: 241.7923
Epoch 86/200, Batch 400, Aver_Loss: 237.5221
Epoch 86/200, Batch 500, Aver_Loss: 243.2155
[early-stopping] Epoch 86: new best val ELBO = -239.724890
Epoch 87/200, Batch 100, Aver_Loss: 246.2263
Epoch 87/200, Batch 200, Aver_Loss: 255.3496
Epoch 87/200, Batch 300, Aver_Loss: 238.3837
Epoch 87/200, Batch 400, Aver_Loss: 246.7017
Epoch 87/200, Batch 500, Aver_Loss: 226.7784
[early-stopping] Epoch 87: no improvement (1/20)
Epoch 88/200, Batch 100, Aver_Loss: 234.0943
Epoch 88/200, Batch 200, Aver_Loss: 241.9419
Epoch 88/200, Batch 300, Aver_Loss: 239.4226
Epoch 88/200, Batch 400, Aver_Loss: 235.5515
Epoch 88/200, Batch 500, Aver_Loss: 227.4273
[early-stopping] Epoch 88: no improvement (2/20)
Epoch 89/200, Batch 100, Aver_Loss: 250.4923
Epoch 89/200, Batch 200, Aver_Loss: 243.8012
Epoch 89/200, Batch 300, Aver_Loss: 247.3120
Epoch 89/200, Batch 400, Aver_Loss: 224.1396
Epoch 89/200, Batch 500, Aver_Loss: 238.3759
[early-stopping] Epoch 89: new best val ELBO = -239.667982
Epoch 90/200, Batch 100, Aver_Loss: 252.2926
Epoch 90/200, Batch 200, Aver_Loss: 246.1184
Epoch 90/200, Batch 300, Aver_Loss: 246.6845
Epoch 90/200, Batch 400, Aver_Loss: 241.9781
Epoch 90/200, Batch 500, Aver_Loss: 242.6990
[early-stopping] Epoch 90: no improvement (1/20)
Epoch 91/200, Batch 100, Aver_Loss: 242.5251
Epoch 91/200, Batch 200, Aver_Loss: 221.1387
Epoch 91/200, Batch 300, Aver_Loss: 234.3605
Epoch 91/200, Batch 400, Aver_Loss: 236.2560
Epoch 91/200, Batch 500, Aver_Loss: 232.4320
[early-stopping] Epoch 91: new best val ELBO = -239.653091
Epoch 92/200, Batch 100, Aver_Loss: 228.7054
Epoch 92/200, Batch 200, Aver_Loss: 227.5056
Epoch 92/200, Batch 300, Aver_Loss: 248.3173
Epoch 92/200, Batch 400, Aver_Loss: 230.3889
Epoch 92/200, Batch 500, Aver_Loss: 231.9113
[early-stopping] Epoch 92: new best val ELBO = -239.610237
Epoch 93/200, Batch 100, Aver_Loss: 240.0763
Epoch 93/200, Batch 200, Aver_Loss: 236.8397
Epoch 93/200, Batch 300, Aver_Loss: 240.9986
Epoch 93/200, Batch 400, Aver_Loss: 237.9233
Epoch 93/200, Batch 500, Aver_Loss: 235.0754
[early-stopping] Epoch 93: no improvement (1/20)
Epoch 94/200, Batch 100, Aver_Loss: 246.5353
Epoch 94/200, Batch 200, Aver_Loss: 244.4436
Epoch 94/200, Batch 300, Aver_Loss: 231.6767
Epoch 94/200, Batch 400, Aver_Loss: 243.9769
Epoch 94/200, Batch 500, Aver_Loss: 246.2576
[early-stopping] Epoch 94: no improvement (2/20)
Epoch 95/200, Batch 100, Aver_Loss: 223.9188
Epoch 95/200, Batch 200, Aver_Loss: 245.0627
Epoch 95/200, Batch 300, Aver_Loss: 244.1593
Epoch 95/200, Batch 400, Aver_Loss: 246.8863
Epoch 95/200, Batch 500, Aver_Loss: 241.1411
[early-stopping] Epoch 95: no improvement (3/20)
Epoch 96/200, Batch 100, Aver_Loss: 241.7370
Epoch 96/200, Batch 200, Aver_Loss: 220.4582
Epoch 96/200, Batch 300, Aver_Loss: 241.8304
Epoch 96/200, Batch 400, Aver_Loss: 237.4820
Epoch 96/200, Batch 500, Aver_Loss: 242.6077
[early-stopping] Epoch 96: no improvement (4/20)
Epoch 97/200, Batch 100, Aver_Loss: 234.3686
Epoch 97/200, Batch 200, Aver_Loss: 244.3584
Epoch 97/200, Batch 300, Aver_Loss: 233.2663
Epoch 97/200, Batch 400, Aver_Loss: 245.6199
Epoch 97/200, Batch 500, Aver_Loss: 255.2679
[early-stopping] Epoch 97: no improvement (5/20)
Epoch 98/200, Batch 100, Aver_Loss: 235.3987
Epoch 98/200, Batch 200, Aver_Loss: 236.4261
Epoch 98/200, Batch 300, Aver_Loss: 242.7369
Epoch 98/200, Batch 400, Aver_Loss: 255.9700
Epoch 98/200, Batch 500, Aver_Loss: 240.1329
[early-stopping] Epoch 98: no improvement (6/20)
Epoch 99/200, Batch 100, Aver_Loss: 237.6145
Epoch 99/200, Batch 200, Aver_Loss: 229.0033
Epoch 99/200, Batch 300, Aver_Loss: 250.7617
Epoch 99/200, Batch 400, Aver_Loss: 247.0697
Epoch 99/200, Batch 500, Aver_Loss: 233.0075
[early-stopping] Epoch 99: no improvement (7/20)
Epoch 100/200, Batch 100, Aver_Loss: 241.1535
Epoch 100/200, Batch 200, Aver_Loss: 244.9383
Epoch 100/200, Batch 300, Aver_Loss: 233.8336
Epoch 100/200, Batch 400, Aver_Loss: 231.4103
Epoch 100/200, Batch 500, Aver_Loss: 234.7453
[early-stopping] Epoch 100: no improvement (8/20)
Epoch 101/200, Batch 100, Aver_Loss: 242.4586
Epoch 101/200, Batch 200, Aver_Loss: 240.0351
Epoch 101/200, Batch 300, Aver_Loss: 236.8624
Epoch 101/200, Batch 400, Aver_Loss: 251.2489
Epoch 101/200, Batch 500, Aver_Loss: 247.5521
[early-stopping] Epoch 101: no improvement (9/20)
Epoch 102/200, Batch 100, Aver_Loss: 243.0252
Epoch 102/200, Batch 200, Aver_Loss: 230.2671
Epoch 102/200, Batch 300, Aver_Loss: 239.8999
Epoch 102/200, Batch 400, Aver_Loss: 234.2863
Epoch 102/200, Batch 500, Aver_Loss: 244.9277
[early-stopping] Epoch 102: no improvement (10/20)
Epoch 103/200, Batch 100, Aver_Loss: 236.2141
Epoch 103/200, Batch 200, Aver_Loss: 238.7376
Epoch 103/200, Batch 300, Aver_Loss: 251.0191
Epoch 103/200, Batch 400, Aver_Loss: 251.0928
Epoch 103/200, Batch 500, Aver_Loss: 224.2057
[early-stopping] Epoch 103: new best val ELBO = -239.483381
Epoch 104/200, Batch 100, Aver_Loss: 252.2472
Epoch 104/200, Batch 200, Aver_Loss: 228.0894
Epoch 104/200, Batch 300, Aver_Loss: 244.1167
Epoch 104/200, Batch 400, Aver_Loss: 234.5534
Epoch 104/200, Batch 500, Aver_Loss: 242.1951
[early-stopping] Epoch 104: no improvement (1/20)
Epoch 105/200, Batch 100, Aver_Loss: 231.5117
Epoch 105/200, Batch 200, Aver_Loss: 240.0066
Epoch 105/200, Batch 300, Aver_Loss: 246.8973
Epoch 105/200, Batch 400, Aver_Loss: 230.4384
Epoch 105/200, Batch 500, Aver_Loss: 235.9301
[early-stopping] Epoch 105: no improvement (2/20)
Epoch 106/200, Batch 100, Aver_Loss: 223.8873
Epoch 106/200, Batch 200, Aver_Loss: 233.8739
Epoch 106/200, Batch 300, Aver_Loss: 237.6180
Epoch 106/200, Batch 400, Aver_Loss: 232.6241
Epoch 106/200, Batch 500, Aver_Loss: 237.1231
[early-stopping] Epoch 106: no improvement (3/20)
Epoch 107/200, Batch 100, Aver_Loss: 257.6416
Epoch 107/200, Batch 200, Aver_Loss: 244.7157
Epoch 107/200, Batch 300, Aver_Loss: 232.3532
Epoch 107/200, Batch 400, Aver_Loss: 227.3074
Epoch 107/200, Batch 500, Aver_Loss: 235.6267
[early-stopping] Epoch 107: new best val ELBO = -239.428349
Epoch 108/200, Batch 100, Aver_Loss: 232.2708
Epoch 108/200, Batch 200, Aver_Loss: 247.8680
Epoch 108/200, Batch 300, Aver_Loss: 247.9312
Epoch 108/200, Batch 400, Aver_Loss: 247.1143
Epoch 108/200, Batch 500, Aver_Loss: 237.9631
[early-stopping] Epoch 108: new best val ELBO = -239.274936
Epoch 109/200, Batch 100, Aver_Loss: 252.3362
Epoch 109/200, Batch 200, Aver_Loss: 237.0341
Epoch 109/200, Batch 300, Aver_Loss: 235.1878
Epoch 109/200, Batch 400, Aver_Loss: 232.0399
Epoch 109/200, Batch 500, Aver_Loss: 253.4214
[early-stopping] Epoch 109: no improvement (1/20)
Epoch 110/200, Batch 100, Aver_Loss: 237.2536
Epoch 110/200, Batch 200, Aver_Loss: 222.7132
Epoch 110/200, Batch 300, Aver_Loss: 250.3284
Epoch 110/200, Batch 400, Aver_Loss: 251.5184
Epoch 110/200, Batch 500, Aver_Loss: 242.9928
[early-stopping] Epoch 110: no improvement (2/20)
Epoch 111/200, Batch 100, Aver_Loss: 228.4143
Epoch 111/200, Batch 200, Aver_Loss: 244.7453
Epoch 111/200, Batch 300, Aver_Loss: 232.5219
Epoch 111/200, Batch 400, Aver_Loss: 244.3489
Epoch 111/200, Batch 500, Aver_Loss: 234.0853
[early-stopping] Epoch 111: no improvement (3/20)
Epoch 112/200, Batch 100, Aver_Loss: 241.1349
Epoch 112/200, Batch 200, Aver_Loss: 227.8777
Epoch 112/200, Batch 300, Aver_Loss: 239.6033
Epoch 112/200, Batch 400, Aver_Loss: 233.7952
Epoch 112/200, Batch 500, Aver_Loss: 240.0586
[early-stopping] Epoch 112: no improvement (4/20)
Epoch 113/200, Batch 100, Aver_Loss: 222.6757
Epoch 113/200, Batch 200, Aver_Loss: 246.2088
Epoch 113/200, Batch 300, Aver_Loss: 232.1573
Epoch 113/200, Batch 400, Aver_Loss: 232.0624
Epoch 113/200, Batch 500, Aver_Loss: 229.8108
[early-stopping] Epoch 113: no improvement (5/20)
Epoch 114/200, Batch 100, Aver_Loss: 242.5471
Epoch 114/200, Batch 200, Aver_Loss: 238.8853
Epoch 114/200, Batch 300, Aver_Loss: 238.2103
Epoch 114/200, Batch 400, Aver_Loss: 234.8842
Epoch 114/200, Batch 500, Aver_Loss: 244.1996
[early-stopping] Epoch 114: no improvement (6/20)
Epoch 115/200, Batch 100, Aver_Loss: 244.7396
Epoch 115/200, Batch 200, Aver_Loss: 249.0082
Epoch 115/200, Batch 300, Aver_Loss: 241.1523
Epoch 115/200, Batch 400, Aver_Loss: 236.3799
Epoch 115/200, Batch 500, Aver_Loss: 228.2049
[early-stopping] Epoch 115: no improvement (7/20)
Epoch 116/200, Batch 100, Aver_Loss: 248.5299
Epoch 116/200, Batch 200, Aver_Loss: 247.3354
Epoch 116/200, Batch 300, Aver_Loss: 233.8640
Epoch 116/200, Batch 400, Aver_Loss: 237.5750
Epoch 116/200, Batch 500, Aver_Loss: 235.6192
[early-stopping] Epoch 116: no improvement (8/20)
Epoch 117/200, Batch 100, Aver_Loss: 253.6866
Epoch 117/200, Batch 200, Aver_Loss: 239.7118
Epoch 117/200, Batch 300, Aver_Loss: 241.9103
Epoch 117/200, Batch 400, Aver_Loss: 223.3421
Epoch 117/200, Batch 500, Aver_Loss: 235.4645
[early-stopping] Epoch 117: no improvement (9/20)
Epoch 118/200, Batch 100, Aver_Loss: 226.1395
Epoch 118/200, Batch 200, Aver_Loss: 248.3243
Epoch 118/200, Batch 300, Aver_Loss: 242.1646
Epoch 118/200, Batch 400, Aver_Loss: 245.8196
Epoch 118/200, Batch 500, Aver_Loss: 242.9576
[early-stopping] Epoch 118: new best val ELBO = -239.203030
Epoch 119/200, Batch 100, Aver_Loss: 245.0760
Epoch 119/200, Batch 200, Aver_Loss: 237.3779
Epoch 119/200, Batch 300, Aver_Loss: 237.5369
Epoch 119/200, Batch 400, Aver_Loss: 237.6578
Epoch 119/200, Batch 500, Aver_Loss: 241.9399
[early-stopping] Epoch 119: no improvement (1/20)
Epoch 120/200, Batch 100, Aver_Loss: 242.6831
Epoch 120/200, Batch 200, Aver_Loss: 241.5045
Epoch 120/200, Batch 300, Aver_Loss: 240.7926
Epoch 120/200, Batch 400, Aver_Loss: 227.9407
Epoch 120/200, Batch 500, Aver_Loss: 237.4749
[early-stopping] Epoch 120: no improvement (2/20)
Epoch 121/200, Batch 100, Aver_Loss: 227.9783
Epoch 121/200, Batch 200, Aver_Loss: 236.4013
Epoch 121/200, Batch 300, Aver_Loss: 239.3891
Epoch 121/200, Batch 400, Aver_Loss: 236.1297
Epoch 121/200, Batch 500, Aver_Loss: 238.5566
[early-stopping] Epoch 121: no improvement (3/20)
Epoch 122/200, Batch 100, Aver_Loss: 241.3828
Epoch 122/200, Batch 200, Aver_Loss: 238.7338
Epoch 122/200, Batch 300, Aver_Loss: 242.7197
Epoch 122/200, Batch 400, Aver_Loss: 246.4399
Epoch 122/200, Batch 500, Aver_Loss: 241.2843
[early-stopping] Epoch 122: no improvement (4/20)
Epoch 123/200, Batch 100, Aver_Loss: 232.8979
Epoch 123/200, Batch 200, Aver_Loss: 243.9718
Epoch 123/200, Batch 300, Aver_Loss: 241.3303
Epoch 123/200, Batch 400, Aver_Loss: 239.1537
Epoch 123/200, Batch 500, Aver_Loss: 231.3509
[early-stopping] Epoch 123: no improvement (5/20)
Epoch 124/200, Batch 100, Aver_Loss: 229.2563
Epoch 124/200, Batch 200, Aver_Loss: 234.7669
Epoch 124/200, Batch 300, Aver_Loss: 239.9058
Epoch 124/200, Batch 400, Aver_Loss: 240.8284
Epoch 124/200, Batch 500, Aver_Loss: 242.2636
[early-stopping] Epoch 124: no improvement (6/20)
Epoch 125/200, Batch 100, Aver_Loss: 237.9827
Epoch 125/200, Batch 200, Aver_Loss: 240.7451
Epoch 125/200, Batch 300, Aver_Loss: 249.2319
Epoch 125/200, Batch 400, Aver_Loss: 248.5012
Epoch 125/200, Batch 500, Aver_Loss: 230.4586
[early-stopping] Epoch 125: no improvement (7/20)
Epoch 126/200, Batch 100, Aver_Loss: 243.2179
Epoch 126/200, Batch 200, Aver_Loss: 236.3217
Epoch 126/200, Batch 300, Aver_Loss: 228.2383
Epoch 126/200, Batch 400, Aver_Loss: 244.4657
Epoch 126/200, Batch 500, Aver_Loss: 247.9767
[early-stopping] Epoch 126: new best val ELBO = -239.162558
Epoch 127/200, Batch 100, Aver_Loss: 240.6777
Epoch 127/200, Batch 200, Aver_Loss: 248.1808
Epoch 127/200, Batch 300, Aver_Loss: 253.2825
Epoch 127/200, Batch 400, Aver_Loss: 236.6960
Epoch 127/200, Batch 500, Aver_Loss: 226.9038
[early-stopping] Epoch 127: no improvement (1/20)
Epoch 128/200, Batch 100, Aver_Loss: 239.5157
Epoch 128/200, Batch 200, Aver_Loss: 246.4388
Epoch 128/200, Batch 300, Aver_Loss: 252.7025
Epoch 128/200, Batch 400, Aver_Loss: 251.0025
Epoch 128/200, Batch 500, Aver_Loss: 249.5837
[early-stopping] Epoch 128: no improvement (2/20)
Epoch 129/200, Batch 100, Aver_Loss: 242.4536
Epoch 129/200, Batch 200, Aver_Loss: 240.5633
Epoch 129/200, Batch 300, Aver_Loss: 238.9820
Epoch 129/200, Batch 400, Aver_Loss: 244.7460
Epoch 129/200, Batch 500, Aver_Loss: 241.2128
[early-stopping] Epoch 129: no improvement (3/20)
Epoch 130/200, Batch 100, Aver_Loss: 233.1206
Epoch 130/200, Batch 200, Aver_Loss: 241.1596
Epoch 130/200, Batch 300, Aver_Loss: 243.3735
Epoch 130/200, Batch 400, Aver_Loss: 229.9941
Epoch 130/200, Batch 500, Aver_Loss: 232.7397
[early-stopping] Epoch 130: no improvement (4/20)
Epoch 131/200, Batch 100, Aver_Loss: 223.6516
Epoch 131/200, Batch 200, Aver_Loss: 244.6271
Epoch 131/200, Batch 300, Aver_Loss: 236.9623
Epoch 131/200, Batch 400, Aver_Loss: 244.8932
Epoch 131/200, Batch 500, Aver_Loss: 240.3560
[early-stopping] Epoch 131: no improvement (5/20)
Epoch 132/200, Batch 100, Aver_Loss: 239.9931
Epoch 132/200, Batch 200, Aver_Loss: 243.2430
Epoch 132/200, Batch 300, Aver_Loss: 237.4020
Epoch 132/200, Batch 400, Aver_Loss: 244.2271
Epoch 132/200, Batch 500, Aver_Loss: 243.0121
[early-stopping] Epoch 132: no improvement (6/20)
Epoch 133/200, Batch 100, Aver_Loss: 255.5027
Epoch 133/200, Batch 200, Aver_Loss: 243.2259
Epoch 133/200, Batch 300, Aver_Loss: 244.6402
Epoch 133/200, Batch 400, Aver_Loss: 230.9915
Epoch 133/200, Batch 500, Aver_Loss: 236.4055
[early-stopping] Epoch 133: no improvement (7/20)
Epoch 134/200, Batch 100, Aver_Loss: 230.4428
Epoch 134/200, Batch 200, Aver_Loss: 251.3597
Epoch 134/200, Batch 300, Aver_Loss: 246.0177
Epoch 134/200, Batch 400, Aver_Loss: 228.2354
Epoch 134/200, Batch 500, Aver_Loss: 237.7899
[early-stopping] Epoch 134: no improvement (8/20)
Epoch 135/200, Batch 100, Aver_Loss: 242.1195
Epoch 135/200, Batch 200, Aver_Loss: 239.1416
Epoch 135/200, Batch 300, Aver_Loss: 245.9149
Epoch 135/200, Batch 400, Aver_Loss: 250.9681
Epoch 135/200, Batch 500, Aver_Loss: 249.9168
[early-stopping] Epoch 135: no improvement (9/20)
Epoch 136/200, Batch 100, Aver_Loss: 244.3595
Epoch 136/200, Batch 200, Aver_Loss: 230.8848
Epoch 136/200, Batch 300, Aver_Loss: 244.4326
Epoch 136/200, Batch 400, Aver_Loss: 233.9561
Epoch 136/200, Batch 500, Aver_Loss: 243.3327
[early-stopping] Epoch 136: no improvement (10/20)
Epoch 137/200, Batch 100, Aver_Loss: 242.4503
Epoch 137/200, Batch 200, Aver_Loss: 251.1859
Epoch 137/200, Batch 300, Aver_Loss: 233.0416
Epoch 137/200, Batch 400, Aver_Loss: 231.8467
Epoch 137/200, Batch 500, Aver_Loss: 243.6444
[early-stopping] Epoch 137: no improvement (11/20)
Epoch 138/200, Batch 100, Aver_Loss: 227.3138
Epoch 138/200, Batch 200, Aver_Loss: 230.0612
Epoch 138/200, Batch 300, Aver_Loss: 243.0671
Epoch 138/200, Batch 400, Aver_Loss: 243.4491
Epoch 138/200, Batch 500, Aver_Loss: 243.9429
[early-stopping] Epoch 138: no improvement (12/20)
Epoch 139/200, Batch 100, Aver_Loss: 229.1699
Epoch 139/200, Batch 200, Aver_Loss: 244.0532
Epoch 139/200, Batch 300, Aver_Loss: 233.7814
Epoch 139/200, Batch 400, Aver_Loss: 240.0707
Epoch 139/200, Batch 500, Aver_Loss: 237.8889
[early-stopping] Epoch 139: no improvement (13/20)
Epoch 140/200, Batch 100, Aver_Loss: 251.7948
Epoch 140/200, Batch 200, Aver_Loss: 241.1320
Epoch 140/200, Batch 300, Aver_Loss: 244.6868
Epoch 140/200, Batch 400, Aver_Loss: 233.5437
Epoch 140/200, Batch 500, Aver_Loss: 245.6319
[early-stopping] Epoch 140: no improvement (14/20)
Epoch 141/200, Batch 100, Aver_Loss: 226.4904
Epoch 141/200, Batch 200, Aver_Loss: 243.7290
Epoch 141/200, Batch 300, Aver_Loss: 225.9926
Epoch 141/200, Batch 400, Aver_Loss: 244.0808
Epoch 141/200, Batch 500, Aver_Loss: 236.2520
[early-stopping] Epoch 141: no improvement (15/20)
Epoch 142/200, Batch 100, Aver_Loss: 248.7933
Epoch 142/200, Batch 200, Aver_Loss: 243.2046
Epoch 142/200, Batch 300, Aver_Loss: 245.7603
Epoch 142/200, Batch 400, Aver_Loss: 246.6305
Epoch 142/200, Batch 500, Aver_Loss: 235.3161
[early-stopping] Epoch 142: no improvement (16/20)
Epoch 143/200, Batch 100, Aver_Loss: 240.3391
Epoch 143/200, Batch 200, Aver_Loss: 237.9128
Epoch 143/200, Batch 300, Aver_Loss: 239.5662
Epoch 143/200, Batch 400, Aver_Loss: 244.2146
Epoch 143/200, Batch 500, Aver_Loss: 247.0082
[early-stopping] Epoch 143: no improvement (17/20)
Epoch 144/200, Batch 100, Aver_Loss: 234.5789
Epoch 144/200, Batch 200, Aver_Loss: 226.8194
Epoch 144/200, Batch 300, Aver_Loss: 237.4855
Epoch 144/200, Batch 400, Aver_Loss: 240.4265
Epoch 144/200, Batch 500, Aver_Loss: 238.3122
[early-stopping] Epoch 144: new best val ELBO = -239.098461
Epoch 145/200, Batch 100, Aver_Loss: 214.7197
Epoch 145/200, Batch 200, Aver_Loss: 226.1030
Epoch 145/200, Batch 300, Aver_Loss: 235.8405
Epoch 145/200, Batch 400, Aver_Loss: 235.8870
Epoch 145/200, Batch 500, Aver_Loss: 236.1222
[early-stopping] Epoch 145: no improvement (1/20)
Epoch 146/200, Batch 100, Aver_Loss: 229.8831
Epoch 146/200, Batch 200, Aver_Loss: 241.5877
Epoch 146/200, Batch 300, Aver_Loss: 233.6329
Epoch 146/200, Batch 400, Aver_Loss: 241.5205
Epoch 146/200, Batch 500, Aver_Loss: 241.9776
[early-stopping] Epoch 146: no improvement (2/20)
Epoch 147/200, Batch 100, Aver_Loss: 239.8166
Epoch 147/200, Batch 200, Aver_Loss: 242.0068
Epoch 147/200, Batch 300, Aver_Loss: 225.6929
Epoch 147/200, Batch 400, Aver_Loss: 235.5169
Epoch 147/200, Batch 500, Aver_Loss: 232.2558
[early-stopping] Epoch 147: no improvement (3/20)
Epoch 148/200, Batch 100, Aver_Loss: 224.8069
Epoch 148/200, Batch 200, Aver_Loss: 239.6213
Epoch 148/200, Batch 300, Aver_Loss: 247.8870
Epoch 148/200, Batch 400, Aver_Loss: 231.1045
Epoch 148/200, Batch 500, Aver_Loss: 217.3344
[early-stopping] Epoch 148: no improvement (4/20)
Epoch 149/200, Batch 100, Aver_Loss: 253.8751
Epoch 149/200, Batch 200, Aver_Loss: 236.9143
Epoch 149/200, Batch 300, Aver_Loss: 234.2027
Epoch 149/200, Batch 400, Aver_Loss: 254.5175
Epoch 149/200, Batch 500, Aver_Loss: 234.7710
[early-stopping] Epoch 149: no improvement (5/20)
Epoch 150/200, Batch 100, Aver_Loss: 242.5183
Epoch 150/200, Batch 200, Aver_Loss: 223.9896
Epoch 150/200, Batch 300, Aver_Loss: 237.9832
Epoch 150/200, Batch 400, Aver_Loss: 221.8120
Epoch 150/200, Batch 500, Aver_Loss: 243.6249
[early-stopping] Epoch 150: no improvement (6/20)
Epoch 151/200, Batch 100, Aver_Loss: 230.2260
Epoch 151/200, Batch 200, Aver_Loss: 241.0865
Epoch 151/200, Batch 300, Aver_Loss: 241.1802
Epoch 151/200, Batch 400, Aver_Loss: 243.1792
Epoch 151/200, Batch 500, Aver_Loss: 233.0332
[early-stopping] Epoch 151: no improvement (7/20)
Epoch 152/200, Batch 100, Aver_Loss: 239.3815
Epoch 152/200, Batch 200, Aver_Loss: 228.4420
Epoch 152/200, Batch 300, Aver_Loss: 234.8710
Epoch 152/200, Batch 400, Aver_Loss: 256.4518
Epoch 152/200, Batch 500, Aver_Loss: 238.4070
[early-stopping] Epoch 152: no improvement (8/20)
Epoch 153/200, Batch 100, Aver_Loss: 246.5693
Epoch 153/200, Batch 200, Aver_Loss: 239.7766
Epoch 153/200, Batch 300, Aver_Loss: 226.9564
Epoch 153/200, Batch 400, Aver_Loss: 257.8351
Epoch 153/200, Batch 500, Aver_Loss: 232.0279
[early-stopping] Epoch 153: no improvement (9/20)
Epoch 154/200, Batch 100, Aver_Loss: 244.7098
Epoch 154/200, Batch 200, Aver_Loss: 241.6194
Epoch 154/200, Batch 300, Aver_Loss: 243.6478
Epoch 154/200, Batch 400, Aver_Loss: 243.7932
Epoch 154/200, Batch 500, Aver_Loss: 240.0350
[early-stopping] Epoch 154: no improvement (10/20)
Epoch 155/200, Batch 100, Aver_Loss: 252.1472
Epoch 155/200, Batch 200, Aver_Loss: 237.1465
Epoch 155/200, Batch 300, Aver_Loss: 242.6363
Epoch 155/200, Batch 400, Aver_Loss: 251.6555
Epoch 155/200, Batch 500, Aver_Loss: 239.9525
[early-stopping] Epoch 155: no improvement (11/20)
Epoch 156/200, Batch 100, Aver_Loss: 243.0191
Epoch 156/200, Batch 200, Aver_Loss: 221.9499
Epoch 156/200, Batch 300, Aver_Loss: 245.5575
Epoch 156/200, Batch 400, Aver_Loss: 242.8093
Epoch 156/200, Batch 500, Aver_Loss: 245.7033
[early-stopping] Epoch 156: new best val ELBO = -239.048878
Epoch 157/200, Batch 100, Aver_Loss: 241.2415
Epoch 157/200, Batch 200, Aver_Loss: 240.6924
Epoch 157/200, Batch 300, Aver_Loss: 241.0004
Epoch 157/200, Batch 400, Aver_Loss: 232.7958
Epoch 157/200, Batch 500, Aver_Loss: 246.3720
[early-stopping] Epoch 157: no improvement (1/20)
Epoch 158/200, Batch 100, Aver_Loss: 232.6631
Epoch 158/200, Batch 200, Aver_Loss: 226.4813
Epoch 158/200, Batch 300, Aver_Loss: 249.9524
Epoch 158/200, Batch 400, Aver_Loss: 238.7312
Epoch 158/200, Batch 500, Aver_Loss: 230.9105
[early-stopping] Epoch 158: no improvement (2/20)
Epoch 159/200, Batch 100, Aver_Loss: 238.0768
Epoch 159/200, Batch 200, Aver_Loss: 240.4251
Epoch 159/200, Batch 300, Aver_Loss: 251.3504
Epoch 159/200, Batch 400, Aver_Loss: 228.9553
Epoch 159/200, Batch 500, Aver_Loss: 242.9783
[early-stopping] Epoch 159: new best val ELBO = -239.009773
Epoch 160/200, Batch 100, Aver_Loss: 238.2245
Epoch 160/200, Batch 200, Aver_Loss: 245.5911
Epoch 160/200, Batch 300, Aver_Loss: 235.5833
Epoch 160/200, Batch 400, Aver_Loss: 244.3278
Epoch 160/200, Batch 500, Aver_Loss: 245.4469
[early-stopping] Epoch 160: new best val ELBO = -239.001835
Epoch 161/200, Batch 100, Aver_Loss: 238.7181
Epoch 161/200, Batch 200, Aver_Loss: 242.5307
Epoch 161/200, Batch 300, Aver_Loss: 241.4562
Epoch 161/200, Batch 400, Aver_Loss: 244.5627
Epoch 161/200, Batch 500, Aver_Loss: 220.2141
[early-stopping] Epoch 161: no improvement (1/20)
Epoch 162/200, Batch 100, Aver_Loss: 259.3539
Epoch 162/200, Batch 200, Aver_Loss: 229.1119
Epoch 162/200, Batch 300, Aver_Loss: 240.3574
Epoch 162/200, Batch 400, Aver_Loss: 224.7881
Epoch 162/200, Batch 500, Aver_Loss: 246.0709
[early-stopping] Epoch 162: new best val ELBO = -238.973356
Epoch 163/200, Batch 100, Aver_Loss: 245.0423
Epoch 163/200, Batch 200, Aver_Loss: 239.3207
Epoch 163/200, Batch 300, Aver_Loss: 230.8839
Epoch 163/200, Batch 400, Aver_Loss: 251.8372
Epoch 163/200, Batch 500, Aver_Loss: 242.4896
[early-stopping] Epoch 163: no improvement (1/20)
Epoch 164/200, Batch 100, Aver_Loss: 248.4870
Epoch 164/200, Batch 200, Aver_Loss: 238.2421
Epoch 164/200, Batch 300, Aver_Loss: 235.5259
Epoch 164/200, Batch 400, Aver_Loss: 234.2034
Epoch 164/200, Batch 500, Aver_Loss: 237.8205
[early-stopping] Epoch 164: no improvement (2/20)
Epoch 165/200, Batch 100, Aver_Loss: 245.6605
Epoch 165/200, Batch 200, Aver_Loss: 240.6652
Epoch 165/200, Batch 300, Aver_Loss: 221.9001
Epoch 165/200, Batch 400, Aver_Loss: 235.6315
Epoch 165/200, Batch 500, Aver_Loss: 234.2961
[early-stopping] Epoch 165: no improvement (3/20)
Epoch 166/200, Batch 100, Aver_Loss: 241.3618
Epoch 166/200, Batch 200, Aver_Loss: 235.5305
Epoch 166/200, Batch 300, Aver_Loss: 242.0454
Epoch 166/200, Batch 400, Aver_Loss: 241.8477
Epoch 166/200, Batch 500, Aver_Loss: 242.5792
[early-stopping] Epoch 166: no improvement (4/20)
Epoch 167/200, Batch 100, Aver_Loss: 235.4210
Epoch 167/200, Batch 200, Aver_Loss: 235.4660
Epoch 167/200, Batch 300, Aver_Loss: 229.6932
Epoch 167/200, Batch 400, Aver_Loss: 224.5850
Epoch 167/200, Batch 500, Aver_Loss: 227.0593
[early-stopping] Epoch 167: no improvement (5/20)
Epoch 168/200, Batch 100, Aver_Loss: 243.1075
Epoch 168/200, Batch 200, Aver_Loss: 234.1654
Epoch 168/200, Batch 300, Aver_Loss: 237.3962
Epoch 168/200, Batch 400, Aver_Loss: 221.8372
Epoch 168/200, Batch 500, Aver_Loss: 245.0042
[early-stopping] Epoch 168: no improvement (6/20)
Epoch 169/200, Batch 100, Aver_Loss: 239.9936
Epoch 169/200, Batch 200, Aver_Loss: 224.4833
Epoch 169/200, Batch 300, Aver_Loss: 232.9216
Epoch 169/200, Batch 400, Aver_Loss: 237.0552
Epoch 169/200, Batch 500, Aver_Loss: 237.1212
[early-stopping] Epoch 169: no improvement (7/20)
Epoch 170/200, Batch 100, Aver_Loss: 235.5814
Epoch 170/200, Batch 200, Aver_Loss: 242.6819
Epoch 170/200, Batch 300, Aver_Loss: 249.8424
Epoch 170/200, Batch 400, Aver_Loss: 250.7504
Epoch 170/200, Batch 500, Aver_Loss: 238.8846
[early-stopping] Epoch 170: no improvement (8/20)
Epoch 171/200, Batch 100, Aver_Loss: 233.8764
Epoch 171/200, Batch 200, Aver_Loss: 252.8680
Epoch 171/200, Batch 300, Aver_Loss: 241.1670
Epoch 171/200, Batch 400, Aver_Loss: 241.2679
Epoch 171/200, Batch 500, Aver_Loss: 238.8042
[early-stopping] Epoch 171: new best val ELBO = -238.916480
Epoch 172/200, Batch 100, Aver_Loss: 236.9593
Epoch 172/200, Batch 200, Aver_Loss: 248.8099
Epoch 172/200, Batch 300, Aver_Loss: 246.7024
Epoch 172/200, Batch 400, Aver_Loss: 232.5428
Epoch 172/200, Batch 500, Aver_Loss: 238.6353
[early-stopping] Epoch 172: no improvement (1/20)
Epoch 173/200, Batch 100, Aver_Loss: 231.1495
Epoch 173/200, Batch 200, Aver_Loss: 246.1007
Epoch 173/200, Batch 300, Aver_Loss: 231.5021
Epoch 173/200, Batch 400, Aver_Loss: 226.5938
Epoch 173/200, Batch 500, Aver_Loss: 245.3616
[early-stopping] Epoch 173: no improvement (2/20)
Epoch 174/200, Batch 100, Aver_Loss: 232.8662
Epoch 174/200, Batch 200, Aver_Loss: 234.0800
Epoch 174/200, Batch 300, Aver_Loss: 237.9493
Epoch 174/200, Batch 400, Aver_Loss: 253.8701
Epoch 174/200, Batch 500, Aver_Loss: 240.0772
[early-stopping] Epoch 174: no improvement (3/20)
Epoch 175/200, Batch 100, Aver_Loss: 228.8683
Epoch 175/200, Batch 200, Aver_Loss: 247.8511
Epoch 175/200, Batch 300, Aver_Loss: 239.3967
Epoch 175/200, Batch 400, Aver_Loss: 239.9244
Epoch 175/200, Batch 500, Aver_Loss: 243.5539
[early-stopping] Epoch 175: no improvement (4/20)
Epoch 176/200, Batch 100, Aver_Loss: 234.8200
Epoch 176/200, Batch 200, Aver_Loss: 241.5682
Epoch 176/200, Batch 300, Aver_Loss: 243.0002
Epoch 176/200, Batch 400, Aver_Loss: 234.8046
Epoch 176/200, Batch 500, Aver_Loss: 226.2840
[early-stopping] Epoch 176: no improvement (5/20)
Epoch 177/200, Batch 100, Aver_Loss: 227.7176
Epoch 177/200, Batch 200, Aver_Loss: 242.1164
Epoch 177/200, Batch 300, Aver_Loss: 242.3946
Epoch 177/200, Batch 400, Aver_Loss: 246.7182
Epoch 177/200, Batch 500, Aver_Loss: 248.6227
[early-stopping] Epoch 177: no improvement (6/20)
Epoch 178/200, Batch 100, Aver_Loss: 238.8134
Epoch 178/200, Batch 200, Aver_Loss: 242.5157
Epoch 178/200, Batch 300, Aver_Loss: 253.4535
Epoch 178/200, Batch 400, Aver_Loss: 232.4198
Epoch 178/200, Batch 500, Aver_Loss: 241.8805
[early-stopping] Epoch 178: no improvement (7/20)
Epoch 179/200, Batch 100, Aver_Loss: 232.3895
Epoch 179/200, Batch 200, Aver_Loss: 245.8250
Epoch 179/200, Batch 300, Aver_Loss: 247.1624
Epoch 179/200, Batch 400, Aver_Loss: 237.1528
Epoch 179/200, Batch 500, Aver_Loss: 240.7704
[early-stopping] Epoch 179: no improvement (8/20)
Epoch 180/200, Batch 100, Aver_Loss: 239.8839
Epoch 180/200, Batch 200, Aver_Loss: 249.5029
Epoch 180/200, Batch 300, Aver_Loss: 240.6120
Epoch 180/200, Batch 400, Aver_Loss: 241.6608
Epoch 180/200, Batch 500, Aver_Loss: 228.7340
[early-stopping] Epoch 180: no improvement (9/20)
Epoch 181/200, Batch 100, Aver_Loss: 245.2940
Epoch 181/200, Batch 200, Aver_Loss: 236.8246
Epoch 181/200, Batch 300, Aver_Loss: 243.9299
Epoch 181/200, Batch 400, Aver_Loss: 240.1203
Epoch 181/200, Batch 500, Aver_Loss: 233.7552
[early-stopping] Epoch 181: no improvement (10/20)
Epoch 182/200, Batch 100, Aver_Loss: 253.5361
Epoch 182/200, Batch 200, Aver_Loss: 240.4437
Epoch 182/200, Batch 300, Aver_Loss: 240.2267
Epoch 182/200, Batch 400, Aver_Loss: 241.9679
Epoch 182/200, Batch 500, Aver_Loss: 242.4723
[early-stopping] Epoch 182: no improvement (11/20)
Epoch 183/200, Batch 100, Aver_Loss: 239.3750
Epoch 183/200, Batch 200, Aver_Loss: 241.8691
Epoch 183/200, Batch 300, Aver_Loss: 242.7752
Epoch 183/200, Batch 400, Aver_Loss: 237.2656
Epoch 183/200, Batch 500, Aver_Loss: 241.6511
[early-stopping] Epoch 183: no improvement (12/20)
Epoch 184/200, Batch 100, Aver_Loss: 216.7855
Epoch 184/200, Batch 200, Aver_Loss: 250.5671
Epoch 184/200, Batch 300, Aver_Loss: 243.3770
Epoch 184/200, Batch 400, Aver_Loss: 232.3721
Epoch 184/200, Batch 500, Aver_Loss: 228.6270
[early-stopping] Epoch 184: no improvement (13/20)
Epoch 185/200, Batch 100, Aver_Loss: 234.7611
Epoch 185/200, Batch 200, Aver_Loss: 234.5228
Epoch 185/200, Batch 300, Aver_Loss: 255.8704
Epoch 185/200, Batch 400, Aver_Loss: 230.6027
Epoch 185/200, Batch 500, Aver_Loss: 224.3029
[early-stopping] Epoch 185: no improvement (14/20)
Epoch 186/200, Batch 100, Aver_Loss: 230.2408
Epoch 186/200, Batch 200, Aver_Loss: 230.6398
Epoch 186/200, Batch 300, Aver_Loss: 246.0472
Epoch 186/200, Batch 400, Aver_Loss: 248.8974
Epoch 186/200, Batch 500, Aver_Loss: 230.5657
[early-stopping] Epoch 186: no improvement (15/20)
Epoch 187/200, Batch 100, Aver_Loss: 241.1643
Epoch 187/200, Batch 200, Aver_Loss: 249.1105
Epoch 187/200, Batch 300, Aver_Loss: 234.7845
Epoch 187/200, Batch 400, Aver_Loss: 246.1195
Epoch 187/200, Batch 500, Aver_Loss: 243.5750
[early-stopping] Epoch 187: new best val ELBO = -238.873979
Epoch 188/200, Batch 100, Aver_Loss: 238.2527
Epoch 188/200, Batch 200, Aver_Loss: 240.9239
Epoch 188/200, Batch 300, Aver_Loss: 240.2688
Epoch 188/200, Batch 400, Aver_Loss: 240.1885
Epoch 188/200, Batch 500, Aver_Loss: 229.3081
[early-stopping] Epoch 188: no improvement (1/20)
Epoch 189/200, Batch 100, Aver_Loss: 234.1600
Epoch 189/200, Batch 200, Aver_Loss: 247.4265
Epoch 189/200, Batch 300, Aver_Loss: 239.1214
Epoch 189/200, Batch 400, Aver_Loss: 248.9779
Epoch 189/200, Batch 500, Aver_Loss: 235.2779
[early-stopping] Epoch 189: new best val ELBO = -238.794671
Epoch 190/200, Batch 100, Aver_Loss: 239.6424
Epoch 190/200, Batch 200, Aver_Loss: 242.0899
Epoch 190/200, Batch 300, Aver_Loss: 228.8503
Epoch 190/200, Batch 400, Aver_Loss: 244.2855
Epoch 190/200, Batch 500, Aver_Loss: 243.7797
[early-stopping] Epoch 190: no improvement (1/20)
Epoch 191/200, Batch 100, Aver_Loss: 228.5615
Epoch 191/200, Batch 200, Aver_Loss: 236.6906
Epoch 191/200, Batch 300, Aver_Loss: 243.5531
Epoch 191/200, Batch 400, Aver_Loss: 256.2181
Epoch 191/200, Batch 500, Aver_Loss: 243.5106
[early-stopping] Epoch 191: no improvement (2/20)
Epoch 192/200, Batch 100, Aver_Loss: 240.0526
Epoch 192/200, Batch 200, Aver_Loss: 248.9165
Epoch 192/200, Batch 300, Aver_Loss: 240.5537
Epoch 192/200, Batch 400, Aver_Loss: 236.2644
Epoch 192/200, Batch 500, Aver_Loss: 235.0625
[early-stopping] Epoch 192: no improvement (3/20)
Epoch 193/200, Batch 100, Aver_Loss: 242.4733
Epoch 193/200, Batch 200, Aver_Loss: 241.6948
Epoch 193/200, Batch 300, Aver_Loss: 237.7778
Epoch 193/200, Batch 400, Aver_Loss: 245.0785
Epoch 193/200, Batch 500, Aver_Loss: 231.4017
[early-stopping] Epoch 193: no improvement (4/20)
Epoch 194/200, Batch 100, Aver_Loss: 232.2258
Epoch 194/200, Batch 200, Aver_Loss: 247.4777
Epoch 194/200, Batch 300, Aver_Loss: 232.6856
Epoch 194/200, Batch 400, Aver_Loss: 245.4937
Epoch 194/200, Batch 500, Aver_Loss: 237.5636
[early-stopping] Epoch 194: no improvement (5/20)
Epoch 195/200, Batch 100, Aver_Loss: 241.0514
Epoch 195/200, Batch 200, Aver_Loss: 234.4948
Epoch 195/200, Batch 300, Aver_Loss: 243.5016
Epoch 195/200, Batch 400, Aver_Loss: 249.3091
Epoch 195/200, Batch 500, Aver_Loss: 234.7659
[early-stopping] Epoch 195: no improvement (6/20)
Epoch 196/200, Batch 100, Aver_Loss: 238.0663
Epoch 196/200, Batch 200, Aver_Loss: 239.7868
Epoch 196/200, Batch 300, Aver_Loss: 242.0190
Epoch 196/200, Batch 400, Aver_Loss: 244.2700
Epoch 196/200, Batch 500, Aver_Loss: 243.0613
[early-stopping] Epoch 196: no improvement (7/20)
Epoch 197/200, Batch 100, Aver_Loss: 244.7242
Epoch 197/200, Batch 200, Aver_Loss: 245.2882
Epoch 197/200, Batch 300, Aver_Loss: 232.5004
Epoch 197/200, Batch 400, Aver_Loss: 225.3775
Epoch 197/200, Batch 500, Aver_Loss: 223.8341
[early-stopping] Epoch 197: no improvement (8/20)
Epoch 198/200, Batch 100, Aver_Loss: 248.3517
Epoch 198/200, Batch 200, Aver_Loss: 236.3958
Epoch 198/200, Batch 300, Aver_Loss: 241.0338
Epoch 198/200, Batch 400, Aver_Loss: 229.6663
Epoch 198/200, Batch 500, Aver_Loss: 234.3317
[early-stopping] Epoch 198: no improvement (9/20)
Epoch 199/200, Batch 100, Aver_Loss: 234.4385
Epoch 199/200, Batch 200, Aver_Loss: 248.2383
Epoch 199/200, Batch 300, Aver_Loss: 240.3350
Epoch 199/200, Batch 400, Aver_Loss: 241.3775
Epoch 199/200, Batch 500, Aver_Loss: 234.5274
[early-stopping] Epoch 199: no improvement (10/20)
Epoch 200/200, Batch 100, Aver_Loss: 242.4437
Epoch 200/200, Batch 200, Aver_Loss: 244.5612
Epoch 200/200, Batch 300, Aver_Loss: 231.1728
Epoch 200/200, Batch 400, Aver_Loss: 242.7888
Epoch 200/200, Batch 500, Aver_Loss: 240.8474
[early-stopping] Epoch 200: no improvement (11/20)
[early-stopping] Loaded best model from epoch 189 (val ELBO = -238.794671)
[checkpoint] Saved best model to: trained_parameters/fashion_mnist_zdim16_VAE.pkl
[saved curves] ./results/FASHION_MNIST/curves/fashion_mnist_vae_d16_s777.json

==== Evaluation Summary ====
                 model: vae
   recon/mse_per_pixel: 0.014397
            elbo/train: -238.115140
             elbo/test: -238.850684
             mse/train: 0.014003
              mse/test: 0.014397
             probe/acc: 0.802357
             probe/nll: 0.541303
           probe/brier: 0.276482
             probe/ece: 0.017340
           cluster/nmi: 0.506922
           cluster/ari: 0.353835
============================

