/usr/bin/which: no fi_info in (/arf/home/meyavuz/.local/bin:/arf/sw/comp/python/intelpython3/condabin:/arf/sw/comp/python/intelpython3/bin:/usr/share/Modules/bin:/usr/local/bin:/usr/bin:/usr/local/sbin:/usr/sbin)
Extension for Scikit-learn* enabled (https://github.com/uxlfoundation/scikit-learn-intelex)
/arf/home/meyavuz/.conda/envs/sbn/lib/python3.9/site-packages/sklearn/linear_model/_logistic.py:1247: FutureWarning: 'multi_class' was deprecated in version 1.5 and will be removed in 1.7. From then on, it will always use 'multinomial'. Leave it to its default value to avoid this warning.
  warnings.warn(
Epoch 1/200, Batch 100, Aver_Loss: 318.1977
Epoch 1/200, Batch 200, Aver_Loss: 299.0161
Epoch 1/200, Batch 300, Aver_Loss: 281.7178
Epoch 1/200, Batch 400, Aver_Loss: 286.9457
Epoch 1/200, Batch 500, Aver_Loss: 291.5933
[early-stopping] Epoch 1: new best val ELBO = -286.799258
Epoch 2/200, Batch 100, Aver_Loss: 285.1375
Epoch 2/200, Batch 200, Aver_Loss: 283.7939
Epoch 2/200, Batch 300, Aver_Loss: 275.1091
Epoch 2/200, Batch 400, Aver_Loss: 289.4073
Epoch 2/200, Batch 500, Aver_Loss: 291.3808
[early-stopping] Epoch 2: new best val ELBO = -278.081833
Epoch 3/200, Batch 100, Aver_Loss: 285.1770
Epoch 3/200, Batch 200, Aver_Loss: 286.5235
Epoch 3/200, Batch 300, Aver_Loss: 276.2165
Epoch 3/200, Batch 400, Aver_Loss: 284.6035
Epoch 3/200, Batch 500, Aver_Loss: 264.8734
[early-stopping] Epoch 3: new best val ELBO = -270.783210
Epoch 4/200, Batch 100, Aver_Loss: 272.3963
Epoch 4/200, Batch 200, Aver_Loss: 282.8373
Epoch 4/200, Batch 300, Aver_Loss: 262.8346
Epoch 4/200, Batch 400, Aver_Loss: 259.3697
Epoch 4/200, Batch 500, Aver_Loss: 268.6100
[early-stopping] Epoch 4: new best val ELBO = -263.277575
Epoch 5/200, Batch 100, Aver_Loss: 267.5743
Epoch 5/200, Batch 200, Aver_Loss: 256.8265
Epoch 5/200, Batch 300, Aver_Loss: 247.0438
Epoch 5/200, Batch 400, Aver_Loss: 256.9150
Epoch 5/200, Batch 500, Aver_Loss: 260.2812
[early-stopping] Epoch 5: new best val ELBO = -257.117887
Epoch 6/200, Batch 100, Aver_Loss: 249.5244
Epoch 6/200, Batch 200, Aver_Loss: 266.3660
Epoch 6/200, Batch 300, Aver_Loss: 250.7636
Epoch 6/200, Batch 400, Aver_Loss: 266.2811
Epoch 6/200, Batch 500, Aver_Loss: 248.5803
[early-stopping] Epoch 6: new best val ELBO = -253.823946
Epoch 7/200, Batch 100, Aver_Loss: 245.6051
Epoch 7/200, Batch 200, Aver_Loss: 253.3209
Epoch 7/200, Batch 300, Aver_Loss: 262.1036
Epoch 7/200, Batch 400, Aver_Loss: 254.4318
Epoch 7/200, Batch 500, Aver_Loss: 250.2732
[early-stopping] Epoch 7: new best val ELBO = -252.252832
Epoch 8/200, Batch 100, Aver_Loss: 255.1601
Epoch 8/200, Batch 200, Aver_Loss: 251.3321
Epoch 8/200, Batch 300, Aver_Loss: 248.1931
Epoch 8/200, Batch 400, Aver_Loss: 244.2356
Epoch 8/200, Batch 500, Aver_Loss: 231.4454
[early-stopping] Epoch 8: new best val ELBO = -250.658503
Epoch 9/200, Batch 100, Aver_Loss: 241.8651
Epoch 9/200, Batch 200, Aver_Loss: 249.4534
Epoch 9/200, Batch 300, Aver_Loss: 256.0826
Epoch 9/200, Batch 400, Aver_Loss: 249.5339
Epoch 9/200, Batch 500, Aver_Loss: 253.0641
[early-stopping] Epoch 9: new best val ELBO = -249.171967
Epoch 10/200, Batch 100, Aver_Loss: 254.6773
Epoch 10/200, Batch 200, Aver_Loss: 246.3184
Epoch 10/200, Batch 300, Aver_Loss: 246.0440
Epoch 10/200, Batch 400, Aver_Loss: 238.6673
Epoch 10/200, Batch 500, Aver_Loss: 245.9084
[early-stopping] Epoch 10: new best val ELBO = -248.414849
Epoch 11/200, Batch 100, Aver_Loss: 254.9757
Epoch 11/200, Batch 200, Aver_Loss: 236.3738
Epoch 11/200, Batch 300, Aver_Loss: 248.8449
Epoch 11/200, Batch 400, Aver_Loss: 245.1114
Epoch 11/200, Batch 500, Aver_Loss: 249.7586
[early-stopping] Epoch 11: new best val ELBO = -247.668531
Epoch 12/200, Batch 100, Aver_Loss: 255.3896
Epoch 12/200, Batch 200, Aver_Loss: 240.2375
Epoch 12/200, Batch 300, Aver_Loss: 246.5657
Epoch 12/200, Batch 400, Aver_Loss: 238.4734
Epoch 12/200, Batch 500, Aver_Loss: 247.1461
[early-stopping] Epoch 12: new best val ELBO = -246.864063
Epoch 13/200, Batch 100, Aver_Loss: 235.8159
Epoch 13/200, Batch 200, Aver_Loss: 267.5495
Epoch 13/200, Batch 300, Aver_Loss: 244.9753
Epoch 13/200, Batch 400, Aver_Loss: 258.2504
Epoch 13/200, Batch 500, Aver_Loss: 249.7481
[early-stopping] Epoch 13: new best val ELBO = -246.622473
Epoch 14/200, Batch 100, Aver_Loss: 259.2743
Epoch 14/200, Batch 200, Aver_Loss: 259.2018
Epoch 14/200, Batch 300, Aver_Loss: 234.8062
Epoch 14/200, Batch 400, Aver_Loss: 245.7776
Epoch 14/200, Batch 500, Aver_Loss: 251.2805
[early-stopping] Epoch 14: new best val ELBO = -246.272856
Epoch 15/200, Batch 100, Aver_Loss: 242.0618
Epoch 15/200, Batch 200, Aver_Loss: 243.3220
Epoch 15/200, Batch 300, Aver_Loss: 247.7110
Epoch 15/200, Batch 400, Aver_Loss: 251.9870
Epoch 15/200, Batch 500, Aver_Loss: 234.6627
[early-stopping] Epoch 15: new best val ELBO = -246.136739
Epoch 16/200, Batch 100, Aver_Loss: 250.3248
Epoch 16/200, Batch 200, Aver_Loss: 250.5749
Epoch 16/200, Batch 300, Aver_Loss: 249.9815
Epoch 16/200, Batch 400, Aver_Loss: 246.1673
Epoch 16/200, Batch 500, Aver_Loss: 241.6413
[early-stopping] Epoch 16: new best val ELBO = -245.713131
Epoch 17/200, Batch 100, Aver_Loss: 253.7318
Epoch 17/200, Batch 200, Aver_Loss: 265.3188
Epoch 17/200, Batch 300, Aver_Loss: 249.4959
Epoch 17/200, Batch 400, Aver_Loss: 254.3663
Epoch 17/200, Batch 500, Aver_Loss: 247.9781
[early-stopping] Epoch 17: new best val ELBO = -245.531978
Epoch 18/200, Batch 100, Aver_Loss: 241.1074
Epoch 18/200, Batch 200, Aver_Loss: 249.6388
Epoch 18/200, Batch 300, Aver_Loss: 247.7152
Epoch 18/200, Batch 400, Aver_Loss: 231.5696
Epoch 18/200, Batch 500, Aver_Loss: 257.0704
[early-stopping] Epoch 18: no improvement (1/20)
Epoch 19/200, Batch 100, Aver_Loss: 230.9040
Epoch 19/200, Batch 200, Aver_Loss: 250.9125
Epoch 19/200, Batch 300, Aver_Loss: 250.4793
Epoch 19/200, Batch 400, Aver_Loss: 255.6150
Epoch 19/200, Batch 500, Aver_Loss: 236.9226
[early-stopping] Epoch 19: new best val ELBO = -245.231874
Epoch 20/200, Batch 100, Aver_Loss: 242.9328
Epoch 20/200, Batch 200, Aver_Loss: 247.3187
Epoch 20/200, Batch 300, Aver_Loss: 250.0798
Epoch 20/200, Batch 400, Aver_Loss: 228.6856
Epoch 20/200, Batch 500, Aver_Loss: 229.9608
[early-stopping] Epoch 20: new best val ELBO = -244.655307
Epoch 21/200, Batch 100, Aver_Loss: 236.7701
Epoch 21/200, Batch 200, Aver_Loss: 256.9784
Epoch 21/200, Batch 300, Aver_Loss: 253.5758
Epoch 21/200, Batch 400, Aver_Loss: 244.1145
Epoch 21/200, Batch 500, Aver_Loss: 241.0183
[early-stopping] Epoch 21: new best val ELBO = -244.507948
Epoch 22/200, Batch 100, Aver_Loss: 239.9520
Epoch 22/200, Batch 200, Aver_Loss: 238.3558
Epoch 22/200, Batch 300, Aver_Loss: 249.1434
Epoch 22/200, Batch 400, Aver_Loss: 245.7999
Epoch 22/200, Batch 500, Aver_Loss: 240.7993
[early-stopping] Epoch 22: new best val ELBO = -244.270471
Epoch 23/200, Batch 100, Aver_Loss: 236.5328
Epoch 23/200, Batch 200, Aver_Loss: 263.4153
Epoch 23/200, Batch 300, Aver_Loss: 243.7068
Epoch 23/200, Batch 400, Aver_Loss: 249.3842
Epoch 23/200, Batch 500, Aver_Loss: 240.8453
[early-stopping] Epoch 23: no improvement (1/20)
Epoch 24/200, Batch 100, Aver_Loss: 253.7582
Epoch 24/200, Batch 200, Aver_Loss: 237.1306
Epoch 24/200, Batch 300, Aver_Loss: 229.6225
Epoch 24/200, Batch 400, Aver_Loss: 253.6520
Epoch 24/200, Batch 500, Aver_Loss: 244.3145
[early-stopping] Epoch 24: new best val ELBO = -243.984037
Epoch 25/200, Batch 100, Aver_Loss: 237.0721
Epoch 25/200, Batch 200, Aver_Loss: 239.3578
Epoch 25/200, Batch 300, Aver_Loss: 233.2151
Epoch 25/200, Batch 400, Aver_Loss: 231.9137
Epoch 25/200, Batch 500, Aver_Loss: 259.0282
[early-stopping] Epoch 25: no improvement (1/20)
Epoch 26/200, Batch 100, Aver_Loss: 243.3334
Epoch 26/200, Batch 200, Aver_Loss: 252.7326
Epoch 26/200, Batch 300, Aver_Loss: 235.1512
Epoch 26/200, Batch 400, Aver_Loss: 245.3839
Epoch 26/200, Batch 500, Aver_Loss: 231.5846
[early-stopping] Epoch 26: no improvement (2/20)
Epoch 27/200, Batch 100, Aver_Loss: 238.7436
Epoch 27/200, Batch 200, Aver_Loss: 247.9374
Epoch 27/200, Batch 300, Aver_Loss: 241.5537
Epoch 27/200, Batch 400, Aver_Loss: 237.9335
Epoch 27/200, Batch 500, Aver_Loss: 250.1475
[early-stopping] Epoch 27: new best val ELBO = -243.730400
Epoch 28/200, Batch 100, Aver_Loss: 249.6591
Epoch 28/200, Batch 200, Aver_Loss: 260.4399
Epoch 28/200, Batch 300, Aver_Loss: 245.8122
Epoch 28/200, Batch 400, Aver_Loss: 247.4209
Epoch 28/200, Batch 500, Aver_Loss: 248.0534
[early-stopping] Epoch 28: no improvement (1/20)
Epoch 29/200, Batch 100, Aver_Loss: 242.1022
Epoch 29/200, Batch 200, Aver_Loss: 239.3367
Epoch 29/200, Batch 300, Aver_Loss: 240.5632
Epoch 29/200, Batch 400, Aver_Loss: 252.4865
Epoch 29/200, Batch 500, Aver_Loss: 253.5616
[early-stopping] Epoch 29: new best val ELBO = -243.568886
Epoch 30/200, Batch 100, Aver_Loss: 234.5480
Epoch 30/200, Batch 200, Aver_Loss: 244.0223
Epoch 30/200, Batch 300, Aver_Loss: 235.2582
Epoch 30/200, Batch 400, Aver_Loss: 245.4581
Epoch 30/200, Batch 500, Aver_Loss: 247.0569
[early-stopping] Epoch 30: new best val ELBO = -243.391720
Epoch 31/200, Batch 100, Aver_Loss: 248.8387
Epoch 31/200, Batch 200, Aver_Loss: 251.4511
Epoch 31/200, Batch 300, Aver_Loss: 232.9608
Epoch 31/200, Batch 400, Aver_Loss: 251.1933
Epoch 31/200, Batch 500, Aver_Loss: 251.0503
[early-stopping] Epoch 31: no improvement (1/20)
Epoch 32/200, Batch 100, Aver_Loss: 252.2759
Epoch 32/200, Batch 200, Aver_Loss: 247.4165
Epoch 32/200, Batch 300, Aver_Loss: 251.8525
Epoch 32/200, Batch 400, Aver_Loss: 244.4121
Epoch 32/200, Batch 500, Aver_Loss: 252.5450
[early-stopping] Epoch 32: no improvement (2/20)
Epoch 33/200, Batch 100, Aver_Loss: 241.6473
Epoch 33/200, Batch 200, Aver_Loss: 250.9750
Epoch 33/200, Batch 300, Aver_Loss: 242.1441
Epoch 33/200, Batch 400, Aver_Loss: 240.6907
Epoch 33/200, Batch 500, Aver_Loss: 261.7738
[early-stopping] Epoch 33: no improvement (3/20)
Epoch 34/200, Batch 100, Aver_Loss: 250.5488
Epoch 34/200, Batch 200, Aver_Loss: 248.1531
Epoch 34/200, Batch 300, Aver_Loss: 255.1660
Epoch 34/200, Batch 400, Aver_Loss: 246.2080
Epoch 34/200, Batch 500, Aver_Loss: 243.9346
[early-stopping] Epoch 34: no improvement (4/20)
Epoch 35/200, Batch 100, Aver_Loss: 237.5979
Epoch 35/200, Batch 200, Aver_Loss: 241.6452
Epoch 35/200, Batch 300, Aver_Loss: 235.7355
Epoch 35/200, Batch 400, Aver_Loss: 237.4508
Epoch 35/200, Batch 500, Aver_Loss: 243.3137
[early-stopping] Epoch 35: new best val ELBO = -243.323031
Epoch 36/200, Batch 100, Aver_Loss: 240.0625
Epoch 36/200, Batch 200, Aver_Loss: 246.5957
Epoch 36/200, Batch 300, Aver_Loss: 241.8615
Epoch 36/200, Batch 400, Aver_Loss: 237.7528
Epoch 36/200, Batch 500, Aver_Loss: 248.0103
[early-stopping] Epoch 36: new best val ELBO = -243.300989
Epoch 37/200, Batch 100, Aver_Loss: 241.9355
Epoch 37/200, Batch 200, Aver_Loss: 262.1705
Epoch 37/200, Batch 300, Aver_Loss: 235.2625
Epoch 37/200, Batch 400, Aver_Loss: 248.4329
Epoch 37/200, Batch 500, Aver_Loss: 244.8615
[early-stopping] Epoch 37: no improvement (1/20)
Epoch 38/200, Batch 100, Aver_Loss: 248.0665
Epoch 38/200, Batch 200, Aver_Loss: 245.1420
Epoch 38/200, Batch 300, Aver_Loss: 248.6903
Epoch 38/200, Batch 400, Aver_Loss: 236.4013
Epoch 38/200, Batch 500, Aver_Loss: 256.3333
[early-stopping] Epoch 38: new best val ELBO = -243.277168
Epoch 39/200, Batch 100, Aver_Loss: 243.1886
Epoch 39/200, Batch 200, Aver_Loss: 237.1140
Epoch 39/200, Batch 300, Aver_Loss: 239.9094
Epoch 39/200, Batch 400, Aver_Loss: 245.1416
Epoch 39/200, Batch 500, Aver_Loss: 249.9536
[early-stopping] Epoch 39: new best val ELBO = -243.209796
Epoch 40/200, Batch 100, Aver_Loss: 244.1384
Epoch 40/200, Batch 200, Aver_Loss: 246.7501
Epoch 40/200, Batch 300, Aver_Loss: 248.4580
Epoch 40/200, Batch 400, Aver_Loss: 250.2865
Epoch 40/200, Batch 500, Aver_Loss: 221.3081
[early-stopping] Epoch 40: no improvement (1/20)
Epoch 41/200, Batch 100, Aver_Loss: 236.5878
Epoch 41/200, Batch 200, Aver_Loss: 227.1492
Epoch 41/200, Batch 300, Aver_Loss: 226.1998
Epoch 41/200, Batch 400, Aver_Loss: 231.9900
Epoch 41/200, Batch 500, Aver_Loss: 225.6969
[early-stopping] Epoch 41: new best val ELBO = -242.938665
Epoch 42/200, Batch 100, Aver_Loss: 235.0976
Epoch 42/200, Batch 200, Aver_Loss: 240.2859
Epoch 42/200, Batch 300, Aver_Loss: 248.8404
Epoch 42/200, Batch 400, Aver_Loss: 240.5116
Epoch 42/200, Batch 500, Aver_Loss: 241.1166
[early-stopping] Epoch 42: new best val ELBO = -242.821235
Epoch 43/200, Batch 100, Aver_Loss: 237.6518
Epoch 43/200, Batch 200, Aver_Loss: 242.1326
Epoch 43/200, Batch 300, Aver_Loss: 250.9032
Epoch 43/200, Batch 400, Aver_Loss: 244.3962
Epoch 43/200, Batch 500, Aver_Loss: 232.6067
[early-stopping] Epoch 43: new best val ELBO = -242.691130
Epoch 44/200, Batch 100, Aver_Loss: 247.4478
Epoch 44/200, Batch 200, Aver_Loss: 232.9725
Epoch 44/200, Batch 300, Aver_Loss: 240.6361
Epoch 44/200, Batch 400, Aver_Loss: 240.4165
Epoch 44/200, Batch 500, Aver_Loss: 246.0643
[early-stopping] Epoch 44: no improvement (1/20)
Epoch 45/200, Batch 100, Aver_Loss: 244.3753
Epoch 45/200, Batch 200, Aver_Loss: 255.2785
Epoch 45/200, Batch 300, Aver_Loss: 251.3594
Epoch 45/200, Batch 400, Aver_Loss: 238.3097
Epoch 45/200, Batch 500, Aver_Loss: 250.0747
[early-stopping] Epoch 45: new best val ELBO = -242.645129
Epoch 46/200, Batch 100, Aver_Loss: 238.8239
Epoch 46/200, Batch 200, Aver_Loss: 249.8160
Epoch 46/200, Batch 300, Aver_Loss: 251.8717
Epoch 46/200, Batch 400, Aver_Loss: 232.6238
Epoch 46/200, Batch 500, Aver_Loss: 247.1363
[early-stopping] Epoch 46: no improvement (1/20)
Epoch 47/200, Batch 100, Aver_Loss: 237.5406
Epoch 47/200, Batch 200, Aver_Loss: 242.3007
Epoch 47/200, Batch 300, Aver_Loss: 242.9099
Epoch 47/200, Batch 400, Aver_Loss: 238.6726
Epoch 47/200, Batch 500, Aver_Loss: 233.3975
[early-stopping] Epoch 47: new best val ELBO = -242.505289
Epoch 48/200, Batch 100, Aver_Loss: 235.8955
Epoch 48/200, Batch 200, Aver_Loss: 237.5539
Epoch 48/200, Batch 300, Aver_Loss: 249.4014
Epoch 48/200, Batch 400, Aver_Loss: 235.2058
Epoch 48/200, Batch 500, Aver_Loss: 246.9766
[early-stopping] Epoch 48: no improvement (1/20)
Epoch 49/200, Batch 100, Aver_Loss: 235.9932
Epoch 49/200, Batch 200, Aver_Loss: 249.1068
Epoch 49/200, Batch 300, Aver_Loss: 237.1758
Epoch 49/200, Batch 400, Aver_Loss: 247.9444
Epoch 49/200, Batch 500, Aver_Loss: 244.2112
[early-stopping] Epoch 49: no improvement (2/20)
Epoch 50/200, Batch 100, Aver_Loss: 255.6255
Epoch 50/200, Batch 200, Aver_Loss: 232.7046
Epoch 50/200, Batch 300, Aver_Loss: 236.1347
Epoch 50/200, Batch 400, Aver_Loss: 231.0559
Epoch 50/200, Batch 500, Aver_Loss: 231.2398
[early-stopping] Epoch 50: no improvement (3/20)
Epoch 51/200, Batch 100, Aver_Loss: 238.8094
Epoch 51/200, Batch 200, Aver_Loss: 235.4442
Epoch 51/200, Batch 300, Aver_Loss: 238.4123
Epoch 51/200, Batch 400, Aver_Loss: 240.6831
Epoch 51/200, Batch 500, Aver_Loss: 243.7095
[early-stopping] Epoch 51: new best val ELBO = -242.412801
Epoch 52/200, Batch 100, Aver_Loss: 255.6584
Epoch 52/200, Batch 200, Aver_Loss: 243.2447
Epoch 52/200, Batch 300, Aver_Loss: 261.4838
Epoch 52/200, Batch 400, Aver_Loss: 242.5630
Epoch 52/200, Batch 500, Aver_Loss: 239.3103
[early-stopping] Epoch 52: new best val ELBO = -242.397537
Epoch 53/200, Batch 100, Aver_Loss: 253.7615
Epoch 53/200, Batch 200, Aver_Loss: 243.2693
Epoch 53/200, Batch 300, Aver_Loss: 252.5135
Epoch 53/200, Batch 400, Aver_Loss: 229.8890
Epoch 53/200, Batch 500, Aver_Loss: 255.6942
[early-stopping] Epoch 53: new best val ELBO = -242.262302
Epoch 54/200, Batch 100, Aver_Loss: 246.3530
Epoch 54/200, Batch 200, Aver_Loss: 242.7172
Epoch 54/200, Batch 300, Aver_Loss: 249.0726
Epoch 54/200, Batch 400, Aver_Loss: 241.8648
Epoch 54/200, Batch 500, Aver_Loss: 256.2252
[early-stopping] Epoch 54: no improvement (1/20)
Epoch 55/200, Batch 100, Aver_Loss: 245.6221
Epoch 55/200, Batch 200, Aver_Loss: 226.2861
Epoch 55/200, Batch 300, Aver_Loss: 234.6415
Epoch 55/200, Batch 400, Aver_Loss: 234.7311
Epoch 55/200, Batch 500, Aver_Loss: 229.3408
[early-stopping] Epoch 55: no improvement (2/20)
Epoch 56/200, Batch 100, Aver_Loss: 239.8656
Epoch 56/200, Batch 200, Aver_Loss: 243.0013
Epoch 56/200, Batch 300, Aver_Loss: 230.0224
Epoch 56/200, Batch 400, Aver_Loss: 245.2136
Epoch 56/200, Batch 500, Aver_Loss: 239.8873
[early-stopping] Epoch 56: no improvement (3/20)
Epoch 57/200, Batch 100, Aver_Loss: 246.9999
Epoch 57/200, Batch 200, Aver_Loss: 244.2764
Epoch 57/200, Batch 300, Aver_Loss: 234.7299
Epoch 57/200, Batch 400, Aver_Loss: 233.2765
Epoch 57/200, Batch 500, Aver_Loss: 237.4113
[early-stopping] Epoch 57: no improvement (4/20)
Epoch 58/200, Batch 100, Aver_Loss: 236.2611
Epoch 58/200, Batch 200, Aver_Loss: 257.3853
Epoch 58/200, Batch 300, Aver_Loss: 240.0041
Epoch 58/200, Batch 400, Aver_Loss: 234.5783
Epoch 58/200, Batch 500, Aver_Loss: 247.8768
[early-stopping] Epoch 58: no improvement (5/20)
Epoch 59/200, Batch 100, Aver_Loss: 232.1432
Epoch 59/200, Batch 200, Aver_Loss: 240.2705
Epoch 59/200, Batch 300, Aver_Loss: 250.0657
Epoch 59/200, Batch 400, Aver_Loss: 249.8303
Epoch 59/200, Batch 500, Aver_Loss: 243.6107
[early-stopping] Epoch 59: no improvement (6/20)
Epoch 60/200, Batch 100, Aver_Loss: 251.7395
Epoch 60/200, Batch 200, Aver_Loss: 240.7189
Epoch 60/200, Batch 300, Aver_Loss: 244.3000
Epoch 60/200, Batch 400, Aver_Loss: 239.2137
Epoch 60/200, Batch 500, Aver_Loss: 239.6280
[early-stopping] Epoch 60: no improvement (7/20)
Epoch 61/200, Batch 100, Aver_Loss: 254.8249
Epoch 61/200, Batch 200, Aver_Loss: 246.0255
Epoch 61/200, Batch 300, Aver_Loss: 237.5546
Epoch 61/200, Batch 400, Aver_Loss: 247.4086
Epoch 61/200, Batch 500, Aver_Loss: 248.6330
[early-stopping] Epoch 61: new best val ELBO = -242.060149
Epoch 62/200, Batch 100, Aver_Loss: 234.3789
Epoch 62/200, Batch 200, Aver_Loss: 243.3906
Epoch 62/200, Batch 300, Aver_Loss: 237.9370
Epoch 62/200, Batch 400, Aver_Loss: 256.8032
Epoch 62/200, Batch 500, Aver_Loss: 240.9059
[early-stopping] Epoch 62: no improvement (1/20)
Epoch 63/200, Batch 100, Aver_Loss: 239.2573
Epoch 63/200, Batch 200, Aver_Loss: 243.4213
Epoch 63/200, Batch 300, Aver_Loss: 233.9787
Epoch 63/200, Batch 400, Aver_Loss: 229.4324
Epoch 63/200, Batch 500, Aver_Loss: 248.4991
[early-stopping] Epoch 63: no improvement (2/20)
Epoch 64/200, Batch 100, Aver_Loss: 229.3421
Epoch 64/200, Batch 200, Aver_Loss: 247.9929
Epoch 64/200, Batch 300, Aver_Loss: 244.0744
Epoch 64/200, Batch 400, Aver_Loss: 249.6790
Epoch 64/200, Batch 500, Aver_Loss: 229.8088
[early-stopping] Epoch 64: no improvement (3/20)
Epoch 65/200, Batch 100, Aver_Loss: 237.1016
Epoch 65/200, Batch 200, Aver_Loss: 247.2496
Epoch 65/200, Batch 300, Aver_Loss: 242.9753
Epoch 65/200, Batch 400, Aver_Loss: 249.0616
Epoch 65/200, Batch 500, Aver_Loss: 240.6982
[early-stopping] Epoch 65: no improvement (4/20)
Epoch 66/200, Batch 100, Aver_Loss: 248.2212
Epoch 66/200, Batch 200, Aver_Loss: 246.3920
Epoch 66/200, Batch 300, Aver_Loss: 259.5274
Epoch 66/200, Batch 400, Aver_Loss: 241.7941
Epoch 66/200, Batch 500, Aver_Loss: 245.8637
[early-stopping] Epoch 66: no improvement (5/20)
Epoch 67/200, Batch 100, Aver_Loss: 235.0687
Epoch 67/200, Batch 200, Aver_Loss: 248.5731
Epoch 67/200, Batch 300, Aver_Loss: 229.7494
Epoch 67/200, Batch 400, Aver_Loss: 238.3134
Epoch 67/200, Batch 500, Aver_Loss: 247.0698
[early-stopping] Epoch 67: no improvement (6/20)
Epoch 68/200, Batch 100, Aver_Loss: 242.9151
Epoch 68/200, Batch 200, Aver_Loss: 238.9964
Epoch 68/200, Batch 300, Aver_Loss: 244.8152
Epoch 68/200, Batch 400, Aver_Loss: 247.0689
Epoch 68/200, Batch 500, Aver_Loss: 245.5644
[early-stopping] Epoch 68: no improvement (7/20)
Epoch 69/200, Batch 100, Aver_Loss: 231.2754
Epoch 69/200, Batch 200, Aver_Loss: 240.3674
Epoch 69/200, Batch 300, Aver_Loss: 248.4429
Epoch 69/200, Batch 400, Aver_Loss: 230.9222
Epoch 69/200, Batch 500, Aver_Loss: 252.5396
[early-stopping] Epoch 69: no improvement (8/20)
Epoch 70/200, Batch 100, Aver_Loss: 250.1549
Epoch 70/200, Batch 200, Aver_Loss: 249.6987
Epoch 70/200, Batch 300, Aver_Loss: 233.8718
Epoch 70/200, Batch 400, Aver_Loss: 254.0567
Epoch 70/200, Batch 500, Aver_Loss: 244.3092
[early-stopping] Epoch 70: no improvement (9/20)
Epoch 71/200, Batch 100, Aver_Loss: 251.7823
Epoch 71/200, Batch 200, Aver_Loss: 254.5316
Epoch 71/200, Batch 300, Aver_Loss: 236.4377
Epoch 71/200, Batch 400, Aver_Loss: 237.3155
Epoch 71/200, Batch 500, Aver_Loss: 248.2630
[early-stopping] Epoch 71: no improvement (10/20)
Epoch 72/200, Batch 100, Aver_Loss: 241.5892
Epoch 72/200, Batch 200, Aver_Loss: 233.4949
Epoch 72/200, Batch 300, Aver_Loss: 239.5117
Epoch 72/200, Batch 400, Aver_Loss: 240.6269
Epoch 72/200, Batch 500, Aver_Loss: 241.7042
[early-stopping] Epoch 72: no improvement (11/20)
Epoch 73/200, Batch 100, Aver_Loss: 238.7404
Epoch 73/200, Batch 200, Aver_Loss: 251.1368
Epoch 73/200, Batch 300, Aver_Loss: 233.9525
Epoch 73/200, Batch 400, Aver_Loss: 243.8004
Epoch 73/200, Batch 500, Aver_Loss: 252.1132
[early-stopping] Epoch 73: new best val ELBO = -242.023292
Epoch 74/200, Batch 100, Aver_Loss: 241.4830
Epoch 74/200, Batch 200, Aver_Loss: 243.9666
Epoch 74/200, Batch 300, Aver_Loss: 245.0337
Epoch 74/200, Batch 400, Aver_Loss: 233.1874
Epoch 74/200, Batch 500, Aver_Loss: 240.6380
[early-stopping] Epoch 74: new best val ELBO = -241.878524
Epoch 75/200, Batch 100, Aver_Loss: 240.5992
Epoch 75/200, Batch 200, Aver_Loss: 247.4218
Epoch 75/200, Batch 300, Aver_Loss: 240.2677
Epoch 75/200, Batch 400, Aver_Loss: 239.9030
Epoch 75/200, Batch 500, Aver_Loss: 247.8898
[early-stopping] Epoch 75: no improvement (1/20)
Epoch 76/200, Batch 100, Aver_Loss: 233.2387
Epoch 76/200, Batch 200, Aver_Loss: 255.6218
Epoch 76/200, Batch 300, Aver_Loss: 242.3178
Epoch 76/200, Batch 400, Aver_Loss: 253.9095
Epoch 76/200, Batch 500, Aver_Loss: 227.6924
[early-stopping] Epoch 76: no improvement (2/20)
Epoch 77/200, Batch 100, Aver_Loss: 241.6080
Epoch 77/200, Batch 200, Aver_Loss: 227.3774
Epoch 77/200, Batch 300, Aver_Loss: 233.9505
Epoch 77/200, Batch 400, Aver_Loss: 244.4648
Epoch 77/200, Batch 500, Aver_Loss: 236.0822
[early-stopping] Epoch 77: no improvement (3/20)
Epoch 78/200, Batch 100, Aver_Loss: 246.2737
Epoch 78/200, Batch 200, Aver_Loss: 230.2259
Epoch 78/200, Batch 300, Aver_Loss: 238.7905
Epoch 78/200, Batch 400, Aver_Loss: 237.7148
Epoch 78/200, Batch 500, Aver_Loss: 229.5563
[early-stopping] Epoch 78: no improvement (4/20)
Epoch 79/200, Batch 100, Aver_Loss: 246.4051
Epoch 79/200, Batch 200, Aver_Loss: 245.0478
Epoch 79/200, Batch 300, Aver_Loss: 226.3076
Epoch 79/200, Batch 400, Aver_Loss: 225.5640
Epoch 79/200, Batch 500, Aver_Loss: 234.8545
[early-stopping] Epoch 79: no improvement (5/20)
Epoch 80/200, Batch 100, Aver_Loss: 247.9651
Epoch 80/200, Batch 200, Aver_Loss: 249.0150
Epoch 80/200, Batch 300, Aver_Loss: 258.6464
Epoch 80/200, Batch 400, Aver_Loss: 240.1280
Epoch 80/200, Batch 500, Aver_Loss: 222.4998
[early-stopping] Epoch 80: no improvement (6/20)
Epoch 81/200, Batch 100, Aver_Loss: 236.3607
Epoch 81/200, Batch 200, Aver_Loss: 232.4946
Epoch 81/200, Batch 300, Aver_Loss: 244.7587
Epoch 81/200, Batch 400, Aver_Loss: 251.0995
Epoch 81/200, Batch 500, Aver_Loss: 241.4074
[early-stopping] Epoch 81: new best val ELBO = -241.781833
Epoch 82/200, Batch 100, Aver_Loss: 252.3586
Epoch 82/200, Batch 200, Aver_Loss: 241.4283
Epoch 82/200, Batch 300, Aver_Loss: 237.5069
Epoch 82/200, Batch 400, Aver_Loss: 248.4941
Epoch 82/200, Batch 500, Aver_Loss: 239.5184
[early-stopping] Epoch 82: no improvement (1/20)
Epoch 83/200, Batch 100, Aver_Loss: 257.8391
Epoch 83/200, Batch 200, Aver_Loss: 236.8870
Epoch 83/200, Batch 300, Aver_Loss: 242.8005
Epoch 83/200, Batch 400, Aver_Loss: 240.6630
Epoch 83/200, Batch 500, Aver_Loss: 235.9170
[early-stopping] Epoch 83: no improvement (2/20)
Epoch 84/200, Batch 100, Aver_Loss: 259.2808
Epoch 84/200, Batch 200, Aver_Loss: 243.1627
Epoch 84/200, Batch 300, Aver_Loss: 247.2473
Epoch 84/200, Batch 400, Aver_Loss: 247.7430
Epoch 84/200, Batch 500, Aver_Loss: 249.2276
[early-stopping] Epoch 84: no improvement (3/20)
Epoch 85/200, Batch 100, Aver_Loss: 241.1973
Epoch 85/200, Batch 200, Aver_Loss: 248.7274
Epoch 85/200, Batch 300, Aver_Loss: 245.5975
Epoch 85/200, Batch 400, Aver_Loss: 244.8327
Epoch 85/200, Batch 500, Aver_Loss: 234.4930
[early-stopping] Epoch 85: new best val ELBO = -241.704721
Epoch 86/200, Batch 100, Aver_Loss: 224.7260
Epoch 86/200, Batch 200, Aver_Loss: 241.0638
Epoch 86/200, Batch 300, Aver_Loss: 238.6073
Epoch 86/200, Batch 400, Aver_Loss: 231.0740
Epoch 86/200, Batch 500, Aver_Loss: 239.8027
[early-stopping] Epoch 86: no improvement (1/20)
Epoch 87/200, Batch 100, Aver_Loss: 241.0867
Epoch 87/200, Batch 200, Aver_Loss: 231.4063
Epoch 87/200, Batch 300, Aver_Loss: 249.6722
Epoch 87/200, Batch 400, Aver_Loss: 225.3266
Epoch 87/200, Batch 500, Aver_Loss: 235.0645
[early-stopping] Epoch 87: no improvement (2/20)
Epoch 88/200, Batch 100, Aver_Loss: 246.9779
Epoch 88/200, Batch 200, Aver_Loss: 250.3667
Epoch 88/200, Batch 300, Aver_Loss: 242.9731
Epoch 88/200, Batch 400, Aver_Loss: 242.7431
Epoch 88/200, Batch 500, Aver_Loss: 221.8622
[early-stopping] Epoch 88: no improvement (3/20)
Epoch 89/200, Batch 100, Aver_Loss: 232.2791
Epoch 89/200, Batch 200, Aver_Loss: 245.3613
Epoch 89/200, Batch 300, Aver_Loss: 241.1532
Epoch 89/200, Batch 400, Aver_Loss: 254.5971
Epoch 89/200, Batch 500, Aver_Loss: 236.5074
[early-stopping] Epoch 89: no improvement (4/20)
Epoch 90/200, Batch 100, Aver_Loss: 236.4189
Epoch 90/200, Batch 200, Aver_Loss: 244.7984
Epoch 90/200, Batch 300, Aver_Loss: 238.9463
Epoch 90/200, Batch 400, Aver_Loss: 224.3284
Epoch 90/200, Batch 500, Aver_Loss: 246.5278
[early-stopping] Epoch 90: no improvement (5/20)
Epoch 91/200, Batch 100, Aver_Loss: 240.8603
Epoch 91/200, Batch 200, Aver_Loss: 241.6130
Epoch 91/200, Batch 300, Aver_Loss: 241.2417
Epoch 91/200, Batch 400, Aver_Loss: 225.5807
Epoch 91/200, Batch 500, Aver_Loss: 240.4543
[early-stopping] Epoch 91: no improvement (6/20)
Epoch 92/200, Batch 100, Aver_Loss: 226.5062
Epoch 92/200, Batch 200, Aver_Loss: 226.1926
Epoch 92/200, Batch 300, Aver_Loss: 259.4288
Epoch 92/200, Batch 400, Aver_Loss: 242.7677
Epoch 92/200, Batch 500, Aver_Loss: 243.8131
[early-stopping] Epoch 92: no improvement (7/20)
Epoch 93/200, Batch 100, Aver_Loss: 237.7534
Epoch 93/200, Batch 200, Aver_Loss: 239.0458
Epoch 93/200, Batch 300, Aver_Loss: 239.3526
Epoch 93/200, Batch 400, Aver_Loss: 244.6540
Epoch 93/200, Batch 500, Aver_Loss: 238.8507
[early-stopping] Epoch 93: no improvement (8/20)
Epoch 94/200, Batch 100, Aver_Loss: 241.5928
Epoch 94/200, Batch 200, Aver_Loss: 242.4484
Epoch 94/200, Batch 300, Aver_Loss: 257.4391
Epoch 94/200, Batch 400, Aver_Loss: 238.9995
Epoch 94/200, Batch 500, Aver_Loss: 236.4520
[early-stopping] Epoch 94: no improvement (9/20)
Epoch 95/200, Batch 100, Aver_Loss: 228.8172
Epoch 95/200, Batch 200, Aver_Loss: 233.7215
Epoch 95/200, Batch 300, Aver_Loss: 233.8540
Epoch 95/200, Batch 400, Aver_Loss: 236.4630
Epoch 95/200, Batch 500, Aver_Loss: 242.0368
[early-stopping] Epoch 95: new best val ELBO = -241.675500
Epoch 96/200, Batch 100, Aver_Loss: 239.4816
Epoch 96/200, Batch 200, Aver_Loss: 251.7396
Epoch 96/200, Batch 300, Aver_Loss: 241.2530
Epoch 96/200, Batch 400, Aver_Loss: 262.3903
Epoch 96/200, Batch 500, Aver_Loss: 231.6042
[early-stopping] Epoch 96: new best val ELBO = -241.670448
Epoch 97/200, Batch 100, Aver_Loss: 250.5856
Epoch 97/200, Batch 200, Aver_Loss: 252.6898
Epoch 97/200, Batch 300, Aver_Loss: 242.2611
Epoch 97/200, Batch 400, Aver_Loss: 239.2933
Epoch 97/200, Batch 500, Aver_Loss: 242.8498
[early-stopping] Epoch 97: new best val ELBO = -241.591458
Epoch 98/200, Batch 100, Aver_Loss: 238.1446
Epoch 98/200, Batch 200, Aver_Loss: 243.9677
Epoch 98/200, Batch 300, Aver_Loss: 250.8785
Epoch 98/200, Batch 400, Aver_Loss: 241.3874
Epoch 98/200, Batch 500, Aver_Loss: 243.2887
[early-stopping] Epoch 98: no improvement (1/20)
Epoch 99/200, Batch 100, Aver_Loss: 248.8263
Epoch 99/200, Batch 200, Aver_Loss: 238.9911
Epoch 99/200, Batch 300, Aver_Loss: 247.0097
Epoch 99/200, Batch 400, Aver_Loss: 229.6930
Epoch 99/200, Batch 500, Aver_Loss: 231.0180
[early-stopping] Epoch 99: no improvement (2/20)
Epoch 100/200, Batch 100, Aver_Loss: 228.5378
Epoch 100/200, Batch 200, Aver_Loss: 233.5126
Epoch 100/200, Batch 300, Aver_Loss: 237.2321
Epoch 100/200, Batch 400, Aver_Loss: 227.2948
Epoch 100/200, Batch 500, Aver_Loss: 245.9880
[early-stopping] Epoch 100: no improvement (3/20)
Epoch 101/200, Batch 100, Aver_Loss: 248.3420
Epoch 101/200, Batch 200, Aver_Loss: 236.0246
Epoch 101/200, Batch 300, Aver_Loss: 239.6530
Epoch 101/200, Batch 400, Aver_Loss: 239.8561
Epoch 101/200, Batch 500, Aver_Loss: 233.7848
[early-stopping] Epoch 101: no improvement (4/20)
Epoch 102/200, Batch 100, Aver_Loss: 248.8416
Epoch 102/200, Batch 200, Aver_Loss: 244.0182
Epoch 102/200, Batch 300, Aver_Loss: 242.7140
Epoch 102/200, Batch 400, Aver_Loss: 240.7641
Epoch 102/200, Batch 500, Aver_Loss: 246.4254
[early-stopping] Epoch 102: no improvement (5/20)
Epoch 103/200, Batch 100, Aver_Loss: 245.2998
Epoch 103/200, Batch 200, Aver_Loss: 237.2638
Epoch 103/200, Batch 300, Aver_Loss: 253.9338
Epoch 103/200, Batch 400, Aver_Loss: 248.5718
Epoch 103/200, Batch 500, Aver_Loss: 234.8046
[early-stopping] Epoch 103: no improvement (6/20)
Epoch 104/200, Batch 100, Aver_Loss: 232.8327
Epoch 104/200, Batch 200, Aver_Loss: 244.5921
Epoch 104/200, Batch 300, Aver_Loss: 250.2018
Epoch 104/200, Batch 400, Aver_Loss: 238.7003
Epoch 104/200, Batch 500, Aver_Loss: 237.3083
[early-stopping] Epoch 104: new best val ELBO = -241.580121
Epoch 105/200, Batch 100, Aver_Loss: 251.6321
Epoch 105/200, Batch 200, Aver_Loss: 241.6166
Epoch 105/200, Batch 300, Aver_Loss: 257.2331
Epoch 105/200, Batch 400, Aver_Loss: 247.7773
Epoch 105/200, Batch 500, Aver_Loss: 231.2750
[early-stopping] Epoch 105: no improvement (1/20)
Epoch 106/200, Batch 100, Aver_Loss: 240.4661
Epoch 106/200, Batch 200, Aver_Loss: 238.8731
Epoch 106/200, Batch 300, Aver_Loss: 235.9267
Epoch 106/200, Batch 400, Aver_Loss: 254.5497
Epoch 106/200, Batch 500, Aver_Loss: 238.1534
[early-stopping] Epoch 106: new best val ELBO = -241.524124
Epoch 107/200, Batch 100, Aver_Loss: 235.4005
Epoch 107/200, Batch 200, Aver_Loss: 243.0174
Epoch 107/200, Batch 300, Aver_Loss: 230.7208
Epoch 107/200, Batch 400, Aver_Loss: 238.0327
Epoch 107/200, Batch 500, Aver_Loss: 241.4272
[early-stopping] Epoch 107: no improvement (1/20)
Epoch 108/200, Batch 100, Aver_Loss: 237.0901
Epoch 108/200, Batch 200, Aver_Loss: 250.3734
Epoch 108/200, Batch 300, Aver_Loss: 238.1990
Epoch 108/200, Batch 400, Aver_Loss: 242.7973
Epoch 108/200, Batch 500, Aver_Loss: 226.1628
[early-stopping] Epoch 108: no improvement (2/20)
Epoch 109/200, Batch 100, Aver_Loss: 249.7468
Epoch 109/200, Batch 200, Aver_Loss: 239.1706
Epoch 109/200, Batch 300, Aver_Loss: 245.4396
Epoch 109/200, Batch 400, Aver_Loss: 248.8213
Epoch 109/200, Batch 500, Aver_Loss: 248.2052
[early-stopping] Epoch 109: no improvement (3/20)
Epoch 110/200, Batch 100, Aver_Loss: 238.3618
Epoch 110/200, Batch 200, Aver_Loss: 241.2554
Epoch 110/200, Batch 300, Aver_Loss: 238.5990
Epoch 110/200, Batch 400, Aver_Loss: 227.5625
Epoch 110/200, Batch 500, Aver_Loss: 241.4836
[early-stopping] Epoch 110: new best val ELBO = -241.419259
Epoch 111/200, Batch 100, Aver_Loss: 243.0162
Epoch 111/200, Batch 200, Aver_Loss: 246.7342
Epoch 111/200, Batch 300, Aver_Loss: 233.3970
Epoch 111/200, Batch 400, Aver_Loss: 249.6947
Epoch 111/200, Batch 500, Aver_Loss: 237.0669
[early-stopping] Epoch 111: no improvement (1/20)
Epoch 112/200, Batch 100, Aver_Loss: 230.6876
Epoch 112/200, Batch 200, Aver_Loss: 248.6867
Epoch 112/200, Batch 300, Aver_Loss: 232.1794
Epoch 112/200, Batch 400, Aver_Loss: 235.0695
Epoch 112/200, Batch 500, Aver_Loss: 252.6197
[early-stopping] Epoch 112: no improvement (2/20)
Epoch 113/200, Batch 100, Aver_Loss: 251.8166
Epoch 113/200, Batch 200, Aver_Loss: 231.0041
Epoch 113/200, Batch 300, Aver_Loss: 247.5905
Epoch 113/200, Batch 400, Aver_Loss: 230.6919
Epoch 113/200, Batch 500, Aver_Loss: 241.0452
[early-stopping] Epoch 113: no improvement (3/20)
Epoch 114/200, Batch 100, Aver_Loss: 233.1865
Epoch 114/200, Batch 200, Aver_Loss: 239.9799
Epoch 114/200, Batch 300, Aver_Loss: 238.1619
Epoch 114/200, Batch 400, Aver_Loss: 238.5717
Epoch 114/200, Batch 500, Aver_Loss: 232.9888
[early-stopping] Epoch 114: no improvement (4/20)
Epoch 115/200, Batch 100, Aver_Loss: 243.2986
Epoch 115/200, Batch 200, Aver_Loss: 237.0275
Epoch 115/200, Batch 300, Aver_Loss: 245.7721
Epoch 115/200, Batch 400, Aver_Loss: 244.2396
Epoch 115/200, Batch 500, Aver_Loss: 233.8280
[early-stopping] Epoch 115: no improvement (5/20)
Epoch 116/200, Batch 100, Aver_Loss: 235.6072
Epoch 116/200, Batch 200, Aver_Loss: 231.2753
Epoch 116/200, Batch 300, Aver_Loss: 237.8518
Epoch 116/200, Batch 400, Aver_Loss: 239.5359
Epoch 116/200, Batch 500, Aver_Loss: 232.2604
[early-stopping] Epoch 116: no improvement (6/20)
Epoch 117/200, Batch 100, Aver_Loss: 246.3731
Epoch 117/200, Batch 200, Aver_Loss: 235.2786
Epoch 117/200, Batch 300, Aver_Loss: 243.3120
Epoch 117/200, Batch 400, Aver_Loss: 247.8956
Epoch 117/200, Batch 500, Aver_Loss: 233.7834
[early-stopping] Epoch 117: no improvement (7/20)
Epoch 118/200, Batch 100, Aver_Loss: 230.9583
Epoch 118/200, Batch 200, Aver_Loss: 250.3758
Epoch 118/200, Batch 300, Aver_Loss: 237.7719
Epoch 118/200, Batch 400, Aver_Loss: 236.0764
Epoch 118/200, Batch 500, Aver_Loss: 246.9765
[early-stopping] Epoch 118: new best val ELBO = -241.383739
Epoch 119/200, Batch 100, Aver_Loss: 237.1895
Epoch 119/200, Batch 200, Aver_Loss: 238.8837
Epoch 119/200, Batch 300, Aver_Loss: 251.5582
Epoch 119/200, Batch 400, Aver_Loss: 238.7152
Epoch 119/200, Batch 500, Aver_Loss: 241.7834
[early-stopping] Epoch 119: no improvement (1/20)
Epoch 120/200, Batch 100, Aver_Loss: 232.3924
Epoch 120/200, Batch 200, Aver_Loss: 238.5168
Epoch 120/200, Batch 300, Aver_Loss: 223.5042
Epoch 120/200, Batch 400, Aver_Loss: 233.9884
Epoch 120/200, Batch 500, Aver_Loss: 235.8421
[early-stopping] Epoch 120: no improvement (2/20)
Epoch 121/200, Batch 100, Aver_Loss: 236.1334
Epoch 121/200, Batch 200, Aver_Loss: 253.9275
Epoch 121/200, Batch 300, Aver_Loss: 235.2783
Epoch 121/200, Batch 400, Aver_Loss: 240.5515
Epoch 121/200, Batch 500, Aver_Loss: 249.2743
[early-stopping] Epoch 121: no improvement (3/20)
Epoch 122/200, Batch 100, Aver_Loss: 230.4896
Epoch 122/200, Batch 200, Aver_Loss: 254.3336
Epoch 122/200, Batch 300, Aver_Loss: 243.6227
Epoch 122/200, Batch 400, Aver_Loss: 243.4345
Epoch 122/200, Batch 500, Aver_Loss: 241.6666
[early-stopping] Epoch 122: no improvement (4/20)
Epoch 123/200, Batch 100, Aver_Loss: 254.3022
Epoch 123/200, Batch 200, Aver_Loss: 238.0794
Epoch 123/200, Batch 300, Aver_Loss: 249.5479
Epoch 123/200, Batch 400, Aver_Loss: 242.3515
Epoch 123/200, Batch 500, Aver_Loss: 254.6030
[early-stopping] Epoch 123: no improvement (5/20)
Epoch 124/200, Batch 100, Aver_Loss: 246.6789
Epoch 124/200, Batch 200, Aver_Loss: 247.3074
Epoch 124/200, Batch 300, Aver_Loss: 256.0546
Epoch 124/200, Batch 400, Aver_Loss: 230.9043
Epoch 124/200, Batch 500, Aver_Loss: 240.0040
[early-stopping] Epoch 124: new best val ELBO = -241.379300
Epoch 125/200, Batch 100, Aver_Loss: 250.0542
Epoch 125/200, Batch 200, Aver_Loss: 231.6962
Epoch 125/200, Batch 300, Aver_Loss: 232.2955
Epoch 125/200, Batch 400, Aver_Loss: 237.5834
Epoch 125/200, Batch 500, Aver_Loss: 234.1588
[early-stopping] Epoch 125: new best val ELBO = -241.270415
Epoch 126/200, Batch 100, Aver_Loss: 244.4862
Epoch 126/200, Batch 200, Aver_Loss: 236.1139
Epoch 126/200, Batch 300, Aver_Loss: 239.2837
Epoch 126/200, Batch 400, Aver_Loss: 252.9134
Epoch 126/200, Batch 500, Aver_Loss: 239.9507
[early-stopping] Epoch 126: no improvement (1/20)
Epoch 127/200, Batch 100, Aver_Loss: 229.5100
Epoch 127/200, Batch 200, Aver_Loss: 240.2011
Epoch 127/200, Batch 300, Aver_Loss: 245.7048
Epoch 127/200, Batch 400, Aver_Loss: 237.8257
Epoch 127/200, Batch 500, Aver_Loss: 237.5831
[early-stopping] Epoch 127: no improvement (2/20)
Epoch 128/200, Batch 100, Aver_Loss: 248.2363
Epoch 128/200, Batch 200, Aver_Loss: 237.7457
Epoch 128/200, Batch 300, Aver_Loss: 236.1773
Epoch 128/200, Batch 400, Aver_Loss: 243.5925
Epoch 128/200, Batch 500, Aver_Loss: 240.9487
[early-stopping] Epoch 128: no improvement (3/20)
Epoch 129/200, Batch 100, Aver_Loss: 249.8881
Epoch 129/200, Batch 200, Aver_Loss: 233.4093
Epoch 129/200, Batch 300, Aver_Loss: 239.5562
Epoch 129/200, Batch 400, Aver_Loss: 247.9233
Epoch 129/200, Batch 500, Aver_Loss: 238.7875
[early-stopping] Epoch 129: new best val ELBO = -241.229671
Epoch 130/200, Batch 100, Aver_Loss: 229.9500
Epoch 130/200, Batch 200, Aver_Loss: 223.1620
Epoch 130/200, Batch 300, Aver_Loss: 247.4154
Epoch 130/200, Batch 400, Aver_Loss: 235.8924
Epoch 130/200, Batch 500, Aver_Loss: 241.1526
[early-stopping] Epoch 130: no improvement (1/20)
Epoch 131/200, Batch 100, Aver_Loss: 245.4243
Epoch 131/200, Batch 200, Aver_Loss: 245.9258
Epoch 131/200, Batch 300, Aver_Loss: 238.9711
Epoch 131/200, Batch 400, Aver_Loss: 236.9173
Epoch 131/200, Batch 500, Aver_Loss: 238.6063
[early-stopping] Epoch 131: no improvement (2/20)
Epoch 132/200, Batch 100, Aver_Loss: 240.2096
Epoch 132/200, Batch 200, Aver_Loss: 247.6399
Epoch 132/200, Batch 300, Aver_Loss: 241.0263
Epoch 132/200, Batch 400, Aver_Loss: 244.3092
Epoch 132/200, Batch 500, Aver_Loss: 244.8324
[early-stopping] Epoch 132: no improvement (3/20)
Epoch 133/200, Batch 100, Aver_Loss: 241.3214
Epoch 133/200, Batch 200, Aver_Loss: 250.4900
Epoch 133/200, Batch 300, Aver_Loss: 235.0271
Epoch 133/200, Batch 400, Aver_Loss: 237.3510
Epoch 133/200, Batch 500, Aver_Loss: 233.9739
[early-stopping] Epoch 133: no improvement (4/20)
Epoch 134/200, Batch 100, Aver_Loss: 235.8187
Epoch 134/200, Batch 200, Aver_Loss: 234.6690
Epoch 134/200, Batch 300, Aver_Loss: 234.6554
Epoch 134/200, Batch 400, Aver_Loss: 241.4999
Epoch 134/200, Batch 500, Aver_Loss: 235.9464
[early-stopping] Epoch 134: no improvement (5/20)
Epoch 135/200, Batch 100, Aver_Loss: 227.9810
Epoch 135/200, Batch 200, Aver_Loss: 240.2252
Epoch 135/200, Batch 300, Aver_Loss: 249.3753
Epoch 135/200, Batch 400, Aver_Loss: 219.9109
Epoch 135/200, Batch 500, Aver_Loss: 238.5678
[early-stopping] Epoch 135: no improvement (6/20)
Epoch 136/200, Batch 100, Aver_Loss: 231.3510
Epoch 136/200, Batch 200, Aver_Loss: 253.9117
Epoch 136/200, Batch 300, Aver_Loss: 231.7531
Epoch 136/200, Batch 400, Aver_Loss: 246.6255
Epoch 136/200, Batch 500, Aver_Loss: 233.2576
[early-stopping] Epoch 136: no improvement (7/20)
Epoch 137/200, Batch 100, Aver_Loss: 227.2977
Epoch 137/200, Batch 200, Aver_Loss: 247.9135
Epoch 137/200, Batch 300, Aver_Loss: 233.2956
Epoch 137/200, Batch 400, Aver_Loss: 248.1687
Epoch 137/200, Batch 500, Aver_Loss: 241.3775
[early-stopping] Epoch 137: no improvement (8/20)
Epoch 138/200, Batch 100, Aver_Loss: 245.4155
Epoch 138/200, Batch 200, Aver_Loss: 245.6876
Epoch 138/200, Batch 300, Aver_Loss: 246.9096
Epoch 138/200, Batch 400, Aver_Loss: 245.9630
Epoch 138/200, Batch 500, Aver_Loss: 241.7811
[early-stopping] Epoch 138: no improvement (9/20)
Epoch 139/200, Batch 100, Aver_Loss: 228.2169
Epoch 139/200, Batch 200, Aver_Loss: 235.0590
Epoch 139/200, Batch 300, Aver_Loss: 243.8279
Epoch 139/200, Batch 400, Aver_Loss: 241.4836
Epoch 139/200, Batch 500, Aver_Loss: 258.8376
[early-stopping] Epoch 139: no improvement (10/20)
Epoch 140/200, Batch 100, Aver_Loss: 235.4082
Epoch 140/200, Batch 200, Aver_Loss: 230.7336
Epoch 140/200, Batch 300, Aver_Loss: 228.7500
Epoch 140/200, Batch 400, Aver_Loss: 234.7388
Epoch 140/200, Batch 500, Aver_Loss: 240.3228
[early-stopping] Epoch 140: no improvement (11/20)
Epoch 141/200, Batch 100, Aver_Loss: 241.5973
Epoch 141/200, Batch 200, Aver_Loss: 239.4797
Epoch 141/200, Batch 300, Aver_Loss: 240.6312
Epoch 141/200, Batch 400, Aver_Loss: 240.7916
Epoch 141/200, Batch 500, Aver_Loss: 229.3589
[early-stopping] Epoch 141: no improvement (12/20)
Epoch 142/200, Batch 100, Aver_Loss: 260.0112
Epoch 142/200, Batch 200, Aver_Loss: 241.6344
Epoch 142/200, Batch 300, Aver_Loss: 256.1143
Epoch 142/200, Batch 400, Aver_Loss: 244.4072
Epoch 142/200, Batch 500, Aver_Loss: 232.9362
[early-stopping] Epoch 142: no improvement (13/20)
Epoch 143/200, Batch 100, Aver_Loss: 238.5880
Epoch 143/200, Batch 200, Aver_Loss: 237.3169
Epoch 143/200, Batch 300, Aver_Loss: 237.1065
Epoch 143/200, Batch 400, Aver_Loss: 239.6772
Epoch 143/200, Batch 500, Aver_Loss: 234.4892
[early-stopping] Epoch 143: no improvement (14/20)
Epoch 144/200, Batch 100, Aver_Loss: 244.1924
Epoch 144/200, Batch 200, Aver_Loss: 235.5955
Epoch 144/200, Batch 300, Aver_Loss: 242.7535
Epoch 144/200, Batch 400, Aver_Loss: 238.7355
Epoch 144/200, Batch 500, Aver_Loss: 233.4727
[early-stopping] Epoch 144: no improvement (15/20)
Epoch 145/200, Batch 100, Aver_Loss: 233.2098
Epoch 145/200, Batch 200, Aver_Loss: 246.9597
Epoch 145/200, Batch 300, Aver_Loss: 230.2686
Epoch 145/200, Batch 400, Aver_Loss: 235.2946
Epoch 145/200, Batch 500, Aver_Loss: 241.8918
[early-stopping] Epoch 145: no improvement (16/20)
Epoch 146/200, Batch 100, Aver_Loss: 250.2605
Epoch 146/200, Batch 200, Aver_Loss: 231.7845
Epoch 146/200, Batch 300, Aver_Loss: 244.4404
Epoch 146/200, Batch 400, Aver_Loss: 250.7973
Epoch 146/200, Batch 500, Aver_Loss: 248.7286
[early-stopping] Epoch 146: new best val ELBO = -241.187569
Epoch 147/200, Batch 100, Aver_Loss: 223.0788
Epoch 147/200, Batch 200, Aver_Loss: 240.0033
Epoch 147/200, Batch 300, Aver_Loss: 232.9522
Epoch 147/200, Batch 400, Aver_Loss: 247.2616
Epoch 147/200, Batch 500, Aver_Loss: 233.9639
[early-stopping] Epoch 147: no improvement (1/20)
Epoch 148/200, Batch 100, Aver_Loss: 235.3164
Epoch 148/200, Batch 200, Aver_Loss: 237.3088
Epoch 148/200, Batch 300, Aver_Loss: 242.5550
Epoch 148/200, Batch 400, Aver_Loss: 244.3462
Epoch 148/200, Batch 500, Aver_Loss: 231.5827
[early-stopping] Epoch 148: no improvement (2/20)
Epoch 149/200, Batch 100, Aver_Loss: 238.8371
Epoch 149/200, Batch 200, Aver_Loss: 226.6975
Epoch 149/200, Batch 300, Aver_Loss: 231.2023
Epoch 149/200, Batch 400, Aver_Loss: 236.5209
Epoch 149/200, Batch 500, Aver_Loss: 251.8167
[early-stopping] Epoch 149: no improvement (3/20)
Epoch 150/200, Batch 100, Aver_Loss: 232.9896
Epoch 150/200, Batch 200, Aver_Loss: 240.0758
Epoch 150/200, Batch 300, Aver_Loss: 251.9082
Epoch 150/200, Batch 400, Aver_Loss: 247.1160
Epoch 150/200, Batch 500, Aver_Loss: 233.8186
[early-stopping] Epoch 150: no improvement (4/20)
Epoch 151/200, Batch 100, Aver_Loss: 238.8354
Epoch 151/200, Batch 200, Aver_Loss: 244.2252
Epoch 151/200, Batch 300, Aver_Loss: 242.8284
Epoch 151/200, Batch 400, Aver_Loss: 235.7174
Epoch 151/200, Batch 500, Aver_Loss: 236.2158
[early-stopping] Epoch 151: no improvement (5/20)
Epoch 152/200, Batch 100, Aver_Loss: 232.0137
Epoch 152/200, Batch 200, Aver_Loss: 239.9269
Epoch 152/200, Batch 300, Aver_Loss: 250.3158
Epoch 152/200, Batch 400, Aver_Loss: 244.7469
Epoch 152/200, Batch 500, Aver_Loss: 240.3771
[early-stopping] Epoch 152: no improvement (6/20)
Epoch 153/200, Batch 100, Aver_Loss: 243.5124
Epoch 153/200, Batch 200, Aver_Loss: 235.9086
Epoch 153/200, Batch 300, Aver_Loss: 249.9745
Epoch 153/200, Batch 400, Aver_Loss: 249.5606
Epoch 153/200, Batch 500, Aver_Loss: 237.0819
[early-stopping] Epoch 153: no improvement (7/20)
Epoch 154/200, Batch 100, Aver_Loss: 234.9175
Epoch 154/200, Batch 200, Aver_Loss: 236.0451
Epoch 154/200, Batch 300, Aver_Loss: 242.4778
Epoch 154/200, Batch 400, Aver_Loss: 246.5791
Epoch 154/200, Batch 500, Aver_Loss: 230.6670
[early-stopping] Epoch 154: no improvement (8/20)
Epoch 155/200, Batch 100, Aver_Loss: 259.8972
Epoch 155/200, Batch 200, Aver_Loss: 229.7320
Epoch 155/200, Batch 300, Aver_Loss: 242.4123
Epoch 155/200, Batch 400, Aver_Loss: 231.1654
Epoch 155/200, Batch 500, Aver_Loss: 248.1320
[early-stopping] Epoch 155: no improvement (9/20)
Epoch 156/200, Batch 100, Aver_Loss: 228.7236
Epoch 156/200, Batch 200, Aver_Loss: 238.1773
Epoch 156/200, Batch 300, Aver_Loss: 235.8053
Epoch 156/200, Batch 400, Aver_Loss: 237.8000
Epoch 156/200, Batch 500, Aver_Loss: 225.1396
[early-stopping] Epoch 156: no improvement (10/20)
Epoch 157/200, Batch 100, Aver_Loss: 240.1631
Epoch 157/200, Batch 200, Aver_Loss: 232.4961
Epoch 157/200, Batch 300, Aver_Loss: 242.5696
Epoch 157/200, Batch 400, Aver_Loss: 246.9541
Epoch 157/200, Batch 500, Aver_Loss: 240.9508
[early-stopping] Epoch 157: new best val ELBO = -241.154470
Epoch 158/200, Batch 100, Aver_Loss: 235.0757
Epoch 158/200, Batch 200, Aver_Loss: 255.3050
Epoch 158/200, Batch 300, Aver_Loss: 247.2736
Epoch 158/200, Batch 400, Aver_Loss: 227.2839
Epoch 158/200, Batch 500, Aver_Loss: 240.5475
[early-stopping] Epoch 158: new best val ELBO = -240.951946
Epoch 159/200, Batch 100, Aver_Loss: 240.1619
Epoch 159/200, Batch 200, Aver_Loss: 236.1422
Epoch 159/200, Batch 300, Aver_Loss: 254.7167
Epoch 159/200, Batch 400, Aver_Loss: 237.7473
Epoch 159/200, Batch 500, Aver_Loss: 239.0650
[early-stopping] Epoch 159: no improvement (1/20)
Epoch 160/200, Batch 100, Aver_Loss: 240.3769
Epoch 160/200, Batch 200, Aver_Loss: 239.5693
Epoch 160/200, Batch 300, Aver_Loss: 229.3310
Epoch 160/200, Batch 400, Aver_Loss: 247.8558
Epoch 160/200, Batch 500, Aver_Loss: 236.6332
[early-stopping] Epoch 160: no improvement (2/20)
Epoch 161/200, Batch 100, Aver_Loss: 227.6964
Epoch 161/200, Batch 200, Aver_Loss: 254.7756
Epoch 161/200, Batch 300, Aver_Loss: 242.9907
Epoch 161/200, Batch 400, Aver_Loss: 250.0321
Epoch 161/200, Batch 500, Aver_Loss: 251.7845
[early-stopping] Epoch 161: no improvement (3/20)
Epoch 162/200, Batch 100, Aver_Loss: 245.6904
Epoch 162/200, Batch 200, Aver_Loss: 227.5103
Epoch 162/200, Batch 300, Aver_Loss: 247.0698
Epoch 162/200, Batch 400, Aver_Loss: 230.0126
Epoch 162/200, Batch 500, Aver_Loss: 247.4862
[early-stopping] Epoch 162: no improvement (4/20)
Epoch 163/200, Batch 100, Aver_Loss: 235.6047
Epoch 163/200, Batch 200, Aver_Loss: 239.7599
Epoch 163/200, Batch 300, Aver_Loss: 236.2441
Epoch 163/200, Batch 400, Aver_Loss: 240.9260
Epoch 163/200, Batch 500, Aver_Loss: 251.4398
[early-stopping] Epoch 163: no improvement (5/20)
Epoch 164/200, Batch 100, Aver_Loss: 228.4349
Epoch 164/200, Batch 200, Aver_Loss: 241.9718
Epoch 164/200, Batch 300, Aver_Loss: 243.6496
Epoch 164/200, Batch 400, Aver_Loss: 225.8589
Epoch 164/200, Batch 500, Aver_Loss: 237.9113
[early-stopping] Epoch 164: no improvement (6/20)
Epoch 165/200, Batch 100, Aver_Loss: 238.3461
Epoch 165/200, Batch 200, Aver_Loss: 240.2948
Epoch 165/200, Batch 300, Aver_Loss: 245.7935
Epoch 165/200, Batch 400, Aver_Loss: 236.1298
Epoch 165/200, Batch 500, Aver_Loss: 237.8904
[early-stopping] Epoch 165: no improvement (7/20)
Epoch 166/200, Batch 100, Aver_Loss: 243.9590
Epoch 166/200, Batch 200, Aver_Loss: 247.9970
Epoch 166/200, Batch 300, Aver_Loss: 246.8649
Epoch 166/200, Batch 400, Aver_Loss: 244.5908
Epoch 166/200, Batch 500, Aver_Loss: 241.1911
[early-stopping] Epoch 166: no improvement (8/20)
Epoch 167/200, Batch 100, Aver_Loss: 249.5038
Epoch 167/200, Batch 200, Aver_Loss: 231.7446
Epoch 167/200, Batch 300, Aver_Loss: 241.1627
Epoch 167/200, Batch 400, Aver_Loss: 232.8827
Epoch 167/200, Batch 500, Aver_Loss: 239.4335
[early-stopping] Epoch 167: no improvement (9/20)
Epoch 168/200, Batch 100, Aver_Loss: 233.6296
Epoch 168/200, Batch 200, Aver_Loss: 234.3577
Epoch 168/200, Batch 300, Aver_Loss: 247.3738
Epoch 168/200, Batch 400, Aver_Loss: 244.2756
Epoch 168/200, Batch 500, Aver_Loss: 233.5521
[early-stopping] Epoch 168: no improvement (10/20)
Epoch 169/200, Batch 100, Aver_Loss: 247.9192
Epoch 169/200, Batch 200, Aver_Loss: 236.4298
Epoch 169/200, Batch 300, Aver_Loss: 246.3254
Epoch 169/200, Batch 400, Aver_Loss: 241.4006
Epoch 169/200, Batch 500, Aver_Loss: 243.7253
[early-stopping] Epoch 169: no improvement (11/20)
Epoch 170/200, Batch 100, Aver_Loss: 234.6232
Epoch 170/200, Batch 200, Aver_Loss: 226.7451
Epoch 170/200, Batch 300, Aver_Loss: 253.3747
Epoch 170/200, Batch 400, Aver_Loss: 241.6529
Epoch 170/200, Batch 500, Aver_Loss: 238.8126
[early-stopping] Epoch 170: no improvement (12/20)
Epoch 171/200, Batch 100, Aver_Loss: 233.2489
Epoch 171/200, Batch 200, Aver_Loss: 242.5793
Epoch 171/200, Batch 300, Aver_Loss: 234.8340
Epoch 171/200, Batch 400, Aver_Loss: 246.5435
Epoch 171/200, Batch 500, Aver_Loss: 235.1208
[early-stopping] Epoch 171: no improvement (13/20)
Epoch 172/200, Batch 100, Aver_Loss: 244.3842
Epoch 172/200, Batch 200, Aver_Loss: 248.8680
Epoch 172/200, Batch 300, Aver_Loss: 260.5460
Epoch 172/200, Batch 400, Aver_Loss: 231.5072
Epoch 172/200, Batch 500, Aver_Loss: 248.1153
[early-stopping] Epoch 172: no improvement (14/20)
Epoch 173/200, Batch 100, Aver_Loss: 247.2615
Epoch 173/200, Batch 200, Aver_Loss: 223.7231
Epoch 173/200, Batch 300, Aver_Loss: 238.8395
Epoch 173/200, Batch 400, Aver_Loss: 247.9757
Epoch 173/200, Batch 500, Aver_Loss: 233.1589
[early-stopping] Epoch 173: no improvement (15/20)
Epoch 174/200, Batch 100, Aver_Loss: 247.1799
Epoch 174/200, Batch 200, Aver_Loss: 248.7184
Epoch 174/200, Batch 300, Aver_Loss: 227.0126
Epoch 174/200, Batch 400, Aver_Loss: 243.2624
Epoch 174/200, Batch 500, Aver_Loss: 240.6403
[early-stopping] Epoch 174: no improvement (16/20)
Epoch 175/200, Batch 100, Aver_Loss: 234.2007
Epoch 175/200, Batch 200, Aver_Loss: 245.1012
Epoch 175/200, Batch 300, Aver_Loss: 229.2002
Epoch 175/200, Batch 400, Aver_Loss: 255.6651
Epoch 175/200, Batch 500, Aver_Loss: 246.9984
[early-stopping] Epoch 175: no improvement (17/20)
Epoch 176/200, Batch 100, Aver_Loss: 237.5145
Epoch 176/200, Batch 200, Aver_Loss: 236.3156
Epoch 176/200, Batch 300, Aver_Loss: 242.4408
Epoch 176/200, Batch 400, Aver_Loss: 233.6325
Epoch 176/200, Batch 500, Aver_Loss: 241.2061
[early-stopping] Epoch 176: no improvement (18/20)
Epoch 177/200, Batch 100, Aver_Loss: 238.3249
Epoch 177/200, Batch 200, Aver_Loss: 230.0407
Epoch 177/200, Batch 300, Aver_Loss: 239.5683
Epoch 177/200, Batch 400, Aver_Loss: 241.4113
Epoch 177/200, Batch 500, Aver_Loss: 241.1664
[early-stopping] Epoch 177: no improvement (19/20)
Epoch 178/200, Batch 100, Aver_Loss: 239.4902
Epoch 178/200, Batch 200, Aver_Loss: 231.3573
Epoch 178/200, Batch 300, Aver_Loss: 234.8521
Epoch 178/200, Batch 400, Aver_Loss: 234.2668
Epoch 178/200, Batch 500, Aver_Loss: 243.3530
[early-stopping] Epoch 178: no improvement (20/20)
[early-stopping] Patience reached. Stopping at epoch 178. Best epoch: 158, best val ELBO: -240.951946
[early-stopping] Loaded best model from epoch 158 (val ELBO = -240.951946)
[checkpoint] Saved best model to: trained_parameters/fashion_mnist_zdim512_VAE.pkl
[saved curves] ./results/FASHION_MNIST/curves/fashion_mnist_vae_d512_s777.json

==== Evaluation Summary ====
                 model: vae
   recon/mse_per_pixel: 0.015683
            elbo/train: -240.451508
             elbo/test: -240.964198
             mse/train: 0.015413
              mse/test: 0.015683
             probe/acc: 0.864857
             probe/nll: 0.388742
           probe/brier: 0.196684
             probe/ece: 0.027692
           cluster/nmi: 0.529851
           cluster/ari: 0.377593
============================

