/usr/bin/which: no fi_info in (/arf/home/meyavuz/.local/bin:/arf/sw/comp/python/intelpython3/condabin:/arf/sw/comp/python/intelpython3/bin:/usr/share/Modules/bin:/usr/local/bin:/usr/bin:/usr/local/sbin:/usr/sbin)
Extension for Scikit-learn* enabled (https://github.com/uxlfoundation/scikit-learn-intelex)
/arf/home/meyavuz/.conda/envs/sbn/lib/python3.9/site-packages/sklearn/linear_model/_logistic.py:1247: FutureWarning: 'multi_class' was deprecated in version 1.5 and will be removed in 1.7. From then on, it will always use 'multinomial'. Leave it to its default value to avoid this warning.
  warnings.warn(
Epoch 1/200, Batch 100, Aver_Loss: 298.0526
Epoch 1/200, Batch 200, Aver_Loss: 281.0217
Epoch 1/200, Batch 300, Aver_Loss: 274.0491
Epoch 1/200, Batch 400, Aver_Loss: 274.5706
Epoch 1/200, Batch 500, Aver_Loss: 278.7153
[early-stopping] Epoch 1: new best val ELBO = -261.693774
Epoch 2/200, Batch 100, Aver_Loss: 253.0244
Epoch 2/200, Batch 200, Aver_Loss: 268.4544
Epoch 2/200, Batch 300, Aver_Loss: 255.0422
Epoch 2/200, Batch 400, Aver_Loss: 257.3713
Epoch 2/200, Batch 500, Aver_Loss: 256.5255
[early-stopping] Epoch 2: new best val ELBO = -257.143845
Epoch 3/200, Batch 100, Aver_Loss: 241.3504
Epoch 3/200, Batch 200, Aver_Loss: 242.5429
Epoch 3/200, Batch 300, Aver_Loss: 258.8238
Epoch 3/200, Batch 400, Aver_Loss: 254.1119
Epoch 3/200, Batch 500, Aver_Loss: 252.3425
[early-stopping] Epoch 3: new best val ELBO = -253.380033
Epoch 4/200, Batch 100, Aver_Loss: 250.6854
Epoch 4/200, Batch 200, Aver_Loss: 255.5679
Epoch 4/200, Batch 300, Aver_Loss: 248.8593
Epoch 4/200, Batch 400, Aver_Loss: 248.4417
Epoch 4/200, Batch 500, Aver_Loss: 238.9021
[early-stopping] Epoch 4: new best val ELBO = -250.535295
Epoch 5/200, Batch 100, Aver_Loss: 247.1921
Epoch 5/200, Batch 200, Aver_Loss: 245.1630
Epoch 5/200, Batch 300, Aver_Loss: 254.4584
Epoch 5/200, Batch 400, Aver_Loss: 250.6650
Epoch 5/200, Batch 500, Aver_Loss: 250.3133
[early-stopping] Epoch 5: new best val ELBO = -249.166195
Epoch 6/200, Batch 100, Aver_Loss: 247.6962
Epoch 6/200, Batch 200, Aver_Loss: 261.9549
Epoch 6/200, Batch 300, Aver_Loss: 245.5738
Epoch 6/200, Batch 400, Aver_Loss: 246.1934
Epoch 6/200, Batch 500, Aver_Loss: 254.0256
[early-stopping] Epoch 6: new best val ELBO = -247.723116
Epoch 7/200, Batch 100, Aver_Loss: 262.4222
Epoch 7/200, Batch 200, Aver_Loss: 262.5317
Epoch 7/200, Batch 300, Aver_Loss: 252.5304
Epoch 7/200, Batch 400, Aver_Loss: 249.4333
Epoch 7/200, Batch 500, Aver_Loss: 237.7361
[early-stopping] Epoch 7: new best val ELBO = -246.206350
Epoch 8/200, Batch 100, Aver_Loss: 247.0200
Epoch 8/200, Batch 200, Aver_Loss: 244.6090
Epoch 8/200, Batch 300, Aver_Loss: 240.7437
Epoch 8/200, Batch 400, Aver_Loss: 245.1756
Epoch 8/200, Batch 500, Aver_Loss: 244.0932
[early-stopping] Epoch 8: new best val ELBO = -245.766746
Epoch 9/200, Batch 100, Aver_Loss: 229.4833
Epoch 9/200, Batch 200, Aver_Loss: 252.8752
Epoch 9/200, Batch 300, Aver_Loss: 244.2690
Epoch 9/200, Batch 400, Aver_Loss: 241.9639
Epoch 9/200, Batch 500, Aver_Loss: 247.7458
[early-stopping] Epoch 9: new best val ELBO = -244.888564
Epoch 10/200, Batch 100, Aver_Loss: 245.6762
Epoch 10/200, Batch 200, Aver_Loss: 249.9386
Epoch 10/200, Batch 300, Aver_Loss: 240.7276
Epoch 10/200, Batch 400, Aver_Loss: 240.7573
Epoch 10/200, Batch 500, Aver_Loss: 251.3824
[early-stopping] Epoch 10: new best val ELBO = -244.191108
Epoch 11/200, Batch 100, Aver_Loss: 234.3957
Epoch 11/200, Batch 200, Aver_Loss: 235.7375
Epoch 11/200, Batch 300, Aver_Loss: 240.9314
Epoch 11/200, Batch 400, Aver_Loss: 244.7269
Epoch 11/200, Batch 500, Aver_Loss: 244.6414
[early-stopping] Epoch 11: new best val ELBO = -243.730858
Epoch 12/200, Batch 100, Aver_Loss: 233.5952
Epoch 12/200, Batch 200, Aver_Loss: 246.2642
Epoch 12/200, Batch 300, Aver_Loss: 248.0640
Epoch 12/200, Batch 400, Aver_Loss: 248.4727
Epoch 12/200, Batch 500, Aver_Loss: 244.0471
[early-stopping] Epoch 12: no improvement (1/20)
Epoch 13/200, Batch 100, Aver_Loss: 249.9438
Epoch 13/200, Batch 200, Aver_Loss: 239.9555
Epoch 13/200, Batch 300, Aver_Loss: 248.9804
Epoch 13/200, Batch 400, Aver_Loss: 241.8050
Epoch 13/200, Batch 500, Aver_Loss: 238.2594
[early-stopping] Epoch 13: new best val ELBO = -243.169907
Epoch 14/200, Batch 100, Aver_Loss: 247.3540
Epoch 14/200, Batch 200, Aver_Loss: 236.3447
Epoch 14/200, Batch 300, Aver_Loss: 239.4493
Epoch 14/200, Batch 400, Aver_Loss: 238.8412
Epoch 14/200, Batch 500, Aver_Loss: 243.9210
[early-stopping] Epoch 14: new best val ELBO = -242.766586
Epoch 15/200, Batch 100, Aver_Loss: 247.2341
Epoch 15/200, Batch 200, Aver_Loss: 237.8432
Epoch 15/200, Batch 300, Aver_Loss: 254.3465
Epoch 15/200, Batch 400, Aver_Loss: 247.2901
Epoch 15/200, Batch 500, Aver_Loss: 233.3481
[early-stopping] Epoch 15: new best val ELBO = -242.604188
Epoch 16/200, Batch 100, Aver_Loss: 242.9070
Epoch 16/200, Batch 200, Aver_Loss: 245.5260
Epoch 16/200, Batch 300, Aver_Loss: 243.3954
Epoch 16/200, Batch 400, Aver_Loss: 246.2597
Epoch 16/200, Batch 500, Aver_Loss: 243.0559
[early-stopping] Epoch 16: new best val ELBO = -242.591930
Epoch 17/200, Batch 100, Aver_Loss: 249.4819
Epoch 17/200, Batch 200, Aver_Loss: 243.9287
Epoch 17/200, Batch 300, Aver_Loss: 233.3991
Epoch 17/200, Batch 400, Aver_Loss: 236.3170
Epoch 17/200, Batch 500, Aver_Loss: 241.6378
[early-stopping] Epoch 17: new best val ELBO = -242.474938
Epoch 18/200, Batch 100, Aver_Loss: 242.6881
Epoch 18/200, Batch 200, Aver_Loss: 240.9561
Epoch 18/200, Batch 300, Aver_Loss: 251.7530
Epoch 18/200, Batch 400, Aver_Loss: 245.0881
Epoch 18/200, Batch 500, Aver_Loss: 250.6226
[early-stopping] Epoch 18: new best val ELBO = -242.473842
Epoch 19/200, Batch 100, Aver_Loss: 252.5847
Epoch 19/200, Batch 200, Aver_Loss: 236.1647
Epoch 19/200, Batch 300, Aver_Loss: 239.3316
Epoch 19/200, Batch 400, Aver_Loss: 231.9449
Epoch 19/200, Batch 500, Aver_Loss: 242.1476
[early-stopping] Epoch 19: new best val ELBO = -241.873944
Epoch 20/200, Batch 100, Aver_Loss: 239.3130
Epoch 20/200, Batch 200, Aver_Loss: 232.0431
Epoch 20/200, Batch 300, Aver_Loss: 249.0704
Epoch 20/200, Batch 400, Aver_Loss: 235.3769
Epoch 20/200, Batch 500, Aver_Loss: 244.9883
[early-stopping] Epoch 20: new best val ELBO = -241.720294
Epoch 21/200, Batch 100, Aver_Loss: 235.7126
Epoch 21/200, Batch 200, Aver_Loss: 252.1836
Epoch 21/200, Batch 300, Aver_Loss: 236.9782
Epoch 21/200, Batch 400, Aver_Loss: 245.3728
Epoch 21/200, Batch 500, Aver_Loss: 230.7903
[early-stopping] Epoch 21: no improvement (1/20)
Epoch 22/200, Batch 100, Aver_Loss: 244.8309
Epoch 22/200, Batch 200, Aver_Loss: 260.2544
Epoch 22/200, Batch 300, Aver_Loss: 248.5240
Epoch 22/200, Batch 400, Aver_Loss: 234.2787
Epoch 22/200, Batch 500, Aver_Loss: 251.2599
[early-stopping] Epoch 22: new best val ELBO = -241.692768
Epoch 23/200, Batch 100, Aver_Loss: 252.5269
Epoch 23/200, Batch 200, Aver_Loss: 240.5042
Epoch 23/200, Batch 300, Aver_Loss: 245.2800
Epoch 23/200, Batch 400, Aver_Loss: 247.7127
Epoch 23/200, Batch 500, Aver_Loss: 248.0908
[early-stopping] Epoch 23: new best val ELBO = -241.632944
Epoch 24/200, Batch 100, Aver_Loss: 244.7348
Epoch 24/200, Batch 200, Aver_Loss: 242.1379
Epoch 24/200, Batch 300, Aver_Loss: 236.5641
Epoch 24/200, Batch 400, Aver_Loss: 238.6745
Epoch 24/200, Batch 500, Aver_Loss: 253.4521
[early-stopping] Epoch 24: new best val ELBO = -241.234248
Epoch 25/200, Batch 100, Aver_Loss: 248.8454
Epoch 25/200, Batch 200, Aver_Loss: 239.6342
Epoch 25/200, Batch 300, Aver_Loss: 243.7738
Epoch 25/200, Batch 400, Aver_Loss: 239.5489
Epoch 25/200, Batch 500, Aver_Loss: 241.3035
[early-stopping] Epoch 25: no improvement (1/20)
Epoch 26/200, Batch 100, Aver_Loss: 245.0827
Epoch 26/200, Batch 200, Aver_Loss: 249.7236
Epoch 26/200, Batch 300, Aver_Loss: 237.1224
Epoch 26/200, Batch 400, Aver_Loss: 240.7521
Epoch 26/200, Batch 500, Aver_Loss: 238.8813
[early-stopping] Epoch 26: no improvement (2/20)
Epoch 27/200, Batch 100, Aver_Loss: 242.7150
Epoch 27/200, Batch 200, Aver_Loss: 260.9302
Epoch 27/200, Batch 300, Aver_Loss: 242.1211
Epoch 27/200, Batch 400, Aver_Loss: 238.1696
Epoch 27/200, Batch 500, Aver_Loss: 244.1953
[early-stopping] Epoch 27: new best val ELBO = -241.059753
Epoch 28/200, Batch 100, Aver_Loss: 236.6406
Epoch 28/200, Batch 200, Aver_Loss: 232.7741
Epoch 28/200, Batch 300, Aver_Loss: 239.0454
Epoch 28/200, Batch 400, Aver_Loss: 231.4792
Epoch 28/200, Batch 500, Aver_Loss: 239.3038
[early-stopping] Epoch 28: new best val ELBO = -240.978104
Epoch 29/200, Batch 100, Aver_Loss: 233.1188
Epoch 29/200, Batch 200, Aver_Loss: 235.1770
Epoch 29/200, Batch 300, Aver_Loss: 229.1566
Epoch 29/200, Batch 400, Aver_Loss: 244.7952
Epoch 29/200, Batch 500, Aver_Loss: 243.6977
[early-stopping] Epoch 29: new best val ELBO = -240.660965
Epoch 30/200, Batch 100, Aver_Loss: 233.6791
Epoch 30/200, Batch 200, Aver_Loss: 237.9943
Epoch 30/200, Batch 300, Aver_Loss: 235.7946
Epoch 30/200, Batch 400, Aver_Loss: 231.0224
Epoch 30/200, Batch 500, Aver_Loss: 235.4086
[early-stopping] Epoch 30: new best val ELBO = -240.650690
Epoch 31/200, Batch 100, Aver_Loss: 242.8295
Epoch 31/200, Batch 200, Aver_Loss: 230.1266
Epoch 31/200, Batch 300, Aver_Loss: 238.8147
Epoch 31/200, Batch 400, Aver_Loss: 237.8752
Epoch 31/200, Batch 500, Aver_Loss: 251.2515
[early-stopping] Epoch 31: no improvement (1/20)
Epoch 32/200, Batch 100, Aver_Loss: 245.2196
Epoch 32/200, Batch 200, Aver_Loss: 240.4852
Epoch 32/200, Batch 300, Aver_Loss: 235.7318
Epoch 32/200, Batch 400, Aver_Loss: 234.1674
Epoch 32/200, Batch 500, Aver_Loss: 228.6362
[early-stopping] Epoch 32: new best val ELBO = -240.633417
Epoch 33/200, Batch 100, Aver_Loss: 244.2126
Epoch 33/200, Batch 200, Aver_Loss: 229.0216
Epoch 33/200, Batch 300, Aver_Loss: 253.4797
Epoch 33/200, Batch 400, Aver_Loss: 231.0952
Epoch 33/200, Batch 500, Aver_Loss: 236.8885
[early-stopping] Epoch 33: no improvement (1/20)
Epoch 34/200, Batch 100, Aver_Loss: 247.9365
Epoch 34/200, Batch 200, Aver_Loss: 237.9321
Epoch 34/200, Batch 300, Aver_Loss: 246.7514
Epoch 34/200, Batch 400, Aver_Loss: 237.1531
Epoch 34/200, Batch 500, Aver_Loss: 244.6411
[early-stopping] Epoch 34: new best val ELBO = -240.466132
Epoch 35/200, Batch 100, Aver_Loss: 242.4744
Epoch 35/200, Batch 200, Aver_Loss: 248.1268
Epoch 35/200, Batch 300, Aver_Loss: 245.3420
Epoch 35/200, Batch 400, Aver_Loss: 235.3909
Epoch 35/200, Batch 500, Aver_Loss: 253.6613
[early-stopping] Epoch 35: no improvement (1/20)
Epoch 36/200, Batch 100, Aver_Loss: 236.1616
Epoch 36/200, Batch 200, Aver_Loss: 232.8033
Epoch 36/200, Batch 300, Aver_Loss: 238.2921
Epoch 36/200, Batch 400, Aver_Loss: 233.9921
Epoch 36/200, Batch 500, Aver_Loss: 253.8507
[early-stopping] Epoch 36: no improvement (2/20)
Epoch 37/200, Batch 100, Aver_Loss: 240.5392
Epoch 37/200, Batch 200, Aver_Loss: 229.8070
Epoch 37/200, Batch 300, Aver_Loss: 244.7714
Epoch 37/200, Batch 400, Aver_Loss: 233.6697
Epoch 37/200, Batch 500, Aver_Loss: 239.2985
[early-stopping] Epoch 37: no improvement (3/20)
Epoch 38/200, Batch 100, Aver_Loss: 235.8853
Epoch 38/200, Batch 200, Aver_Loss: 241.4450
Epoch 38/200, Batch 300, Aver_Loss: 231.5030
Epoch 38/200, Batch 400, Aver_Loss: 244.7194
Epoch 38/200, Batch 500, Aver_Loss: 227.9263
[early-stopping] Epoch 38: no improvement (4/20)
Epoch 39/200, Batch 100, Aver_Loss: 240.9375
Epoch 39/200, Batch 200, Aver_Loss: 249.0474
Epoch 39/200, Batch 300, Aver_Loss: 228.8076
Epoch 39/200, Batch 400, Aver_Loss: 236.1091
Epoch 39/200, Batch 500, Aver_Loss: 237.9677
[early-stopping] Epoch 39: no improvement (5/20)
Epoch 40/200, Batch 100, Aver_Loss: 250.6029
Epoch 40/200, Batch 200, Aver_Loss: 241.3828
Epoch 40/200, Batch 300, Aver_Loss: 244.3448
Epoch 40/200, Batch 400, Aver_Loss: 251.0200
Epoch 40/200, Batch 500, Aver_Loss: 236.1771
[early-stopping] Epoch 40: no improvement (6/20)
Epoch 41/200, Batch 100, Aver_Loss: 244.3302
Epoch 41/200, Batch 200, Aver_Loss: 238.1248
Epoch 41/200, Batch 300, Aver_Loss: 242.3868
Epoch 41/200, Batch 400, Aver_Loss: 253.2481
Epoch 41/200, Batch 500, Aver_Loss: 242.8424
[early-stopping] Epoch 41: new best val ELBO = -240.155517
Epoch 42/200, Batch 100, Aver_Loss: 241.8560
Epoch 42/200, Batch 200, Aver_Loss: 230.8111
Epoch 42/200, Batch 300, Aver_Loss: 244.2338
Epoch 42/200, Batch 400, Aver_Loss: 247.0647
Epoch 42/200, Batch 500, Aver_Loss: 237.8238
[early-stopping] Epoch 42: no improvement (1/20)
Epoch 43/200, Batch 100, Aver_Loss: 236.3238
Epoch 43/200, Batch 200, Aver_Loss: 231.9515
Epoch 43/200, Batch 300, Aver_Loss: 244.4934
Epoch 43/200, Batch 400, Aver_Loss: 248.4060
Epoch 43/200, Batch 500, Aver_Loss: 235.9131
[early-stopping] Epoch 43: no improvement (2/20)
Epoch 44/200, Batch 100, Aver_Loss: 255.7603
Epoch 44/200, Batch 200, Aver_Loss: 231.0752
Epoch 44/200, Batch 300, Aver_Loss: 230.5191
Epoch 44/200, Batch 400, Aver_Loss: 255.8893
Epoch 44/200, Batch 500, Aver_Loss: 242.5517
[early-stopping] Epoch 44: no improvement (3/20)
Epoch 45/200, Batch 100, Aver_Loss: 235.6344
Epoch 45/200, Batch 200, Aver_Loss: 244.3618
Epoch 45/200, Batch 300, Aver_Loss: 255.7160
Epoch 45/200, Batch 400, Aver_Loss: 247.3380
Epoch 45/200, Batch 500, Aver_Loss: 248.0242
[early-stopping] Epoch 45: no improvement (4/20)
Epoch 46/200, Batch 100, Aver_Loss: 235.0104
Epoch 46/200, Batch 200, Aver_Loss: 250.4910
Epoch 46/200, Batch 300, Aver_Loss: 239.8763
Epoch 46/200, Batch 400, Aver_Loss: 231.8123
Epoch 46/200, Batch 500, Aver_Loss: 234.7786
[early-stopping] Epoch 46: no improvement (5/20)
Epoch 47/200, Batch 100, Aver_Loss: 253.2573
Epoch 47/200, Batch 200, Aver_Loss: 232.5938
Epoch 47/200, Batch 300, Aver_Loss: 242.8106
Epoch 47/200, Batch 400, Aver_Loss: 242.7449
Epoch 47/200, Batch 500, Aver_Loss: 242.3186
[early-stopping] Epoch 47: new best val ELBO = -240.146915
Epoch 48/200, Batch 100, Aver_Loss: 243.7867
Epoch 48/200, Batch 200, Aver_Loss: 243.0416
Epoch 48/200, Batch 300, Aver_Loss: 241.6185
Epoch 48/200, Batch 400, Aver_Loss: 247.4405
Epoch 48/200, Batch 500, Aver_Loss: 250.8567
[early-stopping] Epoch 48: new best val ELBO = -239.914925
Epoch 49/200, Batch 100, Aver_Loss: 238.6067
Epoch 49/200, Batch 200, Aver_Loss: 233.8843
Epoch 49/200, Batch 300, Aver_Loss: 246.0828
Epoch 49/200, Batch 400, Aver_Loss: 245.8247
Epoch 49/200, Batch 500, Aver_Loss: 239.9299
[early-stopping] Epoch 49: no improvement (1/20)
Epoch 50/200, Batch 100, Aver_Loss: 227.6526
Epoch 50/200, Batch 200, Aver_Loss: 246.2902
Epoch 50/200, Batch 300, Aver_Loss: 243.0813
Epoch 50/200, Batch 400, Aver_Loss: 242.5527
Epoch 50/200, Batch 500, Aver_Loss: 233.8713
[early-stopping] Epoch 50: new best val ELBO = -239.908408
Epoch 51/200, Batch 100, Aver_Loss: 235.4677
Epoch 51/200, Batch 200, Aver_Loss: 236.8100
Epoch 51/200, Batch 300, Aver_Loss: 227.4952
Epoch 51/200, Batch 400, Aver_Loss: 236.8771
Epoch 51/200, Batch 500, Aver_Loss: 249.8081
[early-stopping] Epoch 51: no improvement (1/20)
Epoch 52/200, Batch 100, Aver_Loss: 236.9502
Epoch 52/200, Batch 200, Aver_Loss: 242.1371
Epoch 52/200, Batch 300, Aver_Loss: 222.6634
Epoch 52/200, Batch 400, Aver_Loss: 241.5451
Epoch 52/200, Batch 500, Aver_Loss: 235.4057
[early-stopping] Epoch 52: new best val ELBO = -239.674400
Epoch 53/200, Batch 100, Aver_Loss: 226.2124
Epoch 53/200, Batch 200, Aver_Loss: 246.9442
Epoch 53/200, Batch 300, Aver_Loss: 250.3422
Epoch 53/200, Batch 400, Aver_Loss: 239.6233
Epoch 53/200, Batch 500, Aver_Loss: 246.0104
[early-stopping] Epoch 53: no improvement (1/20)
Epoch 54/200, Batch 100, Aver_Loss: 248.1816
Epoch 54/200, Batch 200, Aver_Loss: 236.2950
Epoch 54/200, Batch 300, Aver_Loss: 245.4562
Epoch 54/200, Batch 400, Aver_Loss: 239.4419
Epoch 54/200, Batch 500, Aver_Loss: 235.2363
[early-stopping] Epoch 54: no improvement (2/20)
Epoch 55/200, Batch 100, Aver_Loss: 226.5999
Epoch 55/200, Batch 200, Aver_Loss: 237.9826
Epoch 55/200, Batch 300, Aver_Loss: 245.4803
Epoch 55/200, Batch 400, Aver_Loss: 247.1687
Epoch 55/200, Batch 500, Aver_Loss: 242.0440
[early-stopping] Epoch 55: no improvement (3/20)
Epoch 56/200, Batch 100, Aver_Loss: 235.4842
Epoch 56/200, Batch 200, Aver_Loss: 253.9025
Epoch 56/200, Batch 300, Aver_Loss: 230.2594
Epoch 56/200, Batch 400, Aver_Loss: 247.5400
Epoch 56/200, Batch 500, Aver_Loss: 231.4804
[early-stopping] Epoch 56: no improvement (4/20)
Epoch 57/200, Batch 100, Aver_Loss: 242.1743
Epoch 57/200, Batch 200, Aver_Loss: 248.5373
Epoch 57/200, Batch 300, Aver_Loss: 238.2118
Epoch 57/200, Batch 400, Aver_Loss: 229.0929
Epoch 57/200, Batch 500, Aver_Loss: 241.6062
[early-stopping] Epoch 57: no improvement (5/20)
Epoch 58/200, Batch 100, Aver_Loss: 228.1939
Epoch 58/200, Batch 200, Aver_Loss: 246.9672
Epoch 58/200, Batch 300, Aver_Loss: 248.1893
Epoch 58/200, Batch 400, Aver_Loss: 241.1676
Epoch 58/200, Batch 500, Aver_Loss: 243.1263
[early-stopping] Epoch 58: no improvement (6/20)
Epoch 59/200, Batch 100, Aver_Loss: 234.9633
Epoch 59/200, Batch 200, Aver_Loss: 242.9071
Epoch 59/200, Batch 300, Aver_Loss: 226.3213
Epoch 59/200, Batch 400, Aver_Loss: 247.6351
Epoch 59/200, Batch 500, Aver_Loss: 248.3005
[early-stopping] Epoch 59: no improvement (7/20)
Epoch 60/200, Batch 100, Aver_Loss: 229.1561
Epoch 60/200, Batch 200, Aver_Loss: 235.0694
Epoch 60/200, Batch 300, Aver_Loss: 243.7425
Epoch 60/200, Batch 400, Aver_Loss: 235.1266
Epoch 60/200, Batch 500, Aver_Loss: 245.6530
[early-stopping] Epoch 60: new best val ELBO = -239.659733
Epoch 61/200, Batch 100, Aver_Loss: 231.3459
Epoch 61/200, Batch 200, Aver_Loss: 239.7425
Epoch 61/200, Batch 300, Aver_Loss: 238.9383
Epoch 61/200, Batch 400, Aver_Loss: 240.4300
Epoch 61/200, Batch 500, Aver_Loss: 247.6808
[early-stopping] Epoch 61: no improvement (1/20)
Epoch 62/200, Batch 100, Aver_Loss: 239.7170
Epoch 62/200, Batch 200, Aver_Loss: 243.2767
Epoch 62/200, Batch 300, Aver_Loss: 232.9848
Epoch 62/200, Batch 400, Aver_Loss: 235.4328
Epoch 62/200, Batch 500, Aver_Loss: 249.6858
[early-stopping] Epoch 62: no improvement (2/20)
Epoch 63/200, Batch 100, Aver_Loss: 246.0772
Epoch 63/200, Batch 200, Aver_Loss: 237.9241
Epoch 63/200, Batch 300, Aver_Loss: 242.1175
Epoch 63/200, Batch 400, Aver_Loss: 234.8884
Epoch 63/200, Batch 500, Aver_Loss: 249.9589
[early-stopping] Epoch 63: no improvement (3/20)
Epoch 64/200, Batch 100, Aver_Loss: 240.7716
Epoch 64/200, Batch 200, Aver_Loss: 237.7912
Epoch 64/200, Batch 300, Aver_Loss: 234.7268
Epoch 64/200, Batch 400, Aver_Loss: 243.4592
Epoch 64/200, Batch 500, Aver_Loss: 236.4344
[early-stopping] Epoch 64: no improvement (4/20)
Epoch 65/200, Batch 100, Aver_Loss: 243.3127
Epoch 65/200, Batch 200, Aver_Loss: 233.9624
Epoch 65/200, Batch 300, Aver_Loss: 229.7892
Epoch 65/200, Batch 400, Aver_Loss: 249.3841
Epoch 65/200, Batch 500, Aver_Loss: 252.5685
[early-stopping] Epoch 65: no improvement (5/20)
Epoch 66/200, Batch 100, Aver_Loss: 244.1059
Epoch 66/200, Batch 200, Aver_Loss: 249.1097
Epoch 66/200, Batch 300, Aver_Loss: 248.0125
Epoch 66/200, Batch 400, Aver_Loss: 242.3592
Epoch 66/200, Batch 500, Aver_Loss: 244.6197
[early-stopping] Epoch 66: new best val ELBO = -239.520585
Epoch 67/200, Batch 100, Aver_Loss: 240.1453
Epoch 67/200, Batch 200, Aver_Loss: 232.6183
Epoch 67/200, Batch 300, Aver_Loss: 235.5363
Epoch 67/200, Batch 400, Aver_Loss: 225.9608
Epoch 67/200, Batch 500, Aver_Loss: 234.6786
[early-stopping] Epoch 67: no improvement (1/20)
Epoch 68/200, Batch 100, Aver_Loss: 240.8496
Epoch 68/200, Batch 200, Aver_Loss: 262.2994
Epoch 68/200, Batch 300, Aver_Loss: 232.9502
Epoch 68/200, Batch 400, Aver_Loss: 236.4606
Epoch 68/200, Batch 500, Aver_Loss: 238.1791
[early-stopping] Epoch 68: no improvement (2/20)
Epoch 69/200, Batch 100, Aver_Loss: 237.9157
Epoch 69/200, Batch 200, Aver_Loss: 253.1472
Epoch 69/200, Batch 300, Aver_Loss: 238.5977
Epoch 69/200, Batch 400, Aver_Loss: 227.6879
Epoch 69/200, Batch 500, Aver_Loss: 233.1800
[early-stopping] Epoch 69: no improvement (3/20)
Epoch 70/200, Batch 100, Aver_Loss: 233.8380
Epoch 70/200, Batch 200, Aver_Loss: 254.2794
Epoch 70/200, Batch 300, Aver_Loss: 233.0348
Epoch 70/200, Batch 400, Aver_Loss: 226.8206
Epoch 70/200, Batch 500, Aver_Loss: 246.1539
[early-stopping] Epoch 70: new best val ELBO = -239.458112
Epoch 71/200, Batch 100, Aver_Loss: 239.8083
Epoch 71/200, Batch 200, Aver_Loss: 232.1933
Epoch 71/200, Batch 300, Aver_Loss: 240.2866
Epoch 71/200, Batch 400, Aver_Loss: 233.7202
Epoch 71/200, Batch 500, Aver_Loss: 241.1232
[early-stopping] Epoch 71: no improvement (1/20)
Epoch 72/200, Batch 100, Aver_Loss: 242.6422
Epoch 72/200, Batch 200, Aver_Loss: 236.7505
Epoch 72/200, Batch 300, Aver_Loss: 242.2757
Epoch 72/200, Batch 400, Aver_Loss: 251.0322
Epoch 72/200, Batch 500, Aver_Loss: 240.5031
[early-stopping] Epoch 72: no improvement (2/20)
Epoch 73/200, Batch 100, Aver_Loss: 231.2805
Epoch 73/200, Batch 200, Aver_Loss: 250.5058
Epoch 73/200, Batch 300, Aver_Loss: 239.3888
Epoch 73/200, Batch 400, Aver_Loss: 248.3697
Epoch 73/200, Batch 500, Aver_Loss: 238.7693
[early-stopping] Epoch 73: new best val ELBO = -239.397951
Epoch 74/200, Batch 100, Aver_Loss: 248.1727
Epoch 74/200, Batch 200, Aver_Loss: 226.8054
Epoch 74/200, Batch 300, Aver_Loss: 241.1138
Epoch 74/200, Batch 400, Aver_Loss: 250.8033
Epoch 74/200, Batch 500, Aver_Loss: 240.3883
[early-stopping] Epoch 74: no improvement (1/20)
Epoch 75/200, Batch 100, Aver_Loss: 238.9343
Epoch 75/200, Batch 200, Aver_Loss: 234.1853
Epoch 75/200, Batch 300, Aver_Loss: 237.6659
Epoch 75/200, Batch 400, Aver_Loss: 236.5562
Epoch 75/200, Batch 500, Aver_Loss: 232.2945
[early-stopping] Epoch 75: no improvement (2/20)
Epoch 76/200, Batch 100, Aver_Loss: 254.0343
Epoch 76/200, Batch 200, Aver_Loss: 224.7348
Epoch 76/200, Batch 300, Aver_Loss: 240.1425
Epoch 76/200, Batch 400, Aver_Loss: 243.0487
Epoch 76/200, Batch 500, Aver_Loss: 238.3579
[early-stopping] Epoch 76: no improvement (3/20)
Epoch 77/200, Batch 100, Aver_Loss: 241.2905
Epoch 77/200, Batch 200, Aver_Loss: 245.5638
Epoch 77/200, Batch 300, Aver_Loss: 236.7621
Epoch 77/200, Batch 400, Aver_Loss: 235.1974
Epoch 77/200, Batch 500, Aver_Loss: 250.5132
[early-stopping] Epoch 77: no improvement (4/20)
Epoch 78/200, Batch 100, Aver_Loss: 230.0729
Epoch 78/200, Batch 200, Aver_Loss: 230.7467
Epoch 78/200, Batch 300, Aver_Loss: 238.4521
Epoch 78/200, Batch 400, Aver_Loss: 247.8731
Epoch 78/200, Batch 500, Aver_Loss: 227.8847
[early-stopping] Epoch 78: no improvement (5/20)
Epoch 79/200, Batch 100, Aver_Loss: 230.7162
Epoch 79/200, Batch 200, Aver_Loss: 238.5135
Epoch 79/200, Batch 300, Aver_Loss: 242.7928
Epoch 79/200, Batch 400, Aver_Loss: 233.1749
Epoch 79/200, Batch 500, Aver_Loss: 236.9344
[early-stopping] Epoch 79: no improvement (6/20)
Epoch 80/200, Batch 100, Aver_Loss: 247.6556
Epoch 80/200, Batch 200, Aver_Loss: 247.5793
Epoch 80/200, Batch 300, Aver_Loss: 244.1903
Epoch 80/200, Batch 400, Aver_Loss: 232.4017
Epoch 80/200, Batch 500, Aver_Loss: 240.4247
[early-stopping] Epoch 80: no improvement (7/20)
Epoch 81/200, Batch 100, Aver_Loss: 238.5818
Epoch 81/200, Batch 200, Aver_Loss: 222.3201
Epoch 81/200, Batch 300, Aver_Loss: 241.1390
Epoch 81/200, Batch 400, Aver_Loss: 236.6967
Epoch 81/200, Batch 500, Aver_Loss: 233.7662
[early-stopping] Epoch 81: new best val ELBO = -239.387839
Epoch 82/200, Batch 100, Aver_Loss: 249.5222
Epoch 82/200, Batch 200, Aver_Loss: 236.5737
Epoch 82/200, Batch 300, Aver_Loss: 236.4651
Epoch 82/200, Batch 400, Aver_Loss: 238.0648
Epoch 82/200, Batch 500, Aver_Loss: 257.7736
[early-stopping] Epoch 82: no improvement (1/20)
Epoch 83/200, Batch 100, Aver_Loss: 232.2847
Epoch 83/200, Batch 200, Aver_Loss: 232.4674
Epoch 83/200, Batch 300, Aver_Loss: 229.4148
Epoch 83/200, Batch 400, Aver_Loss: 235.6132
Epoch 83/200, Batch 500, Aver_Loss: 246.1413
[early-stopping] Epoch 83: no improvement (2/20)
Epoch 84/200, Batch 100, Aver_Loss: 240.9424
Epoch 84/200, Batch 200, Aver_Loss: 241.3297
Epoch 84/200, Batch 300, Aver_Loss: 241.3810
Epoch 84/200, Batch 400, Aver_Loss: 234.3569
Epoch 84/200, Batch 500, Aver_Loss: 244.4776
[early-stopping] Epoch 84: no improvement (3/20)
Epoch 85/200, Batch 100, Aver_Loss: 248.0104
Epoch 85/200, Batch 200, Aver_Loss: 244.5669
Epoch 85/200, Batch 300, Aver_Loss: 249.5023
Epoch 85/200, Batch 400, Aver_Loss: 222.9667
Epoch 85/200, Batch 500, Aver_Loss: 239.6465
[early-stopping] Epoch 85: no improvement (4/20)
Epoch 86/200, Batch 100, Aver_Loss: 250.8201
Epoch 86/200, Batch 200, Aver_Loss: 257.2139
Epoch 86/200, Batch 300, Aver_Loss: 242.2802
Epoch 86/200, Batch 400, Aver_Loss: 245.1961
Epoch 86/200, Batch 500, Aver_Loss: 234.6375
[early-stopping] Epoch 86: new best val ELBO = -239.293317
Epoch 87/200, Batch 100, Aver_Loss: 248.7386
Epoch 87/200, Batch 200, Aver_Loss: 251.0476
Epoch 87/200, Batch 300, Aver_Loss: 228.0022
Epoch 87/200, Batch 400, Aver_Loss: 242.9280
Epoch 87/200, Batch 500, Aver_Loss: 241.9780
[early-stopping] Epoch 87: no improvement (1/20)
Epoch 88/200, Batch 100, Aver_Loss: 248.7613
Epoch 88/200, Batch 200, Aver_Loss: 245.2202
Epoch 88/200, Batch 300, Aver_Loss: 241.8831
Epoch 88/200, Batch 400, Aver_Loss: 235.7547
Epoch 88/200, Batch 500, Aver_Loss: 244.9706
[early-stopping] Epoch 88: no improvement (2/20)
Epoch 89/200, Batch 100, Aver_Loss: 254.4237
Epoch 89/200, Batch 200, Aver_Loss: 233.4644
Epoch 89/200, Batch 300, Aver_Loss: 236.5173
Epoch 89/200, Batch 400, Aver_Loss: 240.9054
Epoch 89/200, Batch 500, Aver_Loss: 247.8150
[early-stopping] Epoch 89: no improvement (3/20)
Epoch 90/200, Batch 100, Aver_Loss: 233.1362
Epoch 90/200, Batch 200, Aver_Loss: 239.3242
Epoch 90/200, Batch 300, Aver_Loss: 244.3025
Epoch 90/200, Batch 400, Aver_Loss: 243.8100
Epoch 90/200, Batch 500, Aver_Loss: 238.1031
[early-stopping] Epoch 90: new best val ELBO = -239.237873
Epoch 91/200, Batch 100, Aver_Loss: 226.3440
Epoch 91/200, Batch 200, Aver_Loss: 225.4908
Epoch 91/200, Batch 300, Aver_Loss: 239.1395
Epoch 91/200, Batch 400, Aver_Loss: 231.6754
Epoch 91/200, Batch 500, Aver_Loss: 239.6063
[early-stopping] Epoch 91: no improvement (1/20)
Epoch 92/200, Batch 100, Aver_Loss: 235.2573
Epoch 92/200, Batch 200, Aver_Loss: 231.3855
Epoch 92/200, Batch 300, Aver_Loss: 251.2950
Epoch 92/200, Batch 400, Aver_Loss: 239.1786
Epoch 92/200, Batch 500, Aver_Loss: 236.3334
[early-stopping] Epoch 92: new best val ELBO = -239.160546
Epoch 93/200, Batch 100, Aver_Loss: 240.9484
Epoch 93/200, Batch 200, Aver_Loss: 235.5262
Epoch 93/200, Batch 300, Aver_Loss: 237.0336
Epoch 93/200, Batch 400, Aver_Loss: 244.8269
Epoch 93/200, Batch 500, Aver_Loss: 248.8718
[early-stopping] Epoch 93: no improvement (1/20)
Epoch 94/200, Batch 100, Aver_Loss: 242.7272
Epoch 94/200, Batch 200, Aver_Loss: 244.8659
Epoch 94/200, Batch 300, Aver_Loss: 243.1395
Epoch 94/200, Batch 400, Aver_Loss: 233.1081
Epoch 94/200, Batch 500, Aver_Loss: 230.1553
[early-stopping] Epoch 94: no improvement (2/20)
Epoch 95/200, Batch 100, Aver_Loss: 245.3642
Epoch 95/200, Batch 200, Aver_Loss: 241.4315
Epoch 95/200, Batch 300, Aver_Loss: 219.4179
Epoch 95/200, Batch 400, Aver_Loss: 235.1483
Epoch 95/200, Batch 500, Aver_Loss: 239.6634
[early-stopping] Epoch 95: no improvement (3/20)
Epoch 96/200, Batch 100, Aver_Loss: 237.6673
Epoch 96/200, Batch 200, Aver_Loss: 230.6738
Epoch 96/200, Batch 300, Aver_Loss: 233.7767
Epoch 96/200, Batch 400, Aver_Loss: 246.5806
Epoch 96/200, Batch 500, Aver_Loss: 252.4510
[early-stopping] Epoch 96: no improvement (4/20)
Epoch 97/200, Batch 100, Aver_Loss: 228.5084
Epoch 97/200, Batch 200, Aver_Loss: 234.8052
Epoch 97/200, Batch 300, Aver_Loss: 246.6518
Epoch 97/200, Batch 400, Aver_Loss: 230.4385
Epoch 97/200, Batch 500, Aver_Loss: 237.6375
[early-stopping] Epoch 97: no improvement (5/20)
Epoch 98/200, Batch 100, Aver_Loss: 221.1155
Epoch 98/200, Batch 200, Aver_Loss: 236.9164
Epoch 98/200, Batch 300, Aver_Loss: 247.3591
Epoch 98/200, Batch 400, Aver_Loss: 238.0838
Epoch 98/200, Batch 500, Aver_Loss: 238.1064
[early-stopping] Epoch 98: no improvement (6/20)
Epoch 99/200, Batch 100, Aver_Loss: 231.1125
Epoch 99/200, Batch 200, Aver_Loss: 237.4052
Epoch 99/200, Batch 300, Aver_Loss: 230.0458
Epoch 99/200, Batch 400, Aver_Loss: 239.6351
Epoch 99/200, Batch 500, Aver_Loss: 247.9091
[early-stopping] Epoch 99: no improvement (7/20)
Epoch 100/200, Batch 100, Aver_Loss: 250.2305
Epoch 100/200, Batch 200, Aver_Loss: 243.4237
Epoch 100/200, Batch 300, Aver_Loss: 241.9538
Epoch 100/200, Batch 400, Aver_Loss: 247.1036
Epoch 100/200, Batch 500, Aver_Loss: 245.3396
[early-stopping] Epoch 100: new best val ELBO = -239.148382
Epoch 101/200, Batch 100, Aver_Loss: 242.4246
Epoch 101/200, Batch 200, Aver_Loss: 241.9842
Epoch 101/200, Batch 300, Aver_Loss: 238.6994
Epoch 101/200, Batch 400, Aver_Loss: 236.4519
Epoch 101/200, Batch 500, Aver_Loss: 240.9069
[early-stopping] Epoch 101: no improvement (1/20)
Epoch 102/200, Batch 100, Aver_Loss: 224.7458
Epoch 102/200, Batch 200, Aver_Loss: 227.4494
Epoch 102/200, Batch 300, Aver_Loss: 246.6030
Epoch 102/200, Batch 400, Aver_Loss: 240.9367
Epoch 102/200, Batch 500, Aver_Loss: 231.3504
[early-stopping] Epoch 102: no improvement (2/20)
Epoch 103/200, Batch 100, Aver_Loss: 224.9459
Epoch 103/200, Batch 200, Aver_Loss: 236.8131
Epoch 103/200, Batch 300, Aver_Loss: 234.6214
Epoch 103/200, Batch 400, Aver_Loss: 229.7959
Epoch 103/200, Batch 500, Aver_Loss: 236.0469
[early-stopping] Epoch 103: no improvement (3/20)
Epoch 104/200, Batch 100, Aver_Loss: 237.6201
Epoch 104/200, Batch 200, Aver_Loss: 238.4822
Epoch 104/200, Batch 300, Aver_Loss: 226.9121
Epoch 104/200, Batch 400, Aver_Loss: 241.6998
Epoch 104/200, Batch 500, Aver_Loss: 241.4266
[early-stopping] Epoch 104: no improvement (4/20)
Epoch 105/200, Batch 100, Aver_Loss: 219.7157
Epoch 105/200, Batch 200, Aver_Loss: 227.0109
Epoch 105/200, Batch 300, Aver_Loss: 249.2046
Epoch 105/200, Batch 400, Aver_Loss: 246.1812
Epoch 105/200, Batch 500, Aver_Loss: 247.1846
[early-stopping] Epoch 105: no improvement (5/20)
Epoch 106/200, Batch 100, Aver_Loss: 239.6140
Epoch 106/200, Batch 200, Aver_Loss: 241.8831
Epoch 106/200, Batch 300, Aver_Loss: 233.7114
Epoch 106/200, Batch 400, Aver_Loss: 234.8548
Epoch 106/200, Batch 500, Aver_Loss: 246.3864
[early-stopping] Epoch 106: new best val ELBO = -239.072745
Epoch 107/200, Batch 100, Aver_Loss: 243.6381
Epoch 107/200, Batch 200, Aver_Loss: 248.3964
Epoch 107/200, Batch 300, Aver_Loss: 232.6417
Epoch 107/200, Batch 400, Aver_Loss: 229.4960
Epoch 107/200, Batch 500, Aver_Loss: 238.6187
[early-stopping] Epoch 107: new best val ELBO = -238.958994
Epoch 108/200, Batch 100, Aver_Loss: 244.5228
Epoch 108/200, Batch 200, Aver_Loss: 234.0077
Epoch 108/200, Batch 300, Aver_Loss: 233.4299
Epoch 108/200, Batch 400, Aver_Loss: 241.1387
Epoch 108/200, Batch 500, Aver_Loss: 241.6349
[early-stopping] Epoch 108: no improvement (1/20)
Epoch 109/200, Batch 100, Aver_Loss: 234.9271
Epoch 109/200, Batch 200, Aver_Loss: 242.7903
Epoch 109/200, Batch 300, Aver_Loss: 238.1645
Epoch 109/200, Batch 400, Aver_Loss: 244.9587
Epoch 109/200, Batch 500, Aver_Loss: 228.3342
[early-stopping] Epoch 109: no improvement (2/20)
Epoch 110/200, Batch 100, Aver_Loss: 241.4996
Epoch 110/200, Batch 200, Aver_Loss: 232.0589
Epoch 110/200, Batch 300, Aver_Loss: 235.6742
Epoch 110/200, Batch 400, Aver_Loss: 233.9144
Epoch 110/200, Batch 500, Aver_Loss: 225.7188
[early-stopping] Epoch 110: no improvement (3/20)
Epoch 111/200, Batch 100, Aver_Loss: 237.2437
Epoch 111/200, Batch 200, Aver_Loss: 239.3115
Epoch 111/200, Batch 300, Aver_Loss: 227.0699
Epoch 111/200, Batch 400, Aver_Loss: 239.1765
Epoch 111/200, Batch 500, Aver_Loss: 225.5674
[early-stopping] Epoch 111: no improvement (4/20)
Epoch 112/200, Batch 100, Aver_Loss: 231.5570
Epoch 112/200, Batch 200, Aver_Loss: 250.4498
Epoch 112/200, Batch 300, Aver_Loss: 239.8142
Epoch 112/200, Batch 400, Aver_Loss: 230.6274
Epoch 112/200, Batch 500, Aver_Loss: 245.4199
[early-stopping] Epoch 112: no improvement (5/20)
Epoch 113/200, Batch 100, Aver_Loss: 240.2063
Epoch 113/200, Batch 200, Aver_Loss: 237.3205
Epoch 113/200, Batch 300, Aver_Loss: 238.0149
Epoch 113/200, Batch 400, Aver_Loss: 239.5012
Epoch 113/200, Batch 500, Aver_Loss: 240.6752
[early-stopping] Epoch 113: no improvement (6/20)
Epoch 114/200, Batch 100, Aver_Loss: 239.6735
Epoch 114/200, Batch 200, Aver_Loss: 243.2557
Epoch 114/200, Batch 300, Aver_Loss: 238.6073
Epoch 114/200, Batch 400, Aver_Loss: 245.1226
Epoch 114/200, Batch 500, Aver_Loss: 241.9921
[early-stopping] Epoch 114: no improvement (7/20)
Epoch 115/200, Batch 100, Aver_Loss: 241.7701
Epoch 115/200, Batch 200, Aver_Loss: 252.2933
Epoch 115/200, Batch 300, Aver_Loss: 225.4945
Epoch 115/200, Batch 400, Aver_Loss: 238.6610
Epoch 115/200, Batch 500, Aver_Loss: 241.2769
[early-stopping] Epoch 115: no improvement (8/20)
Epoch 116/200, Batch 100, Aver_Loss: 235.5200
Epoch 116/200, Batch 200, Aver_Loss: 245.5662
Epoch 116/200, Batch 300, Aver_Loss: 247.7039
Epoch 116/200, Batch 400, Aver_Loss: 238.7638
Epoch 116/200, Batch 500, Aver_Loss: 224.9051
[early-stopping] Epoch 116: no improvement (9/20)
Epoch 117/200, Batch 100, Aver_Loss: 224.5398
Epoch 117/200, Batch 200, Aver_Loss: 240.7140
Epoch 117/200, Batch 300, Aver_Loss: 252.9969
Epoch 117/200, Batch 400, Aver_Loss: 240.6279
Epoch 117/200, Batch 500, Aver_Loss: 227.9936
[early-stopping] Epoch 117: no improvement (10/20)
Epoch 118/200, Batch 100, Aver_Loss: 252.2110
Epoch 118/200, Batch 200, Aver_Loss: 247.0596
Epoch 118/200, Batch 300, Aver_Loss: 247.8196
Epoch 118/200, Batch 400, Aver_Loss: 238.5659
Epoch 118/200, Batch 500, Aver_Loss: 232.5710
[early-stopping] Epoch 118: no improvement (11/20)
Epoch 119/200, Batch 100, Aver_Loss: 235.8111
Epoch 119/200, Batch 200, Aver_Loss: 229.3857
Epoch 119/200, Batch 300, Aver_Loss: 234.5648
Epoch 119/200, Batch 400, Aver_Loss: 233.4517
Epoch 119/200, Batch 500, Aver_Loss: 249.1570
[early-stopping] Epoch 119: no improvement (12/20)
Epoch 120/200, Batch 100, Aver_Loss: 234.2105
Epoch 120/200, Batch 200, Aver_Loss: 235.7115
Epoch 120/200, Batch 300, Aver_Loss: 233.7664
Epoch 120/200, Batch 400, Aver_Loss: 239.8706
Epoch 120/200, Batch 500, Aver_Loss: 238.7117
[early-stopping] Epoch 120: no improvement (13/20)
Epoch 121/200, Batch 100, Aver_Loss: 249.7952
Epoch 121/200, Batch 200, Aver_Loss: 235.3083
Epoch 121/200, Batch 300, Aver_Loss: 239.3293
Epoch 121/200, Batch 400, Aver_Loss: 234.2768
Epoch 121/200, Batch 500, Aver_Loss: 227.1530
[early-stopping] Epoch 121: no improvement (14/20)
Epoch 122/200, Batch 100, Aver_Loss: 240.8446
Epoch 122/200, Batch 200, Aver_Loss: 236.7642
Epoch 122/200, Batch 300, Aver_Loss: 238.6988
Epoch 122/200, Batch 400, Aver_Loss: 229.3954
Epoch 122/200, Batch 500, Aver_Loss: 244.7287
[early-stopping] Epoch 122: new best val ELBO = -238.919312
Epoch 123/200, Batch 100, Aver_Loss: 226.4397
Epoch 123/200, Batch 200, Aver_Loss: 243.0423
Epoch 123/200, Batch 300, Aver_Loss: 226.1912
Epoch 123/200, Batch 400, Aver_Loss: 246.0136
Epoch 123/200, Batch 500, Aver_Loss: 237.8790
[early-stopping] Epoch 123: no improvement (1/20)
Epoch 124/200, Batch 100, Aver_Loss: 233.3751
Epoch 124/200, Batch 200, Aver_Loss: 245.2422
Epoch 124/200, Batch 300, Aver_Loss: 237.2502
Epoch 124/200, Batch 400, Aver_Loss: 248.6117
Epoch 124/200, Batch 500, Aver_Loss: 231.2700
[early-stopping] Epoch 124: no improvement (2/20)
Epoch 125/200, Batch 100, Aver_Loss: 231.9098
Epoch 125/200, Batch 200, Aver_Loss: 231.7946
Epoch 125/200, Batch 300, Aver_Loss: 238.3459
Epoch 125/200, Batch 400, Aver_Loss: 230.0627
Epoch 125/200, Batch 500, Aver_Loss: 240.0452
[early-stopping] Epoch 125: new best val ELBO = -238.898787
Epoch 126/200, Batch 100, Aver_Loss: 231.5607
Epoch 126/200, Batch 200, Aver_Loss: 240.9474
Epoch 126/200, Batch 300, Aver_Loss: 249.0885
Epoch 126/200, Batch 400, Aver_Loss: 231.2160
Epoch 126/200, Batch 500, Aver_Loss: 247.8885
[early-stopping] Epoch 126: no improvement (1/20)
Epoch 127/200, Batch 100, Aver_Loss: 244.3773
Epoch 127/200, Batch 200, Aver_Loss: 247.7529
Epoch 127/200, Batch 300, Aver_Loss: 223.6871
Epoch 127/200, Batch 400, Aver_Loss: 242.8356
Epoch 127/200, Batch 500, Aver_Loss: 255.0495
[early-stopping] Epoch 127: no improvement (2/20)
Epoch 128/200, Batch 100, Aver_Loss: 233.4405
Epoch 128/200, Batch 200, Aver_Loss: 235.6057
Epoch 128/200, Batch 300, Aver_Loss: 244.3189
Epoch 128/200, Batch 400, Aver_Loss: 235.4560
Epoch 128/200, Batch 500, Aver_Loss: 241.6724
[early-stopping] Epoch 128: no improvement (3/20)
Epoch 129/200, Batch 100, Aver_Loss: 221.5389
Epoch 129/200, Batch 200, Aver_Loss: 230.0222
Epoch 129/200, Batch 300, Aver_Loss: 243.3955
Epoch 129/200, Batch 400, Aver_Loss: 244.5940
Epoch 129/200, Batch 500, Aver_Loss: 232.1856
[early-stopping] Epoch 129: no improvement (4/20)
Epoch 130/200, Batch 100, Aver_Loss: 249.7072
Epoch 130/200, Batch 200, Aver_Loss: 232.0485
Epoch 130/200, Batch 300, Aver_Loss: 241.4831
Epoch 130/200, Batch 400, Aver_Loss: 247.6944
Epoch 130/200, Batch 500, Aver_Loss: 225.3029
[early-stopping] Epoch 130: no improvement (5/20)
Epoch 131/200, Batch 100, Aver_Loss: 238.2573
Epoch 131/200, Batch 200, Aver_Loss: 243.3144
Epoch 131/200, Batch 300, Aver_Loss: 230.4230
Epoch 131/200, Batch 400, Aver_Loss: 241.5135
Epoch 131/200, Batch 500, Aver_Loss: 227.0121
[early-stopping] Epoch 131: no improvement (6/20)
Epoch 132/200, Batch 100, Aver_Loss: 233.5210
Epoch 132/200, Batch 200, Aver_Loss: 238.4190
Epoch 132/200, Batch 300, Aver_Loss: 244.9323
Epoch 132/200, Batch 400, Aver_Loss: 243.0072
Epoch 132/200, Batch 500, Aver_Loss: 246.6852
[early-stopping] Epoch 132: no improvement (7/20)
Epoch 133/200, Batch 100, Aver_Loss: 234.3520
Epoch 133/200, Batch 200, Aver_Loss: 230.2410
Epoch 133/200, Batch 300, Aver_Loss: 240.2760
Epoch 133/200, Batch 400, Aver_Loss: 222.7206
Epoch 133/200, Batch 500, Aver_Loss: 233.5076
[early-stopping] Epoch 133: new best val ELBO = -238.868730
Epoch 134/200, Batch 100, Aver_Loss: 242.1442
Epoch 134/200, Batch 200, Aver_Loss: 251.1672
Epoch 134/200, Batch 300, Aver_Loss: 235.0822
Epoch 134/200, Batch 400, Aver_Loss: 235.2048
Epoch 134/200, Batch 500, Aver_Loss: 246.3248
[early-stopping] Epoch 134: no improvement (1/20)
Epoch 135/200, Batch 100, Aver_Loss: 236.0705
Epoch 135/200, Batch 200, Aver_Loss: 250.5219
Epoch 135/200, Batch 300, Aver_Loss: 232.6635
Epoch 135/200, Batch 400, Aver_Loss: 238.0859
Epoch 135/200, Batch 500, Aver_Loss: 227.3432
[early-stopping] Epoch 135: no improvement (2/20)
Epoch 136/200, Batch 100, Aver_Loss: 246.4181
Epoch 136/200, Batch 200, Aver_Loss: 235.7521
Epoch 136/200, Batch 300, Aver_Loss: 248.8105
Epoch 136/200, Batch 400, Aver_Loss: 236.7082
Epoch 136/200, Batch 500, Aver_Loss: 247.6974
[early-stopping] Epoch 136: new best val ELBO = -238.819343
Epoch 137/200, Batch 100, Aver_Loss: 222.3697
Epoch 137/200, Batch 200, Aver_Loss: 233.3115
Epoch 137/200, Batch 300, Aver_Loss: 236.4182
Epoch 137/200, Batch 400, Aver_Loss: 248.7050
Epoch 137/200, Batch 500, Aver_Loss: 237.5088
[early-stopping] Epoch 137: no improvement (1/20)
Epoch 138/200, Batch 100, Aver_Loss: 238.0685
Epoch 138/200, Batch 200, Aver_Loss: 227.2375
Epoch 138/200, Batch 300, Aver_Loss: 233.1637
Epoch 138/200, Batch 400, Aver_Loss: 234.3029
Epoch 138/200, Batch 500, Aver_Loss: 242.3873
[early-stopping] Epoch 138: no improvement (2/20)
Epoch 139/200, Batch 100, Aver_Loss: 232.8325
Epoch 139/200, Batch 200, Aver_Loss: 246.0493
Epoch 139/200, Batch 300, Aver_Loss: 241.4434
Epoch 139/200, Batch 400, Aver_Loss: 235.6514
Epoch 139/200, Batch 500, Aver_Loss: 247.7405
[early-stopping] Epoch 139: no improvement (3/20)
Epoch 140/200, Batch 100, Aver_Loss: 242.3568
Epoch 140/200, Batch 200, Aver_Loss: 240.1954
Epoch 140/200, Batch 300, Aver_Loss: 247.7041
Epoch 140/200, Batch 400, Aver_Loss: 236.1139
Epoch 140/200, Batch 500, Aver_Loss: 230.3529
[early-stopping] Epoch 140: no improvement (4/20)
Epoch 141/200, Batch 100, Aver_Loss: 242.3937
Epoch 141/200, Batch 200, Aver_Loss: 235.8285
Epoch 141/200, Batch 300, Aver_Loss: 242.5560
Epoch 141/200, Batch 400, Aver_Loss: 243.4255
Epoch 141/200, Batch 500, Aver_Loss: 244.3812
[early-stopping] Epoch 141: no improvement (5/20)
Epoch 142/200, Batch 100, Aver_Loss: 252.7493
Epoch 142/200, Batch 200, Aver_Loss: 245.4915
Epoch 142/200, Batch 300, Aver_Loss: 243.4040
Epoch 142/200, Batch 400, Aver_Loss: 228.4953
Epoch 142/200, Batch 500, Aver_Loss: 231.1045
[early-stopping] Epoch 142: no improvement (6/20)
Epoch 143/200, Batch 100, Aver_Loss: 234.0314
Epoch 143/200, Batch 200, Aver_Loss: 245.4731
Epoch 143/200, Batch 300, Aver_Loss: 228.3938
Epoch 143/200, Batch 400, Aver_Loss: 247.0182
Epoch 143/200, Batch 500, Aver_Loss: 222.3569
[early-stopping] Epoch 143: no improvement (7/20)
Epoch 144/200, Batch 100, Aver_Loss: 237.8412
Epoch 144/200, Batch 200, Aver_Loss: 245.1774
Epoch 144/200, Batch 300, Aver_Loss: 249.2587
Epoch 144/200, Batch 400, Aver_Loss: 230.0594
Epoch 144/200, Batch 500, Aver_Loss: 236.0588
[early-stopping] Epoch 144: new best val ELBO = -238.761896
Epoch 145/200, Batch 100, Aver_Loss: 240.5807
Epoch 145/200, Batch 200, Aver_Loss: 241.5681
Epoch 145/200, Batch 300, Aver_Loss: 241.8599
Epoch 145/200, Batch 400, Aver_Loss: 236.5733
Epoch 145/200, Batch 500, Aver_Loss: 250.1535
[early-stopping] Epoch 145: no improvement (1/20)
Epoch 146/200, Batch 100, Aver_Loss: 247.2323
Epoch 146/200, Batch 200, Aver_Loss: 231.9636
Epoch 146/200, Batch 300, Aver_Loss: 235.8726
Epoch 146/200, Batch 400, Aver_Loss: 226.5915
Epoch 146/200, Batch 500, Aver_Loss: 247.3165
[early-stopping] Epoch 146: no improvement (2/20)
Epoch 147/200, Batch 100, Aver_Loss: 226.7365
Epoch 147/200, Batch 200, Aver_Loss: 236.9596
Epoch 147/200, Batch 300, Aver_Loss: 251.9847
Epoch 147/200, Batch 400, Aver_Loss: 243.0015
Epoch 147/200, Batch 500, Aver_Loss: 249.0896
[early-stopping] Epoch 147: no improvement (3/20)
Epoch 148/200, Batch 100, Aver_Loss: 236.7666
Epoch 148/200, Batch 200, Aver_Loss: 239.9738
Epoch 148/200, Batch 300, Aver_Loss: 242.7286
Epoch 148/200, Batch 400, Aver_Loss: 239.2469
Epoch 148/200, Batch 500, Aver_Loss: 236.7465
[early-stopping] Epoch 148: no improvement (4/20)
Epoch 149/200, Batch 100, Aver_Loss: 233.6641
Epoch 149/200, Batch 200, Aver_Loss: 239.4743
Epoch 149/200, Batch 300, Aver_Loss: 247.5000
Epoch 149/200, Batch 400, Aver_Loss: 240.8461
Epoch 149/200, Batch 500, Aver_Loss: 232.4367
[early-stopping] Epoch 149: no improvement (5/20)
Epoch 150/200, Batch 100, Aver_Loss: 244.6575
Epoch 150/200, Batch 200, Aver_Loss: 243.7247
Epoch 150/200, Batch 300, Aver_Loss: 247.3119
Epoch 150/200, Batch 400, Aver_Loss: 244.7325
Epoch 150/200, Batch 500, Aver_Loss: 232.3284
[early-stopping] Epoch 150: no improvement (6/20)
Epoch 151/200, Batch 100, Aver_Loss: 234.3888
Epoch 151/200, Batch 200, Aver_Loss: 247.6238
Epoch 151/200, Batch 300, Aver_Loss: 227.6779
Epoch 151/200, Batch 400, Aver_Loss: 227.5705
Epoch 151/200, Batch 500, Aver_Loss: 249.0918
[early-stopping] Epoch 151: no improvement (7/20)
Epoch 152/200, Batch 100, Aver_Loss: 243.1448
Epoch 152/200, Batch 200, Aver_Loss: 236.0353
Epoch 152/200, Batch 300, Aver_Loss: 239.9221
Epoch 152/200, Batch 400, Aver_Loss: 224.7960
Epoch 152/200, Batch 500, Aver_Loss: 233.9563
[early-stopping] Epoch 152: no improvement (8/20)
Epoch 153/200, Batch 100, Aver_Loss: 237.5976
Epoch 153/200, Batch 200, Aver_Loss: 221.9652
Epoch 153/200, Batch 300, Aver_Loss: 231.7407
Epoch 153/200, Batch 400, Aver_Loss: 232.3470
Epoch 153/200, Batch 500, Aver_Loss: 227.7981
[early-stopping] Epoch 153: new best val ELBO = -238.700741
Epoch 154/200, Batch 100, Aver_Loss: 246.5982
Epoch 154/200, Batch 200, Aver_Loss: 228.6733
Epoch 154/200, Batch 300, Aver_Loss: 235.0661
Epoch 154/200, Batch 400, Aver_Loss: 227.9874
Epoch 154/200, Batch 500, Aver_Loss: 247.6595
[early-stopping] Epoch 154: no improvement (1/20)
Epoch 155/200, Batch 100, Aver_Loss: 239.3718
Epoch 155/200, Batch 200, Aver_Loss: 238.0060
Epoch 155/200, Batch 300, Aver_Loss: 247.5273
Epoch 155/200, Batch 400, Aver_Loss: 248.2513
Epoch 155/200, Batch 500, Aver_Loss: 233.1916
[early-stopping] Epoch 155: no improvement (2/20)
Epoch 156/200, Batch 100, Aver_Loss: 242.2531
Epoch 156/200, Batch 200, Aver_Loss: 230.3108
Epoch 156/200, Batch 300, Aver_Loss: 239.1167
Epoch 156/200, Batch 400, Aver_Loss: 227.5686
Epoch 156/200, Batch 500, Aver_Loss: 248.0803
[early-stopping] Epoch 156: no improvement (3/20)
Epoch 157/200, Batch 100, Aver_Loss: 240.7473
Epoch 157/200, Batch 200, Aver_Loss: 237.5496
Epoch 157/200, Batch 300, Aver_Loss: 246.8146
Epoch 157/200, Batch 400, Aver_Loss: 237.8305
Epoch 157/200, Batch 500, Aver_Loss: 225.8634
[early-stopping] Epoch 157: no improvement (4/20)
Epoch 158/200, Batch 100, Aver_Loss: 223.0698
Epoch 158/200, Batch 200, Aver_Loss: 240.9431
Epoch 158/200, Batch 300, Aver_Loss: 247.2244
Epoch 158/200, Batch 400, Aver_Loss: 238.3139
Epoch 158/200, Batch 500, Aver_Loss: 232.3230
[early-stopping] Epoch 158: no improvement (5/20)
Epoch 159/200, Batch 100, Aver_Loss: 244.9273
Epoch 159/200, Batch 200, Aver_Loss: 231.1898
Epoch 159/200, Batch 300, Aver_Loss: 240.7776
Epoch 159/200, Batch 400, Aver_Loss: 234.0094
Epoch 159/200, Batch 500, Aver_Loss: 234.6052
[early-stopping] Epoch 159: no improvement (6/20)
Epoch 160/200, Batch 100, Aver_Loss: 235.3878
Epoch 160/200, Batch 200, Aver_Loss: 237.6104
Epoch 160/200, Batch 300, Aver_Loss: 254.5168
Epoch 160/200, Batch 400, Aver_Loss: 235.5322
Epoch 160/200, Batch 500, Aver_Loss: 244.6437
[early-stopping] Epoch 160: no improvement (7/20)
Epoch 161/200, Batch 100, Aver_Loss: 237.6370
Epoch 161/200, Batch 200, Aver_Loss: 242.2691
Epoch 161/200, Batch 300, Aver_Loss: 239.0898
Epoch 161/200, Batch 400, Aver_Loss: 241.5263
Epoch 161/200, Batch 500, Aver_Loss: 231.8550
[early-stopping] Epoch 161: no improvement (8/20)
Epoch 162/200, Batch 100, Aver_Loss: 243.7770
Epoch 162/200, Batch 200, Aver_Loss: 241.7577
Epoch 162/200, Batch 300, Aver_Loss: 221.8927
Epoch 162/200, Batch 400, Aver_Loss: 226.2892
Epoch 162/200, Batch 500, Aver_Loss: 235.1805
[early-stopping] Epoch 162: no improvement (9/20)
Epoch 163/200, Batch 100, Aver_Loss: 240.7493
Epoch 163/200, Batch 200, Aver_Loss: 231.4515
Epoch 163/200, Batch 300, Aver_Loss: 248.3818
Epoch 163/200, Batch 400, Aver_Loss: 241.3782
Epoch 163/200, Batch 500, Aver_Loss: 239.9250
[early-stopping] Epoch 163: no improvement (10/20)
Epoch 164/200, Batch 100, Aver_Loss: 231.7275
Epoch 164/200, Batch 200, Aver_Loss: 244.6574
Epoch 164/200, Batch 300, Aver_Loss: 223.9798
Epoch 164/200, Batch 400, Aver_Loss: 234.3561
Epoch 164/200, Batch 500, Aver_Loss: 228.8752
[early-stopping] Epoch 164: new best val ELBO = -238.608882
Epoch 165/200, Batch 100, Aver_Loss: 227.9699
Epoch 165/200, Batch 200, Aver_Loss: 243.4589
Epoch 165/200, Batch 300, Aver_Loss: 239.9774
Epoch 165/200, Batch 400, Aver_Loss: 237.5728
Epoch 165/200, Batch 500, Aver_Loss: 234.2145
[early-stopping] Epoch 165: no improvement (1/20)
Epoch 166/200, Batch 100, Aver_Loss: 229.0611
Epoch 166/200, Batch 200, Aver_Loss: 225.5141
Epoch 166/200, Batch 300, Aver_Loss: 246.6838
Epoch 166/200, Batch 400, Aver_Loss: 244.3482
Epoch 166/200, Batch 500, Aver_Loss: 242.4795
[early-stopping] Epoch 166: no improvement (2/20)
Epoch 167/200, Batch 100, Aver_Loss: 229.1957
Epoch 167/200, Batch 200, Aver_Loss: 244.9848
Epoch 167/200, Batch 300, Aver_Loss: 240.0155
Epoch 167/200, Batch 400, Aver_Loss: 242.9203
Epoch 167/200, Batch 500, Aver_Loss: 242.4464
[early-stopping] Epoch 167: no improvement (3/20)
Epoch 168/200, Batch 100, Aver_Loss: 250.7894
Epoch 168/200, Batch 200, Aver_Loss: 229.7103
Epoch 168/200, Batch 300, Aver_Loss: 249.4542
Epoch 168/200, Batch 400, Aver_Loss: 243.8187
Epoch 168/200, Batch 500, Aver_Loss: 244.4020
[early-stopping] Epoch 168: no improvement (4/20)
Epoch 169/200, Batch 100, Aver_Loss: 233.5732
Epoch 169/200, Batch 200, Aver_Loss: 245.9841
Epoch 169/200, Batch 300, Aver_Loss: 240.1056
Epoch 169/200, Batch 400, Aver_Loss: 247.5719
Epoch 169/200, Batch 500, Aver_Loss: 247.5680
[early-stopping] Epoch 169: new best val ELBO = -238.586953
Epoch 170/200, Batch 100, Aver_Loss: 248.3011
Epoch 170/200, Batch 200, Aver_Loss: 250.9490
Epoch 170/200, Batch 300, Aver_Loss: 228.0365
Epoch 170/200, Batch 400, Aver_Loss: 238.3471
Epoch 170/200, Batch 500, Aver_Loss: 233.7401
[early-stopping] Epoch 170: no improvement (1/20)
Epoch 171/200, Batch 100, Aver_Loss: 238.6321
Epoch 171/200, Batch 200, Aver_Loss: 234.7425
Epoch 171/200, Batch 300, Aver_Loss: 233.5486
Epoch 171/200, Batch 400, Aver_Loss: 237.5020
Epoch 171/200, Batch 500, Aver_Loss: 236.7594
[early-stopping] Epoch 171: no improvement (2/20)
Epoch 172/200, Batch 100, Aver_Loss: 253.8139
Epoch 172/200, Batch 200, Aver_Loss: 238.0011
Epoch 172/200, Batch 300, Aver_Loss: 248.4222
Epoch 172/200, Batch 400, Aver_Loss: 236.4279
Epoch 172/200, Batch 500, Aver_Loss: 244.9533
[early-stopping] Epoch 172: new best val ELBO = -238.585821
Epoch 173/200, Batch 100, Aver_Loss: 254.1229
Epoch 173/200, Batch 200, Aver_Loss: 225.3209
Epoch 173/200, Batch 300, Aver_Loss: 241.4592
Epoch 173/200, Batch 400, Aver_Loss: 248.6866
Epoch 173/200, Batch 500, Aver_Loss: 230.3875
[early-stopping] Epoch 173: no improvement (1/20)
Epoch 174/200, Batch 100, Aver_Loss: 243.2635
Epoch 174/200, Batch 200, Aver_Loss: 254.0211
Epoch 174/200, Batch 300, Aver_Loss: 243.3434
Epoch 174/200, Batch 400, Aver_Loss: 238.5675
Epoch 174/200, Batch 500, Aver_Loss: 230.2564
[early-stopping] Epoch 174: no improvement (2/20)
Epoch 175/200, Batch 100, Aver_Loss: 247.8150
Epoch 175/200, Batch 200, Aver_Loss: 237.8200
Epoch 175/200, Batch 300, Aver_Loss: 242.5135
Epoch 175/200, Batch 400, Aver_Loss: 250.8683
Epoch 175/200, Batch 500, Aver_Loss: 244.1790
[early-stopping] Epoch 175: no improvement (3/20)
Epoch 176/200, Batch 100, Aver_Loss: 237.3391
Epoch 176/200, Batch 200, Aver_Loss: 240.1599
Epoch 176/200, Batch 300, Aver_Loss: 250.4850
Epoch 176/200, Batch 400, Aver_Loss: 238.7379
Epoch 176/200, Batch 500, Aver_Loss: 233.5763
[early-stopping] Epoch 176: no improvement (4/20)
Epoch 177/200, Batch 100, Aver_Loss: 237.7990
Epoch 177/200, Batch 200, Aver_Loss: 249.1248
Epoch 177/200, Batch 300, Aver_Loss: 234.3395
Epoch 177/200, Batch 400, Aver_Loss: 235.4927
Epoch 177/200, Batch 500, Aver_Loss: 247.2359
[early-stopping] Epoch 177: no improvement (5/20)
Epoch 178/200, Batch 100, Aver_Loss: 229.6228
Epoch 178/200, Batch 200, Aver_Loss: 242.1618
Epoch 178/200, Batch 300, Aver_Loss: 243.1889
Epoch 178/200, Batch 400, Aver_Loss: 223.8616
Epoch 178/200, Batch 500, Aver_Loss: 235.4490
[early-stopping] Epoch 178: no improvement (6/20)
Epoch 179/200, Batch 100, Aver_Loss: 229.7937
Epoch 179/200, Batch 200, Aver_Loss: 240.1883
Epoch 179/200, Batch 300, Aver_Loss: 239.0009
Epoch 179/200, Batch 400, Aver_Loss: 241.2087
Epoch 179/200, Batch 500, Aver_Loss: 232.2370
[early-stopping] Epoch 179: no improvement (7/20)
Epoch 180/200, Batch 100, Aver_Loss: 232.9631
Epoch 180/200, Batch 200, Aver_Loss: 244.4372
Epoch 180/200, Batch 300, Aver_Loss: 234.9430
Epoch 180/200, Batch 400, Aver_Loss: 236.8112
Epoch 180/200, Batch 500, Aver_Loss: 227.7725
[early-stopping] Epoch 180: no improvement (8/20)
Epoch 181/200, Batch 100, Aver_Loss: 226.6447
Epoch 181/200, Batch 200, Aver_Loss: 229.8283
Epoch 181/200, Batch 300, Aver_Loss: 237.1616
Epoch 181/200, Batch 400, Aver_Loss: 236.3904
Epoch 181/200, Batch 500, Aver_Loss: 230.3630
[early-stopping] Epoch 181: no improvement (9/20)
Epoch 182/200, Batch 100, Aver_Loss: 240.7645
Epoch 182/200, Batch 200, Aver_Loss: 245.3267
Epoch 182/200, Batch 300, Aver_Loss: 248.3671
Epoch 182/200, Batch 400, Aver_Loss: 224.3382
Epoch 182/200, Batch 500, Aver_Loss: 233.7283
[early-stopping] Epoch 182: no improvement (10/20)
Epoch 183/200, Batch 100, Aver_Loss: 237.3176
Epoch 183/200, Batch 200, Aver_Loss: 236.7436
Epoch 183/200, Batch 300, Aver_Loss: 239.3155
Epoch 183/200, Batch 400, Aver_Loss: 246.4536
Epoch 183/200, Batch 500, Aver_Loss: 235.7560
[early-stopping] Epoch 183: no improvement (11/20)
Epoch 184/200, Batch 100, Aver_Loss: 243.3172
Epoch 184/200, Batch 200, Aver_Loss: 251.8007
Epoch 184/200, Batch 300, Aver_Loss: 235.3614
Epoch 184/200, Batch 400, Aver_Loss: 238.1951
Epoch 184/200, Batch 500, Aver_Loss: 242.7663
[early-stopping] Epoch 184: no improvement (12/20)
Epoch 185/200, Batch 100, Aver_Loss: 233.0864
Epoch 185/200, Batch 200, Aver_Loss: 244.8818
Epoch 185/200, Batch 300, Aver_Loss: 231.9694
Epoch 185/200, Batch 400, Aver_Loss: 238.2018
Epoch 185/200, Batch 500, Aver_Loss: 235.8480
[early-stopping] Epoch 185: no improvement (13/20)
Epoch 186/200, Batch 100, Aver_Loss: 236.9132
Epoch 186/200, Batch 200, Aver_Loss: 232.5603
Epoch 186/200, Batch 300, Aver_Loss: 234.5928
Epoch 186/200, Batch 400, Aver_Loss: 233.2634
Epoch 186/200, Batch 500, Aver_Loss: 234.3325
[early-stopping] Epoch 186: no improvement (14/20)
Epoch 187/200, Batch 100, Aver_Loss: 234.4806
Epoch 187/200, Batch 200, Aver_Loss: 237.2392
Epoch 187/200, Batch 300, Aver_Loss: 227.7369
Epoch 187/200, Batch 400, Aver_Loss: 233.9065
Epoch 187/200, Batch 500, Aver_Loss: 229.5516
[early-stopping] Epoch 187: no improvement (15/20)
Epoch 188/200, Batch 100, Aver_Loss: 245.0615
Epoch 188/200, Batch 200, Aver_Loss: 245.9158
Epoch 188/200, Batch 300, Aver_Loss: 241.2603
Epoch 188/200, Batch 400, Aver_Loss: 231.1430
Epoch 188/200, Batch 500, Aver_Loss: 241.2799
[early-stopping] Epoch 188: no improvement (16/20)
Epoch 189/200, Batch 100, Aver_Loss: 229.3848
Epoch 189/200, Batch 200, Aver_Loss: 242.2138
Epoch 189/200, Batch 300, Aver_Loss: 236.2666
Epoch 189/200, Batch 400, Aver_Loss: 235.8105
Epoch 189/200, Batch 500, Aver_Loss: 241.4923
[early-stopping] Epoch 189: no improvement (17/20)
Epoch 190/200, Batch 100, Aver_Loss: 235.6160
Epoch 190/200, Batch 200, Aver_Loss: 230.4291
Epoch 190/200, Batch 300, Aver_Loss: 245.3194
Epoch 190/200, Batch 400, Aver_Loss: 231.3034
Epoch 190/200, Batch 500, Aver_Loss: 230.3079
[early-stopping] Epoch 190: no improvement (18/20)
Epoch 191/200, Batch 100, Aver_Loss: 245.1932
Epoch 191/200, Batch 200, Aver_Loss: 235.8762
Epoch 191/200, Batch 300, Aver_Loss: 243.3060
Epoch 191/200, Batch 400, Aver_Loss: 240.9420
Epoch 191/200, Batch 500, Aver_Loss: 239.8414
[early-stopping] Epoch 191: no improvement (19/20)
Epoch 192/200, Batch 100, Aver_Loss: 235.7942
Epoch 192/200, Batch 200, Aver_Loss: 228.6104
Epoch 192/200, Batch 300, Aver_Loss: 249.0237
Epoch 192/200, Batch 400, Aver_Loss: 237.9167
Epoch 192/200, Batch 500, Aver_Loss: 247.0589
[early-stopping] Epoch 192: no improvement (20/20)
[early-stopping] Patience reached. Stopping at epoch 192. Best epoch: 172, best val ELBO: -238.585821
[early-stopping] Loaded best model from epoch 172 (val ELBO = -238.585821)
[checkpoint] Saved best model to: trained_parameters/fashion_mnist_zdim32_MVAE.pkl
[saved curves] ./results/FASHION_MNIST/curves/fashion_mnist_mvae_d32_s777.json

==== Evaluation Summary ====
                 model: mvae
   recon/mse_per_pixel: 0.014326
            elbo/train: -237.837276
             elbo/test: -238.528934
             mse/train: 0.013951
              mse/test: 0.014326
             probe/acc: 0.821500
             probe/nll: 0.495320
           probe/brier: 0.251596
             probe/ece: 0.025886
           cluster/nmi: 0.524277
           cluster/ari: 0.360736
============================

