/usr/bin/which: no fi_info in (/arf/home/meyavuz/.local/bin:/arf/sw/comp/python/intelpython3/condabin:/arf/sw/comp/python/intelpython3/bin:/usr/share/Modules/bin:/usr/local/bin:/usr/bin:/usr/local/sbin:/usr/sbin)
Extension for Scikit-learn* enabled (https://github.com/uxlfoundation/scikit-learn-intelex)
/arf/home/meyavuz/.conda/envs/sbn/lib/python3.9/site-packages/sklearn/linear_model/_logistic.py:1247: FutureWarning: 'multi_class' was deprecated in version 1.5 and will be removed in 1.7. From then on, it will always use 'multinomial'. Leave it to its default value to avoid this warning.
  warnings.warn(
Epoch 1/200, Batch 100, Aver_Loss: 296.2655
Epoch 1/200, Batch 200, Aver_Loss: 277.8084
Epoch 1/200, Batch 300, Aver_Loss: 266.7420
Epoch 1/200, Batch 400, Aver_Loss: 271.1364
Epoch 1/200, Batch 500, Aver_Loss: 265.0172
[early-stopping] Epoch 1: new best val ELBO = -260.901913
Epoch 2/200, Batch 100, Aver_Loss: 256.5769
Epoch 2/200, Batch 200, Aver_Loss: 263.7139
Epoch 2/200, Batch 300, Aver_Loss: 264.1696
Epoch 2/200, Batch 400, Aver_Loss: 247.8337
Epoch 2/200, Batch 500, Aver_Loss: 251.5423
[early-stopping] Epoch 2: new best val ELBO = -256.173920
Epoch 3/200, Batch 100, Aver_Loss: 243.7639
Epoch 3/200, Batch 200, Aver_Loss: 257.5526
Epoch 3/200, Batch 300, Aver_Loss: 265.5027
Epoch 3/200, Batch 400, Aver_Loss: 243.9039
Epoch 3/200, Batch 500, Aver_Loss: 239.7719
[early-stopping] Epoch 3: new best val ELBO = -251.535904
Epoch 4/200, Batch 100, Aver_Loss: 256.5296
Epoch 4/200, Batch 200, Aver_Loss: 238.6336
Epoch 4/200, Batch 300, Aver_Loss: 240.5759
Epoch 4/200, Batch 400, Aver_Loss: 252.8737
Epoch 4/200, Batch 500, Aver_Loss: 268.2699
[early-stopping] Epoch 4: new best val ELBO = -250.157768
Epoch 5/200, Batch 100, Aver_Loss: 240.6842
Epoch 5/200, Batch 200, Aver_Loss: 239.1971
Epoch 5/200, Batch 300, Aver_Loss: 253.1545
Epoch 5/200, Batch 400, Aver_Loss: 251.6537
Epoch 5/200, Batch 500, Aver_Loss: 259.5939
[early-stopping] Epoch 5: new best val ELBO = -247.960336
Epoch 6/200, Batch 100, Aver_Loss: 250.9041
Epoch 6/200, Batch 200, Aver_Loss: 247.2415
Epoch 6/200, Batch 300, Aver_Loss: 244.6081
Epoch 6/200, Batch 400, Aver_Loss: 242.3089
Epoch 6/200, Batch 500, Aver_Loss: 239.3722
[early-stopping] Epoch 6: new best val ELBO = -246.185644
Epoch 7/200, Batch 100, Aver_Loss: 230.4666
Epoch 7/200, Batch 200, Aver_Loss: 230.7435
Epoch 7/200, Batch 300, Aver_Loss: 248.7455
Epoch 7/200, Batch 400, Aver_Loss: 252.4490
Epoch 7/200, Batch 500, Aver_Loss: 228.6011
[early-stopping] Epoch 7: new best val ELBO = -245.442379
Epoch 8/200, Batch 100, Aver_Loss: 233.2669
Epoch 8/200, Batch 200, Aver_Loss: 243.6586
Epoch 8/200, Batch 300, Aver_Loss: 251.7826
Epoch 8/200, Batch 400, Aver_Loss: 244.8720
Epoch 8/200, Batch 500, Aver_Loss: 233.6727
[early-stopping] Epoch 8: new best val ELBO = -244.498914
Epoch 9/200, Batch 100, Aver_Loss: 242.8270
Epoch 9/200, Batch 200, Aver_Loss: 240.1390
Epoch 9/200, Batch 300, Aver_Loss: 235.1751
Epoch 9/200, Batch 400, Aver_Loss: 247.6830
Epoch 9/200, Batch 500, Aver_Loss: 245.9912
[early-stopping] Epoch 9: new best val ELBO = -244.400834
Epoch 10/200, Batch 100, Aver_Loss: 252.3318
Epoch 10/200, Batch 200, Aver_Loss: 237.3421
Epoch 10/200, Batch 300, Aver_Loss: 233.2558
Epoch 10/200, Batch 400, Aver_Loss: 250.3422
Epoch 10/200, Batch 500, Aver_Loss: 250.1738
[early-stopping] Epoch 10: new best val ELBO = -243.735296
Epoch 11/200, Batch 100, Aver_Loss: 260.6434
Epoch 11/200, Batch 200, Aver_Loss: 248.9476
Epoch 11/200, Batch 300, Aver_Loss: 241.8725
Epoch 11/200, Batch 400, Aver_Loss: 255.2701
Epoch 11/200, Batch 500, Aver_Loss: 249.8482
[early-stopping] Epoch 11: new best val ELBO = -243.311257
Epoch 12/200, Batch 100, Aver_Loss: 252.1816
Epoch 12/200, Batch 200, Aver_Loss: 251.2207
Epoch 12/200, Batch 300, Aver_Loss: 231.8644
Epoch 12/200, Batch 400, Aver_Loss: 250.9256
Epoch 12/200, Batch 500, Aver_Loss: 253.1335
[early-stopping] Epoch 12: no improvement (1/20)
Epoch 13/200, Batch 100, Aver_Loss: 253.6550
Epoch 13/200, Batch 200, Aver_Loss: 237.7239
Epoch 13/200, Batch 300, Aver_Loss: 249.3048
Epoch 13/200, Batch 400, Aver_Loss: 241.2964
Epoch 13/200, Batch 500, Aver_Loss: 254.2744
[early-stopping] Epoch 13: new best val ELBO = -242.669594
Epoch 14/200, Batch 100, Aver_Loss: 246.3011
Epoch 14/200, Batch 200, Aver_Loss: 241.6981
Epoch 14/200, Batch 300, Aver_Loss: 248.6375
Epoch 14/200, Batch 400, Aver_Loss: 243.9590
Epoch 14/200, Batch 500, Aver_Loss: 245.7391
[early-stopping] Epoch 14: new best val ELBO = -242.473320
Epoch 15/200, Batch 100, Aver_Loss: 233.6445
Epoch 15/200, Batch 200, Aver_Loss: 238.6207
Epoch 15/200, Batch 300, Aver_Loss: 242.5765
Epoch 15/200, Batch 400, Aver_Loss: 246.6403
Epoch 15/200, Batch 500, Aver_Loss: 237.0330
[early-stopping] Epoch 15: no improvement (1/20)
Epoch 16/200, Batch 100, Aver_Loss: 246.3838
Epoch 16/200, Batch 200, Aver_Loss: 243.1839
Epoch 16/200, Batch 300, Aver_Loss: 252.9924
Epoch 16/200, Batch 400, Aver_Loss: 250.0258
Epoch 16/200, Batch 500, Aver_Loss: 245.5000
[early-stopping] Epoch 16: no improvement (2/20)
Epoch 17/200, Batch 100, Aver_Loss: 232.3637
Epoch 17/200, Batch 200, Aver_Loss: 229.5475
Epoch 17/200, Batch 300, Aver_Loss: 226.4162
Epoch 17/200, Batch 400, Aver_Loss: 228.9764
Epoch 17/200, Batch 500, Aver_Loss: 234.5410
[early-stopping] Epoch 17: new best val ELBO = -241.769164
Epoch 18/200, Batch 100, Aver_Loss: 244.8172
Epoch 18/200, Batch 200, Aver_Loss: 236.0051
Epoch 18/200, Batch 300, Aver_Loss: 235.8071
Epoch 18/200, Batch 400, Aver_Loss: 233.6812
Epoch 18/200, Batch 500, Aver_Loss: 246.7028
[early-stopping] Epoch 18: no improvement (1/20)
Epoch 19/200, Batch 100, Aver_Loss: 250.7634
Epoch 19/200, Batch 200, Aver_Loss: 255.7117
Epoch 19/200, Batch 300, Aver_Loss: 228.1510
Epoch 19/200, Batch 400, Aver_Loss: 227.0775
Epoch 19/200, Batch 500, Aver_Loss: 252.1347
[early-stopping] Epoch 19: new best val ELBO = -241.570613
Epoch 20/200, Batch 100, Aver_Loss: 247.7981
Epoch 20/200, Batch 200, Aver_Loss: 237.7654
Epoch 20/200, Batch 300, Aver_Loss: 248.8414
Epoch 20/200, Batch 400, Aver_Loss: 234.6555
Epoch 20/200, Batch 500, Aver_Loss: 237.0635
[early-stopping] Epoch 20: new best val ELBO = -241.463376
Epoch 21/200, Batch 100, Aver_Loss: 264.3763
Epoch 21/200, Batch 200, Aver_Loss: 234.9783
Epoch 21/200, Batch 300, Aver_Loss: 255.5618
Epoch 21/200, Batch 400, Aver_Loss: 241.6060
Epoch 21/200, Batch 500, Aver_Loss: 247.1877
[early-stopping] Epoch 21: no improvement (1/20)
Epoch 22/200, Batch 100, Aver_Loss: 249.1385
Epoch 22/200, Batch 200, Aver_Loss: 245.2356
Epoch 22/200, Batch 300, Aver_Loss: 237.9541
Epoch 22/200, Batch 400, Aver_Loss: 240.2295
Epoch 22/200, Batch 500, Aver_Loss: 242.4220
[early-stopping] Epoch 22: new best val ELBO = -241.223449
Epoch 23/200, Batch 100, Aver_Loss: 234.0979
Epoch 23/200, Batch 200, Aver_Loss: 244.2289
Epoch 23/200, Batch 300, Aver_Loss: 243.6088
Epoch 23/200, Batch 400, Aver_Loss: 244.7510
Epoch 23/200, Batch 500, Aver_Loss: 235.9462
[early-stopping] Epoch 23: no improvement (1/20)
Epoch 24/200, Batch 100, Aver_Loss: 227.7981
Epoch 24/200, Batch 200, Aver_Loss: 235.7331
Epoch 24/200, Batch 300, Aver_Loss: 245.7276
Epoch 24/200, Batch 400, Aver_Loss: 250.7844
Epoch 24/200, Batch 500, Aver_Loss: 247.6570
[early-stopping] Epoch 24: new best val ELBO = -241.020561
Epoch 25/200, Batch 100, Aver_Loss: 238.4914
Epoch 25/200, Batch 200, Aver_Loss: 242.0534
Epoch 25/200, Batch 300, Aver_Loss: 239.5717
Epoch 25/200, Batch 400, Aver_Loss: 231.7419
Epoch 25/200, Batch 500, Aver_Loss: 235.9222
[early-stopping] Epoch 25: new best val ELBO = -240.977487
Epoch 26/200, Batch 100, Aver_Loss: 238.1466
Epoch 26/200, Batch 200, Aver_Loss: 243.6313
Epoch 26/200, Batch 300, Aver_Loss: 239.1366
Epoch 26/200, Batch 400, Aver_Loss: 247.5738
Epoch 26/200, Batch 500, Aver_Loss: 234.4145
[early-stopping] Epoch 26: new best val ELBO = -240.699236
Epoch 27/200, Batch 100, Aver_Loss: 250.2739
Epoch 27/200, Batch 200, Aver_Loss: 236.4379
Epoch 27/200, Batch 300, Aver_Loss: 244.0414
Epoch 27/200, Batch 400, Aver_Loss: 257.0842
Epoch 27/200, Batch 500, Aver_Loss: 231.5807
[early-stopping] Epoch 27: no improvement (1/20)
Epoch 28/200, Batch 100, Aver_Loss: 228.4907
Epoch 28/200, Batch 200, Aver_Loss: 238.0522
Epoch 28/200, Batch 300, Aver_Loss: 253.8242
Epoch 28/200, Batch 400, Aver_Loss: 243.2753
Epoch 28/200, Batch 500, Aver_Loss: 251.0156
[early-stopping] Epoch 28: no improvement (2/20)
Epoch 29/200, Batch 100, Aver_Loss: 251.9114
Epoch 29/200, Batch 200, Aver_Loss: 245.7121
Epoch 29/200, Batch 300, Aver_Loss: 244.5424
Epoch 29/200, Batch 400, Aver_Loss: 249.3793
Epoch 29/200, Batch 500, Aver_Loss: 235.1149
[early-stopping] Epoch 29: no improvement (3/20)
Epoch 30/200, Batch 100, Aver_Loss: 235.9725
Epoch 30/200, Batch 200, Aver_Loss: 223.6213
Epoch 30/200, Batch 300, Aver_Loss: 246.1498
Epoch 30/200, Batch 400, Aver_Loss: 241.6112
Epoch 30/200, Batch 500, Aver_Loss: 249.2332
[early-stopping] Epoch 30: new best val ELBO = -240.571840
Epoch 31/200, Batch 100, Aver_Loss: 246.6191
Epoch 31/200, Batch 200, Aver_Loss: 233.6712
Epoch 31/200, Batch 300, Aver_Loss: 227.1030
Epoch 31/200, Batch 400, Aver_Loss: 237.2715
Epoch 31/200, Batch 500, Aver_Loss: 234.3522
[early-stopping] Epoch 31: no improvement (1/20)
Epoch 32/200, Batch 100, Aver_Loss: 240.7525
Epoch 32/200, Batch 200, Aver_Loss: 240.0750
Epoch 32/200, Batch 300, Aver_Loss: 247.8355
Epoch 32/200, Batch 400, Aver_Loss: 239.0947
Epoch 32/200, Batch 500, Aver_Loss: 247.0691
[early-stopping] Epoch 32: new best val ELBO = -240.367544
Epoch 33/200, Batch 100, Aver_Loss: 234.7988
Epoch 33/200, Batch 200, Aver_Loss: 239.8549
Epoch 33/200, Batch 300, Aver_Loss: 228.8161
Epoch 33/200, Batch 400, Aver_Loss: 236.0142
Epoch 33/200, Batch 500, Aver_Loss: 237.8702
[early-stopping] Epoch 33: no improvement (1/20)
Epoch 34/200, Batch 100, Aver_Loss: 240.8566
Epoch 34/200, Batch 200, Aver_Loss: 240.4070
Epoch 34/200, Batch 300, Aver_Loss: 241.2571
Epoch 34/200, Batch 400, Aver_Loss: 241.2281
Epoch 34/200, Batch 500, Aver_Loss: 235.6748
[early-stopping] Epoch 34: no improvement (2/20)
Epoch 35/200, Batch 100, Aver_Loss: 248.0289
Epoch 35/200, Batch 200, Aver_Loss: 245.6059
Epoch 35/200, Batch 300, Aver_Loss: 239.5302
Epoch 35/200, Batch 400, Aver_Loss: 228.5931
Epoch 35/200, Batch 500, Aver_Loss: 243.4310
[early-stopping] Epoch 35: new best val ELBO = -240.263664
Epoch 36/200, Batch 100, Aver_Loss: 251.7948
Epoch 36/200, Batch 200, Aver_Loss: 249.7101
Epoch 36/200, Batch 300, Aver_Loss: 235.4760
Epoch 36/200, Batch 400, Aver_Loss: 246.3150
Epoch 36/200, Batch 500, Aver_Loss: 233.8143
[early-stopping] Epoch 36: no improvement (1/20)
Epoch 37/200, Batch 100, Aver_Loss: 235.6595
Epoch 37/200, Batch 200, Aver_Loss: 239.5799
Epoch 37/200, Batch 300, Aver_Loss: 240.4883
Epoch 37/200, Batch 400, Aver_Loss: 234.7259
Epoch 37/200, Batch 500, Aver_Loss: 240.3138
[early-stopping] Epoch 37: no improvement (2/20)
Epoch 38/200, Batch 100, Aver_Loss: 242.0851
Epoch 38/200, Batch 200, Aver_Loss: 243.6138
Epoch 38/200, Batch 300, Aver_Loss: 225.1201
Epoch 38/200, Batch 400, Aver_Loss: 257.6781
Epoch 38/200, Batch 500, Aver_Loss: 229.0490
[early-stopping] Epoch 38: no improvement (3/20)
Epoch 39/200, Batch 100, Aver_Loss: 246.1201
Epoch 39/200, Batch 200, Aver_Loss: 240.5690
Epoch 39/200, Batch 300, Aver_Loss: 226.2094
Epoch 39/200, Batch 400, Aver_Loss: 239.5155
Epoch 39/200, Batch 500, Aver_Loss: 230.6170
[early-stopping] Epoch 39: no improvement (4/20)
Epoch 40/200, Batch 100, Aver_Loss: 225.9585
Epoch 40/200, Batch 200, Aver_Loss: 232.0123
Epoch 40/200, Batch 300, Aver_Loss: 240.8570
Epoch 40/200, Batch 400, Aver_Loss: 236.4832
Epoch 40/200, Batch 500, Aver_Loss: 253.9248
[early-stopping] Epoch 40: new best val ELBO = -240.056814
Epoch 41/200, Batch 100, Aver_Loss: 244.7963
Epoch 41/200, Batch 200, Aver_Loss: 232.7729
Epoch 41/200, Batch 300, Aver_Loss: 244.1431
Epoch 41/200, Batch 400, Aver_Loss: 256.4097
Epoch 41/200, Batch 500, Aver_Loss: 236.8164
[early-stopping] Epoch 41: no improvement (1/20)
Epoch 42/200, Batch 100, Aver_Loss: 231.3366
Epoch 42/200, Batch 200, Aver_Loss: 229.6237
Epoch 42/200, Batch 300, Aver_Loss: 241.4240
Epoch 42/200, Batch 400, Aver_Loss: 258.9919
Epoch 42/200, Batch 500, Aver_Loss: 248.5430
[early-stopping] Epoch 42: new best val ELBO = -239.972970
Epoch 43/200, Batch 100, Aver_Loss: 240.2520
Epoch 43/200, Batch 200, Aver_Loss: 245.1536
Epoch 43/200, Batch 300, Aver_Loss: 236.2545
Epoch 43/200, Batch 400, Aver_Loss: 245.2492
Epoch 43/200, Batch 500, Aver_Loss: 238.7200
[early-stopping] Epoch 43: no improvement (1/20)
Epoch 44/200, Batch 100, Aver_Loss: 245.5674
Epoch 44/200, Batch 200, Aver_Loss: 232.2690
Epoch 44/200, Batch 300, Aver_Loss: 244.0849
Epoch 44/200, Batch 400, Aver_Loss: 241.7655
Epoch 44/200, Batch 500, Aver_Loss: 245.6348
[early-stopping] Epoch 44: new best val ELBO = -239.969393
Epoch 45/200, Batch 100, Aver_Loss: 242.5380
Epoch 45/200, Batch 200, Aver_Loss: 255.7699
Epoch 45/200, Batch 300, Aver_Loss: 243.6763
Epoch 45/200, Batch 400, Aver_Loss: 231.6412
Epoch 45/200, Batch 500, Aver_Loss: 247.3630
[early-stopping] Epoch 45: no improvement (1/20)
Epoch 46/200, Batch 100, Aver_Loss: 254.4836
Epoch 46/200, Batch 200, Aver_Loss: 237.1000
Epoch 46/200, Batch 300, Aver_Loss: 244.9270
Epoch 46/200, Batch 400, Aver_Loss: 252.1409
Epoch 46/200, Batch 500, Aver_Loss: 244.8398
[early-stopping] Epoch 46: no improvement (2/20)
Epoch 47/200, Batch 100, Aver_Loss: 242.6276
Epoch 47/200, Batch 200, Aver_Loss: 238.0091
Epoch 47/200, Batch 300, Aver_Loss: 231.3875
Epoch 47/200, Batch 400, Aver_Loss: 253.8150
Epoch 47/200, Batch 500, Aver_Loss: 232.1322
[early-stopping] Epoch 47: new best val ELBO = -239.837184
Epoch 48/200, Batch 100, Aver_Loss: 249.5551
Epoch 48/200, Batch 200, Aver_Loss: 252.0813
Epoch 48/200, Batch 300, Aver_Loss: 229.6834
Epoch 48/200, Batch 400, Aver_Loss: 243.1362
Epoch 48/200, Batch 500, Aver_Loss: 238.0103
[early-stopping] Epoch 48: no improvement (1/20)
Epoch 49/200, Batch 100, Aver_Loss: 235.4256
Epoch 49/200, Batch 200, Aver_Loss: 242.3012
Epoch 49/200, Batch 300, Aver_Loss: 234.2550
Epoch 49/200, Batch 400, Aver_Loss: 243.7893
Epoch 49/200, Batch 500, Aver_Loss: 239.3221
[early-stopping] Epoch 49: no improvement (2/20)
Epoch 50/200, Batch 100, Aver_Loss: 240.8736
Epoch 50/200, Batch 200, Aver_Loss: 242.3137
Epoch 50/200, Batch 300, Aver_Loss: 237.0858
Epoch 50/200, Batch 400, Aver_Loss: 248.0717
Epoch 50/200, Batch 500, Aver_Loss: 240.2097
[early-stopping] Epoch 50: new best val ELBO = -239.639004
Epoch 51/200, Batch 100, Aver_Loss: 212.9145
Epoch 51/200, Batch 200, Aver_Loss: 238.2498
Epoch 51/200, Batch 300, Aver_Loss: 253.0451
Epoch 51/200, Batch 400, Aver_Loss: 243.3791
Epoch 51/200, Batch 500, Aver_Loss: 234.3036
[early-stopping] Epoch 51: no improvement (1/20)
Epoch 52/200, Batch 100, Aver_Loss: 246.2723
Epoch 52/200, Batch 200, Aver_Loss: 247.6919
Epoch 52/200, Batch 300, Aver_Loss: 229.9965
Epoch 52/200, Batch 400, Aver_Loss: 247.4727
Epoch 52/200, Batch 500, Aver_Loss: 240.3028
[early-stopping] Epoch 52: no improvement (2/20)
Epoch 53/200, Batch 100, Aver_Loss: 231.0206
Epoch 53/200, Batch 200, Aver_Loss: 242.5353
Epoch 53/200, Batch 300, Aver_Loss: 249.7101
Epoch 53/200, Batch 400, Aver_Loss: 223.0550
Epoch 53/200, Batch 500, Aver_Loss: 244.3897
[early-stopping] Epoch 53: no improvement (3/20)
Epoch 54/200, Batch 100, Aver_Loss: 238.3185
Epoch 54/200, Batch 200, Aver_Loss: 225.6176
Epoch 54/200, Batch 300, Aver_Loss: 243.7387
Epoch 54/200, Batch 400, Aver_Loss: 235.1427
Epoch 54/200, Batch 500, Aver_Loss: 231.8241
[early-stopping] Epoch 54: no improvement (4/20)
Epoch 55/200, Batch 100, Aver_Loss: 239.6242
Epoch 55/200, Batch 200, Aver_Loss: 238.1095
Epoch 55/200, Batch 300, Aver_Loss: 226.2760
Epoch 55/200, Batch 400, Aver_Loss: 232.2838
Epoch 55/200, Batch 500, Aver_Loss: 249.4364
[early-stopping] Epoch 55: no improvement (5/20)
Epoch 56/200, Batch 100, Aver_Loss: 248.4040
Epoch 56/200, Batch 200, Aver_Loss: 246.6413
Epoch 56/200, Batch 300, Aver_Loss: 227.0768
Epoch 56/200, Batch 400, Aver_Loss: 234.3420
Epoch 56/200, Batch 500, Aver_Loss: 232.2154
[early-stopping] Epoch 56: no improvement (6/20)
Epoch 57/200, Batch 100, Aver_Loss: 240.3766
Epoch 57/200, Batch 200, Aver_Loss: 238.6623
Epoch 57/200, Batch 300, Aver_Loss: 235.5466
Epoch 57/200, Batch 400, Aver_Loss: 227.6303
Epoch 57/200, Batch 500, Aver_Loss: 238.5586
[early-stopping] Epoch 57: new best val ELBO = -239.598435
Epoch 58/200, Batch 100, Aver_Loss: 241.6708
Epoch 58/200, Batch 200, Aver_Loss: 238.9498
Epoch 58/200, Batch 300, Aver_Loss: 232.9938
Epoch 58/200, Batch 400, Aver_Loss: 233.1977
Epoch 58/200, Batch 500, Aver_Loss: 239.6140
[early-stopping] Epoch 58: no improvement (1/20)
Epoch 59/200, Batch 100, Aver_Loss: 242.0128
Epoch 59/200, Batch 200, Aver_Loss: 233.3164
Epoch 59/200, Batch 300, Aver_Loss: 235.2098
Epoch 59/200, Batch 400, Aver_Loss: 229.7588
Epoch 59/200, Batch 500, Aver_Loss: 246.0910
[early-stopping] Epoch 59: no improvement (2/20)
Epoch 60/200, Batch 100, Aver_Loss: 223.8729
Epoch 60/200, Batch 200, Aver_Loss: 239.6930
Epoch 60/200, Batch 300, Aver_Loss: 235.5919
Epoch 60/200, Batch 400, Aver_Loss: 241.1402
Epoch 60/200, Batch 500, Aver_Loss: 244.3163
[early-stopping] Epoch 60: no improvement (3/20)
Epoch 61/200, Batch 100, Aver_Loss: 252.3167
Epoch 61/200, Batch 200, Aver_Loss: 229.8699
Epoch 61/200, Batch 300, Aver_Loss: 249.4755
Epoch 61/200, Batch 400, Aver_Loss: 226.6367
Epoch 61/200, Batch 500, Aver_Loss: 230.9992
[early-stopping] Epoch 61: no improvement (4/20)
Epoch 62/200, Batch 100, Aver_Loss: 241.9169
Epoch 62/200, Batch 200, Aver_Loss: 251.3779
Epoch 62/200, Batch 300, Aver_Loss: 220.6645
Epoch 62/200, Batch 400, Aver_Loss: 229.6009
Epoch 62/200, Batch 500, Aver_Loss: 225.1411
[early-stopping] Epoch 62: no improvement (5/20)
Epoch 63/200, Batch 100, Aver_Loss: 229.0920
Epoch 63/200, Batch 200, Aver_Loss: 236.9191
Epoch 63/200, Batch 300, Aver_Loss: 229.4727
Epoch 63/200, Batch 400, Aver_Loss: 246.4192
Epoch 63/200, Batch 500, Aver_Loss: 257.5258
[early-stopping] Epoch 63: no improvement (6/20)
Epoch 64/200, Batch 100, Aver_Loss: 241.9964
Epoch 64/200, Batch 200, Aver_Loss: 244.1644
Epoch 64/200, Batch 300, Aver_Loss: 229.5997
Epoch 64/200, Batch 400, Aver_Loss: 245.4628
Epoch 64/200, Batch 500, Aver_Loss: 232.7423
[early-stopping] Epoch 64: new best val ELBO = -239.373146
Epoch 65/200, Batch 100, Aver_Loss: 249.2486
Epoch 65/200, Batch 200, Aver_Loss: 240.2433
Epoch 65/200, Batch 300, Aver_Loss: 233.9645
Epoch 65/200, Batch 400, Aver_Loss: 236.6698
Epoch 65/200, Batch 500, Aver_Loss: 239.7717
[early-stopping] Epoch 65: no improvement (1/20)
Epoch 66/200, Batch 100, Aver_Loss: 238.8980
Epoch 66/200, Batch 200, Aver_Loss: 231.6719
Epoch 66/200, Batch 300, Aver_Loss: 233.3080
Epoch 66/200, Batch 400, Aver_Loss: 236.7791
Epoch 66/200, Batch 500, Aver_Loss: 250.9703
[early-stopping] Epoch 66: no improvement (2/20)
Epoch 67/200, Batch 100, Aver_Loss: 238.1118
Epoch 67/200, Batch 200, Aver_Loss: 239.9269
Epoch 67/200, Batch 300, Aver_Loss: 250.7919
Epoch 67/200, Batch 400, Aver_Loss: 241.2615
Epoch 67/200, Batch 500, Aver_Loss: 246.9571
[early-stopping] Epoch 67: no improvement (3/20)
Epoch 68/200, Batch 100, Aver_Loss: 246.0998
Epoch 68/200, Batch 200, Aver_Loss: 237.2975
Epoch 68/200, Batch 300, Aver_Loss: 237.8754
Epoch 68/200, Batch 400, Aver_Loss: 225.1096
Epoch 68/200, Batch 500, Aver_Loss: 243.3466
[early-stopping] Epoch 68: new best val ELBO = -239.258491
Epoch 69/200, Batch 100, Aver_Loss: 232.8741
Epoch 69/200, Batch 200, Aver_Loss: 246.7796
Epoch 69/200, Batch 300, Aver_Loss: 241.5675
Epoch 69/200, Batch 400, Aver_Loss: 239.2883
Epoch 69/200, Batch 500, Aver_Loss: 236.9029
[early-stopping] Epoch 69: no improvement (1/20)
Epoch 70/200, Batch 100, Aver_Loss: 218.3738
Epoch 70/200, Batch 200, Aver_Loss: 237.7787
Epoch 70/200, Batch 300, Aver_Loss: 222.9977
Epoch 70/200, Batch 400, Aver_Loss: 239.5396
Epoch 70/200, Batch 500, Aver_Loss: 237.3693
[early-stopping] Epoch 70: no improvement (2/20)
Epoch 71/200, Batch 100, Aver_Loss: 235.3097
Epoch 71/200, Batch 200, Aver_Loss: 250.0099
Epoch 71/200, Batch 300, Aver_Loss: 226.3127
Epoch 71/200, Batch 400, Aver_Loss: 241.4175
Epoch 71/200, Batch 500, Aver_Loss: 248.2551
[early-stopping] Epoch 71: no improvement (3/20)
Epoch 72/200, Batch 100, Aver_Loss: 239.0730
Epoch 72/200, Batch 200, Aver_Loss: 246.8981
Epoch 72/200, Batch 300, Aver_Loss: 226.6483
Epoch 72/200, Batch 400, Aver_Loss: 244.3167
Epoch 72/200, Batch 500, Aver_Loss: 233.2809
[early-stopping] Epoch 72: no improvement (4/20)
Epoch 73/200, Batch 100, Aver_Loss: 238.0193
Epoch 73/200, Batch 200, Aver_Loss: 236.6469
Epoch 73/200, Batch 300, Aver_Loss: 247.3708
Epoch 73/200, Batch 400, Aver_Loss: 244.4304
Epoch 73/200, Batch 500, Aver_Loss: 246.2312
[early-stopping] Epoch 73: no improvement (5/20)
Epoch 74/200, Batch 100, Aver_Loss: 227.0167
Epoch 74/200, Batch 200, Aver_Loss: 245.0348
Epoch 74/200, Batch 300, Aver_Loss: 232.9178
Epoch 74/200, Batch 400, Aver_Loss: 246.7080
Epoch 74/200, Batch 500, Aver_Loss: 231.4269
[early-stopping] Epoch 74: no improvement (6/20)
Epoch 75/200, Batch 100, Aver_Loss: 230.5645
Epoch 75/200, Batch 200, Aver_Loss: 237.7799
Epoch 75/200, Batch 300, Aver_Loss: 234.6044
Epoch 75/200, Batch 400, Aver_Loss: 236.7462
Epoch 75/200, Batch 500, Aver_Loss: 242.4762
[early-stopping] Epoch 75: new best val ELBO = -239.175792
Epoch 76/200, Batch 100, Aver_Loss: 239.7325
Epoch 76/200, Batch 200, Aver_Loss: 249.5308
Epoch 76/200, Batch 300, Aver_Loss: 242.1523
Epoch 76/200, Batch 400, Aver_Loss: 232.7132
Epoch 76/200, Batch 500, Aver_Loss: 231.4056
[early-stopping] Epoch 76: no improvement (1/20)
Epoch 77/200, Batch 100, Aver_Loss: 249.9616
Epoch 77/200, Batch 200, Aver_Loss: 231.4776
Epoch 77/200, Batch 300, Aver_Loss: 241.0422
Epoch 77/200, Batch 400, Aver_Loss: 245.6301
Epoch 77/200, Batch 500, Aver_Loss: 234.0582
[early-stopping] Epoch 77: no improvement (2/20)
Epoch 78/200, Batch 100, Aver_Loss: 226.9647
Epoch 78/200, Batch 200, Aver_Loss: 230.2574
Epoch 78/200, Batch 300, Aver_Loss: 235.6454
Epoch 78/200, Batch 400, Aver_Loss: 241.8440
Epoch 78/200, Batch 500, Aver_Loss: 226.3570
[early-stopping] Epoch 78: no improvement (3/20)
Epoch 79/200, Batch 100, Aver_Loss: 234.4301
Epoch 79/200, Batch 200, Aver_Loss: 239.8684
Epoch 79/200, Batch 300, Aver_Loss: 247.1294
Epoch 79/200, Batch 400, Aver_Loss: 238.8532
Epoch 79/200, Batch 500, Aver_Loss: 242.3824
[early-stopping] Epoch 79: no improvement (4/20)
Epoch 80/200, Batch 100, Aver_Loss: 239.3803
Epoch 80/200, Batch 200, Aver_Loss: 232.4659
Epoch 80/200, Batch 300, Aver_Loss: 234.4740
Epoch 80/200, Batch 400, Aver_Loss: 255.7665
Epoch 80/200, Batch 500, Aver_Loss: 250.3719
[early-stopping] Epoch 80: no improvement (5/20)
Epoch 81/200, Batch 100, Aver_Loss: 242.1619
Epoch 81/200, Batch 200, Aver_Loss: 256.5883
Epoch 81/200, Batch 300, Aver_Loss: 235.0992
Epoch 81/200, Batch 400, Aver_Loss: 238.1964
Epoch 81/200, Batch 500, Aver_Loss: 219.1997
[early-stopping] Epoch 81: new best val ELBO = -239.154638
Epoch 82/200, Batch 100, Aver_Loss: 240.9261
Epoch 82/200, Batch 200, Aver_Loss: 238.4201
Epoch 82/200, Batch 300, Aver_Loss: 228.6173
Epoch 82/200, Batch 400, Aver_Loss: 247.6764
Epoch 82/200, Batch 500, Aver_Loss: 238.3282
[early-stopping] Epoch 82: no improvement (1/20)
Epoch 83/200, Batch 100, Aver_Loss: 245.2097
Epoch 83/200, Batch 200, Aver_Loss: 233.1612
Epoch 83/200, Batch 300, Aver_Loss: 246.0629
Epoch 83/200, Batch 400, Aver_Loss: 231.6745
Epoch 83/200, Batch 500, Aver_Loss: 226.9492
[early-stopping] Epoch 83: no improvement (2/20)
Epoch 84/200, Batch 100, Aver_Loss: 240.6466
Epoch 84/200, Batch 200, Aver_Loss: 240.8952
Epoch 84/200, Batch 300, Aver_Loss: 242.2513
Epoch 84/200, Batch 400, Aver_Loss: 217.4756
Epoch 84/200, Batch 500, Aver_Loss: 247.1744
[early-stopping] Epoch 84: new best val ELBO = -239.071506
Epoch 85/200, Batch 100, Aver_Loss: 234.5538
Epoch 85/200, Batch 200, Aver_Loss: 233.0657
Epoch 85/200, Batch 300, Aver_Loss: 243.3341
Epoch 85/200, Batch 400, Aver_Loss: 236.0785
Epoch 85/200, Batch 500, Aver_Loss: 246.8160
[early-stopping] Epoch 85: no improvement (1/20)
Epoch 86/200, Batch 100, Aver_Loss: 243.0380
Epoch 86/200, Batch 200, Aver_Loss: 240.0093
Epoch 86/200, Batch 300, Aver_Loss: 252.2312
Epoch 86/200, Batch 400, Aver_Loss: 240.1256
Epoch 86/200, Batch 500, Aver_Loss: 241.2701
[early-stopping] Epoch 86: no improvement (2/20)
Epoch 87/200, Batch 100, Aver_Loss: 228.8448
Epoch 87/200, Batch 200, Aver_Loss: 237.3402
Epoch 87/200, Batch 300, Aver_Loss: 242.4267
Epoch 87/200, Batch 400, Aver_Loss: 231.8084
Epoch 87/200, Batch 500, Aver_Loss: 232.0605
[early-stopping] Epoch 87: no improvement (3/20)
Epoch 88/200, Batch 100, Aver_Loss: 242.0600
Epoch 88/200, Batch 200, Aver_Loss: 229.3717
Epoch 88/200, Batch 300, Aver_Loss: 239.9442
Epoch 88/200, Batch 400, Aver_Loss: 255.6501
Epoch 88/200, Batch 500, Aver_Loss: 235.8310
[early-stopping] Epoch 88: no improvement (4/20)
Epoch 89/200, Batch 100, Aver_Loss: 233.3896
Epoch 89/200, Batch 200, Aver_Loss: 234.1991
Epoch 89/200, Batch 300, Aver_Loss: 246.9250
Epoch 89/200, Batch 400, Aver_Loss: 239.3496
Epoch 89/200, Batch 500, Aver_Loss: 242.8646
[early-stopping] Epoch 89: new best val ELBO = -238.975978
Epoch 90/200, Batch 100, Aver_Loss: 241.6158
Epoch 90/200, Batch 200, Aver_Loss: 247.9306
Epoch 90/200, Batch 300, Aver_Loss: 233.0069
Epoch 90/200, Batch 400, Aver_Loss: 239.8736
Epoch 90/200, Batch 500, Aver_Loss: 236.6006
[early-stopping] Epoch 90: no improvement (1/20)
Epoch 91/200, Batch 100, Aver_Loss: 238.1351
Epoch 91/200, Batch 200, Aver_Loss: 251.8304
Epoch 91/200, Batch 300, Aver_Loss: 228.4688
Epoch 91/200, Batch 400, Aver_Loss: 237.0035
Epoch 91/200, Batch 500, Aver_Loss: 229.1982
[early-stopping] Epoch 91: no improvement (2/20)
Epoch 92/200, Batch 100, Aver_Loss: 236.1990
Epoch 92/200, Batch 200, Aver_Loss: 232.8355
Epoch 92/200, Batch 300, Aver_Loss: 230.7832
Epoch 92/200, Batch 400, Aver_Loss: 248.0256
Epoch 92/200, Batch 500, Aver_Loss: 243.9267
[early-stopping] Epoch 92: no improvement (3/20)
Epoch 93/200, Batch 100, Aver_Loss: 226.2150
Epoch 93/200, Batch 200, Aver_Loss: 236.6914
Epoch 93/200, Batch 300, Aver_Loss: 245.2702
Epoch 93/200, Batch 400, Aver_Loss: 237.1200
Epoch 93/200, Batch 500, Aver_Loss: 237.1053
[early-stopping] Epoch 93: new best val ELBO = -238.916915
Epoch 94/200, Batch 100, Aver_Loss: 248.8441
Epoch 94/200, Batch 200, Aver_Loss: 225.1033
Epoch 94/200, Batch 300, Aver_Loss: 244.9101
Epoch 94/200, Batch 400, Aver_Loss: 225.0393
Epoch 94/200, Batch 500, Aver_Loss: 237.6990
[early-stopping] Epoch 94: no improvement (1/20)
Epoch 95/200, Batch 100, Aver_Loss: 232.6552
Epoch 95/200, Batch 200, Aver_Loss: 229.2965
Epoch 95/200, Batch 300, Aver_Loss: 251.1210
Epoch 95/200, Batch 400, Aver_Loss: 232.5115
Epoch 95/200, Batch 500, Aver_Loss: 230.4117
[early-stopping] Epoch 95: no improvement (2/20)
Epoch 96/200, Batch 100, Aver_Loss: 235.6337
Epoch 96/200, Batch 200, Aver_Loss: 236.0373
Epoch 96/200, Batch 300, Aver_Loss: 230.7340
Epoch 96/200, Batch 400, Aver_Loss: 230.1356
Epoch 96/200, Batch 500, Aver_Loss: 226.1316
[early-stopping] Epoch 96: no improvement (3/20)
Epoch 97/200, Batch 100, Aver_Loss: 231.1985
Epoch 97/200, Batch 200, Aver_Loss: 235.2898
Epoch 97/200, Batch 300, Aver_Loss: 241.6808
Epoch 97/200, Batch 400, Aver_Loss: 239.8461
Epoch 97/200, Batch 500, Aver_Loss: 237.4194
[early-stopping] Epoch 97: no improvement (4/20)
Epoch 98/200, Batch 100, Aver_Loss: 244.3715
Epoch 98/200, Batch 200, Aver_Loss: 236.7317
Epoch 98/200, Batch 300, Aver_Loss: 239.4917
Epoch 98/200, Batch 400, Aver_Loss: 229.2911
Epoch 98/200, Batch 500, Aver_Loss: 238.2397
[early-stopping] Epoch 98: no improvement (5/20)
Epoch 99/200, Batch 100, Aver_Loss: 246.7770
Epoch 99/200, Batch 200, Aver_Loss: 240.1529
Epoch 99/200, Batch 300, Aver_Loss: 247.1940
Epoch 99/200, Batch 400, Aver_Loss: 246.1449
Epoch 99/200, Batch 500, Aver_Loss: 253.2395
[early-stopping] Epoch 99: no improvement (6/20)
Epoch 100/200, Batch 100, Aver_Loss: 236.5318
Epoch 100/200, Batch 200, Aver_Loss: 235.6050
Epoch 100/200, Batch 300, Aver_Loss: 220.3886
Epoch 100/200, Batch 400, Aver_Loss: 235.7634
Epoch 100/200, Batch 500, Aver_Loss: 251.8386
[early-stopping] Epoch 100: no improvement (7/20)
Epoch 101/200, Batch 100, Aver_Loss: 237.9845
Epoch 101/200, Batch 200, Aver_Loss: 232.7304
Epoch 101/200, Batch 300, Aver_Loss: 240.0002
Epoch 101/200, Batch 400, Aver_Loss: 245.7533
Epoch 101/200, Batch 500, Aver_Loss: 255.1971
[early-stopping] Epoch 101: new best val ELBO = -238.842268
Epoch 102/200, Batch 100, Aver_Loss: 241.2587
Epoch 102/200, Batch 200, Aver_Loss: 236.6667
Epoch 102/200, Batch 300, Aver_Loss: 242.2158
Epoch 102/200, Batch 400, Aver_Loss: 246.6362
Epoch 102/200, Batch 500, Aver_Loss: 235.6398
[early-stopping] Epoch 102: no improvement (1/20)
Epoch 103/200, Batch 100, Aver_Loss: 243.5061
Epoch 103/200, Batch 200, Aver_Loss: 251.2363
Epoch 103/200, Batch 300, Aver_Loss: 249.8387
Epoch 103/200, Batch 400, Aver_Loss: 231.7422
Epoch 103/200, Batch 500, Aver_Loss: 235.4977
[early-stopping] Epoch 103: no improvement (2/20)
Epoch 104/200, Batch 100, Aver_Loss: 229.6477
Epoch 104/200, Batch 200, Aver_Loss: 251.6498
Epoch 104/200, Batch 300, Aver_Loss: 243.7830
Epoch 104/200, Batch 400, Aver_Loss: 233.5030
Epoch 104/200, Batch 500, Aver_Loss: 222.0448
[early-stopping] Epoch 104: no improvement (3/20)
Epoch 105/200, Batch 100, Aver_Loss: 233.0512
Epoch 105/200, Batch 200, Aver_Loss: 243.8415
Epoch 105/200, Batch 300, Aver_Loss: 238.0084
Epoch 105/200, Batch 400, Aver_Loss: 242.0874
Epoch 105/200, Batch 500, Aver_Loss: 238.7315
[early-stopping] Epoch 105: new best val ELBO = -238.819568
Epoch 106/200, Batch 100, Aver_Loss: 240.2550
Epoch 106/200, Batch 200, Aver_Loss: 226.4240
Epoch 106/200, Batch 300, Aver_Loss: 237.0092
Epoch 106/200, Batch 400, Aver_Loss: 238.8904
Epoch 106/200, Batch 500, Aver_Loss: 242.0074
[early-stopping] Epoch 106: no improvement (1/20)
Epoch 107/200, Batch 100, Aver_Loss: 233.8398
Epoch 107/200, Batch 200, Aver_Loss: 238.5355
Epoch 107/200, Batch 300, Aver_Loss: 226.8583
Epoch 107/200, Batch 400, Aver_Loss: 240.9386
Epoch 107/200, Batch 500, Aver_Loss: 249.7690
[early-stopping] Epoch 107: no improvement (2/20)
Epoch 108/200, Batch 100, Aver_Loss: 230.9591
Epoch 108/200, Batch 200, Aver_Loss: 235.6517
Epoch 108/200, Batch 300, Aver_Loss: 237.9825
Epoch 108/200, Batch 400, Aver_Loss: 224.1517
Epoch 108/200, Batch 500, Aver_Loss: 230.8665
[early-stopping] Epoch 108: new best val ELBO = -238.683312
Epoch 109/200, Batch 100, Aver_Loss: 231.8904
Epoch 109/200, Batch 200, Aver_Loss: 244.8758
Epoch 109/200, Batch 300, Aver_Loss: 250.6449
Epoch 109/200, Batch 400, Aver_Loss: 229.6872
Epoch 109/200, Batch 500, Aver_Loss: 245.3151
[early-stopping] Epoch 109: no improvement (1/20)
Epoch 110/200, Batch 100, Aver_Loss: 249.2308
Epoch 110/200, Batch 200, Aver_Loss: 233.9100
Epoch 110/200, Batch 300, Aver_Loss: 253.5417
Epoch 110/200, Batch 400, Aver_Loss: 236.4146
Epoch 110/200, Batch 500, Aver_Loss: 240.2135
[early-stopping] Epoch 110: no improvement (2/20)
Epoch 111/200, Batch 100, Aver_Loss: 235.7939
Epoch 111/200, Batch 200, Aver_Loss: 232.9458
Epoch 111/200, Batch 300, Aver_Loss: 237.3360
Epoch 111/200, Batch 400, Aver_Loss: 233.9068
Epoch 111/200, Batch 500, Aver_Loss: 250.5831
[early-stopping] Epoch 111: no improvement (3/20)
Epoch 112/200, Batch 100, Aver_Loss: 233.0230
Epoch 112/200, Batch 200, Aver_Loss: 233.7635
Epoch 112/200, Batch 300, Aver_Loss: 237.0804
Epoch 112/200, Batch 400, Aver_Loss: 242.5810
Epoch 112/200, Batch 500, Aver_Loss: 233.4341
[early-stopping] Epoch 112: no improvement (4/20)
Epoch 113/200, Batch 100, Aver_Loss: 232.5297
Epoch 113/200, Batch 200, Aver_Loss: 233.5029
Epoch 113/200, Batch 300, Aver_Loss: 235.1944
Epoch 113/200, Batch 400, Aver_Loss: 241.0708
Epoch 113/200, Batch 500, Aver_Loss: 242.2959
[early-stopping] Epoch 113: no improvement (5/20)
Epoch 114/200, Batch 100, Aver_Loss: 229.3106
Epoch 114/200, Batch 200, Aver_Loss: 240.3768
Epoch 114/200, Batch 300, Aver_Loss: 232.0616
Epoch 114/200, Batch 400, Aver_Loss: 241.5903
Epoch 114/200, Batch 500, Aver_Loss: 231.0861
[early-stopping] Epoch 114: no improvement (6/20)
Epoch 115/200, Batch 100, Aver_Loss: 245.5853
Epoch 115/200, Batch 200, Aver_Loss: 240.4473
Epoch 115/200, Batch 300, Aver_Loss: 235.1688
Epoch 115/200, Batch 400, Aver_Loss: 244.2870
Epoch 115/200, Batch 500, Aver_Loss: 244.6467
[early-stopping] Epoch 115: no improvement (7/20)
Epoch 116/200, Batch 100, Aver_Loss: 240.8453
Epoch 116/200, Batch 200, Aver_Loss: 224.4556
Epoch 116/200, Batch 300, Aver_Loss: 249.1641
Epoch 116/200, Batch 400, Aver_Loss: 240.7957
Epoch 116/200, Batch 500, Aver_Loss: 234.7412
[early-stopping] Epoch 116: no improvement (8/20)
Epoch 117/200, Batch 100, Aver_Loss: 263.8938
Epoch 117/200, Batch 200, Aver_Loss: 258.4088
Epoch 117/200, Batch 300, Aver_Loss: 235.1546
Epoch 117/200, Batch 400, Aver_Loss: 235.4439
Epoch 117/200, Batch 500, Aver_Loss: 240.9605
[early-stopping] Epoch 117: no improvement (9/20)
Epoch 118/200, Batch 100, Aver_Loss: 230.4138
Epoch 118/200, Batch 200, Aver_Loss: 238.9178
Epoch 118/200, Batch 300, Aver_Loss: 237.9975
Epoch 118/200, Batch 400, Aver_Loss: 235.1540
Epoch 118/200, Batch 500, Aver_Loss: 233.9676
[early-stopping] Epoch 118: no improvement (10/20)
Epoch 119/200, Batch 100, Aver_Loss: 234.3973
Epoch 119/200, Batch 200, Aver_Loss: 236.1452
Epoch 119/200, Batch 300, Aver_Loss: 244.9148
Epoch 119/200, Batch 400, Aver_Loss: 238.5165
Epoch 119/200, Batch 500, Aver_Loss: 249.1412
[early-stopping] Epoch 119: no improvement (11/20)
Epoch 120/200, Batch 100, Aver_Loss: 244.4980
Epoch 120/200, Batch 200, Aver_Loss: 245.5352
Epoch 120/200, Batch 300, Aver_Loss: 232.7223
Epoch 120/200, Batch 400, Aver_Loss: 239.8731
Epoch 120/200, Batch 500, Aver_Loss: 243.7460
[early-stopping] Epoch 120: no improvement (12/20)
Epoch 121/200, Batch 100, Aver_Loss: 253.1290
Epoch 121/200, Batch 200, Aver_Loss: 235.6328
Epoch 121/200, Batch 300, Aver_Loss: 234.0022
Epoch 121/200, Batch 400, Aver_Loss: 236.5534
Epoch 121/200, Batch 500, Aver_Loss: 242.1280
[early-stopping] Epoch 121: no improvement (13/20)
Epoch 122/200, Batch 100, Aver_Loss: 244.1365
Epoch 122/200, Batch 200, Aver_Loss: 236.0712
Epoch 122/200, Batch 300, Aver_Loss: 228.7315
Epoch 122/200, Batch 400, Aver_Loss: 224.2986
Epoch 122/200, Batch 500, Aver_Loss: 236.5371
[early-stopping] Epoch 122: no improvement (14/20)
Epoch 123/200, Batch 100, Aver_Loss: 238.7331
Epoch 123/200, Batch 200, Aver_Loss: 248.6919
Epoch 123/200, Batch 300, Aver_Loss: 234.8277
Epoch 123/200, Batch 400, Aver_Loss: 233.7305
Epoch 123/200, Batch 500, Aver_Loss: 231.2533
[early-stopping] Epoch 123: no improvement (15/20)
Epoch 124/200, Batch 100, Aver_Loss: 237.6698
Epoch 124/200, Batch 200, Aver_Loss: 235.5240
Epoch 124/200, Batch 300, Aver_Loss: 243.7151
Epoch 124/200, Batch 400, Aver_Loss: 234.9300
Epoch 124/200, Batch 500, Aver_Loss: 237.0543
[early-stopping] Epoch 124: no improvement (16/20)
Epoch 125/200, Batch 100, Aver_Loss: 234.6083
Epoch 125/200, Batch 200, Aver_Loss: 235.1476
Epoch 125/200, Batch 300, Aver_Loss: 243.2999
Epoch 125/200, Batch 400, Aver_Loss: 237.6778
Epoch 125/200, Batch 500, Aver_Loss: 243.3146
[early-stopping] Epoch 125: no improvement (17/20)
Epoch 126/200, Batch 100, Aver_Loss: 233.9223
Epoch 126/200, Batch 200, Aver_Loss: 227.7799
Epoch 126/200, Batch 300, Aver_Loss: 235.6923
Epoch 126/200, Batch 400, Aver_Loss: 227.0475
Epoch 126/200, Batch 500, Aver_Loss: 224.3549
[early-stopping] Epoch 126: no improvement (18/20)
Epoch 127/200, Batch 100, Aver_Loss: 233.6937
Epoch 127/200, Batch 200, Aver_Loss: 230.9405
Epoch 127/200, Batch 300, Aver_Loss: 230.6606
Epoch 127/200, Batch 400, Aver_Loss: 243.5195
Epoch 127/200, Batch 500, Aver_Loss: 245.5834
[early-stopping] Epoch 127: no improvement (19/20)
Epoch 128/200, Batch 100, Aver_Loss: 229.1227
Epoch 128/200, Batch 200, Aver_Loss: 239.2737
Epoch 128/200, Batch 300, Aver_Loss: 241.8246
Epoch 128/200, Batch 400, Aver_Loss: 239.6803
Epoch 128/200, Batch 500, Aver_Loss: 225.3800
[early-stopping] Epoch 128: no improvement (20/20)
[early-stopping] Patience reached. Stopping at epoch 128. Best epoch: 108, best val ELBO: -238.683312
[early-stopping] Loaded best model from epoch 108 (val ELBO = -238.683312)
[checkpoint] Saved best model to: trained_parameters/fashion_mnist_zdim16_MVAE.pkl
[saved curves] ./results/FASHION_MNIST/curves/fashion_mnist_mvae_d16_s777.json

==== Evaluation Summary ====
                 model: mvae
   recon/mse_per_pixel: 0.014462
            elbo/train: -238.040858
             elbo/test: -238.732393
             mse/train: 0.014088
              mse/test: 0.014462
             probe/acc: 0.798286
             probe/nll: 0.555934
           probe/brier: 0.283112
             probe/ece: 0.021627
           cluster/nmi: 0.540259
           cluster/ari: 0.380038
============================

