/usr/bin/which: no fi_info in (/arf/home/meyavuz/.local/bin:/arf/sw/comp/python/intelpython3/condabin:/arf/sw/comp/python/intelpython3/bin:/usr/share/Modules/bin:/usr/local/bin:/usr/bin:/usr/local/sbin:/usr/sbin)
Extension for Scikit-learn* enabled (https://github.com/uxlfoundation/scikit-learn-intelex)
/arf/home/meyavuz/.conda/envs/sbn/lib/python3.9/site-packages/sklearn/linear_model/_logistic.py:1247: FutureWarning: 'multi_class' was deprecated in version 1.5 and will be removed in 1.7. From then on, it will always use 'multinomial'. Leave it to its default value to avoid this warning.
  warnings.warn(
Epoch 1/200, Batch 100, Aver_Loss: 282.7263
Epoch 1/200, Batch 200, Aver_Loss: 274.5483
Epoch 1/200, Batch 300, Aver_Loss: 267.6225
Epoch 1/200, Batch 400, Aver_Loss: 274.7266
Epoch 1/200, Batch 500, Aver_Loss: 253.1272
[early-stopping] Epoch 1: new best val ELBO = -263.335441
Epoch 2/200, Batch 100, Aver_Loss: 260.4757
Epoch 2/200, Batch 200, Aver_Loss: 256.8229
Epoch 2/200, Batch 300, Aver_Loss: 268.2980
Epoch 2/200, Batch 400, Aver_Loss: 265.7607
Epoch 2/200, Batch 500, Aver_Loss: 256.1626
[early-stopping] Epoch 2: new best val ELBO = -258.024134
Epoch 3/200, Batch 100, Aver_Loss: 252.3854
Epoch 3/200, Batch 200, Aver_Loss: 266.4511
Epoch 3/200, Batch 300, Aver_Loss: 263.1664
Epoch 3/200, Batch 400, Aver_Loss: 256.9728
Epoch 3/200, Batch 500, Aver_Loss: 255.2671
[early-stopping] Epoch 3: new best val ELBO = -254.854402
Epoch 4/200, Batch 100, Aver_Loss: 254.1012
Epoch 4/200, Batch 200, Aver_Loss: 260.8169
Epoch 4/200, Batch 300, Aver_Loss: 256.0750
Epoch 4/200, Batch 400, Aver_Loss: 252.0648
Epoch 4/200, Batch 500, Aver_Loss: 254.0484
[early-stopping] Epoch 4: new best val ELBO = -252.989304
Epoch 5/200, Batch 100, Aver_Loss: 263.8093
Epoch 5/200, Batch 200, Aver_Loss: 249.5274
Epoch 5/200, Batch 300, Aver_Loss: 270.4589
Epoch 5/200, Batch 400, Aver_Loss: 267.2090
Epoch 5/200, Batch 500, Aver_Loss: 275.0972
[early-stopping] Epoch 5: new best val ELBO = -251.869132
Epoch 6/200, Batch 100, Aver_Loss: 259.0220
Epoch 6/200, Batch 200, Aver_Loss: 245.3612
Epoch 6/200, Batch 300, Aver_Loss: 249.4053
Epoch 6/200, Batch 400, Aver_Loss: 254.9057
Epoch 6/200, Batch 500, Aver_Loss: 250.9326
[early-stopping] Epoch 6: new best val ELBO = -251.141902
Epoch 7/200, Batch 100, Aver_Loss: 260.5347
Epoch 7/200, Batch 200, Aver_Loss: 245.3419
Epoch 7/200, Batch 300, Aver_Loss: 264.4228
Epoch 7/200, Batch 400, Aver_Loss: 260.4550
Epoch 7/200, Batch 500, Aver_Loss: 244.7063
[early-stopping] Epoch 7: new best val ELBO = -250.092033
Epoch 8/200, Batch 100, Aver_Loss: 254.4730
Epoch 8/200, Batch 200, Aver_Loss: 246.0191
Epoch 8/200, Batch 300, Aver_Loss: 245.5753
Epoch 8/200, Batch 400, Aver_Loss: 257.3224
Epoch 8/200, Batch 500, Aver_Loss: 240.2830
[early-stopping] Epoch 8: no improvement (1/20)
Epoch 9/200, Batch 100, Aver_Loss: 253.4465
Epoch 9/200, Batch 200, Aver_Loss: 240.0385
Epoch 9/200, Batch 300, Aver_Loss: 254.0235
Epoch 9/200, Batch 400, Aver_Loss: 256.0916
Epoch 9/200, Batch 500, Aver_Loss: 244.8145
[early-stopping] Epoch 9: new best val ELBO = -249.123479
Epoch 10/200, Batch 100, Aver_Loss: 245.3290
Epoch 10/200, Batch 200, Aver_Loss: 250.0199
Epoch 10/200, Batch 300, Aver_Loss: 234.4700
Epoch 10/200, Batch 400, Aver_Loss: 248.8357
Epoch 10/200, Batch 500, Aver_Loss: 249.5419
[early-stopping] Epoch 10: no improvement (1/20)
Epoch 11/200, Batch 100, Aver_Loss: 254.7895
Epoch 11/200, Batch 200, Aver_Loss: 256.2290
Epoch 11/200, Batch 300, Aver_Loss: 257.9667
Epoch 11/200, Batch 400, Aver_Loss: 252.7538
Epoch 11/200, Batch 500, Aver_Loss: 248.1879
[early-stopping] Epoch 11: new best val ELBO = -248.751395
Epoch 12/200, Batch 100, Aver_Loss: 260.6887
Epoch 12/200, Batch 200, Aver_Loss: 250.9039
Epoch 12/200, Batch 300, Aver_Loss: 234.7191
Epoch 12/200, Batch 400, Aver_Loss: 248.5271
Epoch 12/200, Batch 500, Aver_Loss: 246.0888
[early-stopping] Epoch 12: new best val ELBO = -248.135610
Epoch 13/200, Batch 100, Aver_Loss: 255.6077
Epoch 13/200, Batch 200, Aver_Loss: 245.2135
Epoch 13/200, Batch 300, Aver_Loss: 238.2180
Epoch 13/200, Batch 400, Aver_Loss: 257.2939
Epoch 13/200, Batch 500, Aver_Loss: 255.4272
[early-stopping] Epoch 13: new best val ELBO = -247.851958
Epoch 14/200, Batch 100, Aver_Loss: 244.5376
Epoch 14/200, Batch 200, Aver_Loss: 257.0308
Epoch 14/200, Batch 300, Aver_Loss: 247.2587
Epoch 14/200, Batch 400, Aver_Loss: 249.0422
Epoch 14/200, Batch 500, Aver_Loss: 250.5669
[early-stopping] Epoch 14: no improvement (1/20)
Epoch 15/200, Batch 100, Aver_Loss: 259.5043
Epoch 15/200, Batch 200, Aver_Loss: 244.7641
Epoch 15/200, Batch 300, Aver_Loss: 250.3199
Epoch 15/200, Batch 400, Aver_Loss: 252.9728
Epoch 15/200, Batch 500, Aver_Loss: 245.8447
[early-stopping] Epoch 15: new best val ELBO = -247.526800
Epoch 16/200, Batch 100, Aver_Loss: 237.7498
Epoch 16/200, Batch 200, Aver_Loss: 237.9133
Epoch 16/200, Batch 300, Aver_Loss: 257.4051
Epoch 16/200, Batch 400, Aver_Loss: 254.5674
Epoch 16/200, Batch 500, Aver_Loss: 245.3039
[early-stopping] Epoch 16: new best val ELBO = -247.270130
Epoch 17/200, Batch 100, Aver_Loss: 223.5496
Epoch 17/200, Batch 200, Aver_Loss: 237.1840
Epoch 17/200, Batch 300, Aver_Loss: 261.2397
Epoch 17/200, Batch 400, Aver_Loss: 253.8573
Epoch 17/200, Batch 500, Aver_Loss: 253.0470
[early-stopping] Epoch 17: new best val ELBO = -247.240767
Epoch 18/200, Batch 100, Aver_Loss: 243.3671
Epoch 18/200, Batch 200, Aver_Loss: 242.2935
Epoch 18/200, Batch 300, Aver_Loss: 244.7868
Epoch 18/200, Batch 400, Aver_Loss: 260.3075
Epoch 18/200, Batch 500, Aver_Loss: 258.0753
[early-stopping] Epoch 18: no improvement (1/20)
Epoch 19/200, Batch 100, Aver_Loss: 244.4238
Epoch 19/200, Batch 200, Aver_Loss: 242.5410
Epoch 19/200, Batch 300, Aver_Loss: 254.9301
Epoch 19/200, Batch 400, Aver_Loss: 256.9742
Epoch 19/200, Batch 500, Aver_Loss: 239.7603
[early-stopping] Epoch 19: new best val ELBO = -247.062748
Epoch 20/200, Batch 100, Aver_Loss: 244.3922
Epoch 20/200, Batch 200, Aver_Loss: 257.1108
Epoch 20/200, Batch 300, Aver_Loss: 258.0407
Epoch 20/200, Batch 400, Aver_Loss: 244.8385
Epoch 20/200, Batch 500, Aver_Loss: 250.0470
[early-stopping] Epoch 20: new best val ELBO = -246.722800
Epoch 21/200, Batch 100, Aver_Loss: 247.0786
Epoch 21/200, Batch 200, Aver_Loss: 250.7153
Epoch 21/200, Batch 300, Aver_Loss: 252.6212
Epoch 21/200, Batch 400, Aver_Loss: 239.2063
Epoch 21/200, Batch 500, Aver_Loss: 242.1316
[early-stopping] Epoch 21: new best val ELBO = -246.707257
Epoch 22/200, Batch 100, Aver_Loss: 243.1507
Epoch 22/200, Batch 200, Aver_Loss: 234.9425
Epoch 22/200, Batch 300, Aver_Loss: 258.4508
Epoch 22/200, Batch 400, Aver_Loss: 246.8127
Epoch 22/200, Batch 500, Aver_Loss: 248.4575
[early-stopping] Epoch 22: new best val ELBO = -246.550391
Epoch 23/200, Batch 100, Aver_Loss: 247.3660
Epoch 23/200, Batch 200, Aver_Loss: 265.8642
Epoch 23/200, Batch 300, Aver_Loss: 250.9369
Epoch 23/200, Batch 400, Aver_Loss: 247.6808
Epoch 23/200, Batch 500, Aver_Loss: 244.5872
[early-stopping] Epoch 23: no improvement (1/20)
Epoch 24/200, Batch 100, Aver_Loss: 255.5477
Epoch 24/200, Batch 200, Aver_Loss: 249.0465
Epoch 24/200, Batch 300, Aver_Loss: 241.4053
Epoch 24/200, Batch 400, Aver_Loss: 235.4635
Epoch 24/200, Batch 500, Aver_Loss: 240.8035
[early-stopping] Epoch 24: new best val ELBO = -246.225149
Epoch 25/200, Batch 100, Aver_Loss: 241.9035
Epoch 25/200, Batch 200, Aver_Loss: 234.2940
Epoch 25/200, Batch 300, Aver_Loss: 250.8044
Epoch 25/200, Batch 400, Aver_Loss: 230.9885
Epoch 25/200, Batch 500, Aver_Loss: 246.4424
[early-stopping] Epoch 25: new best val ELBO = -245.933845
Epoch 26/200, Batch 100, Aver_Loss: 238.1192
Epoch 26/200, Batch 200, Aver_Loss: 243.3579
Epoch 26/200, Batch 300, Aver_Loss: 255.5904
Epoch 26/200, Batch 400, Aver_Loss: 246.0693
Epoch 26/200, Batch 500, Aver_Loss: 240.0103
[early-stopping] Epoch 26: new best val ELBO = -245.875198
Epoch 27/200, Batch 100, Aver_Loss: 248.1786
Epoch 27/200, Batch 200, Aver_Loss: 254.1057
Epoch 27/200, Batch 300, Aver_Loss: 246.3024
Epoch 27/200, Batch 400, Aver_Loss: 236.1035
Epoch 27/200, Batch 500, Aver_Loss: 248.8649
[early-stopping] Epoch 27: no improvement (1/20)
Epoch 28/200, Batch 100, Aver_Loss: 253.4441
Epoch 28/200, Batch 200, Aver_Loss: 256.8862
Epoch 28/200, Batch 300, Aver_Loss: 254.5433
Epoch 28/200, Batch 400, Aver_Loss: 249.8994
Epoch 28/200, Batch 500, Aver_Loss: 239.7501
[early-stopping] Epoch 28: new best val ELBO = -245.863919
Epoch 29/200, Batch 100, Aver_Loss: 241.0175
Epoch 29/200, Batch 200, Aver_Loss: 244.5499
Epoch 29/200, Batch 300, Aver_Loss: 243.0937
Epoch 29/200, Batch 400, Aver_Loss: 247.3102
Epoch 29/200, Batch 500, Aver_Loss: 244.8503
[early-stopping] Epoch 29: new best val ELBO = -245.788483
Epoch 30/200, Batch 100, Aver_Loss: 238.8764
Epoch 30/200, Batch 200, Aver_Loss: 249.9498
Epoch 30/200, Batch 300, Aver_Loss: 251.0186
Epoch 30/200, Batch 400, Aver_Loss: 232.7289
Epoch 30/200, Batch 500, Aver_Loss: 247.8157
[early-stopping] Epoch 30: no improvement (1/20)
Epoch 31/200, Batch 100, Aver_Loss: 256.2681
Epoch 31/200, Batch 200, Aver_Loss: 239.8918
Epoch 31/200, Batch 300, Aver_Loss: 237.2442
Epoch 31/200, Batch 400, Aver_Loss: 256.7142
Epoch 31/200, Batch 500, Aver_Loss: 251.8064
[early-stopping] Epoch 31: new best val ELBO = -245.773039
Epoch 32/200, Batch 100, Aver_Loss: 243.2533
Epoch 32/200, Batch 200, Aver_Loss: 240.2235
Epoch 32/200, Batch 300, Aver_Loss: 244.9060
Epoch 32/200, Batch 400, Aver_Loss: 235.6459
Epoch 32/200, Batch 500, Aver_Loss: 234.6648
[early-stopping] Epoch 32: no improvement (1/20)
Epoch 33/200, Batch 100, Aver_Loss: 251.2678
Epoch 33/200, Batch 200, Aver_Loss: 239.2128
Epoch 33/200, Batch 300, Aver_Loss: 248.8544
Epoch 33/200, Batch 400, Aver_Loss: 241.3047
Epoch 33/200, Batch 500, Aver_Loss: 242.4965
[early-stopping] Epoch 33: new best val ELBO = -245.320471
Epoch 34/200, Batch 100, Aver_Loss: 237.6434
Epoch 34/200, Batch 200, Aver_Loss: 259.0377
Epoch 34/200, Batch 300, Aver_Loss: 244.6624
Epoch 34/200, Batch 400, Aver_Loss: 250.4162
Epoch 34/200, Batch 500, Aver_Loss: 246.9411
[early-stopping] Epoch 34: no improvement (1/20)
Epoch 35/200, Batch 100, Aver_Loss: 248.0530
Epoch 35/200, Batch 200, Aver_Loss: 248.1921
Epoch 35/200, Batch 300, Aver_Loss: 232.6672
Epoch 35/200, Batch 400, Aver_Loss: 233.9379
Epoch 35/200, Batch 500, Aver_Loss: 247.3499
[early-stopping] Epoch 35: no improvement (2/20)
Epoch 36/200, Batch 100, Aver_Loss: 246.4942
Epoch 36/200, Batch 200, Aver_Loss: 249.2063
Epoch 36/200, Batch 300, Aver_Loss: 263.1977
Epoch 36/200, Batch 400, Aver_Loss: 241.3444
Epoch 36/200, Batch 500, Aver_Loss: 239.7851
[early-stopping] Epoch 36: no improvement (3/20)
Epoch 37/200, Batch 100, Aver_Loss: 249.7462
Epoch 37/200, Batch 200, Aver_Loss: 248.5920
Epoch 37/200, Batch 300, Aver_Loss: 242.6522
Epoch 37/200, Batch 400, Aver_Loss: 240.3314
Epoch 37/200, Batch 500, Aver_Loss: 234.9953
[early-stopping] Epoch 37: no improvement (4/20)
Epoch 38/200, Batch 100, Aver_Loss: 246.2873
Epoch 38/200, Batch 200, Aver_Loss: 233.6732
Epoch 38/200, Batch 300, Aver_Loss: 252.0492
Epoch 38/200, Batch 400, Aver_Loss: 236.6474
Epoch 38/200, Batch 500, Aver_Loss: 233.0993
[early-stopping] Epoch 38: no improvement (5/20)
Epoch 39/200, Batch 100, Aver_Loss: 234.3326
Epoch 39/200, Batch 200, Aver_Loss: 221.8493
Epoch 39/200, Batch 300, Aver_Loss: 234.0644
Epoch 39/200, Batch 400, Aver_Loss: 237.9070
Epoch 39/200, Batch 500, Aver_Loss: 244.8900
[early-stopping] Epoch 39: no improvement (6/20)
Epoch 40/200, Batch 100, Aver_Loss: 233.7679
Epoch 40/200, Batch 200, Aver_Loss: 241.9322
Epoch 40/200, Batch 300, Aver_Loss: 236.6802
Epoch 40/200, Batch 400, Aver_Loss: 244.0553
Epoch 40/200, Batch 500, Aver_Loss: 235.1482
[early-stopping] Epoch 40: new best val ELBO = -245.204043
Epoch 41/200, Batch 100, Aver_Loss: 239.6167
Epoch 41/200, Batch 200, Aver_Loss: 241.5068
Epoch 41/200, Batch 300, Aver_Loss: 250.9019
Epoch 41/200, Batch 400, Aver_Loss: 242.2381
Epoch 41/200, Batch 500, Aver_Loss: 256.0652
[early-stopping] Epoch 41: new best val ELBO = -245.152213
Epoch 42/200, Batch 100, Aver_Loss: 233.6658
Epoch 42/200, Batch 200, Aver_Loss: 255.3763
Epoch 42/200, Batch 300, Aver_Loss: 256.2812
Epoch 42/200, Batch 400, Aver_Loss: 245.6263
Epoch 42/200, Batch 500, Aver_Loss: 242.0564
[early-stopping] Epoch 42: no improvement (1/20)
Epoch 43/200, Batch 100, Aver_Loss: 231.2730
Epoch 43/200, Batch 200, Aver_Loss: 242.1143
Epoch 43/200, Batch 300, Aver_Loss: 247.0238
Epoch 43/200, Batch 400, Aver_Loss: 241.3244
Epoch 43/200, Batch 500, Aver_Loss: 238.1073
[early-stopping] Epoch 43: no improvement (2/20)
Epoch 44/200, Batch 100, Aver_Loss: 240.1223
Epoch 44/200, Batch 200, Aver_Loss: 242.0137
Epoch 44/200, Batch 300, Aver_Loss: 238.8996
Epoch 44/200, Batch 400, Aver_Loss: 237.7812
Epoch 44/200, Batch 500, Aver_Loss: 235.0692
[early-stopping] Epoch 44: no improvement (3/20)
Epoch 45/200, Batch 100, Aver_Loss: 270.5321
Epoch 45/200, Batch 200, Aver_Loss: 234.2348
Epoch 45/200, Batch 300, Aver_Loss: 242.0609
Epoch 45/200, Batch 400, Aver_Loss: 231.3846
Epoch 45/200, Batch 500, Aver_Loss: 241.1632
[early-stopping] Epoch 45: new best val ELBO = -245.071725
Epoch 46/200, Batch 100, Aver_Loss: 246.1438
Epoch 46/200, Batch 200, Aver_Loss: 248.9587
Epoch 46/200, Batch 300, Aver_Loss: 243.6656
Epoch 46/200, Batch 400, Aver_Loss: 244.4802
Epoch 46/200, Batch 500, Aver_Loss: 245.7112
[early-stopping] Epoch 46: new best val ELBO = -245.032912
Epoch 47/200, Batch 100, Aver_Loss: 238.3598
Epoch 47/200, Batch 200, Aver_Loss: 245.8662
Epoch 47/200, Batch 300, Aver_Loss: 254.7694
Epoch 47/200, Batch 400, Aver_Loss: 253.1857
Epoch 47/200, Batch 500, Aver_Loss: 245.5838
[early-stopping] Epoch 47: no improvement (1/20)
Epoch 48/200, Batch 100, Aver_Loss: 236.8979
Epoch 48/200, Batch 200, Aver_Loss: 254.8911
Epoch 48/200, Batch 300, Aver_Loss: 236.7526
Epoch 48/200, Batch 400, Aver_Loss: 247.1992
Epoch 48/200, Batch 500, Aver_Loss: 245.3009
[early-stopping] Epoch 48: no improvement (2/20)
Epoch 49/200, Batch 100, Aver_Loss: 243.7885
Epoch 49/200, Batch 200, Aver_Loss: 260.3810
Epoch 49/200, Batch 300, Aver_Loss: 247.0592
Epoch 49/200, Batch 400, Aver_Loss: 246.2745
Epoch 49/200, Batch 500, Aver_Loss: 243.8310
[early-stopping] Epoch 49: new best val ELBO = -245.029174
Epoch 50/200, Batch 100, Aver_Loss: 236.6022
Epoch 50/200, Batch 200, Aver_Loss: 252.7589
Epoch 50/200, Batch 300, Aver_Loss: 233.1319
Epoch 50/200, Batch 400, Aver_Loss: 239.9724
Epoch 50/200, Batch 500, Aver_Loss: 246.7400
[early-stopping] Epoch 50: new best val ELBO = -244.982921
Epoch 51/200, Batch 100, Aver_Loss: 242.6380
Epoch 51/200, Batch 200, Aver_Loss: 244.8295
Epoch 51/200, Batch 300, Aver_Loss: 238.1317
Epoch 51/200, Batch 400, Aver_Loss: 247.9111
Epoch 51/200, Batch 500, Aver_Loss: 246.6258
[early-stopping] Epoch 51: no improvement (1/20)
Epoch 52/200, Batch 100, Aver_Loss: 240.4033
Epoch 52/200, Batch 200, Aver_Loss: 234.1115
Epoch 52/200, Batch 300, Aver_Loss: 240.5117
Epoch 52/200, Batch 400, Aver_Loss: 235.9009
Epoch 52/200, Batch 500, Aver_Loss: 242.7117
[early-stopping] Epoch 52: no improvement (2/20)
Epoch 53/200, Batch 100, Aver_Loss: 250.0377
Epoch 53/200, Batch 200, Aver_Loss: 236.6035
Epoch 53/200, Batch 300, Aver_Loss: 264.2452
Epoch 53/200, Batch 400, Aver_Loss: 254.4707
Epoch 53/200, Batch 500, Aver_Loss: 245.0754
[early-stopping] Epoch 53: new best val ELBO = -244.589189
Epoch 54/200, Batch 100, Aver_Loss: 255.4055
Epoch 54/200, Batch 200, Aver_Loss: 242.9302
Epoch 54/200, Batch 300, Aver_Loss: 245.3455
Epoch 54/200, Batch 400, Aver_Loss: 230.2735
Epoch 54/200, Batch 500, Aver_Loss: 249.5448
[early-stopping] Epoch 54: no improvement (1/20)
Epoch 55/200, Batch 100, Aver_Loss: 253.5233
Epoch 55/200, Batch 200, Aver_Loss: 244.4008
Epoch 55/200, Batch 300, Aver_Loss: 246.9667
Epoch 55/200, Batch 400, Aver_Loss: 247.5036
Epoch 55/200, Batch 500, Aver_Loss: 247.6145
[early-stopping] Epoch 55: no improvement (2/20)
Epoch 56/200, Batch 100, Aver_Loss: 243.7517
Epoch 56/200, Batch 200, Aver_Loss: 262.9310
Epoch 56/200, Batch 300, Aver_Loss: 239.7820
Epoch 56/200, Batch 400, Aver_Loss: 243.4601
Epoch 56/200, Batch 500, Aver_Loss: 234.5654
[early-stopping] Epoch 56: no improvement (3/20)
Epoch 57/200, Batch 100, Aver_Loss: 236.8468
Epoch 57/200, Batch 200, Aver_Loss: 244.2737
Epoch 57/200, Batch 300, Aver_Loss: 238.4071
Epoch 57/200, Batch 400, Aver_Loss: 250.7265
Epoch 57/200, Batch 500, Aver_Loss: 261.2448
[early-stopping] Epoch 57: no improvement (4/20)
Epoch 58/200, Batch 100, Aver_Loss: 237.2115
Epoch 58/200, Batch 200, Aver_Loss: 241.6034
Epoch 58/200, Batch 300, Aver_Loss: 243.7362
Epoch 58/200, Batch 400, Aver_Loss: 249.5688
Epoch 58/200, Batch 500, Aver_Loss: 233.5048
[early-stopping] Epoch 58: new best val ELBO = -244.438241
Epoch 59/200, Batch 100, Aver_Loss: 255.2820
Epoch 59/200, Batch 200, Aver_Loss: 235.0145
Epoch 59/200, Batch 300, Aver_Loss: 241.5146
Epoch 59/200, Batch 400, Aver_Loss: 241.0856
Epoch 59/200, Batch 500, Aver_Loss: 237.9483
[early-stopping] Epoch 59: no improvement (1/20)
Epoch 60/200, Batch 100, Aver_Loss: 247.2594
Epoch 60/200, Batch 200, Aver_Loss: 254.6770
Epoch 60/200, Batch 300, Aver_Loss: 247.4957
Epoch 60/200, Batch 400, Aver_Loss: 235.7887
Epoch 60/200, Batch 500, Aver_Loss: 234.4557
[early-stopping] Epoch 60: no improvement (2/20)
Epoch 61/200, Batch 100, Aver_Loss: 243.4136
Epoch 61/200, Batch 200, Aver_Loss: 240.5019
Epoch 61/200, Batch 300, Aver_Loss: 239.9656
Epoch 61/200, Batch 400, Aver_Loss: 241.9519
Epoch 61/200, Batch 500, Aver_Loss: 249.4647
[early-stopping] Epoch 61: no improvement (3/20)
Epoch 62/200, Batch 100, Aver_Loss: 244.6964
Epoch 62/200, Batch 200, Aver_Loss: 241.7299
Epoch 62/200, Batch 300, Aver_Loss: 240.7960
Epoch 62/200, Batch 400, Aver_Loss: 252.9518
Epoch 62/200, Batch 500, Aver_Loss: 235.1245
[early-stopping] Epoch 62: no improvement (4/20)
Epoch 63/200, Batch 100, Aver_Loss: 247.3338
Epoch 63/200, Batch 200, Aver_Loss: 238.1117
Epoch 63/200, Batch 300, Aver_Loss: 243.9370
Epoch 63/200, Batch 400, Aver_Loss: 248.3898
Epoch 63/200, Batch 500, Aver_Loss: 224.6866
[early-stopping] Epoch 63: no improvement (5/20)
Epoch 64/200, Batch 100, Aver_Loss: 248.4764
Epoch 64/200, Batch 200, Aver_Loss: 230.0410
Epoch 64/200, Batch 300, Aver_Loss: 248.0849
Epoch 64/200, Batch 400, Aver_Loss: 244.1646
Epoch 64/200, Batch 500, Aver_Loss: 241.1014
[early-stopping] Epoch 64: no improvement (6/20)
Epoch 65/200, Batch 100, Aver_Loss: 232.6003
Epoch 65/200, Batch 200, Aver_Loss: 264.9046
Epoch 65/200, Batch 300, Aver_Loss: 222.3191
Epoch 65/200, Batch 400, Aver_Loss: 249.0195
Epoch 65/200, Batch 500, Aver_Loss: 251.4938
[early-stopping] Epoch 65: no improvement (7/20)
Epoch 66/200, Batch 100, Aver_Loss: 245.8749
Epoch 66/200, Batch 200, Aver_Loss: 256.0116
Epoch 66/200, Batch 300, Aver_Loss: 257.8945
Epoch 66/200, Batch 400, Aver_Loss: 236.7708
Epoch 66/200, Batch 500, Aver_Loss: 251.8896
[early-stopping] Epoch 66: no improvement (8/20)
Epoch 67/200, Batch 100, Aver_Loss: 251.8044
Epoch 67/200, Batch 200, Aver_Loss: 241.5864
Epoch 67/200, Batch 300, Aver_Loss: 247.8834
Epoch 67/200, Batch 400, Aver_Loss: 252.5545
Epoch 67/200, Batch 500, Aver_Loss: 242.0315
[early-stopping] Epoch 67: no improvement (9/20)
Epoch 68/200, Batch 100, Aver_Loss: 252.0148
Epoch 68/200, Batch 200, Aver_Loss: 247.2720
Epoch 68/200, Batch 300, Aver_Loss: 256.9567
Epoch 68/200, Batch 400, Aver_Loss: 255.2591
Epoch 68/200, Batch 500, Aver_Loss: 232.2473
[early-stopping] Epoch 68: no improvement (10/20)
Epoch 69/200, Batch 100, Aver_Loss: 234.1163
Epoch 69/200, Batch 200, Aver_Loss: 248.1363
Epoch 69/200, Batch 300, Aver_Loss: 248.5695
Epoch 69/200, Batch 400, Aver_Loss: 243.1487
Epoch 69/200, Batch 500, Aver_Loss: 254.8204
[early-stopping] Epoch 69: no improvement (11/20)
Epoch 70/200, Batch 100, Aver_Loss: 221.9590
Epoch 70/200, Batch 200, Aver_Loss: 229.5136
Epoch 70/200, Batch 300, Aver_Loss: 230.5367
Epoch 70/200, Batch 400, Aver_Loss: 249.4309
Epoch 70/200, Batch 500, Aver_Loss: 249.6213
[early-stopping] Epoch 70: no improvement (12/20)
Epoch 71/200, Batch 100, Aver_Loss: 253.2380
Epoch 71/200, Batch 200, Aver_Loss: 222.1526
Epoch 71/200, Batch 300, Aver_Loss: 252.4747
Epoch 71/200, Batch 400, Aver_Loss: 236.3400
Epoch 71/200, Batch 500, Aver_Loss: 236.0339
[early-stopping] Epoch 71: no improvement (13/20)
Epoch 72/200, Batch 100, Aver_Loss: 218.3853
Epoch 72/200, Batch 200, Aver_Loss: 239.0364
Epoch 72/200, Batch 300, Aver_Loss: 256.4231
Epoch 72/200, Batch 400, Aver_Loss: 233.8433
Epoch 72/200, Batch 500, Aver_Loss: 250.5579
[early-stopping] Epoch 72: no improvement (14/20)
Epoch 73/200, Batch 100, Aver_Loss: 248.2178
Epoch 73/200, Batch 200, Aver_Loss: 248.1083
Epoch 73/200, Batch 300, Aver_Loss: 247.1490
Epoch 73/200, Batch 400, Aver_Loss: 241.5894
Epoch 73/200, Batch 500, Aver_Loss: 249.3994
[early-stopping] Epoch 73: no improvement (15/20)
Epoch 74/200, Batch 100, Aver_Loss: 245.7323
Epoch 74/200, Batch 200, Aver_Loss: 242.5580
Epoch 74/200, Batch 300, Aver_Loss: 235.9738
Epoch 74/200, Batch 400, Aver_Loss: 227.9544
Epoch 74/200, Batch 500, Aver_Loss: 243.5183
[early-stopping] Epoch 74: no improvement (16/20)
Epoch 75/200, Batch 100, Aver_Loss: 235.5247
Epoch 75/200, Batch 200, Aver_Loss: 232.1341
Epoch 75/200, Batch 300, Aver_Loss: 239.9439
Epoch 75/200, Batch 400, Aver_Loss: 243.1129
Epoch 75/200, Batch 500, Aver_Loss: 238.2389
[early-stopping] Epoch 75: new best val ELBO = -244.142032
Epoch 76/200, Batch 100, Aver_Loss: 229.9808
Epoch 76/200, Batch 200, Aver_Loss: 237.8647
Epoch 76/200, Batch 300, Aver_Loss: 239.9830
Epoch 76/200, Batch 400, Aver_Loss: 246.9797
Epoch 76/200, Batch 500, Aver_Loss: 257.4704
[early-stopping] Epoch 76: no improvement (1/20)
Epoch 77/200, Batch 100, Aver_Loss: 243.2677
Epoch 77/200, Batch 200, Aver_Loss: 249.0313
Epoch 77/200, Batch 300, Aver_Loss: 252.1973
Epoch 77/200, Batch 400, Aver_Loss: 243.0180
Epoch 77/200, Batch 500, Aver_Loss: 241.6071
[early-stopping] Epoch 77: no improvement (2/20)
Epoch 78/200, Batch 100, Aver_Loss: 249.2583
Epoch 78/200, Batch 200, Aver_Loss: 245.1924
Epoch 78/200, Batch 300, Aver_Loss: 245.0859
Epoch 78/200, Batch 400, Aver_Loss: 231.8738
Epoch 78/200, Batch 500, Aver_Loss: 253.5344
[early-stopping] Epoch 78: no improvement (3/20)
Epoch 79/200, Batch 100, Aver_Loss: 238.3860
Epoch 79/200, Batch 200, Aver_Loss: 259.0058
Epoch 79/200, Batch 300, Aver_Loss: 247.9285
Epoch 79/200, Batch 400, Aver_Loss: 237.8390
Epoch 79/200, Batch 500, Aver_Loss: 248.6557
[early-stopping] Epoch 79: no improvement (4/20)
Epoch 80/200, Batch 100, Aver_Loss: 239.0751
Epoch 80/200, Batch 200, Aver_Loss: 239.9220
Epoch 80/200, Batch 300, Aver_Loss: 260.6170
Epoch 80/200, Batch 400, Aver_Loss: 248.1169
Epoch 80/200, Batch 500, Aver_Loss: 238.4395
[early-stopping] Epoch 80: no improvement (5/20)
Epoch 81/200, Batch 100, Aver_Loss: 244.9436
Epoch 81/200, Batch 200, Aver_Loss: 249.4296
Epoch 81/200, Batch 300, Aver_Loss: 245.0687
Epoch 81/200, Batch 400, Aver_Loss: 242.6375
Epoch 81/200, Batch 500, Aver_Loss: 246.7551
[early-stopping] Epoch 81: no improvement (6/20)
Epoch 82/200, Batch 100, Aver_Loss: 248.3754
Epoch 82/200, Batch 200, Aver_Loss: 242.9327
Epoch 82/200, Batch 300, Aver_Loss: 257.4695
Epoch 82/200, Batch 400, Aver_Loss: 239.6510
Epoch 82/200, Batch 500, Aver_Loss: 249.5306
[early-stopping] Epoch 82: no improvement (7/20)
Epoch 83/200, Batch 100, Aver_Loss: 249.9724
Epoch 83/200, Batch 200, Aver_Loss: 246.4615
Epoch 83/200, Batch 300, Aver_Loss: 252.4958
Epoch 83/200, Batch 400, Aver_Loss: 246.4197
Epoch 83/200, Batch 500, Aver_Loss: 239.7023
[early-stopping] Epoch 83: no improvement (8/20)
Epoch 84/200, Batch 100, Aver_Loss: 225.4197
Epoch 84/200, Batch 200, Aver_Loss: 222.6076
Epoch 84/200, Batch 300, Aver_Loss: 247.9165
Epoch 84/200, Batch 400, Aver_Loss: 257.4804
Epoch 84/200, Batch 500, Aver_Loss: 230.5928
[early-stopping] Epoch 84: no improvement (9/20)
Epoch 85/200, Batch 100, Aver_Loss: 248.7995
Epoch 85/200, Batch 200, Aver_Loss: 250.4889
Epoch 85/200, Batch 300, Aver_Loss: 234.4773
Epoch 85/200, Batch 400, Aver_Loss: 267.4051
Epoch 85/200, Batch 500, Aver_Loss: 238.3109
[early-stopping] Epoch 85: no improvement (10/20)
Epoch 86/200, Batch 100, Aver_Loss: 235.3933
Epoch 86/200, Batch 200, Aver_Loss: 250.6188
Epoch 86/200, Batch 300, Aver_Loss: 225.2303
Epoch 86/200, Batch 400, Aver_Loss: 245.1582
Epoch 86/200, Batch 500, Aver_Loss: 238.4459
[early-stopping] Epoch 86: no improvement (11/20)
Epoch 87/200, Batch 100, Aver_Loss: 242.8782
Epoch 87/200, Batch 200, Aver_Loss: 234.2624
Epoch 87/200, Batch 300, Aver_Loss: 244.4086
Epoch 87/200, Batch 400, Aver_Loss: 240.8530
Epoch 87/200, Batch 500, Aver_Loss: 232.3653
[early-stopping] Epoch 87: no improvement (12/20)
Epoch 88/200, Batch 100, Aver_Loss: 245.9181
Epoch 88/200, Batch 200, Aver_Loss: 242.8990
Epoch 88/200, Batch 300, Aver_Loss: 243.6480
Epoch 88/200, Batch 400, Aver_Loss: 255.5919
Epoch 88/200, Batch 500, Aver_Loss: 245.2587
[early-stopping] Epoch 88: no improvement (13/20)
Epoch 89/200, Batch 100, Aver_Loss: 241.8139
Epoch 89/200, Batch 200, Aver_Loss: 230.7670
Epoch 89/200, Batch 300, Aver_Loss: 242.0024
Epoch 89/200, Batch 400, Aver_Loss: 231.4061
Epoch 89/200, Batch 500, Aver_Loss: 226.3791
[early-stopping] Epoch 89: no improvement (14/20)
Epoch 90/200, Batch 100, Aver_Loss: 256.1678
Epoch 90/200, Batch 200, Aver_Loss: 234.8256
Epoch 90/200, Batch 300, Aver_Loss: 247.4769
Epoch 90/200, Batch 400, Aver_Loss: 257.2915
Epoch 90/200, Batch 500, Aver_Loss: 239.6609
[early-stopping] Epoch 90: no improvement (15/20)
Epoch 91/200, Batch 100, Aver_Loss: 256.2483
Epoch 91/200, Batch 200, Aver_Loss: 253.9664
Epoch 91/200, Batch 300, Aver_Loss: 246.9067
Epoch 91/200, Batch 400, Aver_Loss: 250.3643
Epoch 91/200, Batch 500, Aver_Loss: 239.5643
[early-stopping] Epoch 91: no improvement (16/20)
Epoch 92/200, Batch 100, Aver_Loss: 237.8423
Epoch 92/200, Batch 200, Aver_Loss: 243.2347
Epoch 92/200, Batch 300, Aver_Loss: 249.8936
Epoch 92/200, Batch 400, Aver_Loss: 246.8536
Epoch 92/200, Batch 500, Aver_Loss: 244.7162
[early-stopping] Epoch 92: new best val ELBO = -243.959215
Epoch 93/200, Batch 100, Aver_Loss: 240.4036
Epoch 93/200, Batch 200, Aver_Loss: 250.9465
Epoch 93/200, Batch 300, Aver_Loss: 238.8706
Epoch 93/200, Batch 400, Aver_Loss: 243.7578
Epoch 93/200, Batch 500, Aver_Loss: 232.4782
[early-stopping] Epoch 93: no improvement (1/20)
Epoch 94/200, Batch 100, Aver_Loss: 240.1792
Epoch 94/200, Batch 200, Aver_Loss: 246.7687
Epoch 94/200, Batch 300, Aver_Loss: 224.2731
Epoch 94/200, Batch 400, Aver_Loss: 241.3402
Epoch 94/200, Batch 500, Aver_Loss: 243.3866
[early-stopping] Epoch 94: no improvement (2/20)
Epoch 95/200, Batch 100, Aver_Loss: 234.4541
Epoch 95/200, Batch 200, Aver_Loss: 251.9653
Epoch 95/200, Batch 300, Aver_Loss: 241.1165
Epoch 95/200, Batch 400, Aver_Loss: 249.6898
Epoch 95/200, Batch 500, Aver_Loss: 250.8101
[early-stopping] Epoch 95: no improvement (3/20)
Epoch 96/200, Batch 100, Aver_Loss: 255.5867
Epoch 96/200, Batch 200, Aver_Loss: 241.4424
Epoch 96/200, Batch 300, Aver_Loss: 251.2047
Epoch 96/200, Batch 400, Aver_Loss: 235.9649
Epoch 96/200, Batch 500, Aver_Loss: 244.0306
[early-stopping] Epoch 96: no improvement (4/20)
Epoch 97/200, Batch 100, Aver_Loss: 242.0018
Epoch 97/200, Batch 200, Aver_Loss: 259.4982
Epoch 97/200, Batch 300, Aver_Loss: 241.4933
Epoch 97/200, Batch 400, Aver_Loss: 239.0053
Epoch 97/200, Batch 500, Aver_Loss: 233.3806
[early-stopping] Epoch 97: no improvement (5/20)
Epoch 98/200, Batch 100, Aver_Loss: 240.6046
Epoch 98/200, Batch 200, Aver_Loss: 248.5174
Epoch 98/200, Batch 300, Aver_Loss: 243.5728
Epoch 98/200, Batch 400, Aver_Loss: 253.5054
Epoch 98/200, Batch 500, Aver_Loss: 234.5468
[early-stopping] Epoch 98: no improvement (6/20)
Epoch 99/200, Batch 100, Aver_Loss: 235.7446
Epoch 99/200, Batch 200, Aver_Loss: 228.6332
Epoch 99/200, Batch 300, Aver_Loss: 238.8156
Epoch 99/200, Batch 400, Aver_Loss: 245.2525
Epoch 99/200, Batch 500, Aver_Loss: 248.1984
[early-stopping] Epoch 99: no improvement (7/20)
Epoch 100/200, Batch 100, Aver_Loss: 251.5484
Epoch 100/200, Batch 200, Aver_Loss: 239.6976
Epoch 100/200, Batch 300, Aver_Loss: 261.0603
Epoch 100/200, Batch 400, Aver_Loss: 243.6204
Epoch 100/200, Batch 500, Aver_Loss: 248.8214
[early-stopping] Epoch 100: no improvement (8/20)
Epoch 101/200, Batch 100, Aver_Loss: 236.6555
Epoch 101/200, Batch 200, Aver_Loss: 242.7727
Epoch 101/200, Batch 300, Aver_Loss: 235.6164
Epoch 101/200, Batch 400, Aver_Loss: 248.8561
Epoch 101/200, Batch 500, Aver_Loss: 249.6308
[early-stopping] Epoch 101: no improvement (9/20)
Epoch 102/200, Batch 100, Aver_Loss: 242.7760
Epoch 102/200, Batch 200, Aver_Loss: 243.4886
Epoch 102/200, Batch 300, Aver_Loss: 257.7072
Epoch 102/200, Batch 400, Aver_Loss: 249.9052
Epoch 102/200, Batch 500, Aver_Loss: 228.7949
[early-stopping] Epoch 102: no improvement (10/20)
Epoch 103/200, Batch 100, Aver_Loss: 248.4459
Epoch 103/200, Batch 200, Aver_Loss: 253.1850
Epoch 103/200, Batch 300, Aver_Loss: 242.8286
Epoch 103/200, Batch 400, Aver_Loss: 240.7666
Epoch 103/200, Batch 500, Aver_Loss: 237.6836
[early-stopping] Epoch 103: no improvement (11/20)
Epoch 104/200, Batch 100, Aver_Loss: 255.6006
Epoch 104/200, Batch 200, Aver_Loss: 240.5886
Epoch 104/200, Batch 300, Aver_Loss: 240.1428
Epoch 104/200, Batch 400, Aver_Loss: 250.0468
Epoch 104/200, Batch 500, Aver_Loss: 257.0610
[early-stopping] Epoch 104: no improvement (12/20)
Epoch 105/200, Batch 100, Aver_Loss: 239.4040
Epoch 105/200, Batch 200, Aver_Loss: 234.0706
Epoch 105/200, Batch 300, Aver_Loss: 242.6426
Epoch 105/200, Batch 400, Aver_Loss: 247.4974
Epoch 105/200, Batch 500, Aver_Loss: 242.1956
[early-stopping] Epoch 105: no improvement (13/20)
Epoch 106/200, Batch 100, Aver_Loss: 241.9898
Epoch 106/200, Batch 200, Aver_Loss: 235.3930
Epoch 106/200, Batch 300, Aver_Loss: 226.6306
Epoch 106/200, Batch 400, Aver_Loss: 248.0663
Epoch 106/200, Batch 500, Aver_Loss: 242.6036
[early-stopping] Epoch 106: no improvement (14/20)
Epoch 107/200, Batch 100, Aver_Loss: 252.6816
Epoch 107/200, Batch 200, Aver_Loss: 241.1074
Epoch 107/200, Batch 300, Aver_Loss: 234.8050
Epoch 107/200, Batch 400, Aver_Loss: 238.5912
Epoch 107/200, Batch 500, Aver_Loss: 226.5876
[early-stopping] Epoch 107: no improvement (15/20)
Epoch 108/200, Batch 100, Aver_Loss: 236.7520
Epoch 108/200, Batch 200, Aver_Loss: 245.4823
Epoch 108/200, Batch 300, Aver_Loss: 241.3232
Epoch 108/200, Batch 400, Aver_Loss: 260.5324
Epoch 108/200, Batch 500, Aver_Loss: 242.6363
[early-stopping] Epoch 108: no improvement (16/20)
Epoch 109/200, Batch 100, Aver_Loss: 244.5797
Epoch 109/200, Batch 200, Aver_Loss: 254.4718
Epoch 109/200, Batch 300, Aver_Loss: 232.3086
Epoch 109/200, Batch 400, Aver_Loss: 228.2036
Epoch 109/200, Batch 500, Aver_Loss: 255.8577
[early-stopping] Epoch 109: no improvement (17/20)
Epoch 110/200, Batch 100, Aver_Loss: 237.8744
Epoch 110/200, Batch 200, Aver_Loss: 241.8311
Epoch 110/200, Batch 300, Aver_Loss: 246.1578
Epoch 110/200, Batch 400, Aver_Loss: 230.6806
Epoch 110/200, Batch 500, Aver_Loss: 253.8065
[early-stopping] Epoch 110: no improvement (18/20)
Epoch 111/200, Batch 100, Aver_Loss: 233.5727
Epoch 111/200, Batch 200, Aver_Loss: 245.3398
Epoch 111/200, Batch 300, Aver_Loss: 248.8521
Epoch 111/200, Batch 400, Aver_Loss: 240.4035
Epoch 111/200, Batch 500, Aver_Loss: 238.6595
[early-stopping] Epoch 111: new best val ELBO = -243.917613
Epoch 112/200, Batch 100, Aver_Loss: 245.1896
Epoch 112/200, Batch 200, Aver_Loss: 245.6238
Epoch 112/200, Batch 300, Aver_Loss: 240.7894
Epoch 112/200, Batch 400, Aver_Loss: 248.4522
Epoch 112/200, Batch 500, Aver_Loss: 246.1373
[early-stopping] Epoch 112: no improvement (1/20)
Epoch 113/200, Batch 100, Aver_Loss: 233.4035
Epoch 113/200, Batch 200, Aver_Loss: 245.5561
Epoch 113/200, Batch 300, Aver_Loss: 239.0052
Epoch 113/200, Batch 400, Aver_Loss: 224.0209
Epoch 113/200, Batch 500, Aver_Loss: 240.1515
[early-stopping] Epoch 113: no improvement (2/20)
Epoch 114/200, Batch 100, Aver_Loss: 238.1224
Epoch 114/200, Batch 200, Aver_Loss: 230.1681
Epoch 114/200, Batch 300, Aver_Loss: 221.5495
Epoch 114/200, Batch 400, Aver_Loss: 237.0301
Epoch 114/200, Batch 500, Aver_Loss: 249.9901
[early-stopping] Epoch 114: no improvement (3/20)
Epoch 115/200, Batch 100, Aver_Loss: 236.4700
Epoch 115/200, Batch 200, Aver_Loss: 241.8262
Epoch 115/200, Batch 300, Aver_Loss: 246.0464
Epoch 115/200, Batch 400, Aver_Loss: 242.6247
Epoch 115/200, Batch 500, Aver_Loss: 238.8296
[early-stopping] Epoch 115: no improvement (4/20)
Epoch 116/200, Batch 100, Aver_Loss: 253.9723
Epoch 116/200, Batch 200, Aver_Loss: 250.3220
Epoch 116/200, Batch 300, Aver_Loss: 229.7012
Epoch 116/200, Batch 400, Aver_Loss: 249.4474
Epoch 116/200, Batch 500, Aver_Loss: 253.2850
[early-stopping] Epoch 116: no improvement (5/20)
Epoch 117/200, Batch 100, Aver_Loss: 239.4528
Epoch 117/200, Batch 200, Aver_Loss: 246.5394
Epoch 117/200, Batch 300, Aver_Loss: 234.7863
Epoch 117/200, Batch 400, Aver_Loss: 239.3226
Epoch 117/200, Batch 500, Aver_Loss: 237.5909
[early-stopping] Epoch 117: no improvement (6/20)
Epoch 118/200, Batch 100, Aver_Loss: 245.0161
Epoch 118/200, Batch 200, Aver_Loss: 251.4361
Epoch 118/200, Batch 300, Aver_Loss: 242.0088
Epoch 118/200, Batch 400, Aver_Loss: 242.0410
Epoch 118/200, Batch 500, Aver_Loss: 247.0149
[early-stopping] Epoch 118: no improvement (7/20)
Epoch 119/200, Batch 100, Aver_Loss: 236.3908
Epoch 119/200, Batch 200, Aver_Loss: 256.1985
Epoch 119/200, Batch 300, Aver_Loss: 247.5774
Epoch 119/200, Batch 400, Aver_Loss: 238.5362
Epoch 119/200, Batch 500, Aver_Loss: 237.9718
[early-stopping] Epoch 119: no improvement (8/20)
Epoch 120/200, Batch 100, Aver_Loss: 244.4913
Epoch 120/200, Batch 200, Aver_Loss: 246.7023
Epoch 120/200, Batch 300, Aver_Loss: 248.3248
Epoch 120/200, Batch 400, Aver_Loss: 242.9422
Epoch 120/200, Batch 500, Aver_Loss: 239.8716
[early-stopping] Epoch 120: no improvement (9/20)
Epoch 121/200, Batch 100, Aver_Loss: 235.4629
Epoch 121/200, Batch 200, Aver_Loss: 245.2366
Epoch 121/200, Batch 300, Aver_Loss: 244.3167
Epoch 121/200, Batch 400, Aver_Loss: 246.3503
Epoch 121/200, Batch 500, Aver_Loss: 229.1802
[early-stopping] Epoch 121: no improvement (10/20)
Epoch 122/200, Batch 100, Aver_Loss: 238.9543
Epoch 122/200, Batch 200, Aver_Loss: 245.1402
Epoch 122/200, Batch 300, Aver_Loss: 240.7502
Epoch 122/200, Batch 400, Aver_Loss: 241.2485
Epoch 122/200, Batch 500, Aver_Loss: 232.5230
[early-stopping] Epoch 122: no improvement (11/20)
Epoch 123/200, Batch 100, Aver_Loss: 246.9419
Epoch 123/200, Batch 200, Aver_Loss: 261.2099
Epoch 123/200, Batch 300, Aver_Loss: 231.0162
Epoch 123/200, Batch 400, Aver_Loss: 247.2320
Epoch 123/200, Batch 500, Aver_Loss: 251.4779
[early-stopping] Epoch 123: no improvement (12/20)
Epoch 124/200, Batch 100, Aver_Loss: 240.9021
Epoch 124/200, Batch 200, Aver_Loss: 244.3392
Epoch 124/200, Batch 300, Aver_Loss: 236.4892
Epoch 124/200, Batch 400, Aver_Loss: 242.1112
Epoch 124/200, Batch 500, Aver_Loss: 248.6234
[early-stopping] Epoch 124: no improvement (13/20)
Epoch 125/200, Batch 100, Aver_Loss: 228.8831
Epoch 125/200, Batch 200, Aver_Loss: 248.1794
Epoch 125/200, Batch 300, Aver_Loss: 246.1315
Epoch 125/200, Batch 400, Aver_Loss: 244.2660
Epoch 125/200, Batch 500, Aver_Loss: 246.7181
[early-stopping] Epoch 125: no improvement (14/20)
Epoch 126/200, Batch 100, Aver_Loss: 237.6583
Epoch 126/200, Batch 200, Aver_Loss: 236.1585
Epoch 126/200, Batch 300, Aver_Loss: 248.6967
Epoch 126/200, Batch 400, Aver_Loss: 239.9569
Epoch 126/200, Batch 500, Aver_Loss: 240.1619
[early-stopping] Epoch 126: no improvement (15/20)
Epoch 127/200, Batch 100, Aver_Loss: 220.4066
Epoch 127/200, Batch 200, Aver_Loss: 217.0129
Epoch 127/200, Batch 300, Aver_Loss: 239.5197
Epoch 127/200, Batch 400, Aver_Loss: 243.6277
Epoch 127/200, Batch 500, Aver_Loss: 248.6486
[early-stopping] Epoch 127: no improvement (16/20)
Epoch 128/200, Batch 100, Aver_Loss: 252.1889
Epoch 128/200, Batch 200, Aver_Loss: 239.4144
Epoch 128/200, Batch 300, Aver_Loss: 247.4034
Epoch 128/200, Batch 400, Aver_Loss: 251.8210
Epoch 128/200, Batch 500, Aver_Loss: 248.9459
[early-stopping] Epoch 128: no improvement (17/20)
Epoch 129/200, Batch 100, Aver_Loss: 231.3670
Epoch 129/200, Batch 200, Aver_Loss: 233.4135
Epoch 129/200, Batch 300, Aver_Loss: 245.3878
Epoch 129/200, Batch 400, Aver_Loss: 231.7774
Epoch 129/200, Batch 500, Aver_Loss: 244.7632
[early-stopping] Epoch 129: no improvement (18/20)
Epoch 130/200, Batch 100, Aver_Loss: 249.9887
Epoch 130/200, Batch 200, Aver_Loss: 250.0788
Epoch 130/200, Batch 300, Aver_Loss: 242.9325
Epoch 130/200, Batch 400, Aver_Loss: 242.9530
Epoch 130/200, Batch 500, Aver_Loss: 248.3256
[early-stopping] Epoch 130: no improvement (19/20)
Epoch 131/200, Batch 100, Aver_Loss: 253.1236
Epoch 131/200, Batch 200, Aver_Loss: 237.3398
Epoch 131/200, Batch 300, Aver_Loss: 241.7344
Epoch 131/200, Batch 400, Aver_Loss: 244.3294
Epoch 131/200, Batch 500, Aver_Loss: 240.9100
[early-stopping] Epoch 131: new best val ELBO = -243.913844
Epoch 132/200, Batch 100, Aver_Loss: 243.4525
Epoch 132/200, Batch 200, Aver_Loss: 245.9409
Epoch 132/200, Batch 300, Aver_Loss: 243.5504
Epoch 132/200, Batch 400, Aver_Loss: 234.0121
Epoch 132/200, Batch 500, Aver_Loss: 246.4752
[early-stopping] Epoch 132: no improvement (1/20)
Epoch 133/200, Batch 100, Aver_Loss: 250.1770
Epoch 133/200, Batch 200, Aver_Loss: 253.3516
Epoch 133/200, Batch 300, Aver_Loss: 236.7092
Epoch 133/200, Batch 400, Aver_Loss: 245.4329
Epoch 133/200, Batch 500, Aver_Loss: 249.1472
[early-stopping] Epoch 133: no improvement (2/20)
Epoch 134/200, Batch 100, Aver_Loss: 237.7053
Epoch 134/200, Batch 200, Aver_Loss: 242.5535
Epoch 134/200, Batch 300, Aver_Loss: 239.3973
Epoch 134/200, Batch 400, Aver_Loss: 232.3072
Epoch 134/200, Batch 500, Aver_Loss: 236.0973
[early-stopping] Epoch 134: no improvement (3/20)
Epoch 135/200, Batch 100, Aver_Loss: 252.3183
Epoch 135/200, Batch 200, Aver_Loss: 249.9604
Epoch 135/200, Batch 300, Aver_Loss: 252.8467
Epoch 135/200, Batch 400, Aver_Loss: 240.6345
Epoch 135/200, Batch 500, Aver_Loss: 251.5329
[early-stopping] Epoch 135: no improvement (4/20)
Epoch 136/200, Batch 100, Aver_Loss: 237.3949
Epoch 136/200, Batch 200, Aver_Loss: 235.7838
Epoch 136/200, Batch 300, Aver_Loss: 233.7122
Epoch 136/200, Batch 400, Aver_Loss: 242.4058
Epoch 136/200, Batch 500, Aver_Loss: 236.1528
[early-stopping] Epoch 136: no improvement (5/20)
Epoch 137/200, Batch 100, Aver_Loss: 240.3103
Epoch 137/200, Batch 200, Aver_Loss: 241.8384
Epoch 137/200, Batch 300, Aver_Loss: 240.3119
Epoch 137/200, Batch 400, Aver_Loss: 239.6640
Epoch 137/200, Batch 500, Aver_Loss: 263.7582
[early-stopping] Epoch 137: no improvement (6/20)
Epoch 138/200, Batch 100, Aver_Loss: 248.6946
Epoch 138/200, Batch 200, Aver_Loss: 247.9252
Epoch 138/200, Batch 300, Aver_Loss: 248.7399
Epoch 138/200, Batch 400, Aver_Loss: 243.0460
Epoch 138/200, Batch 500, Aver_Loss: 253.0466
[early-stopping] Epoch 138: no improvement (7/20)
Epoch 139/200, Batch 100, Aver_Loss: 237.3974
Epoch 139/200, Batch 200, Aver_Loss: 243.4716
Epoch 139/200, Batch 300, Aver_Loss: 241.4758
Epoch 139/200, Batch 400, Aver_Loss: 240.9358
Epoch 139/200, Batch 500, Aver_Loss: 232.3422
[early-stopping] Epoch 139: no improvement (8/20)
Epoch 140/200, Batch 100, Aver_Loss: 234.4898
Epoch 140/200, Batch 200, Aver_Loss: 244.2808
Epoch 140/200, Batch 300, Aver_Loss: 252.4092
Epoch 140/200, Batch 400, Aver_Loss: 232.9352
Epoch 140/200, Batch 500, Aver_Loss: 253.5945
[early-stopping] Epoch 140: new best val ELBO = -243.744303
Epoch 141/200, Batch 100, Aver_Loss: 239.3496
Epoch 141/200, Batch 200, Aver_Loss: 252.0963
Epoch 141/200, Batch 300, Aver_Loss: 250.6075
Epoch 141/200, Batch 400, Aver_Loss: 222.8299
Epoch 141/200, Batch 500, Aver_Loss: 237.2068
[early-stopping] Epoch 141: no improvement (1/20)
Epoch 142/200, Batch 100, Aver_Loss: 221.3414
Epoch 142/200, Batch 200, Aver_Loss: 236.3245
Epoch 142/200, Batch 300, Aver_Loss: 246.5905
Epoch 142/200, Batch 400, Aver_Loss: 241.5223
Epoch 142/200, Batch 500, Aver_Loss: 239.2287
[early-stopping] Epoch 142: no improvement (2/20)
Epoch 143/200, Batch 100, Aver_Loss: 243.9152
Epoch 143/200, Batch 200, Aver_Loss: 239.9082
Epoch 143/200, Batch 300, Aver_Loss: 249.7588
Epoch 143/200, Batch 400, Aver_Loss: 234.8004
Epoch 143/200, Batch 500, Aver_Loss: 246.8868
[early-stopping] Epoch 143: no improvement (3/20)
Epoch 144/200, Batch 100, Aver_Loss: 238.4218
Epoch 144/200, Batch 200, Aver_Loss: 232.9297
Epoch 144/200, Batch 300, Aver_Loss: 238.3697
Epoch 144/200, Batch 400, Aver_Loss: 243.5792
Epoch 144/200, Batch 500, Aver_Loss: 235.0006
[early-stopping] Epoch 144: no improvement (4/20)
Epoch 145/200, Batch 100, Aver_Loss: 247.9796
Epoch 145/200, Batch 200, Aver_Loss: 239.0306
Epoch 145/200, Batch 300, Aver_Loss: 238.5893
Epoch 145/200, Batch 400, Aver_Loss: 244.9052
Epoch 145/200, Batch 500, Aver_Loss: 236.9862
[early-stopping] Epoch 145: no improvement (5/20)
Epoch 146/200, Batch 100, Aver_Loss: 249.9415
Epoch 146/200, Batch 200, Aver_Loss: 235.6705
Epoch 146/200, Batch 300, Aver_Loss: 228.5641
Epoch 146/200, Batch 400, Aver_Loss: 244.8569
Epoch 146/200, Batch 500, Aver_Loss: 239.0759
[early-stopping] Epoch 146: no improvement (6/20)
Epoch 147/200, Batch 100, Aver_Loss: 244.2366
Epoch 147/200, Batch 200, Aver_Loss: 257.9244
Epoch 147/200, Batch 300, Aver_Loss: 233.9637
Epoch 147/200, Batch 400, Aver_Loss: 238.8261
Epoch 147/200, Batch 500, Aver_Loss: 236.2498
[early-stopping] Epoch 147: no improvement (7/20)
Epoch 148/200, Batch 100, Aver_Loss: 236.9632
Epoch 148/200, Batch 200, Aver_Loss: 239.4185
Epoch 148/200, Batch 300, Aver_Loss: 241.9672
Epoch 148/200, Batch 400, Aver_Loss: 243.4462
Epoch 148/200, Batch 500, Aver_Loss: 255.7132
[early-stopping] Epoch 148: no improvement (8/20)
Epoch 149/200, Batch 100, Aver_Loss: 237.1128
Epoch 149/200, Batch 200, Aver_Loss: 253.4246
Epoch 149/200, Batch 300, Aver_Loss: 235.2926
Epoch 149/200, Batch 400, Aver_Loss: 240.6436
Epoch 149/200, Batch 500, Aver_Loss: 230.1971
[early-stopping] Epoch 149: no improvement (9/20)
Epoch 150/200, Batch 100, Aver_Loss: 241.5449
Epoch 150/200, Batch 200, Aver_Loss: 228.8049
Epoch 150/200, Batch 300, Aver_Loss: 240.4354
Epoch 150/200, Batch 400, Aver_Loss: 237.3863
Epoch 150/200, Batch 500, Aver_Loss: 243.4742
[early-stopping] Epoch 150: no improvement (10/20)
Epoch 151/200, Batch 100, Aver_Loss: 238.8484
Epoch 151/200, Batch 200, Aver_Loss: 246.3442
Epoch 151/200, Batch 300, Aver_Loss: 246.0341
Epoch 151/200, Batch 400, Aver_Loss: 231.7546
Epoch 151/200, Batch 500, Aver_Loss: 239.3954
[early-stopping] Epoch 151: no improvement (11/20)
Epoch 152/200, Batch 100, Aver_Loss: 233.0405
Epoch 152/200, Batch 200, Aver_Loss: 239.0134
Epoch 152/200, Batch 300, Aver_Loss: 239.4591
Epoch 152/200, Batch 400, Aver_Loss: 249.3244
Epoch 152/200, Batch 500, Aver_Loss: 238.9021
[early-stopping] Epoch 152: no improvement (12/20)
Epoch 153/200, Batch 100, Aver_Loss: 236.1882
Epoch 153/200, Batch 200, Aver_Loss: 256.2508
Epoch 153/200, Batch 300, Aver_Loss: 235.1311
Epoch 153/200, Batch 400, Aver_Loss: 225.2250
Epoch 153/200, Batch 500, Aver_Loss: 250.6336
[early-stopping] Epoch 153: no improvement (13/20)
Epoch 154/200, Batch 100, Aver_Loss: 238.9690
Epoch 154/200, Batch 200, Aver_Loss: 229.0482
Epoch 154/200, Batch 300, Aver_Loss: 237.2847
Epoch 154/200, Batch 400, Aver_Loss: 249.8273
Epoch 154/200, Batch 500, Aver_Loss: 246.2479
[early-stopping] Epoch 154: no improvement (14/20)
Epoch 155/200, Batch 100, Aver_Loss: 232.5760
Epoch 155/200, Batch 200, Aver_Loss: 255.1360
Epoch 155/200, Batch 300, Aver_Loss: 240.1548
Epoch 155/200, Batch 400, Aver_Loss: 228.4514
Epoch 155/200, Batch 500, Aver_Loss: 242.3819
[early-stopping] Epoch 155: no improvement (15/20)
Epoch 156/200, Batch 100, Aver_Loss: 269.0149
Epoch 156/200, Batch 200, Aver_Loss: 258.1542
Epoch 156/200, Batch 300, Aver_Loss: 240.9238
Epoch 156/200, Batch 400, Aver_Loss: 240.0887
Epoch 156/200, Batch 500, Aver_Loss: 240.7891
[early-stopping] Epoch 156: no improvement (16/20)
Epoch 157/200, Batch 100, Aver_Loss: 222.7805
Epoch 157/200, Batch 200, Aver_Loss: 247.3136
Epoch 157/200, Batch 300, Aver_Loss: 237.6853
Epoch 157/200, Batch 400, Aver_Loss: 245.0366
Epoch 157/200, Batch 500, Aver_Loss: 243.9695
[early-stopping] Epoch 157: no improvement (17/20)
Epoch 158/200, Batch 100, Aver_Loss: 240.6485
Epoch 158/200, Batch 200, Aver_Loss: 237.3807
Epoch 158/200, Batch 300, Aver_Loss: 233.6703
Epoch 158/200, Batch 400, Aver_Loss: 259.9408
Epoch 158/200, Batch 500, Aver_Loss: 239.3975
[early-stopping] Epoch 158: no improvement (18/20)
Epoch 159/200, Batch 100, Aver_Loss: 250.7769
Epoch 159/200, Batch 200, Aver_Loss: 253.1014
Epoch 159/200, Batch 300, Aver_Loss: 237.5507
Epoch 159/200, Batch 400, Aver_Loss: 238.0688
Epoch 159/200, Batch 500, Aver_Loss: 238.3291
[early-stopping] Epoch 159: no improvement (19/20)
Epoch 160/200, Batch 100, Aver_Loss: 241.6686
Epoch 160/200, Batch 200, Aver_Loss: 246.5891
Epoch 160/200, Batch 300, Aver_Loss: 266.2683
Epoch 160/200, Batch 400, Aver_Loss: 242.0175
Epoch 160/200, Batch 500, Aver_Loss: 246.2880
[early-stopping] Epoch 160: no improvement (20/20)
[early-stopping] Patience reached. Stopping at epoch 160. Best epoch: 140, best val ELBO: -243.744303
[early-stopping] Loaded best model from epoch 140 (val ELBO = -243.744303)
[checkpoint] Saved best model to: trained_parameters/fashion_mnist_zdim4_VAE.pkl
[saved curves] ./results/FASHION_MNIST/curves/fashion_mnist_vae_d4_s777.json

==== Evaluation Summary ====
                 model: vae
   recon/mse_per_pixel: 0.019289
            elbo/train: -242.288556
             elbo/test: -243.723463
             mse/train: 0.018613
              mse/test: 0.019289
             probe/acc: 0.742071
             probe/nll: 0.728854
           probe/brier: 0.358889
             probe/ece: 0.027477
           cluster/nmi: 0.616191
           cluster/ari: 0.442546
============================

