/usr/bin/which: no fi_info in (/arf/home/meyavuz/.local/bin:/arf/sw/comp/python/intelpython3/condabin:/arf/sw/comp/python/intelpython3/bin:/usr/share/Modules/bin:/usr/local/bin:/usr/bin:/usr/local/sbin:/usr/sbin)
Extension for Scikit-learn* enabled (https://github.com/uxlfoundation/scikit-learn-intelex)
/arf/home/meyavuz/.conda/envs/sbn/lib/python3.9/site-packages/sklearn/linear_model/_logistic.py:1247: FutureWarning: 'multi_class' was deprecated in version 1.5 and will be removed in 1.7. From then on, it will always use 'multinomial'. Leave it to its default value to avoid this warning.
  warnings.warn(
Epoch 1/200, Batch 100, Aver_Loss: 302.0662
Epoch 1/200, Batch 200, Aver_Loss: 295.5097
Epoch 1/200, Batch 300, Aver_Loss: 281.6929
Epoch 1/200, Batch 400, Aver_Loss: 275.9850
Epoch 1/200, Batch 500, Aver_Loss: 272.9874
[early-stopping] Epoch 1: new best val ELBO = -267.916049
Epoch 2/200, Batch 100, Aver_Loss: 260.2587
Epoch 2/200, Batch 200, Aver_Loss: 250.2761
Epoch 2/200, Batch 300, Aver_Loss: 264.9990
Epoch 2/200, Batch 400, Aver_Loss: 259.0830
Epoch 2/200, Batch 500, Aver_Loss: 261.4555
[early-stopping] Epoch 2: new best val ELBO = -259.231760
Epoch 3/200, Batch 100, Aver_Loss: 275.2219
Epoch 3/200, Batch 200, Aver_Loss: 277.9001
Epoch 3/200, Batch 300, Aver_Loss: 270.8790
Epoch 3/200, Batch 400, Aver_Loss: 265.7946
Epoch 3/200, Batch 500, Aver_Loss: 255.4288
[early-stopping] Epoch 3: new best val ELBO = -255.720150
Epoch 4/200, Batch 100, Aver_Loss: 261.3924
Epoch 4/200, Batch 200, Aver_Loss: 248.9625
Epoch 4/200, Batch 300, Aver_Loss: 255.1075
Epoch 4/200, Batch 400, Aver_Loss: 249.5828
Epoch 4/200, Batch 500, Aver_Loss: 247.0582
[early-stopping] Epoch 4: new best val ELBO = -253.898855
Epoch 5/200, Batch 100, Aver_Loss: 237.2202
Epoch 5/200, Batch 200, Aver_Loss: 259.8277
Epoch 5/200, Batch 300, Aver_Loss: 246.3793
Epoch 5/200, Batch 400, Aver_Loss: 256.9884
Epoch 5/200, Batch 500, Aver_Loss: 262.8806
[early-stopping] Epoch 5: new best val ELBO = -252.376323
Epoch 6/200, Batch 100, Aver_Loss: 253.0659
Epoch 6/200, Batch 200, Aver_Loss: 257.3426
Epoch 6/200, Batch 300, Aver_Loss: 256.3999
Epoch 6/200, Batch 400, Aver_Loss: 267.5564
Epoch 6/200, Batch 500, Aver_Loss: 253.0243
[early-stopping] Epoch 6: new best val ELBO = -251.042679
Epoch 7/200, Batch 100, Aver_Loss: 258.5822
Epoch 7/200, Batch 200, Aver_Loss: 249.3814
Epoch 7/200, Batch 300, Aver_Loss: 239.5282
Epoch 7/200, Batch 400, Aver_Loss: 258.8674
Epoch 7/200, Batch 500, Aver_Loss: 242.0195
[early-stopping] Epoch 7: new best val ELBO = -250.622351
Epoch 8/200, Batch 100, Aver_Loss: 250.8212
Epoch 8/200, Batch 200, Aver_Loss: 248.4113
Epoch 8/200, Batch 300, Aver_Loss: 261.7673
Epoch 8/200, Batch 400, Aver_Loss: 257.9728
Epoch 8/200, Batch 500, Aver_Loss: 244.8400
[early-stopping] Epoch 8: new best val ELBO = -250.023143
Epoch 9/200, Batch 100, Aver_Loss: 252.9153
Epoch 9/200, Batch 200, Aver_Loss: 244.7837
Epoch 9/200, Batch 300, Aver_Loss: 250.4179
Epoch 9/200, Batch 400, Aver_Loss: 250.3512
Epoch 9/200, Batch 500, Aver_Loss: 247.5182
[early-stopping] Epoch 9: new best val ELBO = -249.298567
Epoch 10/200, Batch 100, Aver_Loss: 250.3735
Epoch 10/200, Batch 200, Aver_Loss: 243.8141
Epoch 10/200, Batch 300, Aver_Loss: 241.0869
Epoch 10/200, Batch 400, Aver_Loss: 255.1842
Epoch 10/200, Batch 500, Aver_Loss: 253.9008
[early-stopping] Epoch 10: no improvement (1/20)
Epoch 11/200, Batch 100, Aver_Loss: 245.7239
Epoch 11/200, Batch 200, Aver_Loss: 247.7417
Epoch 11/200, Batch 300, Aver_Loss: 245.9203
Epoch 11/200, Batch 400, Aver_Loss: 243.0856
Epoch 11/200, Batch 500, Aver_Loss: 250.9536
[early-stopping] Epoch 11: new best val ELBO = -248.511933
Epoch 12/200, Batch 100, Aver_Loss: 254.0508
Epoch 12/200, Batch 200, Aver_Loss: 252.0813
Epoch 12/200, Batch 300, Aver_Loss: 258.0107
Epoch 12/200, Batch 400, Aver_Loss: 267.2042
Epoch 12/200, Batch 500, Aver_Loss: 257.7505
[early-stopping] Epoch 12: new best val ELBO = -247.906461
Epoch 13/200, Batch 100, Aver_Loss: 246.1491
Epoch 13/200, Batch 200, Aver_Loss: 253.8886
Epoch 13/200, Batch 300, Aver_Loss: 265.4758
Epoch 13/200, Batch 400, Aver_Loss: 253.2601
Epoch 13/200, Batch 500, Aver_Loss: 254.4466
[early-stopping] Epoch 13: no improvement (1/20)
Epoch 14/200, Batch 100, Aver_Loss: 243.7055
Epoch 14/200, Batch 200, Aver_Loss: 248.9423
Epoch 14/200, Batch 300, Aver_Loss: 253.9360
Epoch 14/200, Batch 400, Aver_Loss: 244.9302
Epoch 14/200, Batch 500, Aver_Loss: 263.1623
[early-stopping] Epoch 14: new best val ELBO = -247.744428
Epoch 15/200, Batch 100, Aver_Loss: 257.5436
Epoch 15/200, Batch 200, Aver_Loss: 250.5327
Epoch 15/200, Batch 300, Aver_Loss: 250.4229
Epoch 15/200, Batch 400, Aver_Loss: 249.0663
Epoch 15/200, Batch 500, Aver_Loss: 254.2789
[early-stopping] Epoch 15: new best val ELBO = -247.303454
Epoch 16/200, Batch 100, Aver_Loss: 256.1220
Epoch 16/200, Batch 200, Aver_Loss: 251.1370
Epoch 16/200, Batch 300, Aver_Loss: 251.2011
Epoch 16/200, Batch 400, Aver_Loss: 248.0002
Epoch 16/200, Batch 500, Aver_Loss: 244.7430
[early-stopping] Epoch 16: new best val ELBO = -247.101595
Epoch 17/200, Batch 100, Aver_Loss: 252.0542
Epoch 17/200, Batch 200, Aver_Loss: 229.0204
Epoch 17/200, Batch 300, Aver_Loss: 246.4504
Epoch 17/200, Batch 400, Aver_Loss: 259.6959
Epoch 17/200, Batch 500, Aver_Loss: 234.4028
[early-stopping] Epoch 17: new best val ELBO = -247.002814
Epoch 18/200, Batch 100, Aver_Loss: 247.5585
Epoch 18/200, Batch 200, Aver_Loss: 243.6312
Epoch 18/200, Batch 300, Aver_Loss: 262.2043
Epoch 18/200, Batch 400, Aver_Loss: 243.9279
Epoch 18/200, Batch 500, Aver_Loss: 235.7845
[early-stopping] Epoch 18: new best val ELBO = -246.628379
Epoch 19/200, Batch 100, Aver_Loss: 240.4181
Epoch 19/200, Batch 200, Aver_Loss: 239.1081
Epoch 19/200, Batch 300, Aver_Loss: 247.8397
Epoch 19/200, Batch 400, Aver_Loss: 251.3636
Epoch 19/200, Batch 500, Aver_Loss: 234.1530
[early-stopping] Epoch 19: new best val ELBO = -246.595048
Epoch 20/200, Batch 100, Aver_Loss: 250.9940
Epoch 20/200, Batch 200, Aver_Loss: 252.2424
Epoch 20/200, Batch 300, Aver_Loss: 238.3807
Epoch 20/200, Batch 400, Aver_Loss: 236.8192
Epoch 20/200, Batch 500, Aver_Loss: 237.3529
[early-stopping] Epoch 20: no improvement (1/20)
Epoch 21/200, Batch 100, Aver_Loss: 247.6468
Epoch 21/200, Batch 200, Aver_Loss: 257.8407
Epoch 21/200, Batch 300, Aver_Loss: 244.7635
Epoch 21/200, Batch 400, Aver_Loss: 244.6426
Epoch 21/200, Batch 500, Aver_Loss: 250.4093
[early-stopping] Epoch 21: no improvement (2/20)
Epoch 22/200, Batch 100, Aver_Loss: 255.9816
Epoch 22/200, Batch 200, Aver_Loss: 249.8769
Epoch 22/200, Batch 300, Aver_Loss: 253.4896
Epoch 22/200, Batch 400, Aver_Loss: 253.3145
Epoch 22/200, Batch 500, Aver_Loss: 245.5613
[early-stopping] Epoch 22: new best val ELBO = -246.220536
Epoch 23/200, Batch 100, Aver_Loss: 245.9799
Epoch 23/200, Batch 200, Aver_Loss: 250.5399
Epoch 23/200, Batch 300, Aver_Loss: 241.2681
Epoch 23/200, Batch 400, Aver_Loss: 242.4377
Epoch 23/200, Batch 500, Aver_Loss: 235.8593
[early-stopping] Epoch 23: new best val ELBO = -246.210459
Epoch 24/200, Batch 100, Aver_Loss: 248.5550
Epoch 24/200, Batch 200, Aver_Loss: 238.7977
Epoch 24/200, Batch 300, Aver_Loss: 239.5029
Epoch 24/200, Batch 400, Aver_Loss: 251.1924
Epoch 24/200, Batch 500, Aver_Loss: 245.8916
[early-stopping] Epoch 24: no improvement (1/20)
Epoch 25/200, Batch 100, Aver_Loss: 235.7078
Epoch 25/200, Batch 200, Aver_Loss: 238.3247
Epoch 25/200, Batch 300, Aver_Loss: 248.2737
Epoch 25/200, Batch 400, Aver_Loss: 242.6632
Epoch 25/200, Batch 500, Aver_Loss: 243.8186
[early-stopping] Epoch 25: no improvement (2/20)
Epoch 26/200, Batch 100, Aver_Loss: 249.8136
Epoch 26/200, Batch 200, Aver_Loss: 236.5617
Epoch 26/200, Batch 300, Aver_Loss: 239.5838
Epoch 26/200, Batch 400, Aver_Loss: 258.5307
Epoch 26/200, Batch 500, Aver_Loss: 248.9522
[early-stopping] Epoch 26: no improvement (3/20)
Epoch 27/200, Batch 100, Aver_Loss: 238.5486
Epoch 27/200, Batch 200, Aver_Loss: 252.4868
Epoch 27/200, Batch 300, Aver_Loss: 244.9361
Epoch 27/200, Batch 400, Aver_Loss: 250.2097
Epoch 27/200, Batch 500, Aver_Loss: 249.6359
[early-stopping] Epoch 27: no improvement (4/20)
Epoch 28/200, Batch 100, Aver_Loss: 236.8087
Epoch 28/200, Batch 200, Aver_Loss: 255.3594
Epoch 28/200, Batch 300, Aver_Loss: 235.3045
Epoch 28/200, Batch 400, Aver_Loss: 243.6212
Epoch 28/200, Batch 500, Aver_Loss: 249.7162
[early-stopping] Epoch 28: new best val ELBO = -245.734191
Epoch 29/200, Batch 100, Aver_Loss: 238.9782
Epoch 29/200, Batch 200, Aver_Loss: 237.7010
Epoch 29/200, Batch 300, Aver_Loss: 237.1435
Epoch 29/200, Batch 400, Aver_Loss: 242.5163
Epoch 29/200, Batch 500, Aver_Loss: 235.1445
[early-stopping] Epoch 29: new best val ELBO = -245.458333
Epoch 30/200, Batch 100, Aver_Loss: 250.5979
Epoch 30/200, Batch 200, Aver_Loss: 240.5197
Epoch 30/200, Batch 300, Aver_Loss: 243.2142
Epoch 30/200, Batch 400, Aver_Loss: 238.4541
Epoch 30/200, Batch 500, Aver_Loss: 240.4948
[early-stopping] Epoch 30: no improvement (1/20)
Epoch 31/200, Batch 100, Aver_Loss: 239.8118
Epoch 31/200, Batch 200, Aver_Loss: 252.1176
Epoch 31/200, Batch 300, Aver_Loss: 248.2622
Epoch 31/200, Batch 400, Aver_Loss: 239.6889
Epoch 31/200, Batch 500, Aver_Loss: 239.9445
[early-stopping] Epoch 31: no improvement (2/20)
Epoch 32/200, Batch 100, Aver_Loss: 249.7329
Epoch 32/200, Batch 200, Aver_Loss: 246.9558
Epoch 32/200, Batch 300, Aver_Loss: 244.0632
Epoch 32/200, Batch 400, Aver_Loss: 250.4458
Epoch 32/200, Batch 500, Aver_Loss: 245.5591
[early-stopping] Epoch 32: no improvement (3/20)
Epoch 33/200, Batch 100, Aver_Loss: 255.6045
Epoch 33/200, Batch 200, Aver_Loss: 246.5455
Epoch 33/200, Batch 300, Aver_Loss: 232.8829
Epoch 33/200, Batch 400, Aver_Loss: 241.7543
Epoch 33/200, Batch 500, Aver_Loss: 262.7384
[early-stopping] Epoch 33: new best val ELBO = -245.195380
Epoch 34/200, Batch 100, Aver_Loss: 248.9813
Epoch 34/200, Batch 200, Aver_Loss: 250.0090
Epoch 34/200, Batch 300, Aver_Loss: 241.9733
Epoch 34/200, Batch 400, Aver_Loss: 247.8186
Epoch 34/200, Batch 500, Aver_Loss: 240.6277
[early-stopping] Epoch 34: no improvement (1/20)
Epoch 35/200, Batch 100, Aver_Loss: 246.7726
Epoch 35/200, Batch 200, Aver_Loss: 241.3486
Epoch 35/200, Batch 300, Aver_Loss: 251.1679
Epoch 35/200, Batch 400, Aver_Loss: 241.9324
Epoch 35/200, Batch 500, Aver_Loss: 247.2288
[early-stopping] Epoch 35: no improvement (2/20)
Epoch 36/200, Batch 100, Aver_Loss: 233.9019
Epoch 36/200, Batch 200, Aver_Loss: 246.0686
Epoch 36/200, Batch 300, Aver_Loss: 255.7461
Epoch 36/200, Batch 400, Aver_Loss: 252.9078
Epoch 36/200, Batch 500, Aver_Loss: 236.7215
[early-stopping] Epoch 36: no improvement (3/20)
Epoch 37/200, Batch 100, Aver_Loss: 239.5366
Epoch 37/200, Batch 200, Aver_Loss: 239.7467
Epoch 37/200, Batch 300, Aver_Loss: 241.9779
Epoch 37/200, Batch 400, Aver_Loss: 247.7296
Epoch 37/200, Batch 500, Aver_Loss: 244.2481
[early-stopping] Epoch 37: no improvement (4/20)
Epoch 38/200, Batch 100, Aver_Loss: 258.4263
Epoch 38/200, Batch 200, Aver_Loss: 246.8554
Epoch 38/200, Batch 300, Aver_Loss: 242.2822
Epoch 38/200, Batch 400, Aver_Loss: 239.5361
Epoch 38/200, Batch 500, Aver_Loss: 241.1868
[early-stopping] Epoch 38: no improvement (5/20)
Epoch 39/200, Batch 100, Aver_Loss: 260.1014
Epoch 39/200, Batch 200, Aver_Loss: 255.1424
Epoch 39/200, Batch 300, Aver_Loss: 252.9404
Epoch 39/200, Batch 400, Aver_Loss: 233.5992
Epoch 39/200, Batch 500, Aver_Loss: 243.9996
[early-stopping] Epoch 39: new best val ELBO = -245.005896
Epoch 40/200, Batch 100, Aver_Loss: 238.0779
Epoch 40/200, Batch 200, Aver_Loss: 239.0264
Epoch 40/200, Batch 300, Aver_Loss: 234.9061
Epoch 40/200, Batch 400, Aver_Loss: 246.4510
Epoch 40/200, Batch 500, Aver_Loss: 234.4167
[early-stopping] Epoch 40: new best val ELBO = -244.936490
Epoch 41/200, Batch 100, Aver_Loss: 246.6809
Epoch 41/200, Batch 200, Aver_Loss: 243.3282
Epoch 41/200, Batch 300, Aver_Loss: 239.7484
Epoch 41/200, Batch 400, Aver_Loss: 235.1857
Epoch 41/200, Batch 500, Aver_Loss: 245.2497
[early-stopping] Epoch 41: no improvement (1/20)
Epoch 42/200, Batch 100, Aver_Loss: 268.1431
Epoch 42/200, Batch 200, Aver_Loss: 243.0107
Epoch 42/200, Batch 300, Aver_Loss: 257.7074
Epoch 42/200, Batch 400, Aver_Loss: 255.0882
Epoch 42/200, Batch 500, Aver_Loss: 246.0350
[early-stopping] Epoch 42: no improvement (2/20)
Epoch 43/200, Batch 100, Aver_Loss: 249.8643
Epoch 43/200, Batch 200, Aver_Loss: 240.0781
Epoch 43/200, Batch 300, Aver_Loss: 238.3690
Epoch 43/200, Batch 400, Aver_Loss: 225.5306
Epoch 43/200, Batch 500, Aver_Loss: 246.2456
[early-stopping] Epoch 43: new best val ELBO = -244.663466
Epoch 44/200, Batch 100, Aver_Loss: 241.9113
Epoch 44/200, Batch 200, Aver_Loss: 235.8579
Epoch 44/200, Batch 300, Aver_Loss: 240.5665
Epoch 44/200, Batch 400, Aver_Loss: 244.2918
Epoch 44/200, Batch 500, Aver_Loss: 258.0037
[early-stopping] Epoch 44: no improvement (1/20)
Epoch 45/200, Batch 100, Aver_Loss: 248.9269
Epoch 45/200, Batch 200, Aver_Loss: 252.0982
Epoch 45/200, Batch 300, Aver_Loss: 246.5825
Epoch 45/200, Batch 400, Aver_Loss: 241.6469
Epoch 45/200, Batch 500, Aver_Loss: 238.4774
[early-stopping] Epoch 45: no improvement (2/20)
Epoch 46/200, Batch 100, Aver_Loss: 233.1297
Epoch 46/200, Batch 200, Aver_Loss: 243.4653
Epoch 46/200, Batch 300, Aver_Loss: 241.7525
Epoch 46/200, Batch 400, Aver_Loss: 252.3336
Epoch 46/200, Batch 500, Aver_Loss: 231.2285
[early-stopping] Epoch 46: no improvement (3/20)
Epoch 47/200, Batch 100, Aver_Loss: 252.9846
Epoch 47/200, Batch 200, Aver_Loss: 238.9003
Epoch 47/200, Batch 300, Aver_Loss: 245.3898
Epoch 47/200, Batch 400, Aver_Loss: 235.1651
Epoch 47/200, Batch 500, Aver_Loss: 234.3224
[early-stopping] Epoch 47: no improvement (4/20)
Epoch 48/200, Batch 100, Aver_Loss: 249.5240
Epoch 48/200, Batch 200, Aver_Loss: 243.7664
Epoch 48/200, Batch 300, Aver_Loss: 269.6320
Epoch 48/200, Batch 400, Aver_Loss: 231.5860
Epoch 48/200, Batch 500, Aver_Loss: 238.6745
[early-stopping] Epoch 48: no improvement (5/20)
Epoch 49/200, Batch 100, Aver_Loss: 247.9992
Epoch 49/200, Batch 200, Aver_Loss: 240.0296
Epoch 49/200, Batch 300, Aver_Loss: 230.6315
Epoch 49/200, Batch 400, Aver_Loss: 238.7275
Epoch 49/200, Batch 500, Aver_Loss: 234.4905
[early-stopping] Epoch 49: new best val ELBO = -244.578354
Epoch 50/200, Batch 100, Aver_Loss: 246.9469
Epoch 50/200, Batch 200, Aver_Loss: 229.8332
Epoch 50/200, Batch 300, Aver_Loss: 240.7274
Epoch 50/200, Batch 400, Aver_Loss: 243.9409
Epoch 50/200, Batch 500, Aver_Loss: 237.9325
[early-stopping] Epoch 50: new best val ELBO = -244.508552
Epoch 51/200, Batch 100, Aver_Loss: 237.0293
Epoch 51/200, Batch 200, Aver_Loss: 240.1508
Epoch 51/200, Batch 300, Aver_Loss: 245.0016
Epoch 51/200, Batch 400, Aver_Loss: 242.3818
Epoch 51/200, Batch 500, Aver_Loss: 237.3500
[early-stopping] Epoch 51: no improvement (1/20)
Epoch 52/200, Batch 100, Aver_Loss: 233.1811
Epoch 52/200, Batch 200, Aver_Loss: 249.2461
Epoch 52/200, Batch 300, Aver_Loss: 248.6220
Epoch 52/200, Batch 400, Aver_Loss: 242.7606
Epoch 52/200, Batch 500, Aver_Loss: 244.4384
[early-stopping] Epoch 52: no improvement (2/20)
Epoch 53/200, Batch 100, Aver_Loss: 239.2975
Epoch 53/200, Batch 200, Aver_Loss: 236.3334
Epoch 53/200, Batch 300, Aver_Loss: 238.1017
Epoch 53/200, Batch 400, Aver_Loss: 255.9086
Epoch 53/200, Batch 500, Aver_Loss: 247.7294
[early-stopping] Epoch 53: no improvement (3/20)
Epoch 54/200, Batch 100, Aver_Loss: 247.1385
Epoch 54/200, Batch 200, Aver_Loss: 226.8309
Epoch 54/200, Batch 300, Aver_Loss: 247.2097
Epoch 54/200, Batch 400, Aver_Loss: 239.7483
Epoch 54/200, Batch 500, Aver_Loss: 247.2737
[early-stopping] Epoch 54: new best val ELBO = -244.485238
Epoch 55/200, Batch 100, Aver_Loss: 244.7769
Epoch 55/200, Batch 200, Aver_Loss: 240.1459
Epoch 55/200, Batch 300, Aver_Loss: 237.5120
Epoch 55/200, Batch 400, Aver_Loss: 243.4579
Epoch 55/200, Batch 500, Aver_Loss: 240.7498
[early-stopping] Epoch 55: no improvement (1/20)
Epoch 56/200, Batch 100, Aver_Loss: 252.4196
Epoch 56/200, Batch 200, Aver_Loss: 245.5514
Epoch 56/200, Batch 300, Aver_Loss: 247.3133
Epoch 56/200, Batch 400, Aver_Loss: 243.6882
Epoch 56/200, Batch 500, Aver_Loss: 250.4532
[early-stopping] Epoch 56: no improvement (2/20)
Epoch 57/200, Batch 100, Aver_Loss: 242.9738
Epoch 57/200, Batch 200, Aver_Loss: 240.3689
Epoch 57/200, Batch 300, Aver_Loss: 232.1197
Epoch 57/200, Batch 400, Aver_Loss: 241.6366
Epoch 57/200, Batch 500, Aver_Loss: 244.4985
[early-stopping] Epoch 57: new best val ELBO = -244.319747
Epoch 58/200, Batch 100, Aver_Loss: 247.9246
Epoch 58/200, Batch 200, Aver_Loss: 230.9233
Epoch 58/200, Batch 300, Aver_Loss: 241.6485
Epoch 58/200, Batch 400, Aver_Loss: 229.7489
Epoch 58/200, Batch 500, Aver_Loss: 241.0802
[early-stopping] Epoch 58: no improvement (1/20)
Epoch 59/200, Batch 100, Aver_Loss: 239.8230
Epoch 59/200, Batch 200, Aver_Loss: 243.6150
Epoch 59/200, Batch 300, Aver_Loss: 240.2403
Epoch 59/200, Batch 400, Aver_Loss: 235.8311
Epoch 59/200, Batch 500, Aver_Loss: 239.5542
[early-stopping] Epoch 59: no improvement (2/20)
Epoch 60/200, Batch 100, Aver_Loss: 245.1752
Epoch 60/200, Batch 200, Aver_Loss: 246.0204
Epoch 60/200, Batch 300, Aver_Loss: 245.2151
Epoch 60/200, Batch 400, Aver_Loss: 256.5359
Epoch 60/200, Batch 500, Aver_Loss: 232.3173
[early-stopping] Epoch 60: no improvement (3/20)
Epoch 61/200, Batch 100, Aver_Loss: 248.4052
Epoch 61/200, Batch 200, Aver_Loss: 255.5927
Epoch 61/200, Batch 300, Aver_Loss: 236.6646
Epoch 61/200, Batch 400, Aver_Loss: 252.9350
Epoch 61/200, Batch 500, Aver_Loss: 254.2570
[early-stopping] Epoch 61: new best val ELBO = -244.225465
Epoch 62/200, Batch 100, Aver_Loss: 253.1903
Epoch 62/200, Batch 200, Aver_Loss: 239.4467
Epoch 62/200, Batch 300, Aver_Loss: 246.1611
Epoch 62/200, Batch 400, Aver_Loss: 247.2997
Epoch 62/200, Batch 500, Aver_Loss: 243.3828
[early-stopping] Epoch 62: no improvement (1/20)
Epoch 63/200, Batch 100, Aver_Loss: 239.2327
Epoch 63/200, Batch 200, Aver_Loss: 237.4338
Epoch 63/200, Batch 300, Aver_Loss: 246.2834
Epoch 63/200, Batch 400, Aver_Loss: 244.1429
Epoch 63/200, Batch 500, Aver_Loss: 249.6946
[early-stopping] Epoch 63: no improvement (2/20)
Epoch 64/200, Batch 100, Aver_Loss: 249.0295
Epoch 64/200, Batch 200, Aver_Loss: 243.9686
Epoch 64/200, Batch 300, Aver_Loss: 245.6307
Epoch 64/200, Batch 400, Aver_Loss: 236.6089
Epoch 64/200, Batch 500, Aver_Loss: 244.7630
[early-stopping] Epoch 64: new best val ELBO = -244.208591
Epoch 65/200, Batch 100, Aver_Loss: 249.7816
Epoch 65/200, Batch 200, Aver_Loss: 230.5252
Epoch 65/200, Batch 300, Aver_Loss: 241.5009
Epoch 65/200, Batch 400, Aver_Loss: 246.7593
Epoch 65/200, Batch 500, Aver_Loss: 252.0251
[early-stopping] Epoch 65: no improvement (1/20)
Epoch 66/200, Batch 100, Aver_Loss: 242.0796
Epoch 66/200, Batch 200, Aver_Loss: 242.9391
Epoch 66/200, Batch 300, Aver_Loss: 237.1567
Epoch 66/200, Batch 400, Aver_Loss: 248.2603
Epoch 66/200, Batch 500, Aver_Loss: 234.0571
[early-stopping] Epoch 66: new best val ELBO = -244.159948
Epoch 67/200, Batch 100, Aver_Loss: 258.6510
Epoch 67/200, Batch 200, Aver_Loss: 244.9526
Epoch 67/200, Batch 300, Aver_Loss: 251.2584
Epoch 67/200, Batch 400, Aver_Loss: 252.5606
Epoch 67/200, Batch 500, Aver_Loss: 252.1228
[early-stopping] Epoch 67: new best val ELBO = -244.096224
Epoch 68/200, Batch 100, Aver_Loss: 255.4905
Epoch 68/200, Batch 200, Aver_Loss: 234.7903
Epoch 68/200, Batch 300, Aver_Loss: 238.9192
Epoch 68/200, Batch 400, Aver_Loss: 251.4933
Epoch 68/200, Batch 500, Aver_Loss: 233.9734
[early-stopping] Epoch 68: no improvement (1/20)
Epoch 69/200, Batch 100, Aver_Loss: 247.1027
Epoch 69/200, Batch 200, Aver_Loss: 233.8365
Epoch 69/200, Batch 300, Aver_Loss: 241.3232
Epoch 69/200, Batch 400, Aver_Loss: 236.6879
Epoch 69/200, Batch 500, Aver_Loss: 253.7313
[early-stopping] Epoch 69: new best val ELBO = -244.064448
Epoch 70/200, Batch 100, Aver_Loss: 257.1755
Epoch 70/200, Batch 200, Aver_Loss: 260.0376
Epoch 70/200, Batch 300, Aver_Loss: 242.9620
Epoch 70/200, Batch 400, Aver_Loss: 242.9719
Epoch 70/200, Batch 500, Aver_Loss: 248.1656
[early-stopping] Epoch 70: no improvement (1/20)
Epoch 71/200, Batch 100, Aver_Loss: 245.6005
Epoch 71/200, Batch 200, Aver_Loss: 240.8228
Epoch 71/200, Batch 300, Aver_Loss: 242.4200
Epoch 71/200, Batch 400, Aver_Loss: 258.3783
Epoch 71/200, Batch 500, Aver_Loss: 243.4414
[early-stopping] Epoch 71: no improvement (2/20)
Epoch 72/200, Batch 100, Aver_Loss: 237.3287
Epoch 72/200, Batch 200, Aver_Loss: 240.7638
Epoch 72/200, Batch 300, Aver_Loss: 263.3857
Epoch 72/200, Batch 400, Aver_Loss: 245.3420
Epoch 72/200, Batch 500, Aver_Loss: 243.2995
[early-stopping] Epoch 72: no improvement (3/20)
Epoch 73/200, Batch 100, Aver_Loss: 239.3277
Epoch 73/200, Batch 200, Aver_Loss: 239.1726
Epoch 73/200, Batch 300, Aver_Loss: 247.1227
Epoch 73/200, Batch 400, Aver_Loss: 250.4729
Epoch 73/200, Batch 500, Aver_Loss: 257.8529
[early-stopping] Epoch 73: no improvement (4/20)
Epoch 74/200, Batch 100, Aver_Loss: 251.2142
Epoch 74/200, Batch 200, Aver_Loss: 246.5050
Epoch 74/200, Batch 300, Aver_Loss: 249.3535
Epoch 74/200, Batch 400, Aver_Loss: 244.6218
Epoch 74/200, Batch 500, Aver_Loss: 248.1155
[early-stopping] Epoch 74: no improvement (5/20)
Epoch 75/200, Batch 100, Aver_Loss: 230.2326
Epoch 75/200, Batch 200, Aver_Loss: 234.2012
Epoch 75/200, Batch 300, Aver_Loss: 240.3378
Epoch 75/200, Batch 400, Aver_Loss: 244.6679
Epoch 75/200, Batch 500, Aver_Loss: 253.8463
[early-stopping] Epoch 75: no improvement (6/20)
Epoch 76/200, Batch 100, Aver_Loss: 229.4246
Epoch 76/200, Batch 200, Aver_Loss: 239.8231
Epoch 76/200, Batch 300, Aver_Loss: 246.2563
Epoch 76/200, Batch 400, Aver_Loss: 239.2297
Epoch 76/200, Batch 500, Aver_Loss: 240.1489
[early-stopping] Epoch 76: no improvement (7/20)
Epoch 77/200, Batch 100, Aver_Loss: 242.6292
Epoch 77/200, Batch 200, Aver_Loss: 245.1281
Epoch 77/200, Batch 300, Aver_Loss: 247.7782
Epoch 77/200, Batch 400, Aver_Loss: 258.1987
Epoch 77/200, Batch 500, Aver_Loss: 235.1121
[early-stopping] Epoch 77: no improvement (8/20)
Epoch 78/200, Batch 100, Aver_Loss: 242.3889
Epoch 78/200, Batch 200, Aver_Loss: 234.9338
Epoch 78/200, Batch 300, Aver_Loss: 239.0659
Epoch 78/200, Batch 400, Aver_Loss: 235.9595
Epoch 78/200, Batch 500, Aver_Loss: 238.8598
[early-stopping] Epoch 78: new best val ELBO = -243.973244
Epoch 79/200, Batch 100, Aver_Loss: 254.8483
Epoch 79/200, Batch 200, Aver_Loss: 238.4547
Epoch 79/200, Batch 300, Aver_Loss: 249.5308
Epoch 79/200, Batch 400, Aver_Loss: 240.5111
Epoch 79/200, Batch 500, Aver_Loss: 245.7891
[early-stopping] Epoch 79: no improvement (1/20)
Epoch 80/200, Batch 100, Aver_Loss: 243.3803
Epoch 80/200, Batch 200, Aver_Loss: 249.5461
Epoch 80/200, Batch 300, Aver_Loss: 241.1932
Epoch 80/200, Batch 400, Aver_Loss: 249.1107
Epoch 80/200, Batch 500, Aver_Loss: 244.1507
[early-stopping] Epoch 80: no improvement (2/20)
Epoch 81/200, Batch 100, Aver_Loss: 250.2732
Epoch 81/200, Batch 200, Aver_Loss: 233.7375
Epoch 81/200, Batch 300, Aver_Loss: 239.6062
Epoch 81/200, Batch 400, Aver_Loss: 250.1279
Epoch 81/200, Batch 500, Aver_Loss: 248.5194
[early-stopping] Epoch 81: new best val ELBO = -243.892360
Epoch 82/200, Batch 100, Aver_Loss: 240.9151
Epoch 82/200, Batch 200, Aver_Loss: 235.1555
Epoch 82/200, Batch 300, Aver_Loss: 239.3446
Epoch 82/200, Batch 400, Aver_Loss: 242.5780
Epoch 82/200, Batch 500, Aver_Loss: 229.0082
[early-stopping] Epoch 82: no improvement (1/20)
Epoch 83/200, Batch 100, Aver_Loss: 259.3911
Epoch 83/200, Batch 200, Aver_Loss: 228.0941
Epoch 83/200, Batch 300, Aver_Loss: 250.9429
Epoch 83/200, Batch 400, Aver_Loss: 253.5997
Epoch 83/200, Batch 500, Aver_Loss: 247.5186
[early-stopping] Epoch 83: no improvement (2/20)
Epoch 84/200, Batch 100, Aver_Loss: 243.3254
Epoch 84/200, Batch 200, Aver_Loss: 237.5064
Epoch 84/200, Batch 300, Aver_Loss: 240.8646
Epoch 84/200, Batch 400, Aver_Loss: 232.2482
Epoch 84/200, Batch 500, Aver_Loss: 240.2181
[early-stopping] Epoch 84: no improvement (3/20)
Epoch 85/200, Batch 100, Aver_Loss: 242.8058
Epoch 85/200, Batch 200, Aver_Loss: 231.1597
Epoch 85/200, Batch 300, Aver_Loss: 233.1454
Epoch 85/200, Batch 400, Aver_Loss: 245.4922
Epoch 85/200, Batch 500, Aver_Loss: 247.2523
[early-stopping] Epoch 85: no improvement (4/20)
Epoch 86/200, Batch 100, Aver_Loss: 255.5555
Epoch 86/200, Batch 200, Aver_Loss: 237.4006
Epoch 86/200, Batch 300, Aver_Loss: 240.2632
Epoch 86/200, Batch 400, Aver_Loss: 245.3222
Epoch 86/200, Batch 500, Aver_Loss: 247.3092
[early-stopping] Epoch 86: new best val ELBO = -243.882081
Epoch 87/200, Batch 100, Aver_Loss: 242.3839
Epoch 87/200, Batch 200, Aver_Loss: 242.3331
Epoch 87/200, Batch 300, Aver_Loss: 231.3615
Epoch 87/200, Batch 400, Aver_Loss: 243.7467
Epoch 87/200, Batch 500, Aver_Loss: 249.2157
[early-stopping] Epoch 87: no improvement (1/20)
Epoch 88/200, Batch 100, Aver_Loss: 236.5923
Epoch 88/200, Batch 200, Aver_Loss: 261.6185
Epoch 88/200, Batch 300, Aver_Loss: 225.7785
Epoch 88/200, Batch 400, Aver_Loss: 242.6888
Epoch 88/200, Batch 500, Aver_Loss: 256.3799
[early-stopping] Epoch 88: no improvement (2/20)
Epoch 89/200, Batch 100, Aver_Loss: 234.0195
Epoch 89/200, Batch 200, Aver_Loss: 241.4020
Epoch 89/200, Batch 300, Aver_Loss: 256.5232
Epoch 89/200, Batch 400, Aver_Loss: 240.1819
Epoch 89/200, Batch 500, Aver_Loss: 236.2517
[early-stopping] Epoch 89: no improvement (3/20)
Epoch 90/200, Batch 100, Aver_Loss: 242.2787
Epoch 90/200, Batch 200, Aver_Loss: 246.9357
Epoch 90/200, Batch 300, Aver_Loss: 234.2910
Epoch 90/200, Batch 400, Aver_Loss: 248.6136
Epoch 90/200, Batch 500, Aver_Loss: 238.5290
[early-stopping] Epoch 90: no improvement (4/20)
Epoch 91/200, Batch 100, Aver_Loss: 232.5636
Epoch 91/200, Batch 200, Aver_Loss: 244.4233
Epoch 91/200, Batch 300, Aver_Loss: 247.1854
Epoch 91/200, Batch 400, Aver_Loss: 247.9953
Epoch 91/200, Batch 500, Aver_Loss: 244.1864
[early-stopping] Epoch 91: new best val ELBO = -243.856441
Epoch 92/200, Batch 100, Aver_Loss: 253.2547
Epoch 92/200, Batch 200, Aver_Loss: 236.0940
Epoch 92/200, Batch 300, Aver_Loss: 241.5855
Epoch 92/200, Batch 400, Aver_Loss: 238.4237
Epoch 92/200, Batch 500, Aver_Loss: 234.7686
[early-stopping] Epoch 92: no improvement (1/20)
Epoch 93/200, Batch 100, Aver_Loss: 239.1331
Epoch 93/200, Batch 200, Aver_Loss: 246.1508
Epoch 93/200, Batch 300, Aver_Loss: 248.9224
Epoch 93/200, Batch 400, Aver_Loss: 247.3943
Epoch 93/200, Batch 500, Aver_Loss: 234.5738
[early-stopping] Epoch 93: new best val ELBO = -243.836021
Epoch 94/200, Batch 100, Aver_Loss: 251.1175
Epoch 94/200, Batch 200, Aver_Loss: 243.9103
Epoch 94/200, Batch 300, Aver_Loss: 243.7843
Epoch 94/200, Batch 400, Aver_Loss: 247.1715
Epoch 94/200, Batch 500, Aver_Loss: 249.7505
[early-stopping] Epoch 94: no improvement (1/20)
Epoch 95/200, Batch 100, Aver_Loss: 233.9395
Epoch 95/200, Batch 200, Aver_Loss: 232.2836
Epoch 95/200, Batch 300, Aver_Loss: 247.8658
Epoch 95/200, Batch 400, Aver_Loss: 233.2259
Epoch 95/200, Batch 500, Aver_Loss: 248.0977
[early-stopping] Epoch 95: new best val ELBO = -243.818862
Epoch 96/200, Batch 100, Aver_Loss: 253.4792
Epoch 96/200, Batch 200, Aver_Loss: 243.8258
Epoch 96/200, Batch 300, Aver_Loss: 236.3938
Epoch 96/200, Batch 400, Aver_Loss: 257.3129
Epoch 96/200, Batch 500, Aver_Loss: 245.3224
[early-stopping] Epoch 96: no improvement (1/20)
Epoch 97/200, Batch 100, Aver_Loss: 246.7016
Epoch 97/200, Batch 200, Aver_Loss: 251.5735
Epoch 97/200, Batch 300, Aver_Loss: 236.7769
Epoch 97/200, Batch 400, Aver_Loss: 241.9060
Epoch 97/200, Batch 500, Aver_Loss: 234.1828
[early-stopping] Epoch 97: no improvement (2/20)
Epoch 98/200, Batch 100, Aver_Loss: 251.4275
Epoch 98/200, Batch 200, Aver_Loss: 242.6899
Epoch 98/200, Batch 300, Aver_Loss: 251.1045
Epoch 98/200, Batch 400, Aver_Loss: 243.6858
Epoch 98/200, Batch 500, Aver_Loss: 235.3690
[early-stopping] Epoch 98: new best val ELBO = -243.729236
Epoch 99/200, Batch 100, Aver_Loss: 243.2635
Epoch 99/200, Batch 200, Aver_Loss: 237.4137
Epoch 99/200, Batch 300, Aver_Loss: 252.5810
Epoch 99/200, Batch 400, Aver_Loss: 252.2202
Epoch 99/200, Batch 500, Aver_Loss: 244.0417
[early-stopping] Epoch 99: no improvement (1/20)
Epoch 100/200, Batch 100, Aver_Loss: 240.4460
Epoch 100/200, Batch 200, Aver_Loss: 244.1632
Epoch 100/200, Batch 300, Aver_Loss: 256.2049
Epoch 100/200, Batch 400, Aver_Loss: 234.7182
Epoch 100/200, Batch 500, Aver_Loss: 237.3019
[early-stopping] Epoch 100: no improvement (2/20)
Epoch 101/200, Batch 100, Aver_Loss: 227.7840
Epoch 101/200, Batch 200, Aver_Loss: 253.2996
Epoch 101/200, Batch 300, Aver_Loss: 247.8389
Epoch 101/200, Batch 400, Aver_Loss: 227.1377
Epoch 101/200, Batch 500, Aver_Loss: 254.2045
[early-stopping] Epoch 101: no improvement (3/20)
Epoch 102/200, Batch 100, Aver_Loss: 251.3186
Epoch 102/200, Batch 200, Aver_Loss: 237.4045
Epoch 102/200, Batch 300, Aver_Loss: 248.6272
Epoch 102/200, Batch 400, Aver_Loss: 239.9336
Epoch 102/200, Batch 500, Aver_Loss: 244.7005
[early-stopping] Epoch 102: new best val ELBO = -243.721829
Epoch 103/200, Batch 100, Aver_Loss: 237.7671
Epoch 103/200, Batch 200, Aver_Loss: 245.4237
Epoch 103/200, Batch 300, Aver_Loss: 252.1045
Epoch 103/200, Batch 400, Aver_Loss: 235.5722
Epoch 103/200, Batch 500, Aver_Loss: 257.3945
[early-stopping] Epoch 103: new best val ELBO = -243.672708
Epoch 104/200, Batch 100, Aver_Loss: 237.3174
Epoch 104/200, Batch 200, Aver_Loss: 239.9927
Epoch 104/200, Batch 300, Aver_Loss: 248.5584
Epoch 104/200, Batch 400, Aver_Loss: 249.4288
Epoch 104/200, Batch 500, Aver_Loss: 245.3019
[early-stopping] Epoch 104: no improvement (1/20)
Epoch 105/200, Batch 100, Aver_Loss: 233.8553
Epoch 105/200, Batch 200, Aver_Loss: 238.5206
Epoch 105/200, Batch 300, Aver_Loss: 243.7979
Epoch 105/200, Batch 400, Aver_Loss: 244.3221
Epoch 105/200, Batch 500, Aver_Loss: 241.5799
[early-stopping] Epoch 105: no improvement (2/20)
Epoch 106/200, Batch 100, Aver_Loss: 236.0539
Epoch 106/200, Batch 200, Aver_Loss: 266.2761
Epoch 106/200, Batch 300, Aver_Loss: 254.8047
Epoch 106/200, Batch 400, Aver_Loss: 246.8786
Epoch 106/200, Batch 500, Aver_Loss: 252.7602
[early-stopping] Epoch 106: no improvement (3/20)
Epoch 107/200, Batch 100, Aver_Loss: 247.3066
Epoch 107/200, Batch 200, Aver_Loss: 244.2466
Epoch 107/200, Batch 300, Aver_Loss: 235.7895
Epoch 107/200, Batch 400, Aver_Loss: 243.3083
Epoch 107/200, Batch 500, Aver_Loss: 242.4258
[early-stopping] Epoch 107: new best val ELBO = -243.582739
Epoch 108/200, Batch 100, Aver_Loss: 257.2120
Epoch 108/200, Batch 200, Aver_Loss: 254.6300
Epoch 108/200, Batch 300, Aver_Loss: 250.9807
Epoch 108/200, Batch 400, Aver_Loss: 241.2169
Epoch 108/200, Batch 500, Aver_Loss: 248.7699
[early-stopping] Epoch 108: no improvement (1/20)
Epoch 109/200, Batch 100, Aver_Loss: 241.6819
Epoch 109/200, Batch 200, Aver_Loss: 237.1689
Epoch 109/200, Batch 300, Aver_Loss: 245.4521
Epoch 109/200, Batch 400, Aver_Loss: 247.8774
Epoch 109/200, Batch 500, Aver_Loss: 246.3279
[early-stopping] Epoch 109: no improvement (2/20)
Epoch 110/200, Batch 100, Aver_Loss: 258.0687
Epoch 110/200, Batch 200, Aver_Loss: 241.2725
Epoch 110/200, Batch 300, Aver_Loss: 244.0024
Epoch 110/200, Batch 400, Aver_Loss: 241.6528
Epoch 110/200, Batch 500, Aver_Loss: 232.5888
[early-stopping] Epoch 110: new best val ELBO = -243.538826
Epoch 111/200, Batch 100, Aver_Loss: 239.1367
Epoch 111/200, Batch 200, Aver_Loss: 256.9511
Epoch 111/200, Batch 300, Aver_Loss: 240.9217
Epoch 111/200, Batch 400, Aver_Loss: 248.7361
Epoch 111/200, Batch 500, Aver_Loss: 240.0504
[early-stopping] Epoch 111: no improvement (1/20)
Epoch 112/200, Batch 100, Aver_Loss: 245.2229
Epoch 112/200, Batch 200, Aver_Loss: 238.4245
Epoch 112/200, Batch 300, Aver_Loss: 264.4388
Epoch 112/200, Batch 400, Aver_Loss: 243.7142
Epoch 112/200, Batch 500, Aver_Loss: 236.8826
[early-stopping] Epoch 112: no improvement (2/20)
Epoch 113/200, Batch 100, Aver_Loss: 255.3515
Epoch 113/200, Batch 200, Aver_Loss: 242.2937
Epoch 113/200, Batch 300, Aver_Loss: 229.2965
Epoch 113/200, Batch 400, Aver_Loss: 247.0857
Epoch 113/200, Batch 500, Aver_Loss: 256.8112
[early-stopping] Epoch 113: no improvement (3/20)
Epoch 114/200, Batch 100, Aver_Loss: 237.3848
Epoch 114/200, Batch 200, Aver_Loss: 240.1790
Epoch 114/200, Batch 300, Aver_Loss: 230.9656
Epoch 114/200, Batch 400, Aver_Loss: 239.3160
Epoch 114/200, Batch 500, Aver_Loss: 243.8103
[early-stopping] Epoch 114: no improvement (4/20)
Epoch 115/200, Batch 100, Aver_Loss: 246.4884
Epoch 115/200, Batch 200, Aver_Loss: 233.4715
Epoch 115/200, Batch 300, Aver_Loss: 254.6981
Epoch 115/200, Batch 400, Aver_Loss: 245.2474
Epoch 115/200, Batch 500, Aver_Loss: 227.4827
[early-stopping] Epoch 115: new best val ELBO = -243.491992
Epoch 116/200, Batch 100, Aver_Loss: 241.0032
Epoch 116/200, Batch 200, Aver_Loss: 242.3949
Epoch 116/200, Batch 300, Aver_Loss: 237.1022
Epoch 116/200, Batch 400, Aver_Loss: 248.6691
Epoch 116/200, Batch 500, Aver_Loss: 241.5390
[early-stopping] Epoch 116: no improvement (1/20)
Epoch 117/200, Batch 100, Aver_Loss: 260.5683
Epoch 117/200, Batch 200, Aver_Loss: 245.2009
Epoch 117/200, Batch 300, Aver_Loss: 237.3268
Epoch 117/200, Batch 400, Aver_Loss: 248.0751
Epoch 117/200, Batch 500, Aver_Loss: 235.6132
[early-stopping] Epoch 117: no improvement (2/20)
Epoch 118/200, Batch 100, Aver_Loss: 236.8263
Epoch 118/200, Batch 200, Aver_Loss: 234.3882
Epoch 118/200, Batch 300, Aver_Loss: 230.9207
Epoch 118/200, Batch 400, Aver_Loss: 251.2211
Epoch 118/200, Batch 500, Aver_Loss: 237.6746
[early-stopping] Epoch 118: no improvement (3/20)
Epoch 119/200, Batch 100, Aver_Loss: 248.6473
Epoch 119/200, Batch 200, Aver_Loss: 239.6044
Epoch 119/200, Batch 300, Aver_Loss: 238.4190
Epoch 119/200, Batch 400, Aver_Loss: 252.8493
Epoch 119/200, Batch 500, Aver_Loss: 247.6113
[early-stopping] Epoch 119: no improvement (4/20)
Epoch 120/200, Batch 100, Aver_Loss: 263.7811
Epoch 120/200, Batch 200, Aver_Loss: 245.7442
Epoch 120/200, Batch 300, Aver_Loss: 239.2911
Epoch 120/200, Batch 400, Aver_Loss: 254.6113
Epoch 120/200, Batch 500, Aver_Loss: 236.8519
[early-stopping] Epoch 120: no improvement (5/20)
Epoch 121/200, Batch 100, Aver_Loss: 258.2367
Epoch 121/200, Batch 200, Aver_Loss: 247.5194
Epoch 121/200, Batch 300, Aver_Loss: 246.1417
Epoch 121/200, Batch 400, Aver_Loss: 232.8775
Epoch 121/200, Batch 500, Aver_Loss: 249.5843
[early-stopping] Epoch 121: new best val ELBO = -243.442188
Epoch 122/200, Batch 100, Aver_Loss: 244.6891
Epoch 122/200, Batch 200, Aver_Loss: 243.2942
Epoch 122/200, Batch 300, Aver_Loss: 241.0853
Epoch 122/200, Batch 400, Aver_Loss: 234.9537
Epoch 122/200, Batch 500, Aver_Loss: 237.0818
[early-stopping] Epoch 122: no improvement (1/20)
Epoch 123/200, Batch 100, Aver_Loss: 234.8646
Epoch 123/200, Batch 200, Aver_Loss: 238.0673
Epoch 123/200, Batch 300, Aver_Loss: 232.8637
Epoch 123/200, Batch 400, Aver_Loss: 248.1859
Epoch 123/200, Batch 500, Aver_Loss: 245.1468
[early-stopping] Epoch 123: no improvement (2/20)
Epoch 124/200, Batch 100, Aver_Loss: 248.0292
Epoch 124/200, Batch 200, Aver_Loss: 251.0821
Epoch 124/200, Batch 300, Aver_Loss: 244.1903
Epoch 124/200, Batch 400, Aver_Loss: 244.4376
Epoch 124/200, Batch 500, Aver_Loss: 237.9493
[early-stopping] Epoch 124: no improvement (3/20)
Epoch 125/200, Batch 100, Aver_Loss: 253.5508
Epoch 125/200, Batch 200, Aver_Loss: 233.8728
Epoch 125/200, Batch 300, Aver_Loss: 245.1558
Epoch 125/200, Batch 400, Aver_Loss: 236.6117
Epoch 125/200, Batch 500, Aver_Loss: 249.2878
[early-stopping] Epoch 125: no improvement (4/20)
Epoch 126/200, Batch 100, Aver_Loss: 230.6426
Epoch 126/200, Batch 200, Aver_Loss: 234.8157
Epoch 126/200, Batch 300, Aver_Loss: 241.9181
Epoch 126/200, Batch 400, Aver_Loss: 236.6556
Epoch 126/200, Batch 500, Aver_Loss: 237.0190
[early-stopping] Epoch 126: no improvement (5/20)
Epoch 127/200, Batch 100, Aver_Loss: 239.9948
Epoch 127/200, Batch 200, Aver_Loss: 245.3382
Epoch 127/200, Batch 300, Aver_Loss: 257.0429
Epoch 127/200, Batch 400, Aver_Loss: 256.2139
Epoch 127/200, Batch 500, Aver_Loss: 233.7200
[early-stopping] Epoch 127: no improvement (6/20)
Epoch 128/200, Batch 100, Aver_Loss: 242.5116
Epoch 128/200, Batch 200, Aver_Loss: 230.1190
Epoch 128/200, Batch 300, Aver_Loss: 236.7879
Epoch 128/200, Batch 400, Aver_Loss: 239.2855
Epoch 128/200, Batch 500, Aver_Loss: 234.9324
[early-stopping] Epoch 128: no improvement (7/20)
Epoch 129/200, Batch 100, Aver_Loss: 245.4577
Epoch 129/200, Batch 200, Aver_Loss: 245.9642
Epoch 129/200, Batch 300, Aver_Loss: 234.2800
Epoch 129/200, Batch 400, Aver_Loss: 247.5111
Epoch 129/200, Batch 500, Aver_Loss: 241.2558
[early-stopping] Epoch 129: new best val ELBO = -243.436258
Epoch 130/200, Batch 100, Aver_Loss: 246.3378
Epoch 130/200, Batch 200, Aver_Loss: 231.7008
Epoch 130/200, Batch 300, Aver_Loss: 248.2545
Epoch 130/200, Batch 400, Aver_Loss: 246.9846
Epoch 130/200, Batch 500, Aver_Loss: 238.9025
[early-stopping] Epoch 130: no improvement (1/20)
Epoch 131/200, Batch 100, Aver_Loss: 257.9915
Epoch 131/200, Batch 200, Aver_Loss: 244.4114
Epoch 131/200, Batch 300, Aver_Loss: 244.1257
Epoch 131/200, Batch 400, Aver_Loss: 246.4755
Epoch 131/200, Batch 500, Aver_Loss: 253.4874
[early-stopping] Epoch 131: no improvement (2/20)
Epoch 132/200, Batch 100, Aver_Loss: 249.8913
Epoch 132/200, Batch 200, Aver_Loss: 234.1123
Epoch 132/200, Batch 300, Aver_Loss: 246.1729
Epoch 132/200, Batch 400, Aver_Loss: 233.6709
Epoch 132/200, Batch 500, Aver_Loss: 247.8833
[early-stopping] Epoch 132: no improvement (3/20)
Epoch 133/200, Batch 100, Aver_Loss: 249.0249
Epoch 133/200, Batch 200, Aver_Loss: 249.1969
Epoch 133/200, Batch 300, Aver_Loss: 240.0674
Epoch 133/200, Batch 400, Aver_Loss: 266.9611
Epoch 133/200, Batch 500, Aver_Loss: 253.2262
[early-stopping] Epoch 133: no improvement (4/20)
Epoch 134/200, Batch 100, Aver_Loss: 231.9570
Epoch 134/200, Batch 200, Aver_Loss: 233.2664
Epoch 134/200, Batch 300, Aver_Loss: 244.8022
Epoch 134/200, Batch 400, Aver_Loss: 243.7466
Epoch 134/200, Batch 500, Aver_Loss: 228.9290
[early-stopping] Epoch 134: no improvement (5/20)
Epoch 135/200, Batch 100, Aver_Loss: 231.6711
Epoch 135/200, Batch 200, Aver_Loss: 235.1610
Epoch 135/200, Batch 300, Aver_Loss: 235.2827
Epoch 135/200, Batch 400, Aver_Loss: 251.9013
Epoch 135/200, Batch 500, Aver_Loss: 236.0484
[early-stopping] Epoch 135: no improvement (6/20)
Epoch 136/200, Batch 100, Aver_Loss: 239.4328
Epoch 136/200, Batch 200, Aver_Loss: 247.6080
Epoch 136/200, Batch 300, Aver_Loss: 248.4694
Epoch 136/200, Batch 400, Aver_Loss: 238.3665
Epoch 136/200, Batch 500, Aver_Loss: 252.5524
[early-stopping] Epoch 136: no improvement (7/20)
Epoch 137/200, Batch 100, Aver_Loss: 249.2163
Epoch 137/200, Batch 200, Aver_Loss: 243.0646
Epoch 137/200, Batch 300, Aver_Loss: 249.5642
Epoch 137/200, Batch 400, Aver_Loss: 249.8261
Epoch 137/200, Batch 500, Aver_Loss: 245.0096
[early-stopping] Epoch 137: new best val ELBO = -243.402011
Epoch 138/200, Batch 100, Aver_Loss: 238.6375
Epoch 138/200, Batch 200, Aver_Loss: 243.3463
Epoch 138/200, Batch 300, Aver_Loss: 249.5048
Epoch 138/200, Batch 400, Aver_Loss: 229.3336
Epoch 138/200, Batch 500, Aver_Loss: 253.5969
[early-stopping] Epoch 138: no improvement (1/20)
Epoch 139/200, Batch 100, Aver_Loss: 245.4397
Epoch 139/200, Batch 200, Aver_Loss: 244.3324
Epoch 139/200, Batch 300, Aver_Loss: 239.6817
Epoch 139/200, Batch 400, Aver_Loss: 247.0864
Epoch 139/200, Batch 500, Aver_Loss: 241.8811
[early-stopping] Epoch 139: no improvement (2/20)
Epoch 140/200, Batch 100, Aver_Loss: 249.3009
Epoch 140/200, Batch 200, Aver_Loss: 248.6204
Epoch 140/200, Batch 300, Aver_Loss: 240.4944
Epoch 140/200, Batch 400, Aver_Loss: 245.7529
Epoch 140/200, Batch 500, Aver_Loss: 245.4083
[early-stopping] Epoch 140: new best val ELBO = -243.399282
Epoch 141/200, Batch 100, Aver_Loss: 253.7247
Epoch 141/200, Batch 200, Aver_Loss: 238.6595
Epoch 141/200, Batch 300, Aver_Loss: 245.7043
Epoch 141/200, Batch 400, Aver_Loss: 243.2746
Epoch 141/200, Batch 500, Aver_Loss: 235.6334
[early-stopping] Epoch 141: no improvement (1/20)
Epoch 142/200, Batch 100, Aver_Loss: 241.8096
Epoch 142/200, Batch 200, Aver_Loss: 241.4826
Epoch 142/200, Batch 300, Aver_Loss: 233.4102
Epoch 142/200, Batch 400, Aver_Loss: 252.3605
Epoch 142/200, Batch 500, Aver_Loss: 238.1239
[early-stopping] Epoch 142: no improvement (2/20)
Epoch 143/200, Batch 100, Aver_Loss: 241.2749
Epoch 143/200, Batch 200, Aver_Loss: 244.0370
Epoch 143/200, Batch 300, Aver_Loss: 238.1913
Epoch 143/200, Batch 400, Aver_Loss: 241.4614
Epoch 143/200, Batch 500, Aver_Loss: 238.8395
[early-stopping] Epoch 143: no improvement (3/20)
Epoch 144/200, Batch 100, Aver_Loss: 233.8368
Epoch 144/200, Batch 200, Aver_Loss: 246.6769
Epoch 144/200, Batch 300, Aver_Loss: 245.8691
Epoch 144/200, Batch 400, Aver_Loss: 243.9817
Epoch 144/200, Batch 500, Aver_Loss: 239.1486
[early-stopping] Epoch 144: no improvement (4/20)
Epoch 145/200, Batch 100, Aver_Loss: 228.1832
Epoch 145/200, Batch 200, Aver_Loss: 239.1227
Epoch 145/200, Batch 300, Aver_Loss: 237.5743
Epoch 145/200, Batch 400, Aver_Loss: 236.0920
Epoch 145/200, Batch 500, Aver_Loss: 239.1421
[early-stopping] Epoch 145: no improvement (5/20)
Epoch 146/200, Batch 100, Aver_Loss: 236.0043
Epoch 146/200, Batch 200, Aver_Loss: 241.6128
Epoch 146/200, Batch 300, Aver_Loss: 239.9171
Epoch 146/200, Batch 400, Aver_Loss: 234.5582
Epoch 146/200, Batch 500, Aver_Loss: 253.9059
[early-stopping] Epoch 146: new best val ELBO = -243.383000
Epoch 147/200, Batch 100, Aver_Loss: 247.1378
Epoch 147/200, Batch 200, Aver_Loss: 243.3783
Epoch 147/200, Batch 300, Aver_Loss: 242.6444
Epoch 147/200, Batch 400, Aver_Loss: 242.6462
Epoch 147/200, Batch 500, Aver_Loss: 249.0751
[early-stopping] Epoch 147: no improvement (1/20)
Epoch 148/200, Batch 100, Aver_Loss: 238.4093
Epoch 148/200, Batch 200, Aver_Loss: 236.2418
Epoch 148/200, Batch 300, Aver_Loss: 231.1529
Epoch 148/200, Batch 400, Aver_Loss: 244.3694
Epoch 148/200, Batch 500, Aver_Loss: 247.4912
[early-stopping] Epoch 148: no improvement (2/20)
Epoch 149/200, Batch 100, Aver_Loss: 230.0037
Epoch 149/200, Batch 200, Aver_Loss: 251.3341
Epoch 149/200, Batch 300, Aver_Loss: 239.2808
Epoch 149/200, Batch 400, Aver_Loss: 234.8908
Epoch 149/200, Batch 500, Aver_Loss: 242.3060
[early-stopping] Epoch 149: new best val ELBO = -243.268970
Epoch 150/200, Batch 100, Aver_Loss: 243.5984
Epoch 150/200, Batch 200, Aver_Loss: 241.0247
Epoch 150/200, Batch 300, Aver_Loss: 232.1677
Epoch 150/200, Batch 400, Aver_Loss: 237.9381
Epoch 150/200, Batch 500, Aver_Loss: 253.6178
[early-stopping] Epoch 150: no improvement (1/20)
Epoch 151/200, Batch 100, Aver_Loss: 224.6370
Epoch 151/200, Batch 200, Aver_Loss: 241.7041
Epoch 151/200, Batch 300, Aver_Loss: 250.1818
Epoch 151/200, Batch 400, Aver_Loss: 253.7553
Epoch 151/200, Batch 500, Aver_Loss: 258.7866
[early-stopping] Epoch 151: no improvement (2/20)
Epoch 152/200, Batch 100, Aver_Loss: 254.3516
Epoch 152/200, Batch 200, Aver_Loss: 238.0778
Epoch 152/200, Batch 300, Aver_Loss: 246.4340
Epoch 152/200, Batch 400, Aver_Loss: 223.2988
Epoch 152/200, Batch 500, Aver_Loss: 234.0337
[early-stopping] Epoch 152: no improvement (3/20)
Epoch 153/200, Batch 100, Aver_Loss: 252.1095
Epoch 153/200, Batch 200, Aver_Loss: 239.4987
Epoch 153/200, Batch 300, Aver_Loss: 234.7876
Epoch 153/200, Batch 400, Aver_Loss: 246.1729
Epoch 153/200, Batch 500, Aver_Loss: 244.2269
[early-stopping] Epoch 153: no improvement (4/20)
Epoch 154/200, Batch 100, Aver_Loss: 241.9011
Epoch 154/200, Batch 200, Aver_Loss: 250.1272
Epoch 154/200, Batch 300, Aver_Loss: 253.1832
Epoch 154/200, Batch 400, Aver_Loss: 248.2931
Epoch 154/200, Batch 500, Aver_Loss: 238.6869
[early-stopping] Epoch 154: no improvement (5/20)
Epoch 155/200, Batch 100, Aver_Loss: 231.2790
Epoch 155/200, Batch 200, Aver_Loss: 239.5345
Epoch 155/200, Batch 300, Aver_Loss: 258.0835
Epoch 155/200, Batch 400, Aver_Loss: 236.1749
Epoch 155/200, Batch 500, Aver_Loss: 243.7260
[early-stopping] Epoch 155: no improvement (6/20)
Epoch 156/200, Batch 100, Aver_Loss: 244.9091
Epoch 156/200, Batch 200, Aver_Loss: 231.7332
Epoch 156/200, Batch 300, Aver_Loss: 250.2426
Epoch 156/200, Batch 400, Aver_Loss: 233.0982
Epoch 156/200, Batch 500, Aver_Loss: 229.4753
[early-stopping] Epoch 156: no improvement (7/20)
Epoch 157/200, Batch 100, Aver_Loss: 241.5668
Epoch 157/200, Batch 200, Aver_Loss: 238.7099
Epoch 157/200, Batch 300, Aver_Loss: 245.8299
Epoch 157/200, Batch 400, Aver_Loss: 264.3481
Epoch 157/200, Batch 500, Aver_Loss: 242.1667
[early-stopping] Epoch 157: no improvement (8/20)
Epoch 158/200, Batch 100, Aver_Loss: 237.1438
Epoch 158/200, Batch 200, Aver_Loss: 246.9031
Epoch 158/200, Batch 300, Aver_Loss: 231.6897
Epoch 158/200, Batch 400, Aver_Loss: 236.9444
Epoch 158/200, Batch 500, Aver_Loss: 236.5396
[early-stopping] Epoch 158: no improvement (9/20)
Epoch 159/200, Batch 100, Aver_Loss: 253.3471
Epoch 159/200, Batch 200, Aver_Loss: 245.7547
Epoch 159/200, Batch 300, Aver_Loss: 237.5564
Epoch 159/200, Batch 400, Aver_Loss: 235.7931
Epoch 159/200, Batch 500, Aver_Loss: 236.7643
[early-stopping] Epoch 159: no improvement (10/20)
Epoch 160/200, Batch 100, Aver_Loss: 248.7829
Epoch 160/200, Batch 200, Aver_Loss: 247.3526
Epoch 160/200, Batch 300, Aver_Loss: 233.5139
Epoch 160/200, Batch 400, Aver_Loss: 232.8421
Epoch 160/200, Batch 500, Aver_Loss: 259.0826
[early-stopping] Epoch 160: no improvement (11/20)
Epoch 161/200, Batch 100, Aver_Loss: 247.5577
Epoch 161/200, Batch 200, Aver_Loss: 256.4922
Epoch 161/200, Batch 300, Aver_Loss: 238.9018
Epoch 161/200, Batch 400, Aver_Loss: 247.4671
Epoch 161/200, Batch 500, Aver_Loss: 246.6333
[early-stopping] Epoch 161: no improvement (12/20)
Epoch 162/200, Batch 100, Aver_Loss: 239.6493
Epoch 162/200, Batch 200, Aver_Loss: 239.0896
Epoch 162/200, Batch 300, Aver_Loss: 253.8231
Epoch 162/200, Batch 400, Aver_Loss: 239.8046
Epoch 162/200, Batch 500, Aver_Loss: 247.2537
[early-stopping] Epoch 162: no improvement (13/20)
Epoch 163/200, Batch 100, Aver_Loss: 255.6408
Epoch 163/200, Batch 200, Aver_Loss: 247.7126
Epoch 163/200, Batch 300, Aver_Loss: 255.0085
Epoch 163/200, Batch 400, Aver_Loss: 248.2417
Epoch 163/200, Batch 500, Aver_Loss: 237.5102
[early-stopping] Epoch 163: no improvement (14/20)
Epoch 164/200, Batch 100, Aver_Loss: 237.7339
Epoch 164/200, Batch 200, Aver_Loss: 241.7372
Epoch 164/200, Batch 300, Aver_Loss: 244.8765
Epoch 164/200, Batch 400, Aver_Loss: 244.4852
Epoch 164/200, Batch 500, Aver_Loss: 242.9788
[early-stopping] Epoch 164: no improvement (15/20)
Epoch 165/200, Batch 100, Aver_Loss: 234.9709
Epoch 165/200, Batch 200, Aver_Loss: 228.8385
Epoch 165/200, Batch 300, Aver_Loss: 236.0680
Epoch 165/200, Batch 400, Aver_Loss: 247.2064
Epoch 165/200, Batch 500, Aver_Loss: 236.3376
[early-stopping] Epoch 165: no improvement (16/20)
Epoch 166/200, Batch 100, Aver_Loss: 239.5004
Epoch 166/200, Batch 200, Aver_Loss: 254.1090
Epoch 166/200, Batch 300, Aver_Loss: 241.0437
Epoch 166/200, Batch 400, Aver_Loss: 244.3550
Epoch 166/200, Batch 500, Aver_Loss: 247.7850
[early-stopping] Epoch 166: no improvement (17/20)
Epoch 167/200, Batch 100, Aver_Loss: 243.8489
Epoch 167/200, Batch 200, Aver_Loss: 238.4868
Epoch 167/200, Batch 300, Aver_Loss: 238.4593
Epoch 167/200, Batch 400, Aver_Loss: 245.5049
Epoch 167/200, Batch 500, Aver_Loss: 254.6321
[early-stopping] Epoch 167: no improvement (18/20)
Epoch 168/200, Batch 100, Aver_Loss: 238.7718
Epoch 168/200, Batch 200, Aver_Loss: 240.2024
Epoch 168/200, Batch 300, Aver_Loss: 248.4220
Epoch 168/200, Batch 400, Aver_Loss: 238.2639
Epoch 168/200, Batch 500, Aver_Loss: 229.5694
[early-stopping] Epoch 168: no improvement (19/20)
Epoch 169/200, Batch 100, Aver_Loss: 233.6842
Epoch 169/200, Batch 200, Aver_Loss: 248.6448
Epoch 169/200, Batch 300, Aver_Loss: 245.4181
Epoch 169/200, Batch 400, Aver_Loss: 228.4919
Epoch 169/200, Batch 500, Aver_Loss: 248.2755
[early-stopping] Epoch 169: no improvement (20/20)
[early-stopping] Patience reached. Stopping at epoch 169. Best epoch: 149, best val ELBO: -243.268970
[early-stopping] Loaded best model from epoch 149 (val ELBO = -243.268970)
[checkpoint] Saved best model to: trained_parameters/fashion_mnist_zdim4_MVAE.pkl
[saved curves] ./results/FASHION_MNIST/curves/fashion_mnist_mvae_d4_s777.json

==== Evaluation Summary ====
                 model: mvae
   recon/mse_per_pixel: 0.019210
            elbo/train: -241.943668
             elbo/test: -243.259948
             mse/train: 0.018587
              mse/test: 0.019210
             probe/acc: 0.736571
             probe/nll: 0.726336
           probe/brier: 0.364350
             probe/ece: 0.022791
           cluster/nmi: 0.557048
           cluster/ari: 0.409177
============================

