/usr/bin/which: no fi_info in (/arf/home/meyavuz/.local/bin:/arf/sw/comp/python/intelpython3/condabin:/arf/sw/comp/python/intelpython3/bin:/usr/share/Modules/bin:/usr/local/bin:/usr/bin:/usr/local/sbin:/usr/sbin)
Extension for Scikit-learn* enabled (https://github.com/uxlfoundation/scikit-learn-intelex)
/arf/home/meyavuz/.conda/envs/sbn/lib/python3.9/site-packages/sklearn/linear_model/_logistic.py:1247: FutureWarning: 'multi_class' was deprecated in version 1.5 and will be removed in 1.7. From then on, it will always use 'multinomial'. Leave it to its default value to avoid this warning.
  warnings.warn(
Epoch 1/200, Batch 100, Aver_Loss: 300.3587
Epoch 1/200, Batch 200, Aver_Loss: 294.1160
Epoch 1/200, Batch 300, Aver_Loss: 289.1122
Epoch 1/200, Batch 400, Aver_Loss: 292.8918
Epoch 1/200, Batch 500, Aver_Loss: 288.5318
[early-stopping] Epoch 1: new best val ELBO = -281.428049
Epoch 2/200, Batch 100, Aver_Loss: 288.8210
Epoch 2/200, Batch 200, Aver_Loss: 276.5795
Epoch 2/200, Batch 300, Aver_Loss: 286.4336
Epoch 2/200, Batch 400, Aver_Loss: 276.0417
Epoch 2/200, Batch 500, Aver_Loss: 271.3322
[early-stopping] Epoch 2: new best val ELBO = -275.128445
Epoch 3/200, Batch 100, Aver_Loss: 256.4385
Epoch 3/200, Batch 200, Aver_Loss: 277.9187
Epoch 3/200, Batch 300, Aver_Loss: 276.7275
Epoch 3/200, Batch 400, Aver_Loss: 263.1062
Epoch 3/200, Batch 500, Aver_Loss: 261.8287
[early-stopping] Epoch 3: new best val ELBO = -274.240729
Epoch 4/200, Batch 100, Aver_Loss: 268.7003
Epoch 4/200, Batch 200, Aver_Loss: 283.5291
Epoch 4/200, Batch 300, Aver_Loss: 270.0066
Epoch 4/200, Batch 400, Aver_Loss: 265.2337
Epoch 4/200, Batch 500, Aver_Loss: 263.7978
[early-stopping] Epoch 4: new best val ELBO = -271.036863
Epoch 5/200, Batch 100, Aver_Loss: 280.2918
Epoch 5/200, Batch 200, Aver_Loss: 257.2457
Epoch 5/200, Batch 300, Aver_Loss: 267.1486
Epoch 5/200, Batch 400, Aver_Loss: 257.5270
Epoch 5/200, Batch 500, Aver_Loss: 262.3557
[early-stopping] Epoch 5: new best val ELBO = -268.557190
Epoch 6/200, Batch 100, Aver_Loss: 258.6927
Epoch 6/200, Batch 200, Aver_Loss: 270.4284
Epoch 6/200, Batch 300, Aver_Loss: 259.4911
Epoch 6/200, Batch 400, Aver_Loss: 281.6143
Epoch 6/200, Batch 500, Aver_Loss: 268.0239
[early-stopping] Epoch 6: new best val ELBO = -267.250778
Epoch 7/200, Batch 100, Aver_Loss: 261.3129
Epoch 7/200, Batch 200, Aver_Loss: 276.3917
Epoch 7/200, Batch 300, Aver_Loss: 254.1871
Epoch 7/200, Batch 400, Aver_Loss: 262.4850
Epoch 7/200, Batch 500, Aver_Loss: 276.5418
[early-stopping] Epoch 7: new best val ELBO = -266.747048
Epoch 8/200, Batch 100, Aver_Loss: 258.2983
Epoch 8/200, Batch 200, Aver_Loss: 273.8746
Epoch 8/200, Batch 300, Aver_Loss: 248.2238
Epoch 8/200, Batch 400, Aver_Loss: 267.8294
Epoch 8/200, Batch 500, Aver_Loss: 272.5327
[early-stopping] Epoch 8: new best val ELBO = -265.944652
Epoch 9/200, Batch 100, Aver_Loss: 268.5793
Epoch 9/200, Batch 200, Aver_Loss: 252.6501
Epoch 9/200, Batch 300, Aver_Loss: 253.0765
Epoch 9/200, Batch 400, Aver_Loss: 267.6813
Epoch 9/200, Batch 500, Aver_Loss: 266.6388
[early-stopping] Epoch 9: new best val ELBO = -264.837884
Epoch 10/200, Batch 100, Aver_Loss: 283.9950
Epoch 10/200, Batch 200, Aver_Loss: 265.7234
Epoch 10/200, Batch 300, Aver_Loss: 282.8795
Epoch 10/200, Batch 400, Aver_Loss: 263.4767
Epoch 10/200, Batch 500, Aver_Loss: 251.7644
[early-stopping] Epoch 10: new best val ELBO = -264.714977
Epoch 11/200, Batch 100, Aver_Loss: 272.0817
Epoch 11/200, Batch 200, Aver_Loss: 258.6886
Epoch 11/200, Batch 300, Aver_Loss: 254.9630
Epoch 11/200, Batch 400, Aver_Loss: 260.3671
Epoch 11/200, Batch 500, Aver_Loss: 262.1780
[early-stopping] Epoch 11: new best val ELBO = -264.330096
Epoch 12/200, Batch 100, Aver_Loss: 261.9723
Epoch 12/200, Batch 200, Aver_Loss: 263.1226
Epoch 12/200, Batch 300, Aver_Loss: 265.0001
Epoch 12/200, Batch 400, Aver_Loss: 262.2546
Epoch 12/200, Batch 500, Aver_Loss: 257.7526
[early-stopping] Epoch 12: new best val ELBO = -263.505827
Epoch 13/200, Batch 100, Aver_Loss: 249.5021
Epoch 13/200, Batch 200, Aver_Loss: 260.2404
Epoch 13/200, Batch 300, Aver_Loss: 257.6740
Epoch 13/200, Batch 400, Aver_Loss: 252.8601
Epoch 13/200, Batch 500, Aver_Loss: 269.8867
[early-stopping] Epoch 13: new best val ELBO = -263.373852
Epoch 14/200, Batch 100, Aver_Loss: 250.9216
Epoch 14/200, Batch 200, Aver_Loss: 266.1073
Epoch 14/200, Batch 300, Aver_Loss: 261.5008
Epoch 14/200, Batch 400, Aver_Loss: 275.3497
Epoch 14/200, Batch 500, Aver_Loss: 273.6162
[early-stopping] Epoch 14: no improvement (1/20)
Epoch 15/200, Batch 100, Aver_Loss: 260.9598
Epoch 15/200, Batch 200, Aver_Loss: 269.3730
Epoch 15/200, Batch 300, Aver_Loss: 249.2442
Epoch 15/200, Batch 400, Aver_Loss: 264.8370
Epoch 15/200, Batch 500, Aver_Loss: 253.5878
[early-stopping] Epoch 15: new best val ELBO = -262.925768
Epoch 16/200, Batch 100, Aver_Loss: 269.1956
Epoch 16/200, Batch 200, Aver_Loss: 257.4369
Epoch 16/200, Batch 300, Aver_Loss: 251.2944
Epoch 16/200, Batch 400, Aver_Loss: 266.3476
Epoch 16/200, Batch 500, Aver_Loss: 254.3525
[early-stopping] Epoch 16: new best val ELBO = -262.771368
Epoch 17/200, Batch 100, Aver_Loss: 263.0222
Epoch 17/200, Batch 200, Aver_Loss: 255.6630
Epoch 17/200, Batch 300, Aver_Loss: 255.2349
Epoch 17/200, Batch 400, Aver_Loss: 287.4688
Epoch 17/200, Batch 500, Aver_Loss: 270.2280
[early-stopping] Epoch 17: new best val ELBO = -262.614387
Epoch 18/200, Batch 100, Aver_Loss: 259.0872
Epoch 18/200, Batch 200, Aver_Loss: 258.9222
Epoch 18/200, Batch 300, Aver_Loss: 263.9362
Epoch 18/200, Batch 400, Aver_Loss: 265.0522
Epoch 18/200, Batch 500, Aver_Loss: 272.0132
[early-stopping] Epoch 18: new best val ELBO = -262.071700
Epoch 19/200, Batch 100, Aver_Loss: 256.5267
Epoch 19/200, Batch 200, Aver_Loss: 263.3305
Epoch 19/200, Batch 300, Aver_Loss: 255.0288
Epoch 19/200, Batch 400, Aver_Loss: 272.6860
Epoch 19/200, Batch 500, Aver_Loss: 253.0476
[early-stopping] Epoch 19: new best val ELBO = -261.892328
Epoch 20/200, Batch 100, Aver_Loss: 253.0774
Epoch 20/200, Batch 200, Aver_Loss: 248.5622
Epoch 20/200, Batch 300, Aver_Loss: 248.3750
Epoch 20/200, Batch 400, Aver_Loss: 259.8020
Epoch 20/200, Batch 500, Aver_Loss: 256.0893
[early-stopping] Epoch 20: new best val ELBO = -261.583154
Epoch 21/200, Batch 100, Aver_Loss: 245.4441
Epoch 21/200, Batch 200, Aver_Loss: 262.3108
Epoch 21/200, Batch 300, Aver_Loss: 270.7504
Epoch 21/200, Batch 400, Aver_Loss: 254.8621
Epoch 21/200, Batch 500, Aver_Loss: 252.8298
[early-stopping] Epoch 21: no improvement (1/20)
Epoch 22/200, Batch 100, Aver_Loss: 276.7473
Epoch 22/200, Batch 200, Aver_Loss: 272.5219
Epoch 22/200, Batch 300, Aver_Loss: 260.5935
Epoch 22/200, Batch 400, Aver_Loss: 271.2967
Epoch 22/200, Batch 500, Aver_Loss: 253.1282
[early-stopping] Epoch 22: no improvement (2/20)
Epoch 23/200, Batch 100, Aver_Loss: 259.5303
Epoch 23/200, Batch 200, Aver_Loss: 261.5933
Epoch 23/200, Batch 300, Aver_Loss: 259.3075
Epoch 23/200, Batch 400, Aver_Loss: 268.2155
Epoch 23/200, Batch 500, Aver_Loss: 254.5988
[early-stopping] Epoch 23: new best val ELBO = -261.261421
Epoch 24/200, Batch 100, Aver_Loss: 257.5201
Epoch 24/200, Batch 200, Aver_Loss: 259.7285
Epoch 24/200, Batch 300, Aver_Loss: 257.9687
Epoch 24/200, Batch 400, Aver_Loss: 277.3198
Epoch 24/200, Batch 500, Aver_Loss: 255.5467
[early-stopping] Epoch 24: no improvement (1/20)
Epoch 25/200, Batch 100, Aver_Loss: 261.1631
Epoch 25/200, Batch 200, Aver_Loss: 254.7804
Epoch 25/200, Batch 300, Aver_Loss: 259.4299
Epoch 25/200, Batch 400, Aver_Loss: 263.5164
Epoch 25/200, Batch 500, Aver_Loss: 254.7889
[early-stopping] Epoch 25: new best val ELBO = -261.192096
Epoch 26/200, Batch 100, Aver_Loss: 259.5695
Epoch 26/200, Batch 200, Aver_Loss: 265.6088
Epoch 26/200, Batch 300, Aver_Loss: 250.7031
Epoch 26/200, Batch 400, Aver_Loss: 265.3488
Epoch 26/200, Batch 500, Aver_Loss: 265.4153
[early-stopping] Epoch 26: new best val ELBO = -260.967199
Epoch 27/200, Batch 100, Aver_Loss: 260.8642
Epoch 27/200, Batch 200, Aver_Loss: 255.2407
Epoch 27/200, Batch 300, Aver_Loss: 254.4128
Epoch 27/200, Batch 400, Aver_Loss: 267.7674
Epoch 27/200, Batch 500, Aver_Loss: 258.5883
[early-stopping] Epoch 27: new best val ELBO = -260.812380
Epoch 28/200, Batch 100, Aver_Loss: 240.7834
Epoch 28/200, Batch 200, Aver_Loss: 261.3001
Epoch 28/200, Batch 300, Aver_Loss: 260.3276
Epoch 28/200, Batch 400, Aver_Loss: 258.7395
Epoch 28/200, Batch 500, Aver_Loss: 254.1350
[early-stopping] Epoch 28: new best val ELBO = -260.798390
Epoch 29/200, Batch 100, Aver_Loss: 269.9653
Epoch 29/200, Batch 200, Aver_Loss: 270.8579
Epoch 29/200, Batch 300, Aver_Loss: 252.1764
Epoch 29/200, Batch 400, Aver_Loss: 264.4019
Epoch 29/200, Batch 500, Aver_Loss: 267.7222
[early-stopping] Epoch 29: no improvement (1/20)
Epoch 30/200, Batch 100, Aver_Loss: 262.7271
Epoch 30/200, Batch 200, Aver_Loss: 259.3960
Epoch 30/200, Batch 300, Aver_Loss: 259.9053
Epoch 30/200, Batch 400, Aver_Loss: 255.7288
Epoch 30/200, Batch 500, Aver_Loss: 253.0608
[early-stopping] Epoch 30: no improvement (2/20)
Epoch 31/200, Batch 100, Aver_Loss: 260.9033
Epoch 31/200, Batch 200, Aver_Loss: 251.1734
Epoch 31/200, Batch 300, Aver_Loss: 260.9718
Epoch 31/200, Batch 400, Aver_Loss: 246.9951
Epoch 31/200, Batch 500, Aver_Loss: 259.9330
[early-stopping] Epoch 31: new best val ELBO = -260.630227
Epoch 32/200, Batch 100, Aver_Loss: 258.0725
Epoch 32/200, Batch 200, Aver_Loss: 265.2338
Epoch 32/200, Batch 300, Aver_Loss: 263.8587
Epoch 32/200, Batch 400, Aver_Loss: 262.6344
Epoch 32/200, Batch 500, Aver_Loss: 273.3165
[early-stopping] Epoch 32: no improvement (1/20)
Epoch 33/200, Batch 100, Aver_Loss: 249.0822
Epoch 33/200, Batch 200, Aver_Loss: 251.0677
Epoch 33/200, Batch 300, Aver_Loss: 264.4216
Epoch 33/200, Batch 400, Aver_Loss: 270.1982
Epoch 33/200, Batch 500, Aver_Loss: 257.1271
[early-stopping] Epoch 33: new best val ELBO = -260.578866
Epoch 34/200, Batch 100, Aver_Loss: 273.1784
Epoch 34/200, Batch 200, Aver_Loss: 263.8371
Epoch 34/200, Batch 300, Aver_Loss: 281.0693
Epoch 34/200, Batch 400, Aver_Loss: 267.3865
Epoch 34/200, Batch 500, Aver_Loss: 258.3327
[early-stopping] Epoch 34: no improvement (1/20)
Epoch 35/200, Batch 100, Aver_Loss: 258.5508
Epoch 35/200, Batch 200, Aver_Loss: 256.4810
Epoch 35/200, Batch 300, Aver_Loss: 261.4668
Epoch 35/200, Batch 400, Aver_Loss: 255.4686
Epoch 35/200, Batch 500, Aver_Loss: 255.5601
[early-stopping] Epoch 35: new best val ELBO = -260.190170
Epoch 36/200, Batch 100, Aver_Loss: 245.1165
Epoch 36/200, Batch 200, Aver_Loss: 267.0997
Epoch 36/200, Batch 300, Aver_Loss: 266.0118
Epoch 36/200, Batch 400, Aver_Loss: 251.3301
Epoch 36/200, Batch 500, Aver_Loss: 248.1447
[early-stopping] Epoch 36: new best val ELBO = -260.161918
Epoch 37/200, Batch 100, Aver_Loss: 263.7005
Epoch 37/200, Batch 200, Aver_Loss: 260.9043
Epoch 37/200, Batch 300, Aver_Loss: 263.9206
Epoch 37/200, Batch 400, Aver_Loss: 254.1507
Epoch 37/200, Batch 500, Aver_Loss: 254.3999
[early-stopping] Epoch 37: no improvement (1/20)
Epoch 38/200, Batch 100, Aver_Loss: 250.9101
Epoch 38/200, Batch 200, Aver_Loss: 255.0314
Epoch 38/200, Batch 300, Aver_Loss: 261.2866
Epoch 38/200, Batch 400, Aver_Loss: 261.2673
Epoch 38/200, Batch 500, Aver_Loss: 250.1479
[early-stopping] Epoch 38: new best val ELBO = -260.094130
Epoch 39/200, Batch 100, Aver_Loss: 258.2591
Epoch 39/200, Batch 200, Aver_Loss: 259.5201
Epoch 39/200, Batch 300, Aver_Loss: 262.9421
Epoch 39/200, Batch 400, Aver_Loss: 267.4264
Epoch 39/200, Batch 500, Aver_Loss: 261.3017
[early-stopping] Epoch 39: new best val ELBO = -259.993519
Epoch 40/200, Batch 100, Aver_Loss: 260.3787
Epoch 40/200, Batch 200, Aver_Loss: 252.4660
Epoch 40/200, Batch 300, Aver_Loss: 261.1138
Epoch 40/200, Batch 400, Aver_Loss: 253.2919
Epoch 40/200, Batch 500, Aver_Loss: 260.2712
[early-stopping] Epoch 40: new best val ELBO = -259.807789
Epoch 41/200, Batch 100, Aver_Loss: 254.5212
Epoch 41/200, Batch 200, Aver_Loss: 245.6243
Epoch 41/200, Batch 300, Aver_Loss: 255.6517
Epoch 41/200, Batch 400, Aver_Loss: 257.1447
Epoch 41/200, Batch 500, Aver_Loss: 266.3765
[early-stopping] Epoch 41: no improvement (1/20)
Epoch 42/200, Batch 100, Aver_Loss: 247.9860
Epoch 42/200, Batch 200, Aver_Loss: 261.1832
Epoch 42/200, Batch 300, Aver_Loss: 263.5515
Epoch 42/200, Batch 400, Aver_Loss: 254.1488
Epoch 42/200, Batch 500, Aver_Loss: 258.6556
[early-stopping] Epoch 42: no improvement (2/20)
Epoch 43/200, Batch 100, Aver_Loss: 248.7303
Epoch 43/200, Batch 200, Aver_Loss: 266.9325
Epoch 43/200, Batch 300, Aver_Loss: 253.0656
Epoch 43/200, Batch 400, Aver_Loss: 253.6602
Epoch 43/200, Batch 500, Aver_Loss: 255.0246
[early-stopping] Epoch 43: no improvement (3/20)
Epoch 44/200, Batch 100, Aver_Loss: 249.7640
Epoch 44/200, Batch 200, Aver_Loss: 241.6291
Epoch 44/200, Batch 300, Aver_Loss: 258.0779
Epoch 44/200, Batch 400, Aver_Loss: 254.4148
Epoch 44/200, Batch 500, Aver_Loss: 249.0458
[early-stopping] Epoch 44: new best val ELBO = -259.791220
Epoch 45/200, Batch 100, Aver_Loss: 255.5684
Epoch 45/200, Batch 200, Aver_Loss: 267.7431
Epoch 45/200, Batch 300, Aver_Loss: 250.8524
Epoch 45/200, Batch 400, Aver_Loss: 262.5283
Epoch 45/200, Batch 500, Aver_Loss: 253.5663
[early-stopping] Epoch 45: new best val ELBO = -259.496708
Epoch 46/200, Batch 100, Aver_Loss: 247.8609
Epoch 46/200, Batch 200, Aver_Loss: 260.0065
Epoch 46/200, Batch 300, Aver_Loss: 251.4996
Epoch 46/200, Batch 400, Aver_Loss: 265.6095
Epoch 46/200, Batch 500, Aver_Loss: 258.2774
[early-stopping] Epoch 46: no improvement (1/20)
Epoch 47/200, Batch 100, Aver_Loss: 265.3852
Epoch 47/200, Batch 200, Aver_Loss: 258.9703
Epoch 47/200, Batch 300, Aver_Loss: 256.1195
Epoch 47/200, Batch 400, Aver_Loss: 249.1310
Epoch 47/200, Batch 500, Aver_Loss: 245.2922
[early-stopping] Epoch 47: no improvement (2/20)
Epoch 48/200, Batch 100, Aver_Loss: 255.0468
Epoch 48/200, Batch 200, Aver_Loss: 263.9351
Epoch 48/200, Batch 300, Aver_Loss: 267.8300
Epoch 48/200, Batch 400, Aver_Loss: 270.7742
Epoch 48/200, Batch 500, Aver_Loss: 266.0823
[early-stopping] Epoch 48: new best val ELBO = -259.439091
Epoch 49/200, Batch 100, Aver_Loss: 278.6916
Epoch 49/200, Batch 200, Aver_Loss: 263.5685
Epoch 49/200, Batch 300, Aver_Loss: 262.9000
Epoch 49/200, Batch 400, Aver_Loss: 269.2673
Epoch 49/200, Batch 500, Aver_Loss: 261.7650
[early-stopping] Epoch 49: no improvement (1/20)
Epoch 50/200, Batch 100, Aver_Loss: 248.4522
Epoch 50/200, Batch 200, Aver_Loss: 262.9254
Epoch 50/200, Batch 300, Aver_Loss: 265.2372
Epoch 50/200, Batch 400, Aver_Loss: 260.2788
Epoch 50/200, Batch 500, Aver_Loss: 263.3260
[early-stopping] Epoch 50: no improvement (2/20)
Epoch 51/200, Batch 100, Aver_Loss: 257.8333
Epoch 51/200, Batch 200, Aver_Loss: 248.7662
Epoch 51/200, Batch 300, Aver_Loss: 260.6012
Epoch 51/200, Batch 400, Aver_Loss: 260.1327
Epoch 51/200, Batch 500, Aver_Loss: 260.5746
[early-stopping] Epoch 51: no improvement (3/20)
Epoch 52/200, Batch 100, Aver_Loss: 256.2500
Epoch 52/200, Batch 200, Aver_Loss: 248.8690
Epoch 52/200, Batch 300, Aver_Loss: 250.9374
Epoch 52/200, Batch 400, Aver_Loss: 267.1999
Epoch 52/200, Batch 500, Aver_Loss: 253.8691
[early-stopping] Epoch 52: new best val ELBO = -259.313870
Epoch 53/200, Batch 100, Aver_Loss: 258.5138
Epoch 53/200, Batch 200, Aver_Loss: 262.6924
Epoch 53/200, Batch 300, Aver_Loss: 259.6429
Epoch 53/200, Batch 400, Aver_Loss: 259.4539
Epoch 53/200, Batch 500, Aver_Loss: 251.4619
[early-stopping] Epoch 53: no improvement (1/20)
Epoch 54/200, Batch 100, Aver_Loss: 271.8799
Epoch 54/200, Batch 200, Aver_Loss: 262.1921
Epoch 54/200, Batch 300, Aver_Loss: 256.7383
Epoch 54/200, Batch 400, Aver_Loss: 263.9912
Epoch 54/200, Batch 500, Aver_Loss: 263.3521
[early-stopping] Epoch 54: new best val ELBO = -259.305669
Epoch 55/200, Batch 100, Aver_Loss: 277.5652
Epoch 55/200, Batch 200, Aver_Loss: 259.3504
Epoch 55/200, Batch 300, Aver_Loss: 260.9662
Epoch 55/200, Batch 400, Aver_Loss: 253.4788
Epoch 55/200, Batch 500, Aver_Loss: 247.5499
[early-stopping] Epoch 55: no improvement (1/20)
Epoch 56/200, Batch 100, Aver_Loss: 253.3751
Epoch 56/200, Batch 200, Aver_Loss: 272.0223
Epoch 56/200, Batch 300, Aver_Loss: 255.6559
Epoch 56/200, Batch 400, Aver_Loss: 266.8245
Epoch 56/200, Batch 500, Aver_Loss: 252.6451
[early-stopping] Epoch 56: new best val ELBO = -259.271801
Epoch 57/200, Batch 100, Aver_Loss: 262.9538
Epoch 57/200, Batch 200, Aver_Loss: 259.9771
Epoch 57/200, Batch 300, Aver_Loss: 258.0415
Epoch 57/200, Batch 400, Aver_Loss: 267.4403
Epoch 57/200, Batch 500, Aver_Loss: 258.0179
[early-stopping] Epoch 57: new best val ELBO = -259.192491
Epoch 58/200, Batch 100, Aver_Loss: 248.4978
Epoch 58/200, Batch 200, Aver_Loss: 262.7017
Epoch 58/200, Batch 300, Aver_Loss: 263.0249
Epoch 58/200, Batch 400, Aver_Loss: 264.5675
Epoch 58/200, Batch 500, Aver_Loss: 254.1874
[early-stopping] Epoch 58: no improvement (1/20)
Epoch 59/200, Batch 100, Aver_Loss: 246.7320
Epoch 59/200, Batch 200, Aver_Loss: 257.1467
Epoch 59/200, Batch 300, Aver_Loss: 249.6603
Epoch 59/200, Batch 400, Aver_Loss: 255.1520
Epoch 59/200, Batch 500, Aver_Loss: 245.5180
[early-stopping] Epoch 59: no improvement (2/20)
Epoch 60/200, Batch 100, Aver_Loss: 245.9989
Epoch 60/200, Batch 200, Aver_Loss: 261.3138
Epoch 60/200, Batch 300, Aver_Loss: 254.0571
Epoch 60/200, Batch 400, Aver_Loss: 252.3717
Epoch 60/200, Batch 500, Aver_Loss: 245.9956
[early-stopping] Epoch 60: new best val ELBO = -259.057324
Epoch 61/200, Batch 100, Aver_Loss: 254.9311
Epoch 61/200, Batch 200, Aver_Loss: 266.0018
Epoch 61/200, Batch 300, Aver_Loss: 266.6859
Epoch 61/200, Batch 400, Aver_Loss: 259.2421
Epoch 61/200, Batch 500, Aver_Loss: 264.5963
[early-stopping] Epoch 61: no improvement (1/20)
Epoch 62/200, Batch 100, Aver_Loss: 263.2433
Epoch 62/200, Batch 200, Aver_Loss: 265.8638
Epoch 62/200, Batch 300, Aver_Loss: 254.5955
Epoch 62/200, Batch 400, Aver_Loss: 247.0123
Epoch 62/200, Batch 500, Aver_Loss: 261.1288
[early-stopping] Epoch 62: new best val ELBO = -258.874906
Epoch 63/200, Batch 100, Aver_Loss: 261.1494
Epoch 63/200, Batch 200, Aver_Loss: 262.2193
Epoch 63/200, Batch 300, Aver_Loss: 271.7761
Epoch 63/200, Batch 400, Aver_Loss: 254.8120
Epoch 63/200, Batch 500, Aver_Loss: 264.2755
[early-stopping] Epoch 63: no improvement (1/20)
Epoch 64/200, Batch 100, Aver_Loss: 258.1037
Epoch 64/200, Batch 200, Aver_Loss: 245.1026
Epoch 64/200, Batch 300, Aver_Loss: 269.1278
Epoch 64/200, Batch 400, Aver_Loss: 262.8849
Epoch 64/200, Batch 500, Aver_Loss: 285.2047
[early-stopping] Epoch 64: no improvement (2/20)
Epoch 65/200, Batch 100, Aver_Loss: 257.7765
Epoch 65/200, Batch 200, Aver_Loss: 259.1688
Epoch 65/200, Batch 300, Aver_Loss: 247.7534
Epoch 65/200, Batch 400, Aver_Loss: 263.8782
Epoch 65/200, Batch 500, Aver_Loss: 250.3305
[early-stopping] Epoch 65: new best val ELBO = -258.868809
Epoch 66/200, Batch 100, Aver_Loss: 277.6919
Epoch 66/200, Batch 200, Aver_Loss: 272.3036
Epoch 66/200, Batch 300, Aver_Loss: 252.3328
Epoch 66/200, Batch 400, Aver_Loss: 241.4957
Epoch 66/200, Batch 500, Aver_Loss: 258.4311
[early-stopping] Epoch 66: no improvement (1/20)
Epoch 67/200, Batch 100, Aver_Loss: 254.9536
Epoch 67/200, Batch 200, Aver_Loss: 264.2726
Epoch 67/200, Batch 300, Aver_Loss: 246.6093
Epoch 67/200, Batch 400, Aver_Loss: 266.0512
Epoch 67/200, Batch 500, Aver_Loss: 249.0588
[early-stopping] Epoch 67: new best val ELBO = -258.816569
Epoch 68/200, Batch 100, Aver_Loss: 265.3359
Epoch 68/200, Batch 200, Aver_Loss: 244.5730
Epoch 68/200, Batch 300, Aver_Loss: 258.4886
Epoch 68/200, Batch 400, Aver_Loss: 255.8839
Epoch 68/200, Batch 500, Aver_Loss: 246.8198
[early-stopping] Epoch 68: no improvement (1/20)
Epoch 69/200, Batch 100, Aver_Loss: 258.5772
Epoch 69/200, Batch 200, Aver_Loss: 259.7507
Epoch 69/200, Batch 300, Aver_Loss: 266.6058
Epoch 69/200, Batch 400, Aver_Loss: 247.7840
Epoch 69/200, Batch 500, Aver_Loss: 258.4929
[early-stopping] Epoch 69: no improvement (2/20)
Epoch 70/200, Batch 100, Aver_Loss: 244.4603
Epoch 70/200, Batch 200, Aver_Loss: 257.2355
Epoch 70/200, Batch 300, Aver_Loss: 272.7317
Epoch 70/200, Batch 400, Aver_Loss: 256.1839
Epoch 70/200, Batch 500, Aver_Loss: 263.2589
[early-stopping] Epoch 70: new best val ELBO = -258.759367
Epoch 71/200, Batch 100, Aver_Loss: 244.6251
Epoch 71/200, Batch 200, Aver_Loss: 257.7383
Epoch 71/200, Batch 300, Aver_Loss: 261.2105
Epoch 71/200, Batch 400, Aver_Loss: 262.5053
Epoch 71/200, Batch 500, Aver_Loss: 269.8847
[early-stopping] Epoch 71: no improvement (1/20)
Epoch 72/200, Batch 100, Aver_Loss: 255.1516
Epoch 72/200, Batch 200, Aver_Loss: 243.7879
Epoch 72/200, Batch 300, Aver_Loss: 255.6896
Epoch 72/200, Batch 400, Aver_Loss: 247.4881
Epoch 72/200, Batch 500, Aver_Loss: 252.9225
[early-stopping] Epoch 72: new best val ELBO = -258.695011
Epoch 73/200, Batch 100, Aver_Loss: 262.6245
Epoch 73/200, Batch 200, Aver_Loss: 235.8919
Epoch 73/200, Batch 300, Aver_Loss: 264.3552
Epoch 73/200, Batch 400, Aver_Loss: 251.2294
Epoch 73/200, Batch 500, Aver_Loss: 244.9791
[early-stopping] Epoch 73: no improvement (1/20)
Epoch 74/200, Batch 100, Aver_Loss: 263.6388
Epoch 74/200, Batch 200, Aver_Loss: 257.9163
Epoch 74/200, Batch 300, Aver_Loss: 262.6150
Epoch 74/200, Batch 400, Aver_Loss: 268.7491
Epoch 74/200, Batch 500, Aver_Loss: 259.8326
[early-stopping] Epoch 74: new best val ELBO = -258.618599
Epoch 75/200, Batch 100, Aver_Loss: 247.5959
Epoch 75/200, Batch 200, Aver_Loss: 251.8548
Epoch 75/200, Batch 300, Aver_Loss: 245.3312
Epoch 75/200, Batch 400, Aver_Loss: 260.8117
Epoch 75/200, Batch 500, Aver_Loss: 268.7027
[early-stopping] Epoch 75: no improvement (1/20)
Epoch 76/200, Batch 100, Aver_Loss: 258.4618
Epoch 76/200, Batch 200, Aver_Loss: 263.2204
Epoch 76/200, Batch 300, Aver_Loss: 257.2558
Epoch 76/200, Batch 400, Aver_Loss: 258.0348
Epoch 76/200, Batch 500, Aver_Loss: 264.1979
[early-stopping] Epoch 76: new best val ELBO = -258.558345
Epoch 77/200, Batch 100, Aver_Loss: 260.3184
Epoch 77/200, Batch 200, Aver_Loss: 272.3160
Epoch 77/200, Batch 300, Aver_Loss: 251.4163
Epoch 77/200, Batch 400, Aver_Loss: 240.4158
Epoch 77/200, Batch 500, Aver_Loss: 250.6476
[early-stopping] Epoch 77: no improvement (1/20)
Epoch 78/200, Batch 100, Aver_Loss: 270.3568
Epoch 78/200, Batch 200, Aver_Loss: 253.0301
Epoch 78/200, Batch 300, Aver_Loss: 257.6659
Epoch 78/200, Batch 400, Aver_Loss: 249.2188
Epoch 78/200, Batch 500, Aver_Loss: 265.1013
[early-stopping] Epoch 78: no improvement (2/20)
Epoch 79/200, Batch 100, Aver_Loss: 252.0523
Epoch 79/200, Batch 200, Aver_Loss: 261.7444
Epoch 79/200, Batch 300, Aver_Loss: 252.7352
Epoch 79/200, Batch 400, Aver_Loss: 262.3283
Epoch 79/200, Batch 500, Aver_Loss: 254.7223
[early-stopping] Epoch 79: no improvement (3/20)
Epoch 80/200, Batch 100, Aver_Loss: 272.8213
Epoch 80/200, Batch 200, Aver_Loss: 257.2438
Epoch 80/200, Batch 300, Aver_Loss: 260.0355
Epoch 80/200, Batch 400, Aver_Loss: 265.0237
Epoch 80/200, Batch 500, Aver_Loss: 253.9184
[early-stopping] Epoch 80: no improvement (4/20)
Epoch 81/200, Batch 100, Aver_Loss: 238.0683
Epoch 81/200, Batch 200, Aver_Loss: 260.7926
Epoch 81/200, Batch 300, Aver_Loss: 260.0016
Epoch 81/200, Batch 400, Aver_Loss: 257.4005
Epoch 81/200, Batch 500, Aver_Loss: 266.6268
[early-stopping] Epoch 81: no improvement (5/20)
Epoch 82/200, Batch 100, Aver_Loss: 260.9913
Epoch 82/200, Batch 200, Aver_Loss: 242.1913
Epoch 82/200, Batch 300, Aver_Loss: 239.1925
Epoch 82/200, Batch 400, Aver_Loss: 255.8898
Epoch 82/200, Batch 500, Aver_Loss: 257.7205
[early-stopping] Epoch 82: new best val ELBO = -258.503990
Epoch 83/200, Batch 100, Aver_Loss: 258.3723
Epoch 83/200, Batch 200, Aver_Loss: 256.7734
Epoch 83/200, Batch 300, Aver_Loss: 263.7644
Epoch 83/200, Batch 400, Aver_Loss: 247.1296
Epoch 83/200, Batch 500, Aver_Loss: 269.8783
[early-stopping] Epoch 83: no improvement (1/20)
Epoch 84/200, Batch 100, Aver_Loss: 256.5509
Epoch 84/200, Batch 200, Aver_Loss: 252.2821
Epoch 84/200, Batch 300, Aver_Loss: 275.1136
Epoch 84/200, Batch 400, Aver_Loss: 258.7293
Epoch 84/200, Batch 500, Aver_Loss: 253.0670
[early-stopping] Epoch 84: no improvement (2/20)
Epoch 85/200, Batch 100, Aver_Loss: 253.5216
Epoch 85/200, Batch 200, Aver_Loss: 256.0682
Epoch 85/200, Batch 300, Aver_Loss: 248.4605
Epoch 85/200, Batch 400, Aver_Loss: 244.9151
Epoch 85/200, Batch 500, Aver_Loss: 257.4772
[early-stopping] Epoch 85: new best val ELBO = -258.276554
Epoch 86/200, Batch 100, Aver_Loss: 247.6006
Epoch 86/200, Batch 200, Aver_Loss: 254.6440
Epoch 86/200, Batch 300, Aver_Loss: 272.4858
Epoch 86/200, Batch 400, Aver_Loss: 269.8277
Epoch 86/200, Batch 500, Aver_Loss: 267.8074
[early-stopping] Epoch 86: no improvement (1/20)
Epoch 87/200, Batch 100, Aver_Loss: 265.2417
Epoch 87/200, Batch 200, Aver_Loss: 249.2514
Epoch 87/200, Batch 300, Aver_Loss: 258.9958
Epoch 87/200, Batch 400, Aver_Loss: 255.4557
Epoch 87/200, Batch 500, Aver_Loss: 250.0631
[early-stopping] Epoch 87: no improvement (2/20)
Epoch 88/200, Batch 100, Aver_Loss: 251.0578
Epoch 88/200, Batch 200, Aver_Loss: 240.6322
Epoch 88/200, Batch 300, Aver_Loss: 251.9670
Epoch 88/200, Batch 400, Aver_Loss: 256.0761
Epoch 88/200, Batch 500, Aver_Loss: 254.6757
[early-stopping] Epoch 88: no improvement (3/20)
Epoch 89/200, Batch 100, Aver_Loss: 273.6144
Epoch 89/200, Batch 200, Aver_Loss: 253.9479
Epoch 89/200, Batch 300, Aver_Loss: 252.2329
Epoch 89/200, Batch 400, Aver_Loss: 255.0780
Epoch 89/200, Batch 500, Aver_Loss: 261.2998
[early-stopping] Epoch 89: no improvement (4/20)
Epoch 90/200, Batch 100, Aver_Loss: 258.5656
Epoch 90/200, Batch 200, Aver_Loss: 255.6794
Epoch 90/200, Batch 300, Aver_Loss: 258.0821
Epoch 90/200, Batch 400, Aver_Loss: 247.3165
Epoch 90/200, Batch 500, Aver_Loss: 252.2188
[early-stopping] Epoch 90: no improvement (5/20)
Epoch 91/200, Batch 100, Aver_Loss: 252.6804
Epoch 91/200, Batch 200, Aver_Loss: 253.7517
Epoch 91/200, Batch 300, Aver_Loss: 263.6667
Epoch 91/200, Batch 400, Aver_Loss: 273.3779
Epoch 91/200, Batch 500, Aver_Loss: 266.0122
[early-stopping] Epoch 91: no improvement (6/20)
Epoch 92/200, Batch 100, Aver_Loss: 256.3845
Epoch 92/200, Batch 200, Aver_Loss: 265.0691
Epoch 92/200, Batch 300, Aver_Loss: 261.1405
Epoch 92/200, Batch 400, Aver_Loss: 264.4661
Epoch 92/200, Batch 500, Aver_Loss: 254.9216
[early-stopping] Epoch 92: no improvement (7/20)
Epoch 93/200, Batch 100, Aver_Loss: 247.6192
Epoch 93/200, Batch 200, Aver_Loss: 252.2220
Epoch 93/200, Batch 300, Aver_Loss: 264.7219
Epoch 93/200, Batch 400, Aver_Loss: 247.4263
Epoch 93/200, Batch 500, Aver_Loss: 263.0804
[early-stopping] Epoch 93: no improvement (8/20)
Epoch 94/200, Batch 100, Aver_Loss: 244.9354
Epoch 94/200, Batch 200, Aver_Loss: 251.9212
Epoch 94/200, Batch 300, Aver_Loss: 257.5737
Epoch 94/200, Batch 400, Aver_Loss: 250.3174
Epoch 94/200, Batch 500, Aver_Loss: 257.2731
[early-stopping] Epoch 94: no improvement (9/20)
Epoch 95/200, Batch 100, Aver_Loss: 252.6740
Epoch 95/200, Batch 200, Aver_Loss: 247.8863
Epoch 95/200, Batch 300, Aver_Loss: 265.1610
Epoch 95/200, Batch 400, Aver_Loss: 251.9421
Epoch 95/200, Batch 500, Aver_Loss: 258.7921
[early-stopping] Epoch 95: no improvement (10/20)
Epoch 96/200, Batch 100, Aver_Loss: 270.3463
Epoch 96/200, Batch 200, Aver_Loss: 254.7746
Epoch 96/200, Batch 300, Aver_Loss: 250.5176
Epoch 96/200, Batch 400, Aver_Loss: 271.6266
Epoch 96/200, Batch 500, Aver_Loss: 262.8760
[early-stopping] Epoch 96: no improvement (11/20)
Epoch 97/200, Batch 100, Aver_Loss: 262.9329
Epoch 97/200, Batch 200, Aver_Loss: 244.2354
Epoch 97/200, Batch 300, Aver_Loss: 254.8026
Epoch 97/200, Batch 400, Aver_Loss: 246.8587
Epoch 97/200, Batch 500, Aver_Loss: 257.0774
[early-stopping] Epoch 97: new best val ELBO = -258.155503
Epoch 98/200, Batch 100, Aver_Loss: 256.2847
Epoch 98/200, Batch 200, Aver_Loss: 256.9208
Epoch 98/200, Batch 300, Aver_Loss: 261.0082
Epoch 98/200, Batch 400, Aver_Loss: 266.1887
Epoch 98/200, Batch 500, Aver_Loss: 246.0205
[early-stopping] Epoch 98: no improvement (1/20)
Epoch 99/200, Batch 100, Aver_Loss: 259.8396
Epoch 99/200, Batch 200, Aver_Loss: 256.3462
Epoch 99/200, Batch 300, Aver_Loss: 255.1320
Epoch 99/200, Batch 400, Aver_Loss: 253.1568
Epoch 99/200, Batch 500, Aver_Loss: 265.6805
[early-stopping] Epoch 99: no improvement (2/20)
Epoch 100/200, Batch 100, Aver_Loss: 258.8723
Epoch 100/200, Batch 200, Aver_Loss: 240.6583
Epoch 100/200, Batch 300, Aver_Loss: 260.9456
Epoch 100/200, Batch 400, Aver_Loss: 247.4956
Epoch 100/200, Batch 500, Aver_Loss: 251.3369
[early-stopping] Epoch 100: no improvement (3/20)
Epoch 101/200, Batch 100, Aver_Loss: 246.6557
Epoch 101/200, Batch 200, Aver_Loss: 261.4358
Epoch 101/200, Batch 300, Aver_Loss: 261.6432
Epoch 101/200, Batch 400, Aver_Loss: 265.9066
Epoch 101/200, Batch 500, Aver_Loss: 262.6761
[early-stopping] Epoch 101: no improvement (4/20)
Epoch 102/200, Batch 100, Aver_Loss: 244.0380
Epoch 102/200, Batch 200, Aver_Loss: 245.9279
Epoch 102/200, Batch 300, Aver_Loss: 250.7580
Epoch 102/200, Batch 400, Aver_Loss: 259.0408
Epoch 102/200, Batch 500, Aver_Loss: 249.4277
[early-stopping] Epoch 102: new best val ELBO = -257.943888
Epoch 103/200, Batch 100, Aver_Loss: 233.8595
Epoch 103/200, Batch 200, Aver_Loss: 264.2912
Epoch 103/200, Batch 300, Aver_Loss: 256.8206
Epoch 103/200, Batch 400, Aver_Loss: 251.8423
Epoch 103/200, Batch 500, Aver_Loss: 253.8533
[early-stopping] Epoch 103: no improvement (1/20)
Epoch 104/200, Batch 100, Aver_Loss: 254.7771
Epoch 104/200, Batch 200, Aver_Loss: 242.1483
Epoch 104/200, Batch 300, Aver_Loss: 262.0316
Epoch 104/200, Batch 400, Aver_Loss: 244.1515
Epoch 104/200, Batch 500, Aver_Loss: 254.6130
[early-stopping] Epoch 104: no improvement (2/20)
Epoch 105/200, Batch 100, Aver_Loss: 258.6826
Epoch 105/200, Batch 200, Aver_Loss: 256.9542
Epoch 105/200, Batch 300, Aver_Loss: 255.3653
Epoch 105/200, Batch 400, Aver_Loss: 254.9189
Epoch 105/200, Batch 500, Aver_Loss: 259.9209
[early-stopping] Epoch 105: no improvement (3/20)
Epoch 106/200, Batch 100, Aver_Loss: 264.4180
Epoch 106/200, Batch 200, Aver_Loss: 249.2850
Epoch 106/200, Batch 300, Aver_Loss: 235.4714
Epoch 106/200, Batch 400, Aver_Loss: 262.0602
Epoch 106/200, Batch 500, Aver_Loss: 251.7725
[early-stopping] Epoch 106: no improvement (4/20)
Epoch 107/200, Batch 100, Aver_Loss: 238.2298
Epoch 107/200, Batch 200, Aver_Loss: 259.6786
Epoch 107/200, Batch 300, Aver_Loss: 243.2731
Epoch 107/200, Batch 400, Aver_Loss: 264.8814
Epoch 107/200, Batch 500, Aver_Loss: 267.2008
[early-stopping] Epoch 107: no improvement (5/20)
Epoch 108/200, Batch 100, Aver_Loss: 257.8259
Epoch 108/200, Batch 200, Aver_Loss: 249.3247
Epoch 108/200, Batch 300, Aver_Loss: 259.1914
Epoch 108/200, Batch 400, Aver_Loss: 253.8877
Epoch 108/200, Batch 500, Aver_Loss: 275.6961
[early-stopping] Epoch 108: no improvement (6/20)
Epoch 109/200, Batch 100, Aver_Loss: 260.4945
Epoch 109/200, Batch 200, Aver_Loss: 269.2032
Epoch 109/200, Batch 300, Aver_Loss: 251.2159
Epoch 109/200, Batch 400, Aver_Loss: 261.9616
Epoch 109/200, Batch 500, Aver_Loss: 257.0278
[early-stopping] Epoch 109: no improvement (7/20)
Epoch 110/200, Batch 100, Aver_Loss: 261.5173
Epoch 110/200, Batch 200, Aver_Loss: 259.9411
Epoch 110/200, Batch 300, Aver_Loss: 251.4835
Epoch 110/200, Batch 400, Aver_Loss: 271.7263
Epoch 110/200, Batch 500, Aver_Loss: 255.8372
[early-stopping] Epoch 110: no improvement (8/20)
Epoch 111/200, Batch 100, Aver_Loss: 263.4660
Epoch 111/200, Batch 200, Aver_Loss: 256.7771
Epoch 111/200, Batch 300, Aver_Loss: 251.5418
Epoch 111/200, Batch 400, Aver_Loss: 248.4248
Epoch 111/200, Batch 500, Aver_Loss: 259.4359
[early-stopping] Epoch 111: no improvement (9/20)
Epoch 112/200, Batch 100, Aver_Loss: 267.4707
Epoch 112/200, Batch 200, Aver_Loss: 250.5516
Epoch 112/200, Batch 300, Aver_Loss: 264.7498
Epoch 112/200, Batch 400, Aver_Loss: 249.5955
Epoch 112/200, Batch 500, Aver_Loss: 242.0524
[early-stopping] Epoch 112: no improvement (10/20)
Epoch 113/200, Batch 100, Aver_Loss: 247.0860
Epoch 113/200, Batch 200, Aver_Loss: 254.0878
Epoch 113/200, Batch 300, Aver_Loss: 255.7197
Epoch 113/200, Batch 400, Aver_Loss: 255.6282
Epoch 113/200, Batch 500, Aver_Loss: 240.3846
[early-stopping] Epoch 113: no improvement (11/20)
Epoch 114/200, Batch 100, Aver_Loss: 233.8720
Epoch 114/200, Batch 200, Aver_Loss: 253.0187
Epoch 114/200, Batch 300, Aver_Loss: 249.3302
Epoch 114/200, Batch 400, Aver_Loss: 242.4670
Epoch 114/200, Batch 500, Aver_Loss: 247.3896
[early-stopping] Epoch 114: no improvement (12/20)
Epoch 115/200, Batch 100, Aver_Loss: 260.7393
Epoch 115/200, Batch 200, Aver_Loss: 255.8074
Epoch 115/200, Batch 300, Aver_Loss: 250.5815
Epoch 115/200, Batch 400, Aver_Loss: 240.8227
Epoch 115/200, Batch 500, Aver_Loss: 257.0874
[early-stopping] Epoch 115: no improvement (13/20)
Epoch 116/200, Batch 100, Aver_Loss: 252.9361
Epoch 116/200, Batch 200, Aver_Loss: 259.5788
Epoch 116/200, Batch 300, Aver_Loss: 251.2074
Epoch 116/200, Batch 400, Aver_Loss: 258.5725
Epoch 116/200, Batch 500, Aver_Loss: 243.9480
[early-stopping] Epoch 116: no improvement (14/20)
Epoch 117/200, Batch 100, Aver_Loss: 257.2070
Epoch 117/200, Batch 200, Aver_Loss: 261.7075
Epoch 117/200, Batch 300, Aver_Loss: 250.0911
Epoch 117/200, Batch 400, Aver_Loss: 250.4643
Epoch 117/200, Batch 500, Aver_Loss: 250.8163
[early-stopping] Epoch 117: no improvement (15/20)
Epoch 118/200, Batch 100, Aver_Loss: 252.7131
Epoch 118/200, Batch 200, Aver_Loss: 252.1210
Epoch 118/200, Batch 300, Aver_Loss: 256.9173
Epoch 118/200, Batch 400, Aver_Loss: 271.0837
Epoch 118/200, Batch 500, Aver_Loss: 271.7355
[early-stopping] Epoch 118: no improvement (16/20)
Epoch 119/200, Batch 100, Aver_Loss: 253.5758
Epoch 119/200, Batch 200, Aver_Loss: 249.8837
Epoch 119/200, Batch 300, Aver_Loss: 250.5110
Epoch 119/200, Batch 400, Aver_Loss: 281.2083
Epoch 119/200, Batch 500, Aver_Loss: 243.8491
[early-stopping] Epoch 119: no improvement (17/20)
Epoch 120/200, Batch 100, Aver_Loss: 259.1085
Epoch 120/200, Batch 200, Aver_Loss: 258.5905
Epoch 120/200, Batch 300, Aver_Loss: 249.8096
Epoch 120/200, Batch 400, Aver_Loss: 259.3855
Epoch 120/200, Batch 500, Aver_Loss: 242.4371
[early-stopping] Epoch 120: no improvement (18/20)
Epoch 121/200, Batch 100, Aver_Loss: 247.3590
Epoch 121/200, Batch 200, Aver_Loss: 260.0225
Epoch 121/200, Batch 300, Aver_Loss: 256.7261
Epoch 121/200, Batch 400, Aver_Loss: 249.1650
Epoch 121/200, Batch 500, Aver_Loss: 255.3204
[early-stopping] Epoch 121: new best val ELBO = -257.868204
Epoch 122/200, Batch 100, Aver_Loss: 244.8255
Epoch 122/200, Batch 200, Aver_Loss: 242.0900
Epoch 122/200, Batch 300, Aver_Loss: 267.4899
Epoch 122/200, Batch 400, Aver_Loss: 249.4117
Epoch 122/200, Batch 500, Aver_Loss: 257.8933
[early-stopping] Epoch 122: no improvement (1/20)
Epoch 123/200, Batch 100, Aver_Loss: 241.9418
Epoch 123/200, Batch 200, Aver_Loss: 259.5677
Epoch 123/200, Batch 300, Aver_Loss: 264.0201
Epoch 123/200, Batch 400, Aver_Loss: 251.3226
Epoch 123/200, Batch 500, Aver_Loss: 264.7599
[early-stopping] Epoch 123: no improvement (2/20)
Epoch 124/200, Batch 100, Aver_Loss: 263.4272
Epoch 124/200, Batch 200, Aver_Loss: 250.4920
Epoch 124/200, Batch 300, Aver_Loss: 252.9321
Epoch 124/200, Batch 400, Aver_Loss: 259.3788
Epoch 124/200, Batch 500, Aver_Loss: 242.9990
[early-stopping] Epoch 124: no improvement (3/20)
Epoch 125/200, Batch 100, Aver_Loss: 244.2672
Epoch 125/200, Batch 200, Aver_Loss: 263.0170
Epoch 125/200, Batch 300, Aver_Loss: 250.9686
Epoch 125/200, Batch 400, Aver_Loss: 239.7369
Epoch 125/200, Batch 500, Aver_Loss: 255.2442
[early-stopping] Epoch 125: no improvement (4/20)
Epoch 126/200, Batch 100, Aver_Loss: 251.1438
Epoch 126/200, Batch 200, Aver_Loss: 262.0793
Epoch 126/200, Batch 300, Aver_Loss: 256.4707
Epoch 126/200, Batch 400, Aver_Loss: 276.0374
Epoch 126/200, Batch 500, Aver_Loss: 247.6909
[early-stopping] Epoch 126: no improvement (5/20)
Epoch 127/200, Batch 100, Aver_Loss: 250.1363
Epoch 127/200, Batch 200, Aver_Loss: 263.7920
Epoch 127/200, Batch 300, Aver_Loss: 249.1067
Epoch 127/200, Batch 400, Aver_Loss: 258.8558
Epoch 127/200, Batch 500, Aver_Loss: 251.5297
[early-stopping] Epoch 127: no improvement (6/20)
Epoch 128/200, Batch 100, Aver_Loss: 245.8000
Epoch 128/200, Batch 200, Aver_Loss: 254.7598
Epoch 128/200, Batch 300, Aver_Loss: 262.1941
Epoch 128/200, Batch 400, Aver_Loss: 252.0476
Epoch 128/200, Batch 500, Aver_Loss: 258.6035
[early-stopping] Epoch 128: no improvement (7/20)
Epoch 129/200, Batch 100, Aver_Loss: 264.3965
Epoch 129/200, Batch 200, Aver_Loss: 264.9335
Epoch 129/200, Batch 300, Aver_Loss: 246.2253
Epoch 129/200, Batch 400, Aver_Loss: 256.0218
Epoch 129/200, Batch 500, Aver_Loss: 252.5311
[early-stopping] Epoch 129: no improvement (8/20)
Epoch 130/200, Batch 100, Aver_Loss: 261.6578
Epoch 130/200, Batch 200, Aver_Loss: 253.5751
Epoch 130/200, Batch 300, Aver_Loss: 254.8278
Epoch 130/200, Batch 400, Aver_Loss: 243.0541
Epoch 130/200, Batch 500, Aver_Loss: 262.6041
[early-stopping] Epoch 130: no improvement (9/20)
Epoch 131/200, Batch 100, Aver_Loss: 248.4876
Epoch 131/200, Batch 200, Aver_Loss: 254.8015
Epoch 131/200, Batch 300, Aver_Loss: 256.2239
Epoch 131/200, Batch 400, Aver_Loss: 270.0890
Epoch 131/200, Batch 500, Aver_Loss: 258.4373
[early-stopping] Epoch 131: no improvement (10/20)
Epoch 132/200, Batch 100, Aver_Loss: 255.3929
Epoch 132/200, Batch 200, Aver_Loss: 260.8087
Epoch 132/200, Batch 300, Aver_Loss: 250.1477
Epoch 132/200, Batch 400, Aver_Loss: 255.6950
Epoch 132/200, Batch 500, Aver_Loss: 258.6678
[early-stopping] Epoch 132: no improvement (11/20)
Epoch 133/200, Batch 100, Aver_Loss: 253.1786
Epoch 133/200, Batch 200, Aver_Loss: 265.1752
Epoch 133/200, Batch 300, Aver_Loss: 256.0692
Epoch 133/200, Batch 400, Aver_Loss: 255.7083
Epoch 133/200, Batch 500, Aver_Loss: 267.8971
[early-stopping] Epoch 133: no improvement (12/20)
Epoch 134/200, Batch 100, Aver_Loss: 249.7527
Epoch 134/200, Batch 200, Aver_Loss: 248.6251
Epoch 134/200, Batch 300, Aver_Loss: 257.7458
Epoch 134/200, Batch 400, Aver_Loss: 253.8828
Epoch 134/200, Batch 500, Aver_Loss: 253.3763
[early-stopping] Epoch 134: new best val ELBO = -257.734786
Epoch 135/200, Batch 100, Aver_Loss: 235.5598
Epoch 135/200, Batch 200, Aver_Loss: 261.9714
Epoch 135/200, Batch 300, Aver_Loss: 243.8204
Epoch 135/200, Batch 400, Aver_Loss: 256.0298
Epoch 135/200, Batch 500, Aver_Loss: 247.4192
[early-stopping] Epoch 135: no improvement (1/20)
Epoch 136/200, Batch 100, Aver_Loss: 250.3644
Epoch 136/200, Batch 200, Aver_Loss: 245.3489
Epoch 136/200, Batch 300, Aver_Loss: 250.7820
Epoch 136/200, Batch 400, Aver_Loss: 251.9453
Epoch 136/200, Batch 500, Aver_Loss: 248.0142
[early-stopping] Epoch 136: no improvement (2/20)
Epoch 137/200, Batch 100, Aver_Loss: 259.5125
Epoch 137/200, Batch 200, Aver_Loss: 254.9284
Epoch 137/200, Batch 300, Aver_Loss: 265.0898
Epoch 137/200, Batch 400, Aver_Loss: 253.1275
Epoch 137/200, Batch 500, Aver_Loss: 253.9522
[early-stopping] Epoch 137: no improvement (3/20)
Epoch 138/200, Batch 100, Aver_Loss: 254.1642
Epoch 138/200, Batch 200, Aver_Loss: 253.4148
Epoch 138/200, Batch 300, Aver_Loss: 266.5557
Epoch 138/200, Batch 400, Aver_Loss: 257.9395
Epoch 138/200, Batch 500, Aver_Loss: 249.9698
[early-stopping] Epoch 138: no improvement (4/20)
Epoch 139/200, Batch 100, Aver_Loss: 242.6611
Epoch 139/200, Batch 200, Aver_Loss: 246.4146
Epoch 139/200, Batch 300, Aver_Loss: 250.0984
Epoch 139/200, Batch 400, Aver_Loss: 255.5762
Epoch 139/200, Batch 500, Aver_Loss: 258.1987
[early-stopping] Epoch 139: no improvement (5/20)
Epoch 140/200, Batch 100, Aver_Loss: 251.1044
Epoch 140/200, Batch 200, Aver_Loss: 248.7315
Epoch 140/200, Batch 300, Aver_Loss: 253.3731
Epoch 140/200, Batch 400, Aver_Loss: 255.9760
Epoch 140/200, Batch 500, Aver_Loss: 255.5865
[early-stopping] Epoch 140: no improvement (6/20)
Epoch 141/200, Batch 100, Aver_Loss: 258.3998
Epoch 141/200, Batch 200, Aver_Loss: 258.2646
Epoch 141/200, Batch 300, Aver_Loss: 248.2717
Epoch 141/200, Batch 400, Aver_Loss: 241.5721
Epoch 141/200, Batch 500, Aver_Loss: 258.8061
[early-stopping] Epoch 141: no improvement (7/20)
Epoch 142/200, Batch 100, Aver_Loss: 253.6249
Epoch 142/200, Batch 200, Aver_Loss: 243.6015
Epoch 142/200, Batch 300, Aver_Loss: 256.5603
Epoch 142/200, Batch 400, Aver_Loss: 259.5146
Epoch 142/200, Batch 500, Aver_Loss: 253.1652
[early-stopping] Epoch 142: no improvement (8/20)
Epoch 143/200, Batch 100, Aver_Loss: 253.5449
Epoch 143/200, Batch 200, Aver_Loss: 255.0113
Epoch 143/200, Batch 300, Aver_Loss: 247.0947
Epoch 143/200, Batch 400, Aver_Loss: 265.8120
Epoch 143/200, Batch 500, Aver_Loss: 251.4043
[early-stopping] Epoch 143: no improvement (9/20)
Epoch 144/200, Batch 100, Aver_Loss: 265.6366
Epoch 144/200, Batch 200, Aver_Loss: 249.3738
Epoch 144/200, Batch 300, Aver_Loss: 246.5820
Epoch 144/200, Batch 400, Aver_Loss: 251.7309
Epoch 144/200, Batch 500, Aver_Loss: 239.9145
[early-stopping] Epoch 144: new best val ELBO = -257.674717
Epoch 145/200, Batch 100, Aver_Loss: 260.7303
Epoch 145/200, Batch 200, Aver_Loss: 245.1624
Epoch 145/200, Batch 300, Aver_Loss: 236.0788
Epoch 145/200, Batch 400, Aver_Loss: 250.2991
Epoch 145/200, Batch 500, Aver_Loss: 261.9130
[early-stopping] Epoch 145: no improvement (1/20)
Epoch 146/200, Batch 100, Aver_Loss: 260.3947
Epoch 146/200, Batch 200, Aver_Loss: 249.7330
Epoch 146/200, Batch 300, Aver_Loss: 260.7894
Epoch 146/200, Batch 400, Aver_Loss: 236.3705
Epoch 146/200, Batch 500, Aver_Loss: 253.0698
[early-stopping] Epoch 146: new best val ELBO = -257.614919
Epoch 147/200, Batch 100, Aver_Loss: 248.8208
Epoch 147/200, Batch 200, Aver_Loss: 251.0957
Epoch 147/200, Batch 300, Aver_Loss: 272.4159
Epoch 147/200, Batch 400, Aver_Loss: 248.7657
Epoch 147/200, Batch 500, Aver_Loss: 258.0995
[early-stopping] Epoch 147: no improvement (1/20)
Epoch 148/200, Batch 100, Aver_Loss: 255.4811
Epoch 148/200, Batch 200, Aver_Loss: 245.5264
Epoch 148/200, Batch 300, Aver_Loss: 246.7599
Epoch 148/200, Batch 400, Aver_Loss: 267.0345
Epoch 148/200, Batch 500, Aver_Loss: 250.3566
[early-stopping] Epoch 148: no improvement (2/20)
Epoch 149/200, Batch 100, Aver_Loss: 253.9389
Epoch 149/200, Batch 200, Aver_Loss: 244.6686
Epoch 149/200, Batch 300, Aver_Loss: 259.0600
Epoch 149/200, Batch 400, Aver_Loss: 255.3799
Epoch 149/200, Batch 500, Aver_Loss: 262.1323
[early-stopping] Epoch 149: no improvement (3/20)
Epoch 150/200, Batch 100, Aver_Loss: 264.2147
Epoch 150/200, Batch 200, Aver_Loss: 254.5749
Epoch 150/200, Batch 300, Aver_Loss: 250.4245
Epoch 150/200, Batch 400, Aver_Loss: 261.5452
Epoch 150/200, Batch 500, Aver_Loss: 258.1906
[early-stopping] Epoch 150: no improvement (4/20)
Epoch 151/200, Batch 100, Aver_Loss: 247.9835
Epoch 151/200, Batch 200, Aver_Loss: 254.8653
Epoch 151/200, Batch 300, Aver_Loss: 255.8198
Epoch 151/200, Batch 400, Aver_Loss: 239.4544
Epoch 151/200, Batch 500, Aver_Loss: 265.9824
[early-stopping] Epoch 151: no improvement (5/20)
Epoch 152/200, Batch 100, Aver_Loss: 266.6212
Epoch 152/200, Batch 200, Aver_Loss: 264.0371
Epoch 152/200, Batch 300, Aver_Loss: 256.8974
Epoch 152/200, Batch 400, Aver_Loss: 261.2168
Epoch 152/200, Batch 500, Aver_Loss: 264.2242
[early-stopping] Epoch 152: no improvement (6/20)
Epoch 153/200, Batch 100, Aver_Loss: 236.4737
Epoch 153/200, Batch 200, Aver_Loss: 247.8417
Epoch 153/200, Batch 300, Aver_Loss: 248.6401
Epoch 153/200, Batch 400, Aver_Loss: 263.0023
Epoch 153/200, Batch 500, Aver_Loss: 245.8838
[early-stopping] Epoch 153: no improvement (7/20)
Epoch 154/200, Batch 100, Aver_Loss: 251.0550
Epoch 154/200, Batch 200, Aver_Loss: 244.7499
Epoch 154/200, Batch 300, Aver_Loss: 258.5602
Epoch 154/200, Batch 400, Aver_Loss: 256.2780
Epoch 154/200, Batch 500, Aver_Loss: 245.0758
[early-stopping] Epoch 154: no improvement (8/20)
Epoch 155/200, Batch 100, Aver_Loss: 255.8814
Epoch 155/200, Batch 200, Aver_Loss: 252.1240
Epoch 155/200, Batch 300, Aver_Loss: 244.2928
Epoch 155/200, Batch 400, Aver_Loss: 264.7613
Epoch 155/200, Batch 500, Aver_Loss: 246.9515
[early-stopping] Epoch 155: no improvement (9/20)
Epoch 156/200, Batch 100, Aver_Loss: 252.9107
Epoch 156/200, Batch 200, Aver_Loss: 252.5844
Epoch 156/200, Batch 300, Aver_Loss: 263.2730
Epoch 156/200, Batch 400, Aver_Loss: 242.0404
Epoch 156/200, Batch 500, Aver_Loss: 245.7912
[early-stopping] Epoch 156: no improvement (10/20)
Epoch 157/200, Batch 100, Aver_Loss: 258.9899
Epoch 157/200, Batch 200, Aver_Loss: 256.4426
Epoch 157/200, Batch 300, Aver_Loss: 247.9263
Epoch 157/200, Batch 400, Aver_Loss: 255.7823
Epoch 157/200, Batch 500, Aver_Loss: 250.1870
[early-stopping] Epoch 157: no improvement (11/20)
Epoch 158/200, Batch 100, Aver_Loss: 254.9789
Epoch 158/200, Batch 200, Aver_Loss: 244.2246
Epoch 158/200, Batch 300, Aver_Loss: 244.0359
Epoch 158/200, Batch 400, Aver_Loss: 248.2378
Epoch 158/200, Batch 500, Aver_Loss: 264.9210
[early-stopping] Epoch 158: no improvement (12/20)
Epoch 159/200, Batch 100, Aver_Loss: 258.7799
Epoch 159/200, Batch 200, Aver_Loss: 254.7330
Epoch 159/200, Batch 300, Aver_Loss: 258.8742
Epoch 159/200, Batch 400, Aver_Loss: 250.9799
Epoch 159/200, Batch 500, Aver_Loss: 250.1525
[early-stopping] Epoch 159: no improvement (13/20)
Epoch 160/200, Batch 100, Aver_Loss: 247.8253
Epoch 160/200, Batch 200, Aver_Loss: 244.4867
Epoch 160/200, Batch 300, Aver_Loss: 261.1703
Epoch 160/200, Batch 400, Aver_Loss: 262.2237
Epoch 160/200, Batch 500, Aver_Loss: 262.4182
[early-stopping] Epoch 160: no improvement (14/20)
Epoch 161/200, Batch 100, Aver_Loss: 250.0335
Epoch 161/200, Batch 200, Aver_Loss: 252.3093
Epoch 161/200, Batch 300, Aver_Loss: 248.0701
Epoch 161/200, Batch 400, Aver_Loss: 252.6655
Epoch 161/200, Batch 500, Aver_Loss: 251.6326
[early-stopping] Epoch 161: no improvement (15/20)
Epoch 162/200, Batch 100, Aver_Loss: 262.1920
Epoch 162/200, Batch 200, Aver_Loss: 248.1509
Epoch 162/200, Batch 300, Aver_Loss: 251.0786
Epoch 162/200, Batch 400, Aver_Loss: 246.1061
Epoch 162/200, Batch 500, Aver_Loss: 265.2999
[early-stopping] Epoch 162: no improvement (16/20)
Epoch 163/200, Batch 100, Aver_Loss: 235.5542
Epoch 163/200, Batch 200, Aver_Loss: 254.0405
Epoch 163/200, Batch 300, Aver_Loss: 270.4048
Epoch 163/200, Batch 400, Aver_Loss: 259.1469
Epoch 163/200, Batch 500, Aver_Loss: 251.7123
[early-stopping] Epoch 163: no improvement (17/20)
Epoch 164/200, Batch 100, Aver_Loss: 253.6463
Epoch 164/200, Batch 200, Aver_Loss: 249.2579
Epoch 164/200, Batch 300, Aver_Loss: 247.6628
Epoch 164/200, Batch 400, Aver_Loss: 245.7136
Epoch 164/200, Batch 500, Aver_Loss: 269.5805
[early-stopping] Epoch 164: no improvement (18/20)
Epoch 165/200, Batch 100, Aver_Loss: 235.4895
Epoch 165/200, Batch 200, Aver_Loss: 251.2502
Epoch 165/200, Batch 300, Aver_Loss: 261.5376
Epoch 165/200, Batch 400, Aver_Loss: 253.5944
Epoch 165/200, Batch 500, Aver_Loss: 253.6177
[early-stopping] Epoch 165: no improvement (19/20)
Epoch 166/200, Batch 100, Aver_Loss: 259.1475
Epoch 166/200, Batch 200, Aver_Loss: 262.7084
Epoch 166/200, Batch 300, Aver_Loss: 242.6906
Epoch 166/200, Batch 400, Aver_Loss: 249.4098
Epoch 166/200, Batch 500, Aver_Loss: 263.1833
[early-stopping] Epoch 166: no improvement (20/20)
[early-stopping] Patience reached. Stopping at epoch 166. Best epoch: 146, best val ELBO: -257.614919
[early-stopping] Loaded best model from epoch 146 (val ELBO = -257.614919)
[checkpoint] Saved best model to: trained_parameters/fashion_mnist_zdim2_MVAE.pkl
[saved curves] ./results/FASHION_MNIST/curves/fashion_mnist_mvae_d2_s777.json

==== Evaluation Summary ====
                 model: mvae
   recon/mse_per_pixel: 0.026685
            elbo/train: -254.796190
             elbo/test: -257.671491
             mse/train: 0.025398
              mse/test: 0.026685
             probe/acc: 0.675500
             probe/nll: 0.975562
           probe/brier: 0.450865
             probe/ece: 0.082127
           cluster/nmi: 0.546454
           cluster/ari: 0.393103
============================

