/usr/bin/which: no fi_info in (/arf/home/meyavuz/.local/bin:/arf/sw/comp/python/intelpython3/condabin:/arf/sw/comp/python/intelpython3/bin:/usr/share/Modules/bin:/usr/local/bin:/usr/bin:/usr/local/sbin:/usr/sbin)
Extension for Scikit-learn* enabled (https://github.com/uxlfoundation/scikit-learn-intelex)
/arf/home/meyavuz/.conda/envs/sbn/lib/python3.9/site-packages/sklearn/linear_model/_logistic.py:1247: FutureWarning: 'multi_class' was deprecated in version 1.5 and will be removed in 1.7. From then on, it will always use 'multinomial'. Leave it to its default value to avoid this warning.
  warnings.warn(
Epoch 1/200, Batch 100, Aver_Loss: 506.9480
Epoch 1/200, Batch 200, Aver_Loss: 505.0838
Epoch 1/200, Batch 300, Aver_Loss: 500.8344
Epoch 1/200, Batch 400, Aver_Loss: 497.6173
[early-stopping] Epoch 1: new best val ELBO = -493.072682
Epoch 2/200, Batch 100, Aver_Loss: 484.2324
Epoch 2/200, Batch 200, Aver_Loss: 490.1971
Epoch 2/200, Batch 300, Aver_Loss: 498.4586
Epoch 2/200, Batch 400, Aver_Loss: 482.4329
[early-stopping] Epoch 2: new best val ELBO = -486.980618
Epoch 3/200, Batch 100, Aver_Loss: 479.7614
Epoch 3/200, Batch 200, Aver_Loss: 487.8427
Epoch 3/200, Batch 300, Aver_Loss: 483.8760
Epoch 3/200, Batch 400, Aver_Loss: 485.2503
[early-stopping] Epoch 3: new best val ELBO = -485.438283
Epoch 4/200, Batch 100, Aver_Loss: 491.0176
Epoch 4/200, Batch 200, Aver_Loss: 486.8237
Epoch 4/200, Batch 300, Aver_Loss: 486.7816
Epoch 4/200, Batch 400, Aver_Loss: 485.9219
[early-stopping] Epoch 4: new best val ELBO = -484.839156
Epoch 5/200, Batch 100, Aver_Loss: 487.2531
Epoch 5/200, Batch 200, Aver_Loss: 486.7448
Epoch 5/200, Batch 300, Aver_Loss: 488.9160
Epoch 5/200, Batch 400, Aver_Loss: 489.7411
[early-stopping] Epoch 5: no improvement (1/20)
Epoch 6/200, Batch 100, Aver_Loss: 484.4616
Epoch 6/200, Batch 200, Aver_Loss: 485.5354
Epoch 6/200, Batch 300, Aver_Loss: 483.5509
Epoch 6/200, Batch 400, Aver_Loss: 492.1166
[early-stopping] Epoch 6: new best val ELBO = -484.082559
Epoch 7/200, Batch 100, Aver_Loss: 488.4233
Epoch 7/200, Batch 200, Aver_Loss: 478.5799
Epoch 7/200, Batch 300, Aver_Loss: 487.9568
Epoch 7/200, Batch 400, Aver_Loss: 482.3205
[early-stopping] Epoch 7: no improvement (1/20)
Epoch 8/200, Batch 100, Aver_Loss: 479.9438
Epoch 8/200, Batch 200, Aver_Loss: 475.3630
Epoch 8/200, Batch 300, Aver_Loss: 487.5587
Epoch 8/200, Batch 400, Aver_Loss: 483.9932
[early-stopping] Epoch 8: new best val ELBO = -483.391619
Epoch 9/200, Batch 100, Aver_Loss: 478.2083
Epoch 9/200, Batch 200, Aver_Loss: 492.9408
Epoch 9/200, Batch 300, Aver_Loss: 481.8933
Epoch 9/200, Batch 400, Aver_Loss: 486.6020
[early-stopping] Epoch 9: no improvement (1/20)
Epoch 10/200, Batch 100, Aver_Loss: 486.8583
Epoch 10/200, Batch 200, Aver_Loss: 476.8620
Epoch 10/200, Batch 300, Aver_Loss: 486.6569
Epoch 10/200, Batch 400, Aver_Loss: 485.6427
[early-stopping] Epoch 10: no improvement (2/20)
Epoch 11/200, Batch 100, Aver_Loss: 474.3739
Epoch 11/200, Batch 200, Aver_Loss: 483.3984
Epoch 11/200, Batch 300, Aver_Loss: 484.2691
Epoch 11/200, Batch 400, Aver_Loss: 486.3512
[early-stopping] Epoch 11: new best val ELBO = -482.987517
Epoch 12/200, Batch 100, Aver_Loss: 486.9810
Epoch 12/200, Batch 200, Aver_Loss: 487.2863
Epoch 12/200, Batch 300, Aver_Loss: 484.5485
Epoch 12/200, Batch 400, Aver_Loss: 475.7724
[early-stopping] Epoch 12: no improvement (1/20)
Epoch 13/200, Batch 100, Aver_Loss: 489.7719
Epoch 13/200, Batch 200, Aver_Loss: 481.6108
Epoch 13/200, Batch 300, Aver_Loss: 486.2207
Epoch 13/200, Batch 400, Aver_Loss: 481.4979
[early-stopping] Epoch 13: no improvement (2/20)
Epoch 14/200, Batch 100, Aver_Loss: 472.3102
Epoch 14/200, Batch 200, Aver_Loss: 482.9004
Epoch 14/200, Batch 300, Aver_Loss: 482.5754
Epoch 14/200, Batch 400, Aver_Loss: 483.8381
[early-stopping] Epoch 14: no improvement (3/20)
Epoch 15/200, Batch 100, Aver_Loss: 486.4986
Epoch 15/200, Batch 200, Aver_Loss: 478.4097
Epoch 15/200, Batch 300, Aver_Loss: 483.5512
Epoch 15/200, Batch 400, Aver_Loss: 479.2924
[early-stopping] Epoch 15: new best val ELBO = -482.754556
Epoch 16/200, Batch 100, Aver_Loss: 483.7667
Epoch 16/200, Batch 200, Aver_Loss: 483.2325
Epoch 16/200, Batch 300, Aver_Loss: 478.0386
Epoch 16/200, Batch 400, Aver_Loss: 469.2969
[early-stopping] Epoch 16: no improvement (1/20)
Epoch 17/200, Batch 100, Aver_Loss: 485.9189
Epoch 17/200, Batch 200, Aver_Loss: 480.0334
Epoch 17/200, Batch 300, Aver_Loss: 487.6449
Epoch 17/200, Batch 400, Aver_Loss: 481.8468
[early-stopping] Epoch 17: new best val ELBO = -482.120686
Epoch 18/200, Batch 100, Aver_Loss: 494.0992
Epoch 18/200, Batch 200, Aver_Loss: 477.9247
Epoch 18/200, Batch 300, Aver_Loss: 478.1902
Epoch 18/200, Batch 400, Aver_Loss: 475.5000
[early-stopping] Epoch 18: no improvement (1/20)
Epoch 19/200, Batch 100, Aver_Loss: 487.4541
Epoch 19/200, Batch 200, Aver_Loss: 485.8126
Epoch 19/200, Batch 300, Aver_Loss: 488.5274
Epoch 19/200, Batch 400, Aver_Loss: 482.7679
[early-stopping] Epoch 19: new best val ELBO = -482.079829
Epoch 20/200, Batch 100, Aver_Loss: 479.3948
Epoch 20/200, Batch 200, Aver_Loss: 479.4078
Epoch 20/200, Batch 300, Aver_Loss: 487.3846
Epoch 20/200, Batch 400, Aver_Loss: 479.0048
[early-stopping] Epoch 20: no improvement (1/20)
Epoch 21/200, Batch 100, Aver_Loss: 482.6271
Epoch 21/200, Batch 200, Aver_Loss: 484.0066
Epoch 21/200, Batch 300, Aver_Loss: 471.6974
Epoch 21/200, Batch 400, Aver_Loss: 481.1910
[early-stopping] Epoch 21: new best val ELBO = -481.857018
Epoch 22/200, Batch 100, Aver_Loss: 490.8880
Epoch 22/200, Batch 200, Aver_Loss: 482.4355
Epoch 22/200, Batch 300, Aver_Loss: 479.6380
Epoch 22/200, Batch 400, Aver_Loss: 478.0753
[early-stopping] Epoch 22: new best val ELBO = -481.697902
Epoch 23/200, Batch 100, Aver_Loss: 480.3790
Epoch 23/200, Batch 200, Aver_Loss: 480.1145
Epoch 23/200, Batch 300, Aver_Loss: 480.5998
Epoch 23/200, Batch 400, Aver_Loss: 474.2806
[early-stopping] Epoch 23: new best val ELBO = -481.601515
Epoch 24/200, Batch 100, Aver_Loss: 479.5727
Epoch 24/200, Batch 200, Aver_Loss: 477.3437
Epoch 24/200, Batch 300, Aver_Loss: 476.4738
Epoch 24/200, Batch 400, Aver_Loss: 483.9153
[early-stopping] Epoch 24: no improvement (1/20)
Epoch 25/200, Batch 100, Aver_Loss: 484.0525
Epoch 25/200, Batch 200, Aver_Loss: 476.2601
Epoch 25/200, Batch 300, Aver_Loss: 478.3215
Epoch 25/200, Batch 400, Aver_Loss: 476.8681
[early-stopping] Epoch 25: no improvement (2/20)
Epoch 26/200, Batch 100, Aver_Loss: 480.4951
Epoch 26/200, Batch 200, Aver_Loss: 486.0594
Epoch 26/200, Batch 300, Aver_Loss: 477.9277
Epoch 26/200, Batch 400, Aver_Loss: 480.1790
[early-stopping] Epoch 26: new best val ELBO = -481.492386
Epoch 27/200, Batch 100, Aver_Loss: 473.6273
Epoch 27/200, Batch 200, Aver_Loss: 480.4424
Epoch 27/200, Batch 300, Aver_Loss: 481.8014
Epoch 27/200, Batch 400, Aver_Loss: 485.3154
[early-stopping] Epoch 27: new best val ELBO = -481.482340
Epoch 28/200, Batch 100, Aver_Loss: 479.4699
Epoch 28/200, Batch 200, Aver_Loss: 482.1356
Epoch 28/200, Batch 300, Aver_Loss: 471.5239
Epoch 28/200, Batch 400, Aver_Loss: 477.1099
[early-stopping] Epoch 28: new best val ELBO = -481.185879
Epoch 29/200, Batch 100, Aver_Loss: 478.5001
Epoch 29/200, Batch 200, Aver_Loss: 479.5758
Epoch 29/200, Batch 300, Aver_Loss: 487.4080
Epoch 29/200, Batch 400, Aver_Loss: 482.4532
[early-stopping] Epoch 29: no improvement (1/20)
Epoch 30/200, Batch 100, Aver_Loss: 478.0055
Epoch 30/200, Batch 200, Aver_Loss: 478.2905
Epoch 30/200, Batch 300, Aver_Loss: 481.0797
Epoch 30/200, Batch 400, Aver_Loss: 481.7217
[early-stopping] Epoch 30: no improvement (2/20)
Epoch 31/200, Batch 100, Aver_Loss: 477.3423
Epoch 31/200, Batch 200, Aver_Loss: 486.1910
Epoch 31/200, Batch 300, Aver_Loss: 481.6791
Epoch 31/200, Batch 400, Aver_Loss: 491.6604
[early-stopping] Epoch 31: no improvement (3/20)
Epoch 32/200, Batch 100, Aver_Loss: 493.2112
Epoch 32/200, Batch 200, Aver_Loss: 484.8968
Epoch 32/200, Batch 300, Aver_Loss: 485.2924
Epoch 32/200, Batch 400, Aver_Loss: 480.1717
[early-stopping] Epoch 32: new best val ELBO = -481.020359
Epoch 33/200, Batch 100, Aver_Loss: 474.9887
Epoch 33/200, Batch 200, Aver_Loss: 484.8499
Epoch 33/200, Batch 300, Aver_Loss: 486.8913
Epoch 33/200, Batch 400, Aver_Loss: 475.5696
[early-stopping] Epoch 33: no improvement (1/20)
Epoch 34/200, Batch 100, Aver_Loss: 475.3403
Epoch 34/200, Batch 200, Aver_Loss: 483.1939
Epoch 34/200, Batch 300, Aver_Loss: 486.2094
Epoch 34/200, Batch 400, Aver_Loss: 482.1662
[early-stopping] Epoch 34: no improvement (2/20)
Epoch 35/200, Batch 100, Aver_Loss: 473.2298
Epoch 35/200, Batch 200, Aver_Loss: 477.8977
Epoch 35/200, Batch 300, Aver_Loss: 485.7256
Epoch 35/200, Batch 400, Aver_Loss: 476.2929
[early-stopping] Epoch 35: no improvement (3/20)
Epoch 36/200, Batch 100, Aver_Loss: 483.3369
Epoch 36/200, Batch 200, Aver_Loss: 475.1158
Epoch 36/200, Batch 300, Aver_Loss: 481.7422
Epoch 36/200, Batch 400, Aver_Loss: 477.3644
[early-stopping] Epoch 36: no improvement (4/20)
Epoch 37/200, Batch 100, Aver_Loss: 487.1320
Epoch 37/200, Batch 200, Aver_Loss: 483.0906
Epoch 37/200, Batch 300, Aver_Loss: 479.5187
Epoch 37/200, Batch 400, Aver_Loss: 482.4671
[early-stopping] Epoch 37: no improvement (5/20)
Epoch 38/200, Batch 100, Aver_Loss: 481.6674
Epoch 38/200, Batch 200, Aver_Loss: 480.0521
Epoch 38/200, Batch 300, Aver_Loss: 478.8930
Epoch 38/200, Batch 400, Aver_Loss: 477.4223
[early-stopping] Epoch 38: new best val ELBO = -480.832593
Epoch 39/200, Batch 100, Aver_Loss: 481.0869
Epoch 39/200, Batch 200, Aver_Loss: 484.4883
Epoch 39/200, Batch 300, Aver_Loss: 475.2762
Epoch 39/200, Batch 400, Aver_Loss: 477.2288
[early-stopping] Epoch 39: new best val ELBO = -480.799326
Epoch 40/200, Batch 100, Aver_Loss: 481.0609
Epoch 40/200, Batch 200, Aver_Loss: 484.7800
Epoch 40/200, Batch 300, Aver_Loss: 487.5161
Epoch 40/200, Batch 400, Aver_Loss: 482.1806
[early-stopping] Epoch 40: new best val ELBO = -480.648589
Epoch 41/200, Batch 100, Aver_Loss: 475.1201
Epoch 41/200, Batch 200, Aver_Loss: 483.3962
Epoch 41/200, Batch 300, Aver_Loss: 485.7848
Epoch 41/200, Batch 400, Aver_Loss: 482.5367
[early-stopping] Epoch 41: no improvement (1/20)
Epoch 42/200, Batch 100, Aver_Loss: 488.5440
Epoch 42/200, Batch 200, Aver_Loss: 472.5725
Epoch 42/200, Batch 300, Aver_Loss: 476.8150
Epoch 42/200, Batch 400, Aver_Loss: 478.7182
[early-stopping] Epoch 42: new best val ELBO = -480.561483
Epoch 43/200, Batch 100, Aver_Loss: 486.1575
Epoch 43/200, Batch 200, Aver_Loss: 473.2765
Epoch 43/200, Batch 300, Aver_Loss: 479.6052
Epoch 43/200, Batch 400, Aver_Loss: 488.0283
[early-stopping] Epoch 43: no improvement (1/20)
Epoch 44/200, Batch 100, Aver_Loss: 476.2614
Epoch 44/200, Batch 200, Aver_Loss: 487.1331
Epoch 44/200, Batch 300, Aver_Loss: 480.1553
Epoch 44/200, Batch 400, Aver_Loss: 489.1746
[early-stopping] Epoch 44: no improvement (2/20)
Epoch 45/200, Batch 100, Aver_Loss: 480.3401
Epoch 45/200, Batch 200, Aver_Loss: 477.8175
Epoch 45/200, Batch 300, Aver_Loss: 479.2103
Epoch 45/200, Batch 400, Aver_Loss: 476.8775
[early-stopping] Epoch 45: no improvement (3/20)
Epoch 46/200, Batch 100, Aver_Loss: 479.6662
Epoch 46/200, Batch 200, Aver_Loss: 475.9675
Epoch 46/200, Batch 300, Aver_Loss: 479.7249
Epoch 46/200, Batch 400, Aver_Loss: 482.2484
[early-stopping] Epoch 46: no improvement (4/20)
Epoch 47/200, Batch 100, Aver_Loss: 472.5642
Epoch 47/200, Batch 200, Aver_Loss: 480.3573
Epoch 47/200, Batch 300, Aver_Loss: 480.5713
Epoch 47/200, Batch 400, Aver_Loss: 477.1160
[early-stopping] Epoch 47: no improvement (5/20)
Epoch 48/200, Batch 100, Aver_Loss: 476.4106
Epoch 48/200, Batch 200, Aver_Loss: 481.7509
Epoch 48/200, Batch 300, Aver_Loss: 474.2220
Epoch 48/200, Batch 400, Aver_Loss: 479.5634
[early-stopping] Epoch 48: no improvement (6/20)
Epoch 49/200, Batch 100, Aver_Loss: 474.4085
Epoch 49/200, Batch 200, Aver_Loss: 482.6140
Epoch 49/200, Batch 300, Aver_Loss: 477.9665
Epoch 49/200, Batch 400, Aver_Loss: 477.5974
[early-stopping] Epoch 49: new best val ELBO = -480.504346
Epoch 50/200, Batch 100, Aver_Loss: 477.3679
Epoch 50/200, Batch 200, Aver_Loss: 475.8310
Epoch 50/200, Batch 300, Aver_Loss: 471.9753
Epoch 50/200, Batch 400, Aver_Loss: 482.1441
[early-stopping] Epoch 50: new best val ELBO = -480.338371
Epoch 51/200, Batch 100, Aver_Loss: 478.3003
Epoch 51/200, Batch 200, Aver_Loss: 479.2826
Epoch 51/200, Batch 300, Aver_Loss: 486.1690
Epoch 51/200, Batch 400, Aver_Loss: 490.0893
[early-stopping] Epoch 51: no improvement (1/20)
Epoch 52/200, Batch 100, Aver_Loss: 473.8963
Epoch 52/200, Batch 200, Aver_Loss: 479.6215
Epoch 52/200, Batch 300, Aver_Loss: 479.8784
Epoch 52/200, Batch 400, Aver_Loss: 486.4331
[early-stopping] Epoch 52: no improvement (2/20)
Epoch 53/200, Batch 100, Aver_Loss: 476.8091
Epoch 53/200, Batch 200, Aver_Loss: 495.7284
Epoch 53/200, Batch 300, Aver_Loss: 485.1837
Epoch 53/200, Batch 400, Aver_Loss: 477.4965
[early-stopping] Epoch 53: new best val ELBO = -480.316254
Epoch 54/200, Batch 100, Aver_Loss: 480.3539
Epoch 54/200, Batch 200, Aver_Loss: 481.2795
Epoch 54/200, Batch 300, Aver_Loss: 480.4821
Epoch 54/200, Batch 400, Aver_Loss: 477.1818
[early-stopping] Epoch 54: no improvement (1/20)
Epoch 55/200, Batch 100, Aver_Loss: 483.2498
Epoch 55/200, Batch 200, Aver_Loss: 485.7401
Epoch 55/200, Batch 300, Aver_Loss: 476.4481
Epoch 55/200, Batch 400, Aver_Loss: 477.8282
[early-stopping] Epoch 55: new best val ELBO = -480.205960
Epoch 56/200, Batch 100, Aver_Loss: 480.0423
Epoch 56/200, Batch 200, Aver_Loss: 489.3758
Epoch 56/200, Batch 300, Aver_Loss: 479.6425
Epoch 56/200, Batch 400, Aver_Loss: 480.3462
[early-stopping] Epoch 56: no improvement (1/20)
Epoch 57/200, Batch 100, Aver_Loss: 482.5334
Epoch 57/200, Batch 200, Aver_Loss: 484.4324
Epoch 57/200, Batch 300, Aver_Loss: 470.8151
Epoch 57/200, Batch 400, Aver_Loss: 472.5062
[early-stopping] Epoch 57: no improvement (2/20)
Epoch 58/200, Batch 100, Aver_Loss: 480.6923
Epoch 58/200, Batch 200, Aver_Loss: 471.6540
Epoch 58/200, Batch 300, Aver_Loss: 476.0112
Epoch 58/200, Batch 400, Aver_Loss: 490.2633
[early-stopping] Epoch 58: no improvement (3/20)
Epoch 59/200, Batch 100, Aver_Loss: 483.3252
Epoch 59/200, Batch 200, Aver_Loss: 473.8969
Epoch 59/200, Batch 300, Aver_Loss: 471.0638
Epoch 59/200, Batch 400, Aver_Loss: 481.1952
[early-stopping] Epoch 59: no improvement (4/20)
Epoch 60/200, Batch 100, Aver_Loss: 483.4332
Epoch 60/200, Batch 200, Aver_Loss: 473.8920
Epoch 60/200, Batch 300, Aver_Loss: 478.9542
Epoch 60/200, Batch 400, Aver_Loss: 475.3874
[early-stopping] Epoch 60: no improvement (5/20)
Epoch 61/200, Batch 100, Aver_Loss: 477.5847
Epoch 61/200, Batch 200, Aver_Loss: 476.1663
Epoch 61/200, Batch 300, Aver_Loss: 475.9461
Epoch 61/200, Batch 400, Aver_Loss: 477.7177
[early-stopping] Epoch 61: new best val ELBO = -480.028917
Epoch 62/200, Batch 100, Aver_Loss: 487.4537
Epoch 62/200, Batch 200, Aver_Loss: 481.8660
Epoch 62/200, Batch 300, Aver_Loss: 484.6255
Epoch 62/200, Batch 400, Aver_Loss: 483.8137
[early-stopping] Epoch 62: no improvement (1/20)
Epoch 63/200, Batch 100, Aver_Loss: 482.6336
Epoch 63/200, Batch 200, Aver_Loss: 484.4620
Epoch 63/200, Batch 300, Aver_Loss: 482.4003
Epoch 63/200, Batch 400, Aver_Loss: 481.7536
[early-stopping] Epoch 63: no improvement (2/20)
Epoch 64/200, Batch 100, Aver_Loss: 486.3949
Epoch 64/200, Batch 200, Aver_Loss: 476.7337
Epoch 64/200, Batch 300, Aver_Loss: 472.6506
Epoch 64/200, Batch 400, Aver_Loss: 467.5684
[early-stopping] Epoch 64: new best val ELBO = -479.972470
Epoch 65/200, Batch 100, Aver_Loss: 475.9694
Epoch 65/200, Batch 200, Aver_Loss: 483.4729
Epoch 65/200, Batch 300, Aver_Loss: 475.6225
Epoch 65/200, Batch 400, Aver_Loss: 482.5521
[early-stopping] Epoch 65: new best val ELBO = -479.965514
Epoch 66/200, Batch 100, Aver_Loss: 482.2533
Epoch 66/200, Batch 200, Aver_Loss: 464.3508
Epoch 66/200, Batch 300, Aver_Loss: 478.0948
Epoch 66/200, Batch 400, Aver_Loss: 474.0037
[early-stopping] Epoch 66: new best val ELBO = -479.946368
Epoch 67/200, Batch 100, Aver_Loss: 476.5297
Epoch 67/200, Batch 200, Aver_Loss: 479.3380
Epoch 67/200, Batch 300, Aver_Loss: 477.9119
Epoch 67/200, Batch 400, Aver_Loss: 476.1404
[early-stopping] Epoch 67: no improvement (1/20)
Epoch 68/200, Batch 100, Aver_Loss: 480.4591
Epoch 68/200, Batch 200, Aver_Loss: 480.2646
Epoch 68/200, Batch 300, Aver_Loss: 477.9290
Epoch 68/200, Batch 400, Aver_Loss: 485.3344
[early-stopping] Epoch 68: no improvement (2/20)
Epoch 69/200, Batch 100, Aver_Loss: 490.5490
Epoch 69/200, Batch 200, Aver_Loss: 488.8935
Epoch 69/200, Batch 300, Aver_Loss: 474.8438
Epoch 69/200, Batch 400, Aver_Loss: 484.3257
[early-stopping] Epoch 69: new best val ELBO = -479.918997
Epoch 70/200, Batch 100, Aver_Loss: 485.2950
Epoch 70/200, Batch 200, Aver_Loss: 475.2086
Epoch 70/200, Batch 300, Aver_Loss: 476.3857
Epoch 70/200, Batch 400, Aver_Loss: 481.5370
[early-stopping] Epoch 70: new best val ELBO = -479.914703
Epoch 71/200, Batch 100, Aver_Loss: 477.4142
Epoch 71/200, Batch 200, Aver_Loss: 482.8846
Epoch 71/200, Batch 300, Aver_Loss: 474.2731
Epoch 71/200, Batch 400, Aver_Loss: 471.6090
[early-stopping] Epoch 71: no improvement (1/20)
Epoch 72/200, Batch 100, Aver_Loss: 483.5158
Epoch 72/200, Batch 200, Aver_Loss: 480.1281
Epoch 72/200, Batch 300, Aver_Loss: 480.0797
Epoch 72/200, Batch 400, Aver_Loss: 482.9118
[early-stopping] Epoch 72: no improvement (2/20)
Epoch 73/200, Batch 100, Aver_Loss: 482.1382
Epoch 73/200, Batch 200, Aver_Loss: 479.7403
Epoch 73/200, Batch 300, Aver_Loss: 478.8384
Epoch 73/200, Batch 400, Aver_Loss: 480.4307
[early-stopping] Epoch 73: no improvement (3/20)
Epoch 74/200, Batch 100, Aver_Loss: 479.3952
Epoch 74/200, Batch 200, Aver_Loss: 479.1590
Epoch 74/200, Batch 300, Aver_Loss: 478.6208
Epoch 74/200, Batch 400, Aver_Loss: 485.0280
[early-stopping] Epoch 74: new best val ELBO = -479.903412
Epoch 75/200, Batch 100, Aver_Loss: 486.9377
Epoch 75/200, Batch 200, Aver_Loss: 485.4818
Epoch 75/200, Batch 300, Aver_Loss: 474.1575
Epoch 75/200, Batch 400, Aver_Loss: 488.7009
[early-stopping] Epoch 75: no improvement (1/20)
Epoch 76/200, Batch 100, Aver_Loss: 486.1295
Epoch 76/200, Batch 200, Aver_Loss: 486.7387
Epoch 76/200, Batch 300, Aver_Loss: 473.0328
Epoch 76/200, Batch 400, Aver_Loss: 481.7771
[early-stopping] Epoch 76: no improvement (2/20)
Epoch 77/200, Batch 100, Aver_Loss: 464.3524
Epoch 77/200, Batch 200, Aver_Loss: 467.0003
Epoch 77/200, Batch 300, Aver_Loss: 479.3822
Epoch 77/200, Batch 400, Aver_Loss: 472.7813
[early-stopping] Epoch 77: new best val ELBO = -479.647228
Epoch 78/200, Batch 100, Aver_Loss: 474.5378
Epoch 78/200, Batch 200, Aver_Loss: 476.4461
Epoch 78/200, Batch 300, Aver_Loss: 480.3791
Epoch 78/200, Batch 400, Aver_Loss: 486.1716
[early-stopping] Epoch 78: no improvement (1/20)
Epoch 79/200, Batch 100, Aver_Loss: 474.5859
Epoch 79/200, Batch 200, Aver_Loss: 479.0797
Epoch 79/200, Batch 300, Aver_Loss: 478.3306
Epoch 79/200, Batch 400, Aver_Loss: 477.0600
[early-stopping] Epoch 79: no improvement (2/20)
Epoch 80/200, Batch 100, Aver_Loss: 479.7641
Epoch 80/200, Batch 200, Aver_Loss: 477.1227
Epoch 80/200, Batch 300, Aver_Loss: 483.4192
Epoch 80/200, Batch 400, Aver_Loss: 473.6615
[early-stopping] Epoch 80: no improvement (3/20)
Epoch 81/200, Batch 100, Aver_Loss: 479.7345
Epoch 81/200, Batch 200, Aver_Loss: 471.2019
Epoch 81/200, Batch 300, Aver_Loss: 473.7382
Epoch 81/200, Batch 400, Aver_Loss: 482.3392
[early-stopping] Epoch 81: no improvement (4/20)
Epoch 82/200, Batch 100, Aver_Loss: 473.0382
Epoch 82/200, Batch 200, Aver_Loss: 481.7507
Epoch 82/200, Batch 300, Aver_Loss: 482.8259
Epoch 82/200, Batch 400, Aver_Loss: 474.6936
[early-stopping] Epoch 82: no improvement (5/20)
Epoch 83/200, Batch 100, Aver_Loss: 488.6708
Epoch 83/200, Batch 200, Aver_Loss: 472.5952
Epoch 83/200, Batch 300, Aver_Loss: 482.2845
Epoch 83/200, Batch 400, Aver_Loss: 483.2226
[early-stopping] Epoch 83: no improvement (6/20)
Epoch 84/200, Batch 100, Aver_Loss: 479.8064
Epoch 84/200, Batch 200, Aver_Loss: 480.5554
Epoch 84/200, Batch 300, Aver_Loss: 481.7939
Epoch 84/200, Batch 400, Aver_Loss: 492.0345
[early-stopping] Epoch 84: no improvement (7/20)
Epoch 85/200, Batch 100, Aver_Loss: 474.6013
Epoch 85/200, Batch 200, Aver_Loss: 480.3287
Epoch 85/200, Batch 300, Aver_Loss: 489.1757
Epoch 85/200, Batch 400, Aver_Loss: 480.2934
[early-stopping] Epoch 85: no improvement (8/20)
Epoch 86/200, Batch 100, Aver_Loss: 480.4164
Epoch 86/200, Batch 200, Aver_Loss: 476.9459
Epoch 86/200, Batch 300, Aver_Loss: 482.2745
Epoch 86/200, Batch 400, Aver_Loss: 479.3495
[early-stopping] Epoch 86: no improvement (9/20)
Epoch 87/200, Batch 100, Aver_Loss: 480.9298
Epoch 87/200, Batch 200, Aver_Loss: 480.3557
Epoch 87/200, Batch 300, Aver_Loss: 484.4862
Epoch 87/200, Batch 400, Aver_Loss: 474.6203
[early-stopping] Epoch 87: no improvement (10/20)
Epoch 88/200, Batch 100, Aver_Loss: 489.0214
Epoch 88/200, Batch 200, Aver_Loss: 477.3446
Epoch 88/200, Batch 300, Aver_Loss: 484.3578
Epoch 88/200, Batch 400, Aver_Loss: 482.7997
[early-stopping] Epoch 88: no improvement (11/20)
Epoch 89/200, Batch 100, Aver_Loss: 477.6256
Epoch 89/200, Batch 200, Aver_Loss: 480.7610
Epoch 89/200, Batch 300, Aver_Loss: 478.5901
Epoch 89/200, Batch 400, Aver_Loss: 488.6866
[early-stopping] Epoch 89: new best val ELBO = -479.545974
Epoch 90/200, Batch 100, Aver_Loss: 478.4989
Epoch 90/200, Batch 200, Aver_Loss: 483.6822
Epoch 90/200, Batch 300, Aver_Loss: 478.9747
Epoch 90/200, Batch 400, Aver_Loss: 479.9137
[early-stopping] Epoch 90: no improvement (1/20)
Epoch 91/200, Batch 100, Aver_Loss: 477.6458
Epoch 91/200, Batch 200, Aver_Loss: 479.8883
Epoch 91/200, Batch 300, Aver_Loss: 473.7927
Epoch 91/200, Batch 400, Aver_Loss: 478.5240
[early-stopping] Epoch 91: no improvement (2/20)
Epoch 92/200, Batch 100, Aver_Loss: 486.4866
Epoch 92/200, Batch 200, Aver_Loss: 486.3100
Epoch 92/200, Batch 300, Aver_Loss: 477.0740
Epoch 92/200, Batch 400, Aver_Loss: 481.0620
[early-stopping] Epoch 92: new best val ELBO = -479.490588
Epoch 93/200, Batch 100, Aver_Loss: 476.7662
Epoch 93/200, Batch 200, Aver_Loss: 481.6522
Epoch 93/200, Batch 300, Aver_Loss: 478.3524
Epoch 93/200, Batch 400, Aver_Loss: 488.1436
[early-stopping] Epoch 93: no improvement (1/20)
Epoch 94/200, Batch 100, Aver_Loss: 484.9084
Epoch 94/200, Batch 200, Aver_Loss: 479.3757
Epoch 94/200, Batch 300, Aver_Loss: 475.2153
Epoch 94/200, Batch 400, Aver_Loss: 482.5246
[early-stopping] Epoch 94: new best val ELBO = -479.449706
Epoch 95/200, Batch 100, Aver_Loss: 476.9337
Epoch 95/200, Batch 200, Aver_Loss: 477.5521
Epoch 95/200, Batch 300, Aver_Loss: 479.4459
Epoch 95/200, Batch 400, Aver_Loss: 480.3129
[early-stopping] Epoch 95: no improvement (1/20)
Epoch 96/200, Batch 100, Aver_Loss: 480.3244
Epoch 96/200, Batch 200, Aver_Loss: 478.1069
Epoch 96/200, Batch 300, Aver_Loss: 471.9508
Epoch 96/200, Batch 400, Aver_Loss: 479.5462
[early-stopping] Epoch 96: no improvement (2/20)
Epoch 97/200, Batch 100, Aver_Loss: 480.1235
Epoch 97/200, Batch 200, Aver_Loss: 478.8643
Epoch 97/200, Batch 300, Aver_Loss: 473.6218
Epoch 97/200, Batch 400, Aver_Loss: 481.6847
[early-stopping] Epoch 97: no improvement (3/20)
Epoch 98/200, Batch 100, Aver_Loss: 479.1223
Epoch 98/200, Batch 200, Aver_Loss: 468.6486
Epoch 98/200, Batch 300, Aver_Loss: 475.3004
Epoch 98/200, Batch 400, Aver_Loss: 476.8564
[early-stopping] Epoch 98: no improvement (4/20)
Epoch 99/200, Batch 100, Aver_Loss: 480.5448
Epoch 99/200, Batch 200, Aver_Loss: 469.7794
Epoch 99/200, Batch 300, Aver_Loss: 468.5230
Epoch 99/200, Batch 400, Aver_Loss: 480.7250
[early-stopping] Epoch 99: no improvement (5/20)
Epoch 100/200, Batch 100, Aver_Loss: 480.6530
Epoch 100/200, Batch 200, Aver_Loss: 483.2262
Epoch 100/200, Batch 300, Aver_Loss: 479.6450
Epoch 100/200, Batch 400, Aver_Loss: 480.6818
[early-stopping] Epoch 100: new best val ELBO = -479.377229
Epoch 101/200, Batch 100, Aver_Loss: 478.0129
Epoch 101/200, Batch 200, Aver_Loss: 485.5873
Epoch 101/200, Batch 300, Aver_Loss: 479.7461
Epoch 101/200, Batch 400, Aver_Loss: 470.8256
[early-stopping] Epoch 101: no improvement (1/20)
Epoch 102/200, Batch 100, Aver_Loss: 479.7793
Epoch 102/200, Batch 200, Aver_Loss: 473.9805
Epoch 102/200, Batch 300, Aver_Loss: 482.3499
Epoch 102/200, Batch 400, Aver_Loss: 479.7022
[early-stopping] Epoch 102: no improvement (2/20)
Epoch 103/200, Batch 100, Aver_Loss: 469.2638
Epoch 103/200, Batch 200, Aver_Loss: 480.3262
Epoch 103/200, Batch 300, Aver_Loss: 480.4180
Epoch 103/200, Batch 400, Aver_Loss: 483.7753
[early-stopping] Epoch 103: no improvement (3/20)
Epoch 104/200, Batch 100, Aver_Loss: 481.5865
Epoch 104/200, Batch 200, Aver_Loss: 484.9544
Epoch 104/200, Batch 300, Aver_Loss: 482.8348
Epoch 104/200, Batch 400, Aver_Loss: 482.2478
[early-stopping] Epoch 104: no improvement (4/20)
Epoch 105/200, Batch 100, Aver_Loss: 484.5877
Epoch 105/200, Batch 200, Aver_Loss: 472.3602
Epoch 105/200, Batch 300, Aver_Loss: 479.4393
Epoch 105/200, Batch 400, Aver_Loss: 482.6071
[early-stopping] Epoch 105: no improvement (5/20)
Epoch 106/200, Batch 100, Aver_Loss: 483.6218
Epoch 106/200, Batch 200, Aver_Loss: 480.3995
Epoch 106/200, Batch 300, Aver_Loss: 476.9284
Epoch 106/200, Batch 400, Aver_Loss: 485.2403
[early-stopping] Epoch 106: no improvement (6/20)
Epoch 107/200, Batch 100, Aver_Loss: 481.4716
Epoch 107/200, Batch 200, Aver_Loss: 476.3230
Epoch 107/200, Batch 300, Aver_Loss: 488.0018
Epoch 107/200, Batch 400, Aver_Loss: 475.4246
[early-stopping] Epoch 107: no improvement (7/20)
Epoch 108/200, Batch 100, Aver_Loss: 486.1484
Epoch 108/200, Batch 200, Aver_Loss: 474.2705
Epoch 108/200, Batch 300, Aver_Loss: 471.1216
Epoch 108/200, Batch 400, Aver_Loss: 482.5749
[early-stopping] Epoch 108: no improvement (8/20)
Epoch 109/200, Batch 100, Aver_Loss: 482.7186
Epoch 109/200, Batch 200, Aver_Loss: 470.9059
Epoch 109/200, Batch 300, Aver_Loss: 475.7643
Epoch 109/200, Batch 400, Aver_Loss: 483.8404
[early-stopping] Epoch 109: new best val ELBO = -479.358801
Epoch 110/200, Batch 100, Aver_Loss: 478.8164
Epoch 110/200, Batch 200, Aver_Loss: 481.7683
Epoch 110/200, Batch 300, Aver_Loss: 476.7453
Epoch 110/200, Batch 400, Aver_Loss: 476.5132
[early-stopping] Epoch 110: no improvement (1/20)
Epoch 111/200, Batch 100, Aver_Loss: 473.1347
Epoch 111/200, Batch 200, Aver_Loss: 486.6881
Epoch 111/200, Batch 300, Aver_Loss: 482.7102
Epoch 111/200, Batch 400, Aver_Loss: 479.2257
[early-stopping] Epoch 111: new best val ELBO = -479.237779
Epoch 112/200, Batch 100, Aver_Loss: 483.6948
Epoch 112/200, Batch 200, Aver_Loss: 478.5453
Epoch 112/200, Batch 300, Aver_Loss: 481.4511
Epoch 112/200, Batch 400, Aver_Loss: 464.7508
[early-stopping] Epoch 112: no improvement (1/20)
Epoch 113/200, Batch 100, Aver_Loss: 479.2524
Epoch 113/200, Batch 200, Aver_Loss: 480.6929
Epoch 113/200, Batch 300, Aver_Loss: 484.3770
Epoch 113/200, Batch 400, Aver_Loss: 481.2767
[early-stopping] Epoch 113: no improvement (2/20)
Epoch 114/200, Batch 100, Aver_Loss: 476.6520
Epoch 114/200, Batch 200, Aver_Loss: 465.4855
Epoch 114/200, Batch 300, Aver_Loss: 480.8997
Epoch 114/200, Batch 400, Aver_Loss: 479.1526
[early-stopping] Epoch 114: no improvement (3/20)
Epoch 115/200, Batch 100, Aver_Loss: 483.8289
Epoch 115/200, Batch 200, Aver_Loss: 476.4830
Epoch 115/200, Batch 300, Aver_Loss: 472.2332
Epoch 115/200, Batch 400, Aver_Loss: 476.1675
[early-stopping] Epoch 115: new best val ELBO = -479.161814
Epoch 116/200, Batch 100, Aver_Loss: 460.9260
Epoch 116/200, Batch 200, Aver_Loss: 478.8933
Epoch 116/200, Batch 300, Aver_Loss: 482.2805
Epoch 116/200, Batch 400, Aver_Loss: 490.9537
[early-stopping] Epoch 116: no improvement (1/20)
Epoch 117/200, Batch 100, Aver_Loss: 475.8297
Epoch 117/200, Batch 200, Aver_Loss: 483.4034
Epoch 117/200, Batch 300, Aver_Loss: 472.3133
Epoch 117/200, Batch 400, Aver_Loss: 464.7699
[early-stopping] Epoch 117: no improvement (2/20)
Epoch 118/200, Batch 100, Aver_Loss: 486.0029
Epoch 118/200, Batch 200, Aver_Loss: 483.7415
Epoch 118/200, Batch 300, Aver_Loss: 483.8513
Epoch 118/200, Batch 400, Aver_Loss: 476.8820
[early-stopping] Epoch 118: no improvement (3/20)
Epoch 119/200, Batch 100, Aver_Loss: 486.6187
Epoch 119/200, Batch 200, Aver_Loss: 472.0479
Epoch 119/200, Batch 300, Aver_Loss: 471.8008
Epoch 119/200, Batch 400, Aver_Loss: 483.3770
[early-stopping] Epoch 119: no improvement (4/20)
Epoch 120/200, Batch 100, Aver_Loss: 484.8942
Epoch 120/200, Batch 200, Aver_Loss: 475.1196
Epoch 120/200, Batch 300, Aver_Loss: 484.1323
Epoch 120/200, Batch 400, Aver_Loss: 477.6800
[early-stopping] Epoch 120: no improvement (5/20)
Epoch 121/200, Batch 100, Aver_Loss: 477.0653
Epoch 121/200, Batch 200, Aver_Loss: 476.0205
Epoch 121/200, Batch 300, Aver_Loss: 472.6047
Epoch 121/200, Batch 400, Aver_Loss: 476.9671
[early-stopping] Epoch 121: no improvement (6/20)
Epoch 122/200, Batch 100, Aver_Loss: 480.9149
Epoch 122/200, Batch 200, Aver_Loss: 473.1258
Epoch 122/200, Batch 300, Aver_Loss: 477.0298
Epoch 122/200, Batch 400, Aver_Loss: 486.8043
[early-stopping] Epoch 122: no improvement (7/20)
Epoch 123/200, Batch 100, Aver_Loss: 480.8446
Epoch 123/200, Batch 200, Aver_Loss: 475.3601
Epoch 123/200, Batch 300, Aver_Loss: 474.9544
Epoch 123/200, Batch 400, Aver_Loss: 479.3054
[early-stopping] Epoch 123: no improvement (8/20)
Epoch 124/200, Batch 100, Aver_Loss: 481.5416
Epoch 124/200, Batch 200, Aver_Loss: 481.6417
Epoch 124/200, Batch 300, Aver_Loss: 473.4095
Epoch 124/200, Batch 400, Aver_Loss: 480.2987
[early-stopping] Epoch 124: no improvement (9/20)
Epoch 125/200, Batch 100, Aver_Loss: 483.0107
Epoch 125/200, Batch 200, Aver_Loss: 484.5070
Epoch 125/200, Batch 300, Aver_Loss: 486.5550
Epoch 125/200, Batch 400, Aver_Loss: 481.0153
[early-stopping] Epoch 125: no improvement (10/20)
Epoch 126/200, Batch 100, Aver_Loss: 484.2571
Epoch 126/200, Batch 200, Aver_Loss: 473.1898
Epoch 126/200, Batch 300, Aver_Loss: 491.1799
Epoch 126/200, Batch 400, Aver_Loss: 474.1523
[early-stopping] Epoch 126: no improvement (11/20)
Epoch 127/200, Batch 100, Aver_Loss: 482.3831
Epoch 127/200, Batch 200, Aver_Loss: 474.3058
Epoch 127/200, Batch 300, Aver_Loss: 485.6976
Epoch 127/200, Batch 400, Aver_Loss: 479.4659
[early-stopping] Epoch 127: no improvement (12/20)
Epoch 128/200, Batch 100, Aver_Loss: 484.7601
Epoch 128/200, Batch 200, Aver_Loss: 477.0197
Epoch 128/200, Batch 300, Aver_Loss: 477.0392
Epoch 128/200, Batch 400, Aver_Loss: 474.0150
[early-stopping] Epoch 128: no improvement (13/20)
Epoch 129/200, Batch 100, Aver_Loss: 475.8194
Epoch 129/200, Batch 200, Aver_Loss: 478.9659
Epoch 129/200, Batch 300, Aver_Loss: 486.5169
Epoch 129/200, Batch 400, Aver_Loss: 483.4049
[early-stopping] Epoch 129: no improvement (14/20)
Epoch 130/200, Batch 100, Aver_Loss: 474.2264
Epoch 130/200, Batch 200, Aver_Loss: 476.5748
Epoch 130/200, Batch 300, Aver_Loss: 478.2190
Epoch 130/200, Batch 400, Aver_Loss: 480.6533
[early-stopping] Epoch 130: no improvement (15/20)
Epoch 131/200, Batch 100, Aver_Loss: 480.6885
Epoch 131/200, Batch 200, Aver_Loss: 479.7862
Epoch 131/200, Batch 300, Aver_Loss: 473.0586
Epoch 131/200, Batch 400, Aver_Loss: 479.7097
[early-stopping] Epoch 131: no improvement (16/20)
Epoch 132/200, Batch 100, Aver_Loss: 477.1818
Epoch 132/200, Batch 200, Aver_Loss: 482.2273
Epoch 132/200, Batch 300, Aver_Loss: 482.3173
Epoch 132/200, Batch 400, Aver_Loss: 485.1687
[early-stopping] Epoch 132: no improvement (17/20)
Epoch 133/200, Batch 100, Aver_Loss: 492.6027
Epoch 133/200, Batch 200, Aver_Loss: 475.0590
Epoch 133/200, Batch 300, Aver_Loss: 485.8849
Epoch 133/200, Batch 400, Aver_Loss: 483.8756
[early-stopping] Epoch 133: new best val ELBO = -479.071823
Epoch 134/200, Batch 100, Aver_Loss: 473.0258
Epoch 134/200, Batch 200, Aver_Loss: 479.5641
Epoch 134/200, Batch 300, Aver_Loss: 482.3888
Epoch 134/200, Batch 400, Aver_Loss: 476.5024
[early-stopping] Epoch 134: no improvement (1/20)
Epoch 135/200, Batch 100, Aver_Loss: 485.8701
Epoch 135/200, Batch 200, Aver_Loss: 478.6094
Epoch 135/200, Batch 300, Aver_Loss: 475.0192
Epoch 135/200, Batch 400, Aver_Loss: 481.7369
[early-stopping] Epoch 135: no improvement (2/20)
Epoch 136/200, Batch 100, Aver_Loss: 483.6133
Epoch 136/200, Batch 200, Aver_Loss: 483.6429
Epoch 136/200, Batch 300, Aver_Loss: 471.3595
Epoch 136/200, Batch 400, Aver_Loss: 479.4820
[early-stopping] Epoch 136: no improvement (3/20)
Epoch 137/200, Batch 100, Aver_Loss: 484.3810
Epoch 137/200, Batch 200, Aver_Loss: 469.4044
Epoch 137/200, Batch 300, Aver_Loss: 486.6710
Epoch 137/200, Batch 400, Aver_Loss: 480.5825
[early-stopping] Epoch 137: no improvement (4/20)
Epoch 138/200, Batch 100, Aver_Loss: 480.7306
Epoch 138/200, Batch 200, Aver_Loss: 484.9090
Epoch 138/200, Batch 300, Aver_Loss: 483.6768
Epoch 138/200, Batch 400, Aver_Loss: 482.3153
[early-stopping] Epoch 138: no improvement (5/20)
Epoch 139/200, Batch 100, Aver_Loss: 470.9434
Epoch 139/200, Batch 200, Aver_Loss: 474.9956
Epoch 139/200, Batch 300, Aver_Loss: 478.8593
Epoch 139/200, Batch 400, Aver_Loss: 474.6136
[early-stopping] Epoch 139: no improvement (6/20)
Epoch 140/200, Batch 100, Aver_Loss: 476.1912
Epoch 140/200, Batch 200, Aver_Loss: 476.1253
Epoch 140/200, Batch 300, Aver_Loss: 483.4427
Epoch 140/200, Batch 400, Aver_Loss: 473.6822
[early-stopping] Epoch 140: no improvement (7/20)
Epoch 141/200, Batch 100, Aver_Loss: 475.4947
Epoch 141/200, Batch 200, Aver_Loss: 474.6414
Epoch 141/200, Batch 300, Aver_Loss: 484.1828
Epoch 141/200, Batch 400, Aver_Loss: 479.8333
[early-stopping] Epoch 141: no improvement (8/20)
Epoch 142/200, Batch 100, Aver_Loss: 485.0503
Epoch 142/200, Batch 200, Aver_Loss: 477.7867
Epoch 142/200, Batch 300, Aver_Loss: 479.4703
Epoch 142/200, Batch 400, Aver_Loss: 478.0562
[early-stopping] Epoch 142: no improvement (9/20)
Epoch 143/200, Batch 100, Aver_Loss: 484.8816
Epoch 143/200, Batch 200, Aver_Loss: 480.4545
Epoch 143/200, Batch 300, Aver_Loss: 472.0201
Epoch 143/200, Batch 400, Aver_Loss: 483.6235
[early-stopping] Epoch 143: no improvement (10/20)
Epoch 144/200, Batch 100, Aver_Loss: 482.3624
Epoch 144/200, Batch 200, Aver_Loss: 470.2292
Epoch 144/200, Batch 300, Aver_Loss: 474.3264
Epoch 144/200, Batch 400, Aver_Loss: 481.9542
[early-stopping] Epoch 144: no improvement (11/20)
Epoch 145/200, Batch 100, Aver_Loss: 480.8424
Epoch 145/200, Batch 200, Aver_Loss: 479.9807
Epoch 145/200, Batch 300, Aver_Loss: 475.5242
Epoch 145/200, Batch 400, Aver_Loss: 473.6032
[early-stopping] Epoch 145: no improvement (12/20)
Epoch 146/200, Batch 100, Aver_Loss: 483.7489
Epoch 146/200, Batch 200, Aver_Loss: 480.5023
Epoch 146/200, Batch 300, Aver_Loss: 476.9786
Epoch 146/200, Batch 400, Aver_Loss: 478.6973
[early-stopping] Epoch 146: no improvement (13/20)
Epoch 147/200, Batch 100, Aver_Loss: 488.3902
Epoch 147/200, Batch 200, Aver_Loss: 487.8990
Epoch 147/200, Batch 300, Aver_Loss: 484.5067
Epoch 147/200, Batch 400, Aver_Loss: 473.3604
[early-stopping] Epoch 147: new best val ELBO = -478.915290
Epoch 148/200, Batch 100, Aver_Loss: 476.2387
Epoch 148/200, Batch 200, Aver_Loss: 491.1888
Epoch 148/200, Batch 300, Aver_Loss: 477.6916
Epoch 148/200, Batch 400, Aver_Loss: 483.7997
[early-stopping] Epoch 148: no improvement (1/20)
Epoch 149/200, Batch 100, Aver_Loss: 483.3228
Epoch 149/200, Batch 200, Aver_Loss: 481.0406
Epoch 149/200, Batch 300, Aver_Loss: 482.2249
Epoch 149/200, Batch 400, Aver_Loss: 476.1310
[early-stopping] Epoch 149: no improvement (2/20)
Epoch 150/200, Batch 100, Aver_Loss: 489.2937
Epoch 150/200, Batch 200, Aver_Loss: 475.5121
Epoch 150/200, Batch 300, Aver_Loss: 475.2179
Epoch 150/200, Batch 400, Aver_Loss: 479.4416
[early-stopping] Epoch 150: no improvement (3/20)
Epoch 151/200, Batch 100, Aver_Loss: 475.3829
Epoch 151/200, Batch 200, Aver_Loss: 471.2481
Epoch 151/200, Batch 300, Aver_Loss: 485.5662
Epoch 151/200, Batch 400, Aver_Loss: 477.3679
[early-stopping] Epoch 151: no improvement (4/20)
Epoch 152/200, Batch 100, Aver_Loss: 478.7526
Epoch 152/200, Batch 200, Aver_Loss: 481.3442
Epoch 152/200, Batch 300, Aver_Loss: 472.2824
Epoch 152/200, Batch 400, Aver_Loss: 483.6149
[early-stopping] Epoch 152: no improvement (5/20)
Epoch 153/200, Batch 100, Aver_Loss: 478.4562
Epoch 153/200, Batch 200, Aver_Loss: 470.7224
Epoch 153/200, Batch 300, Aver_Loss: 482.8860
Epoch 153/200, Batch 400, Aver_Loss: 486.7928
[early-stopping] Epoch 153: no improvement (6/20)
Epoch 154/200, Batch 100, Aver_Loss: 471.5720
Epoch 154/200, Batch 200, Aver_Loss: 481.6369
Epoch 154/200, Batch 300, Aver_Loss: 481.9696
Epoch 154/200, Batch 400, Aver_Loss: 481.7916
[early-stopping] Epoch 154: no improvement (7/20)
Epoch 155/200, Batch 100, Aver_Loss: 477.3112
Epoch 155/200, Batch 200, Aver_Loss: 486.7696
Epoch 155/200, Batch 300, Aver_Loss: 476.1640
Epoch 155/200, Batch 400, Aver_Loss: 479.0575
[early-stopping] Epoch 155: no improvement (8/20)
Epoch 156/200, Batch 100, Aver_Loss: 483.6029
Epoch 156/200, Batch 200, Aver_Loss: 469.0596
Epoch 156/200, Batch 300, Aver_Loss: 473.5732
Epoch 156/200, Batch 400, Aver_Loss: 477.0206
[early-stopping] Epoch 156: no improvement (9/20)
Epoch 157/200, Batch 100, Aver_Loss: 478.1364
Epoch 157/200, Batch 200, Aver_Loss: 472.9416
Epoch 157/200, Batch 300, Aver_Loss: 475.1190
Epoch 157/200, Batch 400, Aver_Loss: 477.6384
[early-stopping] Epoch 157: no improvement (10/20)
Epoch 158/200, Batch 100, Aver_Loss: 478.2993
Epoch 158/200, Batch 200, Aver_Loss: 477.4785
Epoch 158/200, Batch 300, Aver_Loss: 473.8013
Epoch 158/200, Batch 400, Aver_Loss: 475.3319
[early-stopping] Epoch 158: no improvement (11/20)
Epoch 159/200, Batch 100, Aver_Loss: 478.9780
Epoch 159/200, Batch 200, Aver_Loss: 474.4584
Epoch 159/200, Batch 300, Aver_Loss: 475.4456
Epoch 159/200, Batch 400, Aver_Loss: 482.4674
[early-stopping] Epoch 159: no improvement (12/20)
Epoch 160/200, Batch 100, Aver_Loss: 475.2948
Epoch 160/200, Batch 200, Aver_Loss: 484.9789
Epoch 160/200, Batch 300, Aver_Loss: 477.7149
Epoch 160/200, Batch 400, Aver_Loss: 473.4035
[early-stopping] Epoch 160: no improvement (13/20)
Epoch 161/200, Batch 100, Aver_Loss: 482.2419
Epoch 161/200, Batch 200, Aver_Loss: 471.7064
Epoch 161/200, Batch 300, Aver_Loss: 480.8952
Epoch 161/200, Batch 400, Aver_Loss: 472.1177
[early-stopping] Epoch 161: no improvement (14/20)
Epoch 162/200, Batch 100, Aver_Loss: 476.5212
Epoch 162/200, Batch 200, Aver_Loss: 473.8225
Epoch 162/200, Batch 300, Aver_Loss: 484.3519
Epoch 162/200, Batch 400, Aver_Loss: 484.2334
[early-stopping] Epoch 162: no improvement (15/20)
Epoch 163/200, Batch 100, Aver_Loss: 482.8171
Epoch 163/200, Batch 200, Aver_Loss: 472.3869
Epoch 163/200, Batch 300, Aver_Loss: 478.2587
Epoch 163/200, Batch 400, Aver_Loss: 473.6121
[early-stopping] Epoch 163: no improvement (16/20)
Epoch 164/200, Batch 100, Aver_Loss: 483.6178
Epoch 164/200, Batch 200, Aver_Loss: 475.6651
Epoch 164/200, Batch 300, Aver_Loss: 474.5702
Epoch 164/200, Batch 400, Aver_Loss: 475.3524
[early-stopping] Epoch 164: no improvement (17/20)
Epoch 165/200, Batch 100, Aver_Loss: 488.4959
Epoch 165/200, Batch 200, Aver_Loss: 478.9775
Epoch 165/200, Batch 300, Aver_Loss: 467.6117
Epoch 165/200, Batch 400, Aver_Loss: 482.0646
[early-stopping] Epoch 165: no improvement (18/20)
Epoch 166/200, Batch 100, Aver_Loss: 479.1664
Epoch 166/200, Batch 200, Aver_Loss: 473.6151
Epoch 166/200, Batch 300, Aver_Loss: 479.9473
Epoch 166/200, Batch 400, Aver_Loss: 487.9604
[early-stopping] Epoch 166: no improvement (19/20)
Epoch 167/200, Batch 100, Aver_Loss: 483.5287
Epoch 167/200, Batch 200, Aver_Loss: 477.7560
Epoch 167/200, Batch 300, Aver_Loss: 471.7795
Epoch 167/200, Batch 400, Aver_Loss: 484.2423
[early-stopping] Epoch 167: no improvement (20/20)
[early-stopping] Patience reached. Stopping at epoch 167. Best epoch: 147, best val ELBO: -478.915290
[early-stopping] Loaded best model from epoch 147 (val ELBO = -478.915290)
[checkpoint] Saved best model to: trained_parameters/mnist_background_images_zdim256_VAE.pkl
[saved curves] ./results/MNIST_BG_IM/curves/mnist_background_images_vae_d256_s777.json

==== Evaluation Summary ====
                 model: vae
   recon/mse_per_pixel: 0.029573
            elbo/train: -478.378928
             elbo/test: -479.007807
             mse/train: 0.029377
              mse/test: 0.029573
             probe/acc: 0.753548
             probe/nll: 0.769700
           probe/brier: 0.345453
             probe/ece: 0.034019
           cluster/nmi: 0.248276
           cluster/ari: 0.157863
============================

