/usr/bin/which: no fi_info in (/arf/home/meyavuz/.local/bin:/arf/sw/comp/python/intelpython3/condabin:/arf/sw/comp/python/intelpython3/bin:/usr/share/Modules/bin:/usr/local/bin:/usr/bin:/usr/local/sbin:/usr/sbin)
Extension for Scikit-learn* enabled (https://github.com/uxlfoundation/scikit-learn-intelex)
/arf/home/meyavuz/.conda/envs/sbn/lib/python3.9/site-packages/sklearn/linear_model/_logistic.py:1247: FutureWarning: 'multi_class' was deprecated in version 1.5 and will be removed in 1.7. From then on, it will always use 'multinomial'. Leave it to its default value to avoid this warning.
  warnings.warn(
Epoch 1/200, Batch 100, Aver_Loss: 207.8718
Epoch 1/200, Batch 200, Aver_Loss: 183.0360
Epoch 1/200, Batch 300, Aver_Loss: 173.6925
Epoch 1/200, Batch 400, Aver_Loss: 170.2652
[early-stopping] Epoch 1: new best val ELBO = -164.890561
Epoch 2/200, Batch 100, Aver_Loss: 164.1286
Epoch 2/200, Batch 200, Aver_Loss: 165.1398
Epoch 2/200, Batch 300, Aver_Loss: 164.2009
Epoch 2/200, Batch 400, Aver_Loss: 161.4400
[early-stopping] Epoch 2: new best val ELBO = -160.948677
Epoch 3/200, Batch 100, Aver_Loss: 157.9784
Epoch 3/200, Batch 200, Aver_Loss: 152.8176
Epoch 3/200, Batch 300, Aver_Loss: 152.5457
Epoch 3/200, Batch 400, Aver_Loss: 152.5710
[early-stopping] Epoch 3: new best val ELBO = -145.081010
Epoch 4/200, Batch 100, Aver_Loss: 140.9245
Epoch 4/200, Batch 200, Aver_Loss: 143.3535
Epoch 4/200, Batch 300, Aver_Loss: 144.1972
Epoch 4/200, Batch 400, Aver_Loss: 140.6499
[early-stopping] Epoch 4: new best val ELBO = -134.795499
Epoch 5/200, Batch 100, Aver_Loss: 130.1992
Epoch 5/200, Batch 200, Aver_Loss: 132.5408
Epoch 5/200, Batch 300, Aver_Loss: 135.7404
Epoch 5/200, Batch 400, Aver_Loss: 128.9730
[early-stopping] Epoch 5: new best val ELBO = -129.422174
Epoch 6/200, Batch 100, Aver_Loss: 129.2207
Epoch 6/200, Batch 200, Aver_Loss: 129.0933
Epoch 6/200, Batch 300, Aver_Loss: 124.7858
Epoch 6/200, Batch 400, Aver_Loss: 121.4490
[early-stopping] Epoch 6: new best val ELBO = -123.212322
Epoch 7/200, Batch 100, Aver_Loss: 125.2746
Epoch 7/200, Batch 200, Aver_Loss: 128.0958
Epoch 7/200, Batch 300, Aver_Loss: 121.4283
Epoch 7/200, Batch 400, Aver_Loss: 123.4860
[early-stopping] Epoch 7: new best val ELBO = -119.558830
Epoch 8/200, Batch 100, Aver_Loss: 121.7919
Epoch 8/200, Batch 200, Aver_Loss: 119.1663
Epoch 8/200, Batch 300, Aver_Loss: 122.4235
Epoch 8/200, Batch 400, Aver_Loss: 119.0634
[early-stopping] Epoch 8: new best val ELBO = -117.384586
Epoch 9/200, Batch 100, Aver_Loss: 122.8520
Epoch 9/200, Batch 200, Aver_Loss: 117.8065
Epoch 9/200, Batch 300, Aver_Loss: 118.0661
Epoch 9/200, Batch 400, Aver_Loss: 116.6382
[early-stopping] Epoch 9: new best val ELBO = -115.830530
Epoch 10/200, Batch 100, Aver_Loss: 115.8631
Epoch 10/200, Batch 200, Aver_Loss: 114.4086
Epoch 10/200, Batch 300, Aver_Loss: 117.8403
Epoch 10/200, Batch 400, Aver_Loss: 112.9729
[early-stopping] Epoch 10: new best val ELBO = -114.936553
Epoch 11/200, Batch 100, Aver_Loss: 117.5961
Epoch 11/200, Batch 200, Aver_Loss: 116.9100
Epoch 11/200, Batch 300, Aver_Loss: 116.2219
Epoch 11/200, Batch 400, Aver_Loss: 113.0457
[early-stopping] Epoch 11: new best val ELBO = -113.817783
Epoch 12/200, Batch 100, Aver_Loss: 115.6069
Epoch 12/200, Batch 200, Aver_Loss: 108.5762
Epoch 12/200, Batch 300, Aver_Loss: 114.6207
Epoch 12/200, Batch 400, Aver_Loss: 109.4150
[early-stopping] Epoch 12: new best val ELBO = -113.271838
Epoch 13/200, Batch 100, Aver_Loss: 109.6259
Epoch 13/200, Batch 200, Aver_Loss: 108.7370
Epoch 13/200, Batch 300, Aver_Loss: 114.2118
Epoch 13/200, Batch 400, Aver_Loss: 111.6934
[early-stopping] Epoch 13: new best val ELBO = -112.625885
Epoch 14/200, Batch 100, Aver_Loss: 114.5988
Epoch 14/200, Batch 200, Aver_Loss: 115.7235
Epoch 14/200, Batch 300, Aver_Loss: 108.2577
Epoch 14/200, Batch 400, Aver_Loss: 111.3452
[early-stopping] Epoch 14: new best val ELBO = -112.219017
Epoch 15/200, Batch 100, Aver_Loss: 106.6450
Epoch 15/200, Batch 200, Aver_Loss: 112.5802
Epoch 15/200, Batch 300, Aver_Loss: 112.1172
Epoch 15/200, Batch 400, Aver_Loss: 109.3007
[early-stopping] Epoch 15: new best val ELBO = -111.374183
Epoch 16/200, Batch 100, Aver_Loss: 112.3133
Epoch 16/200, Batch 200, Aver_Loss: 113.8393
Epoch 16/200, Batch 300, Aver_Loss: 113.9814
Epoch 16/200, Batch 400, Aver_Loss: 106.7763
[early-stopping] Epoch 16: new best val ELBO = -110.535232
Epoch 17/200, Batch 100, Aver_Loss: 109.1292
Epoch 17/200, Batch 200, Aver_Loss: 114.8194
Epoch 17/200, Batch 300, Aver_Loss: 107.7613
Epoch 17/200, Batch 400, Aver_Loss: 105.6512
[early-stopping] Epoch 17: no improvement (1/20)
Epoch 18/200, Batch 100, Aver_Loss: 109.1242
Epoch 18/200, Batch 200, Aver_Loss: 106.5274
Epoch 18/200, Batch 300, Aver_Loss: 105.8723
Epoch 18/200, Batch 400, Aver_Loss: 107.8044
[early-stopping] Epoch 18: new best val ELBO = -110.038226
Epoch 19/200, Batch 100, Aver_Loss: 113.4309
Epoch 19/200, Batch 200, Aver_Loss: 110.6806
Epoch 19/200, Batch 300, Aver_Loss: 111.7668
Epoch 19/200, Batch 400, Aver_Loss: 110.7079
[early-stopping] Epoch 19: new best val ELBO = -109.664058
Epoch 20/200, Batch 100, Aver_Loss: 110.9478
Epoch 20/200, Batch 200, Aver_Loss: 109.8187
Epoch 20/200, Batch 300, Aver_Loss: 113.5638
Epoch 20/200, Batch 400, Aver_Loss: 111.8569
[early-stopping] Epoch 20: new best val ELBO = -109.481196
Epoch 21/200, Batch 100, Aver_Loss: 105.5438
Epoch 21/200, Batch 200, Aver_Loss: 107.8034
Epoch 21/200, Batch 300, Aver_Loss: 109.5031
Epoch 21/200, Batch 400, Aver_Loss: 112.0082
[early-stopping] Epoch 21: new best val ELBO = -109.004098
Epoch 22/200, Batch 100, Aver_Loss: 110.9714
Epoch 22/200, Batch 200, Aver_Loss: 106.5917
Epoch 22/200, Batch 300, Aver_Loss: 105.7649
Epoch 22/200, Batch 400, Aver_Loss: 105.0783
[early-stopping] Epoch 22: new best val ELBO = -108.965652
Epoch 23/200, Batch 100, Aver_Loss: 108.7714
Epoch 23/200, Batch 200, Aver_Loss: 111.6731
Epoch 23/200, Batch 300, Aver_Loss: 106.5057
Epoch 23/200, Batch 400, Aver_Loss: 107.8091
[early-stopping] Epoch 23: new best val ELBO = -108.627954
Epoch 24/200, Batch 100, Aver_Loss: 103.5788
Epoch 24/200, Batch 200, Aver_Loss: 112.6859
Epoch 24/200, Batch 300, Aver_Loss: 107.8297
Epoch 24/200, Batch 400, Aver_Loss: 105.7295
[early-stopping] Epoch 24: new best val ELBO = -108.381429
Epoch 25/200, Batch 100, Aver_Loss: 108.2452
Epoch 25/200, Batch 200, Aver_Loss: 108.5880
Epoch 25/200, Batch 300, Aver_Loss: 106.2355
Epoch 25/200, Batch 400, Aver_Loss: 109.1411
[early-stopping] Epoch 25: new best val ELBO = -108.335742
Epoch 26/200, Batch 100, Aver_Loss: 107.8551
Epoch 26/200, Batch 200, Aver_Loss: 109.7991
Epoch 26/200, Batch 300, Aver_Loss: 104.3600
Epoch 26/200, Batch 400, Aver_Loss: 106.4462
[early-stopping] Epoch 26: new best val ELBO = -108.138178
Epoch 27/200, Batch 100, Aver_Loss: 108.9787
Epoch 27/200, Batch 200, Aver_Loss: 109.2464
Epoch 27/200, Batch 300, Aver_Loss: 108.9788
Epoch 27/200, Batch 400, Aver_Loss: 105.0649
[early-stopping] Epoch 27: new best val ELBO = -107.953194
Epoch 28/200, Batch 100, Aver_Loss: 107.5723
Epoch 28/200, Batch 200, Aver_Loss: 111.3822
Epoch 28/200, Batch 300, Aver_Loss: 110.5259
Epoch 28/200, Batch 400, Aver_Loss: 108.1555
[early-stopping] Epoch 28: new best val ELBO = -107.696903
Epoch 29/200, Batch 100, Aver_Loss: 105.7661
Epoch 29/200, Batch 200, Aver_Loss: 104.1681
Epoch 29/200, Batch 300, Aver_Loss: 107.9357
Epoch 29/200, Batch 400, Aver_Loss: 103.1879
[early-stopping] Epoch 29: no improvement (1/20)
Epoch 30/200, Batch 100, Aver_Loss: 107.7697
Epoch 30/200, Batch 200, Aver_Loss: 104.8822
Epoch 30/200, Batch 300, Aver_Loss: 106.2442
Epoch 30/200, Batch 400, Aver_Loss: 105.2043
[early-stopping] Epoch 30: new best val ELBO = -107.485636
Epoch 31/200, Batch 100, Aver_Loss: 109.1897
Epoch 31/200, Batch 200, Aver_Loss: 110.4976
Epoch 31/200, Batch 300, Aver_Loss: 109.7174
Epoch 31/200, Batch 400, Aver_Loss: 105.6346
[early-stopping] Epoch 31: no improvement (1/20)
Epoch 32/200, Batch 100, Aver_Loss: 108.1085
Epoch 32/200, Batch 200, Aver_Loss: 104.9370
Epoch 32/200, Batch 300, Aver_Loss: 105.7819
Epoch 32/200, Batch 400, Aver_Loss: 104.8213
[early-stopping] Epoch 32: no improvement (2/20)
Epoch 33/200, Batch 100, Aver_Loss: 104.4258
Epoch 33/200, Batch 200, Aver_Loss: 108.0551
Epoch 33/200, Batch 300, Aver_Loss: 105.8403
Epoch 33/200, Batch 400, Aver_Loss: 105.0560
[early-stopping] Epoch 33: no improvement (3/20)
Epoch 34/200, Batch 100, Aver_Loss: 108.2648
Epoch 34/200, Batch 200, Aver_Loss: 105.9917
Epoch 34/200, Batch 300, Aver_Loss: 103.3291
Epoch 34/200, Batch 400, Aver_Loss: 103.9979
[early-stopping] Epoch 34: new best val ELBO = -107.133128
Epoch 35/200, Batch 100, Aver_Loss: 109.0076
Epoch 35/200, Batch 200, Aver_Loss: 108.1254
Epoch 35/200, Batch 300, Aver_Loss: 109.0132
Epoch 35/200, Batch 400, Aver_Loss: 103.1518
[early-stopping] Epoch 35: new best val ELBO = -107.113930
Epoch 36/200, Batch 100, Aver_Loss: 108.7788
Epoch 36/200, Batch 200, Aver_Loss: 103.9147
Epoch 36/200, Batch 300, Aver_Loss: 105.6093
Epoch 36/200, Batch 400, Aver_Loss: 106.5178
[early-stopping] Epoch 36: no improvement (1/20)
Epoch 37/200, Batch 100, Aver_Loss: 101.1005
Epoch 37/200, Batch 200, Aver_Loss: 107.3252
Epoch 37/200, Batch 300, Aver_Loss: 107.5435
Epoch 37/200, Batch 400, Aver_Loss: 103.1336
[early-stopping] Epoch 37: no improvement (2/20)
Epoch 38/200, Batch 100, Aver_Loss: 110.5657
Epoch 38/200, Batch 200, Aver_Loss: 107.7962
Epoch 38/200, Batch 300, Aver_Loss: 105.1964
Epoch 38/200, Batch 400, Aver_Loss: 105.2858
[early-stopping] Epoch 38: no improvement (3/20)
Epoch 39/200, Batch 100, Aver_Loss: 106.1681
Epoch 39/200, Batch 200, Aver_Loss: 108.9372
Epoch 39/200, Batch 300, Aver_Loss: 105.7592
Epoch 39/200, Batch 400, Aver_Loss: 104.9100
[early-stopping] Epoch 39: new best val ELBO = -106.982740
Epoch 40/200, Batch 100, Aver_Loss: 107.7599
Epoch 40/200, Batch 200, Aver_Loss: 109.8394
Epoch 40/200, Batch 300, Aver_Loss: 105.1493
Epoch 40/200, Batch 400, Aver_Loss: 104.8052
[early-stopping] Epoch 40: new best val ELBO = -106.636531
Epoch 41/200, Batch 100, Aver_Loss: 108.0194
Epoch 41/200, Batch 200, Aver_Loss: 107.9090
Epoch 41/200, Batch 300, Aver_Loss: 105.5011
Epoch 41/200, Batch 400, Aver_Loss: 107.9400
[early-stopping] Epoch 41: no improvement (1/20)
Epoch 42/200, Batch 100, Aver_Loss: 103.9132
Epoch 42/200, Batch 200, Aver_Loss: 108.6485
Epoch 42/200, Batch 300, Aver_Loss: 109.1643
Epoch 42/200, Batch 400, Aver_Loss: 112.6630
[early-stopping] Epoch 42: no improvement (2/20)
Epoch 43/200, Batch 100, Aver_Loss: 106.9763
Epoch 43/200, Batch 200, Aver_Loss: 103.3606
Epoch 43/200, Batch 300, Aver_Loss: 100.6199
Epoch 43/200, Batch 400, Aver_Loss: 105.8983
[early-stopping] Epoch 43: no improvement (3/20)
Epoch 44/200, Batch 100, Aver_Loss: 105.9787
Epoch 44/200, Batch 200, Aver_Loss: 105.3249
Epoch 44/200, Batch 300, Aver_Loss: 106.0909
Epoch 44/200, Batch 400, Aver_Loss: 106.1957
[early-stopping] Epoch 44: no improvement (4/20)
Epoch 45/200, Batch 100, Aver_Loss: 100.8376
Epoch 45/200, Batch 200, Aver_Loss: 105.9712
Epoch 45/200, Batch 300, Aver_Loss: 106.4585
Epoch 45/200, Batch 400, Aver_Loss: 106.3176
[early-stopping] Epoch 45: no improvement (5/20)
Epoch 46/200, Batch 100, Aver_Loss: 107.1888
Epoch 46/200, Batch 200, Aver_Loss: 104.9577
Epoch 46/200, Batch 300, Aver_Loss: 106.1927
Epoch 46/200, Batch 400, Aver_Loss: 106.7332
[early-stopping] Epoch 46: new best val ELBO = -106.502897
Epoch 47/200, Batch 100, Aver_Loss: 103.0329
Epoch 47/200, Batch 200, Aver_Loss: 109.9901
Epoch 47/200, Batch 300, Aver_Loss: 103.0195
Epoch 47/200, Batch 400, Aver_Loss: 107.4962
[early-stopping] Epoch 47: new best val ELBO = -106.406337
Epoch 48/200, Batch 100, Aver_Loss: 104.4606
Epoch 48/200, Batch 200, Aver_Loss: 101.7893
Epoch 48/200, Batch 300, Aver_Loss: 106.5431
Epoch 48/200, Batch 400, Aver_Loss: 103.7518
[early-stopping] Epoch 48: no improvement (1/20)
Epoch 49/200, Batch 100, Aver_Loss: 107.9531
Epoch 49/200, Batch 200, Aver_Loss: 102.8322
Epoch 49/200, Batch 300, Aver_Loss: 106.7514
Epoch 49/200, Batch 400, Aver_Loss: 107.8081
[early-stopping] Epoch 49: no improvement (2/20)
Epoch 50/200, Batch 100, Aver_Loss: 105.8326
Epoch 50/200, Batch 200, Aver_Loss: 107.4181
Epoch 50/200, Batch 300, Aver_Loss: 107.4094
Epoch 50/200, Batch 400, Aver_Loss: 104.0428
[early-stopping] Epoch 50: no improvement (3/20)
Epoch 51/200, Batch 100, Aver_Loss: 110.1119
Epoch 51/200, Batch 200, Aver_Loss: 102.6359
Epoch 51/200, Batch 300, Aver_Loss: 107.8125
Epoch 51/200, Batch 400, Aver_Loss: 104.6844
[early-stopping] Epoch 51: no improvement (4/20)
Epoch 52/200, Batch 100, Aver_Loss: 105.3925
Epoch 52/200, Batch 200, Aver_Loss: 107.7987
Epoch 52/200, Batch 300, Aver_Loss: 111.5884
Epoch 52/200, Batch 400, Aver_Loss: 110.8796
[early-stopping] Epoch 52: new best val ELBO = -106.202734
Epoch 53/200, Batch 100, Aver_Loss: 106.8782
Epoch 53/200, Batch 200, Aver_Loss: 104.4092
Epoch 53/200, Batch 300, Aver_Loss: 108.3076
Epoch 53/200, Batch 400, Aver_Loss: 104.3740
[early-stopping] Epoch 53: no improvement (1/20)
Epoch 54/200, Batch 100, Aver_Loss: 105.3504
Epoch 54/200, Batch 200, Aver_Loss: 104.5846
Epoch 54/200, Batch 300, Aver_Loss: 108.3446
Epoch 54/200, Batch 400, Aver_Loss: 107.7491
[early-stopping] Epoch 54: no improvement (2/20)
Epoch 55/200, Batch 100, Aver_Loss: 106.7348
Epoch 55/200, Batch 200, Aver_Loss: 106.5394
Epoch 55/200, Batch 300, Aver_Loss: 104.0133
Epoch 55/200, Batch 400, Aver_Loss: 109.0450
[early-stopping] Epoch 55: no improvement (3/20)
Epoch 56/200, Batch 100, Aver_Loss: 103.4126
Epoch 56/200, Batch 200, Aver_Loss: 102.6123
Epoch 56/200, Batch 300, Aver_Loss: 107.2877
Epoch 56/200, Batch 400, Aver_Loss: 102.5893
[early-stopping] Epoch 56: new best val ELBO = -105.990282
Epoch 57/200, Batch 100, Aver_Loss: 104.5898
Epoch 57/200, Batch 200, Aver_Loss: 105.6576
Epoch 57/200, Batch 300, Aver_Loss: 108.1977
Epoch 57/200, Batch 400, Aver_Loss: 102.4935
[early-stopping] Epoch 57: no improvement (1/20)
Epoch 58/200, Batch 100, Aver_Loss: 110.1355
Epoch 58/200, Batch 200, Aver_Loss: 107.0779
Epoch 58/200, Batch 300, Aver_Loss: 106.9599
Epoch 58/200, Batch 400, Aver_Loss: 109.7607
[early-stopping] Epoch 58: no improvement (2/20)
Epoch 59/200, Batch 100, Aver_Loss: 102.7245
Epoch 59/200, Batch 200, Aver_Loss: 103.7579
Epoch 59/200, Batch 300, Aver_Loss: 103.8525
Epoch 59/200, Batch 400, Aver_Loss: 105.5652
[early-stopping] Epoch 59: no improvement (3/20)
Epoch 60/200, Batch 100, Aver_Loss: 104.1030
Epoch 60/200, Batch 200, Aver_Loss: 110.6446
Epoch 60/200, Batch 300, Aver_Loss: 106.4619
Epoch 60/200, Batch 400, Aver_Loss: 103.6685
[early-stopping] Epoch 60: no improvement (4/20)
Epoch 61/200, Batch 100, Aver_Loss: 106.4089
Epoch 61/200, Batch 200, Aver_Loss: 107.8554
Epoch 61/200, Batch 300, Aver_Loss: 108.4042
Epoch 61/200, Batch 400, Aver_Loss: 101.0848
[early-stopping] Epoch 61: no improvement (5/20)
Epoch 62/200, Batch 100, Aver_Loss: 103.4656
Epoch 62/200, Batch 200, Aver_Loss: 103.7488
Epoch 62/200, Batch 300, Aver_Loss: 104.6321
Epoch 62/200, Batch 400, Aver_Loss: 106.1796
[early-stopping] Epoch 62: no improvement (6/20)
Epoch 63/200, Batch 100, Aver_Loss: 107.9598
Epoch 63/200, Batch 200, Aver_Loss: 103.0875
Epoch 63/200, Batch 300, Aver_Loss: 104.3327
Epoch 63/200, Batch 400, Aver_Loss: 108.9883
[early-stopping] Epoch 63: no improvement (7/20)
Epoch 64/200, Batch 100, Aver_Loss: 102.7034
Epoch 64/200, Batch 200, Aver_Loss: 101.5176
Epoch 64/200, Batch 300, Aver_Loss: 108.5480
Epoch 64/200, Batch 400, Aver_Loss: 107.8616
[early-stopping] Epoch 64: new best val ELBO = -105.815082
Epoch 65/200, Batch 100, Aver_Loss: 105.1250
Epoch 65/200, Batch 200, Aver_Loss: 108.1131
Epoch 65/200, Batch 300, Aver_Loss: 107.0028
Epoch 65/200, Batch 400, Aver_Loss: 108.4452
[early-stopping] Epoch 65: no improvement (1/20)
Epoch 66/200, Batch 100, Aver_Loss: 106.9281
Epoch 66/200, Batch 200, Aver_Loss: 107.2137
Epoch 66/200, Batch 300, Aver_Loss: 99.9865
Epoch 66/200, Batch 400, Aver_Loss: 104.7810
[early-stopping] Epoch 66: no improvement (2/20)
Epoch 67/200, Batch 100, Aver_Loss: 99.0823
Epoch 67/200, Batch 200, Aver_Loss: 102.3804
Epoch 67/200, Batch 300, Aver_Loss: 105.5053
Epoch 67/200, Batch 400, Aver_Loss: 105.2013
[early-stopping] Epoch 67: no improvement (3/20)
Epoch 68/200, Batch 100, Aver_Loss: 106.0611
Epoch 68/200, Batch 200, Aver_Loss: 103.1421
Epoch 68/200, Batch 300, Aver_Loss: 106.1133
Epoch 68/200, Batch 400, Aver_Loss: 104.1543
[early-stopping] Epoch 68: no improvement (4/20)
Epoch 69/200, Batch 100, Aver_Loss: 112.0541
Epoch 69/200, Batch 200, Aver_Loss: 110.3900
Epoch 69/200, Batch 300, Aver_Loss: 103.6822
Epoch 69/200, Batch 400, Aver_Loss: 107.1603
[early-stopping] Epoch 69: no improvement (5/20)
Epoch 70/200, Batch 100, Aver_Loss: 105.6282
Epoch 70/200, Batch 200, Aver_Loss: 107.6778
Epoch 70/200, Batch 300, Aver_Loss: 105.7656
Epoch 70/200, Batch 400, Aver_Loss: 103.4315
[early-stopping] Epoch 70: no improvement (6/20)
Epoch 71/200, Batch 100, Aver_Loss: 106.6303
Epoch 71/200, Batch 200, Aver_Loss: 107.3684
Epoch 71/200, Batch 300, Aver_Loss: 103.8618
Epoch 71/200, Batch 400, Aver_Loss: 103.0421
[early-stopping] Epoch 71: no improvement (7/20)
Epoch 72/200, Batch 100, Aver_Loss: 106.1784
Epoch 72/200, Batch 200, Aver_Loss: 106.8600
Epoch 72/200, Batch 300, Aver_Loss: 103.0077
Epoch 72/200, Batch 400, Aver_Loss: 97.3733
[early-stopping] Epoch 72: new best val ELBO = -105.718219
Epoch 73/200, Batch 100, Aver_Loss: 105.5631
Epoch 73/200, Batch 200, Aver_Loss: 105.5640
Epoch 73/200, Batch 300, Aver_Loss: 108.8905
Epoch 73/200, Batch 400, Aver_Loss: 107.6316
[early-stopping] Epoch 73: no improvement (1/20)
Epoch 74/200, Batch 100, Aver_Loss: 108.1753
Epoch 74/200, Batch 200, Aver_Loss: 104.2408
Epoch 74/200, Batch 300, Aver_Loss: 108.6343
Epoch 74/200, Batch 400, Aver_Loss: 103.7312
[early-stopping] Epoch 74: no improvement (2/20)
Epoch 75/200, Batch 100, Aver_Loss: 105.3965
Epoch 75/200, Batch 200, Aver_Loss: 106.6926
Epoch 75/200, Batch 300, Aver_Loss: 106.0395
Epoch 75/200, Batch 400, Aver_Loss: 103.8968
[early-stopping] Epoch 75: new best val ELBO = -105.660005
Epoch 76/200, Batch 100, Aver_Loss: 108.0522
Epoch 76/200, Batch 200, Aver_Loss: 102.6055
Epoch 76/200, Batch 300, Aver_Loss: 109.5042
Epoch 76/200, Batch 400, Aver_Loss: 106.2966
[early-stopping] Epoch 76: no improvement (1/20)
Epoch 77/200, Batch 100, Aver_Loss: 110.6126
Epoch 77/200, Batch 200, Aver_Loss: 104.8974
Epoch 77/200, Batch 300, Aver_Loss: 100.8502
Epoch 77/200, Batch 400, Aver_Loss: 104.7633
[early-stopping] Epoch 77: new best val ELBO = -105.629659
Epoch 78/200, Batch 100, Aver_Loss: 106.3496
Epoch 78/200, Batch 200, Aver_Loss: 106.5126
Epoch 78/200, Batch 300, Aver_Loss: 105.1043
Epoch 78/200, Batch 400, Aver_Loss: 106.5267
[early-stopping] Epoch 78: new best val ELBO = -105.572590
Epoch 79/200, Batch 100, Aver_Loss: 106.3922
Epoch 79/200, Batch 200, Aver_Loss: 104.6837
Epoch 79/200, Batch 300, Aver_Loss: 105.7333
Epoch 79/200, Batch 400, Aver_Loss: 105.8281
[early-stopping] Epoch 79: no improvement (1/20)
Epoch 80/200, Batch 100, Aver_Loss: 105.0341
Epoch 80/200, Batch 200, Aver_Loss: 98.5001
Epoch 80/200, Batch 300, Aver_Loss: 104.8357
Epoch 80/200, Batch 400, Aver_Loss: 103.4635
[early-stopping] Epoch 80: no improvement (2/20)
Epoch 81/200, Batch 100, Aver_Loss: 105.2102
Epoch 81/200, Batch 200, Aver_Loss: 101.0935
Epoch 81/200, Batch 300, Aver_Loss: 103.3392
Epoch 81/200, Batch 400, Aver_Loss: 104.5557
[early-stopping] Epoch 81: no improvement (3/20)
Epoch 82/200, Batch 100, Aver_Loss: 103.8297
Epoch 82/200, Batch 200, Aver_Loss: 103.9421
Epoch 82/200, Batch 300, Aver_Loss: 101.2523
Epoch 82/200, Batch 400, Aver_Loss: 108.0421
[early-stopping] Epoch 82: new best val ELBO = -105.429936
Epoch 83/200, Batch 100, Aver_Loss: 103.7913
Epoch 83/200, Batch 200, Aver_Loss: 110.3348
Epoch 83/200, Batch 300, Aver_Loss: 104.6870
Epoch 83/200, Batch 400, Aver_Loss: 106.6842
[early-stopping] Epoch 83: no improvement (1/20)
Epoch 84/200, Batch 100, Aver_Loss: 100.0668
Epoch 84/200, Batch 200, Aver_Loss: 108.6849
Epoch 84/200, Batch 300, Aver_Loss: 106.3502
Epoch 84/200, Batch 400, Aver_Loss: 108.8184
[early-stopping] Epoch 84: no improvement (2/20)
Epoch 85/200, Batch 100, Aver_Loss: 109.1640
Epoch 85/200, Batch 200, Aver_Loss: 103.3373
Epoch 85/200, Batch 300, Aver_Loss: 102.2406
Epoch 85/200, Batch 400, Aver_Loss: 107.9387
[early-stopping] Epoch 85: no improvement (3/20)
Epoch 86/200, Batch 100, Aver_Loss: 101.3380
Epoch 86/200, Batch 200, Aver_Loss: 98.0443
Epoch 86/200, Batch 300, Aver_Loss: 106.4455
Epoch 86/200, Batch 400, Aver_Loss: 108.5840
[early-stopping] Epoch 86: no improvement (4/20)
Epoch 87/200, Batch 100, Aver_Loss: 105.2551
Epoch 87/200, Batch 200, Aver_Loss: 104.3549
Epoch 87/200, Batch 300, Aver_Loss: 103.8736
Epoch 87/200, Batch 400, Aver_Loss: 105.1202
[early-stopping] Epoch 87: no improvement (5/20)
Epoch 88/200, Batch 100, Aver_Loss: 106.5013
Epoch 88/200, Batch 200, Aver_Loss: 106.7820
Epoch 88/200, Batch 300, Aver_Loss: 105.7513
Epoch 88/200, Batch 400, Aver_Loss: 105.9715
[early-stopping] Epoch 88: no improvement (6/20)
Epoch 89/200, Batch 100, Aver_Loss: 106.0226
Epoch 89/200, Batch 200, Aver_Loss: 105.0508
Epoch 89/200, Batch 300, Aver_Loss: 104.9134
Epoch 89/200, Batch 400, Aver_Loss: 100.7796
[early-stopping] Epoch 89: no improvement (7/20)
Epoch 90/200, Batch 100, Aver_Loss: 106.5283
Epoch 90/200, Batch 200, Aver_Loss: 102.8138
Epoch 90/200, Batch 300, Aver_Loss: 100.9585
Epoch 90/200, Batch 400, Aver_Loss: 102.5368
[early-stopping] Epoch 90: no improvement (8/20)
Epoch 91/200, Batch 100, Aver_Loss: 105.4393
Epoch 91/200, Batch 200, Aver_Loss: 102.7348
Epoch 91/200, Batch 300, Aver_Loss: 106.1404
Epoch 91/200, Batch 400, Aver_Loss: 102.5007
[early-stopping] Epoch 91: no improvement (9/20)
Epoch 92/200, Batch 100, Aver_Loss: 109.2142
Epoch 92/200, Batch 200, Aver_Loss: 102.3910
Epoch 92/200, Batch 300, Aver_Loss: 104.8855
Epoch 92/200, Batch 400, Aver_Loss: 106.6146
[early-stopping] Epoch 92: no improvement (10/20)
Epoch 93/200, Batch 100, Aver_Loss: 105.0520
Epoch 93/200, Batch 200, Aver_Loss: 103.1174
Epoch 93/200, Batch 300, Aver_Loss: 104.8370
Epoch 93/200, Batch 400, Aver_Loss: 107.0291
[early-stopping] Epoch 93: no improvement (11/20)
Epoch 94/200, Batch 100, Aver_Loss: 104.2193
Epoch 94/200, Batch 200, Aver_Loss: 109.3801
Epoch 94/200, Batch 300, Aver_Loss: 101.9513
Epoch 94/200, Batch 400, Aver_Loss: 102.9695
[early-stopping] Epoch 94: no improvement (12/20)
Epoch 95/200, Batch 100, Aver_Loss: 99.6272
Epoch 95/200, Batch 200, Aver_Loss: 103.4713
Epoch 95/200, Batch 300, Aver_Loss: 104.5265
Epoch 95/200, Batch 400, Aver_Loss: 104.9492
[early-stopping] Epoch 95: new best val ELBO = -105.306311
Epoch 96/200, Batch 100, Aver_Loss: 102.7246
Epoch 96/200, Batch 200, Aver_Loss: 103.7719
Epoch 96/200, Batch 300, Aver_Loss: 102.4333
Epoch 96/200, Batch 400, Aver_Loss: 102.4962
[early-stopping] Epoch 96: no improvement (1/20)
Epoch 97/200, Batch 100, Aver_Loss: 104.8191
Epoch 97/200, Batch 200, Aver_Loss: 108.7429
Epoch 97/200, Batch 300, Aver_Loss: 107.7923
Epoch 97/200, Batch 400, Aver_Loss: 103.6918
[early-stopping] Epoch 97: no improvement (2/20)
Epoch 98/200, Batch 100, Aver_Loss: 102.5570
Epoch 98/200, Batch 200, Aver_Loss: 102.5443
Epoch 98/200, Batch 300, Aver_Loss: 101.5798
Epoch 98/200, Batch 400, Aver_Loss: 105.4785
[early-stopping] Epoch 98: no improvement (3/20)
Epoch 99/200, Batch 100, Aver_Loss: 100.3179
Epoch 99/200, Batch 200, Aver_Loss: 105.4376
Epoch 99/200, Batch 300, Aver_Loss: 103.9160
Epoch 99/200, Batch 400, Aver_Loss: 104.0975
[early-stopping] Epoch 99: no improvement (4/20)
Epoch 100/200, Batch 100, Aver_Loss: 102.5498
Epoch 100/200, Batch 200, Aver_Loss: 109.4727
Epoch 100/200, Batch 300, Aver_Loss: 102.4152
Epoch 100/200, Batch 400, Aver_Loss: 106.1326
[early-stopping] Epoch 100: no improvement (5/20)
Epoch 101/200, Batch 100, Aver_Loss: 100.4194
Epoch 101/200, Batch 200, Aver_Loss: 107.1531
Epoch 101/200, Batch 300, Aver_Loss: 101.3498
Epoch 101/200, Batch 400, Aver_Loss: 105.0603
[early-stopping] Epoch 101: no improvement (6/20)
Epoch 102/200, Batch 100, Aver_Loss: 106.6306
Epoch 102/200, Batch 200, Aver_Loss: 104.7514
Epoch 102/200, Batch 300, Aver_Loss: 102.3605
Epoch 102/200, Batch 400, Aver_Loss: 104.9370
[early-stopping] Epoch 102: new best val ELBO = -105.114606
Epoch 103/200, Batch 100, Aver_Loss: 104.2894
Epoch 103/200, Batch 200, Aver_Loss: 102.2052
Epoch 103/200, Batch 300, Aver_Loss: 103.3406
Epoch 103/200, Batch 400, Aver_Loss: 109.6872
[early-stopping] Epoch 103: no improvement (1/20)
Epoch 104/200, Batch 100, Aver_Loss: 106.1096
Epoch 104/200, Batch 200, Aver_Loss: 106.6819
Epoch 104/200, Batch 300, Aver_Loss: 103.4159
Epoch 104/200, Batch 400, Aver_Loss: 103.3775
[early-stopping] Epoch 104: no improvement (2/20)
Epoch 105/200, Batch 100, Aver_Loss: 106.6538
Epoch 105/200, Batch 200, Aver_Loss: 103.4713
Epoch 105/200, Batch 300, Aver_Loss: 109.5450
Epoch 105/200, Batch 400, Aver_Loss: 103.8214
[early-stopping] Epoch 105: no improvement (3/20)
Epoch 106/200, Batch 100, Aver_Loss: 103.0849
Epoch 106/200, Batch 200, Aver_Loss: 102.4711
Epoch 106/200, Batch 300, Aver_Loss: 105.6502
Epoch 106/200, Batch 400, Aver_Loss: 106.2007
[early-stopping] Epoch 106: no improvement (4/20)
Epoch 107/200, Batch 100, Aver_Loss: 102.0565
Epoch 107/200, Batch 200, Aver_Loss: 104.0021
Epoch 107/200, Batch 300, Aver_Loss: 106.4081
Epoch 107/200, Batch 400, Aver_Loss: 103.1544
[early-stopping] Epoch 107: no improvement (5/20)
Epoch 108/200, Batch 100, Aver_Loss: 106.8585
Epoch 108/200, Batch 200, Aver_Loss: 111.0367
Epoch 108/200, Batch 300, Aver_Loss: 107.1743
Epoch 108/200, Batch 400, Aver_Loss: 105.8575
[early-stopping] Epoch 108: no improvement (6/20)
Epoch 109/200, Batch 100, Aver_Loss: 102.1407
Epoch 109/200, Batch 200, Aver_Loss: 108.9802
Epoch 109/200, Batch 300, Aver_Loss: 104.6023
Epoch 109/200, Batch 400, Aver_Loss: 106.2521
[early-stopping] Epoch 109: no improvement (7/20)
Epoch 110/200, Batch 100, Aver_Loss: 112.1423
Epoch 110/200, Batch 200, Aver_Loss: 108.7605
Epoch 110/200, Batch 300, Aver_Loss: 105.7446
Epoch 110/200, Batch 400, Aver_Loss: 104.1183
[early-stopping] Epoch 110: no improvement (8/20)
Epoch 111/200, Batch 100, Aver_Loss: 105.8484
Epoch 111/200, Batch 200, Aver_Loss: 102.9205
Epoch 111/200, Batch 300, Aver_Loss: 104.3094
Epoch 111/200, Batch 400, Aver_Loss: 106.0720
[early-stopping] Epoch 111: no improvement (9/20)
Epoch 112/200, Batch 100, Aver_Loss: 106.7740
Epoch 112/200, Batch 200, Aver_Loss: 103.2282
Epoch 112/200, Batch 300, Aver_Loss: 103.4018
Epoch 112/200, Batch 400, Aver_Loss: 104.9226
[early-stopping] Epoch 112: no improvement (10/20)
Epoch 113/200, Batch 100, Aver_Loss: 105.0488
Epoch 113/200, Batch 200, Aver_Loss: 106.8505
Epoch 113/200, Batch 300, Aver_Loss: 104.4753
Epoch 113/200, Batch 400, Aver_Loss: 105.2521
[early-stopping] Epoch 113: no improvement (11/20)
Epoch 114/200, Batch 100, Aver_Loss: 106.2989
Epoch 114/200, Batch 200, Aver_Loss: 103.7063
Epoch 114/200, Batch 300, Aver_Loss: 104.8366
Epoch 114/200, Batch 400, Aver_Loss: 102.0930
[early-stopping] Epoch 114: no improvement (12/20)
Epoch 115/200, Batch 100, Aver_Loss: 103.2360
Epoch 115/200, Batch 200, Aver_Loss: 108.5633
Epoch 115/200, Batch 300, Aver_Loss: 105.0205
Epoch 115/200, Batch 400, Aver_Loss: 104.8672
[early-stopping] Epoch 115: new best val ELBO = -105.092735
Epoch 116/200, Batch 100, Aver_Loss: 101.4448
Epoch 116/200, Batch 200, Aver_Loss: 105.0660
Epoch 116/200, Batch 300, Aver_Loss: 106.9262
Epoch 116/200, Batch 400, Aver_Loss: 107.6331
[early-stopping] Epoch 116: no improvement (1/20)
Epoch 117/200, Batch 100, Aver_Loss: 106.8302
Epoch 117/200, Batch 200, Aver_Loss: 108.2645
Epoch 117/200, Batch 300, Aver_Loss: 104.5758
Epoch 117/200, Batch 400, Aver_Loss: 107.5856
[early-stopping] Epoch 117: no improvement (2/20)
Epoch 118/200, Batch 100, Aver_Loss: 102.5153
Epoch 118/200, Batch 200, Aver_Loss: 104.5782
Epoch 118/200, Batch 300, Aver_Loss: 107.0659
Epoch 118/200, Batch 400, Aver_Loss: 101.7476
[early-stopping] Epoch 118: no improvement (3/20)
Epoch 119/200, Batch 100, Aver_Loss: 105.6149
Epoch 119/200, Batch 200, Aver_Loss: 106.0022
Epoch 119/200, Batch 300, Aver_Loss: 102.4967
Epoch 119/200, Batch 400, Aver_Loss: 101.7761
[early-stopping] Epoch 119: no improvement (4/20)
Epoch 120/200, Batch 100, Aver_Loss: 102.3987
Epoch 120/200, Batch 200, Aver_Loss: 107.6956
Epoch 120/200, Batch 300, Aver_Loss: 100.1227
Epoch 120/200, Batch 400, Aver_Loss: 105.2005
[early-stopping] Epoch 120: new best val ELBO = -105.039159
Epoch 121/200, Batch 100, Aver_Loss: 105.8798
Epoch 121/200, Batch 200, Aver_Loss: 104.9534
Epoch 121/200, Batch 300, Aver_Loss: 102.2089
Epoch 121/200, Batch 400, Aver_Loss: 111.5319
[early-stopping] Epoch 121: new best val ELBO = -104.999899
Epoch 122/200, Batch 100, Aver_Loss: 107.4274
Epoch 122/200, Batch 200, Aver_Loss: 102.9166
Epoch 122/200, Batch 300, Aver_Loss: 106.3142
Epoch 122/200, Batch 400, Aver_Loss: 103.2837
[early-stopping] Epoch 122: no improvement (1/20)
Epoch 123/200, Batch 100, Aver_Loss: 105.4048
Epoch 123/200, Batch 200, Aver_Loss: 102.1940
Epoch 123/200, Batch 300, Aver_Loss: 100.8115
Epoch 123/200, Batch 400, Aver_Loss: 105.2802
[early-stopping] Epoch 123: no improvement (2/20)
Epoch 124/200, Batch 100, Aver_Loss: 103.9905
Epoch 124/200, Batch 200, Aver_Loss: 100.1888
Epoch 124/200, Batch 300, Aver_Loss: 106.0525
Epoch 124/200, Batch 400, Aver_Loss: 110.8570
[early-stopping] Epoch 124: no improvement (3/20)
Epoch 125/200, Batch 100, Aver_Loss: 102.4831
Epoch 125/200, Batch 200, Aver_Loss: 101.4997
Epoch 125/200, Batch 300, Aver_Loss: 107.6016
Epoch 125/200, Batch 400, Aver_Loss: 106.0913
[early-stopping] Epoch 125: no improvement (4/20)
Epoch 126/200, Batch 100, Aver_Loss: 104.1918
Epoch 126/200, Batch 200, Aver_Loss: 107.5941
Epoch 126/200, Batch 300, Aver_Loss: 103.9448
Epoch 126/200, Batch 400, Aver_Loss: 104.2279
[early-stopping] Epoch 126: no improvement (5/20)
Epoch 127/200, Batch 100, Aver_Loss: 103.7349
Epoch 127/200, Batch 200, Aver_Loss: 107.8621
Epoch 127/200, Batch 300, Aver_Loss: 106.4104
Epoch 127/200, Batch 400, Aver_Loss: 101.6625
[early-stopping] Epoch 127: no improvement (6/20)
Epoch 128/200, Batch 100, Aver_Loss: 108.1911
Epoch 128/200, Batch 200, Aver_Loss: 105.3611
Epoch 128/200, Batch 300, Aver_Loss: 102.0706
Epoch 128/200, Batch 400, Aver_Loss: 103.4560
[early-stopping] Epoch 128: no improvement (7/20)
Epoch 129/200, Batch 100, Aver_Loss: 106.7961
Epoch 129/200, Batch 200, Aver_Loss: 100.3337
Epoch 129/200, Batch 300, Aver_Loss: 108.7265
Epoch 129/200, Batch 400, Aver_Loss: 107.8165
[early-stopping] Epoch 129: no improvement (8/20)
Epoch 130/200, Batch 100, Aver_Loss: 104.9003
Epoch 130/200, Batch 200, Aver_Loss: 103.8269
Epoch 130/200, Batch 300, Aver_Loss: 106.0014
Epoch 130/200, Batch 400, Aver_Loss: 103.5863
[early-stopping] Epoch 130: new best val ELBO = -104.949043
Epoch 131/200, Batch 100, Aver_Loss: 101.9893
Epoch 131/200, Batch 200, Aver_Loss: 109.3390
Epoch 131/200, Batch 300, Aver_Loss: 106.0822
Epoch 131/200, Batch 400, Aver_Loss: 104.1570
[early-stopping] Epoch 131: no improvement (1/20)
Epoch 132/200, Batch 100, Aver_Loss: 103.3268
Epoch 132/200, Batch 200, Aver_Loss: 102.1219
Epoch 132/200, Batch 300, Aver_Loss: 98.5133
Epoch 132/200, Batch 400, Aver_Loss: 108.0765
[early-stopping] Epoch 132: no improvement (2/20)
Epoch 133/200, Batch 100, Aver_Loss: 106.7303
Epoch 133/200, Batch 200, Aver_Loss: 104.9342
Epoch 133/200, Batch 300, Aver_Loss: 106.5025
Epoch 133/200, Batch 400, Aver_Loss: 105.9880
[early-stopping] Epoch 133: no improvement (3/20)
Epoch 134/200, Batch 100, Aver_Loss: 103.8781
Epoch 134/200, Batch 200, Aver_Loss: 104.4191
Epoch 134/200, Batch 300, Aver_Loss: 104.9333
Epoch 134/200, Batch 400, Aver_Loss: 103.8208
[early-stopping] Epoch 134: no improvement (4/20)
Epoch 135/200, Batch 100, Aver_Loss: 102.6740
Epoch 135/200, Batch 200, Aver_Loss: 104.1697
Epoch 135/200, Batch 300, Aver_Loss: 101.4517
Epoch 135/200, Batch 400, Aver_Loss: 100.3940
[early-stopping] Epoch 135: new best val ELBO = -104.944513
Epoch 136/200, Batch 100, Aver_Loss: 104.3027
Epoch 136/200, Batch 200, Aver_Loss: 103.7834
Epoch 136/200, Batch 300, Aver_Loss: 99.0364
Epoch 136/200, Batch 400, Aver_Loss: 106.4501
[early-stopping] Epoch 136: new best val ELBO = -104.930210
Epoch 137/200, Batch 100, Aver_Loss: 105.5022
Epoch 137/200, Batch 200, Aver_Loss: 105.1623
Epoch 137/200, Batch 300, Aver_Loss: 104.2198
Epoch 137/200, Batch 400, Aver_Loss: 103.1019
[early-stopping] Epoch 137: no improvement (1/20)
Epoch 138/200, Batch 100, Aver_Loss: 105.1083
Epoch 138/200, Batch 200, Aver_Loss: 102.2969
Epoch 138/200, Batch 300, Aver_Loss: 104.1568
Epoch 138/200, Batch 400, Aver_Loss: 101.4256
[early-stopping] Epoch 138: no improvement (2/20)
Epoch 139/200, Batch 100, Aver_Loss: 104.3939
Epoch 139/200, Batch 200, Aver_Loss: 103.3042
Epoch 139/200, Batch 300, Aver_Loss: 104.9915
Epoch 139/200, Batch 400, Aver_Loss: 104.2776
[early-stopping] Epoch 139: no improvement (3/20)
Epoch 140/200, Batch 100, Aver_Loss: 104.1670
Epoch 140/200, Batch 200, Aver_Loss: 103.4687
Epoch 140/200, Batch 300, Aver_Loss: 104.3655
Epoch 140/200, Batch 400, Aver_Loss: 103.9645
[early-stopping] Epoch 140: no improvement (4/20)
Epoch 141/200, Batch 100, Aver_Loss: 103.9516
Epoch 141/200, Batch 200, Aver_Loss: 99.5993
Epoch 141/200, Batch 300, Aver_Loss: 106.1722
Epoch 141/200, Batch 400, Aver_Loss: 97.4765
[early-stopping] Epoch 141: no improvement (5/20)
Epoch 142/200, Batch 100, Aver_Loss: 105.4237
Epoch 142/200, Batch 200, Aver_Loss: 104.7280
Epoch 142/200, Batch 300, Aver_Loss: 105.5373
Epoch 142/200, Batch 400, Aver_Loss: 107.3093
[early-stopping] Epoch 142: new best val ELBO = -104.854542
Epoch 143/200, Batch 100, Aver_Loss: 111.6831
Epoch 143/200, Batch 200, Aver_Loss: 106.9286
Epoch 143/200, Batch 300, Aver_Loss: 104.4310
Epoch 143/200, Batch 400, Aver_Loss: 104.5052
[early-stopping] Epoch 143: no improvement (1/20)
Epoch 144/200, Batch 100, Aver_Loss: 103.9133
Epoch 144/200, Batch 200, Aver_Loss: 106.7053
Epoch 144/200, Batch 300, Aver_Loss: 107.4339
Epoch 144/200, Batch 400, Aver_Loss: 100.0976
[early-stopping] Epoch 144: no improvement (2/20)
Epoch 145/200, Batch 100, Aver_Loss: 102.9149
Epoch 145/200, Batch 200, Aver_Loss: 103.7471
Epoch 145/200, Batch 300, Aver_Loss: 106.3367
Epoch 145/200, Batch 400, Aver_Loss: 103.4341
[early-stopping] Epoch 145: no improvement (3/20)
Epoch 146/200, Batch 100, Aver_Loss: 108.9661
Epoch 146/200, Batch 200, Aver_Loss: 106.8218
Epoch 146/200, Batch 300, Aver_Loss: 102.1603
Epoch 146/200, Batch 400, Aver_Loss: 104.7617
[early-stopping] Epoch 146: new best val ELBO = -104.851590
Epoch 147/200, Batch 100, Aver_Loss: 104.9111
Epoch 147/200, Batch 200, Aver_Loss: 106.4496
Epoch 147/200, Batch 300, Aver_Loss: 105.1735
Epoch 147/200, Batch 400, Aver_Loss: 107.7503
[early-stopping] Epoch 147: no improvement (1/20)
Epoch 148/200, Batch 100, Aver_Loss: 100.9771
Epoch 148/200, Batch 200, Aver_Loss: 101.6855
Epoch 148/200, Batch 300, Aver_Loss: 101.0711
Epoch 148/200, Batch 400, Aver_Loss: 108.7104
[early-stopping] Epoch 148: no improvement (2/20)
Epoch 149/200, Batch 100, Aver_Loss: 102.7167
Epoch 149/200, Batch 200, Aver_Loss: 102.1185
Epoch 149/200, Batch 300, Aver_Loss: 106.8160
Epoch 149/200, Batch 400, Aver_Loss: 104.3521
[early-stopping] Epoch 149: new best val ELBO = -104.768978
Epoch 150/200, Batch 100, Aver_Loss: 106.7419
Epoch 150/200, Batch 200, Aver_Loss: 103.2078
Epoch 150/200, Batch 300, Aver_Loss: 107.8123
Epoch 150/200, Batch 400, Aver_Loss: 105.8334
[early-stopping] Epoch 150: no improvement (1/20)
Epoch 151/200, Batch 100, Aver_Loss: 100.2564
Epoch 151/200, Batch 200, Aver_Loss: 107.3590
Epoch 151/200, Batch 300, Aver_Loss: 108.4923
Epoch 151/200, Batch 400, Aver_Loss: 100.0897
[early-stopping] Epoch 151: no improvement (2/20)
Epoch 152/200, Batch 100, Aver_Loss: 106.9999
Epoch 152/200, Batch 200, Aver_Loss: 104.6085
Epoch 152/200, Batch 300, Aver_Loss: 102.8373
Epoch 152/200, Batch 400, Aver_Loss: 110.1992
[early-stopping] Epoch 152: no improvement (3/20)
Epoch 153/200, Batch 100, Aver_Loss: 103.7706
Epoch 153/200, Batch 200, Aver_Loss: 103.6159
Epoch 153/200, Batch 300, Aver_Loss: 107.6011
Epoch 153/200, Batch 400, Aver_Loss: 102.6371
[early-stopping] Epoch 153: new best val ELBO = -104.752805
Epoch 154/200, Batch 100, Aver_Loss: 105.5125
Epoch 154/200, Batch 200, Aver_Loss: 99.3825
Epoch 154/200, Batch 300, Aver_Loss: 105.6298
Epoch 154/200, Batch 400, Aver_Loss: 106.5197
[early-stopping] Epoch 154: no improvement (1/20)
Epoch 155/200, Batch 100, Aver_Loss: 105.2527
Epoch 155/200, Batch 200, Aver_Loss: 103.0070
Epoch 155/200, Batch 300, Aver_Loss: 106.0252
Epoch 155/200, Batch 400, Aver_Loss: 105.6615
[early-stopping] Epoch 155: no improvement (2/20)
Epoch 156/200, Batch 100, Aver_Loss: 99.5441
Epoch 156/200, Batch 200, Aver_Loss: 101.8938
Epoch 156/200, Batch 300, Aver_Loss: 103.6370
Epoch 156/200, Batch 400, Aver_Loss: 103.7709
[early-stopping] Epoch 156: new best val ELBO = -104.618674
Epoch 157/200, Batch 100, Aver_Loss: 103.5480
Epoch 157/200, Batch 200, Aver_Loss: 102.3407
Epoch 157/200, Batch 300, Aver_Loss: 103.7140
Epoch 157/200, Batch 400, Aver_Loss: 105.8339
[early-stopping] Epoch 157: no improvement (1/20)
Epoch 158/200, Batch 100, Aver_Loss: 103.9536
Epoch 158/200, Batch 200, Aver_Loss: 100.7381
Epoch 158/200, Batch 300, Aver_Loss: 106.4638
Epoch 158/200, Batch 400, Aver_Loss: 107.0540
[early-stopping] Epoch 158: no improvement (2/20)
Epoch 159/200, Batch 100, Aver_Loss: 105.5921
Epoch 159/200, Batch 200, Aver_Loss: 101.4292
Epoch 159/200, Batch 300, Aver_Loss: 110.3291
Epoch 159/200, Batch 400, Aver_Loss: 105.0475
[early-stopping] Epoch 159: no improvement (3/20)
Epoch 160/200, Batch 100, Aver_Loss: 106.9456
Epoch 160/200, Batch 200, Aver_Loss: 104.5738
Epoch 160/200, Batch 300, Aver_Loss: 103.6233
Epoch 160/200, Batch 400, Aver_Loss: 104.5876
[early-stopping] Epoch 160: no improvement (4/20)
Epoch 161/200, Batch 100, Aver_Loss: 102.6131
Epoch 161/200, Batch 200, Aver_Loss: 108.0799
Epoch 161/200, Batch 300, Aver_Loss: 108.2481
Epoch 161/200, Batch 400, Aver_Loss: 106.1481
[early-stopping] Epoch 161: no improvement (5/20)
Epoch 162/200, Batch 100, Aver_Loss: 104.1451
Epoch 162/200, Batch 200, Aver_Loss: 105.5208
Epoch 162/200, Batch 300, Aver_Loss: 103.2945
Epoch 162/200, Batch 400, Aver_Loss: 106.8077
[early-stopping] Epoch 162: no improvement (6/20)
Epoch 163/200, Batch 100, Aver_Loss: 104.3879
Epoch 163/200, Batch 200, Aver_Loss: 104.2299
Epoch 163/200, Batch 300, Aver_Loss: 102.6447
Epoch 163/200, Batch 400, Aver_Loss: 105.5713
[early-stopping] Epoch 163: no improvement (7/20)
Epoch 164/200, Batch 100, Aver_Loss: 105.0374
Epoch 164/200, Batch 200, Aver_Loss: 104.6262
Epoch 164/200, Batch 300, Aver_Loss: 101.4116
Epoch 164/200, Batch 400, Aver_Loss: 109.1234
[early-stopping] Epoch 164: no improvement (8/20)
Epoch 165/200, Batch 100, Aver_Loss: 107.0171
Epoch 165/200, Batch 200, Aver_Loss: 102.4070
Epoch 165/200, Batch 300, Aver_Loss: 105.4280
Epoch 165/200, Batch 400, Aver_Loss: 102.0081
[early-stopping] Epoch 165: no improvement (9/20)
Epoch 166/200, Batch 100, Aver_Loss: 106.2523
Epoch 166/200, Batch 200, Aver_Loss: 107.4798
Epoch 166/200, Batch 300, Aver_Loss: 102.4761
Epoch 166/200, Batch 400, Aver_Loss: 100.9157
[early-stopping] Epoch 166: no improvement (10/20)
Epoch 167/200, Batch 100, Aver_Loss: 103.2824
Epoch 167/200, Batch 200, Aver_Loss: 103.9449
Epoch 167/200, Batch 300, Aver_Loss: 105.6867
Epoch 167/200, Batch 400, Aver_Loss: 106.8082
[early-stopping] Epoch 167: no improvement (11/20)
Epoch 168/200, Batch 100, Aver_Loss: 104.7662
Epoch 168/200, Batch 200, Aver_Loss: 104.1271
Epoch 168/200, Batch 300, Aver_Loss: 103.4724
Epoch 168/200, Batch 400, Aver_Loss: 105.7778
[early-stopping] Epoch 168: no improvement (12/20)
Epoch 169/200, Batch 100, Aver_Loss: 101.5536
Epoch 169/200, Batch 200, Aver_Loss: 99.3128
Epoch 169/200, Batch 300, Aver_Loss: 102.1729
Epoch 169/200, Batch 400, Aver_Loss: 100.3562
[early-stopping] Epoch 169: new best val ELBO = -104.614450
Epoch 170/200, Batch 100, Aver_Loss: 99.0363
Epoch 170/200, Batch 200, Aver_Loss: 104.1394
Epoch 170/200, Batch 300, Aver_Loss: 103.4806
Epoch 170/200, Batch 400, Aver_Loss: 103.8035
[early-stopping] Epoch 170: no improvement (1/20)
Epoch 171/200, Batch 100, Aver_Loss: 97.2352
Epoch 171/200, Batch 200, Aver_Loss: 104.4129
Epoch 171/200, Batch 300, Aver_Loss: 103.8301
Epoch 171/200, Batch 400, Aver_Loss: 100.8425
[early-stopping] Epoch 171: no improvement (2/20)
Epoch 172/200, Batch 100, Aver_Loss: 95.6093
Epoch 172/200, Batch 200, Aver_Loss: 107.6220
Epoch 172/200, Batch 300, Aver_Loss: 101.1668
Epoch 172/200, Batch 400, Aver_Loss: 104.0559
[early-stopping] Epoch 172: new best val ELBO = -104.606907
Epoch 173/200, Batch 100, Aver_Loss: 102.8866
Epoch 173/200, Batch 200, Aver_Loss: 104.3232
Epoch 173/200, Batch 300, Aver_Loss: 102.3802
Epoch 173/200, Batch 400, Aver_Loss: 103.6776
[early-stopping] Epoch 173: no improvement (1/20)
Epoch 174/200, Batch 100, Aver_Loss: 100.1258
Epoch 174/200, Batch 200, Aver_Loss: 104.1518
Epoch 174/200, Batch 300, Aver_Loss: 105.6078
Epoch 174/200, Batch 400, Aver_Loss: 106.4093
[early-stopping] Epoch 174: no improvement (2/20)
Epoch 175/200, Batch 100, Aver_Loss: 103.8163
Epoch 175/200, Batch 200, Aver_Loss: 103.5957
Epoch 175/200, Batch 300, Aver_Loss: 104.0292
Epoch 175/200, Batch 400, Aver_Loss: 105.5247
[early-stopping] Epoch 175: no improvement (3/20)
Epoch 176/200, Batch 100, Aver_Loss: 102.9132
Epoch 176/200, Batch 200, Aver_Loss: 103.4863
Epoch 176/200, Batch 300, Aver_Loss: 104.5413
Epoch 176/200, Batch 400, Aver_Loss: 106.3891
[early-stopping] Epoch 176: no improvement (4/20)
Epoch 177/200, Batch 100, Aver_Loss: 106.5149
Epoch 177/200, Batch 200, Aver_Loss: 100.6213
Epoch 177/200, Batch 300, Aver_Loss: 109.1204
Epoch 177/200, Batch 400, Aver_Loss: 103.9060
[early-stopping] Epoch 177: no improvement (5/20)
Epoch 178/200, Batch 100, Aver_Loss: 102.2709
Epoch 178/200, Batch 200, Aver_Loss: 102.9812
Epoch 178/200, Batch 300, Aver_Loss: 105.6856
Epoch 178/200, Batch 400, Aver_Loss: 103.6666
[early-stopping] Epoch 178: no improvement (6/20)
Epoch 179/200, Batch 100, Aver_Loss: 105.9878
Epoch 179/200, Batch 200, Aver_Loss: 103.9357
Epoch 179/200, Batch 300, Aver_Loss: 98.1576
Epoch 179/200, Batch 400, Aver_Loss: 103.4391
[early-stopping] Epoch 179: no improvement (7/20)
Epoch 180/200, Batch 100, Aver_Loss: 102.5194
Epoch 180/200, Batch 200, Aver_Loss: 98.1353
Epoch 180/200, Batch 300, Aver_Loss: 101.4812
Epoch 180/200, Batch 400, Aver_Loss: 108.6641
[early-stopping] Epoch 180: no improvement (8/20)
Epoch 181/200, Batch 100, Aver_Loss: 104.0749
Epoch 181/200, Batch 200, Aver_Loss: 103.9414
Epoch 181/200, Batch 300, Aver_Loss: 103.7629
Epoch 181/200, Batch 400, Aver_Loss: 97.5752
[early-stopping] Epoch 181: no improvement (9/20)
Epoch 182/200, Batch 100, Aver_Loss: 105.4366
Epoch 182/200, Batch 200, Aver_Loss: 104.7020
Epoch 182/200, Batch 300, Aver_Loss: 105.0401
Epoch 182/200, Batch 400, Aver_Loss: 108.9917
[early-stopping] Epoch 182: no improvement (10/20)
Epoch 183/200, Batch 100, Aver_Loss: 102.7116
Epoch 183/200, Batch 200, Aver_Loss: 100.3881
Epoch 183/200, Batch 300, Aver_Loss: 102.4480
Epoch 183/200, Batch 400, Aver_Loss: 105.8811
[early-stopping] Epoch 183: no improvement (11/20)
Epoch 184/200, Batch 100, Aver_Loss: 109.0885
Epoch 184/200, Batch 200, Aver_Loss: 105.2775
Epoch 184/200, Batch 300, Aver_Loss: 103.5901
Epoch 184/200, Batch 400, Aver_Loss: 105.6617
[early-stopping] Epoch 184: no improvement (12/20)
Epoch 185/200, Batch 100, Aver_Loss: 106.2703
Epoch 185/200, Batch 200, Aver_Loss: 102.5358
Epoch 185/200, Batch 300, Aver_Loss: 101.1594
Epoch 185/200, Batch 400, Aver_Loss: 106.3259
[early-stopping] Epoch 185: no improvement (13/20)
Epoch 186/200, Batch 100, Aver_Loss: 107.7888
Epoch 186/200, Batch 200, Aver_Loss: 105.0621
Epoch 186/200, Batch 300, Aver_Loss: 107.3978
Epoch 186/200, Batch 400, Aver_Loss: 100.9089
[early-stopping] Epoch 186: no improvement (14/20)
Epoch 187/200, Batch 100, Aver_Loss: 99.2561
Epoch 187/200, Batch 200, Aver_Loss: 102.6715
Epoch 187/200, Batch 300, Aver_Loss: 106.3591
Epoch 187/200, Batch 400, Aver_Loss: 103.5388
[early-stopping] Epoch 187: no improvement (15/20)
Epoch 188/200, Batch 100, Aver_Loss: 102.7964
Epoch 188/200, Batch 200, Aver_Loss: 104.7566
Epoch 188/200, Batch 300, Aver_Loss: 103.8629
Epoch 188/200, Batch 400, Aver_Loss: 106.7087
[early-stopping] Epoch 188: no improvement (16/20)
Epoch 189/200, Batch 100, Aver_Loss: 109.6523
Epoch 189/200, Batch 200, Aver_Loss: 104.8213
Epoch 189/200, Batch 300, Aver_Loss: 102.9042
Epoch 189/200, Batch 400, Aver_Loss: 104.1765
[early-stopping] Epoch 189: new best val ELBO = -104.574708
Epoch 190/200, Batch 100, Aver_Loss: 101.7588
Epoch 190/200, Batch 200, Aver_Loss: 105.2174
Epoch 190/200, Batch 300, Aver_Loss: 106.2630
Epoch 190/200, Batch 400, Aver_Loss: 99.8501
[early-stopping] Epoch 190: no improvement (1/20)
Epoch 191/200, Batch 100, Aver_Loss: 106.8559
Epoch 191/200, Batch 200, Aver_Loss: 104.3792
Epoch 191/200, Batch 300, Aver_Loss: 99.6811
Epoch 191/200, Batch 400, Aver_Loss: 105.3527
[early-stopping] Epoch 191: no improvement (2/20)
Epoch 192/200, Batch 100, Aver_Loss: 103.2907
Epoch 192/200, Batch 200, Aver_Loss: 103.1056
Epoch 192/200, Batch 300, Aver_Loss: 104.2509
Epoch 192/200, Batch 400, Aver_Loss: 104.6131
[early-stopping] Epoch 192: no improvement (3/20)
Epoch 193/200, Batch 100, Aver_Loss: 105.9998
Epoch 193/200, Batch 200, Aver_Loss: 107.5057
Epoch 193/200, Batch 300, Aver_Loss: 100.1077
Epoch 193/200, Batch 400, Aver_Loss: 106.1411
[early-stopping] Epoch 193: no improvement (4/20)
Epoch 194/200, Batch 100, Aver_Loss: 99.0684
Epoch 194/200, Batch 200, Aver_Loss: 102.6764
Epoch 194/200, Batch 300, Aver_Loss: 107.1500
Epoch 194/200, Batch 400, Aver_Loss: 106.4225
[early-stopping] Epoch 194: no improvement (5/20)
Epoch 195/200, Batch 100, Aver_Loss: 103.5315
Epoch 195/200, Batch 200, Aver_Loss: 103.7641
Epoch 195/200, Batch 300, Aver_Loss: 100.9595
Epoch 195/200, Batch 400, Aver_Loss: 106.8089
[early-stopping] Epoch 195: no improvement (6/20)
Epoch 196/200, Batch 100, Aver_Loss: 96.8203
Epoch 196/200, Batch 200, Aver_Loss: 104.4751
Epoch 196/200, Batch 300, Aver_Loss: 102.1354
Epoch 196/200, Batch 400, Aver_Loss: 104.1634
[early-stopping] Epoch 196: new best val ELBO = -104.447641
Epoch 197/200, Batch 100, Aver_Loss: 103.8725
Epoch 197/200, Batch 200, Aver_Loss: 104.1954
Epoch 197/200, Batch 300, Aver_Loss: 103.4992
Epoch 197/200, Batch 400, Aver_Loss: 102.8324
[early-stopping] Epoch 197: no improvement (1/20)
Epoch 198/200, Batch 100, Aver_Loss: 105.9685
Epoch 198/200, Batch 200, Aver_Loss: 100.7052
Epoch 198/200, Batch 300, Aver_Loss: 105.2554
Epoch 198/200, Batch 400, Aver_Loss: 103.9956
[early-stopping] Epoch 198: no improvement (2/20)
Epoch 199/200, Batch 100, Aver_Loss: 101.8610
Epoch 199/200, Batch 200, Aver_Loss: 105.8640
Epoch 199/200, Batch 300, Aver_Loss: 106.6480
Epoch 199/200, Batch 400, Aver_Loss: 105.0586
[early-stopping] Epoch 199: no improvement (3/20)
Epoch 200/200, Batch 100, Aver_Loss: 102.8115
Epoch 200/200, Batch 200, Aver_Loss: 102.3347
Epoch 200/200, Batch 300, Aver_Loss: 105.5094
Epoch 200/200, Batch 400, Aver_Loss: 101.1035
[early-stopping] Epoch 200: no improvement (4/20)
[early-stopping] Loaded best model from epoch 196 (val ELBO = -104.447641)
[checkpoint] Saved best model to: trained_parameters/mnist_basic_zdim512_VAE.pkl
[saved curves] ./results/MNIST_BASIC/curves/mnist_basic_vae_d512_s777.json

==== Evaluation Summary ====
                 model: vae
   recon/mse_per_pixel: 0.012515
            elbo/train: -103.804113
             elbo/test: -104.539335
             mse/train: 0.012105
              mse/test: 0.012515
             probe/acc: 0.943150
             probe/nll: 0.188549
           probe/brier: 0.085261
             probe/ece: 0.023237
           cluster/nmi: 0.540956
           cluster/ari: 0.439841
============================

