/usr/bin/which: no fi_info in (/arf/home/meyavuz/.local/bin:/arf/sw/comp/python/intelpython3/condabin:/arf/sw/comp/python/intelpython3/bin:/usr/share/Modules/bin:/usr/local/bin:/usr/bin:/usr/local/sbin:/usr/sbin)
Extension for Scikit-learn* enabled (https://github.com/uxlfoundation/scikit-learn-intelex)
/arf/home/meyavuz/.conda/envs/sbn/lib/python3.9/site-packages/sklearn/linear_model/_logistic.py:1247: FutureWarning: 'multi_class' was deprecated in version 1.5 and will be removed in 1.7. From then on, it will always use 'multinomial'. Leave it to its default value to avoid this warning.
  warnings.warn(
Epoch 1/200, Batch 100, Aver_Loss: 189.9633
Epoch 1/200, Batch 200, Aver_Loss: 162.0442
Epoch 1/200, Batch 300, Aver_Loss: 161.0360
Epoch 1/200, Batch 400, Aver_Loss: 154.7325
[early-stopping] Epoch 1: new best val ELBO = -152.695753
Epoch 2/200, Batch 100, Aver_Loss: 147.7904
Epoch 2/200, Batch 200, Aver_Loss: 148.8305
Epoch 2/200, Batch 300, Aver_Loss: 147.7141
Epoch 2/200, Batch 400, Aver_Loss: 151.0234
[early-stopping] Epoch 2: new best val ELBO = -147.554188
Epoch 3/200, Batch 100, Aver_Loss: 149.6871
Epoch 3/200, Batch 200, Aver_Loss: 149.7878
Epoch 3/200, Batch 300, Aver_Loss: 144.5909
Epoch 3/200, Batch 400, Aver_Loss: 141.3459
[early-stopping] Epoch 3: new best val ELBO = -143.665035
Epoch 4/200, Batch 100, Aver_Loss: 142.7903
Epoch 4/200, Batch 200, Aver_Loss: 145.8729
Epoch 4/200, Batch 300, Aver_Loss: 138.1660
Epoch 4/200, Batch 400, Aver_Loss: 139.1307
[early-stopping] Epoch 4: new best val ELBO = -140.869996
Epoch 5/200, Batch 100, Aver_Loss: 142.1200
Epoch 5/200, Batch 200, Aver_Loss: 141.9211
Epoch 5/200, Batch 300, Aver_Loss: 142.4735
Epoch 5/200, Batch 400, Aver_Loss: 138.6698
[early-stopping] Epoch 5: new best val ELBO = -138.161244
Epoch 6/200, Batch 100, Aver_Loss: 134.9767
Epoch 6/200, Batch 200, Aver_Loss: 132.3042
Epoch 6/200, Batch 300, Aver_Loss: 135.6034
Epoch 6/200, Batch 400, Aver_Loss: 136.5847
[early-stopping] Epoch 6: new best val ELBO = -136.516770
Epoch 7/200, Batch 100, Aver_Loss: 143.4641
Epoch 7/200, Batch 200, Aver_Loss: 136.1119
Epoch 7/200, Batch 300, Aver_Loss: 129.3940
Epoch 7/200, Batch 400, Aver_Loss: 136.1071
[early-stopping] Epoch 7: new best val ELBO = -135.416211
Epoch 8/200, Batch 100, Aver_Loss: 135.0589
Epoch 8/200, Batch 200, Aver_Loss: 130.4514
Epoch 8/200, Batch 300, Aver_Loss: 132.9637
Epoch 8/200, Batch 400, Aver_Loss: 129.4273
[early-stopping] Epoch 8: new best val ELBO = -134.158564
Epoch 9/200, Batch 100, Aver_Loss: 129.7470
Epoch 9/200, Batch 200, Aver_Loss: 132.1057
Epoch 9/200, Batch 300, Aver_Loss: 131.1055
Epoch 9/200, Batch 400, Aver_Loss: 140.4570
[early-stopping] Epoch 9: new best val ELBO = -133.326752
Epoch 10/200, Batch 100, Aver_Loss: 133.6549
Epoch 10/200, Batch 200, Aver_Loss: 133.9803
Epoch 10/200, Batch 300, Aver_Loss: 132.7793
Epoch 10/200, Batch 400, Aver_Loss: 130.4560
[early-stopping] Epoch 10: new best val ELBO = -132.554670
Epoch 11/200, Batch 100, Aver_Loss: 131.6494
Epoch 11/200, Batch 200, Aver_Loss: 137.2166
Epoch 11/200, Batch 300, Aver_Loss: 130.1002
Epoch 11/200, Batch 400, Aver_Loss: 125.7739
[early-stopping] Epoch 11: new best val ELBO = -131.943600
Epoch 12/200, Batch 100, Aver_Loss: 127.4578
Epoch 12/200, Batch 200, Aver_Loss: 129.6312
Epoch 12/200, Batch 300, Aver_Loss: 126.1068
Epoch 12/200, Batch 400, Aver_Loss: 130.0664
[early-stopping] Epoch 12: new best val ELBO = -131.604347
Epoch 13/200, Batch 100, Aver_Loss: 125.4904
Epoch 13/200, Batch 200, Aver_Loss: 132.9803
Epoch 13/200, Batch 300, Aver_Loss: 138.5930
Epoch 13/200, Batch 400, Aver_Loss: 130.7498
[early-stopping] Epoch 13: new best val ELBO = -131.005824
Epoch 14/200, Batch 100, Aver_Loss: 134.6756
Epoch 14/200, Batch 200, Aver_Loss: 127.6222
Epoch 14/200, Batch 300, Aver_Loss: 137.2262
Epoch 14/200, Batch 400, Aver_Loss: 129.9964
[early-stopping] Epoch 14: new best val ELBO = -130.727488
Epoch 15/200, Batch 100, Aver_Loss: 132.8512
Epoch 15/200, Batch 200, Aver_Loss: 124.0696
Epoch 15/200, Batch 300, Aver_Loss: 133.4083
Epoch 15/200, Batch 400, Aver_Loss: 124.9085
[early-stopping] Epoch 15: no improvement (1/20)
Epoch 16/200, Batch 100, Aver_Loss: 131.6086
Epoch 16/200, Batch 200, Aver_Loss: 129.1604
Epoch 16/200, Batch 300, Aver_Loss: 127.4401
Epoch 16/200, Batch 400, Aver_Loss: 135.8092
[early-stopping] Epoch 16: new best val ELBO = -130.596437
Epoch 17/200, Batch 100, Aver_Loss: 128.2961
Epoch 17/200, Batch 200, Aver_Loss: 129.4832
Epoch 17/200, Batch 300, Aver_Loss: 128.2318
Epoch 17/200, Batch 400, Aver_Loss: 130.8928
[early-stopping] Epoch 17: new best val ELBO = -130.250641
Epoch 18/200, Batch 100, Aver_Loss: 127.4479
Epoch 18/200, Batch 200, Aver_Loss: 132.2898
Epoch 18/200, Batch 300, Aver_Loss: 128.2474
Epoch 18/200, Batch 400, Aver_Loss: 125.0383
[early-stopping] Epoch 18: new best val ELBO = -129.737655
Epoch 19/200, Batch 100, Aver_Loss: 127.4058
Epoch 19/200, Batch 200, Aver_Loss: 131.5065
Epoch 19/200, Batch 300, Aver_Loss: 128.9536
Epoch 19/200, Batch 400, Aver_Loss: 130.2925
[early-stopping] Epoch 19: no improvement (1/20)
Epoch 20/200, Batch 100, Aver_Loss: 122.5263
Epoch 20/200, Batch 200, Aver_Loss: 125.4738
Epoch 20/200, Batch 300, Aver_Loss: 126.2228
Epoch 20/200, Batch 400, Aver_Loss: 128.7323
[early-stopping] Epoch 20: new best val ELBO = -129.735617
Epoch 21/200, Batch 100, Aver_Loss: 131.6733
Epoch 21/200, Batch 200, Aver_Loss: 132.0386
Epoch 21/200, Batch 300, Aver_Loss: 133.2872
Epoch 21/200, Batch 400, Aver_Loss: 128.9683
[early-stopping] Epoch 21: new best val ELBO = -129.449891
Epoch 22/200, Batch 100, Aver_Loss: 128.5195
Epoch 22/200, Batch 200, Aver_Loss: 135.9572
Epoch 22/200, Batch 300, Aver_Loss: 130.4998
Epoch 22/200, Batch 400, Aver_Loss: 123.7152
[early-stopping] Epoch 22: new best val ELBO = -129.369172
Epoch 23/200, Batch 100, Aver_Loss: 131.9245
Epoch 23/200, Batch 200, Aver_Loss: 128.4652
Epoch 23/200, Batch 300, Aver_Loss: 127.3630
Epoch 23/200, Batch 400, Aver_Loss: 130.1169
[early-stopping] Epoch 23: new best val ELBO = -129.040800
Epoch 24/200, Batch 100, Aver_Loss: 127.8994
Epoch 24/200, Batch 200, Aver_Loss: 130.3457
Epoch 24/200, Batch 300, Aver_Loss: 129.7990
Epoch 24/200, Batch 400, Aver_Loss: 125.7383
[early-stopping] Epoch 24: no improvement (1/20)
Epoch 25/200, Batch 100, Aver_Loss: 127.4816
Epoch 25/200, Batch 200, Aver_Loss: 126.2553
Epoch 25/200, Batch 300, Aver_Loss: 125.8662
Epoch 25/200, Batch 400, Aver_Loss: 131.5037
[early-stopping] Epoch 25: new best val ELBO = -128.924850
Epoch 26/200, Batch 100, Aver_Loss: 128.6914
Epoch 26/200, Batch 200, Aver_Loss: 121.6502
Epoch 26/200, Batch 300, Aver_Loss: 130.5779
Epoch 26/200, Batch 400, Aver_Loss: 131.4087
[early-stopping] Epoch 26: new best val ELBO = -128.590971
Epoch 27/200, Batch 100, Aver_Loss: 130.1137
Epoch 27/200, Batch 200, Aver_Loss: 127.6011
Epoch 27/200, Batch 300, Aver_Loss: 126.3961
Epoch 27/200, Batch 400, Aver_Loss: 126.4060
[early-stopping] Epoch 27: no improvement (1/20)
Epoch 28/200, Batch 100, Aver_Loss: 126.8787
Epoch 28/200, Batch 200, Aver_Loss: 128.5482
Epoch 28/200, Batch 300, Aver_Loss: 130.1039
Epoch 28/200, Batch 400, Aver_Loss: 126.6181
[early-stopping] Epoch 28: no improvement (2/20)
Epoch 29/200, Batch 100, Aver_Loss: 125.7724
Epoch 29/200, Batch 200, Aver_Loss: 121.1842
Epoch 29/200, Batch 300, Aver_Loss: 129.5694
Epoch 29/200, Batch 400, Aver_Loss: 129.5554
[early-stopping] Epoch 29: no improvement (3/20)
Epoch 30/200, Batch 100, Aver_Loss: 129.9041
Epoch 30/200, Batch 200, Aver_Loss: 129.8872
Epoch 30/200, Batch 300, Aver_Loss: 132.1792
Epoch 30/200, Batch 400, Aver_Loss: 130.6166
[early-stopping] Epoch 30: new best val ELBO = -128.478192
Epoch 31/200, Batch 100, Aver_Loss: 116.8669
Epoch 31/200, Batch 200, Aver_Loss: 125.0802
Epoch 31/200, Batch 300, Aver_Loss: 130.8623
Epoch 31/200, Batch 400, Aver_Loss: 126.8787
[early-stopping] Epoch 31: no improvement (1/20)
Epoch 32/200, Batch 100, Aver_Loss: 129.5919
Epoch 32/200, Batch 200, Aver_Loss: 126.2301
Epoch 32/200, Batch 300, Aver_Loss: 121.9608
Epoch 32/200, Batch 400, Aver_Loss: 125.5672
[early-stopping] Epoch 32: new best val ELBO = -128.256085
Epoch 33/200, Batch 100, Aver_Loss: 126.3321
Epoch 33/200, Batch 200, Aver_Loss: 126.1832
Epoch 33/200, Batch 300, Aver_Loss: 125.9794
Epoch 33/200, Batch 400, Aver_Loss: 120.6437
[early-stopping] Epoch 33: no improvement (1/20)
Epoch 34/200, Batch 100, Aver_Loss: 127.9509
Epoch 34/200, Batch 200, Aver_Loss: 126.9197
Epoch 34/200, Batch 300, Aver_Loss: 128.2816
Epoch 34/200, Batch 400, Aver_Loss: 125.6653
[early-stopping] Epoch 34: no improvement (2/20)
Epoch 35/200, Batch 100, Aver_Loss: 127.2373
Epoch 35/200, Batch 200, Aver_Loss: 123.4511
Epoch 35/200, Batch 300, Aver_Loss: 123.4408
Epoch 35/200, Batch 400, Aver_Loss: 124.6015
[early-stopping] Epoch 35: new best val ELBO = -128.191298
Epoch 36/200, Batch 100, Aver_Loss: 128.1009
Epoch 36/200, Batch 200, Aver_Loss: 125.9433
Epoch 36/200, Batch 300, Aver_Loss: 125.3586
Epoch 36/200, Batch 400, Aver_Loss: 125.5158
[early-stopping] Epoch 36: no improvement (1/20)
Epoch 37/200, Batch 100, Aver_Loss: 125.7681
Epoch 37/200, Batch 200, Aver_Loss: 129.8167
Epoch 37/200, Batch 300, Aver_Loss: 122.7772
Epoch 37/200, Batch 400, Aver_Loss: 124.9113
[early-stopping] Epoch 37: new best val ELBO = -128.190548
Epoch 38/200, Batch 100, Aver_Loss: 127.2661
Epoch 38/200, Batch 200, Aver_Loss: 125.6603
Epoch 38/200, Batch 300, Aver_Loss: 123.6245
Epoch 38/200, Batch 400, Aver_Loss: 125.4390
[early-stopping] Epoch 38: new best val ELBO = -128.001309
Epoch 39/200, Batch 100, Aver_Loss: 124.6052
Epoch 39/200, Batch 200, Aver_Loss: 126.6706
Epoch 39/200, Batch 300, Aver_Loss: 126.4875
Epoch 39/200, Batch 400, Aver_Loss: 120.7548
[early-stopping] Epoch 39: no improvement (1/20)
Epoch 40/200, Batch 100, Aver_Loss: 126.6699
Epoch 40/200, Batch 200, Aver_Loss: 126.5867
Epoch 40/200, Batch 300, Aver_Loss: 124.6301
Epoch 40/200, Batch 400, Aver_Loss: 126.5617
[early-stopping] Epoch 40: new best val ELBO = -127.709530
Epoch 41/200, Batch 100, Aver_Loss: 125.8235
Epoch 41/200, Batch 200, Aver_Loss: 123.5996
Epoch 41/200, Batch 300, Aver_Loss: 127.0249
Epoch 41/200, Batch 400, Aver_Loss: 124.9316
[early-stopping] Epoch 41: no improvement (1/20)
Epoch 42/200, Batch 100, Aver_Loss: 130.1507
Epoch 42/200, Batch 200, Aver_Loss: 125.2538
Epoch 42/200, Batch 300, Aver_Loss: 122.3933
Epoch 42/200, Batch 400, Aver_Loss: 131.0760
[early-stopping] Epoch 42: new best val ELBO = -127.496298
Epoch 43/200, Batch 100, Aver_Loss: 122.2666
Epoch 43/200, Batch 200, Aver_Loss: 121.2663
Epoch 43/200, Batch 300, Aver_Loss: 120.4448
Epoch 43/200, Batch 400, Aver_Loss: 126.9075
[early-stopping] Epoch 43: no improvement (1/20)
Epoch 44/200, Batch 100, Aver_Loss: 121.5241
Epoch 44/200, Batch 200, Aver_Loss: 129.1336
Epoch 44/200, Batch 300, Aver_Loss: 132.1253
Epoch 44/200, Batch 400, Aver_Loss: 120.4982
[early-stopping] Epoch 44: no improvement (2/20)
Epoch 45/200, Batch 100, Aver_Loss: 124.7091
Epoch 45/200, Batch 200, Aver_Loss: 125.8512
Epoch 45/200, Batch 300, Aver_Loss: 124.0584
Epoch 45/200, Batch 400, Aver_Loss: 131.2878
[early-stopping] Epoch 45: new best val ELBO = -127.442264
Epoch 46/200, Batch 100, Aver_Loss: 131.8295
Epoch 46/200, Batch 200, Aver_Loss: 124.3710
Epoch 46/200, Batch 300, Aver_Loss: 127.5489
Epoch 46/200, Batch 400, Aver_Loss: 126.7594
[early-stopping] Epoch 46: no improvement (1/20)
Epoch 47/200, Batch 100, Aver_Loss: 123.1136
Epoch 47/200, Batch 200, Aver_Loss: 126.2506
Epoch 47/200, Batch 300, Aver_Loss: 127.3017
Epoch 47/200, Batch 400, Aver_Loss: 131.2450
[early-stopping] Epoch 47: no improvement (2/20)
Epoch 48/200, Batch 100, Aver_Loss: 126.4233
Epoch 48/200, Batch 200, Aver_Loss: 120.1025
Epoch 48/200, Batch 300, Aver_Loss: 124.8765
Epoch 48/200, Batch 400, Aver_Loss: 126.9708
[early-stopping] Epoch 48: no improvement (3/20)
Epoch 49/200, Batch 100, Aver_Loss: 125.9613
Epoch 49/200, Batch 200, Aver_Loss: 123.7003
Epoch 49/200, Batch 300, Aver_Loss: 122.9169
Epoch 49/200, Batch 400, Aver_Loss: 126.2187
[early-stopping] Epoch 49: no improvement (4/20)
Epoch 50/200, Batch 100, Aver_Loss: 124.3177
Epoch 50/200, Batch 200, Aver_Loss: 129.9596
Epoch 50/200, Batch 300, Aver_Loss: 128.6317
Epoch 50/200, Batch 400, Aver_Loss: 126.8236
[early-stopping] Epoch 50: no improvement (5/20)
Epoch 51/200, Batch 100, Aver_Loss: 127.6356
Epoch 51/200, Batch 200, Aver_Loss: 123.8748
Epoch 51/200, Batch 300, Aver_Loss: 123.3770
Epoch 51/200, Batch 400, Aver_Loss: 124.8806
[early-stopping] Epoch 51: no improvement (6/20)
Epoch 52/200, Batch 100, Aver_Loss: 127.7534
Epoch 52/200, Batch 200, Aver_Loss: 128.5798
Epoch 52/200, Batch 300, Aver_Loss: 121.7543
Epoch 52/200, Batch 400, Aver_Loss: 123.3767
[early-stopping] Epoch 52: new best val ELBO = -127.433173
Epoch 53/200, Batch 100, Aver_Loss: 117.9788
Epoch 53/200, Batch 200, Aver_Loss: 122.3489
Epoch 53/200, Batch 300, Aver_Loss: 130.0629
Epoch 53/200, Batch 400, Aver_Loss: 120.8769
[early-stopping] Epoch 53: no improvement (1/20)
Epoch 54/200, Batch 100, Aver_Loss: 125.6817
Epoch 54/200, Batch 200, Aver_Loss: 128.9799
Epoch 54/200, Batch 300, Aver_Loss: 126.8611
Epoch 54/200, Batch 400, Aver_Loss: 129.0422
[early-stopping] Epoch 54: new best val ELBO = -127.173766
Epoch 55/200, Batch 100, Aver_Loss: 122.7133
Epoch 55/200, Batch 200, Aver_Loss: 122.4697
Epoch 55/200, Batch 300, Aver_Loss: 122.1788
Epoch 55/200, Batch 400, Aver_Loss: 128.1300
[early-stopping] Epoch 55: no improvement (1/20)
Epoch 56/200, Batch 100, Aver_Loss: 127.9443
Epoch 56/200, Batch 200, Aver_Loss: 125.9991
Epoch 56/200, Batch 300, Aver_Loss: 121.9223
Epoch 56/200, Batch 400, Aver_Loss: 123.6778
[early-stopping] Epoch 56: no improvement (2/20)
Epoch 57/200, Batch 100, Aver_Loss: 128.0318
Epoch 57/200, Batch 200, Aver_Loss: 125.8056
Epoch 57/200, Batch 300, Aver_Loss: 127.6336
Epoch 57/200, Batch 400, Aver_Loss: 123.3993
[early-stopping] Epoch 57: new best val ELBO = -127.073950
Epoch 58/200, Batch 100, Aver_Loss: 125.5123
Epoch 58/200, Batch 200, Aver_Loss: 125.4010
Epoch 58/200, Batch 300, Aver_Loss: 126.1998
Epoch 58/200, Batch 400, Aver_Loss: 123.5590
[early-stopping] Epoch 58: no improvement (1/20)
Epoch 59/200, Batch 100, Aver_Loss: 123.0045
Epoch 59/200, Batch 200, Aver_Loss: 128.5617
Epoch 59/200, Batch 300, Aver_Loss: 120.2692
Epoch 59/200, Batch 400, Aver_Loss: 123.8254
[early-stopping] Epoch 59: no improvement (2/20)
Epoch 60/200, Batch 100, Aver_Loss: 126.7284
Epoch 60/200, Batch 200, Aver_Loss: 127.3872
Epoch 60/200, Batch 300, Aver_Loss: 117.8214
Epoch 60/200, Batch 400, Aver_Loss: 125.7104
[early-stopping] Epoch 60: new best val ELBO = -126.983356
Epoch 61/200, Batch 100, Aver_Loss: 125.8877
Epoch 61/200, Batch 200, Aver_Loss: 123.1672
Epoch 61/200, Batch 300, Aver_Loss: 125.8121
Epoch 61/200, Batch 400, Aver_Loss: 122.6893
[early-stopping] Epoch 61: no improvement (1/20)
Epoch 62/200, Batch 100, Aver_Loss: 122.5043
Epoch 62/200, Batch 200, Aver_Loss: 128.0490
Epoch 62/200, Batch 300, Aver_Loss: 122.4149
Epoch 62/200, Batch 400, Aver_Loss: 124.5010
[early-stopping] Epoch 62: new best val ELBO = -126.930806
Epoch 63/200, Batch 100, Aver_Loss: 120.1208
Epoch 63/200, Batch 200, Aver_Loss: 122.7040
Epoch 63/200, Batch 300, Aver_Loss: 122.5183
Epoch 63/200, Batch 400, Aver_Loss: 126.6190
[early-stopping] Epoch 63: no improvement (1/20)
Epoch 64/200, Batch 100, Aver_Loss: 127.0071
Epoch 64/200, Batch 200, Aver_Loss: 123.3361
Epoch 64/200, Batch 300, Aver_Loss: 123.6248
Epoch 64/200, Batch 400, Aver_Loss: 126.4191
[early-stopping] Epoch 64: no improvement (2/20)
Epoch 65/200, Batch 100, Aver_Loss: 119.0370
Epoch 65/200, Batch 200, Aver_Loss: 127.0828
Epoch 65/200, Batch 300, Aver_Loss: 123.8915
Epoch 65/200, Batch 400, Aver_Loss: 125.8382
[early-stopping] Epoch 65: no improvement (3/20)
Epoch 66/200, Batch 100, Aver_Loss: 127.2551
Epoch 66/200, Batch 200, Aver_Loss: 123.6944
Epoch 66/200, Batch 300, Aver_Loss: 118.6303
Epoch 66/200, Batch 400, Aver_Loss: 128.3463
[early-stopping] Epoch 66: new best val ELBO = -126.920378
Epoch 67/200, Batch 100, Aver_Loss: 124.8022
Epoch 67/200, Batch 200, Aver_Loss: 123.2569
Epoch 67/200, Batch 300, Aver_Loss: 122.5082
Epoch 67/200, Batch 400, Aver_Loss: 126.3204
[early-stopping] Epoch 67: no improvement (1/20)
Epoch 68/200, Batch 100, Aver_Loss: 123.6591
Epoch 68/200, Batch 200, Aver_Loss: 125.6024
Epoch 68/200, Batch 300, Aver_Loss: 121.8644
Epoch 68/200, Batch 400, Aver_Loss: 122.4976
[early-stopping] Epoch 68: no improvement (2/20)
Epoch 69/200, Batch 100, Aver_Loss: 123.5111
Epoch 69/200, Batch 200, Aver_Loss: 124.3891
Epoch 69/200, Batch 300, Aver_Loss: 126.5353
Epoch 69/200, Batch 400, Aver_Loss: 127.7584
[early-stopping] Epoch 69: no improvement (3/20)
Epoch 70/200, Batch 100, Aver_Loss: 126.7165
Epoch 70/200, Batch 200, Aver_Loss: 121.4264
Epoch 70/200, Batch 300, Aver_Loss: 129.6722
Epoch 70/200, Batch 400, Aver_Loss: 119.2376
[early-stopping] Epoch 70: no improvement (4/20)
Epoch 71/200, Batch 100, Aver_Loss: 122.6066
Epoch 71/200, Batch 200, Aver_Loss: 116.4526
Epoch 71/200, Batch 300, Aver_Loss: 130.1591
Epoch 71/200, Batch 400, Aver_Loss: 121.3220
[early-stopping] Epoch 71: new best val ELBO = -126.888521
Epoch 72/200, Batch 100, Aver_Loss: 124.1841
Epoch 72/200, Batch 200, Aver_Loss: 124.7118
Epoch 72/200, Batch 300, Aver_Loss: 121.7462
Epoch 72/200, Batch 400, Aver_Loss: 122.6466
[early-stopping] Epoch 72: no improvement (1/20)
Epoch 73/200, Batch 100, Aver_Loss: 128.2439
Epoch 73/200, Batch 200, Aver_Loss: 123.1086
Epoch 73/200, Batch 300, Aver_Loss: 122.9149
Epoch 73/200, Batch 400, Aver_Loss: 127.0478
[early-stopping] Epoch 73: new best val ELBO = -126.882288
Epoch 74/200, Batch 100, Aver_Loss: 125.2118
Epoch 74/200, Batch 200, Aver_Loss: 124.1462
Epoch 74/200, Batch 300, Aver_Loss: 126.1727
Epoch 74/200, Batch 400, Aver_Loss: 120.7493
[early-stopping] Epoch 74: no improvement (1/20)
Epoch 75/200, Batch 100, Aver_Loss: 125.5518
Epoch 75/200, Batch 200, Aver_Loss: 130.9798
Epoch 75/200, Batch 300, Aver_Loss: 123.0283
Epoch 75/200, Batch 400, Aver_Loss: 128.1694
[early-stopping] Epoch 75: no improvement (2/20)
Epoch 76/200, Batch 100, Aver_Loss: 121.9800
Epoch 76/200, Batch 200, Aver_Loss: 121.9638
Epoch 76/200, Batch 300, Aver_Loss: 122.5896
Epoch 76/200, Batch 400, Aver_Loss: 126.9499
[early-stopping] Epoch 76: no improvement (3/20)
Epoch 77/200, Batch 100, Aver_Loss: 125.8791
Epoch 77/200, Batch 200, Aver_Loss: 126.4373
Epoch 77/200, Batch 300, Aver_Loss: 127.7904
Epoch 77/200, Batch 400, Aver_Loss: 126.9341
[early-stopping] Epoch 77: no improvement (4/20)
Epoch 78/200, Batch 100, Aver_Loss: 123.5103
Epoch 78/200, Batch 200, Aver_Loss: 122.9017
Epoch 78/200, Batch 300, Aver_Loss: 122.8115
Epoch 78/200, Batch 400, Aver_Loss: 121.9497
[early-stopping] Epoch 78: new best val ELBO = -126.778198
Epoch 79/200, Batch 100, Aver_Loss: 127.7708
Epoch 79/200, Batch 200, Aver_Loss: 120.8692
Epoch 79/200, Batch 300, Aver_Loss: 120.6551
Epoch 79/200, Batch 400, Aver_Loss: 121.8534
[early-stopping] Epoch 79: no improvement (1/20)
Epoch 80/200, Batch 100, Aver_Loss: 124.7351
Epoch 80/200, Batch 200, Aver_Loss: 125.4318
Epoch 80/200, Batch 300, Aver_Loss: 123.3752
Epoch 80/200, Batch 400, Aver_Loss: 120.4575
[early-stopping] Epoch 80: no improvement (2/20)
Epoch 81/200, Batch 100, Aver_Loss: 122.5666
Epoch 81/200, Batch 200, Aver_Loss: 127.4432
Epoch 81/200, Batch 300, Aver_Loss: 125.5418
Epoch 81/200, Batch 400, Aver_Loss: 119.6147
[early-stopping] Epoch 81: no improvement (3/20)
Epoch 82/200, Batch 100, Aver_Loss: 122.5205
Epoch 82/200, Batch 200, Aver_Loss: 125.8264
Epoch 82/200, Batch 300, Aver_Loss: 122.4599
Epoch 82/200, Batch 400, Aver_Loss: 124.6771
[early-stopping] Epoch 82: new best val ELBO = -126.772175
Epoch 83/200, Batch 100, Aver_Loss: 127.5070
Epoch 83/200, Batch 200, Aver_Loss: 128.7868
Epoch 83/200, Batch 300, Aver_Loss: 120.9848
Epoch 83/200, Batch 400, Aver_Loss: 127.0808
[early-stopping] Epoch 83: no improvement (1/20)
Epoch 84/200, Batch 100, Aver_Loss: 129.1724
Epoch 84/200, Batch 200, Aver_Loss: 125.0591
Epoch 84/200, Batch 300, Aver_Loss: 120.6699
Epoch 84/200, Batch 400, Aver_Loss: 122.4148
[early-stopping] Epoch 84: no improvement (2/20)
Epoch 85/200, Batch 100, Aver_Loss: 120.6819
Epoch 85/200, Batch 200, Aver_Loss: 118.9606
Epoch 85/200, Batch 300, Aver_Loss: 118.5567
Epoch 85/200, Batch 400, Aver_Loss: 126.7874
[early-stopping] Epoch 85: no improvement (3/20)
Epoch 86/200, Batch 100, Aver_Loss: 124.3450
Epoch 86/200, Batch 200, Aver_Loss: 126.7142
Epoch 86/200, Batch 300, Aver_Loss: 122.0616
Epoch 86/200, Batch 400, Aver_Loss: 122.3293
[early-stopping] Epoch 86: new best val ELBO = -126.690845
Epoch 87/200, Batch 100, Aver_Loss: 123.7560
Epoch 87/200, Batch 200, Aver_Loss: 124.2548
Epoch 87/200, Batch 300, Aver_Loss: 120.9082
Epoch 87/200, Batch 400, Aver_Loss: 125.1787
[early-stopping] Epoch 87: no improvement (1/20)
Epoch 88/200, Batch 100, Aver_Loss: 129.2177
Epoch 88/200, Batch 200, Aver_Loss: 130.5562
Epoch 88/200, Batch 300, Aver_Loss: 122.9617
Epoch 88/200, Batch 400, Aver_Loss: 127.3741
[early-stopping] Epoch 88: no improvement (2/20)
Epoch 89/200, Batch 100, Aver_Loss: 125.2313
Epoch 89/200, Batch 200, Aver_Loss: 124.0106
Epoch 89/200, Batch 300, Aver_Loss: 121.0462
Epoch 89/200, Batch 400, Aver_Loss: 124.0250
[early-stopping] Epoch 89: no improvement (3/20)
Epoch 90/200, Batch 100, Aver_Loss: 128.1292
Epoch 90/200, Batch 200, Aver_Loss: 121.2367
Epoch 90/200, Batch 300, Aver_Loss: 127.8175
Epoch 90/200, Batch 400, Aver_Loss: 123.8588
[early-stopping] Epoch 90: no improvement (4/20)
Epoch 91/200, Batch 100, Aver_Loss: 123.8637
Epoch 91/200, Batch 200, Aver_Loss: 126.1369
Epoch 91/200, Batch 300, Aver_Loss: 119.4925
Epoch 91/200, Batch 400, Aver_Loss: 124.2735
[early-stopping] Epoch 91: no improvement (5/20)
Epoch 92/200, Batch 100, Aver_Loss: 122.9196
Epoch 92/200, Batch 200, Aver_Loss: 126.8815
Epoch 92/200, Batch 300, Aver_Loss: 125.8715
Epoch 92/200, Batch 400, Aver_Loss: 129.8005
[early-stopping] Epoch 92: no improvement (6/20)
Epoch 93/200, Batch 100, Aver_Loss: 131.7442
Epoch 93/200, Batch 200, Aver_Loss: 126.2381
Epoch 93/200, Batch 300, Aver_Loss: 126.4749
Epoch 93/200, Batch 400, Aver_Loss: 127.5322
[early-stopping] Epoch 93: no improvement (7/20)
Epoch 94/200, Batch 100, Aver_Loss: 122.5971
Epoch 94/200, Batch 200, Aver_Loss: 128.8663
Epoch 94/200, Batch 300, Aver_Loss: 125.9261
Epoch 94/200, Batch 400, Aver_Loss: 117.7337
[early-stopping] Epoch 94: no improvement (8/20)
Epoch 95/200, Batch 100, Aver_Loss: 123.0829
Epoch 95/200, Batch 200, Aver_Loss: 122.6541
Epoch 95/200, Batch 300, Aver_Loss: 123.4320
Epoch 95/200, Batch 400, Aver_Loss: 123.3966
[early-stopping] Epoch 95: no improvement (9/20)
Epoch 96/200, Batch 100, Aver_Loss: 123.5782
Epoch 96/200, Batch 200, Aver_Loss: 122.3777
Epoch 96/200, Batch 300, Aver_Loss: 125.8015
Epoch 96/200, Batch 400, Aver_Loss: 129.0755
[early-stopping] Epoch 96: new best val ELBO = -126.457745
Epoch 97/200, Batch 100, Aver_Loss: 121.2987
Epoch 97/200, Batch 200, Aver_Loss: 129.4037
Epoch 97/200, Batch 300, Aver_Loss: 126.5314
Epoch 97/200, Batch 400, Aver_Loss: 123.9060
[early-stopping] Epoch 97: no improvement (1/20)
Epoch 98/200, Batch 100, Aver_Loss: 127.6934
Epoch 98/200, Batch 200, Aver_Loss: 124.7242
Epoch 98/200, Batch 300, Aver_Loss: 126.6170
Epoch 98/200, Batch 400, Aver_Loss: 125.9072
[early-stopping] Epoch 98: no improvement (2/20)
Epoch 99/200, Batch 100, Aver_Loss: 127.1795
Epoch 99/200, Batch 200, Aver_Loss: 127.6726
Epoch 99/200, Batch 300, Aver_Loss: 124.7234
Epoch 99/200, Batch 400, Aver_Loss: 125.8100
[early-stopping] Epoch 99: no improvement (3/20)
Epoch 100/200, Batch 100, Aver_Loss: 129.7124
Epoch 100/200, Batch 200, Aver_Loss: 119.5460
Epoch 100/200, Batch 300, Aver_Loss: 124.3500
Epoch 100/200, Batch 400, Aver_Loss: 128.0642
[early-stopping] Epoch 100: no improvement (4/20)
Epoch 101/200, Batch 100, Aver_Loss: 123.0646
Epoch 101/200, Batch 200, Aver_Loss: 125.1081
Epoch 101/200, Batch 300, Aver_Loss: 123.6060
Epoch 101/200, Batch 400, Aver_Loss: 128.9475
[early-stopping] Epoch 101: no improvement (5/20)
Epoch 102/200, Batch 100, Aver_Loss: 120.5310
Epoch 102/200, Batch 200, Aver_Loss: 120.4998
Epoch 102/200, Batch 300, Aver_Loss: 123.2987
Epoch 102/200, Batch 400, Aver_Loss: 121.9513
[early-stopping] Epoch 102: no improvement (6/20)
Epoch 103/200, Batch 100, Aver_Loss: 117.0564
Epoch 103/200, Batch 200, Aver_Loss: 127.1133
Epoch 103/200, Batch 300, Aver_Loss: 120.8098
Epoch 103/200, Batch 400, Aver_Loss: 121.3553
[early-stopping] Epoch 103: no improvement (7/20)
Epoch 104/200, Batch 100, Aver_Loss: 125.0744
Epoch 104/200, Batch 200, Aver_Loss: 125.6433
Epoch 104/200, Batch 300, Aver_Loss: 127.3638
Epoch 104/200, Batch 400, Aver_Loss: 122.8560
[early-stopping] Epoch 104: no improvement (8/20)
Epoch 105/200, Batch 100, Aver_Loss: 123.7023
Epoch 105/200, Batch 200, Aver_Loss: 122.4545
Epoch 105/200, Batch 300, Aver_Loss: 124.1188
Epoch 105/200, Batch 400, Aver_Loss: 126.7687
[early-stopping] Epoch 105: no improvement (9/20)
Epoch 106/200, Batch 100, Aver_Loss: 121.5862
Epoch 106/200, Batch 200, Aver_Loss: 120.9053
Epoch 106/200, Batch 300, Aver_Loss: 126.3095
Epoch 106/200, Batch 400, Aver_Loss: 121.3403
[early-stopping] Epoch 106: new best val ELBO = -126.443566
Epoch 107/200, Batch 100, Aver_Loss: 125.9085
Epoch 107/200, Batch 200, Aver_Loss: 120.4621
Epoch 107/200, Batch 300, Aver_Loss: 129.8858
Epoch 107/200, Batch 400, Aver_Loss: 125.9469
[early-stopping] Epoch 107: no improvement (1/20)
Epoch 108/200, Batch 100, Aver_Loss: 129.8145
Epoch 108/200, Batch 200, Aver_Loss: 124.0315
Epoch 108/200, Batch 300, Aver_Loss: 124.3709
Epoch 108/200, Batch 400, Aver_Loss: 126.9760
[early-stopping] Epoch 108: no improvement (2/20)
Epoch 109/200, Batch 100, Aver_Loss: 116.5756
Epoch 109/200, Batch 200, Aver_Loss: 127.7014
Epoch 109/200, Batch 300, Aver_Loss: 122.8980
Epoch 109/200, Batch 400, Aver_Loss: 125.0686
[early-stopping] Epoch 109: no improvement (3/20)
Epoch 110/200, Batch 100, Aver_Loss: 124.8358
Epoch 110/200, Batch 200, Aver_Loss: 123.7269
Epoch 110/200, Batch 300, Aver_Loss: 125.3782
Epoch 110/200, Batch 400, Aver_Loss: 125.6016
[early-stopping] Epoch 110: new best val ELBO = -126.427321
Epoch 111/200, Batch 100, Aver_Loss: 125.6568
Epoch 111/200, Batch 200, Aver_Loss: 126.2803
Epoch 111/200, Batch 300, Aver_Loss: 126.5430
Epoch 111/200, Batch 400, Aver_Loss: 122.0215
[early-stopping] Epoch 111: no improvement (1/20)
Epoch 112/200, Batch 100, Aver_Loss: 125.1796
Epoch 112/200, Batch 200, Aver_Loss: 125.1127
Epoch 112/200, Batch 300, Aver_Loss: 124.9160
Epoch 112/200, Batch 400, Aver_Loss: 121.1178
[early-stopping] Epoch 112: no improvement (2/20)
Epoch 113/200, Batch 100, Aver_Loss: 124.4288
Epoch 113/200, Batch 200, Aver_Loss: 121.6870
Epoch 113/200, Batch 300, Aver_Loss: 123.4429
Epoch 113/200, Batch 400, Aver_Loss: 124.4805
[early-stopping] Epoch 113: no improvement (3/20)
Epoch 114/200, Batch 100, Aver_Loss: 125.3272
Epoch 114/200, Batch 200, Aver_Loss: 127.5245
Epoch 114/200, Batch 300, Aver_Loss: 120.7024
Epoch 114/200, Batch 400, Aver_Loss: 124.0647
[early-stopping] Epoch 114: no improvement (4/20)
Epoch 115/200, Batch 100, Aver_Loss: 128.4073
Epoch 115/200, Batch 200, Aver_Loss: 120.0337
Epoch 115/200, Batch 300, Aver_Loss: 122.1633
Epoch 115/200, Batch 400, Aver_Loss: 124.7725
[early-stopping] Epoch 115: no improvement (5/20)
Epoch 116/200, Batch 100, Aver_Loss: 120.6911
Epoch 116/200, Batch 200, Aver_Loss: 128.0084
Epoch 116/200, Batch 300, Aver_Loss: 121.5524
Epoch 116/200, Batch 400, Aver_Loss: 121.3324
[early-stopping] Epoch 116: no improvement (6/20)
Epoch 117/200, Batch 100, Aver_Loss: 123.5834
Epoch 117/200, Batch 200, Aver_Loss: 122.9326
Epoch 117/200, Batch 300, Aver_Loss: 124.8342
Epoch 117/200, Batch 400, Aver_Loss: 118.2456
[early-stopping] Epoch 117: no improvement (7/20)
Epoch 118/200, Batch 100, Aver_Loss: 122.4936
Epoch 118/200, Batch 200, Aver_Loss: 124.2640
Epoch 118/200, Batch 300, Aver_Loss: 123.8944
Epoch 118/200, Batch 400, Aver_Loss: 126.0309
[early-stopping] Epoch 118: no improvement (8/20)
Epoch 119/200, Batch 100, Aver_Loss: 123.6063
Epoch 119/200, Batch 200, Aver_Loss: 126.9788
Epoch 119/200, Batch 300, Aver_Loss: 123.6365
Epoch 119/200, Batch 400, Aver_Loss: 121.4441
[early-stopping] Epoch 119: new best val ELBO = -126.315655
Epoch 120/200, Batch 100, Aver_Loss: 124.2688
Epoch 120/200, Batch 200, Aver_Loss: 122.5285
Epoch 120/200, Batch 300, Aver_Loss: 122.3548
Epoch 120/200, Batch 400, Aver_Loss: 124.2017
[early-stopping] Epoch 120: new best val ELBO = -126.216745
Epoch 121/200, Batch 100, Aver_Loss: 119.2189
Epoch 121/200, Batch 200, Aver_Loss: 124.5573
Epoch 121/200, Batch 300, Aver_Loss: 123.4057
Epoch 121/200, Batch 400, Aver_Loss: 121.3983
[early-stopping] Epoch 121: no improvement (1/20)
Epoch 122/200, Batch 100, Aver_Loss: 121.5657
Epoch 122/200, Batch 200, Aver_Loss: 123.5962
Epoch 122/200, Batch 300, Aver_Loss: 119.9152
Epoch 122/200, Batch 400, Aver_Loss: 123.1570
[early-stopping] Epoch 122: no improvement (2/20)
Epoch 123/200, Batch 100, Aver_Loss: 131.8255
Epoch 123/200, Batch 200, Aver_Loss: 119.9308
Epoch 123/200, Batch 300, Aver_Loss: 125.5325
Epoch 123/200, Batch 400, Aver_Loss: 124.6277
[early-stopping] Epoch 123: no improvement (3/20)
Epoch 124/200, Batch 100, Aver_Loss: 120.7218
Epoch 124/200, Batch 200, Aver_Loss: 116.7018
Epoch 124/200, Batch 300, Aver_Loss: 121.3315
Epoch 124/200, Batch 400, Aver_Loss: 121.3242
[early-stopping] Epoch 124: no improvement (4/20)
Epoch 125/200, Batch 100, Aver_Loss: 121.9385
Epoch 125/200, Batch 200, Aver_Loss: 120.3551
Epoch 125/200, Batch 300, Aver_Loss: 120.4797
Epoch 125/200, Batch 400, Aver_Loss: 124.1471
[early-stopping] Epoch 125: no improvement (5/20)
Epoch 126/200, Batch 100, Aver_Loss: 121.8376
Epoch 126/200, Batch 200, Aver_Loss: 118.7177
Epoch 126/200, Batch 300, Aver_Loss: 118.9161
Epoch 126/200, Batch 400, Aver_Loss: 123.0091
[early-stopping] Epoch 126: no improvement (6/20)
Epoch 127/200, Batch 100, Aver_Loss: 126.2302
Epoch 127/200, Batch 200, Aver_Loss: 124.3171
Epoch 127/200, Batch 300, Aver_Loss: 127.7621
Epoch 127/200, Batch 400, Aver_Loss: 123.5746
[early-stopping] Epoch 127: no improvement (7/20)
Epoch 128/200, Batch 100, Aver_Loss: 123.5792
Epoch 128/200, Batch 200, Aver_Loss: 121.7333
Epoch 128/200, Batch 300, Aver_Loss: 128.1996
Epoch 128/200, Batch 400, Aver_Loss: 121.4375
[early-stopping] Epoch 128: no improvement (8/20)
Epoch 129/200, Batch 100, Aver_Loss: 123.3881
Epoch 129/200, Batch 200, Aver_Loss: 119.5853
Epoch 129/200, Batch 300, Aver_Loss: 122.7864
Epoch 129/200, Batch 400, Aver_Loss: 120.0084
[early-stopping] Epoch 129: no improvement (9/20)
Epoch 130/200, Batch 100, Aver_Loss: 126.4302
Epoch 130/200, Batch 200, Aver_Loss: 117.6063
Epoch 130/200, Batch 300, Aver_Loss: 124.0356
Epoch 130/200, Batch 400, Aver_Loss: 124.0351
[early-stopping] Epoch 130: no improvement (10/20)
Epoch 131/200, Batch 100, Aver_Loss: 127.0438
Epoch 131/200, Batch 200, Aver_Loss: 123.2262
Epoch 131/200, Batch 300, Aver_Loss: 125.2506
Epoch 131/200, Batch 400, Aver_Loss: 129.1464
[early-stopping] Epoch 131: no improvement (11/20)
Epoch 132/200, Batch 100, Aver_Loss: 123.6877
Epoch 132/200, Batch 200, Aver_Loss: 123.1458
Epoch 132/200, Batch 300, Aver_Loss: 120.2264
Epoch 132/200, Batch 400, Aver_Loss: 125.1088
[early-stopping] Epoch 132: no improvement (12/20)
Epoch 133/200, Batch 100, Aver_Loss: 130.6195
Epoch 133/200, Batch 200, Aver_Loss: 124.8088
Epoch 133/200, Batch 300, Aver_Loss: 123.0130
Epoch 133/200, Batch 400, Aver_Loss: 127.6450
[early-stopping] Epoch 133: no improvement (13/20)
Epoch 134/200, Batch 100, Aver_Loss: 124.3300
Epoch 134/200, Batch 200, Aver_Loss: 126.8912
Epoch 134/200, Batch 300, Aver_Loss: 125.2010
Epoch 134/200, Batch 400, Aver_Loss: 120.3506
[early-stopping] Epoch 134: no improvement (14/20)
Epoch 135/200, Batch 100, Aver_Loss: 121.6643
Epoch 135/200, Batch 200, Aver_Loss: 125.4845
Epoch 135/200, Batch 300, Aver_Loss: 125.7844
Epoch 135/200, Batch 400, Aver_Loss: 122.4461
[early-stopping] Epoch 135: no improvement (15/20)
Epoch 136/200, Batch 100, Aver_Loss: 121.3590
Epoch 136/200, Batch 200, Aver_Loss: 121.6633
Epoch 136/200, Batch 300, Aver_Loss: 121.8435
Epoch 136/200, Batch 400, Aver_Loss: 127.8070
[early-stopping] Epoch 136: no improvement (16/20)
Epoch 137/200, Batch 100, Aver_Loss: 121.4227
Epoch 137/200, Batch 200, Aver_Loss: 122.4106
Epoch 137/200, Batch 300, Aver_Loss: 122.7752
Epoch 137/200, Batch 400, Aver_Loss: 124.3235
[early-stopping] Epoch 137: no improvement (17/20)
Epoch 138/200, Batch 100, Aver_Loss: 122.2382
Epoch 138/200, Batch 200, Aver_Loss: 122.5463
Epoch 138/200, Batch 300, Aver_Loss: 125.4674
Epoch 138/200, Batch 400, Aver_Loss: 127.6703
[early-stopping] Epoch 138: no improvement (18/20)
Epoch 139/200, Batch 100, Aver_Loss: 123.4955
Epoch 139/200, Batch 200, Aver_Loss: 119.1030
Epoch 139/200, Batch 300, Aver_Loss: 120.7704
Epoch 139/200, Batch 400, Aver_Loss: 124.4010
[early-stopping] Epoch 139: no improvement (19/20)
Epoch 140/200, Batch 100, Aver_Loss: 121.9147
Epoch 140/200, Batch 200, Aver_Loss: 123.7635
Epoch 140/200, Batch 300, Aver_Loss: 130.0226
Epoch 140/200, Batch 400, Aver_Loss: 121.2769
[early-stopping] Epoch 140: no improvement (20/20)
[early-stopping] Patience reached. Stopping at epoch 140. Best epoch: 120, best val ELBO: -126.216745
[early-stopping] Loaded best model from epoch 120 (val ELBO = -126.216745)
[checkpoint] Saved best model to: trained_parameters/mnist_rotated_zdim16_VAE.pkl
[saved curves] ./results/MNIST_ROTATED/curves/mnist_rotated_vae_d16_s777.json

==== Evaluation Summary ====
                 model: vae
   recon/mse_per_pixel: 0.015903
            elbo/train: -123.089728
             elbo/test: -126.157788
             mse/train: 0.014651
              mse/test: 0.015903
             probe/acc: 0.493387
             probe/nll: 1.383793
           probe/brier: 0.628448
             probe/ece: 0.024589
           cluster/nmi: 0.120104
           cluster/ari: 0.064270
============================

