/usr/bin/which: no fi_info in (/arf/home/meyavuz/.local/bin:/arf/sw/comp/python/intelpython3/condabin:/arf/sw/comp/python/intelpython3/bin:/usr/share/Modules/bin:/usr/local/bin:/usr/bin:/usr/local/sbin:/usr/sbin)
Extension for Scikit-learn* enabled (https://github.com/uxlfoundation/scikit-learn-intelex)
/arf/home/meyavuz/.conda/envs/sbn/lib/python3.9/site-packages/sklearn/linear_model/_logistic.py:1247: FutureWarning: 'multi_class' was deprecated in version 1.5 and will be removed in 1.7. From then on, it will always use 'multinomial'. Leave it to its default value to avoid this warning.
  warnings.warn(
Epoch 1/200, Batch 100, Aver_Loss: 520.0163
Epoch 1/200, Batch 200, Aver_Loss: 509.0811
Epoch 1/200, Batch 300, Aver_Loss: 498.3878
Epoch 1/200, Batch 400, Aver_Loss: 491.3204
[early-stopping] Epoch 1: new best val ELBO = -491.580407
Epoch 2/200, Batch 100, Aver_Loss: 488.7669
Epoch 2/200, Batch 200, Aver_Loss: 489.6200
Epoch 2/200, Batch 300, Aver_Loss: 494.5477
Epoch 2/200, Batch 400, Aver_Loss: 490.9869
[early-stopping] Epoch 2: new best val ELBO = -488.336293
Epoch 3/200, Batch 100, Aver_Loss: 481.7400
Epoch 3/200, Batch 200, Aver_Loss: 490.5507
Epoch 3/200, Batch 300, Aver_Loss: 488.0310
Epoch 3/200, Batch 400, Aver_Loss: 487.4684
[early-stopping] Epoch 3: new best val ELBO = -487.942381
Epoch 4/200, Batch 100, Aver_Loss: 485.8735
Epoch 4/200, Batch 200, Aver_Loss: 478.9491
Epoch 4/200, Batch 300, Aver_Loss: 484.8918
Epoch 4/200, Batch 400, Aver_Loss: 486.4957
[early-stopping] Epoch 4: new best val ELBO = -485.986146
Epoch 5/200, Batch 100, Aver_Loss: 490.1744
Epoch 5/200, Batch 200, Aver_Loss: 482.5053
Epoch 5/200, Batch 300, Aver_Loss: 492.8808
Epoch 5/200, Batch 400, Aver_Loss: 483.1064
[early-stopping] Epoch 5: new best val ELBO = -485.765938
Epoch 6/200, Batch 100, Aver_Loss: 479.9457
Epoch 6/200, Batch 200, Aver_Loss: 484.4148
Epoch 6/200, Batch 300, Aver_Loss: 478.7527
Epoch 6/200, Batch 400, Aver_Loss: 481.1754
[early-stopping] Epoch 6: new best val ELBO = -485.571711
Epoch 7/200, Batch 100, Aver_Loss: 481.7740
Epoch 7/200, Batch 200, Aver_Loss: 482.2527
Epoch 7/200, Batch 300, Aver_Loss: 481.2754
Epoch 7/200, Batch 400, Aver_Loss: 483.1726
[early-stopping] Epoch 7: no improvement (1/20)
Epoch 8/200, Batch 100, Aver_Loss: 483.3463
Epoch 8/200, Batch 200, Aver_Loss: 485.7639
Epoch 8/200, Batch 300, Aver_Loss: 487.2674
Epoch 8/200, Batch 400, Aver_Loss: 476.0029
[early-stopping] Epoch 8: new best val ELBO = -484.036542
Epoch 9/200, Batch 100, Aver_Loss: 491.8844
Epoch 9/200, Batch 200, Aver_Loss: 483.2888
Epoch 9/200, Batch 300, Aver_Loss: 480.5022
Epoch 9/200, Batch 400, Aver_Loss: 482.1334
[early-stopping] Epoch 9: new best val ELBO = -484.022206
Epoch 10/200, Batch 100, Aver_Loss: 493.7858
Epoch 10/200, Batch 200, Aver_Loss: 486.4392
Epoch 10/200, Batch 300, Aver_Loss: 484.8991
Epoch 10/200, Batch 400, Aver_Loss: 486.6297
[early-stopping] Epoch 10: no improvement (1/20)
Epoch 11/200, Batch 100, Aver_Loss: 489.5291
Epoch 11/200, Batch 200, Aver_Loss: 487.3884
Epoch 11/200, Batch 300, Aver_Loss: 487.5162
Epoch 11/200, Batch 400, Aver_Loss: 482.5926
[early-stopping] Epoch 11: no improvement (2/20)
Epoch 12/200, Batch 100, Aver_Loss: 480.2917
Epoch 12/200, Batch 200, Aver_Loss: 482.9886
Epoch 12/200, Batch 300, Aver_Loss: 483.2873
Epoch 12/200, Batch 400, Aver_Loss: 487.9817
[early-stopping] Epoch 12: no improvement (3/20)
Epoch 13/200, Batch 100, Aver_Loss: 483.5101
Epoch 13/200, Batch 200, Aver_Loss: 472.5190
Epoch 13/200, Batch 300, Aver_Loss: 484.4100
Epoch 13/200, Batch 400, Aver_Loss: 482.1178
[early-stopping] Epoch 13: no improvement (4/20)
Epoch 14/200, Batch 100, Aver_Loss: 489.7630
Epoch 14/200, Batch 200, Aver_Loss: 482.9087
Epoch 14/200, Batch 300, Aver_Loss: 488.2883
Epoch 14/200, Batch 400, Aver_Loss: 487.1804
[early-stopping] Epoch 14: new best val ELBO = -483.702143
Epoch 15/200, Batch 100, Aver_Loss: 484.2620
Epoch 15/200, Batch 200, Aver_Loss: 487.6230
Epoch 15/200, Batch 300, Aver_Loss: 475.5197
Epoch 15/200, Batch 400, Aver_Loss: 491.8495
[early-stopping] Epoch 15: new best val ELBO = -482.743398
Epoch 16/200, Batch 100, Aver_Loss: 488.2563
Epoch 16/200, Batch 200, Aver_Loss: 486.2549
Epoch 16/200, Batch 300, Aver_Loss: 487.7493
Epoch 16/200, Batch 400, Aver_Loss: 485.6885
[early-stopping] Epoch 16: no improvement (1/20)
Epoch 17/200, Batch 100, Aver_Loss: 493.3275
Epoch 17/200, Batch 200, Aver_Loss: 485.8968
Epoch 17/200, Batch 300, Aver_Loss: 493.6115
Epoch 17/200, Batch 400, Aver_Loss: 484.3928
[early-stopping] Epoch 17: no improvement (2/20)
Epoch 18/200, Batch 100, Aver_Loss: 474.7542
Epoch 18/200, Batch 200, Aver_Loss: 479.0437
Epoch 18/200, Batch 300, Aver_Loss: 489.4141
Epoch 18/200, Batch 400, Aver_Loss: 479.9988
[early-stopping] Epoch 18: no improvement (3/20)
Epoch 19/200, Batch 100, Aver_Loss: 476.5134
Epoch 19/200, Batch 200, Aver_Loss: 481.8387
Epoch 19/200, Batch 300, Aver_Loss: 483.3715
Epoch 19/200, Batch 400, Aver_Loss: 473.8894
[early-stopping] Epoch 19: no improvement (4/20)
Epoch 20/200, Batch 100, Aver_Loss: 492.0616
Epoch 20/200, Batch 200, Aver_Loss: 479.5518
Epoch 20/200, Batch 300, Aver_Loss: 482.8075
Epoch 20/200, Batch 400, Aver_Loss: 485.7083
[early-stopping] Epoch 20: new best val ELBO = -482.646735
Epoch 21/200, Batch 100, Aver_Loss: 480.5631
Epoch 21/200, Batch 200, Aver_Loss: 489.4676
Epoch 21/200, Batch 300, Aver_Loss: 484.0823
Epoch 21/200, Batch 400, Aver_Loss: 482.2966
[early-stopping] Epoch 21: new best val ELBO = -482.079446
Epoch 22/200, Batch 100, Aver_Loss: 490.8918
Epoch 22/200, Batch 200, Aver_Loss: 483.5074
Epoch 22/200, Batch 300, Aver_Loss: 486.4642
Epoch 22/200, Batch 400, Aver_Loss: 486.8286
[early-stopping] Epoch 22: no improvement (1/20)
Epoch 23/200, Batch 100, Aver_Loss: 487.4864
Epoch 23/200, Batch 200, Aver_Loss: 483.3697
Epoch 23/200, Batch 300, Aver_Loss: 483.8700
Epoch 23/200, Batch 400, Aver_Loss: 488.8808
[early-stopping] Epoch 23: no improvement (2/20)
Epoch 24/200, Batch 100, Aver_Loss: 473.0804
Epoch 24/200, Batch 200, Aver_Loss: 480.5244
Epoch 24/200, Batch 300, Aver_Loss: 482.9208
Epoch 24/200, Batch 400, Aver_Loss: 482.1555
[early-stopping] Epoch 24: no improvement (3/20)
Epoch 25/200, Batch 100, Aver_Loss: 479.4090
Epoch 25/200, Batch 200, Aver_Loss: 486.8997
Epoch 25/200, Batch 300, Aver_Loss: 484.5931
Epoch 25/200, Batch 400, Aver_Loss: 477.7094
[early-stopping] Epoch 25: new best val ELBO = -481.930453
Epoch 26/200, Batch 100, Aver_Loss: 480.0181
Epoch 26/200, Batch 200, Aver_Loss: 484.5150
Epoch 26/200, Batch 300, Aver_Loss: 480.9854
Epoch 26/200, Batch 400, Aver_Loss: 486.5504
[early-stopping] Epoch 26: no improvement (1/20)
Epoch 27/200, Batch 100, Aver_Loss: 482.9730
Epoch 27/200, Batch 200, Aver_Loss: 482.1551
Epoch 27/200, Batch 300, Aver_Loss: 475.4296
Epoch 27/200, Batch 400, Aver_Loss: 482.0536
[early-stopping] Epoch 27: no improvement (2/20)
Epoch 28/200, Batch 100, Aver_Loss: 488.3416
Epoch 28/200, Batch 200, Aver_Loss: 486.1376
Epoch 28/200, Batch 300, Aver_Loss: 478.5305
Epoch 28/200, Batch 400, Aver_Loss: 475.0983
[early-stopping] Epoch 28: no improvement (3/20)
Epoch 29/200, Batch 100, Aver_Loss: 491.1330
Epoch 29/200, Batch 200, Aver_Loss: 474.0658
Epoch 29/200, Batch 300, Aver_Loss: 483.0404
Epoch 29/200, Batch 400, Aver_Loss: 486.1393
[early-stopping] Epoch 29: new best val ELBO = -481.875637
Epoch 30/200, Batch 100, Aver_Loss: 479.6962
Epoch 30/200, Batch 200, Aver_Loss: 482.0704
Epoch 30/200, Batch 300, Aver_Loss: 482.0699
Epoch 30/200, Batch 400, Aver_Loss: 488.5257
[early-stopping] Epoch 30: no improvement (1/20)
Epoch 31/200, Batch 100, Aver_Loss: 481.7809
Epoch 31/200, Batch 200, Aver_Loss: 479.1351
Epoch 31/200, Batch 300, Aver_Loss: 478.9437
Epoch 31/200, Batch 400, Aver_Loss: 480.9687
[early-stopping] Epoch 31: no improvement (2/20)
Epoch 32/200, Batch 100, Aver_Loss: 481.4095
Epoch 32/200, Batch 200, Aver_Loss: 482.7393
Epoch 32/200, Batch 300, Aver_Loss: 488.7047
Epoch 32/200, Batch 400, Aver_Loss: 484.7221
[early-stopping] Epoch 32: no improvement (3/20)
Epoch 33/200, Batch 100, Aver_Loss: 477.3047
Epoch 33/200, Batch 200, Aver_Loss: 491.4672
Epoch 33/200, Batch 300, Aver_Loss: 485.7030
Epoch 33/200, Batch 400, Aver_Loss: 485.3851
[early-stopping] Epoch 33: new best val ELBO = -481.847606
Epoch 34/200, Batch 100, Aver_Loss: 485.4991
Epoch 34/200, Batch 200, Aver_Loss: 474.8211
Epoch 34/200, Batch 300, Aver_Loss: 488.1852
Epoch 34/200, Batch 400, Aver_Loss: 484.6349
[early-stopping] Epoch 34: no improvement (1/20)
Epoch 35/200, Batch 100, Aver_Loss: 472.5215
Epoch 35/200, Batch 200, Aver_Loss: 479.5046
Epoch 35/200, Batch 300, Aver_Loss: 487.7283
Epoch 35/200, Batch 400, Aver_Loss: 486.2086
[early-stopping] Epoch 35: new best val ELBO = -481.764563
Epoch 36/200, Batch 100, Aver_Loss: 475.9188
Epoch 36/200, Batch 200, Aver_Loss: 474.3896
Epoch 36/200, Batch 300, Aver_Loss: 484.7443
Epoch 36/200, Batch 400, Aver_Loss: 480.2837
[early-stopping] Epoch 36: new best val ELBO = -481.573359
Epoch 37/200, Batch 100, Aver_Loss: 489.7121
Epoch 37/200, Batch 200, Aver_Loss: 485.2601
Epoch 37/200, Batch 300, Aver_Loss: 481.3273
Epoch 37/200, Batch 400, Aver_Loss: 480.9059
[early-stopping] Epoch 37: no improvement (1/20)
Epoch 38/200, Batch 100, Aver_Loss: 482.9889
Epoch 38/200, Batch 200, Aver_Loss: 481.5089
Epoch 38/200, Batch 300, Aver_Loss: 486.7229
Epoch 38/200, Batch 400, Aver_Loss: 478.9096
[early-stopping] Epoch 38: no improvement (2/20)
Epoch 39/200, Batch 100, Aver_Loss: 483.1319
Epoch 39/200, Batch 200, Aver_Loss: 479.9807
Epoch 39/200, Batch 300, Aver_Loss: 485.6190
Epoch 39/200, Batch 400, Aver_Loss: 483.1154
[early-stopping] Epoch 39: no improvement (3/20)
Epoch 40/200, Batch 100, Aver_Loss: 484.6711
Epoch 40/200, Batch 200, Aver_Loss: 476.2327
Epoch 40/200, Batch 300, Aver_Loss: 491.4535
Epoch 40/200, Batch 400, Aver_Loss: 478.3825
[early-stopping] Epoch 40: new best val ELBO = -481.485877
Epoch 41/200, Batch 100, Aver_Loss: 483.6570
Epoch 41/200, Batch 200, Aver_Loss: 483.4345
Epoch 41/200, Batch 300, Aver_Loss: 480.0735
Epoch 41/200, Batch 400, Aver_Loss: 481.2831
[early-stopping] Epoch 41: no improvement (1/20)
Epoch 42/200, Batch 100, Aver_Loss: 480.0748
Epoch 42/200, Batch 200, Aver_Loss: 484.3725
Epoch 42/200, Batch 300, Aver_Loss: 480.3126
Epoch 42/200, Batch 400, Aver_Loss: 482.2704
[early-stopping] Epoch 42: no improvement (2/20)
Epoch 43/200, Batch 100, Aver_Loss: 484.9282
Epoch 43/200, Batch 200, Aver_Loss: 479.9039
Epoch 43/200, Batch 300, Aver_Loss: 476.3976
Epoch 43/200, Batch 400, Aver_Loss: 482.4185
[early-stopping] Epoch 43: no improvement (3/20)
Epoch 44/200, Batch 100, Aver_Loss: 485.5504
Epoch 44/200, Batch 200, Aver_Loss: 482.4639
Epoch 44/200, Batch 300, Aver_Loss: 479.8379
Epoch 44/200, Batch 400, Aver_Loss: 472.8566
[early-stopping] Epoch 44: new best val ELBO = -481.303848
Epoch 45/200, Batch 100, Aver_Loss: 490.8725
Epoch 45/200, Batch 200, Aver_Loss: 476.7633
Epoch 45/200, Batch 300, Aver_Loss: 488.7210
Epoch 45/200, Batch 400, Aver_Loss: 485.4944
[early-stopping] Epoch 45: no improvement (1/20)
Epoch 46/200, Batch 100, Aver_Loss: 487.8531
Epoch 46/200, Batch 200, Aver_Loss: 480.1155
Epoch 46/200, Batch 300, Aver_Loss: 486.6787
Epoch 46/200, Batch 400, Aver_Loss: 486.6391
[early-stopping] Epoch 46: no improvement (2/20)
Epoch 47/200, Batch 100, Aver_Loss: 475.8043
Epoch 47/200, Batch 200, Aver_Loss: 480.8088
Epoch 47/200, Batch 300, Aver_Loss: 476.2397
Epoch 47/200, Batch 400, Aver_Loss: 478.4291
[early-stopping] Epoch 47: new best val ELBO = -480.881769
Epoch 48/200, Batch 100, Aver_Loss: 487.5734
Epoch 48/200, Batch 200, Aver_Loss: 479.2420
Epoch 48/200, Batch 300, Aver_Loss: 481.4825
Epoch 48/200, Batch 400, Aver_Loss: 484.7167
[early-stopping] Epoch 48: no improvement (1/20)
Epoch 49/200, Batch 100, Aver_Loss: 480.9902
Epoch 49/200, Batch 200, Aver_Loss: 483.0214
Epoch 49/200, Batch 300, Aver_Loss: 488.7720
Epoch 49/200, Batch 400, Aver_Loss: 489.2362
[early-stopping] Epoch 49: no improvement (2/20)
Epoch 50/200, Batch 100, Aver_Loss: 482.7022
Epoch 50/200, Batch 200, Aver_Loss: 480.5257
Epoch 50/200, Batch 300, Aver_Loss: 482.3302
Epoch 50/200, Batch 400, Aver_Loss: 487.3131
[early-stopping] Epoch 50: no improvement (3/20)
Epoch 51/200, Batch 100, Aver_Loss: 477.8605
Epoch 51/200, Batch 200, Aver_Loss: 490.1371
Epoch 51/200, Batch 300, Aver_Loss: 480.8206
Epoch 51/200, Batch 400, Aver_Loss: 485.4896
[early-stopping] Epoch 51: no improvement (4/20)
Epoch 52/200, Batch 100, Aver_Loss: 474.9335
Epoch 52/200, Batch 200, Aver_Loss: 481.8900
Epoch 52/200, Batch 300, Aver_Loss: 468.9800
Epoch 52/200, Batch 400, Aver_Loss: 482.0673
[early-stopping] Epoch 52: no improvement (5/20)
Epoch 53/200, Batch 100, Aver_Loss: 486.2481
Epoch 53/200, Batch 200, Aver_Loss: 485.5473
Epoch 53/200, Batch 300, Aver_Loss: 479.0814
Epoch 53/200, Batch 400, Aver_Loss: 485.9177
[early-stopping] Epoch 53: no improvement (6/20)
Epoch 54/200, Batch 100, Aver_Loss: 483.1272
Epoch 54/200, Batch 200, Aver_Loss: 476.7812
Epoch 54/200, Batch 300, Aver_Loss: 488.4870
Epoch 54/200, Batch 400, Aver_Loss: 476.7240
[early-stopping] Epoch 54: no improvement (7/20)
Epoch 55/200, Batch 100, Aver_Loss: 480.3701
Epoch 55/200, Batch 200, Aver_Loss: 487.8457
Epoch 55/200, Batch 300, Aver_Loss: 479.6038
Epoch 55/200, Batch 400, Aver_Loss: 485.9309
[early-stopping] Epoch 55: no improvement (8/20)
Epoch 56/200, Batch 100, Aver_Loss: 492.0705
Epoch 56/200, Batch 200, Aver_Loss: 476.9142
Epoch 56/200, Batch 300, Aver_Loss: 485.0273
Epoch 56/200, Batch 400, Aver_Loss: 479.6161
[early-stopping] Epoch 56: no improvement (9/20)
Epoch 57/200, Batch 100, Aver_Loss: 477.8970
Epoch 57/200, Batch 200, Aver_Loss: 471.5293
Epoch 57/200, Batch 300, Aver_Loss: 486.5687
Epoch 57/200, Batch 400, Aver_Loss: 479.6682
[early-stopping] Epoch 57: no improvement (10/20)
Epoch 58/200, Batch 100, Aver_Loss: 487.0567
Epoch 58/200, Batch 200, Aver_Loss: 480.0462
Epoch 58/200, Batch 300, Aver_Loss: 485.2159
Epoch 58/200, Batch 400, Aver_Loss: 479.1924
[early-stopping] Epoch 58: no improvement (11/20)
Epoch 59/200, Batch 100, Aver_Loss: 478.2784
Epoch 59/200, Batch 200, Aver_Loss: 478.8128
Epoch 59/200, Batch 300, Aver_Loss: 480.4360
Epoch 59/200, Batch 400, Aver_Loss: 481.9149
[early-stopping] Epoch 59: new best val ELBO = -480.839864
Epoch 60/200, Batch 100, Aver_Loss: 475.8588
Epoch 60/200, Batch 200, Aver_Loss: 487.2542
Epoch 60/200, Batch 300, Aver_Loss: 474.9505
Epoch 60/200, Batch 400, Aver_Loss: 477.8273
[early-stopping] Epoch 60: no improvement (1/20)
Epoch 61/200, Batch 100, Aver_Loss: 483.6328
Epoch 61/200, Batch 200, Aver_Loss: 488.2051
Epoch 61/200, Batch 300, Aver_Loss: 476.1905
Epoch 61/200, Batch 400, Aver_Loss: 474.5214
[early-stopping] Epoch 61: no improvement (2/20)
Epoch 62/200, Batch 100, Aver_Loss: 485.5891
Epoch 62/200, Batch 200, Aver_Loss: 487.4944
Epoch 62/200, Batch 300, Aver_Loss: 485.4847
Epoch 62/200, Batch 400, Aver_Loss: 487.8173
[early-stopping] Epoch 62: no improvement (3/20)
Epoch 63/200, Batch 100, Aver_Loss: 482.3875
Epoch 63/200, Batch 200, Aver_Loss: 481.5612
Epoch 63/200, Batch 300, Aver_Loss: 487.0480
Epoch 63/200, Batch 400, Aver_Loss: 472.7835
[early-stopping] Epoch 63: no improvement (4/20)
Epoch 64/200, Batch 100, Aver_Loss: 480.8981
Epoch 64/200, Batch 200, Aver_Loss: 479.4586
Epoch 64/200, Batch 300, Aver_Loss: 473.4269
Epoch 64/200, Batch 400, Aver_Loss: 477.8549
[early-stopping] Epoch 64: no improvement (5/20)
Epoch 65/200, Batch 100, Aver_Loss: 489.9455
Epoch 65/200, Batch 200, Aver_Loss: 481.7975
Epoch 65/200, Batch 300, Aver_Loss: 488.6397
Epoch 65/200, Batch 400, Aver_Loss: 478.2043
[early-stopping] Epoch 65: no improvement (6/20)
Epoch 66/200, Batch 100, Aver_Loss: 480.7678
Epoch 66/200, Batch 200, Aver_Loss: 475.4812
Epoch 66/200, Batch 300, Aver_Loss: 487.0275
Epoch 66/200, Batch 400, Aver_Loss: 485.3633
[early-stopping] Epoch 66: no improvement (7/20)
Epoch 67/200, Batch 100, Aver_Loss: 480.3942
Epoch 67/200, Batch 200, Aver_Loss: 478.3264
Epoch 67/200, Batch 300, Aver_Loss: 486.0160
Epoch 67/200, Batch 400, Aver_Loss: 479.3795
[early-stopping] Epoch 67: no improvement (8/20)
Epoch 68/200, Batch 100, Aver_Loss: 485.4895
Epoch 68/200, Batch 200, Aver_Loss: 482.7558
Epoch 68/200, Batch 300, Aver_Loss: 473.6443
Epoch 68/200, Batch 400, Aver_Loss: 486.8087
[early-stopping] Epoch 68: new best val ELBO = -480.643635
Epoch 69/200, Batch 100, Aver_Loss: 476.6453
Epoch 69/200, Batch 200, Aver_Loss: 470.5894
Epoch 69/200, Batch 300, Aver_Loss: 480.0201
Epoch 69/200, Batch 400, Aver_Loss: 479.9944
[early-stopping] Epoch 69: no improvement (1/20)
Epoch 70/200, Batch 100, Aver_Loss: 479.4214
Epoch 70/200, Batch 200, Aver_Loss: 485.7515
Epoch 70/200, Batch 300, Aver_Loss: 476.8516
Epoch 70/200, Batch 400, Aver_Loss: 477.2357
[early-stopping] Epoch 70: new best val ELBO = -480.620942
Epoch 71/200, Batch 100, Aver_Loss: 473.7528
Epoch 71/200, Batch 200, Aver_Loss: 475.1950
Epoch 71/200, Batch 300, Aver_Loss: 475.4923
Epoch 71/200, Batch 400, Aver_Loss: 478.9712
[early-stopping] Epoch 71: no improvement (1/20)
Epoch 72/200, Batch 100, Aver_Loss: 488.0274
Epoch 72/200, Batch 200, Aver_Loss: 480.1724
Epoch 72/200, Batch 300, Aver_Loss: 479.6819
Epoch 72/200, Batch 400, Aver_Loss: 485.8475
[early-stopping] Epoch 72: no improvement (2/20)
Epoch 73/200, Batch 100, Aver_Loss: 485.8190
Epoch 73/200, Batch 200, Aver_Loss: 482.4383
Epoch 73/200, Batch 300, Aver_Loss: 483.0204
Epoch 73/200, Batch 400, Aver_Loss: 475.7781
[early-stopping] Epoch 73: no improvement (3/20)
Epoch 74/200, Batch 100, Aver_Loss: 479.5023
Epoch 74/200, Batch 200, Aver_Loss: 482.8526
Epoch 74/200, Batch 300, Aver_Loss: 486.1407
Epoch 74/200, Batch 400, Aver_Loss: 486.1184
[early-stopping] Epoch 74: no improvement (4/20)
Epoch 75/200, Batch 100, Aver_Loss: 482.8688
Epoch 75/200, Batch 200, Aver_Loss: 484.7179
Epoch 75/200, Batch 300, Aver_Loss: 480.1863
Epoch 75/200, Batch 400, Aver_Loss: 476.2939
[early-stopping] Epoch 75: no improvement (5/20)
Epoch 76/200, Batch 100, Aver_Loss: 477.1346
Epoch 76/200, Batch 200, Aver_Loss: 477.5768
Epoch 76/200, Batch 300, Aver_Loss: 480.0754
Epoch 76/200, Batch 400, Aver_Loss: 480.1268
[early-stopping] Epoch 76: new best val ELBO = -480.487121
Epoch 77/200, Batch 100, Aver_Loss: 476.2608
Epoch 77/200, Batch 200, Aver_Loss: 479.2311
Epoch 77/200, Batch 300, Aver_Loss: 479.6818
Epoch 77/200, Batch 400, Aver_Loss: 485.0793
[early-stopping] Epoch 77: no improvement (1/20)
Epoch 78/200, Batch 100, Aver_Loss: 478.7796
Epoch 78/200, Batch 200, Aver_Loss: 481.8946
Epoch 78/200, Batch 300, Aver_Loss: 483.5674
Epoch 78/200, Batch 400, Aver_Loss: 472.9903
[early-stopping] Epoch 78: no improvement (2/20)
Epoch 79/200, Batch 100, Aver_Loss: 484.1760
Epoch 79/200, Batch 200, Aver_Loss: 481.5576
Epoch 79/200, Batch 300, Aver_Loss: 484.4278
Epoch 79/200, Batch 400, Aver_Loss: 490.6903
[early-stopping] Epoch 79: no improvement (3/20)
Epoch 80/200, Batch 100, Aver_Loss: 473.7681
Epoch 80/200, Batch 200, Aver_Loss: 484.9101
Epoch 80/200, Batch 300, Aver_Loss: 481.0073
Epoch 80/200, Batch 400, Aver_Loss: 475.3351
[early-stopping] Epoch 80: no improvement (4/20)
Epoch 81/200, Batch 100, Aver_Loss: 481.7271
Epoch 81/200, Batch 200, Aver_Loss: 482.2332
Epoch 81/200, Batch 300, Aver_Loss: 483.1812
Epoch 81/200, Batch 400, Aver_Loss: 476.3184
[early-stopping] Epoch 81: no improvement (5/20)
Epoch 82/200, Batch 100, Aver_Loss: 479.9524
Epoch 82/200, Batch 200, Aver_Loss: 481.8481
Epoch 82/200, Batch 300, Aver_Loss: 477.0582
Epoch 82/200, Batch 400, Aver_Loss: 489.4920
[early-stopping] Epoch 82: no improvement (6/20)
Epoch 83/200, Batch 100, Aver_Loss: 473.1143
Epoch 83/200, Batch 200, Aver_Loss: 476.5265
Epoch 83/200, Batch 300, Aver_Loss: 482.2293
Epoch 83/200, Batch 400, Aver_Loss: 474.4538
[early-stopping] Epoch 83: no improvement (7/20)
Epoch 84/200, Batch 100, Aver_Loss: 478.2459
Epoch 84/200, Batch 200, Aver_Loss: 480.7912
Epoch 84/200, Batch 300, Aver_Loss: 474.8871
Epoch 84/200, Batch 400, Aver_Loss: 483.8046
[early-stopping] Epoch 84: no improvement (8/20)
Epoch 85/200, Batch 100, Aver_Loss: 480.5152
Epoch 85/200, Batch 200, Aver_Loss: 480.5066
Epoch 85/200, Batch 300, Aver_Loss: 486.5500
Epoch 85/200, Batch 400, Aver_Loss: 476.4720
[early-stopping] Epoch 85: no improvement (9/20)
Epoch 86/200, Batch 100, Aver_Loss: 472.1809
Epoch 86/200, Batch 200, Aver_Loss: 482.7944
Epoch 86/200, Batch 300, Aver_Loss: 469.3535
Epoch 86/200, Batch 400, Aver_Loss: 480.4385
[early-stopping] Epoch 86: new best val ELBO = -480.456956
Epoch 87/200, Batch 100, Aver_Loss: 483.9211
Epoch 87/200, Batch 200, Aver_Loss: 481.0607
Epoch 87/200, Batch 300, Aver_Loss: 474.7426
Epoch 87/200, Batch 400, Aver_Loss: 480.6203
[early-stopping] Epoch 87: no improvement (1/20)
Epoch 88/200, Batch 100, Aver_Loss: 474.2803
Epoch 88/200, Batch 200, Aver_Loss: 483.0816
Epoch 88/200, Batch 300, Aver_Loss: 489.4650
Epoch 88/200, Batch 400, Aver_Loss: 477.2686
[early-stopping] Epoch 88: no improvement (2/20)
Epoch 89/200, Batch 100, Aver_Loss: 483.5349
Epoch 89/200, Batch 200, Aver_Loss: 478.8182
Epoch 89/200, Batch 300, Aver_Loss: 478.6239
Epoch 89/200, Batch 400, Aver_Loss: 471.8002
[early-stopping] Epoch 89: new best val ELBO = -480.392353
Epoch 90/200, Batch 100, Aver_Loss: 479.7612
Epoch 90/200, Batch 200, Aver_Loss: 476.8849
Epoch 90/200, Batch 300, Aver_Loss: 482.7691
Epoch 90/200, Batch 400, Aver_Loss: 484.9013
[early-stopping] Epoch 90: no improvement (1/20)
Epoch 91/200, Batch 100, Aver_Loss: 480.9843
Epoch 91/200, Batch 200, Aver_Loss: 481.0360
Epoch 91/200, Batch 300, Aver_Loss: 485.2378
Epoch 91/200, Batch 400, Aver_Loss: 477.9474
[early-stopping] Epoch 91: no improvement (2/20)
Epoch 92/200, Batch 100, Aver_Loss: 484.8846
Epoch 92/200, Batch 200, Aver_Loss: 483.6911
Epoch 92/200, Batch 300, Aver_Loss: 484.0099
Epoch 92/200, Batch 400, Aver_Loss: 481.7520
[early-stopping] Epoch 92: new best val ELBO = -480.118083
Epoch 93/200, Batch 100, Aver_Loss: 478.4277
Epoch 93/200, Batch 200, Aver_Loss: 488.3572
Epoch 93/200, Batch 300, Aver_Loss: 483.0479
Epoch 93/200, Batch 400, Aver_Loss: 476.6277
[early-stopping] Epoch 93: no improvement (1/20)
Epoch 94/200, Batch 100, Aver_Loss: 479.2089
Epoch 94/200, Batch 200, Aver_Loss: 474.8336
Epoch 94/200, Batch 300, Aver_Loss: 475.8677
Epoch 94/200, Batch 400, Aver_Loss: 485.1230
[early-stopping] Epoch 94: no improvement (2/20)
Epoch 95/200, Batch 100, Aver_Loss: 478.1290
Epoch 95/200, Batch 200, Aver_Loss: 493.2046
Epoch 95/200, Batch 300, Aver_Loss: 482.6088
Epoch 95/200, Batch 400, Aver_Loss: 485.0744
[early-stopping] Epoch 95: no improvement (3/20)
Epoch 96/200, Batch 100, Aver_Loss: 483.5335
Epoch 96/200, Batch 200, Aver_Loss: 485.6294
Epoch 96/200, Batch 300, Aver_Loss: 491.8825
Epoch 96/200, Batch 400, Aver_Loss: 484.0705
[early-stopping] Epoch 96: no improvement (4/20)
Epoch 97/200, Batch 100, Aver_Loss: 481.6023
Epoch 97/200, Batch 200, Aver_Loss: 480.8439
Epoch 97/200, Batch 300, Aver_Loss: 483.1246
Epoch 97/200, Batch 400, Aver_Loss: 484.8251
[early-stopping] Epoch 97: no improvement (5/20)
Epoch 98/200, Batch 100, Aver_Loss: 479.6674
Epoch 98/200, Batch 200, Aver_Loss: 481.5518
Epoch 98/200, Batch 300, Aver_Loss: 479.9048
Epoch 98/200, Batch 400, Aver_Loss: 478.8615
[early-stopping] Epoch 98: new best val ELBO = -480.111625
Epoch 99/200, Batch 100, Aver_Loss: 476.9165
Epoch 99/200, Batch 200, Aver_Loss: 480.4103
Epoch 99/200, Batch 300, Aver_Loss: 485.3890
Epoch 99/200, Batch 400, Aver_Loss: 480.9530
[early-stopping] Epoch 99: new best val ELBO = -480.105783
Epoch 100/200, Batch 100, Aver_Loss: 489.4043
Epoch 100/200, Batch 200, Aver_Loss: 479.9092
Epoch 100/200, Batch 300, Aver_Loss: 481.0246
Epoch 100/200, Batch 400, Aver_Loss: 477.1464
[early-stopping] Epoch 100: no improvement (1/20)
Epoch 101/200, Batch 100, Aver_Loss: 488.8258
Epoch 101/200, Batch 200, Aver_Loss: 474.3431
Epoch 101/200, Batch 300, Aver_Loss: 481.4077
Epoch 101/200, Batch 400, Aver_Loss: 472.9410
[early-stopping] Epoch 101: no improvement (2/20)
Epoch 102/200, Batch 100, Aver_Loss: 479.9372
Epoch 102/200, Batch 200, Aver_Loss: 485.8148
Epoch 102/200, Batch 300, Aver_Loss: 481.3383
Epoch 102/200, Batch 400, Aver_Loss: 481.6096
[early-stopping] Epoch 102: no improvement (3/20)
Epoch 103/200, Batch 100, Aver_Loss: 481.7889
Epoch 103/200, Batch 200, Aver_Loss: 478.9352
Epoch 103/200, Batch 300, Aver_Loss: 476.9112
Epoch 103/200, Batch 400, Aver_Loss: 481.1343
[early-stopping] Epoch 103: no improvement (4/20)
Epoch 104/200, Batch 100, Aver_Loss: 475.2602
Epoch 104/200, Batch 200, Aver_Loss: 487.0497
Epoch 104/200, Batch 300, Aver_Loss: 480.6367
Epoch 104/200, Batch 400, Aver_Loss: 480.4688
[early-stopping] Epoch 104: no improvement (5/20)
Epoch 105/200, Batch 100, Aver_Loss: 470.0309
Epoch 105/200, Batch 200, Aver_Loss: 484.4739
Epoch 105/200, Batch 300, Aver_Loss: 485.5784
Epoch 105/200, Batch 400, Aver_Loss: 488.2994
[early-stopping] Epoch 105: no improvement (6/20)
Epoch 106/200, Batch 100, Aver_Loss: 478.6521
Epoch 106/200, Batch 200, Aver_Loss: 489.1770
Epoch 106/200, Batch 300, Aver_Loss: 484.2965
Epoch 106/200, Batch 400, Aver_Loss: 483.4554
[early-stopping] Epoch 106: new best val ELBO = -480.003511
Epoch 107/200, Batch 100, Aver_Loss: 479.2093
Epoch 107/200, Batch 200, Aver_Loss: 483.7175
Epoch 107/200, Batch 300, Aver_Loss: 485.9403
Epoch 107/200, Batch 400, Aver_Loss: 484.3909
[early-stopping] Epoch 107: no improvement (1/20)
Epoch 108/200, Batch 100, Aver_Loss: 477.6782
Epoch 108/200, Batch 200, Aver_Loss: 475.8566
Epoch 108/200, Batch 300, Aver_Loss: 477.9950
Epoch 108/200, Batch 400, Aver_Loss: 486.1251
[early-stopping] Epoch 108: no improvement (2/20)
Epoch 109/200, Batch 100, Aver_Loss: 474.5903
Epoch 109/200, Batch 200, Aver_Loss: 477.1916
Epoch 109/200, Batch 300, Aver_Loss: 484.4771
Epoch 109/200, Batch 400, Aver_Loss: 476.5642
[early-stopping] Epoch 109: new best val ELBO = -479.921685
Epoch 110/200, Batch 100, Aver_Loss: 477.7792
Epoch 110/200, Batch 200, Aver_Loss: 482.6288
Epoch 110/200, Batch 300, Aver_Loss: 482.8482
Epoch 110/200, Batch 400, Aver_Loss: 478.8347
[early-stopping] Epoch 110: no improvement (1/20)
Epoch 111/200, Batch 100, Aver_Loss: 468.6259
Epoch 111/200, Batch 200, Aver_Loss: 484.6200
Epoch 111/200, Batch 300, Aver_Loss: 486.7432
Epoch 111/200, Batch 400, Aver_Loss: 473.0193
[early-stopping] Epoch 111: no improvement (2/20)
Epoch 112/200, Batch 100, Aver_Loss: 486.3203
Epoch 112/200, Batch 200, Aver_Loss: 477.0800
Epoch 112/200, Batch 300, Aver_Loss: 474.8236
Epoch 112/200, Batch 400, Aver_Loss: 479.6540
[early-stopping] Epoch 112: no improvement (3/20)
Epoch 113/200, Batch 100, Aver_Loss: 476.8626
Epoch 113/200, Batch 200, Aver_Loss: 477.3537
Epoch 113/200, Batch 300, Aver_Loss: 473.4655
Epoch 113/200, Batch 400, Aver_Loss: 482.6055
[early-stopping] Epoch 113: no improvement (4/20)
Epoch 114/200, Batch 100, Aver_Loss: 476.9925
Epoch 114/200, Batch 200, Aver_Loss: 475.4561
Epoch 114/200, Batch 300, Aver_Loss: 488.3647
Epoch 114/200, Batch 400, Aver_Loss: 483.8700
[early-stopping] Epoch 114: no improvement (5/20)
Epoch 115/200, Batch 100, Aver_Loss: 481.2644
Epoch 115/200, Batch 200, Aver_Loss: 476.6337
Epoch 115/200, Batch 300, Aver_Loss: 478.3880
Epoch 115/200, Batch 400, Aver_Loss: 472.5602
[early-stopping] Epoch 115: no improvement (6/20)
Epoch 116/200, Batch 100, Aver_Loss: 482.5972
Epoch 116/200, Batch 200, Aver_Loss: 472.9303
Epoch 116/200, Batch 300, Aver_Loss: 482.4950
Epoch 116/200, Batch 400, Aver_Loss: 479.8553
[early-stopping] Epoch 116: no improvement (7/20)
Epoch 117/200, Batch 100, Aver_Loss: 472.1490
Epoch 117/200, Batch 200, Aver_Loss: 477.6864
Epoch 117/200, Batch 300, Aver_Loss: 485.3130
Epoch 117/200, Batch 400, Aver_Loss: 474.4279
[early-stopping] Epoch 117: no improvement (8/20)
Epoch 118/200, Batch 100, Aver_Loss: 475.6585
Epoch 118/200, Batch 200, Aver_Loss: 478.4040
Epoch 118/200, Batch 300, Aver_Loss: 487.0519
Epoch 118/200, Batch 400, Aver_Loss: 484.2893
[early-stopping] Epoch 118: no improvement (9/20)
Epoch 119/200, Batch 100, Aver_Loss: 477.9912
Epoch 119/200, Batch 200, Aver_Loss: 475.4501
Epoch 119/200, Batch 300, Aver_Loss: 484.2094
Epoch 119/200, Batch 400, Aver_Loss: 478.4877
[early-stopping] Epoch 119: new best val ELBO = -479.908646
Epoch 120/200, Batch 100, Aver_Loss: 480.1848
Epoch 120/200, Batch 200, Aver_Loss: 480.9190
Epoch 120/200, Batch 300, Aver_Loss: 475.6236
Epoch 120/200, Batch 400, Aver_Loss: 479.4009
[early-stopping] Epoch 120: no improvement (1/20)
Epoch 121/200, Batch 100, Aver_Loss: 474.3828
Epoch 121/200, Batch 200, Aver_Loss: 483.5617
Epoch 121/200, Batch 300, Aver_Loss: 476.0830
Epoch 121/200, Batch 400, Aver_Loss: 477.6992
[early-stopping] Epoch 121: no improvement (2/20)
Epoch 122/200, Batch 100, Aver_Loss: 482.8585
Epoch 122/200, Batch 200, Aver_Loss: 474.5489
Epoch 122/200, Batch 300, Aver_Loss: 479.5229
Epoch 122/200, Batch 400, Aver_Loss: 482.9480
[early-stopping] Epoch 122: no improvement (3/20)
Epoch 123/200, Batch 100, Aver_Loss: 481.6916
Epoch 123/200, Batch 200, Aver_Loss: 479.3993
Epoch 123/200, Batch 300, Aver_Loss: 472.7546
Epoch 123/200, Batch 400, Aver_Loss: 473.0589
[early-stopping] Epoch 123: no improvement (4/20)
Epoch 124/200, Batch 100, Aver_Loss: 482.1069
Epoch 124/200, Batch 200, Aver_Loss: 481.5295
Epoch 124/200, Batch 300, Aver_Loss: 480.3621
Epoch 124/200, Batch 400, Aver_Loss: 482.1788
[early-stopping] Epoch 124: no improvement (5/20)
Epoch 125/200, Batch 100, Aver_Loss: 476.7127
Epoch 125/200, Batch 200, Aver_Loss: 478.0342
Epoch 125/200, Batch 300, Aver_Loss: 478.8897
Epoch 125/200, Batch 400, Aver_Loss: 480.3030
[early-stopping] Epoch 125: no improvement (6/20)
Epoch 126/200, Batch 100, Aver_Loss: 484.2303
Epoch 126/200, Batch 200, Aver_Loss: 484.0729
Epoch 126/200, Batch 300, Aver_Loss: 482.4364
Epoch 126/200, Batch 400, Aver_Loss: 477.7784
[early-stopping] Epoch 126: no improvement (7/20)
Epoch 127/200, Batch 100, Aver_Loss: 471.1492
Epoch 127/200, Batch 200, Aver_Loss: 476.1220
Epoch 127/200, Batch 300, Aver_Loss: 479.5119
Epoch 127/200, Batch 400, Aver_Loss: 481.8417
[early-stopping] Epoch 127: new best val ELBO = -479.890960
Epoch 128/200, Batch 100, Aver_Loss: 482.1809
Epoch 128/200, Batch 200, Aver_Loss: 479.6897
Epoch 128/200, Batch 300, Aver_Loss: 479.1632
Epoch 128/200, Batch 400, Aver_Loss: 486.1389
[early-stopping] Epoch 128: no improvement (1/20)
Epoch 129/200, Batch 100, Aver_Loss: 476.5294
Epoch 129/200, Batch 200, Aver_Loss: 484.9874
Epoch 129/200, Batch 300, Aver_Loss: 476.1932
Epoch 129/200, Batch 400, Aver_Loss: 481.9537
[early-stopping] Epoch 129: no improvement (2/20)
Epoch 130/200, Batch 100, Aver_Loss: 480.3552
Epoch 130/200, Batch 200, Aver_Loss: 485.0430
Epoch 130/200, Batch 300, Aver_Loss: 474.7642
Epoch 130/200, Batch 400, Aver_Loss: 471.5982
[early-stopping] Epoch 130: new best val ELBO = -479.768214
Epoch 131/200, Batch 100, Aver_Loss: 480.9370
Epoch 131/200, Batch 200, Aver_Loss: 481.8601
Epoch 131/200, Batch 300, Aver_Loss: 477.0815
Epoch 131/200, Batch 400, Aver_Loss: 485.7081
[early-stopping] Epoch 131: no improvement (1/20)
Epoch 132/200, Batch 100, Aver_Loss: 476.1628
Epoch 132/200, Batch 200, Aver_Loss: 470.4889
Epoch 132/200, Batch 300, Aver_Loss: 476.3103
Epoch 132/200, Batch 400, Aver_Loss: 484.7986
[early-stopping] Epoch 132: no improvement (2/20)
Epoch 133/200, Batch 100, Aver_Loss: 470.4630
Epoch 133/200, Batch 200, Aver_Loss: 486.8362
Epoch 133/200, Batch 300, Aver_Loss: 481.8372
Epoch 133/200, Batch 400, Aver_Loss: 484.5487
[early-stopping] Epoch 133: new best val ELBO = -479.753818
Epoch 134/200, Batch 100, Aver_Loss: 485.9587
Epoch 134/200, Batch 200, Aver_Loss: 479.1310
Epoch 134/200, Batch 300, Aver_Loss: 478.8846
Epoch 134/200, Batch 400, Aver_Loss: 475.6856
[early-stopping] Epoch 134: no improvement (1/20)
Epoch 135/200, Batch 100, Aver_Loss: 480.8177
Epoch 135/200, Batch 200, Aver_Loss: 479.8994
Epoch 135/200, Batch 300, Aver_Loss: 481.8503
Epoch 135/200, Batch 400, Aver_Loss: 473.2870
[early-stopping] Epoch 135: no improvement (2/20)
Epoch 136/200, Batch 100, Aver_Loss: 479.1367
Epoch 136/200, Batch 200, Aver_Loss: 479.8154
Epoch 136/200, Batch 300, Aver_Loss: 482.0105
Epoch 136/200, Batch 400, Aver_Loss: 479.8682
[early-stopping] Epoch 136: no improvement (3/20)
Epoch 137/200, Batch 100, Aver_Loss: 472.0080
Epoch 137/200, Batch 200, Aver_Loss: 480.2320
Epoch 137/200, Batch 300, Aver_Loss: 482.2147
Epoch 137/200, Batch 400, Aver_Loss: 483.0098
[early-stopping] Epoch 137: no improvement (4/20)
Epoch 138/200, Batch 100, Aver_Loss: 475.6508
Epoch 138/200, Batch 200, Aver_Loss: 477.5949
Epoch 138/200, Batch 300, Aver_Loss: 480.2310
Epoch 138/200, Batch 400, Aver_Loss: 473.0916
[early-stopping] Epoch 138: no improvement (5/20)
Epoch 139/200, Batch 100, Aver_Loss: 483.8300
Epoch 139/200, Batch 200, Aver_Loss: 479.2805
Epoch 139/200, Batch 300, Aver_Loss: 479.0946
Epoch 139/200, Batch 400, Aver_Loss: 486.8363
[early-stopping] Epoch 139: no improvement (6/20)
Epoch 140/200, Batch 100, Aver_Loss: 485.2878
Epoch 140/200, Batch 200, Aver_Loss: 493.9244
Epoch 140/200, Batch 300, Aver_Loss: 477.8978
Epoch 140/200, Batch 400, Aver_Loss: 479.8341
[early-stopping] Epoch 140: new best val ELBO = -479.674471
Epoch 141/200, Batch 100, Aver_Loss: 480.9239
Epoch 141/200, Batch 200, Aver_Loss: 479.5762
Epoch 141/200, Batch 300, Aver_Loss: 477.3724
Epoch 141/200, Batch 400, Aver_Loss: 483.5998
[early-stopping] Epoch 141: no improvement (1/20)
Epoch 142/200, Batch 100, Aver_Loss: 478.1374
Epoch 142/200, Batch 200, Aver_Loss: 478.2419
Epoch 142/200, Batch 300, Aver_Loss: 476.7163
Epoch 142/200, Batch 400, Aver_Loss: 479.0150
[early-stopping] Epoch 142: no improvement (2/20)
Epoch 143/200, Batch 100, Aver_Loss: 477.2644
Epoch 143/200, Batch 200, Aver_Loss: 481.7047
Epoch 143/200, Batch 300, Aver_Loss: 484.9474
Epoch 143/200, Batch 400, Aver_Loss: 487.0357
[early-stopping] Epoch 143: no improvement (3/20)
Epoch 144/200, Batch 100, Aver_Loss: 485.5863
Epoch 144/200, Batch 200, Aver_Loss: 484.2784
Epoch 144/200, Batch 300, Aver_Loss: 475.4109
Epoch 144/200, Batch 400, Aver_Loss: 480.4783
[early-stopping] Epoch 144: no improvement (4/20)
Epoch 145/200, Batch 100, Aver_Loss: 483.0978
Epoch 145/200, Batch 200, Aver_Loss: 481.3650
Epoch 145/200, Batch 300, Aver_Loss: 480.8561
Epoch 145/200, Batch 400, Aver_Loss: 491.3101
[early-stopping] Epoch 145: no improvement (5/20)
Epoch 146/200, Batch 100, Aver_Loss: 482.8549
Epoch 146/200, Batch 200, Aver_Loss: 477.1509
Epoch 146/200, Batch 300, Aver_Loss: 479.8239
Epoch 146/200, Batch 400, Aver_Loss: 474.8420
[early-stopping] Epoch 146: no improvement (6/20)
Epoch 147/200, Batch 100, Aver_Loss: 484.2987
Epoch 147/200, Batch 200, Aver_Loss: 472.5567
Epoch 147/200, Batch 300, Aver_Loss: 486.5292
Epoch 147/200, Batch 400, Aver_Loss: 477.7018
[early-stopping] Epoch 147: no improvement (7/20)
Epoch 148/200, Batch 100, Aver_Loss: 484.2936
Epoch 148/200, Batch 200, Aver_Loss: 480.6907
Epoch 148/200, Batch 300, Aver_Loss: 481.5582
Epoch 148/200, Batch 400, Aver_Loss: 481.7137
[early-stopping] Epoch 148: no improvement (8/20)
Epoch 149/200, Batch 100, Aver_Loss: 484.3222
Epoch 149/200, Batch 200, Aver_Loss: 478.6108
Epoch 149/200, Batch 300, Aver_Loss: 482.8896
Epoch 149/200, Batch 400, Aver_Loss: 483.0922
[early-stopping] Epoch 149: no improvement (9/20)
Epoch 150/200, Batch 100, Aver_Loss: 474.7135
Epoch 150/200, Batch 200, Aver_Loss: 480.6513
Epoch 150/200, Batch 300, Aver_Loss: 479.9588
Epoch 150/200, Batch 400, Aver_Loss: 480.5198
[early-stopping] Epoch 150: no improvement (10/20)
Epoch 151/200, Batch 100, Aver_Loss: 483.4904
Epoch 151/200, Batch 200, Aver_Loss: 487.3138
Epoch 151/200, Batch 300, Aver_Loss: 478.4685
Epoch 151/200, Batch 400, Aver_Loss: 480.4815
[early-stopping] Epoch 151: no improvement (11/20)
Epoch 152/200, Batch 100, Aver_Loss: 477.1852
Epoch 152/200, Batch 200, Aver_Loss: 478.9493
Epoch 152/200, Batch 300, Aver_Loss: 486.7774
Epoch 152/200, Batch 400, Aver_Loss: 481.9459
[early-stopping] Epoch 152: no improvement (12/20)
Epoch 153/200, Batch 100, Aver_Loss: 475.7706
Epoch 153/200, Batch 200, Aver_Loss: 482.9996
Epoch 153/200, Batch 300, Aver_Loss: 491.4753
Epoch 153/200, Batch 400, Aver_Loss: 487.9623
[early-stopping] Epoch 153: no improvement (13/20)
Epoch 154/200, Batch 100, Aver_Loss: 475.1794
Epoch 154/200, Batch 200, Aver_Loss: 477.9393
Epoch 154/200, Batch 300, Aver_Loss: 484.9757
Epoch 154/200, Batch 400, Aver_Loss: 478.3837
[early-stopping] Epoch 154: no improvement (14/20)
Epoch 155/200, Batch 100, Aver_Loss: 481.5630
Epoch 155/200, Batch 200, Aver_Loss: 485.3456
Epoch 155/200, Batch 300, Aver_Loss: 484.4351
Epoch 155/200, Batch 400, Aver_Loss: 483.7171
[early-stopping] Epoch 155: no improvement (15/20)
Epoch 156/200, Batch 100, Aver_Loss: 480.4144
Epoch 156/200, Batch 200, Aver_Loss: 477.2410
Epoch 156/200, Batch 300, Aver_Loss: 483.5691
Epoch 156/200, Batch 400, Aver_Loss: 482.9862
[early-stopping] Epoch 156: no improvement (16/20)
Epoch 157/200, Batch 100, Aver_Loss: 482.5591
Epoch 157/200, Batch 200, Aver_Loss: 492.4136
Epoch 157/200, Batch 300, Aver_Loss: 480.5780
Epoch 157/200, Batch 400, Aver_Loss: 478.2860
[early-stopping] Epoch 157: new best val ELBO = -479.665176
Epoch 158/200, Batch 100, Aver_Loss: 473.5257
Epoch 158/200, Batch 200, Aver_Loss: 480.2234
Epoch 158/200, Batch 300, Aver_Loss: 477.8109
Epoch 158/200, Batch 400, Aver_Loss: 482.3951
[early-stopping] Epoch 158: no improvement (1/20)
Epoch 159/200, Batch 100, Aver_Loss: 482.3567
Epoch 159/200, Batch 200, Aver_Loss: 478.6704
Epoch 159/200, Batch 300, Aver_Loss: 472.6510
Epoch 159/200, Batch 400, Aver_Loss: 471.2722
[early-stopping] Epoch 159: new best val ELBO = -479.493856
Epoch 160/200, Batch 100, Aver_Loss: 478.1505
Epoch 160/200, Batch 200, Aver_Loss: 478.9332
Epoch 160/200, Batch 300, Aver_Loss: 477.5129
Epoch 160/200, Batch 400, Aver_Loss: 483.5281
[early-stopping] Epoch 160: new best val ELBO = -479.396854
Epoch 161/200, Batch 100, Aver_Loss: 480.5158
Epoch 161/200, Batch 200, Aver_Loss: 479.3655
Epoch 161/200, Batch 300, Aver_Loss: 479.2439
Epoch 161/200, Batch 400, Aver_Loss: 478.2092
[early-stopping] Epoch 161: no improvement (1/20)
Epoch 162/200, Batch 100, Aver_Loss: 480.3671
Epoch 162/200, Batch 200, Aver_Loss: 474.0958
Epoch 162/200, Batch 300, Aver_Loss: 483.0993
Epoch 162/200, Batch 400, Aver_Loss: 476.3328
[early-stopping] Epoch 162: no improvement (2/20)
Epoch 163/200, Batch 100, Aver_Loss: 479.3643
Epoch 163/200, Batch 200, Aver_Loss: 471.7360
Epoch 163/200, Batch 300, Aver_Loss: 475.1662
Epoch 163/200, Batch 400, Aver_Loss: 487.1010
[early-stopping] Epoch 163: no improvement (3/20)
Epoch 164/200, Batch 100, Aver_Loss: 482.5328
Epoch 164/200, Batch 200, Aver_Loss: 478.1595
Epoch 164/200, Batch 300, Aver_Loss: 482.7367
Epoch 164/200, Batch 400, Aver_Loss: 477.4767
[early-stopping] Epoch 164: no improvement (4/20)
Epoch 165/200, Batch 100, Aver_Loss: 485.5466
Epoch 165/200, Batch 200, Aver_Loss: 468.0149
Epoch 165/200, Batch 300, Aver_Loss: 476.7672
Epoch 165/200, Batch 400, Aver_Loss: 483.1384
[early-stopping] Epoch 165: no improvement (5/20)
Epoch 166/200, Batch 100, Aver_Loss: 469.1744
Epoch 166/200, Batch 200, Aver_Loss: 469.5065
Epoch 166/200, Batch 300, Aver_Loss: 480.5271
Epoch 166/200, Batch 400, Aver_Loss: 470.3784
[early-stopping] Epoch 166: no improvement (6/20)
Epoch 167/200, Batch 100, Aver_Loss: 478.3180
Epoch 167/200, Batch 200, Aver_Loss: 477.8631
Epoch 167/200, Batch 300, Aver_Loss: 485.0609
Epoch 167/200, Batch 400, Aver_Loss: 491.4526
[early-stopping] Epoch 167: no improvement (7/20)
Epoch 168/200, Batch 100, Aver_Loss: 470.9211
Epoch 168/200, Batch 200, Aver_Loss: 479.5865
Epoch 168/200, Batch 300, Aver_Loss: 481.5118
Epoch 168/200, Batch 400, Aver_Loss: 483.1512
[early-stopping] Epoch 168: no improvement (8/20)
Epoch 169/200, Batch 100, Aver_Loss: 484.4074
Epoch 169/200, Batch 200, Aver_Loss: 478.4149
Epoch 169/200, Batch 300, Aver_Loss: 480.3304
Epoch 169/200, Batch 400, Aver_Loss: 482.6860
[early-stopping] Epoch 169: no improvement (9/20)
Epoch 170/200, Batch 100, Aver_Loss: 484.4565
Epoch 170/200, Batch 200, Aver_Loss: 485.2141
Epoch 170/200, Batch 300, Aver_Loss: 482.9931
Epoch 170/200, Batch 400, Aver_Loss: 483.8459
[early-stopping] Epoch 170: no improvement (10/20)
Epoch 171/200, Batch 100, Aver_Loss: 475.3691
Epoch 171/200, Batch 200, Aver_Loss: 483.8806
Epoch 171/200, Batch 300, Aver_Loss: 473.4723
Epoch 171/200, Batch 400, Aver_Loss: 482.6884
[early-stopping] Epoch 171: no improvement (11/20)
Epoch 172/200, Batch 100, Aver_Loss: 478.6071
Epoch 172/200, Batch 200, Aver_Loss: 480.0429
Epoch 172/200, Batch 300, Aver_Loss: 479.6511
Epoch 172/200, Batch 400, Aver_Loss: 476.6144
[early-stopping] Epoch 172: no improvement (12/20)
Epoch 173/200, Batch 100, Aver_Loss: 483.1466
Epoch 173/200, Batch 200, Aver_Loss: 479.5023
Epoch 173/200, Batch 300, Aver_Loss: 480.8794
Epoch 173/200, Batch 400, Aver_Loss: 482.8429
[early-stopping] Epoch 173: no improvement (13/20)
Epoch 174/200, Batch 100, Aver_Loss: 478.9934
Epoch 174/200, Batch 200, Aver_Loss: 474.2836
Epoch 174/200, Batch 300, Aver_Loss: 477.1935
Epoch 174/200, Batch 400, Aver_Loss: 477.7487
[early-stopping] Epoch 174: no improvement (14/20)
Epoch 175/200, Batch 100, Aver_Loss: 479.9745
Epoch 175/200, Batch 200, Aver_Loss: 480.2477
Epoch 175/200, Batch 300, Aver_Loss: 489.4747
Epoch 175/200, Batch 400, Aver_Loss: 484.1562
[early-stopping] Epoch 175: no improvement (15/20)
Epoch 176/200, Batch 100, Aver_Loss: 477.3614
Epoch 176/200, Batch 200, Aver_Loss: 476.7758
Epoch 176/200, Batch 300, Aver_Loss: 480.5664
Epoch 176/200, Batch 400, Aver_Loss: 474.7538
[early-stopping] Epoch 176: no improvement (16/20)
Epoch 177/200, Batch 100, Aver_Loss: 471.9822
Epoch 177/200, Batch 200, Aver_Loss: 476.9814
Epoch 177/200, Batch 300, Aver_Loss: 485.2331
Epoch 177/200, Batch 400, Aver_Loss: 477.1526
[early-stopping] Epoch 177: no improvement (17/20)
Epoch 178/200, Batch 100, Aver_Loss: 478.6308
Epoch 178/200, Batch 200, Aver_Loss: 483.7732
Epoch 178/200, Batch 300, Aver_Loss: 478.7336
Epoch 178/200, Batch 400, Aver_Loss: 479.4370
[early-stopping] Epoch 178: no improvement (18/20)
Epoch 179/200, Batch 100, Aver_Loss: 477.4882
Epoch 179/200, Batch 200, Aver_Loss: 484.8794
Epoch 179/200, Batch 300, Aver_Loss: 481.5790
Epoch 179/200, Batch 400, Aver_Loss: 482.3358
[early-stopping] Epoch 179: no improvement (19/20)
Epoch 180/200, Batch 100, Aver_Loss: 481.7865
Epoch 180/200, Batch 200, Aver_Loss: 480.3354
Epoch 180/200, Batch 300, Aver_Loss: 471.0536
Epoch 180/200, Batch 400, Aver_Loss: 485.5171
[early-stopping] Epoch 180: no improvement (20/20)
[early-stopping] Patience reached. Stopping at epoch 180. Best epoch: 160, best val ELBO: -479.396854
[early-stopping] Loaded best model from epoch 160 (val ELBO = -479.396854)
[checkpoint] Saved best model to: trained_parameters/mnist_background_images_zdim256_MVAE.pkl
[saved curves] ./results/MNIST_BG_IM/curves/mnist_background_images_mvae_d256_s777.json

==== Evaluation Summary ====
                 model: mvae
   recon/mse_per_pixel: 0.029290
            elbo/train: -478.821984
             elbo/test: -479.423274
             mse/train: 0.029113
              mse/test: 0.029290
             probe/acc: 0.751290
             probe/nll: 0.764994
           probe/brier: 0.345329
             probe/ece: 0.029506
           cluster/nmi: 0.242558
           cluster/ari: 0.149053
============================

