/usr/bin/which: no fi_info in (/arf/home/meyavuz/.local/bin:/arf/sw/comp/python/intelpython3/condabin:/arf/sw/comp/python/intelpython3/bin:/usr/share/Modules/bin:/usr/local/bin:/usr/bin:/usr/local/sbin:/usr/sbin)
Extension for Scikit-learn* enabled (https://github.com/uxlfoundation/scikit-learn-intelex)
/arf/home/meyavuz/.conda/envs/sbn/lib/python3.9/site-packages/sklearn/linear_model/_logistic.py:1247: FutureWarning: 'multi_class' was deprecated in version 1.5 and will be removed in 1.7. From then on, it will always use 'multinomial'. Leave it to its default value to avoid this warning.
  warnings.warn(
Epoch 1/200, Batch 100, Aver_Loss: 535.1264
Epoch 1/200, Batch 200, Aver_Loss: 533.6563
Epoch 1/200, Batch 300, Aver_Loss: 532.6304
Epoch 1/200, Batch 400, Aver_Loss: 529.2372
[early-stopping] Epoch 1: new best val ELBO = -529.132932
Epoch 2/200, Batch 100, Aver_Loss: 528.1835
Epoch 2/200, Batch 200, Aver_Loss: 529.0645
Epoch 2/200, Batch 300, Aver_Loss: 528.0049
Epoch 2/200, Batch 400, Aver_Loss: 527.6572
[early-stopping] Epoch 2: new best val ELBO = -527.897825
Epoch 3/200, Batch 100, Aver_Loss: 523.7900
Epoch 3/200, Batch 200, Aver_Loss: 527.0092
Epoch 3/200, Batch 300, Aver_Loss: 530.2117
Epoch 3/200, Batch 400, Aver_Loss: 527.0662
[early-stopping] Epoch 3: new best val ELBO = -527.422211
Epoch 4/200, Batch 100, Aver_Loss: 527.7615
Epoch 4/200, Batch 200, Aver_Loss: 527.5283
Epoch 4/200, Batch 300, Aver_Loss: 529.8089
Epoch 4/200, Batch 400, Aver_Loss: 525.9380
[early-stopping] Epoch 4: new best val ELBO = -526.678458
Epoch 5/200, Batch 100, Aver_Loss: 528.4553
Epoch 5/200, Batch 200, Aver_Loss: 523.5373
Epoch 5/200, Batch 300, Aver_Loss: 527.2861
Epoch 5/200, Batch 400, Aver_Loss: 526.4435
[early-stopping] Epoch 5: no improvement (1/20)
Epoch 6/200, Batch 100, Aver_Loss: 525.4310
Epoch 6/200, Batch 200, Aver_Loss: 526.9460
Epoch 6/200, Batch 300, Aver_Loss: 526.3116
Epoch 6/200, Batch 400, Aver_Loss: 526.2131
[early-stopping] Epoch 6: new best val ELBO = -526.040366
Epoch 7/200, Batch 100, Aver_Loss: 526.1411
Epoch 7/200, Batch 200, Aver_Loss: 527.6197
Epoch 7/200, Batch 300, Aver_Loss: 528.1550
Epoch 7/200, Batch 400, Aver_Loss: 527.9628
[early-stopping] Epoch 7: new best val ELBO = -526.014048
Epoch 8/200, Batch 100, Aver_Loss: 525.5704
Epoch 8/200, Batch 200, Aver_Loss: 524.1019
Epoch 8/200, Batch 300, Aver_Loss: 525.0709
Epoch 8/200, Batch 400, Aver_Loss: 525.2580
[early-stopping] Epoch 8: new best val ELBO = -525.691023
Epoch 9/200, Batch 100, Aver_Loss: 524.6300
Epoch 9/200, Batch 200, Aver_Loss: 524.0225
Epoch 9/200, Batch 300, Aver_Loss: 522.8605
Epoch 9/200, Batch 400, Aver_Loss: 525.2109
[early-stopping] Epoch 9: new best val ELBO = -525.528773
Epoch 10/200, Batch 100, Aver_Loss: 526.5504
Epoch 10/200, Batch 200, Aver_Loss: 525.8328
Epoch 10/200, Batch 300, Aver_Loss: 526.4340
Epoch 10/200, Batch 400, Aver_Loss: 527.3110
[early-stopping] Epoch 10: no improvement (1/20)
Epoch 11/200, Batch 100, Aver_Loss: 525.9155
Epoch 11/200, Batch 200, Aver_Loss: 524.5643
Epoch 11/200, Batch 300, Aver_Loss: 526.6723
Epoch 11/200, Batch 400, Aver_Loss: 523.5666
[early-stopping] Epoch 11: new best val ELBO = -525.280863
Epoch 12/200, Batch 100, Aver_Loss: 525.0968
Epoch 12/200, Batch 200, Aver_Loss: 523.6427
Epoch 12/200, Batch 300, Aver_Loss: 523.6894
Epoch 12/200, Batch 400, Aver_Loss: 523.7091
[early-stopping] Epoch 12: new best val ELBO = -525.240780
Epoch 13/200, Batch 100, Aver_Loss: 525.2596
Epoch 13/200, Batch 200, Aver_Loss: 526.1486
Epoch 13/200, Batch 300, Aver_Loss: 525.7118
Epoch 13/200, Batch 400, Aver_Loss: 524.7889
[early-stopping] Epoch 13: new best val ELBO = -525.106071
Epoch 14/200, Batch 100, Aver_Loss: 524.2737
Epoch 14/200, Batch 200, Aver_Loss: 526.1821
Epoch 14/200, Batch 300, Aver_Loss: 525.0204
Epoch 14/200, Batch 400, Aver_Loss: 522.5271
[early-stopping] Epoch 14: new best val ELBO = -525.102880
Epoch 15/200, Batch 100, Aver_Loss: 525.0294
Epoch 15/200, Batch 200, Aver_Loss: 526.4594
Epoch 15/200, Batch 300, Aver_Loss: 524.7396
Epoch 15/200, Batch 400, Aver_Loss: 524.2831
[early-stopping] Epoch 15: new best val ELBO = -524.917750
Epoch 16/200, Batch 100, Aver_Loss: 524.9188
Epoch 16/200, Batch 200, Aver_Loss: 524.3356
Epoch 16/200, Batch 300, Aver_Loss: 525.3651
Epoch 16/200, Batch 400, Aver_Loss: 523.7851
[early-stopping] Epoch 16: new best val ELBO = -524.889614
Epoch 17/200, Batch 100, Aver_Loss: 526.2171
Epoch 17/200, Batch 200, Aver_Loss: 525.2032
Epoch 17/200, Batch 300, Aver_Loss: 525.7127
Epoch 17/200, Batch 400, Aver_Loss: 522.1912
[early-stopping] Epoch 17: no improvement (1/20)
Epoch 18/200, Batch 100, Aver_Loss: 524.4285
Epoch 18/200, Batch 200, Aver_Loss: 523.3607
Epoch 18/200, Batch 300, Aver_Loss: 524.0511
Epoch 18/200, Batch 400, Aver_Loss: 525.0170
[early-stopping] Epoch 18: new best val ELBO = -524.735826
Epoch 19/200, Batch 100, Aver_Loss: 524.8386
Epoch 19/200, Batch 200, Aver_Loss: 524.5976
Epoch 19/200, Batch 300, Aver_Loss: 524.7450
Epoch 19/200, Batch 400, Aver_Loss: 524.4678
[early-stopping] Epoch 19: new best val ELBO = -524.681789
Epoch 20/200, Batch 100, Aver_Loss: 525.7200
Epoch 20/200, Batch 200, Aver_Loss: 525.1115
Epoch 20/200, Batch 300, Aver_Loss: 528.0492
Epoch 20/200, Batch 400, Aver_Loss: 525.0697
[early-stopping] Epoch 20: new best val ELBO = -524.663613
Epoch 21/200, Batch 100, Aver_Loss: 525.2873
Epoch 21/200, Batch 200, Aver_Loss: 524.6123
Epoch 21/200, Batch 300, Aver_Loss: 523.9302
Epoch 21/200, Batch 400, Aver_Loss: 524.4374
[early-stopping] Epoch 21: new best val ELBO = -524.514362
Epoch 22/200, Batch 100, Aver_Loss: 523.2717
Epoch 22/200, Batch 200, Aver_Loss: 523.3993
Epoch 22/200, Batch 300, Aver_Loss: 525.8577
Epoch 22/200, Batch 400, Aver_Loss: 524.3559
[early-stopping] Epoch 22: no improvement (1/20)
Epoch 23/200, Batch 100, Aver_Loss: 525.2784
Epoch 23/200, Batch 200, Aver_Loss: 526.4944
Epoch 23/200, Batch 300, Aver_Loss: 526.2358
Epoch 23/200, Batch 400, Aver_Loss: 522.9375
[early-stopping] Epoch 23: no improvement (2/20)
Epoch 24/200, Batch 100, Aver_Loss: 525.1002
Epoch 24/200, Batch 200, Aver_Loss: 524.9335
Epoch 24/200, Batch 300, Aver_Loss: 524.7150
Epoch 24/200, Batch 400, Aver_Loss: 524.8438
[early-stopping] Epoch 24: no improvement (3/20)
Epoch 25/200, Batch 100, Aver_Loss: 521.6813
Epoch 25/200, Batch 200, Aver_Loss: 525.1415
Epoch 25/200, Batch 300, Aver_Loss: 522.7304
Epoch 25/200, Batch 400, Aver_Loss: 525.6272
[early-stopping] Epoch 25: new best val ELBO = -524.508134
Epoch 26/200, Batch 100, Aver_Loss: 523.3204
Epoch 26/200, Batch 200, Aver_Loss: 523.5945
Epoch 26/200, Batch 300, Aver_Loss: 522.6794
Epoch 26/200, Batch 400, Aver_Loss: 524.7799
[early-stopping] Epoch 26: new best val ELBO = -524.432616
Epoch 27/200, Batch 100, Aver_Loss: 524.6192
Epoch 27/200, Batch 200, Aver_Loss: 524.9749
Epoch 27/200, Batch 300, Aver_Loss: 522.0726
Epoch 27/200, Batch 400, Aver_Loss: 525.1404
[early-stopping] Epoch 27: new best val ELBO = -524.389253
Epoch 28/200, Batch 100, Aver_Loss: 524.0635
Epoch 28/200, Batch 200, Aver_Loss: 524.0328
Epoch 28/200, Batch 300, Aver_Loss: 525.8301
Epoch 28/200, Batch 400, Aver_Loss: 523.8091
[early-stopping] Epoch 28: new best val ELBO = -524.372472
Epoch 29/200, Batch 100, Aver_Loss: 523.9443
Epoch 29/200, Batch 200, Aver_Loss: 525.0612
Epoch 29/200, Batch 300, Aver_Loss: 522.3706
Epoch 29/200, Batch 400, Aver_Loss: 523.0600
[early-stopping] Epoch 29: new best val ELBO = -524.365829
Epoch 30/200, Batch 100, Aver_Loss: 524.4739
Epoch 30/200, Batch 200, Aver_Loss: 525.0308
Epoch 30/200, Batch 300, Aver_Loss: 523.1491
Epoch 30/200, Batch 400, Aver_Loss: 522.7087
[early-stopping] Epoch 30: new best val ELBO = -524.253397
Epoch 31/200, Batch 100, Aver_Loss: 524.3229
Epoch 31/200, Batch 200, Aver_Loss: 524.1312
Epoch 31/200, Batch 300, Aver_Loss: 522.5373
Epoch 31/200, Batch 400, Aver_Loss: 524.7014
[early-stopping] Epoch 31: no improvement (1/20)
Epoch 32/200, Batch 100, Aver_Loss: 523.8730
Epoch 32/200, Batch 200, Aver_Loss: 524.3069
Epoch 32/200, Batch 300, Aver_Loss: 520.3349
Epoch 32/200, Batch 400, Aver_Loss: 524.2333
[early-stopping] Epoch 32: no improvement (2/20)
Epoch 33/200, Batch 100, Aver_Loss: 525.0329
Epoch 33/200, Batch 200, Aver_Loss: 524.3824
Epoch 33/200, Batch 300, Aver_Loss: 526.5019
Epoch 33/200, Batch 400, Aver_Loss: 523.5608
[early-stopping] Epoch 33: new best val ELBO = -524.206321
Epoch 34/200, Batch 100, Aver_Loss: 521.7750
Epoch 34/200, Batch 200, Aver_Loss: 525.1440
Epoch 34/200, Batch 300, Aver_Loss: 521.6679
Epoch 34/200, Batch 400, Aver_Loss: 524.4947
[early-stopping] Epoch 34: new best val ELBO = -524.203791
Epoch 35/200, Batch 100, Aver_Loss: 524.5106
Epoch 35/200, Batch 200, Aver_Loss: 522.7881
Epoch 35/200, Batch 300, Aver_Loss: 522.4827
Epoch 35/200, Batch 400, Aver_Loss: 525.9938
[early-stopping] Epoch 35: new best val ELBO = -524.182692
Epoch 36/200, Batch 100, Aver_Loss: 523.5291
Epoch 36/200, Batch 200, Aver_Loss: 527.5916
Epoch 36/200, Batch 300, Aver_Loss: 523.9872
Epoch 36/200, Batch 400, Aver_Loss: 524.3823
[early-stopping] Epoch 36: no improvement (1/20)
Epoch 37/200, Batch 100, Aver_Loss: 520.3834
Epoch 37/200, Batch 200, Aver_Loss: 523.4379
Epoch 37/200, Batch 300, Aver_Loss: 524.7751
Epoch 37/200, Batch 400, Aver_Loss: 523.5671
[early-stopping] Epoch 37: no improvement (2/20)
Epoch 38/200, Batch 100, Aver_Loss: 522.6787
Epoch 38/200, Batch 200, Aver_Loss: 524.3046
Epoch 38/200, Batch 300, Aver_Loss: 522.9379
Epoch 38/200, Batch 400, Aver_Loss: 524.6184
[early-stopping] Epoch 38: no improvement (3/20)
Epoch 39/200, Batch 100, Aver_Loss: 523.5772
Epoch 39/200, Batch 200, Aver_Loss: 524.0629
Epoch 39/200, Batch 300, Aver_Loss: 523.6990
Epoch 39/200, Batch 400, Aver_Loss: 522.2409
[early-stopping] Epoch 39: new best val ELBO = -524.154330
Epoch 40/200, Batch 100, Aver_Loss: 521.8743
Epoch 40/200, Batch 200, Aver_Loss: 523.8665
Epoch 40/200, Batch 300, Aver_Loss: 522.9908
Epoch 40/200, Batch 400, Aver_Loss: 526.4684
[early-stopping] Epoch 40: no improvement (1/20)
Epoch 41/200, Batch 100, Aver_Loss: 522.3276
Epoch 41/200, Batch 200, Aver_Loss: 521.4546
Epoch 41/200, Batch 300, Aver_Loss: 524.0007
Epoch 41/200, Batch 400, Aver_Loss: 524.5673
[early-stopping] Epoch 41: no improvement (2/20)
Epoch 42/200, Batch 100, Aver_Loss: 522.7728
Epoch 42/200, Batch 200, Aver_Loss: 523.2543
Epoch 42/200, Batch 300, Aver_Loss: 525.5391
Epoch 42/200, Batch 400, Aver_Loss: 524.7509
[early-stopping] Epoch 42: no improvement (3/20)
Epoch 43/200, Batch 100, Aver_Loss: 525.2237
Epoch 43/200, Batch 200, Aver_Loss: 525.9346
Epoch 43/200, Batch 300, Aver_Loss: 522.8732
Epoch 43/200, Batch 400, Aver_Loss: 521.9257
[early-stopping] Epoch 43: new best val ELBO = -524.102894
Epoch 44/200, Batch 100, Aver_Loss: 521.3199
Epoch 44/200, Batch 200, Aver_Loss: 522.7744
Epoch 44/200, Batch 300, Aver_Loss: 524.5231
Epoch 44/200, Batch 400, Aver_Loss: 523.7755
[early-stopping] Epoch 44: no improvement (1/20)
Epoch 45/200, Batch 100, Aver_Loss: 522.5163
Epoch 45/200, Batch 200, Aver_Loss: 526.1465
Epoch 45/200, Batch 300, Aver_Loss: 523.8011
Epoch 45/200, Batch 400, Aver_Loss: 523.8666
[early-stopping] Epoch 45: new best val ELBO = -524.068078
Epoch 46/200, Batch 100, Aver_Loss: 524.7482
Epoch 46/200, Batch 200, Aver_Loss: 525.8377
Epoch 46/200, Batch 300, Aver_Loss: 520.2234
Epoch 46/200, Batch 400, Aver_Loss: 523.1274
[early-stopping] Epoch 46: no improvement (1/20)
Epoch 47/200, Batch 100, Aver_Loss: 523.3942
Epoch 47/200, Batch 200, Aver_Loss: 523.7851
Epoch 47/200, Batch 300, Aver_Loss: 524.3919
Epoch 47/200, Batch 400, Aver_Loss: 522.3522
[early-stopping] Epoch 47: no improvement (2/20)
Epoch 48/200, Batch 100, Aver_Loss: 522.6214
Epoch 48/200, Batch 200, Aver_Loss: 524.4995
Epoch 48/200, Batch 300, Aver_Loss: 524.6088
Epoch 48/200, Batch 400, Aver_Loss: 526.7506
[early-stopping] Epoch 48: no improvement (3/20)
Epoch 49/200, Batch 100, Aver_Loss: 522.4076
Epoch 49/200, Batch 200, Aver_Loss: 523.4078
Epoch 49/200, Batch 300, Aver_Loss: 524.5397
Epoch 49/200, Batch 400, Aver_Loss: 523.2317
[early-stopping] Epoch 49: new best val ELBO = -524.035549
Epoch 50/200, Batch 100, Aver_Loss: 524.1958
Epoch 50/200, Batch 200, Aver_Loss: 524.5717
Epoch 50/200, Batch 300, Aver_Loss: 525.7944
Epoch 50/200, Batch 400, Aver_Loss: 521.8636
[early-stopping] Epoch 50: no improvement (1/20)
Epoch 51/200, Batch 100, Aver_Loss: 523.4673
Epoch 51/200, Batch 200, Aver_Loss: 520.3831
Epoch 51/200, Batch 300, Aver_Loss: 525.9274
Epoch 51/200, Batch 400, Aver_Loss: 525.0342
[early-stopping] Epoch 51: no improvement (2/20)
Epoch 52/200, Batch 100, Aver_Loss: 523.1724
Epoch 52/200, Batch 200, Aver_Loss: 523.2808
Epoch 52/200, Batch 300, Aver_Loss: 524.6738
Epoch 52/200, Batch 400, Aver_Loss: 522.5148
[early-stopping] Epoch 52: no improvement (3/20)
Epoch 53/200, Batch 100, Aver_Loss: 521.5281
Epoch 53/200, Batch 200, Aver_Loss: 523.3741
Epoch 53/200, Batch 300, Aver_Loss: 522.4332
Epoch 53/200, Batch 400, Aver_Loss: 521.2943
[early-stopping] Epoch 53: new best val ELBO = -524.032435
Epoch 54/200, Batch 100, Aver_Loss: 521.8351
Epoch 54/200, Batch 200, Aver_Loss: 523.0198
Epoch 54/200, Batch 300, Aver_Loss: 524.6456
Epoch 54/200, Batch 400, Aver_Loss: 524.6838
[early-stopping] Epoch 54: new best val ELBO = -523.968734
Epoch 55/200, Batch 100, Aver_Loss: 525.5612
Epoch 55/200, Batch 200, Aver_Loss: 523.5063
Epoch 55/200, Batch 300, Aver_Loss: 525.6940
Epoch 55/200, Batch 400, Aver_Loss: 521.7139
[early-stopping] Epoch 55: new best val ELBO = -523.962082
Epoch 56/200, Batch 100, Aver_Loss: 522.7812
Epoch 56/200, Batch 200, Aver_Loss: 523.8773
Epoch 56/200, Batch 300, Aver_Loss: 518.3815
Epoch 56/200, Batch 400, Aver_Loss: 525.0787
[early-stopping] Epoch 56: no improvement (1/20)
Epoch 57/200, Batch 100, Aver_Loss: 525.4432
Epoch 57/200, Batch 200, Aver_Loss: 526.2014
Epoch 57/200, Batch 300, Aver_Loss: 524.3748
Epoch 57/200, Batch 400, Aver_Loss: 522.9203
[early-stopping] Epoch 57: no improvement (2/20)
Epoch 58/200, Batch 100, Aver_Loss: 522.9662
Epoch 58/200, Batch 200, Aver_Loss: 525.2672
Epoch 58/200, Batch 300, Aver_Loss: 522.8822
Epoch 58/200, Batch 400, Aver_Loss: 524.3642
[early-stopping] Epoch 58: no improvement (3/20)
Epoch 59/200, Batch 100, Aver_Loss: 524.8043
Epoch 59/200, Batch 200, Aver_Loss: 527.6174
Epoch 59/200, Batch 300, Aver_Loss: 523.8141
Epoch 59/200, Batch 400, Aver_Loss: 523.9504
[early-stopping] Epoch 59: no improvement (4/20)
Epoch 60/200, Batch 100, Aver_Loss: 523.6877
Epoch 60/200, Batch 200, Aver_Loss: 525.0709
Epoch 60/200, Batch 300, Aver_Loss: 521.9191
Epoch 60/200, Batch 400, Aver_Loss: 523.6420
[early-stopping] Epoch 60: new best val ELBO = -523.958095
Epoch 61/200, Batch 100, Aver_Loss: 524.4683
Epoch 61/200, Batch 200, Aver_Loss: 523.4051
Epoch 61/200, Batch 300, Aver_Loss: 523.7153
Epoch 61/200, Batch 400, Aver_Loss: 524.1544
[early-stopping] Epoch 61: no improvement (1/20)
Epoch 62/200, Batch 100, Aver_Loss: 523.6102
Epoch 62/200, Batch 200, Aver_Loss: 522.9774
Epoch 62/200, Batch 300, Aver_Loss: 524.2763
Epoch 62/200, Batch 400, Aver_Loss: 524.0394
[early-stopping] Epoch 62: new best val ELBO = -523.915273
Epoch 63/200, Batch 100, Aver_Loss: 523.0809
Epoch 63/200, Batch 200, Aver_Loss: 525.2175
Epoch 63/200, Batch 300, Aver_Loss: 524.4281
Epoch 63/200, Batch 400, Aver_Loss: 523.9044
[early-stopping] Epoch 63: no improvement (1/20)
Epoch 64/200, Batch 100, Aver_Loss: 520.8513
Epoch 64/200, Batch 200, Aver_Loss: 524.2510
Epoch 64/200, Batch 300, Aver_Loss: 523.5513
Epoch 64/200, Batch 400, Aver_Loss: 521.0677
[early-stopping] Epoch 64: no improvement (2/20)
Epoch 65/200, Batch 100, Aver_Loss: 525.9468
Epoch 65/200, Batch 200, Aver_Loss: 521.3351
Epoch 65/200, Batch 300, Aver_Loss: 522.3104
Epoch 65/200, Batch 400, Aver_Loss: 523.3792
[early-stopping] Epoch 65: no improvement (3/20)
Epoch 66/200, Batch 100, Aver_Loss: 525.3252
Epoch 66/200, Batch 200, Aver_Loss: 524.4923
Epoch 66/200, Batch 300, Aver_Loss: 524.3606
Epoch 66/200, Batch 400, Aver_Loss: 522.2399
[early-stopping] Epoch 66: no improvement (4/20)
Epoch 67/200, Batch 100, Aver_Loss: 522.8724
Epoch 67/200, Batch 200, Aver_Loss: 518.8889
Epoch 67/200, Batch 300, Aver_Loss: 524.9424
Epoch 67/200, Batch 400, Aver_Loss: 522.3937
[early-stopping] Epoch 67: no improvement (5/20)
Epoch 68/200, Batch 100, Aver_Loss: 521.9481
Epoch 68/200, Batch 200, Aver_Loss: 523.5392
Epoch 68/200, Batch 300, Aver_Loss: 524.0233
Epoch 68/200, Batch 400, Aver_Loss: 520.1547
[early-stopping] Epoch 68: no improvement (6/20)
Epoch 69/200, Batch 100, Aver_Loss: 521.7983
Epoch 69/200, Batch 200, Aver_Loss: 523.0742
Epoch 69/200, Batch 300, Aver_Loss: 522.9709
Epoch 69/200, Batch 400, Aver_Loss: 524.7867
[early-stopping] Epoch 69: no improvement (7/20)
Epoch 70/200, Batch 100, Aver_Loss: 525.1714
Epoch 70/200, Batch 200, Aver_Loss: 521.3914
Epoch 70/200, Batch 300, Aver_Loss: 524.0961
Epoch 70/200, Batch 400, Aver_Loss: 523.3353
[early-stopping] Epoch 70: no improvement (8/20)
Epoch 71/200, Batch 100, Aver_Loss: 523.8676
Epoch 71/200, Batch 200, Aver_Loss: 520.7770
Epoch 71/200, Batch 300, Aver_Loss: 524.9850
Epoch 71/200, Batch 400, Aver_Loss: 523.9656
[early-stopping] Epoch 71: no improvement (9/20)
Epoch 72/200, Batch 100, Aver_Loss: 526.5807
Epoch 72/200, Batch 200, Aver_Loss: 523.6254
Epoch 72/200, Batch 300, Aver_Loss: 525.2939
Epoch 72/200, Batch 400, Aver_Loss: 523.3427
[early-stopping] Epoch 72: no improvement (10/20)
Epoch 73/200, Batch 100, Aver_Loss: 522.1575
Epoch 73/200, Batch 200, Aver_Loss: 524.0670
Epoch 73/200, Batch 300, Aver_Loss: 522.7288
Epoch 73/200, Batch 400, Aver_Loss: 522.4280
[early-stopping] Epoch 73: no improvement (11/20)
Epoch 74/200, Batch 100, Aver_Loss: 520.7894
Epoch 74/200, Batch 200, Aver_Loss: 520.6259
Epoch 74/200, Batch 300, Aver_Loss: 522.6900
Epoch 74/200, Batch 400, Aver_Loss: 521.3495
[early-stopping] Epoch 74: no improvement (12/20)
Epoch 75/200, Batch 100, Aver_Loss: 524.0958
Epoch 75/200, Batch 200, Aver_Loss: 523.1437
Epoch 75/200, Batch 300, Aver_Loss: 522.8380
Epoch 75/200, Batch 400, Aver_Loss: 524.5080
[early-stopping] Epoch 75: no improvement (13/20)
Epoch 76/200, Batch 100, Aver_Loss: 523.0940
Epoch 76/200, Batch 200, Aver_Loss: 526.2041
Epoch 76/200, Batch 300, Aver_Loss: 525.6128
Epoch 76/200, Batch 400, Aver_Loss: 524.4764
[early-stopping] Epoch 76: no improvement (14/20)
Epoch 77/200, Batch 100, Aver_Loss: 523.8769
Epoch 77/200, Batch 200, Aver_Loss: 523.3425
Epoch 77/200, Batch 300, Aver_Loss: 524.9255
Epoch 77/200, Batch 400, Aver_Loss: 523.1899
[early-stopping] Epoch 77: no improvement (15/20)
Epoch 78/200, Batch 100, Aver_Loss: 524.7879
Epoch 78/200, Batch 200, Aver_Loss: 521.4063
Epoch 78/200, Batch 300, Aver_Loss: 525.0722
Epoch 78/200, Batch 400, Aver_Loss: 523.8749
[early-stopping] Epoch 78: no improvement (16/20)
Epoch 79/200, Batch 100, Aver_Loss: 523.5168
Epoch 79/200, Batch 200, Aver_Loss: 523.9008
Epoch 79/200, Batch 300, Aver_Loss: 523.7037
Epoch 79/200, Batch 400, Aver_Loss: 522.7869
[early-stopping] Epoch 79: no improvement (17/20)
Epoch 80/200, Batch 100, Aver_Loss: 522.6900
Epoch 80/200, Batch 200, Aver_Loss: 521.6507
Epoch 80/200, Batch 300, Aver_Loss: 524.1325
Epoch 80/200, Batch 400, Aver_Loss: 522.5940
[early-stopping] Epoch 80: new best val ELBO = -523.892274
Epoch 81/200, Batch 100, Aver_Loss: 522.9631
Epoch 81/200, Batch 200, Aver_Loss: 524.5490
Epoch 81/200, Batch 300, Aver_Loss: 523.6735
Epoch 81/200, Batch 400, Aver_Loss: 524.9117
[early-stopping] Epoch 81: new best val ELBO = -523.870695
Epoch 82/200, Batch 100, Aver_Loss: 523.6692
Epoch 82/200, Batch 200, Aver_Loss: 524.5043
Epoch 82/200, Batch 300, Aver_Loss: 522.2057
Epoch 82/200, Batch 400, Aver_Loss: 525.6329
[early-stopping] Epoch 82: no improvement (1/20)
Epoch 83/200, Batch 100, Aver_Loss: 523.4916
Epoch 83/200, Batch 200, Aver_Loss: 522.2552
Epoch 83/200, Batch 300, Aver_Loss: 521.4998
Epoch 83/200, Batch 400, Aver_Loss: 523.7997
[early-stopping] Epoch 83: no improvement (2/20)
Epoch 84/200, Batch 100, Aver_Loss: 522.4482
Epoch 84/200, Batch 200, Aver_Loss: 524.3947
Epoch 84/200, Batch 300, Aver_Loss: 521.7690
Epoch 84/200, Batch 400, Aver_Loss: 524.1638
[early-stopping] Epoch 84: new best val ELBO = -523.846843
Epoch 85/200, Batch 100, Aver_Loss: 523.2034
Epoch 85/200, Batch 200, Aver_Loss: 522.7877
Epoch 85/200, Batch 300, Aver_Loss: 525.0087
Epoch 85/200, Batch 400, Aver_Loss: 522.4496
[early-stopping] Epoch 85: no improvement (1/20)
Epoch 86/200, Batch 100, Aver_Loss: 524.3679
Epoch 86/200, Batch 200, Aver_Loss: 523.6810
Epoch 86/200, Batch 300, Aver_Loss: 524.2953
Epoch 86/200, Batch 400, Aver_Loss: 524.2334
[early-stopping] Epoch 86: no improvement (2/20)
Epoch 87/200, Batch 100, Aver_Loss: 522.5314
Epoch 87/200, Batch 200, Aver_Loss: 523.2944
Epoch 87/200, Batch 300, Aver_Loss: 523.9252
Epoch 87/200, Batch 400, Aver_Loss: 521.8087
[early-stopping] Epoch 87: no improvement (3/20)
Epoch 88/200, Batch 100, Aver_Loss: 523.5217
Epoch 88/200, Batch 200, Aver_Loss: 523.1659
Epoch 88/200, Batch 300, Aver_Loss: 523.5371
Epoch 88/200, Batch 400, Aver_Loss: 517.3424
[early-stopping] Epoch 88: no improvement (4/20)
Epoch 89/200, Batch 100, Aver_Loss: 522.4814
Epoch 89/200, Batch 200, Aver_Loss: 524.3250
Epoch 89/200, Batch 300, Aver_Loss: 521.4493
Epoch 89/200, Batch 400, Aver_Loss: 525.1021
[early-stopping] Epoch 89: new best val ELBO = -523.827531
Epoch 90/200, Batch 100, Aver_Loss: 524.0718
Epoch 90/200, Batch 200, Aver_Loss: 523.8889
Epoch 90/200, Batch 300, Aver_Loss: 522.2419
Epoch 90/200, Batch 400, Aver_Loss: 523.1191
[early-stopping] Epoch 90: no improvement (1/20)
Epoch 91/200, Batch 100, Aver_Loss: 522.5713
Epoch 91/200, Batch 200, Aver_Loss: 519.4941
Epoch 91/200, Batch 300, Aver_Loss: 522.8203
Epoch 91/200, Batch 400, Aver_Loss: 524.4409
[early-stopping] Epoch 91: no improvement (2/20)
Epoch 92/200, Batch 100, Aver_Loss: 521.8877
Epoch 92/200, Batch 200, Aver_Loss: 524.2794
Epoch 92/200, Batch 300, Aver_Loss: 522.2087
Epoch 92/200, Batch 400, Aver_Loss: 521.3185
[early-stopping] Epoch 92: no improvement (3/20)
Epoch 93/200, Batch 100, Aver_Loss: 522.2253
Epoch 93/200, Batch 200, Aver_Loss: 522.7057
Epoch 93/200, Batch 300, Aver_Loss: 523.0388
Epoch 93/200, Batch 400, Aver_Loss: 523.4037
[early-stopping] Epoch 93: no improvement (4/20)
Epoch 94/200, Batch 100, Aver_Loss: 524.3915
Epoch 94/200, Batch 200, Aver_Loss: 520.9096
Epoch 94/200, Batch 300, Aver_Loss: 522.0970
Epoch 94/200, Batch 400, Aver_Loss: 524.4045
[early-stopping] Epoch 94: no improvement (5/20)
Epoch 95/200, Batch 100, Aver_Loss: 523.2666
Epoch 95/200, Batch 200, Aver_Loss: 522.7864
Epoch 95/200, Batch 300, Aver_Loss: 522.0417
Epoch 95/200, Batch 400, Aver_Loss: 523.7305
[early-stopping] Epoch 95: no improvement (6/20)
Epoch 96/200, Batch 100, Aver_Loss: 526.7917
Epoch 96/200, Batch 200, Aver_Loss: 521.8348
Epoch 96/200, Batch 300, Aver_Loss: 522.7405
Epoch 96/200, Batch 400, Aver_Loss: 524.9626
[early-stopping] Epoch 96: no improvement (7/20)
Epoch 97/200, Batch 100, Aver_Loss: 522.7802
Epoch 97/200, Batch 200, Aver_Loss: 521.3851
Epoch 97/200, Batch 300, Aver_Loss: 522.7178
Epoch 97/200, Batch 400, Aver_Loss: 522.9924
[early-stopping] Epoch 97: no improvement (8/20)
Epoch 98/200, Batch 100, Aver_Loss: 523.7307
Epoch 98/200, Batch 200, Aver_Loss: 523.3978
Epoch 98/200, Batch 300, Aver_Loss: 520.0876
Epoch 98/200, Batch 400, Aver_Loss: 521.2730
[early-stopping] Epoch 98: no improvement (9/20)
Epoch 99/200, Batch 100, Aver_Loss: 520.6142
Epoch 99/200, Batch 200, Aver_Loss: 522.5500
Epoch 99/200, Batch 300, Aver_Loss: 522.5349
Epoch 99/200, Batch 400, Aver_Loss: 525.3141
[early-stopping] Epoch 99: no improvement (10/20)
Epoch 100/200, Batch 100, Aver_Loss: 522.2649
Epoch 100/200, Batch 200, Aver_Loss: 523.0690
Epoch 100/200, Batch 300, Aver_Loss: 520.1046
Epoch 100/200, Batch 400, Aver_Loss: 520.2695
[early-stopping] Epoch 100: no improvement (11/20)
Epoch 101/200, Batch 100, Aver_Loss: 522.4193
Epoch 101/200, Batch 200, Aver_Loss: 521.9324
Epoch 101/200, Batch 300, Aver_Loss: 524.1122
Epoch 101/200, Batch 400, Aver_Loss: 523.7032
[early-stopping] Epoch 101: no improvement (12/20)
Epoch 102/200, Batch 100, Aver_Loss: 522.3752
Epoch 102/200, Batch 200, Aver_Loss: 523.7852
Epoch 102/200, Batch 300, Aver_Loss: 519.7988
Epoch 102/200, Batch 400, Aver_Loss: 524.1791
[early-stopping] Epoch 102: new best val ELBO = -523.805861
Epoch 103/200, Batch 100, Aver_Loss: 522.5737
Epoch 103/200, Batch 200, Aver_Loss: 524.9554
Epoch 103/200, Batch 300, Aver_Loss: 520.4048
Epoch 103/200, Batch 400, Aver_Loss: 521.2518
[early-stopping] Epoch 103: no improvement (1/20)
Epoch 104/200, Batch 100, Aver_Loss: 523.4850
Epoch 104/200, Batch 200, Aver_Loss: 523.3904
Epoch 104/200, Batch 300, Aver_Loss: 524.3488
Epoch 104/200, Batch 400, Aver_Loss: 522.5643
[early-stopping] Epoch 104: no improvement (2/20)
Epoch 105/200, Batch 100, Aver_Loss: 525.7039
Epoch 105/200, Batch 200, Aver_Loss: 523.6830
Epoch 105/200, Batch 300, Aver_Loss: 524.8776
Epoch 105/200, Batch 400, Aver_Loss: 524.2064
[early-stopping] Epoch 105: no improvement (3/20)
Epoch 106/200, Batch 100, Aver_Loss: 524.0253
Epoch 106/200, Batch 200, Aver_Loss: 522.1347
Epoch 106/200, Batch 300, Aver_Loss: 522.9555
Epoch 106/200, Batch 400, Aver_Loss: 523.1296
[early-stopping] Epoch 106: no improvement (4/20)
Epoch 107/200, Batch 100, Aver_Loss: 522.9679
Epoch 107/200, Batch 200, Aver_Loss: 523.7377
Epoch 107/200, Batch 300, Aver_Loss: 520.4955
Epoch 107/200, Batch 400, Aver_Loss: 523.4365
[early-stopping] Epoch 107: new best val ELBO = -523.794877
Epoch 108/200, Batch 100, Aver_Loss: 522.7941
Epoch 108/200, Batch 200, Aver_Loss: 522.8818
Epoch 108/200, Batch 300, Aver_Loss: 524.9719
Epoch 108/200, Batch 400, Aver_Loss: 523.5754
[early-stopping] Epoch 108: no improvement (1/20)
Epoch 109/200, Batch 100, Aver_Loss: 522.3683
Epoch 109/200, Batch 200, Aver_Loss: 523.2027
Epoch 109/200, Batch 300, Aver_Loss: 523.6589
Epoch 109/200, Batch 400, Aver_Loss: 524.7145
[early-stopping] Epoch 109: no improvement (2/20)
Epoch 110/200, Batch 100, Aver_Loss: 523.6219
Epoch 110/200, Batch 200, Aver_Loss: 524.7754
Epoch 110/200, Batch 300, Aver_Loss: 524.3929
Epoch 110/200, Batch 400, Aver_Loss: 523.3415
[early-stopping] Epoch 110: no improvement (3/20)
Epoch 111/200, Batch 100, Aver_Loss: 522.1166
Epoch 111/200, Batch 200, Aver_Loss: 524.6020
Epoch 111/200, Batch 300, Aver_Loss: 524.5007
Epoch 111/200, Batch 400, Aver_Loss: 523.6096
[early-stopping] Epoch 111: no improvement (4/20)
Epoch 112/200, Batch 100, Aver_Loss: 521.0703
Epoch 112/200, Batch 200, Aver_Loss: 520.2209
Epoch 112/200, Batch 300, Aver_Loss: 523.7529
Epoch 112/200, Batch 400, Aver_Loss: 522.5927
[early-stopping] Epoch 112: no improvement (5/20)
Epoch 113/200, Batch 100, Aver_Loss: 524.9309
Epoch 113/200, Batch 200, Aver_Loss: 526.2982
Epoch 113/200, Batch 300, Aver_Loss: 521.8126
Epoch 113/200, Batch 400, Aver_Loss: 524.3982
[early-stopping] Epoch 113: no improvement (6/20)
Epoch 114/200, Batch 100, Aver_Loss: 523.2440
Epoch 114/200, Batch 200, Aver_Loss: 523.6933
Epoch 114/200, Batch 300, Aver_Loss: 525.1240
Epoch 114/200, Batch 400, Aver_Loss: 523.5756
[early-stopping] Epoch 114: new best val ELBO = -523.786688
Epoch 115/200, Batch 100, Aver_Loss: 522.7764
Epoch 115/200, Batch 200, Aver_Loss: 522.8232
Epoch 115/200, Batch 300, Aver_Loss: 521.3903
Epoch 115/200, Batch 400, Aver_Loss: 525.4150
[early-stopping] Epoch 115: no improvement (1/20)
Epoch 116/200, Batch 100, Aver_Loss: 523.0327
Epoch 116/200, Batch 200, Aver_Loss: 521.1004
Epoch 116/200, Batch 300, Aver_Loss: 524.3527
Epoch 116/200, Batch 400, Aver_Loss: 521.8770
[early-stopping] Epoch 116: no improvement (2/20)
Epoch 117/200, Batch 100, Aver_Loss: 523.2338
Epoch 117/200, Batch 200, Aver_Loss: 524.3041
Epoch 117/200, Batch 300, Aver_Loss: 521.0609
Epoch 117/200, Batch 400, Aver_Loss: 523.1578
[early-stopping] Epoch 117: no improvement (3/20)
Epoch 118/200, Batch 100, Aver_Loss: 520.6873
Epoch 118/200, Batch 200, Aver_Loss: 519.4495
Epoch 118/200, Batch 300, Aver_Loss: 526.2794
Epoch 118/200, Batch 400, Aver_Loss: 524.3539
[early-stopping] Epoch 118: no improvement (4/20)
Epoch 119/200, Batch 100, Aver_Loss: 523.2404
Epoch 119/200, Batch 200, Aver_Loss: 525.5411
Epoch 119/200, Batch 300, Aver_Loss: 524.0643
Epoch 119/200, Batch 400, Aver_Loss: 526.5950
[early-stopping] Epoch 119: no improvement (5/20)
Epoch 120/200, Batch 100, Aver_Loss: 521.5024
Epoch 120/200, Batch 200, Aver_Loss: 523.5766
Epoch 120/200, Batch 300, Aver_Loss: 524.7978
Epoch 120/200, Batch 400, Aver_Loss: 521.4553
[early-stopping] Epoch 120: no improvement (6/20)
Epoch 121/200, Batch 100, Aver_Loss: 523.6568
Epoch 121/200, Batch 200, Aver_Loss: 523.8646
Epoch 121/200, Batch 300, Aver_Loss: 524.5743
Epoch 121/200, Batch 400, Aver_Loss: 522.6381
[early-stopping] Epoch 121: no improvement (7/20)
Epoch 122/200, Batch 100, Aver_Loss: 522.0404
Epoch 122/200, Batch 200, Aver_Loss: 524.3687
Epoch 122/200, Batch 300, Aver_Loss: 519.8621
Epoch 122/200, Batch 400, Aver_Loss: 520.8427
[early-stopping] Epoch 122: no improvement (8/20)
Epoch 123/200, Batch 100, Aver_Loss: 524.5656
Epoch 123/200, Batch 200, Aver_Loss: 522.4457
Epoch 123/200, Batch 300, Aver_Loss: 520.1979
Epoch 123/200, Batch 400, Aver_Loss: 521.5545
[early-stopping] Epoch 123: no improvement (9/20)
Epoch 124/200, Batch 100, Aver_Loss: 523.2686
Epoch 124/200, Batch 200, Aver_Loss: 522.9485
Epoch 124/200, Batch 300, Aver_Loss: 524.5731
Epoch 124/200, Batch 400, Aver_Loss: 523.4108
[early-stopping] Epoch 124: no improvement (10/20)
Epoch 125/200, Batch 100, Aver_Loss: 520.7786
Epoch 125/200, Batch 200, Aver_Loss: 522.2709
Epoch 125/200, Batch 300, Aver_Loss: 520.5696
Epoch 125/200, Batch 400, Aver_Loss: 523.3921
[early-stopping] Epoch 125: no improvement (11/20)
Epoch 126/200, Batch 100, Aver_Loss: 523.4464
Epoch 126/200, Batch 200, Aver_Loss: 523.1305
Epoch 126/200, Batch 300, Aver_Loss: 522.2443
Epoch 126/200, Batch 400, Aver_Loss: 522.6286
[early-stopping] Epoch 126: no improvement (12/20)
Epoch 127/200, Batch 100, Aver_Loss: 523.2175
Epoch 127/200, Batch 200, Aver_Loss: 520.8548
Epoch 127/200, Batch 300, Aver_Loss: 520.9731
Epoch 127/200, Batch 400, Aver_Loss: 522.6061
[early-stopping] Epoch 127: no improvement (13/20)
Epoch 128/200, Batch 100, Aver_Loss: 522.2026
Epoch 128/200, Batch 200, Aver_Loss: 519.4275
Epoch 128/200, Batch 300, Aver_Loss: 520.5146
Epoch 128/200, Batch 400, Aver_Loss: 523.7559
[early-stopping] Epoch 128: no improvement (14/20)
Epoch 129/200, Batch 100, Aver_Loss: 522.8793
Epoch 129/200, Batch 200, Aver_Loss: 521.8769
Epoch 129/200, Batch 300, Aver_Loss: 523.8475
Epoch 129/200, Batch 400, Aver_Loss: 526.4749
[early-stopping] Epoch 129: no improvement (15/20)
Epoch 130/200, Batch 100, Aver_Loss: 525.0302
Epoch 130/200, Batch 200, Aver_Loss: 525.7186
Epoch 130/200, Batch 300, Aver_Loss: 522.9758
Epoch 130/200, Batch 400, Aver_Loss: 523.9495
[early-stopping] Epoch 130: no improvement (16/20)
Epoch 131/200, Batch 100, Aver_Loss: 524.0326
Epoch 131/200, Batch 200, Aver_Loss: 522.3344
Epoch 131/200, Batch 300, Aver_Loss: 520.8928
Epoch 131/200, Batch 400, Aver_Loss: 522.4448
[early-stopping] Epoch 131: no improvement (17/20)
Epoch 132/200, Batch 100, Aver_Loss: 523.7266
Epoch 132/200, Batch 200, Aver_Loss: 524.8691
Epoch 132/200, Batch 300, Aver_Loss: 522.6608
Epoch 132/200, Batch 400, Aver_Loss: 521.8454
[early-stopping] Epoch 132: no improvement (18/20)
Epoch 133/200, Batch 100, Aver_Loss: 521.6639
Epoch 133/200, Batch 200, Aver_Loss: 522.8625
Epoch 133/200, Batch 300, Aver_Loss: 523.3473
Epoch 133/200, Batch 400, Aver_Loss: 523.7866
[early-stopping] Epoch 133: no improvement (19/20)
Epoch 134/200, Batch 100, Aver_Loss: 521.6784
Epoch 134/200, Batch 200, Aver_Loss: 522.2530
Epoch 134/200, Batch 300, Aver_Loss: 521.0178
Epoch 134/200, Batch 400, Aver_Loss: 524.3089
[early-stopping] Epoch 134: no improvement (20/20)
[early-stopping] Patience reached. Stopping at epoch 134. Best epoch: 114, best val ELBO: -523.786688
[early-stopping] Loaded best model from epoch 114 (val ELBO = -523.786688)
[checkpoint] Saved best model to: trained_parameters/mnist_background_random_zdim4_MVAE.pkl
[saved curves] ./results/MNIST_BG_RANDOM/curves/mnist_background_random_mvae_d4_s777.json

==== Evaluation Summary ====
                 model: mvae
   recon/mse_per_pixel: 0.081140
            elbo/train: -523.043382
             elbo/test: -523.816670
             mse/train: 0.080693
              mse/test: 0.081140
             probe/acc: 0.703306
             probe/nll: 0.878926
           probe/brier: 0.405045
             probe/ece: 0.044351
           cluster/nmi: 0.433383
           cluster/ari: 0.280024
============================

