/usr/bin/which: no fi_info in (/arf/home/meyavuz/.local/bin:/arf/sw/comp/python/intelpython3/condabin:/arf/sw/comp/python/intelpython3/bin:/usr/share/Modules/bin:/usr/local/bin:/usr/bin:/usr/local/sbin:/usr/sbin)
Extension for Scikit-learn* enabled (https://github.com/uxlfoundation/scikit-learn-intelex)
/arf/home/meyavuz/.conda/envs/sbn/lib/python3.9/site-packages/sklearn/linear_model/_logistic.py:1247: FutureWarning: 'multi_class' was deprecated in version 1.5 and will be removed in 1.7. From then on, it will always use 'multinomial'. Leave it to its default value to avoid this warning.
  warnings.warn(
/arf/home/meyavuz/.conda/envs/sbn/lib/python3.9/site-packages/sklearn/linear_model/_sag.py:348: ConvergenceWarning: The max_iter was reached which means the coef_ did not converge
  warnings.warn(
Epoch 1/200, Batch 100, Aver_Loss: 253.7905
Epoch 1/200, Batch 200, Aver_Loss: 232.9211
Epoch 1/200, Batch 300, Aver_Loss: 212.0098
Epoch 1/200, Batch 400, Aver_Loss: 203.6876
[early-stopping] Epoch 1: new best val ELBO = -206.675025
Epoch 2/200, Batch 100, Aver_Loss: 203.0609
Epoch 2/200, Batch 200, Aver_Loss: 187.3181
Epoch 2/200, Batch 300, Aver_Loss: 172.3484
Epoch 2/200, Batch 400, Aver_Loss: 167.0128
[early-stopping] Epoch 2: new best val ELBO = -165.049739
Epoch 3/200, Batch 100, Aver_Loss: 165.7726
Epoch 3/200, Batch 200, Aver_Loss: 189.5319
Epoch 3/200, Batch 300, Aver_Loss: 176.4944
Epoch 3/200, Batch 400, Aver_Loss: 159.4196
[early-stopping] Epoch 3: new best val ELBO = -155.761311
Epoch 4/200, Batch 100, Aver_Loss: 154.5188
Epoch 4/200, Batch 200, Aver_Loss: 154.8374
Epoch 4/200, Batch 300, Aver_Loss: 148.5023
Epoch 4/200, Batch 400, Aver_Loss: 149.4408
[early-stopping] Epoch 4: new best val ELBO = -149.497324
Epoch 5/200, Batch 100, Aver_Loss: 146.4318
Epoch 5/200, Batch 200, Aver_Loss: 145.5441
Epoch 5/200, Batch 300, Aver_Loss: 149.4589
Epoch 5/200, Batch 400, Aver_Loss: 145.6836
[early-stopping] Epoch 5: new best val ELBO = -147.371934
Epoch 6/200, Batch 100, Aver_Loss: 148.7883
Epoch 6/200, Batch 200, Aver_Loss: 138.5678
Epoch 6/200, Batch 300, Aver_Loss: 188.4468
Epoch 6/200, Batch 400, Aver_Loss: 151.1569
[early-stopping] Epoch 6: new best val ELBO = -144.409711
Epoch 7/200, Batch 100, Aver_Loss: 149.1743
Epoch 7/200, Batch 200, Aver_Loss: 141.3804
Epoch 7/200, Batch 300, Aver_Loss: 140.5643
Epoch 7/200, Batch 400, Aver_Loss: 142.4800
[early-stopping] Epoch 7: new best val ELBO = -142.080719
Epoch 8/200, Batch 100, Aver_Loss: 141.8871
Epoch 8/200, Batch 200, Aver_Loss: 144.1732
Epoch 8/200, Batch 300, Aver_Loss: 140.7159
Epoch 8/200, Batch 400, Aver_Loss: 140.0261
[early-stopping] Epoch 8: new best val ELBO = -141.043725
Epoch 9/200, Batch 100, Aver_Loss: 137.6359
Epoch 9/200, Batch 200, Aver_Loss: 144.1786
Epoch 9/200, Batch 300, Aver_Loss: 139.6016
Epoch 9/200, Batch 400, Aver_Loss: 140.8484
[early-stopping] Epoch 9: no improvement (1/20)
Epoch 10/200, Batch 100, Aver_Loss: 142.1523
Epoch 10/200, Batch 200, Aver_Loss: 137.6028
Epoch 10/200, Batch 300, Aver_Loss: 136.4348
Epoch 10/200, Batch 400, Aver_Loss: 138.4520
[early-stopping] Epoch 10: no improvement (2/20)
Epoch 11/200, Batch 100, Aver_Loss: 138.1442
Epoch 11/200, Batch 200, Aver_Loss: 141.1008
Epoch 11/200, Batch 300, Aver_Loss: 141.4263
Epoch 11/200, Batch 400, Aver_Loss: 138.0396
[early-stopping] Epoch 11: new best val ELBO = -138.432145
Epoch 12/200, Batch 100, Aver_Loss: 130.8609
Epoch 12/200, Batch 200, Aver_Loss: 136.6819
Epoch 12/200, Batch 300, Aver_Loss: 135.4611
Epoch 12/200, Batch 400, Aver_Loss: 138.7193
[early-stopping] Epoch 12: new best val ELBO = -138.007472
Epoch 13/200, Batch 100, Aver_Loss: 143.3309
Epoch 13/200, Batch 200, Aver_Loss: 136.6953
Epoch 13/200, Batch 300, Aver_Loss: 132.4348
Epoch 13/200, Batch 400, Aver_Loss: 133.7925
[early-stopping] Epoch 13: new best val ELBO = -137.300487
Epoch 14/200, Batch 100, Aver_Loss: 138.2982
Epoch 14/200, Batch 200, Aver_Loss: 141.9118
Epoch 14/200, Batch 300, Aver_Loss: 139.4521
Epoch 14/200, Batch 400, Aver_Loss: 132.1687
[early-stopping] Epoch 14: new best val ELBO = -136.836530
Epoch 15/200, Batch 100, Aver_Loss: 134.8247
Epoch 15/200, Batch 200, Aver_Loss: 136.5198
Epoch 15/200, Batch 300, Aver_Loss: 136.0517
Epoch 15/200, Batch 400, Aver_Loss: 135.2144
[early-stopping] Epoch 15: new best val ELBO = -135.986710
Epoch 16/200, Batch 100, Aver_Loss: 137.2710
Epoch 16/200, Batch 200, Aver_Loss: 135.5246
Epoch 16/200, Batch 300, Aver_Loss: 138.9989
Epoch 16/200, Batch 400, Aver_Loss: 132.6053
[early-stopping] Epoch 16: new best val ELBO = -135.396780
Epoch 17/200, Batch 100, Aver_Loss: 137.9293
Epoch 17/200, Batch 200, Aver_Loss: 131.5221
Epoch 17/200, Batch 300, Aver_Loss: 131.7782
Epoch 17/200, Batch 400, Aver_Loss: 135.3779
[early-stopping] Epoch 17: new best val ELBO = -135.121837
Epoch 18/200, Batch 100, Aver_Loss: 131.6895
Epoch 18/200, Batch 200, Aver_Loss: 131.1608
Epoch 18/200, Batch 300, Aver_Loss: 134.7709
Epoch 18/200, Batch 400, Aver_Loss: 131.6102
[early-stopping] Epoch 18: new best val ELBO = -134.580334
Epoch 19/200, Batch 100, Aver_Loss: 128.6474
Epoch 19/200, Batch 200, Aver_Loss: 134.5957
Epoch 19/200, Batch 300, Aver_Loss: 132.6217
Epoch 19/200, Batch 400, Aver_Loss: 134.8568
[early-stopping] Epoch 19: new best val ELBO = -134.480771
Epoch 20/200, Batch 100, Aver_Loss: 131.4375
Epoch 20/200, Batch 200, Aver_Loss: 132.6903
Epoch 20/200, Batch 300, Aver_Loss: 130.3811
Epoch 20/200, Batch 400, Aver_Loss: 134.5134
[early-stopping] Epoch 20: new best val ELBO = -134.116703
Epoch 21/200, Batch 100, Aver_Loss: 133.5161
Epoch 21/200, Batch 200, Aver_Loss: 134.7226
Epoch 21/200, Batch 300, Aver_Loss: 131.5991
Epoch 21/200, Batch 400, Aver_Loss: 132.0932
[early-stopping] Epoch 21: new best val ELBO = -133.935421
Epoch 22/200, Batch 100, Aver_Loss: 129.8209
Epoch 22/200, Batch 200, Aver_Loss: 141.8486
Epoch 22/200, Batch 300, Aver_Loss: 131.7711
Epoch 22/200, Batch 400, Aver_Loss: 128.8371
[early-stopping] Epoch 22: new best val ELBO = -133.432822
Epoch 23/200, Batch 100, Aver_Loss: 128.5980
Epoch 23/200, Batch 200, Aver_Loss: 132.7229
Epoch 23/200, Batch 300, Aver_Loss: 135.1103
Epoch 23/200, Batch 400, Aver_Loss: 133.8284
[early-stopping] Epoch 23: new best val ELBO = -133.405026
Epoch 24/200, Batch 100, Aver_Loss: 138.9466
Epoch 24/200, Batch 200, Aver_Loss: 129.3758
Epoch 24/200, Batch 300, Aver_Loss: 131.2022
Epoch 24/200, Batch 400, Aver_Loss: 133.8907
[early-stopping] Epoch 24: new best val ELBO = -133.106501
Epoch 25/200, Batch 100, Aver_Loss: 128.5293
Epoch 25/200, Batch 200, Aver_Loss: 131.7144
Epoch 25/200, Batch 300, Aver_Loss: 134.2891
Epoch 25/200, Batch 400, Aver_Loss: 131.5892
[early-stopping] Epoch 25: new best val ELBO = -132.449967
Epoch 26/200, Batch 100, Aver_Loss: 130.1461
Epoch 26/200, Batch 200, Aver_Loss: 129.9941
Epoch 26/200, Batch 300, Aver_Loss: 130.7234
Epoch 26/200, Batch 400, Aver_Loss: 127.4167
[early-stopping] Epoch 26: no improvement (1/20)
Epoch 27/200, Batch 100, Aver_Loss: 135.4901
Epoch 27/200, Batch 200, Aver_Loss: 132.5795
Epoch 27/200, Batch 300, Aver_Loss: 131.9052
Epoch 27/200, Batch 400, Aver_Loss: 133.8611
[early-stopping] Epoch 27: no improvement (2/20)
Epoch 28/200, Batch 100, Aver_Loss: 129.6472
Epoch 28/200, Batch 200, Aver_Loss: 130.0906
Epoch 28/200, Batch 300, Aver_Loss: 133.5794
Epoch 28/200, Batch 400, Aver_Loss: 131.6015
[early-stopping] Epoch 28: new best val ELBO = -132.090339
Epoch 29/200, Batch 100, Aver_Loss: 134.5293
Epoch 29/200, Batch 200, Aver_Loss: 125.8373
Epoch 29/200, Batch 300, Aver_Loss: 128.6034
Epoch 29/200, Batch 400, Aver_Loss: 133.2350
[early-stopping] Epoch 29: no improvement (1/20)
Epoch 30/200, Batch 100, Aver_Loss: 127.1797
Epoch 30/200, Batch 200, Aver_Loss: 127.3952
Epoch 30/200, Batch 300, Aver_Loss: 128.4161
Epoch 30/200, Batch 400, Aver_Loss: 125.8434
[early-stopping] Epoch 30: new best val ELBO = -131.967114
Epoch 31/200, Batch 100, Aver_Loss: 136.2046
Epoch 31/200, Batch 200, Aver_Loss: 134.4784
Epoch 31/200, Batch 300, Aver_Loss: 129.0671
Epoch 31/200, Batch 400, Aver_Loss: 133.8808
[early-stopping] Epoch 31: new best val ELBO = -131.921590
Epoch 32/200, Batch 100, Aver_Loss: 136.3766
Epoch 32/200, Batch 200, Aver_Loss: 131.0787
Epoch 32/200, Batch 300, Aver_Loss: 129.3261
Epoch 32/200, Batch 400, Aver_Loss: 127.0070
[early-stopping] Epoch 32: new best val ELBO = -131.762232
Epoch 33/200, Batch 100, Aver_Loss: 132.2815
Epoch 33/200, Batch 200, Aver_Loss: 129.2298
Epoch 33/200, Batch 300, Aver_Loss: 133.6422
Epoch 33/200, Batch 400, Aver_Loss: 129.8874
[early-stopping] Epoch 33: new best val ELBO = -131.229528
Epoch 34/200, Batch 100, Aver_Loss: 129.0326
Epoch 34/200, Batch 200, Aver_Loss: 128.7845
Epoch 34/200, Batch 300, Aver_Loss: 127.2771
Epoch 34/200, Batch 400, Aver_Loss: 130.4537
[early-stopping] Epoch 34: no improvement (1/20)
Epoch 35/200, Batch 100, Aver_Loss: 135.1350
Epoch 35/200, Batch 200, Aver_Loss: 133.4977
Epoch 35/200, Batch 300, Aver_Loss: 130.9708
Epoch 35/200, Batch 400, Aver_Loss: 132.8203
[early-stopping] Epoch 35: no improvement (2/20)
Epoch 36/200, Batch 100, Aver_Loss: 129.4255
Epoch 36/200, Batch 200, Aver_Loss: 132.1157
Epoch 36/200, Batch 300, Aver_Loss: 128.5038
Epoch 36/200, Batch 400, Aver_Loss: 133.7377
[early-stopping] Epoch 36: new best val ELBO = -131.120076
Epoch 37/200, Batch 100, Aver_Loss: 132.0566
Epoch 37/200, Batch 200, Aver_Loss: 133.7665
Epoch 37/200, Batch 300, Aver_Loss: 128.3777
Epoch 37/200, Batch 400, Aver_Loss: 128.0123
[early-stopping] Epoch 37: no improvement (1/20)
Epoch 38/200, Batch 100, Aver_Loss: 128.0505
Epoch 38/200, Batch 200, Aver_Loss: 134.6386
Epoch 38/200, Batch 300, Aver_Loss: 128.0225
Epoch 38/200, Batch 400, Aver_Loss: 129.2300
[early-stopping] Epoch 38: new best val ELBO = -131.064701
Epoch 39/200, Batch 100, Aver_Loss: 134.3753
Epoch 39/200, Batch 200, Aver_Loss: 132.2110
Epoch 39/200, Batch 300, Aver_Loss: 130.0871
Epoch 39/200, Batch 400, Aver_Loss: 133.0271
[early-stopping] Epoch 39: no improvement (1/20)
Epoch 40/200, Batch 100, Aver_Loss: 126.8610
Epoch 40/200, Batch 200, Aver_Loss: 127.4948
Epoch 40/200, Batch 300, Aver_Loss: 128.6265
Epoch 40/200, Batch 400, Aver_Loss: 134.5748
[early-stopping] Epoch 40: new best val ELBO = -130.997264
Epoch 41/200, Batch 100, Aver_Loss: 131.2045
Epoch 41/200, Batch 200, Aver_Loss: 125.5270
Epoch 41/200, Batch 300, Aver_Loss: 129.9003
Epoch 41/200, Batch 400, Aver_Loss: 134.2191
[early-stopping] Epoch 41: new best val ELBO = -130.476930
Epoch 42/200, Batch 100, Aver_Loss: 127.2451
Epoch 42/200, Batch 200, Aver_Loss: 133.0857
Epoch 42/200, Batch 300, Aver_Loss: 133.6790
Epoch 42/200, Batch 400, Aver_Loss: 127.4522
[early-stopping] Epoch 42: no improvement (1/20)
Epoch 43/200, Batch 100, Aver_Loss: 130.6516
Epoch 43/200, Batch 200, Aver_Loss: 124.5708
Epoch 43/200, Batch 300, Aver_Loss: 132.7845
Epoch 43/200, Batch 400, Aver_Loss: 129.2229
[early-stopping] Epoch 43: no improvement (2/20)
Epoch 44/200, Batch 100, Aver_Loss: 133.9279
Epoch 44/200, Batch 200, Aver_Loss: 129.4139
Epoch 44/200, Batch 300, Aver_Loss: 128.1459
Epoch 44/200, Batch 400, Aver_Loss: 130.3323
[early-stopping] Epoch 44: no improvement (3/20)
Epoch 45/200, Batch 100, Aver_Loss: 129.0573
Epoch 45/200, Batch 200, Aver_Loss: 131.7709
Epoch 45/200, Batch 300, Aver_Loss: 130.6035
Epoch 45/200, Batch 400, Aver_Loss: 132.0020
[early-stopping] Epoch 45: new best val ELBO = -130.346929
Epoch 46/200, Batch 100, Aver_Loss: 128.3310
Epoch 46/200, Batch 200, Aver_Loss: 131.2382
Epoch 46/200, Batch 300, Aver_Loss: 127.3345
Epoch 46/200, Batch 400, Aver_Loss: 130.4866
[early-stopping] Epoch 46: no improvement (1/20)
Epoch 47/200, Batch 100, Aver_Loss: 122.8154
Epoch 47/200, Batch 200, Aver_Loss: 131.7831
Epoch 47/200, Batch 300, Aver_Loss: 130.8827
Epoch 47/200, Batch 400, Aver_Loss: 128.7795
[early-stopping] Epoch 47: no improvement (2/20)
Epoch 48/200, Batch 100, Aver_Loss: 126.7444
Epoch 48/200, Batch 200, Aver_Loss: 131.4588
Epoch 48/200, Batch 300, Aver_Loss: 127.5470
Epoch 48/200, Batch 400, Aver_Loss: 131.6191
[early-stopping] Epoch 48: new best val ELBO = -130.127369
Epoch 49/200, Batch 100, Aver_Loss: 124.2362
Epoch 49/200, Batch 200, Aver_Loss: 128.9388
Epoch 49/200, Batch 300, Aver_Loss: 133.7843
Epoch 49/200, Batch 400, Aver_Loss: 127.9002
[early-stopping] Epoch 49: no improvement (1/20)
Epoch 50/200, Batch 100, Aver_Loss: 129.2892
Epoch 50/200, Batch 200, Aver_Loss: 128.3674
Epoch 50/200, Batch 300, Aver_Loss: 125.8635
Epoch 50/200, Batch 400, Aver_Loss: 127.3108
[early-stopping] Epoch 50: new best val ELBO = -130.016932
Epoch 51/200, Batch 100, Aver_Loss: 131.3228
Epoch 51/200, Batch 200, Aver_Loss: 131.7702
Epoch 51/200, Batch 300, Aver_Loss: 124.7294
Epoch 51/200, Batch 400, Aver_Loss: 131.0108
[early-stopping] Epoch 51: no improvement (1/20)
Epoch 52/200, Batch 100, Aver_Loss: 130.1763
Epoch 52/200, Batch 200, Aver_Loss: 127.1215
Epoch 52/200, Batch 300, Aver_Loss: 133.6857
Epoch 52/200, Batch 400, Aver_Loss: 128.3998
[early-stopping] Epoch 52: no improvement (2/20)
Epoch 53/200, Batch 100, Aver_Loss: 126.5035
Epoch 53/200, Batch 200, Aver_Loss: 130.3609
Epoch 53/200, Batch 300, Aver_Loss: 128.3996
Epoch 53/200, Batch 400, Aver_Loss: 127.3413
[early-stopping] Epoch 53: no improvement (3/20)
Epoch 54/200, Batch 100, Aver_Loss: 129.4875
Epoch 54/200, Batch 200, Aver_Loss: 128.9895
Epoch 54/200, Batch 300, Aver_Loss: 127.5851
Epoch 54/200, Batch 400, Aver_Loss: 133.8805
[early-stopping] Epoch 54: new best val ELBO = -129.890789
Epoch 55/200, Batch 100, Aver_Loss: 130.9761
Epoch 55/200, Batch 200, Aver_Loss: 123.9968
Epoch 55/200, Batch 300, Aver_Loss: 126.6905
Epoch 55/200, Batch 400, Aver_Loss: 131.1896
[early-stopping] Epoch 55: new best val ELBO = -129.808361
Epoch 56/200, Batch 100, Aver_Loss: 128.0863
Epoch 56/200, Batch 200, Aver_Loss: 126.5371
Epoch 56/200, Batch 300, Aver_Loss: 131.9319
Epoch 56/200, Batch 400, Aver_Loss: 130.1805
[early-stopping] Epoch 56: no improvement (1/20)
Epoch 57/200, Batch 100, Aver_Loss: 128.2838
Epoch 57/200, Batch 200, Aver_Loss: 127.1477
Epoch 57/200, Batch 300, Aver_Loss: 129.8025
Epoch 57/200, Batch 400, Aver_Loss: 129.3677
[early-stopping] Epoch 57: new best val ELBO = -129.700073
Epoch 58/200, Batch 100, Aver_Loss: 129.9196
Epoch 58/200, Batch 200, Aver_Loss: 132.3062
Epoch 58/200, Batch 300, Aver_Loss: 126.9299
Epoch 58/200, Batch 400, Aver_Loss: 127.6032
[early-stopping] Epoch 58: new best val ELBO = -129.582707
Epoch 59/200, Batch 100, Aver_Loss: 127.8766
Epoch 59/200, Batch 200, Aver_Loss: 129.3766
Epoch 59/200, Batch 300, Aver_Loss: 124.8976
Epoch 59/200, Batch 400, Aver_Loss: 129.1146
[early-stopping] Epoch 59: new best val ELBO = -129.555120
Epoch 60/200, Batch 100, Aver_Loss: 133.1459
Epoch 60/200, Batch 200, Aver_Loss: 127.1203
Epoch 60/200, Batch 300, Aver_Loss: 128.5175
Epoch 60/200, Batch 400, Aver_Loss: 129.5951
[early-stopping] Epoch 60: no improvement (1/20)
Epoch 61/200, Batch 100, Aver_Loss: 128.0932
Epoch 61/200, Batch 200, Aver_Loss: 125.3800
Epoch 61/200, Batch 300, Aver_Loss: 127.8025
Epoch 61/200, Batch 400, Aver_Loss: 129.0214
[early-stopping] Epoch 61: no improvement (2/20)
Epoch 62/200, Batch 100, Aver_Loss: 126.8887
Epoch 62/200, Batch 200, Aver_Loss: 128.7580
Epoch 62/200, Batch 300, Aver_Loss: 124.8025
Epoch 62/200, Batch 400, Aver_Loss: 133.8471
[early-stopping] Epoch 62: new best val ELBO = -129.466936
Epoch 63/200, Batch 100, Aver_Loss: 129.0851
Epoch 63/200, Batch 200, Aver_Loss: 124.7515
Epoch 63/200, Batch 300, Aver_Loss: 131.3474
Epoch 63/200, Batch 400, Aver_Loss: 123.8361
[early-stopping] Epoch 63: no improvement (1/20)
Epoch 64/200, Batch 100, Aver_Loss: 133.7743
Epoch 64/200, Batch 200, Aver_Loss: 127.2067
Epoch 64/200, Batch 300, Aver_Loss: 131.5445
Epoch 64/200, Batch 400, Aver_Loss: 130.9960
[early-stopping] Epoch 64: new best val ELBO = -129.462389
Epoch 65/200, Batch 100, Aver_Loss: 129.5334
Epoch 65/200, Batch 200, Aver_Loss: 128.4928
Epoch 65/200, Batch 300, Aver_Loss: 123.2386
Epoch 65/200, Batch 400, Aver_Loss: 126.4928
[early-stopping] Epoch 65: new best val ELBO = -129.405432
Epoch 66/200, Batch 100, Aver_Loss: 130.1347
Epoch 66/200, Batch 200, Aver_Loss: 127.9794
Epoch 66/200, Batch 300, Aver_Loss: 127.8349
Epoch 66/200, Batch 400, Aver_Loss: 123.1441
[early-stopping] Epoch 66: no improvement (1/20)
Epoch 67/200, Batch 100, Aver_Loss: 130.0144
Epoch 67/200, Batch 200, Aver_Loss: 129.6347
Epoch 67/200, Batch 300, Aver_Loss: 128.8968
Epoch 67/200, Batch 400, Aver_Loss: 126.1242
[early-stopping] Epoch 67: no improvement (2/20)
Epoch 68/200, Batch 100, Aver_Loss: 130.8727
Epoch 68/200, Batch 200, Aver_Loss: 131.4518
Epoch 68/200, Batch 300, Aver_Loss: 131.7123
Epoch 68/200, Batch 400, Aver_Loss: 126.9749
[early-stopping] Epoch 68: no improvement (3/20)
Epoch 69/200, Batch 100, Aver_Loss: 126.6700
Epoch 69/200, Batch 200, Aver_Loss: 124.4769
Epoch 69/200, Batch 300, Aver_Loss: 130.6819
Epoch 69/200, Batch 400, Aver_Loss: 127.3108
[early-stopping] Epoch 69: no improvement (4/20)
Epoch 70/200, Batch 100, Aver_Loss: 129.3080
Epoch 70/200, Batch 200, Aver_Loss: 130.9287
Epoch 70/200, Batch 300, Aver_Loss: 129.6931
Epoch 70/200, Batch 400, Aver_Loss: 127.5931
[early-stopping] Epoch 70: no improvement (5/20)
Epoch 71/200, Batch 100, Aver_Loss: 126.5461
Epoch 71/200, Batch 200, Aver_Loss: 129.5485
Epoch 71/200, Batch 300, Aver_Loss: 127.9748
Epoch 71/200, Batch 400, Aver_Loss: 127.8789
[early-stopping] Epoch 71: new best val ELBO = -129.373352
Epoch 72/200, Batch 100, Aver_Loss: 124.7241
Epoch 72/200, Batch 200, Aver_Loss: 125.8436
Epoch 72/200, Batch 300, Aver_Loss: 130.5240
Epoch 72/200, Batch 400, Aver_Loss: 123.7368
[early-stopping] Epoch 72: no improvement (1/20)
Epoch 73/200, Batch 100, Aver_Loss: 125.5526
Epoch 73/200, Batch 200, Aver_Loss: 130.5263
Epoch 73/200, Batch 300, Aver_Loss: 128.4278
Epoch 73/200, Batch 400, Aver_Loss: 128.3897
[early-stopping] Epoch 73: no improvement (2/20)
Epoch 74/200, Batch 100, Aver_Loss: 129.1579
Epoch 74/200, Batch 200, Aver_Loss: 130.4679
Epoch 74/200, Batch 300, Aver_Loss: 131.8061
Epoch 74/200, Batch 400, Aver_Loss: 126.8763
[early-stopping] Epoch 74: new best val ELBO = -129.364195
Epoch 75/200, Batch 100, Aver_Loss: 131.3491
Epoch 75/200, Batch 200, Aver_Loss: 125.9161
Epoch 75/200, Batch 300, Aver_Loss: 129.0003
Epoch 75/200, Batch 400, Aver_Loss: 129.0021
[early-stopping] Epoch 75: no improvement (1/20)
Epoch 76/200, Batch 100, Aver_Loss: 126.8878
Epoch 76/200, Batch 200, Aver_Loss: 127.4383
Epoch 76/200, Batch 300, Aver_Loss: 129.4375
Epoch 76/200, Batch 400, Aver_Loss: 130.7867
[early-stopping] Epoch 76: new best val ELBO = -129.250154
Epoch 77/200, Batch 100, Aver_Loss: 124.8210
Epoch 77/200, Batch 200, Aver_Loss: 129.0001
Epoch 77/200, Batch 300, Aver_Loss: 127.2292
Epoch 77/200, Batch 400, Aver_Loss: 129.6583
[early-stopping] Epoch 77: new best val ELBO = -129.017392
Epoch 78/200, Batch 100, Aver_Loss: 124.3992
Epoch 78/200, Batch 200, Aver_Loss: 126.4842
Epoch 78/200, Batch 300, Aver_Loss: 127.1128
Epoch 78/200, Batch 400, Aver_Loss: 126.2604
[early-stopping] Epoch 78: new best val ELBO = -128.847464
Epoch 79/200, Batch 100, Aver_Loss: 129.4097
Epoch 79/200, Batch 200, Aver_Loss: 124.9516
Epoch 79/200, Batch 300, Aver_Loss: 131.2254
Epoch 79/200, Batch 400, Aver_Loss: 127.5964
[early-stopping] Epoch 79: no improvement (1/20)
Epoch 80/200, Batch 100, Aver_Loss: 128.9698
Epoch 80/200, Batch 200, Aver_Loss: 130.8128
Epoch 80/200, Batch 300, Aver_Loss: 122.4657
Epoch 80/200, Batch 400, Aver_Loss: 127.3496
[early-stopping] Epoch 80: no improvement (2/20)
Epoch 81/200, Batch 100, Aver_Loss: 124.5420
Epoch 81/200, Batch 200, Aver_Loss: 127.0472
Epoch 81/200, Batch 300, Aver_Loss: 125.1849
Epoch 81/200, Batch 400, Aver_Loss: 124.8157
[early-stopping] Epoch 81: no improvement (3/20)
Epoch 82/200, Batch 100, Aver_Loss: 128.3948
Epoch 82/200, Batch 200, Aver_Loss: 126.1477
Epoch 82/200, Batch 300, Aver_Loss: 129.3306
Epoch 82/200, Batch 400, Aver_Loss: 128.5629
[early-stopping] Epoch 82: no improvement (4/20)
Epoch 83/200, Batch 100, Aver_Loss: 134.0280
Epoch 83/200, Batch 200, Aver_Loss: 127.2608
Epoch 83/200, Batch 300, Aver_Loss: 126.3409
Epoch 83/200, Batch 400, Aver_Loss: 126.0578
[early-stopping] Epoch 83: no improvement (5/20)
Epoch 84/200, Batch 100, Aver_Loss: 123.3246
Epoch 84/200, Batch 200, Aver_Loss: 130.0694
Epoch 84/200, Batch 300, Aver_Loss: 124.8009
Epoch 84/200, Batch 400, Aver_Loss: 126.7749
[early-stopping] Epoch 84: no improvement (6/20)
Epoch 85/200, Batch 100, Aver_Loss: 120.5210
Epoch 85/200, Batch 200, Aver_Loss: 129.3877
Epoch 85/200, Batch 300, Aver_Loss: 129.9837
Epoch 85/200, Batch 400, Aver_Loss: 128.2538
[early-stopping] Epoch 85: no improvement (7/20)
Epoch 86/200, Batch 100, Aver_Loss: 130.5463
Epoch 86/200, Batch 200, Aver_Loss: 124.0803
Epoch 86/200, Batch 300, Aver_Loss: 123.2043
Epoch 86/200, Batch 400, Aver_Loss: 129.9067
[early-stopping] Epoch 86: no improvement (8/20)
Epoch 87/200, Batch 100, Aver_Loss: 127.4268
Epoch 87/200, Batch 200, Aver_Loss: 128.0787
Epoch 87/200, Batch 300, Aver_Loss: 130.9148
Epoch 87/200, Batch 400, Aver_Loss: 126.0646
[early-stopping] Epoch 87: no improvement (9/20)
Epoch 88/200, Batch 100, Aver_Loss: 131.2939
Epoch 88/200, Batch 200, Aver_Loss: 127.3798
Epoch 88/200, Batch 300, Aver_Loss: 128.4092
Epoch 88/200, Batch 400, Aver_Loss: 126.4741
[early-stopping] Epoch 88: no improvement (10/20)
Epoch 89/200, Batch 100, Aver_Loss: 129.7536
Epoch 89/200, Batch 200, Aver_Loss: 127.1819
Epoch 89/200, Batch 300, Aver_Loss: 129.6003
Epoch 89/200, Batch 400, Aver_Loss: 130.6961
[early-stopping] Epoch 89: new best val ELBO = -128.531138
Epoch 90/200, Batch 100, Aver_Loss: 130.6758
Epoch 90/200, Batch 200, Aver_Loss: 125.8095
Epoch 90/200, Batch 300, Aver_Loss: 126.9527
Epoch 90/200, Batch 400, Aver_Loss: 127.8885
[early-stopping] Epoch 90: no improvement (1/20)
Epoch 91/200, Batch 100, Aver_Loss: 129.2709
Epoch 91/200, Batch 200, Aver_Loss: 122.9453
Epoch 91/200, Batch 300, Aver_Loss: 126.0093
Epoch 91/200, Batch 400, Aver_Loss: 125.8297
[early-stopping] Epoch 91: no improvement (2/20)
Epoch 92/200, Batch 100, Aver_Loss: 129.6939
Epoch 92/200, Batch 200, Aver_Loss: 128.3159
Epoch 92/200, Batch 300, Aver_Loss: 126.0448
Epoch 92/200, Batch 400, Aver_Loss: 131.6136
[early-stopping] Epoch 92: no improvement (3/20)
Epoch 93/200, Batch 100, Aver_Loss: 129.6202
Epoch 93/200, Batch 200, Aver_Loss: 132.9593
Epoch 93/200, Batch 300, Aver_Loss: 128.6509
Epoch 93/200, Batch 400, Aver_Loss: 130.5060
[early-stopping] Epoch 93: no improvement (4/20)
Epoch 94/200, Batch 100, Aver_Loss: 126.1880
Epoch 94/200, Batch 200, Aver_Loss: 128.1177
Epoch 94/200, Batch 300, Aver_Loss: 127.3823
Epoch 94/200, Batch 400, Aver_Loss: 129.7666
[early-stopping] Epoch 94: no improvement (5/20)
Epoch 95/200, Batch 100, Aver_Loss: 126.0017
Epoch 95/200, Batch 200, Aver_Loss: 128.9219
Epoch 95/200, Batch 300, Aver_Loss: 124.7454
Epoch 95/200, Batch 400, Aver_Loss: 128.3764
[early-stopping] Epoch 95: no improvement (6/20)
Epoch 96/200, Batch 100, Aver_Loss: 127.5251
Epoch 96/200, Batch 200, Aver_Loss: 125.7842
Epoch 96/200, Batch 300, Aver_Loss: 126.7514
Epoch 96/200, Batch 400, Aver_Loss: 128.1217
[early-stopping] Epoch 96: no improvement (7/20)
Epoch 97/200, Batch 100, Aver_Loss: 128.2958
Epoch 97/200, Batch 200, Aver_Loss: 126.6334
Epoch 97/200, Batch 300, Aver_Loss: 122.0022
Epoch 97/200, Batch 400, Aver_Loss: 125.1115
[early-stopping] Epoch 97: no improvement (8/20)
Epoch 98/200, Batch 100, Aver_Loss: 123.4768
Epoch 98/200, Batch 200, Aver_Loss: 126.1331
Epoch 98/200, Batch 300, Aver_Loss: 129.9196
Epoch 98/200, Batch 400, Aver_Loss: 126.3463
[early-stopping] Epoch 98: no improvement (9/20)
Epoch 99/200, Batch 100, Aver_Loss: 132.0556
Epoch 99/200, Batch 200, Aver_Loss: 126.4009
Epoch 99/200, Batch 300, Aver_Loss: 125.4145
Epoch 99/200, Batch 400, Aver_Loss: 131.9599
[early-stopping] Epoch 99: no improvement (10/20)
Epoch 100/200, Batch 100, Aver_Loss: 123.4326
Epoch 100/200, Batch 200, Aver_Loss: 130.0422
Epoch 100/200, Batch 300, Aver_Loss: 128.8505
Epoch 100/200, Batch 400, Aver_Loss: 127.0105
[early-stopping] Epoch 100: no improvement (11/20)
Epoch 101/200, Batch 100, Aver_Loss: 131.4305
Epoch 101/200, Batch 200, Aver_Loss: 125.4263
Epoch 101/200, Batch 300, Aver_Loss: 122.9505
Epoch 101/200, Batch 400, Aver_Loss: 127.1520
[early-stopping] Epoch 101: no improvement (12/20)
Epoch 102/200, Batch 100, Aver_Loss: 131.8617
Epoch 102/200, Batch 200, Aver_Loss: 122.7334
Epoch 102/200, Batch 300, Aver_Loss: 128.4044
Epoch 102/200, Batch 400, Aver_Loss: 125.4704
[early-stopping] Epoch 102: no improvement (13/20)
Epoch 103/200, Batch 100, Aver_Loss: 134.3908
Epoch 103/200, Batch 200, Aver_Loss: 129.7105
Epoch 103/200, Batch 300, Aver_Loss: 130.2001
Epoch 103/200, Batch 400, Aver_Loss: 123.2990
[early-stopping] Epoch 103: new best val ELBO = -128.478521
Epoch 104/200, Batch 100, Aver_Loss: 129.2912
Epoch 104/200, Batch 200, Aver_Loss: 126.0782
Epoch 104/200, Batch 300, Aver_Loss: 126.0887
Epoch 104/200, Batch 400, Aver_Loss: 129.8489
[early-stopping] Epoch 104: no improvement (1/20)
Epoch 105/200, Batch 100, Aver_Loss: 125.3944
Epoch 105/200, Batch 200, Aver_Loss: 128.1892
Epoch 105/200, Batch 300, Aver_Loss: 130.3061
Epoch 105/200, Batch 400, Aver_Loss: 126.6855
[early-stopping] Epoch 105: no improvement (2/20)
Epoch 106/200, Batch 100, Aver_Loss: 126.1457
Epoch 106/200, Batch 200, Aver_Loss: 126.8710
Epoch 106/200, Batch 300, Aver_Loss: 129.2474
Epoch 106/200, Batch 400, Aver_Loss: 130.0652
[early-stopping] Epoch 106: no improvement (3/20)
Epoch 107/200, Batch 100, Aver_Loss: 127.0174
Epoch 107/200, Batch 200, Aver_Loss: 126.8548
Epoch 107/200, Batch 300, Aver_Loss: 127.4400
Epoch 107/200, Batch 400, Aver_Loss: 121.5063
[early-stopping] Epoch 107: no improvement (4/20)
Epoch 108/200, Batch 100, Aver_Loss: 126.9635
Epoch 108/200, Batch 200, Aver_Loss: 123.2939
Epoch 108/200, Batch 300, Aver_Loss: 132.7016
Epoch 108/200, Batch 400, Aver_Loss: 127.3878
[early-stopping] Epoch 108: no improvement (5/20)
Epoch 109/200, Batch 100, Aver_Loss: 128.5735
Epoch 109/200, Batch 200, Aver_Loss: 125.3176
Epoch 109/200, Batch 300, Aver_Loss: 132.5362
Epoch 109/200, Batch 400, Aver_Loss: 131.4330
[early-stopping] Epoch 109: no improvement (6/20)
Epoch 110/200, Batch 100, Aver_Loss: 125.7834
Epoch 110/200, Batch 200, Aver_Loss: 129.8580
Epoch 110/200, Batch 300, Aver_Loss: 129.7217
Epoch 110/200, Batch 400, Aver_Loss: 123.5095
[early-stopping] Epoch 110: no improvement (7/20)
Epoch 111/200, Batch 100, Aver_Loss: 126.4934
Epoch 111/200, Batch 200, Aver_Loss: 129.9974
Epoch 111/200, Batch 300, Aver_Loss: 128.5341
Epoch 111/200, Batch 400, Aver_Loss: 125.7478
[early-stopping] Epoch 111: new best val ELBO = -128.351334
Epoch 112/200, Batch 100, Aver_Loss: 124.3143
Epoch 112/200, Batch 200, Aver_Loss: 127.5421
Epoch 112/200, Batch 300, Aver_Loss: 123.7983
Epoch 112/200, Batch 400, Aver_Loss: 124.0549
[early-stopping] Epoch 112: new best val ELBO = -128.258651
Epoch 113/200, Batch 100, Aver_Loss: 123.2728
Epoch 113/200, Batch 200, Aver_Loss: 121.2008
Epoch 113/200, Batch 300, Aver_Loss: 129.1525
Epoch 113/200, Batch 400, Aver_Loss: 124.5550
[early-stopping] Epoch 113: no improvement (1/20)
Epoch 114/200, Batch 100, Aver_Loss: 129.9509
Epoch 114/200, Batch 200, Aver_Loss: 127.6669
Epoch 114/200, Batch 300, Aver_Loss: 128.1634
Epoch 114/200, Batch 400, Aver_Loss: 131.2249
[early-stopping] Epoch 114: new best val ELBO = -128.252721
Epoch 115/200, Batch 100, Aver_Loss: 125.5831
Epoch 115/200, Batch 200, Aver_Loss: 128.0642
Epoch 115/200, Batch 300, Aver_Loss: 128.0295
Epoch 115/200, Batch 400, Aver_Loss: 126.8371
[early-stopping] Epoch 115: no improvement (1/20)
Epoch 116/200, Batch 100, Aver_Loss: 123.7957
Epoch 116/200, Batch 200, Aver_Loss: 128.0385
Epoch 116/200, Batch 300, Aver_Loss: 128.1968
Epoch 116/200, Batch 400, Aver_Loss: 124.7868
[early-stopping] Epoch 116: no improvement (2/20)
Epoch 117/200, Batch 100, Aver_Loss: 124.9348
Epoch 117/200, Batch 200, Aver_Loss: 127.1660
Epoch 117/200, Batch 300, Aver_Loss: 131.3188
Epoch 117/200, Batch 400, Aver_Loss: 119.6319
[early-stopping] Epoch 117: no improvement (3/20)
Epoch 118/200, Batch 100, Aver_Loss: 126.8728
Epoch 118/200, Batch 200, Aver_Loss: 127.7700
Epoch 118/200, Batch 300, Aver_Loss: 128.1702
Epoch 118/200, Batch 400, Aver_Loss: 128.7496
[early-stopping] Epoch 118: no improvement (4/20)
Epoch 119/200, Batch 100, Aver_Loss: 131.5687
Epoch 119/200, Batch 200, Aver_Loss: 126.2411
Epoch 119/200, Batch 300, Aver_Loss: 128.3236
Epoch 119/200, Batch 400, Aver_Loss: 126.5409
[early-stopping] Epoch 119: no improvement (5/20)
Epoch 120/200, Batch 100, Aver_Loss: 125.8614
Epoch 120/200, Batch 200, Aver_Loss: 130.3078
Epoch 120/200, Batch 300, Aver_Loss: 124.0651
Epoch 120/200, Batch 400, Aver_Loss: 128.2384
[early-stopping] Epoch 120: no improvement (6/20)
Epoch 121/200, Batch 100, Aver_Loss: 129.7244
Epoch 121/200, Batch 200, Aver_Loss: 126.7317
Epoch 121/200, Batch 300, Aver_Loss: 129.8775
Epoch 121/200, Batch 400, Aver_Loss: 125.2469
[early-stopping] Epoch 121: no improvement (7/20)
Epoch 122/200, Batch 100, Aver_Loss: 124.5571
Epoch 122/200, Batch 200, Aver_Loss: 128.8494
Epoch 122/200, Batch 300, Aver_Loss: 129.8651
Epoch 122/200, Batch 400, Aver_Loss: 127.8474
[early-stopping] Epoch 122: no improvement (8/20)
Epoch 123/200, Batch 100, Aver_Loss: 133.1124
Epoch 123/200, Batch 200, Aver_Loss: 126.2804
Epoch 123/200, Batch 300, Aver_Loss: 124.5732
Epoch 123/200, Batch 400, Aver_Loss: 129.6588
[early-stopping] Epoch 123: new best val ELBO = -128.140906
Epoch 124/200, Batch 100, Aver_Loss: 123.5084
Epoch 124/200, Batch 200, Aver_Loss: 128.2529
Epoch 124/200, Batch 300, Aver_Loss: 125.1727
Epoch 124/200, Batch 400, Aver_Loss: 130.6095
[early-stopping] Epoch 124: no improvement (1/20)
Epoch 125/200, Batch 100, Aver_Loss: 128.5243
Epoch 125/200, Batch 200, Aver_Loss: 123.7518
Epoch 125/200, Batch 300, Aver_Loss: 126.4777
Epoch 125/200, Batch 400, Aver_Loss: 129.7958
[early-stopping] Epoch 125: no improvement (2/20)
Epoch 126/200, Batch 100, Aver_Loss: 127.8022
Epoch 126/200, Batch 200, Aver_Loss: 130.9583
Epoch 126/200, Batch 300, Aver_Loss: 126.4674
Epoch 126/200, Batch 400, Aver_Loss: 122.2292
[early-stopping] Epoch 126: no improvement (3/20)
Epoch 127/200, Batch 100, Aver_Loss: 126.1161
Epoch 127/200, Batch 200, Aver_Loss: 127.1348
Epoch 127/200, Batch 300, Aver_Loss: 124.8424
Epoch 127/200, Batch 400, Aver_Loss: 130.7376
[early-stopping] Epoch 127: no improvement (4/20)
Epoch 128/200, Batch 100, Aver_Loss: 125.8636
Epoch 128/200, Batch 200, Aver_Loss: 127.0393
Epoch 128/200, Batch 300, Aver_Loss: 125.1130
Epoch 128/200, Batch 400, Aver_Loss: 126.5302
[early-stopping] Epoch 128: new best val ELBO = -128.060266
Epoch 129/200, Batch 100, Aver_Loss: 124.1596
Epoch 129/200, Batch 200, Aver_Loss: 128.8537
Epoch 129/200, Batch 300, Aver_Loss: 126.8030
Epoch 129/200, Batch 400, Aver_Loss: 122.5983
[early-stopping] Epoch 129: no improvement (1/20)
Epoch 130/200, Batch 100, Aver_Loss: 124.1687
Epoch 130/200, Batch 200, Aver_Loss: 129.8977
Epoch 130/200, Batch 300, Aver_Loss: 127.0683
Epoch 130/200, Batch 400, Aver_Loss: 127.4657
[early-stopping] Epoch 130: no improvement (2/20)
Epoch 131/200, Batch 100, Aver_Loss: 128.0673
Epoch 131/200, Batch 200, Aver_Loss: 129.2181
Epoch 131/200, Batch 300, Aver_Loss: 130.6436
Epoch 131/200, Batch 400, Aver_Loss: 128.8185
[early-stopping] Epoch 131: no improvement (3/20)
Epoch 132/200, Batch 100, Aver_Loss: 123.3764
Epoch 132/200, Batch 200, Aver_Loss: 128.8361
Epoch 132/200, Batch 300, Aver_Loss: 129.3398
Epoch 132/200, Batch 400, Aver_Loss: 127.0324
[early-stopping] Epoch 132: no improvement (4/20)
Epoch 133/200, Batch 100, Aver_Loss: 131.6886
Epoch 133/200, Batch 200, Aver_Loss: 129.9146
Epoch 133/200, Batch 300, Aver_Loss: 127.6356
Epoch 133/200, Batch 400, Aver_Loss: 128.0162
[early-stopping] Epoch 133: no improvement (5/20)
Epoch 134/200, Batch 100, Aver_Loss: 129.5980
Epoch 134/200, Batch 200, Aver_Loss: 125.7653
Epoch 134/200, Batch 300, Aver_Loss: 127.1064
Epoch 134/200, Batch 400, Aver_Loss: 124.1701
[early-stopping] Epoch 134: no improvement (6/20)
Epoch 135/200, Batch 100, Aver_Loss: 130.9604
Epoch 135/200, Batch 200, Aver_Loss: 125.1147
Epoch 135/200, Batch 300, Aver_Loss: 126.3881
Epoch 135/200, Batch 400, Aver_Loss: 124.3278
[early-stopping] Epoch 135: no improvement (7/20)
Epoch 136/200, Batch 100, Aver_Loss: 126.5590
Epoch 136/200, Batch 200, Aver_Loss: 127.9851
Epoch 136/200, Batch 300, Aver_Loss: 130.5280
Epoch 136/200, Batch 400, Aver_Loss: 126.6696
[early-stopping] Epoch 136: no improvement (8/20)
Epoch 137/200, Batch 100, Aver_Loss: 130.6985
Epoch 137/200, Batch 200, Aver_Loss: 130.9787
Epoch 137/200, Batch 300, Aver_Loss: 126.2124
Epoch 137/200, Batch 400, Aver_Loss: 130.1099
[early-stopping] Epoch 137: no improvement (9/20)
Epoch 138/200, Batch 100, Aver_Loss: 128.8167
Epoch 138/200, Batch 200, Aver_Loss: 126.3477
Epoch 138/200, Batch 300, Aver_Loss: 125.9169
Epoch 138/200, Batch 400, Aver_Loss: 131.2043
[early-stopping] Epoch 138: no improvement (10/20)
Epoch 139/200, Batch 100, Aver_Loss: 124.3640
Epoch 139/200, Batch 200, Aver_Loss: 121.7158
Epoch 139/200, Batch 300, Aver_Loss: 128.2143
Epoch 139/200, Batch 400, Aver_Loss: 122.8868
[early-stopping] Epoch 139: no improvement (11/20)
Epoch 140/200, Batch 100, Aver_Loss: 127.2296
Epoch 140/200, Batch 200, Aver_Loss: 128.6888
Epoch 140/200, Batch 300, Aver_Loss: 129.6285
Epoch 140/200, Batch 400, Aver_Loss: 127.8598
[early-stopping] Epoch 140: new best val ELBO = -128.025772
Epoch 141/200, Batch 100, Aver_Loss: 126.8626
Epoch 141/200, Batch 200, Aver_Loss: 126.5439
Epoch 141/200, Batch 300, Aver_Loss: 128.8142
Epoch 141/200, Batch 400, Aver_Loss: 126.9117
[early-stopping] Epoch 141: no improvement (1/20)
Epoch 142/200, Batch 100, Aver_Loss: 120.4881
Epoch 142/200, Batch 200, Aver_Loss: 127.3907
Epoch 142/200, Batch 300, Aver_Loss: 132.0061
Epoch 142/200, Batch 400, Aver_Loss: 125.9026
[early-stopping] Epoch 142: no improvement (2/20)
Epoch 143/200, Batch 100, Aver_Loss: 127.1929
Epoch 143/200, Batch 200, Aver_Loss: 125.2783
Epoch 143/200, Batch 300, Aver_Loss: 125.9472
Epoch 143/200, Batch 400, Aver_Loss: 128.7888
[early-stopping] Epoch 143: new best val ELBO = -128.019089
Epoch 144/200, Batch 100, Aver_Loss: 131.3604
Epoch 144/200, Batch 200, Aver_Loss: 127.4907
Epoch 144/200, Batch 300, Aver_Loss: 123.8301
Epoch 144/200, Batch 400, Aver_Loss: 128.1211
[early-stopping] Epoch 144: no improvement (1/20)
Epoch 145/200, Batch 100, Aver_Loss: 125.1536
Epoch 145/200, Batch 200, Aver_Loss: 124.8579
Epoch 145/200, Batch 300, Aver_Loss: 130.5304
Epoch 145/200, Batch 400, Aver_Loss: 124.7164
[early-stopping] Epoch 145: no improvement (2/20)
Epoch 146/200, Batch 100, Aver_Loss: 127.3267
Epoch 146/200, Batch 200, Aver_Loss: 130.7371
Epoch 146/200, Batch 300, Aver_Loss: 123.1313
Epoch 146/200, Batch 400, Aver_Loss: 126.9956
[early-stopping] Epoch 146: no improvement (3/20)
Epoch 147/200, Batch 100, Aver_Loss: 125.0459
Epoch 147/200, Batch 200, Aver_Loss: 120.7272
Epoch 147/200, Batch 300, Aver_Loss: 129.4768
Epoch 147/200, Batch 400, Aver_Loss: 124.1444
[early-stopping] Epoch 147: no improvement (4/20)
Epoch 148/200, Batch 100, Aver_Loss: 128.0098
Epoch 148/200, Batch 200, Aver_Loss: 126.3125
Epoch 148/200, Batch 300, Aver_Loss: 127.2159
Epoch 148/200, Batch 400, Aver_Loss: 129.8144
[early-stopping] Epoch 148: new best val ELBO = -128.017534
Epoch 149/200, Batch 100, Aver_Loss: 128.8779
Epoch 149/200, Batch 200, Aver_Loss: 128.4905
Epoch 149/200, Batch 300, Aver_Loss: 126.7603
Epoch 149/200, Batch 400, Aver_Loss: 128.0075
[early-stopping] Epoch 149: no improvement (1/20)
Epoch 150/200, Batch 100, Aver_Loss: 130.4215
Epoch 150/200, Batch 200, Aver_Loss: 125.9564
Epoch 150/200, Batch 300, Aver_Loss: 126.7154
Epoch 150/200, Batch 400, Aver_Loss: 129.2366
[early-stopping] Epoch 150: no improvement (2/20)
Epoch 151/200, Batch 100, Aver_Loss: 126.1599
Epoch 151/200, Batch 200, Aver_Loss: 130.6676
Epoch 151/200, Batch 300, Aver_Loss: 124.8413
Epoch 151/200, Batch 400, Aver_Loss: 126.0207
[early-stopping] Epoch 151: no improvement (3/20)
Epoch 152/200, Batch 100, Aver_Loss: 128.2206
Epoch 152/200, Batch 200, Aver_Loss: 123.3932
Epoch 152/200, Batch 300, Aver_Loss: 129.9940
Epoch 152/200, Batch 400, Aver_Loss: 121.5325
[early-stopping] Epoch 152: no improvement (4/20)
Epoch 153/200, Batch 100, Aver_Loss: 126.2715
Epoch 153/200, Batch 200, Aver_Loss: 128.9987
Epoch 153/200, Batch 300, Aver_Loss: 121.3867
Epoch 153/200, Batch 400, Aver_Loss: 123.1858
[early-stopping] Epoch 153: no improvement (5/20)
Epoch 154/200, Batch 100, Aver_Loss: 129.1042
Epoch 154/200, Batch 200, Aver_Loss: 125.7314
Epoch 154/200, Batch 300, Aver_Loss: 124.3158
Epoch 154/200, Batch 400, Aver_Loss: 126.4533
[early-stopping] Epoch 154: new best val ELBO = -127.763577
Epoch 155/200, Batch 100, Aver_Loss: 127.4978
Epoch 155/200, Batch 200, Aver_Loss: 125.1311
Epoch 155/200, Batch 300, Aver_Loss: 127.2717
Epoch 155/200, Batch 400, Aver_Loss: 124.7607
[early-stopping] Epoch 155: no improvement (1/20)
Epoch 156/200, Batch 100, Aver_Loss: 125.7045
Epoch 156/200, Batch 200, Aver_Loss: 130.2588
Epoch 156/200, Batch 300, Aver_Loss: 133.6101
Epoch 156/200, Batch 400, Aver_Loss: 133.0789
[early-stopping] Epoch 156: no improvement (2/20)
Epoch 157/200, Batch 100, Aver_Loss: 128.8454
Epoch 157/200, Batch 200, Aver_Loss: 127.1950
Epoch 157/200, Batch 300, Aver_Loss: 124.2836
Epoch 157/200, Batch 400, Aver_Loss: 126.6920
[early-stopping] Epoch 157: no improvement (3/20)
Epoch 158/200, Batch 100, Aver_Loss: 128.4740
Epoch 158/200, Batch 200, Aver_Loss: 125.7249
Epoch 158/200, Batch 300, Aver_Loss: 124.9168
Epoch 158/200, Batch 400, Aver_Loss: 126.5210
[early-stopping] Epoch 158: no improvement (4/20)
Epoch 159/200, Batch 100, Aver_Loss: 128.0544
Epoch 159/200, Batch 200, Aver_Loss: 129.5264
Epoch 159/200, Batch 300, Aver_Loss: 131.0992
Epoch 159/200, Batch 400, Aver_Loss: 125.5884
[early-stopping] Epoch 159: no improvement (5/20)
Epoch 160/200, Batch 100, Aver_Loss: 127.7011
Epoch 160/200, Batch 200, Aver_Loss: 125.3873
Epoch 160/200, Batch 300, Aver_Loss: 125.1274
Epoch 160/200, Batch 400, Aver_Loss: 129.0388
[early-stopping] Epoch 160: no improvement (6/20)
Epoch 161/200, Batch 100, Aver_Loss: 130.2562
Epoch 161/200, Batch 200, Aver_Loss: 126.8404
Epoch 161/200, Batch 300, Aver_Loss: 127.7745
Epoch 161/200, Batch 400, Aver_Loss: 121.6220
[early-stopping] Epoch 161: no improvement (7/20)
Epoch 162/200, Batch 100, Aver_Loss: 131.2382
Epoch 162/200, Batch 200, Aver_Loss: 130.5347
Epoch 162/200, Batch 300, Aver_Loss: 129.4463
Epoch 162/200, Batch 400, Aver_Loss: 126.6059
[early-stopping] Epoch 162: no improvement (8/20)
Epoch 163/200, Batch 100, Aver_Loss: 122.9599
Epoch 163/200, Batch 200, Aver_Loss: 124.1689
Epoch 163/200, Batch 300, Aver_Loss: 126.6601
Epoch 163/200, Batch 400, Aver_Loss: 131.2435
[early-stopping] Epoch 163: no improvement (9/20)
Epoch 164/200, Batch 100, Aver_Loss: 125.6048
Epoch 164/200, Batch 200, Aver_Loss: 125.7082
Epoch 164/200, Batch 300, Aver_Loss: 130.4647
Epoch 164/200, Batch 400, Aver_Loss: 120.0130
[early-stopping] Epoch 164: no improvement (10/20)
Epoch 165/200, Batch 100, Aver_Loss: 132.4224
Epoch 165/200, Batch 200, Aver_Loss: 127.2790
Epoch 165/200, Batch 300, Aver_Loss: 121.5716
Epoch 165/200, Batch 400, Aver_Loss: 126.2572
[early-stopping] Epoch 165: no improvement (11/20)
Epoch 166/200, Batch 100, Aver_Loss: 125.3771
Epoch 166/200, Batch 200, Aver_Loss: 126.5044
Epoch 166/200, Batch 300, Aver_Loss: 126.1922
Epoch 166/200, Batch 400, Aver_Loss: 125.6304
[early-stopping] Epoch 166: no improvement (12/20)
Epoch 167/200, Batch 100, Aver_Loss: 130.9329
Epoch 167/200, Batch 200, Aver_Loss: 126.7796
Epoch 167/200, Batch 300, Aver_Loss: 123.2156
Epoch 167/200, Batch 400, Aver_Loss: 131.6046
[early-stopping] Epoch 167: no improvement (13/20)
Epoch 168/200, Batch 100, Aver_Loss: 126.9348
Epoch 168/200, Batch 200, Aver_Loss: 125.2526
Epoch 168/200, Batch 300, Aver_Loss: 127.4276
Epoch 168/200, Batch 400, Aver_Loss: 124.3959
[early-stopping] Epoch 168: no improvement (14/20)
Epoch 169/200, Batch 100, Aver_Loss: 125.7243
Epoch 169/200, Batch 200, Aver_Loss: 127.6860
Epoch 169/200, Batch 300, Aver_Loss: 126.9433
Epoch 169/200, Batch 400, Aver_Loss: 129.5346
[early-stopping] Epoch 169: no improvement (15/20)
Epoch 170/200, Batch 100, Aver_Loss: 125.9379
Epoch 170/200, Batch 200, Aver_Loss: 126.3906
Epoch 170/200, Batch 300, Aver_Loss: 125.4591
Epoch 170/200, Batch 400, Aver_Loss: 125.5358
[early-stopping] Epoch 170: no improvement (16/20)
Epoch 171/200, Batch 100, Aver_Loss: 129.9984
Epoch 171/200, Batch 200, Aver_Loss: 130.4069
Epoch 171/200, Batch 300, Aver_Loss: 127.3368
Epoch 171/200, Batch 400, Aver_Loss: 123.9057
[early-stopping] Epoch 171: no improvement (17/20)
Epoch 172/200, Batch 100, Aver_Loss: 124.5325
Epoch 172/200, Batch 200, Aver_Loss: 126.5058
Epoch 172/200, Batch 300, Aver_Loss: 123.1583
Epoch 172/200, Batch 400, Aver_Loss: 126.0562
[early-stopping] Epoch 172: no improvement (18/20)
Epoch 173/200, Batch 100, Aver_Loss: 128.8224
Epoch 173/200, Batch 200, Aver_Loss: 128.5029
Epoch 173/200, Batch 300, Aver_Loss: 127.0280
Epoch 173/200, Batch 400, Aver_Loss: 123.4502
[early-stopping] Epoch 173: no improvement (19/20)
Epoch 174/200, Batch 100, Aver_Loss: 130.3973
Epoch 174/200, Batch 200, Aver_Loss: 124.8262
Epoch 174/200, Batch 300, Aver_Loss: 126.4480
Epoch 174/200, Batch 400, Aver_Loss: 127.8556
[early-stopping] Epoch 174: no improvement (20/20)
[early-stopping] Patience reached. Stopping at epoch 174. Best epoch: 154, best val ELBO: -127.763577
[early-stopping] Loaded best model from epoch 154 (val ELBO = -127.763577)
[checkpoint] Saved best model to: trained_parameters/mnist_rotated_zdim512_MVAE.pkl
[saved curves] ./results/MNIST_ROTATED/curves/mnist_rotated_mvae_d512_s777.json

==== Evaluation Summary ====
                 model: mvae
   recon/mse_per_pixel: 0.014305
            elbo/train: -126.599787
             elbo/test: -127.784966
             mse/train: 0.013885
              mse/test: 0.014305
             probe/acc: 0.692984
             probe/nll: 0.946768
           probe/brier: 0.428845
             probe/ece: 0.068645
           cluster/nmi: 0.104279
           cluster/ari: 0.055925
============================

