/usr/bin/which: no fi_info in (/arf/home/meyavuz/.local/bin:/arf/sw/comp/python/intelpython3/condabin:/arf/sw/comp/python/intelpython3/bin:/usr/share/Modules/bin:/usr/local/bin:/usr/bin:/usr/local/sbin:/usr/sbin)
Extension for Scikit-learn* enabled (https://github.com/uxlfoundation/scikit-learn-intelex)
/arf/home/meyavuz/.conda/envs/sbn/lib/python3.9/site-packages/sklearn/linear_model/_logistic.py:1247: FutureWarning: 'multi_class' was deprecated in version 1.5 and will be removed in 1.7. From then on, it will always use 'multinomial'. Leave it to its default value to avoid this warning.
  warnings.warn(
Epoch 1/200, Batch 100, Aver_Loss: 497.3396
Epoch 1/200, Batch 200, Aver_Loss: 500.6598
Epoch 1/200, Batch 300, Aver_Loss: 504.4778
Epoch 1/200, Batch 400, Aver_Loss: 489.2367
[early-stopping] Epoch 1: new best val ELBO = -494.004256
Epoch 2/200, Batch 100, Aver_Loss: 495.0772
Epoch 2/200, Batch 200, Aver_Loss: 489.3115
Epoch 2/200, Batch 300, Aver_Loss: 494.0458
Epoch 2/200, Batch 400, Aver_Loss: 498.1945
[early-stopping] Epoch 2: new best val ELBO = -492.769263
Epoch 3/200, Batch 100, Aver_Loss: 485.6860
Epoch 3/200, Batch 200, Aver_Loss: 498.7327
Epoch 3/200, Batch 300, Aver_Loss: 498.8720
Epoch 3/200, Batch 400, Aver_Loss: 489.4837
[early-stopping] Epoch 3: new best val ELBO = -491.722739
Epoch 4/200, Batch 100, Aver_Loss: 491.9856
Epoch 4/200, Batch 200, Aver_Loss: 495.3207
Epoch 4/200, Batch 300, Aver_Loss: 488.4447
Epoch 4/200, Batch 400, Aver_Loss: 488.2216
[early-stopping] Epoch 4: no improvement (1/20)
Epoch 5/200, Batch 100, Aver_Loss: 486.2624
Epoch 5/200, Batch 200, Aver_Loss: 492.3308
Epoch 5/200, Batch 300, Aver_Loss: 486.5344
Epoch 5/200, Batch 400, Aver_Loss: 499.8522
[early-stopping] Epoch 5: new best val ELBO = -491.196460
Epoch 6/200, Batch 100, Aver_Loss: 491.3770
Epoch 6/200, Batch 200, Aver_Loss: 491.7375
Epoch 6/200, Batch 300, Aver_Loss: 490.2374
Epoch 6/200, Batch 400, Aver_Loss: 489.2592
[early-stopping] Epoch 6: new best val ELBO = -491.079348
Epoch 7/200, Batch 100, Aver_Loss: 485.1624
Epoch 7/200, Batch 200, Aver_Loss: 480.6684
Epoch 7/200, Batch 300, Aver_Loss: 488.4200
Epoch 7/200, Batch 400, Aver_Loss: 496.8548
[early-stopping] Epoch 7: new best val ELBO = -490.802499
Epoch 8/200, Batch 100, Aver_Loss: 490.1147
Epoch 8/200, Batch 200, Aver_Loss: 489.9186
Epoch 8/200, Batch 300, Aver_Loss: 493.2437
Epoch 8/200, Batch 400, Aver_Loss: 497.0776
[early-stopping] Epoch 8: new best val ELBO = -490.692962
Epoch 9/200, Batch 100, Aver_Loss: 486.6346
Epoch 9/200, Batch 200, Aver_Loss: 489.8017
Epoch 9/200, Batch 300, Aver_Loss: 491.7030
Epoch 9/200, Batch 400, Aver_Loss: 496.5690
[early-stopping] Epoch 9: no improvement (1/20)
Epoch 10/200, Batch 100, Aver_Loss: 500.0290
Epoch 10/200, Batch 200, Aver_Loss: 500.8708
Epoch 10/200, Batch 300, Aver_Loss: 492.6691
Epoch 10/200, Batch 400, Aver_Loss: 485.9695
[early-stopping] Epoch 10: no improvement (2/20)
Epoch 11/200, Batch 100, Aver_Loss: 495.1497
Epoch 11/200, Batch 200, Aver_Loss: 492.5153
Epoch 11/200, Batch 300, Aver_Loss: 492.1512
Epoch 11/200, Batch 400, Aver_Loss: 493.8471
[early-stopping] Epoch 11: no improvement (3/20)
Epoch 12/200, Batch 100, Aver_Loss: 479.1044
Epoch 12/200, Batch 200, Aver_Loss: 489.4034
Epoch 12/200, Batch 300, Aver_Loss: 497.7502
Epoch 12/200, Batch 400, Aver_Loss: 491.3332
[early-stopping] Epoch 12: new best val ELBO = -490.461504
Epoch 13/200, Batch 100, Aver_Loss: 494.8146
Epoch 13/200, Batch 200, Aver_Loss: 490.7525
Epoch 13/200, Batch 300, Aver_Loss: 483.3249
Epoch 13/200, Batch 400, Aver_Loss: 491.6396
[early-stopping] Epoch 13: no improvement (1/20)
Epoch 14/200, Batch 100, Aver_Loss: 486.9018
Epoch 14/200, Batch 200, Aver_Loss: 491.9424
Epoch 14/200, Batch 300, Aver_Loss: 494.1888
Epoch 14/200, Batch 400, Aver_Loss: 492.6071
[early-stopping] Epoch 14: new best val ELBO = -490.179222
Epoch 15/200, Batch 100, Aver_Loss: 481.7816
Epoch 15/200, Batch 200, Aver_Loss: 500.4277
Epoch 15/200, Batch 300, Aver_Loss: 494.4783
Epoch 15/200, Batch 400, Aver_Loss: 486.7962
[early-stopping] Epoch 15: no improvement (1/20)
Epoch 16/200, Batch 100, Aver_Loss: 491.0951
Epoch 16/200, Batch 200, Aver_Loss: 496.2727
Epoch 16/200, Batch 300, Aver_Loss: 493.1405
Epoch 16/200, Batch 400, Aver_Loss: 490.2589
[early-stopping] Epoch 16: no improvement (2/20)
Epoch 17/200, Batch 100, Aver_Loss: 500.6094
Epoch 17/200, Batch 200, Aver_Loss: 490.6279
Epoch 17/200, Batch 300, Aver_Loss: 493.8023
Epoch 17/200, Batch 400, Aver_Loss: 491.0515
[early-stopping] Epoch 17: no improvement (3/20)
Epoch 18/200, Batch 100, Aver_Loss: 486.6776
Epoch 18/200, Batch 200, Aver_Loss: 493.8032
Epoch 18/200, Batch 300, Aver_Loss: 492.7329
Epoch 18/200, Batch 400, Aver_Loss: 493.7419
[early-stopping] Epoch 18: new best val ELBO = -489.939418
Epoch 19/200, Batch 100, Aver_Loss: 490.9807
Epoch 19/200, Batch 200, Aver_Loss: 492.9942
Epoch 19/200, Batch 300, Aver_Loss: 498.8456
Epoch 19/200, Batch 400, Aver_Loss: 479.2142
[early-stopping] Epoch 19: no improvement (1/20)
Epoch 20/200, Batch 100, Aver_Loss: 479.2254
Epoch 20/200, Batch 200, Aver_Loss: 494.4749
Epoch 20/200, Batch 300, Aver_Loss: 488.6214
Epoch 20/200, Batch 400, Aver_Loss: 485.0131
[early-stopping] Epoch 20: no improvement (2/20)
Epoch 21/200, Batch 100, Aver_Loss: 497.0123
Epoch 21/200, Batch 200, Aver_Loss: 487.6372
Epoch 21/200, Batch 300, Aver_Loss: 490.5776
Epoch 21/200, Batch 400, Aver_Loss: 493.3595
[early-stopping] Epoch 21: new best val ELBO = -489.870502
Epoch 22/200, Batch 100, Aver_Loss: 484.7372
Epoch 22/200, Batch 200, Aver_Loss: 493.2263
Epoch 22/200, Batch 300, Aver_Loss: 492.6329
Epoch 22/200, Batch 400, Aver_Loss: 490.9043
[early-stopping] Epoch 22: no improvement (1/20)
Epoch 23/200, Batch 100, Aver_Loss: 490.7309
Epoch 23/200, Batch 200, Aver_Loss: 489.2710
Epoch 23/200, Batch 300, Aver_Loss: 492.7382
Epoch 23/200, Batch 400, Aver_Loss: 501.3301
[early-stopping] Epoch 23: no improvement (2/20)
Epoch 24/200, Batch 100, Aver_Loss: 477.4603
Epoch 24/200, Batch 200, Aver_Loss: 484.7733
Epoch 24/200, Batch 300, Aver_Loss: 500.1982
Epoch 24/200, Batch 400, Aver_Loss: 484.5760
[early-stopping] Epoch 24: new best val ELBO = -489.867540
Epoch 25/200, Batch 100, Aver_Loss: 481.0830
Epoch 25/200, Batch 200, Aver_Loss: 494.0475
Epoch 25/200, Batch 300, Aver_Loss: 490.8544
Epoch 25/200, Batch 400, Aver_Loss: 489.5318
[early-stopping] Epoch 25: no improvement (1/20)
Epoch 26/200, Batch 100, Aver_Loss: 490.3287
Epoch 26/200, Batch 200, Aver_Loss: 490.7374
Epoch 26/200, Batch 300, Aver_Loss: 492.4910
Epoch 26/200, Batch 400, Aver_Loss: 496.5601
[early-stopping] Epoch 26: no improvement (2/20)
Epoch 27/200, Batch 100, Aver_Loss: 487.3689
Epoch 27/200, Batch 200, Aver_Loss: 491.7680
Epoch 27/200, Batch 300, Aver_Loss: 497.1204
Epoch 27/200, Batch 400, Aver_Loss: 488.7800
[early-stopping] Epoch 27: new best val ELBO = -489.722425
Epoch 28/200, Batch 100, Aver_Loss: 485.9777
Epoch 28/200, Batch 200, Aver_Loss: 491.7074
Epoch 28/200, Batch 300, Aver_Loss: 492.7130
Epoch 28/200, Batch 400, Aver_Loss: 469.4853
[early-stopping] Epoch 28: new best val ELBO = -489.568789
Epoch 29/200, Batch 100, Aver_Loss: 489.5455
Epoch 29/200, Batch 200, Aver_Loss: 496.7481
Epoch 29/200, Batch 300, Aver_Loss: 473.6608
Epoch 29/200, Batch 400, Aver_Loss: 486.0437
[early-stopping] Epoch 29: no improvement (1/20)
Epoch 30/200, Batch 100, Aver_Loss: 488.6512
Epoch 30/200, Batch 200, Aver_Loss: 488.6993
Epoch 30/200, Batch 300, Aver_Loss: 489.5565
Epoch 30/200, Batch 400, Aver_Loss: 492.3481
[early-stopping] Epoch 30: new best val ELBO = -489.488132
Epoch 31/200, Batch 100, Aver_Loss: 482.0099
Epoch 31/200, Batch 200, Aver_Loss: 500.7487
Epoch 31/200, Batch 300, Aver_Loss: 488.6145
Epoch 31/200, Batch 400, Aver_Loss: 484.2194
[early-stopping] Epoch 31: no improvement (1/20)
Epoch 32/200, Batch 100, Aver_Loss: 485.6071
Epoch 32/200, Batch 200, Aver_Loss: 486.8463
Epoch 32/200, Batch 300, Aver_Loss: 492.1351
Epoch 32/200, Batch 400, Aver_Loss: 488.6626
[early-stopping] Epoch 32: no improvement (2/20)
Epoch 33/200, Batch 100, Aver_Loss: 489.9607
Epoch 33/200, Batch 200, Aver_Loss: 485.7255
Epoch 33/200, Batch 300, Aver_Loss: 490.2767
Epoch 33/200, Batch 400, Aver_Loss: 487.1037
[early-stopping] Epoch 33: no improvement (3/20)
Epoch 34/200, Batch 100, Aver_Loss: 495.0725
Epoch 34/200, Batch 200, Aver_Loss: 488.4536
Epoch 34/200, Batch 300, Aver_Loss: 492.3240
Epoch 34/200, Batch 400, Aver_Loss: 487.2246
[early-stopping] Epoch 34: no improvement (4/20)
Epoch 35/200, Batch 100, Aver_Loss: 492.7695
Epoch 35/200, Batch 200, Aver_Loss: 487.4143
Epoch 35/200, Batch 300, Aver_Loss: 492.8180
Epoch 35/200, Batch 400, Aver_Loss: 495.6652
[early-stopping] Epoch 35: no improvement (5/20)
Epoch 36/200, Batch 100, Aver_Loss: 487.4716
Epoch 36/200, Batch 200, Aver_Loss: 493.9911
Epoch 36/200, Batch 300, Aver_Loss: 483.8828
Epoch 36/200, Batch 400, Aver_Loss: 484.1265
[early-stopping] Epoch 36: no improvement (6/20)
Epoch 37/200, Batch 100, Aver_Loss: 490.9571
Epoch 37/200, Batch 200, Aver_Loss: 487.6106
Epoch 37/200, Batch 300, Aver_Loss: 489.0778
Epoch 37/200, Batch 400, Aver_Loss: 491.5560
[early-stopping] Epoch 37: no improvement (7/20)
Epoch 38/200, Batch 100, Aver_Loss: 491.2083
Epoch 38/200, Batch 200, Aver_Loss: 488.7539
Epoch 38/200, Batch 300, Aver_Loss: 489.5399
Epoch 38/200, Batch 400, Aver_Loss: 483.7079
[early-stopping] Epoch 38: new best val ELBO = -489.409053
Epoch 39/200, Batch 100, Aver_Loss: 487.8108
Epoch 39/200, Batch 200, Aver_Loss: 481.6114
Epoch 39/200, Batch 300, Aver_Loss: 498.0769
Epoch 39/200, Batch 400, Aver_Loss: 494.5479
[early-stopping] Epoch 39: no improvement (1/20)
Epoch 40/200, Batch 100, Aver_Loss: 494.3280
Epoch 40/200, Batch 200, Aver_Loss: 489.3680
Epoch 40/200, Batch 300, Aver_Loss: 489.1799
Epoch 40/200, Batch 400, Aver_Loss: 485.7926
[early-stopping] Epoch 40: no improvement (2/20)
Epoch 41/200, Batch 100, Aver_Loss: 501.0453
Epoch 41/200, Batch 200, Aver_Loss: 484.6045
Epoch 41/200, Batch 300, Aver_Loss: 483.3991
Epoch 41/200, Batch 400, Aver_Loss: 483.5084
[early-stopping] Epoch 41: new best val ELBO = -489.343170
Epoch 42/200, Batch 100, Aver_Loss: 488.3125
Epoch 42/200, Batch 200, Aver_Loss: 493.7089
Epoch 42/200, Batch 300, Aver_Loss: 493.5508
Epoch 42/200, Batch 400, Aver_Loss: 491.5069
[early-stopping] Epoch 42: new best val ELBO = -489.323504
Epoch 43/200, Batch 100, Aver_Loss: 487.2918
Epoch 43/200, Batch 200, Aver_Loss: 483.7474
Epoch 43/200, Batch 300, Aver_Loss: 487.7368
Epoch 43/200, Batch 400, Aver_Loss: 485.4803
[early-stopping] Epoch 43: no improvement (1/20)
Epoch 44/200, Batch 100, Aver_Loss: 484.5577
Epoch 44/200, Batch 200, Aver_Loss: 487.8016
Epoch 44/200, Batch 300, Aver_Loss: 501.0246
Epoch 44/200, Batch 400, Aver_Loss: 490.9248
[early-stopping] Epoch 44: no improvement (2/20)
Epoch 45/200, Batch 100, Aver_Loss: 492.1055
Epoch 45/200, Batch 200, Aver_Loss: 493.6974
Epoch 45/200, Batch 300, Aver_Loss: 491.0495
Epoch 45/200, Batch 400, Aver_Loss: 485.8772
[early-stopping] Epoch 45: new best val ELBO = -489.116161
Epoch 46/200, Batch 100, Aver_Loss: 491.2466
Epoch 46/200, Batch 200, Aver_Loss: 479.7922
Epoch 46/200, Batch 300, Aver_Loss: 482.9864
Epoch 46/200, Batch 400, Aver_Loss: 482.5478
[early-stopping] Epoch 46: no improvement (1/20)
Epoch 47/200, Batch 100, Aver_Loss: 490.9407
Epoch 47/200, Batch 200, Aver_Loss: 482.9757
Epoch 47/200, Batch 300, Aver_Loss: 491.9607
Epoch 47/200, Batch 400, Aver_Loss: 486.9669
[early-stopping] Epoch 47: no improvement (2/20)
Epoch 48/200, Batch 100, Aver_Loss: 485.8480
Epoch 48/200, Batch 200, Aver_Loss: 486.6063
Epoch 48/200, Batch 300, Aver_Loss: 492.9368
Epoch 48/200, Batch 400, Aver_Loss: 479.5220
[early-stopping] Epoch 48: no improvement (3/20)
Epoch 49/200, Batch 100, Aver_Loss: 484.1212
Epoch 49/200, Batch 200, Aver_Loss: 487.9706
Epoch 49/200, Batch 300, Aver_Loss: 493.3140
Epoch 49/200, Batch 400, Aver_Loss: 485.9984
[early-stopping] Epoch 49: no improvement (4/20)
Epoch 50/200, Batch 100, Aver_Loss: 488.9120
Epoch 50/200, Batch 200, Aver_Loss: 484.6523
Epoch 50/200, Batch 300, Aver_Loss: 479.6808
Epoch 50/200, Batch 400, Aver_Loss: 491.5109
[early-stopping] Epoch 50: no improvement (5/20)
Epoch 51/200, Batch 100, Aver_Loss: 487.7508
Epoch 51/200, Batch 200, Aver_Loss: 474.7050
Epoch 51/200, Batch 300, Aver_Loss: 491.8365
Epoch 51/200, Batch 400, Aver_Loss: 485.5345
[early-stopping] Epoch 51: no improvement (6/20)
Epoch 52/200, Batch 100, Aver_Loss: 480.4421
Epoch 52/200, Batch 200, Aver_Loss: 489.8035
Epoch 52/200, Batch 300, Aver_Loss: 485.8925
Epoch 52/200, Batch 400, Aver_Loss: 490.2418
[early-stopping] Epoch 52: no improvement (7/20)
Epoch 53/200, Batch 100, Aver_Loss: 486.1496
Epoch 53/200, Batch 200, Aver_Loss: 485.0158
Epoch 53/200, Batch 300, Aver_Loss: 491.4325
Epoch 53/200, Batch 400, Aver_Loss: 489.9427
[early-stopping] Epoch 53: new best val ELBO = -489.071980
Epoch 54/200, Batch 100, Aver_Loss: 488.0038
Epoch 54/200, Batch 200, Aver_Loss: 491.1371
Epoch 54/200, Batch 300, Aver_Loss: 486.1625
Epoch 54/200, Batch 400, Aver_Loss: 491.3200
[early-stopping] Epoch 54: no improvement (1/20)
Epoch 55/200, Batch 100, Aver_Loss: 484.3958
Epoch 55/200, Batch 200, Aver_Loss: 487.5995
Epoch 55/200, Batch 300, Aver_Loss: 493.8767
Epoch 55/200, Batch 400, Aver_Loss: 486.0327
[early-stopping] Epoch 55: no improvement (2/20)
Epoch 56/200, Batch 100, Aver_Loss: 490.0631
Epoch 56/200, Batch 200, Aver_Loss: 483.5578
Epoch 56/200, Batch 300, Aver_Loss: 488.6153
Epoch 56/200, Batch 400, Aver_Loss: 487.2527
[early-stopping] Epoch 56: no improvement (3/20)
Epoch 57/200, Batch 100, Aver_Loss: 493.0719
Epoch 57/200, Batch 200, Aver_Loss: 487.4288
Epoch 57/200, Batch 300, Aver_Loss: 481.8063
Epoch 57/200, Batch 400, Aver_Loss: 487.5317
[early-stopping] Epoch 57: new best val ELBO = -489.056771
Epoch 58/200, Batch 100, Aver_Loss: 491.9820
Epoch 58/200, Batch 200, Aver_Loss: 486.7362
Epoch 58/200, Batch 300, Aver_Loss: 487.6243
Epoch 58/200, Batch 400, Aver_Loss: 490.7246
[early-stopping] Epoch 58: no improvement (1/20)
Epoch 59/200, Batch 100, Aver_Loss: 487.8502
Epoch 59/200, Batch 200, Aver_Loss: 487.2632
Epoch 59/200, Batch 300, Aver_Loss: 488.2841
Epoch 59/200, Batch 400, Aver_Loss: 490.6330
[early-stopping] Epoch 59: no improvement (2/20)
Epoch 60/200, Batch 100, Aver_Loss: 492.2415
Epoch 60/200, Batch 200, Aver_Loss: 485.2057
Epoch 60/200, Batch 300, Aver_Loss: 490.5023
Epoch 60/200, Batch 400, Aver_Loss: 487.1634
[early-stopping] Epoch 60: no improvement (3/20)
Epoch 61/200, Batch 100, Aver_Loss: 489.7401
Epoch 61/200, Batch 200, Aver_Loss: 481.2944
Epoch 61/200, Batch 300, Aver_Loss: 497.2708
Epoch 61/200, Batch 400, Aver_Loss: 495.8396
[early-stopping] Epoch 61: no improvement (4/20)
Epoch 62/200, Batch 100, Aver_Loss: 486.6458
Epoch 62/200, Batch 200, Aver_Loss: 488.6685
Epoch 62/200, Batch 300, Aver_Loss: 496.5201
Epoch 62/200, Batch 400, Aver_Loss: 498.1267
[early-stopping] Epoch 62: no improvement (5/20)
Epoch 63/200, Batch 100, Aver_Loss: 484.9547
Epoch 63/200, Batch 200, Aver_Loss: 490.5314
Epoch 63/200, Batch 300, Aver_Loss: 483.9889
Epoch 63/200, Batch 400, Aver_Loss: 489.5666
[early-stopping] Epoch 63: no improvement (6/20)
Epoch 64/200, Batch 100, Aver_Loss: 488.6791
Epoch 64/200, Batch 200, Aver_Loss: 489.9440
Epoch 64/200, Batch 300, Aver_Loss: 484.7451
Epoch 64/200, Batch 400, Aver_Loss: 484.9574
[early-stopping] Epoch 64: no improvement (7/20)
Epoch 65/200, Batch 100, Aver_Loss: 492.2801
Epoch 65/200, Batch 200, Aver_Loss: 489.7178
Epoch 65/200, Batch 300, Aver_Loss: 489.5643
Epoch 65/200, Batch 400, Aver_Loss: 486.1806
[early-stopping] Epoch 65: no improvement (8/20)
Epoch 66/200, Batch 100, Aver_Loss: 483.6286
Epoch 66/200, Batch 200, Aver_Loss: 486.5359
Epoch 66/200, Batch 300, Aver_Loss: 485.1335
Epoch 66/200, Batch 400, Aver_Loss: 491.7222
[early-stopping] Epoch 66: new best val ELBO = -489.047951
Epoch 67/200, Batch 100, Aver_Loss: 474.2456
Epoch 67/200, Batch 200, Aver_Loss: 489.6000
Epoch 67/200, Batch 300, Aver_Loss: 492.5391
Epoch 67/200, Batch 400, Aver_Loss: 494.7044
[early-stopping] Epoch 67: new best val ELBO = -488.977400
Epoch 68/200, Batch 100, Aver_Loss: 492.8951
Epoch 68/200, Batch 200, Aver_Loss: 489.7655
Epoch 68/200, Batch 300, Aver_Loss: 496.1300
Epoch 68/200, Batch 400, Aver_Loss: 486.8057
[early-stopping] Epoch 68: no improvement (1/20)
Epoch 69/200, Batch 100, Aver_Loss: 495.6899
Epoch 69/200, Batch 200, Aver_Loss: 489.8676
Epoch 69/200, Batch 300, Aver_Loss: 498.3431
Epoch 69/200, Batch 400, Aver_Loss: 488.8246
[early-stopping] Epoch 69: no improvement (2/20)
Epoch 70/200, Batch 100, Aver_Loss: 492.8427
Epoch 70/200, Batch 200, Aver_Loss: 493.9407
Epoch 70/200, Batch 300, Aver_Loss: 483.1208
Epoch 70/200, Batch 400, Aver_Loss: 482.3880
[early-stopping] Epoch 70: no improvement (3/20)
Epoch 71/200, Batch 100, Aver_Loss: 486.9262
Epoch 71/200, Batch 200, Aver_Loss: 488.4586
Epoch 71/200, Batch 300, Aver_Loss: 491.0262
Epoch 71/200, Batch 400, Aver_Loss: 486.8829
[early-stopping] Epoch 71: no improvement (4/20)
Epoch 72/200, Batch 100, Aver_Loss: 487.5136
Epoch 72/200, Batch 200, Aver_Loss: 495.9409
Epoch 72/200, Batch 300, Aver_Loss: 501.1244
Epoch 72/200, Batch 400, Aver_Loss: 488.4726
[early-stopping] Epoch 72: no improvement (5/20)
Epoch 73/200, Batch 100, Aver_Loss: 488.9552
Epoch 73/200, Batch 200, Aver_Loss: 488.0604
Epoch 73/200, Batch 300, Aver_Loss: 488.0027
Epoch 73/200, Batch 400, Aver_Loss: 493.9842
[early-stopping] Epoch 73: no improvement (6/20)
Epoch 74/200, Batch 100, Aver_Loss: 488.9113
Epoch 74/200, Batch 200, Aver_Loss: 489.2758
Epoch 74/200, Batch 300, Aver_Loss: 478.8257
Epoch 74/200, Batch 400, Aver_Loss: 493.4908
[early-stopping] Epoch 74: no improvement (7/20)
Epoch 75/200, Batch 100, Aver_Loss: 489.2725
Epoch 75/200, Batch 200, Aver_Loss: 483.8527
Epoch 75/200, Batch 300, Aver_Loss: 485.8970
Epoch 75/200, Batch 400, Aver_Loss: 483.2817
[early-stopping] Epoch 75: new best val ELBO = -488.881617
Epoch 76/200, Batch 100, Aver_Loss: 485.1577
Epoch 76/200, Batch 200, Aver_Loss: 488.8181
Epoch 76/200, Batch 300, Aver_Loss: 480.7614
Epoch 76/200, Batch 400, Aver_Loss: 489.7529
[early-stopping] Epoch 76: no improvement (1/20)
Epoch 77/200, Batch 100, Aver_Loss: 484.8191
Epoch 77/200, Batch 200, Aver_Loss: 479.1365
Epoch 77/200, Batch 300, Aver_Loss: 486.2986
Epoch 77/200, Batch 400, Aver_Loss: 488.2133
[early-stopping] Epoch 77: no improvement (2/20)
Epoch 78/200, Batch 100, Aver_Loss: 491.1612
Epoch 78/200, Batch 200, Aver_Loss: 486.9796
Epoch 78/200, Batch 300, Aver_Loss: 491.1845
Epoch 78/200, Batch 400, Aver_Loss: 484.0293
[early-stopping] Epoch 78: no improvement (3/20)
Epoch 79/200, Batch 100, Aver_Loss: 493.5785
Epoch 79/200, Batch 200, Aver_Loss: 492.2408
Epoch 79/200, Batch 300, Aver_Loss: 492.7832
Epoch 79/200, Batch 400, Aver_Loss: 493.6056
[early-stopping] Epoch 79: no improvement (4/20)
Epoch 80/200, Batch 100, Aver_Loss: 488.2007
Epoch 80/200, Batch 200, Aver_Loss: 484.3325
Epoch 80/200, Batch 300, Aver_Loss: 496.2994
Epoch 80/200, Batch 400, Aver_Loss: 489.3807
[early-stopping] Epoch 80: new best val ELBO = -488.837755
Epoch 81/200, Batch 100, Aver_Loss: 494.1573
Epoch 81/200, Batch 200, Aver_Loss: 490.8768
Epoch 81/200, Batch 300, Aver_Loss: 489.1368
Epoch 81/200, Batch 400, Aver_Loss: 485.2720
[early-stopping] Epoch 81: no improvement (1/20)
Epoch 82/200, Batch 100, Aver_Loss: 482.6370
Epoch 82/200, Batch 200, Aver_Loss: 482.8793
Epoch 82/200, Batch 300, Aver_Loss: 485.2834
Epoch 82/200, Batch 400, Aver_Loss: 478.1783
[early-stopping] Epoch 82: new best val ELBO = -488.816094
Epoch 83/200, Batch 100, Aver_Loss: 494.9624
Epoch 83/200, Batch 200, Aver_Loss: 492.8875
Epoch 83/200, Batch 300, Aver_Loss: 488.1460
Epoch 83/200, Batch 400, Aver_Loss: 489.1316
[early-stopping] Epoch 83: no improvement (1/20)
Epoch 84/200, Batch 100, Aver_Loss: 484.7097
Epoch 84/200, Batch 200, Aver_Loss: 485.8503
Epoch 84/200, Batch 300, Aver_Loss: 490.1947
Epoch 84/200, Batch 400, Aver_Loss: 488.0353
[early-stopping] Epoch 84: no improvement (2/20)
Epoch 85/200, Batch 100, Aver_Loss: 489.0747
Epoch 85/200, Batch 200, Aver_Loss: 481.4795
Epoch 85/200, Batch 300, Aver_Loss: 484.7434
Epoch 85/200, Batch 400, Aver_Loss: 491.9240
[early-stopping] Epoch 85: new best val ELBO = -488.803368
Epoch 86/200, Batch 100, Aver_Loss: 484.8690
Epoch 86/200, Batch 200, Aver_Loss: 490.2323
Epoch 86/200, Batch 300, Aver_Loss: 488.2132
Epoch 86/200, Batch 400, Aver_Loss: 491.0603
[early-stopping] Epoch 86: no improvement (1/20)
Epoch 87/200, Batch 100, Aver_Loss: 479.0058
Epoch 87/200, Batch 200, Aver_Loss: 491.9162
Epoch 87/200, Batch 300, Aver_Loss: 485.8156
Epoch 87/200, Batch 400, Aver_Loss: 481.1747
[early-stopping] Epoch 87: no improvement (2/20)
Epoch 88/200, Batch 100, Aver_Loss: 495.8119
Epoch 88/200, Batch 200, Aver_Loss: 490.3293
Epoch 88/200, Batch 300, Aver_Loss: 489.1345
Epoch 88/200, Batch 400, Aver_Loss: 487.4192
[early-stopping] Epoch 88: no improvement (3/20)
Epoch 89/200, Batch 100, Aver_Loss: 500.5991
Epoch 89/200, Batch 200, Aver_Loss: 489.3139
Epoch 89/200, Batch 300, Aver_Loss: 483.4669
Epoch 89/200, Batch 400, Aver_Loss: 485.3861
[early-stopping] Epoch 89: no improvement (4/20)
Epoch 90/200, Batch 100, Aver_Loss: 490.3927
Epoch 90/200, Batch 200, Aver_Loss: 489.6320
Epoch 90/200, Batch 300, Aver_Loss: 493.4771
Epoch 90/200, Batch 400, Aver_Loss: 484.8558
[early-stopping] Epoch 90: no improvement (5/20)
Epoch 91/200, Batch 100, Aver_Loss: 481.7780
Epoch 91/200, Batch 200, Aver_Loss: 492.6046
Epoch 91/200, Batch 300, Aver_Loss: 498.5251
Epoch 91/200, Batch 400, Aver_Loss: 497.0642
[early-stopping] Epoch 91: no improvement (6/20)
Epoch 92/200, Batch 100, Aver_Loss: 498.3780
Epoch 92/200, Batch 200, Aver_Loss: 482.6840
Epoch 92/200, Batch 300, Aver_Loss: 486.0356
Epoch 92/200, Batch 400, Aver_Loss: 487.7247
[early-stopping] Epoch 92: no improvement (7/20)
Epoch 93/200, Batch 100, Aver_Loss: 483.0555
Epoch 93/200, Batch 200, Aver_Loss: 487.2776
Epoch 93/200, Batch 300, Aver_Loss: 489.0479
Epoch 93/200, Batch 400, Aver_Loss: 488.7531
[early-stopping] Epoch 93: new best val ELBO = -488.732368
Epoch 94/200, Batch 100, Aver_Loss: 493.4189
Epoch 94/200, Batch 200, Aver_Loss: 492.6062
Epoch 94/200, Batch 300, Aver_Loss: 489.4506
Epoch 94/200, Batch 400, Aver_Loss: 490.0487
[early-stopping] Epoch 94: no improvement (1/20)
Epoch 95/200, Batch 100, Aver_Loss: 485.8053
Epoch 95/200, Batch 200, Aver_Loss: 493.7907
Epoch 95/200, Batch 300, Aver_Loss: 476.1230
Epoch 95/200, Batch 400, Aver_Loss: 477.8175
[early-stopping] Epoch 95: no improvement (2/20)
Epoch 96/200, Batch 100, Aver_Loss: 485.9410
Epoch 96/200, Batch 200, Aver_Loss: 490.1395
Epoch 96/200, Batch 300, Aver_Loss: 491.3943
Epoch 96/200, Batch 400, Aver_Loss: 491.2386
[early-stopping] Epoch 96: no improvement (3/20)
Epoch 97/200, Batch 100, Aver_Loss: 488.6284
Epoch 97/200, Batch 200, Aver_Loss: 488.8996
Epoch 97/200, Batch 300, Aver_Loss: 485.7314
Epoch 97/200, Batch 400, Aver_Loss: 494.4942
[early-stopping] Epoch 97: new best val ELBO = -488.719850
Epoch 98/200, Batch 100, Aver_Loss: 491.9495
Epoch 98/200, Batch 200, Aver_Loss: 495.9565
Epoch 98/200, Batch 300, Aver_Loss: 492.8061
Epoch 98/200, Batch 400, Aver_Loss: 490.1909
[early-stopping] Epoch 98: no improvement (1/20)
Epoch 99/200, Batch 100, Aver_Loss: 485.7620
Epoch 99/200, Batch 200, Aver_Loss: 487.3843
Epoch 99/200, Batch 300, Aver_Loss: 480.3746
Epoch 99/200, Batch 400, Aver_Loss: 486.4032
[early-stopping] Epoch 99: no improvement (2/20)
Epoch 100/200, Batch 100, Aver_Loss: 488.2232
Epoch 100/200, Batch 200, Aver_Loss: 484.4392
Epoch 100/200, Batch 300, Aver_Loss: 495.9053
Epoch 100/200, Batch 400, Aver_Loss: 494.4137
[early-stopping] Epoch 100: no improvement (3/20)
Epoch 101/200, Batch 100, Aver_Loss: 487.3799
Epoch 101/200, Batch 200, Aver_Loss: 488.3131
Epoch 101/200, Batch 300, Aver_Loss: 489.4671
Epoch 101/200, Batch 400, Aver_Loss: 487.2591
[early-stopping] Epoch 101: no improvement (4/20)
Epoch 102/200, Batch 100, Aver_Loss: 487.5166
Epoch 102/200, Batch 200, Aver_Loss: 483.6852
Epoch 102/200, Batch 300, Aver_Loss: 488.2422
Epoch 102/200, Batch 400, Aver_Loss: 489.8128
[early-stopping] Epoch 102: no improvement (5/20)
Epoch 103/200, Batch 100, Aver_Loss: 486.7428
Epoch 103/200, Batch 200, Aver_Loss: 487.8481
Epoch 103/200, Batch 300, Aver_Loss: 486.9812
Epoch 103/200, Batch 400, Aver_Loss: 488.2637
[early-stopping] Epoch 103: no improvement (6/20)
Epoch 104/200, Batch 100, Aver_Loss: 486.3701
Epoch 104/200, Batch 200, Aver_Loss: 491.7988
Epoch 104/200, Batch 300, Aver_Loss: 491.0769
Epoch 104/200, Batch 400, Aver_Loss: 487.5362
[early-stopping] Epoch 104: no improvement (7/20)
Epoch 105/200, Batch 100, Aver_Loss: 488.5301
Epoch 105/200, Batch 200, Aver_Loss: 487.3275
Epoch 105/200, Batch 300, Aver_Loss: 473.5600
Epoch 105/200, Batch 400, Aver_Loss: 495.7227
[early-stopping] Epoch 105: no improvement (8/20)
Epoch 106/200, Batch 100, Aver_Loss: 488.8343
Epoch 106/200, Batch 200, Aver_Loss: 490.5815
Epoch 106/200, Batch 300, Aver_Loss: 485.8743
Epoch 106/200, Batch 400, Aver_Loss: 497.0935
[early-stopping] Epoch 106: no improvement (9/20)
Epoch 107/200, Batch 100, Aver_Loss: 482.4980
Epoch 107/200, Batch 200, Aver_Loss: 495.1355
Epoch 107/200, Batch 300, Aver_Loss: 492.6127
Epoch 107/200, Batch 400, Aver_Loss: 489.2948
[early-stopping] Epoch 107: no improvement (10/20)
Epoch 108/200, Batch 100, Aver_Loss: 485.6374
Epoch 108/200, Batch 200, Aver_Loss: 491.2196
Epoch 108/200, Batch 300, Aver_Loss: 493.3678
Epoch 108/200, Batch 400, Aver_Loss: 490.0409
[early-stopping] Epoch 108: no improvement (11/20)
Epoch 109/200, Batch 100, Aver_Loss: 496.4320
Epoch 109/200, Batch 200, Aver_Loss: 487.7325
Epoch 109/200, Batch 300, Aver_Loss: 499.3969
Epoch 109/200, Batch 400, Aver_Loss: 484.9556
[early-stopping] Epoch 109: no improvement (12/20)
Epoch 110/200, Batch 100, Aver_Loss: 478.9456
Epoch 110/200, Batch 200, Aver_Loss: 488.8044
Epoch 110/200, Batch 300, Aver_Loss: 489.6775
Epoch 110/200, Batch 400, Aver_Loss: 483.1354
[early-stopping] Epoch 110: no improvement (13/20)
Epoch 111/200, Batch 100, Aver_Loss: 490.0935
Epoch 111/200, Batch 200, Aver_Loss: 490.1470
Epoch 111/200, Batch 300, Aver_Loss: 491.7859
Epoch 111/200, Batch 400, Aver_Loss: 493.5569
[early-stopping] Epoch 111: no improvement (14/20)
Epoch 112/200, Batch 100, Aver_Loss: 484.3996
Epoch 112/200, Batch 200, Aver_Loss: 485.2208
Epoch 112/200, Batch 300, Aver_Loss: 498.7487
Epoch 112/200, Batch 400, Aver_Loss: 490.1824
[early-stopping] Epoch 112: no improvement (15/20)
Epoch 113/200, Batch 100, Aver_Loss: 486.0568
Epoch 113/200, Batch 200, Aver_Loss: 486.1227
Epoch 113/200, Batch 300, Aver_Loss: 486.7847
Epoch 113/200, Batch 400, Aver_Loss: 494.8392
[early-stopping] Epoch 113: no improvement (16/20)
Epoch 114/200, Batch 100, Aver_Loss: 495.7644
Epoch 114/200, Batch 200, Aver_Loss: 485.1124
Epoch 114/200, Batch 300, Aver_Loss: 481.1163
Epoch 114/200, Batch 400, Aver_Loss: 489.7657
[early-stopping] Epoch 114: new best val ELBO = -488.642137
Epoch 115/200, Batch 100, Aver_Loss: 490.0999
Epoch 115/200, Batch 200, Aver_Loss: 474.6177
Epoch 115/200, Batch 300, Aver_Loss: 487.2070
Epoch 115/200, Batch 400, Aver_Loss: 491.4568
[early-stopping] Epoch 115: no improvement (1/20)
Epoch 116/200, Batch 100, Aver_Loss: 484.0840
Epoch 116/200, Batch 200, Aver_Loss: 482.3663
Epoch 116/200, Batch 300, Aver_Loss: 478.5290
Epoch 116/200, Batch 400, Aver_Loss: 486.4930
[early-stopping] Epoch 116: no improvement (2/20)
Epoch 117/200, Batch 100, Aver_Loss: 484.2851
Epoch 117/200, Batch 200, Aver_Loss: 487.2392
Epoch 117/200, Batch 300, Aver_Loss: 480.9679
Epoch 117/200, Batch 400, Aver_Loss: 487.8658
[early-stopping] Epoch 117: no improvement (3/20)
Epoch 118/200, Batch 100, Aver_Loss: 488.9466
Epoch 118/200, Batch 200, Aver_Loss: 493.0551
Epoch 118/200, Batch 300, Aver_Loss: 487.7448
Epoch 118/200, Batch 400, Aver_Loss: 487.3230
[early-stopping] Epoch 118: no improvement (4/20)
Epoch 119/200, Batch 100, Aver_Loss: 487.8611
Epoch 119/200, Batch 200, Aver_Loss: 492.6665
Epoch 119/200, Batch 300, Aver_Loss: 491.7188
Epoch 119/200, Batch 400, Aver_Loss: 481.6789
[early-stopping] Epoch 119: no improvement (5/20)
Epoch 120/200, Batch 100, Aver_Loss: 495.5089
Epoch 120/200, Batch 200, Aver_Loss: 486.2317
Epoch 120/200, Batch 300, Aver_Loss: 478.1048
Epoch 120/200, Batch 400, Aver_Loss: 489.8212
[early-stopping] Epoch 120: no improvement (6/20)
Epoch 121/200, Batch 100, Aver_Loss: 484.0060
Epoch 121/200, Batch 200, Aver_Loss: 490.3000
Epoch 121/200, Batch 300, Aver_Loss: 479.4908
Epoch 121/200, Batch 400, Aver_Loss: 494.9278
[early-stopping] Epoch 121: no improvement (7/20)
Epoch 122/200, Batch 100, Aver_Loss: 495.0181
Epoch 122/200, Batch 200, Aver_Loss: 485.0723
Epoch 122/200, Batch 300, Aver_Loss: 497.0761
Epoch 122/200, Batch 400, Aver_Loss: 491.8763
[early-stopping] Epoch 122: no improvement (8/20)
Epoch 123/200, Batch 100, Aver_Loss: 482.5451
Epoch 123/200, Batch 200, Aver_Loss: 494.1789
Epoch 123/200, Batch 300, Aver_Loss: 485.1749
Epoch 123/200, Batch 400, Aver_Loss: 487.9804
[early-stopping] Epoch 123: no improvement (9/20)
Epoch 124/200, Batch 100, Aver_Loss: 481.9529
Epoch 124/200, Batch 200, Aver_Loss: 489.1573
Epoch 124/200, Batch 300, Aver_Loss: 490.0958
Epoch 124/200, Batch 400, Aver_Loss: 483.6556
[early-stopping] Epoch 124: no improvement (10/20)
Epoch 125/200, Batch 100, Aver_Loss: 493.9858
Epoch 125/200, Batch 200, Aver_Loss: 494.3121
Epoch 125/200, Batch 300, Aver_Loss: 489.5430
Epoch 125/200, Batch 400, Aver_Loss: 487.3889
[early-stopping] Epoch 125: no improvement (11/20)
Epoch 126/200, Batch 100, Aver_Loss: 484.7661
Epoch 126/200, Batch 200, Aver_Loss: 486.4838
Epoch 126/200, Batch 300, Aver_Loss: 484.4605
Epoch 126/200, Batch 400, Aver_Loss: 489.1581
[early-stopping] Epoch 126: no improvement (12/20)
Epoch 127/200, Batch 100, Aver_Loss: 492.3626
Epoch 127/200, Batch 200, Aver_Loss: 490.2634
Epoch 127/200, Batch 300, Aver_Loss: 488.0055
Epoch 127/200, Batch 400, Aver_Loss: 489.7516
[early-stopping] Epoch 127: no improvement (13/20)
Epoch 128/200, Batch 100, Aver_Loss: 491.1543
Epoch 128/200, Batch 200, Aver_Loss: 483.3904
Epoch 128/200, Batch 300, Aver_Loss: 486.5936
Epoch 128/200, Batch 400, Aver_Loss: 490.3096
[early-stopping] Epoch 128: no improvement (14/20)
Epoch 129/200, Batch 100, Aver_Loss: 473.6744
Epoch 129/200, Batch 200, Aver_Loss: 489.6342
Epoch 129/200, Batch 300, Aver_Loss: 484.8956
Epoch 129/200, Batch 400, Aver_Loss: 488.8882
[early-stopping] Epoch 129: no improvement (15/20)
Epoch 130/200, Batch 100, Aver_Loss: 490.2458
Epoch 130/200, Batch 200, Aver_Loss: 480.0871
Epoch 130/200, Batch 300, Aver_Loss: 481.9837
Epoch 130/200, Batch 400, Aver_Loss: 489.1733
[early-stopping] Epoch 130: new best val ELBO = -488.519394
Epoch 131/200, Batch 100, Aver_Loss: 485.7897
Epoch 131/200, Batch 200, Aver_Loss: 497.9238
Epoch 131/200, Batch 300, Aver_Loss: 484.6540
Epoch 131/200, Batch 400, Aver_Loss: 491.3177
[early-stopping] Epoch 131: no improvement (1/20)
Epoch 132/200, Batch 100, Aver_Loss: 491.3053
Epoch 132/200, Batch 200, Aver_Loss: 490.0363
Epoch 132/200, Batch 300, Aver_Loss: 486.9228
Epoch 132/200, Batch 400, Aver_Loss: 489.6370
[early-stopping] Epoch 132: no improvement (2/20)
Epoch 133/200, Batch 100, Aver_Loss: 491.1089
Epoch 133/200, Batch 200, Aver_Loss: 486.1892
Epoch 133/200, Batch 300, Aver_Loss: 483.4156
Epoch 133/200, Batch 400, Aver_Loss: 483.8819
[early-stopping] Epoch 133: no improvement (3/20)
Epoch 134/200, Batch 100, Aver_Loss: 491.9981
Epoch 134/200, Batch 200, Aver_Loss: 483.1714
Epoch 134/200, Batch 300, Aver_Loss: 482.6711
Epoch 134/200, Batch 400, Aver_Loss: 492.4294
[early-stopping] Epoch 134: no improvement (4/20)
Epoch 135/200, Batch 100, Aver_Loss: 488.2821
Epoch 135/200, Batch 200, Aver_Loss: 487.5804
Epoch 135/200, Batch 300, Aver_Loss: 488.4139
Epoch 135/200, Batch 400, Aver_Loss: 491.2569
[early-stopping] Epoch 135: no improvement (5/20)
Epoch 136/200, Batch 100, Aver_Loss: 483.0345
Epoch 136/200, Batch 200, Aver_Loss: 484.7498
Epoch 136/200, Batch 300, Aver_Loss: 490.3460
Epoch 136/200, Batch 400, Aver_Loss: 490.8658
[early-stopping] Epoch 136: no improvement (6/20)
Epoch 137/200, Batch 100, Aver_Loss: 492.4844
Epoch 137/200, Batch 200, Aver_Loss: 485.7395
Epoch 137/200, Batch 300, Aver_Loss: 495.9778
Epoch 137/200, Batch 400, Aver_Loss: 491.2129
[early-stopping] Epoch 137: no improvement (7/20)
Epoch 138/200, Batch 100, Aver_Loss: 487.3430
Epoch 138/200, Batch 200, Aver_Loss: 488.9879
Epoch 138/200, Batch 300, Aver_Loss: 483.9591
Epoch 138/200, Batch 400, Aver_Loss: 497.4057
[early-stopping] Epoch 138: no improvement (8/20)
Epoch 139/200, Batch 100, Aver_Loss: 482.2134
Epoch 139/200, Batch 200, Aver_Loss: 494.1965
Epoch 139/200, Batch 300, Aver_Loss: 497.7372
Epoch 139/200, Batch 400, Aver_Loss: 486.4342
[early-stopping] Epoch 139: no improvement (9/20)
Epoch 140/200, Batch 100, Aver_Loss: 489.7889
Epoch 140/200, Batch 200, Aver_Loss: 486.1555
Epoch 140/200, Batch 300, Aver_Loss: 491.9919
Epoch 140/200, Batch 400, Aver_Loss: 484.8396
[early-stopping] Epoch 140: no improvement (10/20)
Epoch 141/200, Batch 100, Aver_Loss: 487.8144
Epoch 141/200, Batch 200, Aver_Loss: 492.7135
Epoch 141/200, Batch 300, Aver_Loss: 487.6687
Epoch 141/200, Batch 400, Aver_Loss: 489.5802
[early-stopping] Epoch 141: no improvement (11/20)
Epoch 142/200, Batch 100, Aver_Loss: 490.1815
Epoch 142/200, Batch 200, Aver_Loss: 493.0021
Epoch 142/200, Batch 300, Aver_Loss: 484.2159
Epoch 142/200, Batch 400, Aver_Loss: 484.3899
[early-stopping] Epoch 142: no improvement (12/20)
Epoch 143/200, Batch 100, Aver_Loss: 498.8191
Epoch 143/200, Batch 200, Aver_Loss: 486.5397
Epoch 143/200, Batch 300, Aver_Loss: 492.9128
Epoch 143/200, Batch 400, Aver_Loss: 483.1614
[early-stopping] Epoch 143: no improvement (13/20)
Epoch 144/200, Batch 100, Aver_Loss: 494.3528
Epoch 144/200, Batch 200, Aver_Loss: 484.8524
Epoch 144/200, Batch 300, Aver_Loss: 494.7465
Epoch 144/200, Batch 400, Aver_Loss: 488.9990
[early-stopping] Epoch 144: no improvement (14/20)
Epoch 145/200, Batch 100, Aver_Loss: 490.1060
Epoch 145/200, Batch 200, Aver_Loss: 484.3773
Epoch 145/200, Batch 300, Aver_Loss: 492.9621
Epoch 145/200, Batch 400, Aver_Loss: 498.6815
[early-stopping] Epoch 145: new best val ELBO = -488.513842
Epoch 146/200, Batch 100, Aver_Loss: 484.2887
Epoch 146/200, Batch 200, Aver_Loss: 495.4198
Epoch 146/200, Batch 300, Aver_Loss: 492.6947
Epoch 146/200, Batch 400, Aver_Loss: 489.1579
[early-stopping] Epoch 146: new best val ELBO = -488.493320
Epoch 147/200, Batch 100, Aver_Loss: 485.5888
Epoch 147/200, Batch 200, Aver_Loss: 492.1653
Epoch 147/200, Batch 300, Aver_Loss: 491.1538
Epoch 147/200, Batch 400, Aver_Loss: 484.6108
[early-stopping] Epoch 147: no improvement (1/20)
Epoch 148/200, Batch 100, Aver_Loss: 485.6631
Epoch 148/200, Batch 200, Aver_Loss: 490.7599
Epoch 148/200, Batch 300, Aver_Loss: 488.8357
Epoch 148/200, Batch 400, Aver_Loss: 495.8872
[early-stopping] Epoch 148: no improvement (2/20)
Epoch 149/200, Batch 100, Aver_Loss: 489.4127
Epoch 149/200, Batch 200, Aver_Loss: 491.6574
Epoch 149/200, Batch 300, Aver_Loss: 486.5816
Epoch 149/200, Batch 400, Aver_Loss: 491.9825
[early-stopping] Epoch 149: no improvement (3/20)
Epoch 150/200, Batch 100, Aver_Loss: 484.9161
Epoch 150/200, Batch 200, Aver_Loss: 486.1638
Epoch 150/200, Batch 300, Aver_Loss: 489.6208
Epoch 150/200, Batch 400, Aver_Loss: 492.6492
[early-stopping] Epoch 150: no improvement (4/20)
Epoch 151/200, Batch 100, Aver_Loss: 483.6364
Epoch 151/200, Batch 200, Aver_Loss: 481.1772
Epoch 151/200, Batch 300, Aver_Loss: 488.3117
Epoch 151/200, Batch 400, Aver_Loss: 494.3915
[early-stopping] Epoch 151: no improvement (5/20)
Epoch 152/200, Batch 100, Aver_Loss: 488.1572
Epoch 152/200, Batch 200, Aver_Loss: 487.0547
Epoch 152/200, Batch 300, Aver_Loss: 485.5799
Epoch 152/200, Batch 400, Aver_Loss: 489.9198
[early-stopping] Epoch 152: no improvement (6/20)
Epoch 153/200, Batch 100, Aver_Loss: 492.6219
Epoch 153/200, Batch 200, Aver_Loss: 486.3181
Epoch 153/200, Batch 300, Aver_Loss: 480.7335
Epoch 153/200, Batch 400, Aver_Loss: 487.4671
[early-stopping] Epoch 153: no improvement (7/20)
Epoch 154/200, Batch 100, Aver_Loss: 487.7504
Epoch 154/200, Batch 200, Aver_Loss: 486.7242
Epoch 154/200, Batch 300, Aver_Loss: 494.2254
Epoch 154/200, Batch 400, Aver_Loss: 486.5652
[early-stopping] Epoch 154: no improvement (8/20)
Epoch 155/200, Batch 100, Aver_Loss: 477.9682
Epoch 155/200, Batch 200, Aver_Loss: 488.1348
Epoch 155/200, Batch 300, Aver_Loss: 478.3066
Epoch 155/200, Batch 400, Aver_Loss: 485.2240
[early-stopping] Epoch 155: no improvement (9/20)
Epoch 156/200, Batch 100, Aver_Loss: 482.9012
Epoch 156/200, Batch 200, Aver_Loss: 483.0311
Epoch 156/200, Batch 300, Aver_Loss: 482.7864
Epoch 156/200, Batch 400, Aver_Loss: 476.9275
[early-stopping] Epoch 156: no improvement (10/20)
Epoch 157/200, Batch 100, Aver_Loss: 488.9915
Epoch 157/200, Batch 200, Aver_Loss: 476.3020
Epoch 157/200, Batch 300, Aver_Loss: 487.8410
Epoch 157/200, Batch 400, Aver_Loss: 487.3610
[early-stopping] Epoch 157: no improvement (11/20)
Epoch 158/200, Batch 100, Aver_Loss: 497.4293
Epoch 158/200, Batch 200, Aver_Loss: 482.7184
Epoch 158/200, Batch 300, Aver_Loss: 484.2698
Epoch 158/200, Batch 400, Aver_Loss: 493.6009
[early-stopping] Epoch 158: new best val ELBO = -488.491818
Epoch 159/200, Batch 100, Aver_Loss: 485.8377
Epoch 159/200, Batch 200, Aver_Loss: 487.1229
Epoch 159/200, Batch 300, Aver_Loss: 481.6741
Epoch 159/200, Batch 400, Aver_Loss: 490.5754
[early-stopping] Epoch 159: no improvement (1/20)
Epoch 160/200, Batch 100, Aver_Loss: 487.3223
Epoch 160/200, Batch 200, Aver_Loss: 486.3431
Epoch 160/200, Batch 300, Aver_Loss: 483.9557
Epoch 160/200, Batch 400, Aver_Loss: 486.3062
[early-stopping] Epoch 160: no improvement (2/20)
Epoch 161/200, Batch 100, Aver_Loss: 485.8328
Epoch 161/200, Batch 200, Aver_Loss: 488.8928
Epoch 161/200, Batch 300, Aver_Loss: 480.3069
Epoch 161/200, Batch 400, Aver_Loss: 482.0953
[early-stopping] Epoch 161: new best val ELBO = -488.435981
Epoch 162/200, Batch 100, Aver_Loss: 481.8280
Epoch 162/200, Batch 200, Aver_Loss: 495.5882
Epoch 162/200, Batch 300, Aver_Loss: 483.2567
Epoch 162/200, Batch 400, Aver_Loss: 486.0175
[early-stopping] Epoch 162: no improvement (1/20)
Epoch 163/200, Batch 100, Aver_Loss: 483.8623
Epoch 163/200, Batch 200, Aver_Loss: 484.3639
Epoch 163/200, Batch 300, Aver_Loss: 486.1453
Epoch 163/200, Batch 400, Aver_Loss: 481.7232
[early-stopping] Epoch 163: new best val ELBO = -488.424372
Epoch 164/200, Batch 100, Aver_Loss: 493.7228
Epoch 164/200, Batch 200, Aver_Loss: 489.9151
Epoch 164/200, Batch 300, Aver_Loss: 480.6277
Epoch 164/200, Batch 400, Aver_Loss: 493.4714
[early-stopping] Epoch 164: no improvement (1/20)
Epoch 165/200, Batch 100, Aver_Loss: 484.6214
Epoch 165/200, Batch 200, Aver_Loss: 491.1815
Epoch 165/200, Batch 300, Aver_Loss: 481.1577
Epoch 165/200, Batch 400, Aver_Loss: 479.7759
[early-stopping] Epoch 165: no improvement (2/20)
Epoch 166/200, Batch 100, Aver_Loss: 493.4034
Epoch 166/200, Batch 200, Aver_Loss: 491.9081
Epoch 166/200, Batch 300, Aver_Loss: 482.8879
Epoch 166/200, Batch 400, Aver_Loss: 481.7639
[early-stopping] Epoch 166: no improvement (3/20)
Epoch 167/200, Batch 100, Aver_Loss: 497.0224
Epoch 167/200, Batch 200, Aver_Loss: 495.1231
Epoch 167/200, Batch 300, Aver_Loss: 493.7940
Epoch 167/200, Batch 400, Aver_Loss: 487.2787
[early-stopping] Epoch 167: no improvement (4/20)
Epoch 168/200, Batch 100, Aver_Loss: 484.3398
Epoch 168/200, Batch 200, Aver_Loss: 483.1690
Epoch 168/200, Batch 300, Aver_Loss: 484.8012
Epoch 168/200, Batch 400, Aver_Loss: 491.9854
[early-stopping] Epoch 168: no improvement (5/20)
Epoch 169/200, Batch 100, Aver_Loss: 483.1693
Epoch 169/200, Batch 200, Aver_Loss: 487.5095
Epoch 169/200, Batch 300, Aver_Loss: 493.2408
Epoch 169/200, Batch 400, Aver_Loss: 493.0369
[early-stopping] Epoch 169: no improvement (6/20)
Epoch 170/200, Batch 100, Aver_Loss: 488.5609
Epoch 170/200, Batch 200, Aver_Loss: 491.5205
Epoch 170/200, Batch 300, Aver_Loss: 491.5313
Epoch 170/200, Batch 400, Aver_Loss: 493.4411
[early-stopping] Epoch 170: no improvement (7/20)
Epoch 171/200, Batch 100, Aver_Loss: 491.2368
Epoch 171/200, Batch 200, Aver_Loss: 483.8214
Epoch 171/200, Batch 300, Aver_Loss: 483.8951
Epoch 171/200, Batch 400, Aver_Loss: 488.0914
[early-stopping] Epoch 171: no improvement (8/20)
Epoch 172/200, Batch 100, Aver_Loss: 494.1917
Epoch 172/200, Batch 200, Aver_Loss: 483.9624
Epoch 172/200, Batch 300, Aver_Loss: 491.8051
Epoch 172/200, Batch 400, Aver_Loss: 483.9967
[early-stopping] Epoch 172: no improvement (9/20)
Epoch 173/200, Batch 100, Aver_Loss: 483.2308
Epoch 173/200, Batch 200, Aver_Loss: 483.9768
Epoch 173/200, Batch 300, Aver_Loss: 489.3277
Epoch 173/200, Batch 400, Aver_Loss: 489.0685
[early-stopping] Epoch 173: no improvement (10/20)
Epoch 174/200, Batch 100, Aver_Loss: 495.6197
Epoch 174/200, Batch 200, Aver_Loss: 489.5255
Epoch 174/200, Batch 300, Aver_Loss: 494.7101
Epoch 174/200, Batch 400, Aver_Loss: 487.3276
[early-stopping] Epoch 174: no improvement (11/20)
Epoch 175/200, Batch 100, Aver_Loss: 491.3303
Epoch 175/200, Batch 200, Aver_Loss: 475.1452
Epoch 175/200, Batch 300, Aver_Loss: 483.9258
Epoch 175/200, Batch 400, Aver_Loss: 482.9497
[early-stopping] Epoch 175: no improvement (12/20)
Epoch 176/200, Batch 100, Aver_Loss: 486.6896
Epoch 176/200, Batch 200, Aver_Loss: 486.9469
Epoch 176/200, Batch 300, Aver_Loss: 484.5201
Epoch 176/200, Batch 400, Aver_Loss: 491.8098
[early-stopping] Epoch 176: no improvement (13/20)
Epoch 177/200, Batch 100, Aver_Loss: 488.9761
Epoch 177/200, Batch 200, Aver_Loss: 494.9188
Epoch 177/200, Batch 300, Aver_Loss: 485.8327
Epoch 177/200, Batch 400, Aver_Loss: 482.4980
[early-stopping] Epoch 177: no improvement (14/20)
Epoch 178/200, Batch 100, Aver_Loss: 485.4301
Epoch 178/200, Batch 200, Aver_Loss: 491.4437
Epoch 178/200, Batch 300, Aver_Loss: 485.1151
Epoch 178/200, Batch 400, Aver_Loss: 484.2877
[early-stopping] Epoch 178: no improvement (15/20)
Epoch 179/200, Batch 100, Aver_Loss: 485.5871
Epoch 179/200, Batch 200, Aver_Loss: 488.2823
Epoch 179/200, Batch 300, Aver_Loss: 486.5996
Epoch 179/200, Batch 400, Aver_Loss: 494.1671
[early-stopping] Epoch 179: no improvement (16/20)
Epoch 180/200, Batch 100, Aver_Loss: 484.8721
Epoch 180/200, Batch 200, Aver_Loss: 482.5265
Epoch 180/200, Batch 300, Aver_Loss: 486.9206
Epoch 180/200, Batch 400, Aver_Loss: 487.4299
[early-stopping] Epoch 180: new best val ELBO = -488.397016
Epoch 181/200, Batch 100, Aver_Loss: 481.7670
Epoch 181/200, Batch 200, Aver_Loss: 485.7271
Epoch 181/200, Batch 300, Aver_Loss: 489.2729
Epoch 181/200, Batch 400, Aver_Loss: 489.5548
[early-stopping] Epoch 181: no improvement (1/20)
Epoch 182/200, Batch 100, Aver_Loss: 499.9733
Epoch 182/200, Batch 200, Aver_Loss: 477.3323
Epoch 182/200, Batch 300, Aver_Loss: 480.2339
Epoch 182/200, Batch 400, Aver_Loss: 482.7283
[early-stopping] Epoch 182: no improvement (2/20)
Epoch 183/200, Batch 100, Aver_Loss: 484.5925
Epoch 183/200, Batch 200, Aver_Loss: 484.4840
Epoch 183/200, Batch 300, Aver_Loss: 485.0054
Epoch 183/200, Batch 400, Aver_Loss: 492.0083
[early-stopping] Epoch 183: no improvement (3/20)
Epoch 184/200, Batch 100, Aver_Loss: 483.4765
Epoch 184/200, Batch 200, Aver_Loss: 496.0556
Epoch 184/200, Batch 300, Aver_Loss: 488.3694
Epoch 184/200, Batch 400, Aver_Loss: 494.7113
[early-stopping] Epoch 184: no improvement (4/20)
Epoch 185/200, Batch 100, Aver_Loss: 469.3713
Epoch 185/200, Batch 200, Aver_Loss: 475.8205
Epoch 185/200, Batch 300, Aver_Loss: 488.6937
Epoch 185/200, Batch 400, Aver_Loss: 487.0727
[early-stopping] Epoch 185: no improvement (5/20)
Epoch 186/200, Batch 100, Aver_Loss: 480.3017
Epoch 186/200, Batch 200, Aver_Loss: 480.2820
Epoch 186/200, Batch 300, Aver_Loss: 486.0170
Epoch 186/200, Batch 400, Aver_Loss: 494.5442
[early-stopping] Epoch 186: no improvement (6/20)
Epoch 187/200, Batch 100, Aver_Loss: 483.0432
Epoch 187/200, Batch 200, Aver_Loss: 493.9186
Epoch 187/200, Batch 300, Aver_Loss: 483.8061
Epoch 187/200, Batch 400, Aver_Loss: 487.9500
[early-stopping] Epoch 187: no improvement (7/20)
Epoch 188/200, Batch 100, Aver_Loss: 487.4350
Epoch 188/200, Batch 200, Aver_Loss: 496.1899
Epoch 188/200, Batch 300, Aver_Loss: 488.9848
Epoch 188/200, Batch 400, Aver_Loss: 495.4378
[early-stopping] Epoch 188: no improvement (8/20)
Epoch 189/200, Batch 100, Aver_Loss: 493.8489
Epoch 189/200, Batch 200, Aver_Loss: 485.1195
Epoch 189/200, Batch 300, Aver_Loss: 478.7410
Epoch 189/200, Batch 400, Aver_Loss: 486.2008
[early-stopping] Epoch 189: no improvement (9/20)
Epoch 190/200, Batch 100, Aver_Loss: 483.7182
Epoch 190/200, Batch 200, Aver_Loss: 493.7223
Epoch 190/200, Batch 300, Aver_Loss: 484.6540
Epoch 190/200, Batch 400, Aver_Loss: 490.9512
[early-stopping] Epoch 190: no improvement (10/20)
Epoch 191/200, Batch 100, Aver_Loss: 483.6397
Epoch 191/200, Batch 200, Aver_Loss: 487.4769
Epoch 191/200, Batch 300, Aver_Loss: 489.3615
Epoch 191/200, Batch 400, Aver_Loss: 488.2343
[early-stopping] Epoch 191: no improvement (11/20)
Epoch 192/200, Batch 100, Aver_Loss: 482.9179
Epoch 192/200, Batch 200, Aver_Loss: 492.1139
Epoch 192/200, Batch 300, Aver_Loss: 486.2496
Epoch 192/200, Batch 400, Aver_Loss: 487.8329
[early-stopping] Epoch 192: no improvement (12/20)
Epoch 193/200, Batch 100, Aver_Loss: 486.8342
Epoch 193/200, Batch 200, Aver_Loss: 484.2308
Epoch 193/200, Batch 300, Aver_Loss: 492.6668
Epoch 193/200, Batch 400, Aver_Loss: 488.6932
[early-stopping] Epoch 193: no improvement (13/20)
Epoch 194/200, Batch 100, Aver_Loss: 483.8470
Epoch 194/200, Batch 200, Aver_Loss: 488.4907
Epoch 194/200, Batch 300, Aver_Loss: 487.3431
Epoch 194/200, Batch 400, Aver_Loss: 481.8255
[early-stopping] Epoch 194: no improvement (14/20)
Epoch 195/200, Batch 100, Aver_Loss: 487.1443
Epoch 195/200, Batch 200, Aver_Loss: 484.5895
Epoch 195/200, Batch 300, Aver_Loss: 487.3460
Epoch 195/200, Batch 400, Aver_Loss: 477.6318
[early-stopping] Epoch 195: no improvement (15/20)
Epoch 196/200, Batch 100, Aver_Loss: 486.7010
Epoch 196/200, Batch 200, Aver_Loss: 487.4749
Epoch 196/200, Batch 300, Aver_Loss: 488.9305
Epoch 196/200, Batch 400, Aver_Loss: 483.6454
[early-stopping] Epoch 196: no improvement (16/20)
Epoch 197/200, Batch 100, Aver_Loss: 487.6642
Epoch 197/200, Batch 200, Aver_Loss: 481.8447
Epoch 197/200, Batch 300, Aver_Loss: 490.5595
Epoch 197/200, Batch 400, Aver_Loss: 483.3936
[early-stopping] Epoch 197: no improvement (17/20)
Epoch 198/200, Batch 100, Aver_Loss: 494.3556
Epoch 198/200, Batch 200, Aver_Loss: 491.7553
Epoch 198/200, Batch 300, Aver_Loss: 480.8225
Epoch 198/200, Batch 400, Aver_Loss: 490.1173
[early-stopping] Epoch 198: no improvement (18/20)
Epoch 199/200, Batch 100, Aver_Loss: 487.2774
Epoch 199/200, Batch 200, Aver_Loss: 481.5047
Epoch 199/200, Batch 300, Aver_Loss: 494.6453
Epoch 199/200, Batch 400, Aver_Loss: 494.1147
[early-stopping] Epoch 199: new best val ELBO = -488.391247
Epoch 200/200, Batch 100, Aver_Loss: 489.2411
Epoch 200/200, Batch 200, Aver_Loss: 489.9751
Epoch 200/200, Batch 300, Aver_Loss: 489.0982
Epoch 200/200, Batch 400, Aver_Loss: 495.6964
[early-stopping] Epoch 200: no improvement (1/20)
[early-stopping] Loaded best model from epoch 199 (val ELBO = -488.391247)
[checkpoint] Saved best model to: trained_parameters/mnist_background_images_zdim4_MVAE.pkl
[saved curves] ./results/MNIST_BG_IM/curves/mnist_background_images_mvae_d4_s777.json

==== Evaluation Summary ====
                 model: mvae
   recon/mse_per_pixel: 0.039865
            elbo/train: -487.313037
             elbo/test: -488.403421
             mse/train: 0.039418
              mse/test: 0.039865
             probe/acc: 0.268710
             probe/nll: 2.081364
           probe/brier: 0.821741
             probe/ece: 0.055673
           cluster/nmi: 0.082302
           cluster/ari: 0.049627
============================

