/usr/bin/which: no fi_info in (/arf/home/meyavuz/.local/bin:/arf/sw/comp/python/intelpython3/condabin:/arf/sw/comp/python/intelpython3/bin:/usr/share/Modules/bin:/usr/local/bin:/usr/bin:/usr/local/sbin:/usr/sbin)
Extension for Scikit-learn* enabled (https://github.com/uxlfoundation/scikit-learn-intelex)
/arf/home/meyavuz/.conda/envs/sbn/lib/python3.9/site-packages/sklearn/linear_model/_logistic.py:1247: FutureWarning: 'multi_class' was deprecated in version 1.5 and will be removed in 1.7. From then on, it will always use 'multinomial'. Leave it to its default value to avoid this warning.
  warnings.warn(
Epoch 1/200, Batch 100, Aver_Loss: 532.3186
Epoch 1/200, Batch 200, Aver_Loss: 529.8419
Epoch 1/200, Batch 300, Aver_Loss: 526.6324
Epoch 1/200, Batch 400, Aver_Loss: 526.9380
[early-stopping] Epoch 1: new best val ELBO = -527.862338
Epoch 2/200, Batch 100, Aver_Loss: 530.3304
Epoch 2/200, Batch 200, Aver_Loss: 528.1559
Epoch 2/200, Batch 300, Aver_Loss: 526.6298
Epoch 2/200, Batch 400, Aver_Loss: 527.7706
[early-stopping] Epoch 2: new best val ELBO = -527.204749
Epoch 3/200, Batch 100, Aver_Loss: 526.5103
Epoch 3/200, Batch 200, Aver_Loss: 529.2628
Epoch 3/200, Batch 300, Aver_Loss: 527.4326
Epoch 3/200, Batch 400, Aver_Loss: 528.4320
[early-stopping] Epoch 3: new best val ELBO = -526.969868
Epoch 4/200, Batch 100, Aver_Loss: 528.9037
Epoch 4/200, Batch 200, Aver_Loss: 527.3153
Epoch 4/200, Batch 300, Aver_Loss: 526.7187
Epoch 4/200, Batch 400, Aver_Loss: 528.4694
[early-stopping] Epoch 4: new best val ELBO = -526.784719
Epoch 5/200, Batch 100, Aver_Loss: 527.7877
Epoch 5/200, Batch 200, Aver_Loss: 527.2241
Epoch 5/200, Batch 300, Aver_Loss: 525.9651
Epoch 5/200, Batch 400, Aver_Loss: 527.5157
[early-stopping] Epoch 5: new best val ELBO = -526.621959
Epoch 6/200, Batch 100, Aver_Loss: 528.8723
Epoch 6/200, Batch 200, Aver_Loss: 527.1500
Epoch 6/200, Batch 300, Aver_Loss: 525.5568
Epoch 6/200, Batch 400, Aver_Loss: 527.7368
[early-stopping] Epoch 6: new best val ELBO = -526.538172
Epoch 7/200, Batch 100, Aver_Loss: 528.7067
Epoch 7/200, Batch 200, Aver_Loss: 527.3291
Epoch 7/200, Batch 300, Aver_Loss: 524.9011
Epoch 7/200, Batch 400, Aver_Loss: 525.1674
[early-stopping] Epoch 7: new best val ELBO = -526.314521
Epoch 8/200, Batch 100, Aver_Loss: 528.0903
Epoch 8/200, Batch 200, Aver_Loss: 526.6848
Epoch 8/200, Batch 300, Aver_Loss: 524.5062
Epoch 8/200, Batch 400, Aver_Loss: 528.2040
[early-stopping] Epoch 8: new best val ELBO = -526.121504
Epoch 9/200, Batch 100, Aver_Loss: 526.4535
Epoch 9/200, Batch 200, Aver_Loss: 526.6972
Epoch 9/200, Batch 300, Aver_Loss: 525.2197
Epoch 9/200, Batch 400, Aver_Loss: 527.1487
[early-stopping] Epoch 9: new best val ELBO = -526.007344
Epoch 10/200, Batch 100, Aver_Loss: 524.9377
Epoch 10/200, Batch 200, Aver_Loss: 526.2071
Epoch 10/200, Batch 300, Aver_Loss: 527.9271
Epoch 10/200, Batch 400, Aver_Loss: 526.3026
[early-stopping] Epoch 10: new best val ELBO = -525.863756
Epoch 11/200, Batch 100, Aver_Loss: 524.0657
Epoch 11/200, Batch 200, Aver_Loss: 524.4245
Epoch 11/200, Batch 300, Aver_Loss: 526.4734
Epoch 11/200, Batch 400, Aver_Loss: 527.4500
[early-stopping] Epoch 11: no improvement (1/20)
Epoch 12/200, Batch 100, Aver_Loss: 526.6055
Epoch 12/200, Batch 200, Aver_Loss: 525.7803
Epoch 12/200, Batch 300, Aver_Loss: 526.1373
Epoch 12/200, Batch 400, Aver_Loss: 526.6425
[early-stopping] Epoch 12: new best val ELBO = -525.636669
Epoch 13/200, Batch 100, Aver_Loss: 523.1151
Epoch 13/200, Batch 200, Aver_Loss: 524.2587
Epoch 13/200, Batch 300, Aver_Loss: 524.5704
Epoch 13/200, Batch 400, Aver_Loss: 527.4160
[early-stopping] Epoch 13: new best val ELBO = -525.489930
Epoch 14/200, Batch 100, Aver_Loss: 526.6307
Epoch 14/200, Batch 200, Aver_Loss: 524.0175
Epoch 14/200, Batch 300, Aver_Loss: 525.8688
Epoch 14/200, Batch 400, Aver_Loss: 524.9852
[early-stopping] Epoch 14: new best val ELBO = -525.413663
Epoch 15/200, Batch 100, Aver_Loss: 525.8771
Epoch 15/200, Batch 200, Aver_Loss: 526.4484
Epoch 15/200, Batch 300, Aver_Loss: 525.0358
Epoch 15/200, Batch 400, Aver_Loss: 525.9952
[early-stopping] Epoch 15: new best val ELBO = -525.331641
Epoch 16/200, Batch 100, Aver_Loss: 523.5291
Epoch 16/200, Batch 200, Aver_Loss: 526.5053
Epoch 16/200, Batch 300, Aver_Loss: 526.4513
Epoch 16/200, Batch 400, Aver_Loss: 525.7313
[early-stopping] Epoch 16: new best val ELBO = -525.212465
Epoch 17/200, Batch 100, Aver_Loss: 527.2505
Epoch 17/200, Batch 200, Aver_Loss: 524.8890
Epoch 17/200, Batch 300, Aver_Loss: 527.0209
Epoch 17/200, Batch 400, Aver_Loss: 525.5599
[early-stopping] Epoch 17: no improvement (1/20)
Epoch 18/200, Batch 100, Aver_Loss: 523.1712
Epoch 18/200, Batch 200, Aver_Loss: 528.6420
Epoch 18/200, Batch 300, Aver_Loss: 522.4019
Epoch 18/200, Batch 400, Aver_Loss: 523.9949
[early-stopping] Epoch 18: new best val ELBO = -525.110180
Epoch 19/200, Batch 100, Aver_Loss: 525.7357
Epoch 19/200, Batch 200, Aver_Loss: 526.0194
Epoch 19/200, Batch 300, Aver_Loss: 523.8397
Epoch 19/200, Batch 400, Aver_Loss: 526.1608
[early-stopping] Epoch 19: new best val ELBO = -525.058092
Epoch 20/200, Batch 100, Aver_Loss: 523.8862
Epoch 20/200, Batch 200, Aver_Loss: 527.2144
Epoch 20/200, Batch 300, Aver_Loss: 524.3585
Epoch 20/200, Batch 400, Aver_Loss: 528.0959
[early-stopping] Epoch 20: new best val ELBO = -525.028977
Epoch 21/200, Batch 100, Aver_Loss: 523.1494
Epoch 21/200, Batch 200, Aver_Loss: 524.8257
Epoch 21/200, Batch 300, Aver_Loss: 524.3315
Epoch 21/200, Batch 400, Aver_Loss: 524.9002
[early-stopping] Epoch 21: new best val ELBO = -525.021718
Epoch 22/200, Batch 100, Aver_Loss: 525.3033
Epoch 22/200, Batch 200, Aver_Loss: 525.5871
Epoch 22/200, Batch 300, Aver_Loss: 525.9511
Epoch 22/200, Batch 400, Aver_Loss: 527.0947
[early-stopping] Epoch 22: new best val ELBO = -524.945268
Epoch 23/200, Batch 100, Aver_Loss: 523.0904
Epoch 23/200, Batch 200, Aver_Loss: 525.7781
Epoch 23/200, Batch 300, Aver_Loss: 523.0833
Epoch 23/200, Batch 400, Aver_Loss: 527.5240
[early-stopping] Epoch 23: new best val ELBO = -524.904960
Epoch 24/200, Batch 100, Aver_Loss: 525.0371
Epoch 24/200, Batch 200, Aver_Loss: 526.2628
Epoch 24/200, Batch 300, Aver_Loss: 524.7662
Epoch 24/200, Batch 400, Aver_Loss: 523.9223
[early-stopping] Epoch 24: new best val ELBO = -524.832610
Epoch 25/200, Batch 100, Aver_Loss: 523.7016
Epoch 25/200, Batch 200, Aver_Loss: 526.4961
Epoch 25/200, Batch 300, Aver_Loss: 524.9377
Epoch 25/200, Batch 400, Aver_Loss: 524.6923
[early-stopping] Epoch 25: new best val ELBO = -524.734128
Epoch 26/200, Batch 100, Aver_Loss: 524.2596
Epoch 26/200, Batch 200, Aver_Loss: 524.8671
Epoch 26/200, Batch 300, Aver_Loss: 525.6031
Epoch 26/200, Batch 400, Aver_Loss: 522.7341
[early-stopping] Epoch 26: no improvement (1/20)
Epoch 27/200, Batch 100, Aver_Loss: 524.2367
Epoch 27/200, Batch 200, Aver_Loss: 524.9521
Epoch 27/200, Batch 300, Aver_Loss: 522.1908
Epoch 27/200, Batch 400, Aver_Loss: 523.7858
[early-stopping] Epoch 27: no improvement (2/20)
Epoch 28/200, Batch 100, Aver_Loss: 526.9495
Epoch 28/200, Batch 200, Aver_Loss: 520.3153
Epoch 28/200, Batch 300, Aver_Loss: 523.5231
Epoch 28/200, Batch 400, Aver_Loss: 527.0730
[early-stopping] Epoch 28: no improvement (3/20)
Epoch 29/200, Batch 100, Aver_Loss: 527.2399
Epoch 29/200, Batch 200, Aver_Loss: 521.8514
Epoch 29/200, Batch 300, Aver_Loss: 525.6865
Epoch 29/200, Batch 400, Aver_Loss: 522.7703
[early-stopping] Epoch 29: no improvement (4/20)
Epoch 30/200, Batch 100, Aver_Loss: 524.8734
Epoch 30/200, Batch 200, Aver_Loss: 524.8690
Epoch 30/200, Batch 300, Aver_Loss: 524.1815
Epoch 30/200, Batch 400, Aver_Loss: 524.5336
[early-stopping] Epoch 30: new best val ELBO = -524.704272
Epoch 31/200, Batch 100, Aver_Loss: 523.7020
Epoch 31/200, Batch 200, Aver_Loss: 525.5179
Epoch 31/200, Batch 300, Aver_Loss: 524.1696
Epoch 31/200, Batch 400, Aver_Loss: 522.9008
[early-stopping] Epoch 31: new best val ELBO = -524.670581
Epoch 32/200, Batch 100, Aver_Loss: 522.6874
Epoch 32/200, Batch 200, Aver_Loss: 524.2623
Epoch 32/200, Batch 300, Aver_Loss: 522.2266
Epoch 32/200, Batch 400, Aver_Loss: 526.2268
[early-stopping] Epoch 32: no improvement (1/20)
Epoch 33/200, Batch 100, Aver_Loss: 526.9852
Epoch 33/200, Batch 200, Aver_Loss: 524.2162
Epoch 33/200, Batch 300, Aver_Loss: 523.4315
Epoch 33/200, Batch 400, Aver_Loss: 526.6081
[early-stopping] Epoch 33: new best val ELBO = -524.645343
Epoch 34/200, Batch 100, Aver_Loss: 522.3618
Epoch 34/200, Batch 200, Aver_Loss: 522.7709
Epoch 34/200, Batch 300, Aver_Loss: 523.7675
Epoch 34/200, Batch 400, Aver_Loss: 523.9755
[early-stopping] Epoch 34: no improvement (1/20)
Epoch 35/200, Batch 100, Aver_Loss: 525.7546
Epoch 35/200, Batch 200, Aver_Loss: 523.2341
Epoch 35/200, Batch 300, Aver_Loss: 522.4099
Epoch 35/200, Batch 400, Aver_Loss: 524.1633
[early-stopping] Epoch 35: no improvement (2/20)
Epoch 36/200, Batch 100, Aver_Loss: 524.6533
Epoch 36/200, Batch 200, Aver_Loss: 525.2764
Epoch 36/200, Batch 300, Aver_Loss: 521.3586
Epoch 36/200, Batch 400, Aver_Loss: 525.7665
[early-stopping] Epoch 36: new best val ELBO = -524.551302
Epoch 37/200, Batch 100, Aver_Loss: 523.8496
Epoch 37/200, Batch 200, Aver_Loss: 523.1920
Epoch 37/200, Batch 300, Aver_Loss: 523.8502
Epoch 37/200, Batch 400, Aver_Loss: 524.3344
[early-stopping] Epoch 37: new best val ELBO = -524.537773
Epoch 38/200, Batch 100, Aver_Loss: 523.4745
Epoch 38/200, Batch 200, Aver_Loss: 522.9794
Epoch 38/200, Batch 300, Aver_Loss: 525.0637
Epoch 38/200, Batch 400, Aver_Loss: 525.0683
[early-stopping] Epoch 38: no improvement (1/20)
Epoch 39/200, Batch 100, Aver_Loss: 527.3680
Epoch 39/200, Batch 200, Aver_Loss: 525.7688
Epoch 39/200, Batch 300, Aver_Loss: 522.9380
Epoch 39/200, Batch 400, Aver_Loss: 523.8669
[early-stopping] Epoch 39: new best val ELBO = -524.463347
Epoch 40/200, Batch 100, Aver_Loss: 521.8701
Epoch 40/200, Batch 200, Aver_Loss: 524.2076
Epoch 40/200, Batch 300, Aver_Loss: 524.2929
Epoch 40/200, Batch 400, Aver_Loss: 524.4030
[early-stopping] Epoch 40: no improvement (1/20)
Epoch 41/200, Batch 100, Aver_Loss: 523.9852
Epoch 41/200, Batch 200, Aver_Loss: 525.2602
Epoch 41/200, Batch 300, Aver_Loss: 523.9254
Epoch 41/200, Batch 400, Aver_Loss: 523.6956
[early-stopping] Epoch 41: no improvement (2/20)
Epoch 42/200, Batch 100, Aver_Loss: 522.5676
Epoch 42/200, Batch 200, Aver_Loss: 522.4857
Epoch 42/200, Batch 300, Aver_Loss: 521.4090
Epoch 42/200, Batch 400, Aver_Loss: 524.0315
[early-stopping] Epoch 42: new best val ELBO = -524.438910
Epoch 43/200, Batch 100, Aver_Loss: 526.0247
Epoch 43/200, Batch 200, Aver_Loss: 523.7504
Epoch 43/200, Batch 300, Aver_Loss: 523.7791
Epoch 43/200, Batch 400, Aver_Loss: 522.7678
[early-stopping] Epoch 43: new best val ELBO = -524.401597
Epoch 44/200, Batch 100, Aver_Loss: 524.4395
Epoch 44/200, Batch 200, Aver_Loss: 524.8715
Epoch 44/200, Batch 300, Aver_Loss: 524.4113
Epoch 44/200, Batch 400, Aver_Loss: 523.6653
[early-stopping] Epoch 44: no improvement (1/20)
Epoch 45/200, Batch 100, Aver_Loss: 522.9557
Epoch 45/200, Batch 200, Aver_Loss: 527.7371
Epoch 45/200, Batch 300, Aver_Loss: 526.2994
Epoch 45/200, Batch 400, Aver_Loss: 523.6451
[early-stopping] Epoch 45: no improvement (2/20)
Epoch 46/200, Batch 100, Aver_Loss: 523.7515
Epoch 46/200, Batch 200, Aver_Loss: 525.5872
Epoch 46/200, Batch 300, Aver_Loss: 523.0533
Epoch 46/200, Batch 400, Aver_Loss: 523.7303
[early-stopping] Epoch 46: new best val ELBO = -524.375371
Epoch 47/200, Batch 100, Aver_Loss: 523.7802
Epoch 47/200, Batch 200, Aver_Loss: 525.7888
Epoch 47/200, Batch 300, Aver_Loss: 525.8479
Epoch 47/200, Batch 400, Aver_Loss: 522.6675
[early-stopping] Epoch 47: no improvement (1/20)
Epoch 48/200, Batch 100, Aver_Loss: 524.8380
Epoch 48/200, Batch 200, Aver_Loss: 523.2772
Epoch 48/200, Batch 300, Aver_Loss: 523.6476
Epoch 48/200, Batch 400, Aver_Loss: 524.3937
[early-stopping] Epoch 48: new best val ELBO = -524.357512
Epoch 49/200, Batch 100, Aver_Loss: 526.1567
Epoch 49/200, Batch 200, Aver_Loss: 523.6085
Epoch 49/200, Batch 300, Aver_Loss: 523.6002
Epoch 49/200, Batch 400, Aver_Loss: 520.6004
[early-stopping] Epoch 49: no improvement (1/20)
Epoch 50/200, Batch 100, Aver_Loss: 526.2262
Epoch 50/200, Batch 200, Aver_Loss: 526.7908
Epoch 50/200, Batch 300, Aver_Loss: 526.1861
Epoch 50/200, Batch 400, Aver_Loss: 524.1675
[early-stopping] Epoch 50: no improvement (2/20)
Epoch 51/200, Batch 100, Aver_Loss: 522.1602
Epoch 51/200, Batch 200, Aver_Loss: 523.6951
Epoch 51/200, Batch 300, Aver_Loss: 523.7940
Epoch 51/200, Batch 400, Aver_Loss: 523.7720
[early-stopping] Epoch 51: new best val ELBO = -524.325504
Epoch 52/200, Batch 100, Aver_Loss: 521.8891
Epoch 52/200, Batch 200, Aver_Loss: 526.0715
Epoch 52/200, Batch 300, Aver_Loss: 526.0521
Epoch 52/200, Batch 400, Aver_Loss: 522.3102
[early-stopping] Epoch 52: no improvement (1/20)
Epoch 53/200, Batch 100, Aver_Loss: 520.0391
Epoch 53/200, Batch 200, Aver_Loss: 522.6915
Epoch 53/200, Batch 300, Aver_Loss: 525.0775
Epoch 53/200, Batch 400, Aver_Loss: 523.3793
[early-stopping] Epoch 53: no improvement (2/20)
Epoch 54/200, Batch 100, Aver_Loss: 524.0844
Epoch 54/200, Batch 200, Aver_Loss: 525.5522
Epoch 54/200, Batch 300, Aver_Loss: 523.8569
Epoch 54/200, Batch 400, Aver_Loss: 522.5089
[early-stopping] Epoch 54: no improvement (3/20)
Epoch 55/200, Batch 100, Aver_Loss: 521.9706
Epoch 55/200, Batch 200, Aver_Loss: 525.3287
Epoch 55/200, Batch 300, Aver_Loss: 525.8691
Epoch 55/200, Batch 400, Aver_Loss: 526.4954
[early-stopping] Epoch 55: new best val ELBO = -524.309146
Epoch 56/200, Batch 100, Aver_Loss: 525.0442
Epoch 56/200, Batch 200, Aver_Loss: 524.8398
Epoch 56/200, Batch 300, Aver_Loss: 525.9810
Epoch 56/200, Batch 400, Aver_Loss: 525.3351
[early-stopping] Epoch 56: no improvement (1/20)
Epoch 57/200, Batch 100, Aver_Loss: 525.6123
Epoch 57/200, Batch 200, Aver_Loss: 525.8914
Epoch 57/200, Batch 300, Aver_Loss: 525.5592
Epoch 57/200, Batch 400, Aver_Loss: 524.5798
[early-stopping] Epoch 57: new best val ELBO = -524.305704
Epoch 58/200, Batch 100, Aver_Loss: 523.0078
Epoch 58/200, Batch 200, Aver_Loss: 523.2010
Epoch 58/200, Batch 300, Aver_Loss: 523.0532
Epoch 58/200, Batch 400, Aver_Loss: 523.2812
[early-stopping] Epoch 58: new best val ELBO = -524.285877
Epoch 59/200, Batch 100, Aver_Loss: 524.7538
Epoch 59/200, Batch 200, Aver_Loss: 523.0229
Epoch 59/200, Batch 300, Aver_Loss: 525.8636
Epoch 59/200, Batch 400, Aver_Loss: 524.9257
[early-stopping] Epoch 59: no improvement (1/20)
Epoch 60/200, Batch 100, Aver_Loss: 525.8744
Epoch 60/200, Batch 200, Aver_Loss: 522.4933
Epoch 60/200, Batch 300, Aver_Loss: 523.3749
Epoch 60/200, Batch 400, Aver_Loss: 527.1545
[early-stopping] Epoch 60: new best val ELBO = -524.272016
Epoch 61/200, Batch 100, Aver_Loss: 524.5479
Epoch 61/200, Batch 200, Aver_Loss: 524.7927
Epoch 61/200, Batch 300, Aver_Loss: 522.7102
Epoch 61/200, Batch 400, Aver_Loss: 524.5400
[early-stopping] Epoch 61: new best val ELBO = -524.209307
Epoch 62/200, Batch 100, Aver_Loss: 524.3984
Epoch 62/200, Batch 200, Aver_Loss: 524.8309
Epoch 62/200, Batch 300, Aver_Loss: 524.6928
Epoch 62/200, Batch 400, Aver_Loss: 524.5673
[early-stopping] Epoch 62: no improvement (1/20)
Epoch 63/200, Batch 100, Aver_Loss: 523.1917
Epoch 63/200, Batch 200, Aver_Loss: 523.1141
Epoch 63/200, Batch 300, Aver_Loss: 525.1033
Epoch 63/200, Batch 400, Aver_Loss: 522.7978
[early-stopping] Epoch 63: new best val ELBO = -524.206838
Epoch 64/200, Batch 100, Aver_Loss: 525.1649
Epoch 64/200, Batch 200, Aver_Loss: 523.5391
Epoch 64/200, Batch 300, Aver_Loss: 522.0877
Epoch 64/200, Batch 400, Aver_Loss: 526.4372
[early-stopping] Epoch 64: no improvement (1/20)
Epoch 65/200, Batch 100, Aver_Loss: 524.4195
Epoch 65/200, Batch 200, Aver_Loss: 523.8473
Epoch 65/200, Batch 300, Aver_Loss: 526.1317
Epoch 65/200, Batch 400, Aver_Loss: 526.7354
[early-stopping] Epoch 65: no improvement (2/20)
Epoch 66/200, Batch 100, Aver_Loss: 526.6734
Epoch 66/200, Batch 200, Aver_Loss: 525.6240
Epoch 66/200, Batch 300, Aver_Loss: 523.2437
Epoch 66/200, Batch 400, Aver_Loss: 524.7028
[early-stopping] Epoch 66: no improvement (3/20)
Epoch 67/200, Batch 100, Aver_Loss: 521.2867
Epoch 67/200, Batch 200, Aver_Loss: 527.4106
Epoch 67/200, Batch 300, Aver_Loss: 523.9197
Epoch 67/200, Batch 400, Aver_Loss: 522.9081
[early-stopping] Epoch 67: no improvement (4/20)
Epoch 68/200, Batch 100, Aver_Loss: 522.4573
Epoch 68/200, Batch 200, Aver_Loss: 525.2490
Epoch 68/200, Batch 300, Aver_Loss: 524.5212
Epoch 68/200, Batch 400, Aver_Loss: 525.3828
[early-stopping] Epoch 68: no improvement (5/20)
Epoch 69/200, Batch 100, Aver_Loss: 524.8190
Epoch 69/200, Batch 200, Aver_Loss: 526.9686
Epoch 69/200, Batch 300, Aver_Loss: 525.9435
Epoch 69/200, Batch 400, Aver_Loss: 522.4852
[early-stopping] Epoch 69: no improvement (6/20)
Epoch 70/200, Batch 100, Aver_Loss: 524.5995
Epoch 70/200, Batch 200, Aver_Loss: 523.9312
Epoch 70/200, Batch 300, Aver_Loss: 525.5763
Epoch 70/200, Batch 400, Aver_Loss: 521.6108
[early-stopping] Epoch 70: no improvement (7/20)
Epoch 71/200, Batch 100, Aver_Loss: 522.6161
Epoch 71/200, Batch 200, Aver_Loss: 526.2741
Epoch 71/200, Batch 300, Aver_Loss: 521.5426
Epoch 71/200, Batch 400, Aver_Loss: 521.7905
[early-stopping] Epoch 71: new best val ELBO = -524.194825
Epoch 72/200, Batch 100, Aver_Loss: 525.5696
Epoch 72/200, Batch 200, Aver_Loss: 526.1322
Epoch 72/200, Batch 300, Aver_Loss: 522.6866
Epoch 72/200, Batch 400, Aver_Loss: 523.0034
[early-stopping] Epoch 72: no improvement (1/20)
Epoch 73/200, Batch 100, Aver_Loss: 524.7732
Epoch 73/200, Batch 200, Aver_Loss: 526.1521
Epoch 73/200, Batch 300, Aver_Loss: 524.4871
Epoch 73/200, Batch 400, Aver_Loss: 524.1093
[early-stopping] Epoch 73: no improvement (2/20)
Epoch 74/200, Batch 100, Aver_Loss: 525.7322
Epoch 74/200, Batch 200, Aver_Loss: 525.4440
Epoch 74/200, Batch 300, Aver_Loss: 525.8248
Epoch 74/200, Batch 400, Aver_Loss: 522.3951
[early-stopping] Epoch 74: no improvement (3/20)
Epoch 75/200, Batch 100, Aver_Loss: 523.8962
Epoch 75/200, Batch 200, Aver_Loss: 523.3263
Epoch 75/200, Batch 300, Aver_Loss: 521.0884
Epoch 75/200, Batch 400, Aver_Loss: 523.2645
[early-stopping] Epoch 75: new best val ELBO = -524.173064
Epoch 76/200, Batch 100, Aver_Loss: 526.6616
Epoch 76/200, Batch 200, Aver_Loss: 525.1088
Epoch 76/200, Batch 300, Aver_Loss: 523.4097
Epoch 76/200, Batch 400, Aver_Loss: 519.9968
[early-stopping] Epoch 76: new best val ELBO = -524.144824
Epoch 77/200, Batch 100, Aver_Loss: 524.7079
Epoch 77/200, Batch 200, Aver_Loss: 522.5097
Epoch 77/200, Batch 300, Aver_Loss: 527.1590
Epoch 77/200, Batch 400, Aver_Loss: 525.0865
[early-stopping] Epoch 77: no improvement (1/20)
Epoch 78/200, Batch 100, Aver_Loss: 522.9877
Epoch 78/200, Batch 200, Aver_Loss: 525.2527
Epoch 78/200, Batch 300, Aver_Loss: 523.0866
Epoch 78/200, Batch 400, Aver_Loss: 522.7199
[early-stopping] Epoch 78: no improvement (2/20)
Epoch 79/200, Batch 100, Aver_Loss: 523.9562
Epoch 79/200, Batch 200, Aver_Loss: 523.1068
Epoch 79/200, Batch 300, Aver_Loss: 523.7905
Epoch 79/200, Batch 400, Aver_Loss: 521.5547
[early-stopping] Epoch 79: no improvement (3/20)
Epoch 80/200, Batch 100, Aver_Loss: 525.5164
Epoch 80/200, Batch 200, Aver_Loss: 526.1674
Epoch 80/200, Batch 300, Aver_Loss: 520.8760
Epoch 80/200, Batch 400, Aver_Loss: 524.5942
[early-stopping] Epoch 80: no improvement (4/20)
Epoch 81/200, Batch 100, Aver_Loss: 526.0088
Epoch 81/200, Batch 200, Aver_Loss: 525.4037
Epoch 81/200, Batch 300, Aver_Loss: 525.4573
Epoch 81/200, Batch 400, Aver_Loss: 524.2960
[early-stopping] Epoch 81: no improvement (5/20)
Epoch 82/200, Batch 100, Aver_Loss: 523.2141
Epoch 82/200, Batch 200, Aver_Loss: 523.8647
Epoch 82/200, Batch 300, Aver_Loss: 524.6462
Epoch 82/200, Batch 400, Aver_Loss: 523.2711
[early-stopping] Epoch 82: no improvement (6/20)
Epoch 83/200, Batch 100, Aver_Loss: 522.5009
Epoch 83/200, Batch 200, Aver_Loss: 525.9789
Epoch 83/200, Batch 300, Aver_Loss: 525.1017
Epoch 83/200, Batch 400, Aver_Loss: 523.5402
[early-stopping] Epoch 83: no improvement (7/20)
Epoch 84/200, Batch 100, Aver_Loss: 524.0058
Epoch 84/200, Batch 200, Aver_Loss: 524.3747
Epoch 84/200, Batch 300, Aver_Loss: 525.1620
Epoch 84/200, Batch 400, Aver_Loss: 526.0616
[early-stopping] Epoch 84: no improvement (8/20)
Epoch 85/200, Batch 100, Aver_Loss: 524.5126
Epoch 85/200, Batch 200, Aver_Loss: 521.2764
Epoch 85/200, Batch 300, Aver_Loss: 524.4291
Epoch 85/200, Batch 400, Aver_Loss: 524.8060
[early-stopping] Epoch 85: new best val ELBO = -524.088193
Epoch 86/200, Batch 100, Aver_Loss: 524.1266
Epoch 86/200, Batch 200, Aver_Loss: 525.4297
Epoch 86/200, Batch 300, Aver_Loss: 525.1161
Epoch 86/200, Batch 400, Aver_Loss: 524.8486
[early-stopping] Epoch 86: no improvement (1/20)
Epoch 87/200, Batch 100, Aver_Loss: 524.8384
Epoch 87/200, Batch 200, Aver_Loss: 524.4516
Epoch 87/200, Batch 300, Aver_Loss: 525.2924
Epoch 87/200, Batch 400, Aver_Loss: 524.2628
[early-stopping] Epoch 87: no improvement (2/20)
Epoch 88/200, Batch 100, Aver_Loss: 524.1429
Epoch 88/200, Batch 200, Aver_Loss: 525.0112
Epoch 88/200, Batch 300, Aver_Loss: 524.8893
Epoch 88/200, Batch 400, Aver_Loss: 525.8411
[early-stopping] Epoch 88: no improvement (3/20)
Epoch 89/200, Batch 100, Aver_Loss: 523.2211
Epoch 89/200, Batch 200, Aver_Loss: 525.4120
Epoch 89/200, Batch 300, Aver_Loss: 525.0909
Epoch 89/200, Batch 400, Aver_Loss: 524.2070
[early-stopping] Epoch 89: no improvement (4/20)
Epoch 90/200, Batch 100, Aver_Loss: 523.5004
Epoch 90/200, Batch 200, Aver_Loss: 524.3050
Epoch 90/200, Batch 300, Aver_Loss: 524.6039
Epoch 90/200, Batch 400, Aver_Loss: 522.5898
[early-stopping] Epoch 90: no improvement (5/20)
Epoch 91/200, Batch 100, Aver_Loss: 522.2673
Epoch 91/200, Batch 200, Aver_Loss: 525.8950
Epoch 91/200, Batch 300, Aver_Loss: 523.9755
Epoch 91/200, Batch 400, Aver_Loss: 525.0571
[early-stopping] Epoch 91: no improvement (6/20)
Epoch 92/200, Batch 100, Aver_Loss: 524.5102
Epoch 92/200, Batch 200, Aver_Loss: 524.3740
Epoch 92/200, Batch 300, Aver_Loss: 523.4097
Epoch 92/200, Batch 400, Aver_Loss: 520.0043
[early-stopping] Epoch 92: no improvement (7/20)
Epoch 93/200, Batch 100, Aver_Loss: 525.6551
Epoch 93/200, Batch 200, Aver_Loss: 522.7641
Epoch 93/200, Batch 300, Aver_Loss: 521.9547
Epoch 93/200, Batch 400, Aver_Loss: 524.3160
[early-stopping] Epoch 93: no improvement (8/20)
Epoch 94/200, Batch 100, Aver_Loss: 521.2169
Epoch 94/200, Batch 200, Aver_Loss: 522.3370
Epoch 94/200, Batch 300, Aver_Loss: 524.4864
Epoch 94/200, Batch 400, Aver_Loss: 523.2543
[early-stopping] Epoch 94: no improvement (9/20)
Epoch 95/200, Batch 100, Aver_Loss: 523.5434
Epoch 95/200, Batch 200, Aver_Loss: 526.8330
Epoch 95/200, Batch 300, Aver_Loss: 524.0549
Epoch 95/200, Batch 400, Aver_Loss: 524.0305
[early-stopping] Epoch 95: no improvement (10/20)
Epoch 96/200, Batch 100, Aver_Loss: 522.1313
Epoch 96/200, Batch 200, Aver_Loss: 523.1002
Epoch 96/200, Batch 300, Aver_Loss: 525.9277
Epoch 96/200, Batch 400, Aver_Loss: 525.5551
[early-stopping] Epoch 96: new best val ELBO = -524.087835
Epoch 97/200, Batch 100, Aver_Loss: 524.2682
Epoch 97/200, Batch 200, Aver_Loss: 523.1670
Epoch 97/200, Batch 300, Aver_Loss: 525.6940
Epoch 97/200, Batch 400, Aver_Loss: 525.2999
[early-stopping] Epoch 97: no improvement (1/20)
Epoch 98/200, Batch 100, Aver_Loss: 523.9400
Epoch 98/200, Batch 200, Aver_Loss: 524.7604
Epoch 98/200, Batch 300, Aver_Loss: 524.8568
Epoch 98/200, Batch 400, Aver_Loss: 522.9636
[early-stopping] Epoch 98: new best val ELBO = -524.050594
Epoch 99/200, Batch 100, Aver_Loss: 525.3416
Epoch 99/200, Batch 200, Aver_Loss: 524.8293
Epoch 99/200, Batch 300, Aver_Loss: 523.4064
Epoch 99/200, Batch 400, Aver_Loss: 524.9631
[early-stopping] Epoch 99: no improvement (1/20)
Epoch 100/200, Batch 100, Aver_Loss: 524.7921
Epoch 100/200, Batch 200, Aver_Loss: 524.2192
Epoch 100/200, Batch 300, Aver_Loss: 523.2166
Epoch 100/200, Batch 400, Aver_Loss: 525.1031
[early-stopping] Epoch 100: no improvement (2/20)
Epoch 101/200, Batch 100, Aver_Loss: 522.7497
Epoch 101/200, Batch 200, Aver_Loss: 525.6387
Epoch 101/200, Batch 300, Aver_Loss: 522.6264
Epoch 101/200, Batch 400, Aver_Loss: 523.2047
[early-stopping] Epoch 101: no improvement (3/20)
Epoch 102/200, Batch 100, Aver_Loss: 523.9440
Epoch 102/200, Batch 200, Aver_Loss: 526.6328
Epoch 102/200, Batch 300, Aver_Loss: 523.5464
Epoch 102/200, Batch 400, Aver_Loss: 523.2197
[early-stopping] Epoch 102: no improvement (4/20)
Epoch 103/200, Batch 100, Aver_Loss: 521.6180
Epoch 103/200, Batch 200, Aver_Loss: 523.0007
Epoch 103/200, Batch 300, Aver_Loss: 522.1077
Epoch 103/200, Batch 400, Aver_Loss: 524.4388
[early-stopping] Epoch 103: no improvement (5/20)
Epoch 104/200, Batch 100, Aver_Loss: 524.4225
Epoch 104/200, Batch 200, Aver_Loss: 523.7657
Epoch 104/200, Batch 300, Aver_Loss: 524.7026
Epoch 104/200, Batch 400, Aver_Loss: 523.5811
[early-stopping] Epoch 104: no improvement (6/20)
Epoch 105/200, Batch 100, Aver_Loss: 524.3267
Epoch 105/200, Batch 200, Aver_Loss: 525.2348
Epoch 105/200, Batch 300, Aver_Loss: 524.1019
Epoch 105/200, Batch 400, Aver_Loss: 523.2974
[early-stopping] Epoch 105: new best val ELBO = -524.034732
Epoch 106/200, Batch 100, Aver_Loss: 523.0822
Epoch 106/200, Batch 200, Aver_Loss: 519.1581
Epoch 106/200, Batch 300, Aver_Loss: 525.2481
Epoch 106/200, Batch 400, Aver_Loss: 520.8877
[early-stopping] Epoch 106: no improvement (1/20)
Epoch 107/200, Batch 100, Aver_Loss: 523.1450
Epoch 107/200, Batch 200, Aver_Loss: 523.8988
Epoch 107/200, Batch 300, Aver_Loss: 522.4481
Epoch 107/200, Batch 400, Aver_Loss: 522.8554
[early-stopping] Epoch 107: no improvement (2/20)
Epoch 108/200, Batch 100, Aver_Loss: 521.0684
Epoch 108/200, Batch 200, Aver_Loss: 524.0048
Epoch 108/200, Batch 300, Aver_Loss: 522.1050
Epoch 108/200, Batch 400, Aver_Loss: 522.6741
[early-stopping] Epoch 108: no improvement (3/20)
Epoch 109/200, Batch 100, Aver_Loss: 523.7191
Epoch 109/200, Batch 200, Aver_Loss: 526.1378
Epoch 109/200, Batch 300, Aver_Loss: 521.6646
Epoch 109/200, Batch 400, Aver_Loss: 526.3956
[early-stopping] Epoch 109: no improvement (4/20)
Epoch 110/200, Batch 100, Aver_Loss: 522.9576
Epoch 110/200, Batch 200, Aver_Loss: 524.5793
Epoch 110/200, Batch 300, Aver_Loss: 522.9461
Epoch 110/200, Batch 400, Aver_Loss: 524.1584
[early-stopping] Epoch 110: no improvement (5/20)
Epoch 111/200, Batch 100, Aver_Loss: 524.2406
Epoch 111/200, Batch 200, Aver_Loss: 524.2970
Epoch 111/200, Batch 300, Aver_Loss: 522.0076
Epoch 111/200, Batch 400, Aver_Loss: 525.2313
[early-stopping] Epoch 111: no improvement (6/20)
Epoch 112/200, Batch 100, Aver_Loss: 520.8788
Epoch 112/200, Batch 200, Aver_Loss: 524.3157
Epoch 112/200, Batch 300, Aver_Loss: 524.7930
Epoch 112/200, Batch 400, Aver_Loss: 522.3306
[early-stopping] Epoch 112: no improvement (7/20)
Epoch 113/200, Batch 100, Aver_Loss: 523.0960
Epoch 113/200, Batch 200, Aver_Loss: 524.6641
Epoch 113/200, Batch 300, Aver_Loss: 522.5414
Epoch 113/200, Batch 400, Aver_Loss: 524.3708
[early-stopping] Epoch 113: no improvement (8/20)
Epoch 114/200, Batch 100, Aver_Loss: 524.5471
Epoch 114/200, Batch 200, Aver_Loss: 522.2371
Epoch 114/200, Batch 300, Aver_Loss: 524.7325
Epoch 114/200, Batch 400, Aver_Loss: 526.5445
[early-stopping] Epoch 114: no improvement (9/20)
Epoch 115/200, Batch 100, Aver_Loss: 524.6458
Epoch 115/200, Batch 200, Aver_Loss: 523.8040
Epoch 115/200, Batch 300, Aver_Loss: 524.4437
Epoch 115/200, Batch 400, Aver_Loss: 524.9901
[early-stopping] Epoch 115: new best val ELBO = -523.983723
Epoch 116/200, Batch 100, Aver_Loss: 524.3033
Epoch 116/200, Batch 200, Aver_Loss: 528.1118
Epoch 116/200, Batch 300, Aver_Loss: 524.7152
Epoch 116/200, Batch 400, Aver_Loss: 522.7173
[early-stopping] Epoch 116: no improvement (1/20)
Epoch 117/200, Batch 100, Aver_Loss: 523.8577
Epoch 117/200, Batch 200, Aver_Loss: 524.6987
Epoch 117/200, Batch 300, Aver_Loss: 523.3359
Epoch 117/200, Batch 400, Aver_Loss: 524.6619
[early-stopping] Epoch 117: no improvement (2/20)
Epoch 118/200, Batch 100, Aver_Loss: 522.5991
Epoch 118/200, Batch 200, Aver_Loss: 521.2133
Epoch 118/200, Batch 300, Aver_Loss: 525.2647
Epoch 118/200, Batch 400, Aver_Loss: 522.2173
[early-stopping] Epoch 118: no improvement (3/20)
Epoch 119/200, Batch 100, Aver_Loss: 522.1194
Epoch 119/200, Batch 200, Aver_Loss: 523.1679
Epoch 119/200, Batch 300, Aver_Loss: 526.1625
Epoch 119/200, Batch 400, Aver_Loss: 523.6243
[early-stopping] Epoch 119: no improvement (4/20)
Epoch 120/200, Batch 100, Aver_Loss: 525.2723
Epoch 120/200, Batch 200, Aver_Loss: 521.4038
Epoch 120/200, Batch 300, Aver_Loss: 525.6387
Epoch 120/200, Batch 400, Aver_Loss: 524.7845
[early-stopping] Epoch 120: no improvement (5/20)
Epoch 121/200, Batch 100, Aver_Loss: 525.2968
Epoch 121/200, Batch 200, Aver_Loss: 524.2867
Epoch 121/200, Batch 300, Aver_Loss: 525.9892
Epoch 121/200, Batch 400, Aver_Loss: 521.8822
[early-stopping] Epoch 121: no improvement (6/20)
Epoch 122/200, Batch 100, Aver_Loss: 522.8117
Epoch 122/200, Batch 200, Aver_Loss: 525.3314
Epoch 122/200, Batch 300, Aver_Loss: 526.0853
Epoch 122/200, Batch 400, Aver_Loss: 523.5977
[early-stopping] Epoch 122: no improvement (7/20)
Epoch 123/200, Batch 100, Aver_Loss: 522.8281
Epoch 123/200, Batch 200, Aver_Loss: 524.1055
Epoch 123/200, Batch 300, Aver_Loss: 524.6799
Epoch 123/200, Batch 400, Aver_Loss: 525.3102
[early-stopping] Epoch 123: no improvement (8/20)
Epoch 124/200, Batch 100, Aver_Loss: 524.5790
Epoch 124/200, Batch 200, Aver_Loss: 523.1013
Epoch 124/200, Batch 300, Aver_Loss: 524.4944
Epoch 124/200, Batch 400, Aver_Loss: 525.5352
[early-stopping] Epoch 124: new best val ELBO = -523.963529
Epoch 125/200, Batch 100, Aver_Loss: 523.9719
Epoch 125/200, Batch 200, Aver_Loss: 524.4023
Epoch 125/200, Batch 300, Aver_Loss: 522.8176
Epoch 125/200, Batch 400, Aver_Loss: 522.6538
[early-stopping] Epoch 125: no improvement (1/20)
Epoch 126/200, Batch 100, Aver_Loss: 525.7509
Epoch 126/200, Batch 200, Aver_Loss: 522.6670
Epoch 126/200, Batch 300, Aver_Loss: 522.7650
Epoch 126/200, Batch 400, Aver_Loss: 524.9974
[early-stopping] Epoch 126: no improvement (2/20)
Epoch 127/200, Batch 100, Aver_Loss: 524.7798
Epoch 127/200, Batch 200, Aver_Loss: 524.0079
Epoch 127/200, Batch 300, Aver_Loss: 523.5110
Epoch 127/200, Batch 400, Aver_Loss: 524.5690
[early-stopping] Epoch 127: no improvement (3/20)
Epoch 128/200, Batch 100, Aver_Loss: 525.3306
Epoch 128/200, Batch 200, Aver_Loss: 521.7266
Epoch 128/200, Batch 300, Aver_Loss: 522.6783
Epoch 128/200, Batch 400, Aver_Loss: 523.7908
[early-stopping] Epoch 128: no improvement (4/20)
Epoch 129/200, Batch 100, Aver_Loss: 524.9877
Epoch 129/200, Batch 200, Aver_Loss: 523.0499
Epoch 129/200, Batch 300, Aver_Loss: 525.6594
Epoch 129/200, Batch 400, Aver_Loss: 520.9591
[early-stopping] Epoch 129: no improvement (5/20)
Epoch 130/200, Batch 100, Aver_Loss: 523.2551
Epoch 130/200, Batch 200, Aver_Loss: 523.8634
Epoch 130/200, Batch 300, Aver_Loss: 521.6640
Epoch 130/200, Batch 400, Aver_Loss: 526.4841
[early-stopping] Epoch 130: no improvement (6/20)
Epoch 131/200, Batch 100, Aver_Loss: 526.1208
Epoch 131/200, Batch 200, Aver_Loss: 522.9160
Epoch 131/200, Batch 300, Aver_Loss: 521.5781
Epoch 131/200, Batch 400, Aver_Loss: 523.0272
[early-stopping] Epoch 131: no improvement (7/20)
Epoch 132/200, Batch 100, Aver_Loss: 524.2324
Epoch 132/200, Batch 200, Aver_Loss: 524.5297
Epoch 132/200, Batch 300, Aver_Loss: 523.2776
Epoch 132/200, Batch 400, Aver_Loss: 523.6160
[early-stopping] Epoch 132: new best val ELBO = -523.954658
Epoch 133/200, Batch 100, Aver_Loss: 526.3926
Epoch 133/200, Batch 200, Aver_Loss: 523.6058
Epoch 133/200, Batch 300, Aver_Loss: 524.3852
Epoch 133/200, Batch 400, Aver_Loss: 524.0604
[early-stopping] Epoch 133: no improvement (1/20)
Epoch 134/200, Batch 100, Aver_Loss: 522.2997
Epoch 134/200, Batch 200, Aver_Loss: 521.6477
Epoch 134/200, Batch 300, Aver_Loss: 523.2156
Epoch 134/200, Batch 400, Aver_Loss: 524.5691
[early-stopping] Epoch 134: no improvement (2/20)
Epoch 135/200, Batch 100, Aver_Loss: 521.9539
Epoch 135/200, Batch 200, Aver_Loss: 523.2244
Epoch 135/200, Batch 300, Aver_Loss: 522.4950
Epoch 135/200, Batch 400, Aver_Loss: 524.1238
[early-stopping] Epoch 135: no improvement (3/20)
Epoch 136/200, Batch 100, Aver_Loss: 526.9694
Epoch 136/200, Batch 200, Aver_Loss: 525.5961
Epoch 136/200, Batch 300, Aver_Loss: 521.7559
Epoch 136/200, Batch 400, Aver_Loss: 527.2415
[early-stopping] Epoch 136: no improvement (4/20)
Epoch 137/200, Batch 100, Aver_Loss: 525.2754
Epoch 137/200, Batch 200, Aver_Loss: 524.0663
Epoch 137/200, Batch 300, Aver_Loss: 524.1584
Epoch 137/200, Batch 400, Aver_Loss: 522.2809
[early-stopping] Epoch 137: no improvement (5/20)
Epoch 138/200, Batch 100, Aver_Loss: 526.0023
Epoch 138/200, Batch 200, Aver_Loss: 522.7723
Epoch 138/200, Batch 300, Aver_Loss: 525.6843
Epoch 138/200, Batch 400, Aver_Loss: 523.6982
[early-stopping] Epoch 138: no improvement (6/20)
Epoch 139/200, Batch 100, Aver_Loss: 525.2070
Epoch 139/200, Batch 200, Aver_Loss: 522.5068
Epoch 139/200, Batch 300, Aver_Loss: 524.0037
Epoch 139/200, Batch 400, Aver_Loss: 523.2664
[early-stopping] Epoch 139: no improvement (7/20)
Epoch 140/200, Batch 100, Aver_Loss: 525.3209
Epoch 140/200, Batch 200, Aver_Loss: 523.2893
Epoch 140/200, Batch 300, Aver_Loss: 524.0137
Epoch 140/200, Batch 400, Aver_Loss: 524.0929
[early-stopping] Epoch 140: no improvement (8/20)
Epoch 141/200, Batch 100, Aver_Loss: 523.2811
Epoch 141/200, Batch 200, Aver_Loss: 523.4382
Epoch 141/200, Batch 300, Aver_Loss: 523.1664
Epoch 141/200, Batch 400, Aver_Loss: 521.5836
[early-stopping] Epoch 141: no improvement (9/20)
Epoch 142/200, Batch 100, Aver_Loss: 523.6473
Epoch 142/200, Batch 200, Aver_Loss: 523.7535
Epoch 142/200, Batch 300, Aver_Loss: 524.0645
Epoch 142/200, Batch 400, Aver_Loss: 524.3476
[early-stopping] Epoch 142: no improvement (10/20)
Epoch 143/200, Batch 100, Aver_Loss: 522.8065
Epoch 143/200, Batch 200, Aver_Loss: 520.8986
Epoch 143/200, Batch 300, Aver_Loss: 525.4009
Epoch 143/200, Batch 400, Aver_Loss: 524.0302
[early-stopping] Epoch 143: no improvement (11/20)
Epoch 144/200, Batch 100, Aver_Loss: 524.1157
Epoch 144/200, Batch 200, Aver_Loss: 527.4579
Epoch 144/200, Batch 300, Aver_Loss: 526.3350
Epoch 144/200, Batch 400, Aver_Loss: 525.1728
[early-stopping] Epoch 144: no improvement (12/20)
Epoch 145/200, Batch 100, Aver_Loss: 519.7945
Epoch 145/200, Batch 200, Aver_Loss: 523.7275
Epoch 145/200, Batch 300, Aver_Loss: 522.3588
Epoch 145/200, Batch 400, Aver_Loss: 518.8846
[early-stopping] Epoch 145: no improvement (13/20)
Epoch 146/200, Batch 100, Aver_Loss: 524.4503
Epoch 146/200, Batch 200, Aver_Loss: 522.6733
Epoch 146/200, Batch 300, Aver_Loss: 523.6874
Epoch 146/200, Batch 400, Aver_Loss: 522.9712
[early-stopping] Epoch 146: no improvement (14/20)
Epoch 147/200, Batch 100, Aver_Loss: 523.9420
Epoch 147/200, Batch 200, Aver_Loss: 521.4255
Epoch 147/200, Batch 300, Aver_Loss: 524.9255
Epoch 147/200, Batch 400, Aver_Loss: 522.9272
[early-stopping] Epoch 147: new best val ELBO = -523.935483
Epoch 148/200, Batch 100, Aver_Loss: 522.9948
Epoch 148/200, Batch 200, Aver_Loss: 522.3894
Epoch 148/200, Batch 300, Aver_Loss: 525.0145
Epoch 148/200, Batch 400, Aver_Loss: 523.7361
[early-stopping] Epoch 148: no improvement (1/20)
Epoch 149/200, Batch 100, Aver_Loss: 524.6245
Epoch 149/200, Batch 200, Aver_Loss: 525.2394
Epoch 149/200, Batch 300, Aver_Loss: 526.3123
Epoch 149/200, Batch 400, Aver_Loss: 522.1171
[early-stopping] Epoch 149: no improvement (2/20)
Epoch 150/200, Batch 100, Aver_Loss: 522.1900
Epoch 150/200, Batch 200, Aver_Loss: 523.6107
Epoch 150/200, Batch 300, Aver_Loss: 519.6148
Epoch 150/200, Batch 400, Aver_Loss: 523.7236
[early-stopping] Epoch 150: new best val ELBO = -523.930700
Epoch 151/200, Batch 100, Aver_Loss: 522.7527
Epoch 151/200, Batch 200, Aver_Loss: 523.0323
Epoch 151/200, Batch 300, Aver_Loss: 523.2127
Epoch 151/200, Batch 400, Aver_Loss: 520.5912
[early-stopping] Epoch 151: no improvement (1/20)
Epoch 152/200, Batch 100, Aver_Loss: 522.9539
Epoch 152/200, Batch 200, Aver_Loss: 520.7354
Epoch 152/200, Batch 300, Aver_Loss: 522.0472
Epoch 152/200, Batch 400, Aver_Loss: 524.3210
[early-stopping] Epoch 152: no improvement (2/20)
Epoch 153/200, Batch 100, Aver_Loss: 521.2628
Epoch 153/200, Batch 200, Aver_Loss: 521.6003
Epoch 153/200, Batch 300, Aver_Loss: 524.9240
Epoch 153/200, Batch 400, Aver_Loss: 523.1277
[early-stopping] Epoch 153: no improvement (3/20)
Epoch 154/200, Batch 100, Aver_Loss: 522.0400
Epoch 154/200, Batch 200, Aver_Loss: 521.0881
Epoch 154/200, Batch 300, Aver_Loss: 525.2842
Epoch 154/200, Batch 400, Aver_Loss: 521.9037
[early-stopping] Epoch 154: no improvement (4/20)
Epoch 155/200, Batch 100, Aver_Loss: 524.6221
Epoch 155/200, Batch 200, Aver_Loss: 522.0906
Epoch 155/200, Batch 300, Aver_Loss: 523.5345
Epoch 155/200, Batch 400, Aver_Loss: 524.9036
[early-stopping] Epoch 155: new best val ELBO = -523.918841
Epoch 156/200, Batch 100, Aver_Loss: 525.6684
Epoch 156/200, Batch 200, Aver_Loss: 523.4276
Epoch 156/200, Batch 300, Aver_Loss: 523.0397
Epoch 156/200, Batch 400, Aver_Loss: 523.8447
[early-stopping] Epoch 156: new best val ELBO = -523.902916
Epoch 157/200, Batch 100, Aver_Loss: 522.1860
Epoch 157/200, Batch 200, Aver_Loss: 523.5916
Epoch 157/200, Batch 300, Aver_Loss: 522.1822
Epoch 157/200, Batch 400, Aver_Loss: 526.6657
[early-stopping] Epoch 157: no improvement (1/20)
Epoch 158/200, Batch 100, Aver_Loss: 524.3674
Epoch 158/200, Batch 200, Aver_Loss: 523.2196
Epoch 158/200, Batch 300, Aver_Loss: 523.0688
Epoch 158/200, Batch 400, Aver_Loss: 524.1478
[early-stopping] Epoch 158: no improvement (2/20)
Epoch 159/200, Batch 100, Aver_Loss: 522.0068
Epoch 159/200, Batch 200, Aver_Loss: 526.4809
Epoch 159/200, Batch 300, Aver_Loss: 521.2490
Epoch 159/200, Batch 400, Aver_Loss: 524.3429
[early-stopping] Epoch 159: no improvement (3/20)
Epoch 160/200, Batch 100, Aver_Loss: 520.8645
Epoch 160/200, Batch 200, Aver_Loss: 524.8928
Epoch 160/200, Batch 300, Aver_Loss: 524.5123
Epoch 160/200, Batch 400, Aver_Loss: 525.5143
[early-stopping] Epoch 160: no improvement (4/20)
Epoch 161/200, Batch 100, Aver_Loss: 522.8719
Epoch 161/200, Batch 200, Aver_Loss: 521.9340
Epoch 161/200, Batch 300, Aver_Loss: 525.7845
Epoch 161/200, Batch 400, Aver_Loss: 523.0859
[early-stopping] Epoch 161: no improvement (5/20)
Epoch 162/200, Batch 100, Aver_Loss: 526.1663
Epoch 162/200, Batch 200, Aver_Loss: 526.8681
Epoch 162/200, Batch 300, Aver_Loss: 523.1237
Epoch 162/200, Batch 400, Aver_Loss: 523.2723
[early-stopping] Epoch 162: new best val ELBO = -523.881860
Epoch 163/200, Batch 100, Aver_Loss: 522.5176
Epoch 163/200, Batch 200, Aver_Loss: 521.8378
Epoch 163/200, Batch 300, Aver_Loss: 524.5212
Epoch 163/200, Batch 400, Aver_Loss: 522.3189
[early-stopping] Epoch 163: no improvement (1/20)
Epoch 164/200, Batch 100, Aver_Loss: 521.8699
Epoch 164/200, Batch 200, Aver_Loss: 525.2642
Epoch 164/200, Batch 300, Aver_Loss: 521.8741
Epoch 164/200, Batch 400, Aver_Loss: 521.7020
[early-stopping] Epoch 164: no improvement (2/20)
Epoch 165/200, Batch 100, Aver_Loss: 522.6266
Epoch 165/200, Batch 200, Aver_Loss: 522.2748
Epoch 165/200, Batch 300, Aver_Loss: 520.1899
Epoch 165/200, Batch 400, Aver_Loss: 523.6899
[early-stopping] Epoch 165: no improvement (3/20)
Epoch 166/200, Batch 100, Aver_Loss: 524.7490
Epoch 166/200, Batch 200, Aver_Loss: 522.8835
Epoch 166/200, Batch 300, Aver_Loss: 521.3398
Epoch 166/200, Batch 400, Aver_Loss: 525.2066
[early-stopping] Epoch 166: no improvement (4/20)
Epoch 167/200, Batch 100, Aver_Loss: 521.2325
Epoch 167/200, Batch 200, Aver_Loss: 523.2395
Epoch 167/200, Batch 300, Aver_Loss: 522.3370
Epoch 167/200, Batch 400, Aver_Loss: 523.2655
[early-stopping] Epoch 167: no improvement (5/20)
Epoch 168/200, Batch 100, Aver_Loss: 524.6636
Epoch 168/200, Batch 200, Aver_Loss: 522.5073
Epoch 168/200, Batch 300, Aver_Loss: 526.6151
Epoch 168/200, Batch 400, Aver_Loss: 523.1533
[early-stopping] Epoch 168: no improvement (6/20)
Epoch 169/200, Batch 100, Aver_Loss: 525.0577
Epoch 169/200, Batch 200, Aver_Loss: 524.5929
Epoch 169/200, Batch 300, Aver_Loss: 523.1824
Epoch 169/200, Batch 400, Aver_Loss: 523.4656
[early-stopping] Epoch 169: no improvement (7/20)
Epoch 170/200, Batch 100, Aver_Loss: 522.8533
Epoch 170/200, Batch 200, Aver_Loss: 522.1486
Epoch 170/200, Batch 300, Aver_Loss: 524.5712
Epoch 170/200, Batch 400, Aver_Loss: 523.9645
[early-stopping] Epoch 170: no improvement (8/20)
Epoch 171/200, Batch 100, Aver_Loss: 525.9340
Epoch 171/200, Batch 200, Aver_Loss: 524.2159
Epoch 171/200, Batch 300, Aver_Loss: 524.7102
Epoch 171/200, Batch 400, Aver_Loss: 522.2767
[early-stopping] Epoch 171: no improvement (9/20)
Epoch 172/200, Batch 100, Aver_Loss: 523.1777
Epoch 172/200, Batch 200, Aver_Loss: 524.7645
Epoch 172/200, Batch 300, Aver_Loss: 525.5167
Epoch 172/200, Batch 400, Aver_Loss: 520.6440
[early-stopping] Epoch 172: no improvement (10/20)
Epoch 173/200, Batch 100, Aver_Loss: 523.8325
Epoch 173/200, Batch 200, Aver_Loss: 525.4291
Epoch 173/200, Batch 300, Aver_Loss: 523.9675
Epoch 173/200, Batch 400, Aver_Loss: 524.1788
[early-stopping] Epoch 173: new best val ELBO = -523.851599
Epoch 174/200, Batch 100, Aver_Loss: 522.4883
Epoch 174/200, Batch 200, Aver_Loss: 522.2305
Epoch 174/200, Batch 300, Aver_Loss: 524.0543
Epoch 174/200, Batch 400, Aver_Loss: 522.0989
[early-stopping] Epoch 174: no improvement (1/20)
Epoch 175/200, Batch 100, Aver_Loss: 521.6861
Epoch 175/200, Batch 200, Aver_Loss: 525.4609
Epoch 175/200, Batch 300, Aver_Loss: 526.1289
Epoch 175/200, Batch 400, Aver_Loss: 522.4731
[early-stopping] Epoch 175: no improvement (2/20)
Epoch 176/200, Batch 100, Aver_Loss: 524.2864
Epoch 176/200, Batch 200, Aver_Loss: 524.7669
Epoch 176/200, Batch 300, Aver_Loss: 526.2464
Epoch 176/200, Batch 400, Aver_Loss: 520.8003
[early-stopping] Epoch 176: no improvement (3/20)
Epoch 177/200, Batch 100, Aver_Loss: 524.1046
Epoch 177/200, Batch 200, Aver_Loss: 524.1657
Epoch 177/200, Batch 300, Aver_Loss: 525.5787
Epoch 177/200, Batch 400, Aver_Loss: 524.5921
[early-stopping] Epoch 177: no improvement (4/20)
Epoch 178/200, Batch 100, Aver_Loss: 522.4847
Epoch 178/200, Batch 200, Aver_Loss: 522.9208
Epoch 178/200, Batch 300, Aver_Loss: 522.1502
Epoch 178/200, Batch 400, Aver_Loss: 523.6867
[early-stopping] Epoch 178: no improvement (5/20)
Epoch 179/200, Batch 100, Aver_Loss: 523.5587
Epoch 179/200, Batch 200, Aver_Loss: 524.4014
Epoch 179/200, Batch 300, Aver_Loss: 525.1888
Epoch 179/200, Batch 400, Aver_Loss: 520.7975
[early-stopping] Epoch 179: no improvement (6/20)
Epoch 180/200, Batch 100, Aver_Loss: 522.1109
Epoch 180/200, Batch 200, Aver_Loss: 522.0340
Epoch 180/200, Batch 300, Aver_Loss: 522.1707
Epoch 180/200, Batch 400, Aver_Loss: 525.0370
[early-stopping] Epoch 180: no improvement (7/20)
Epoch 181/200, Batch 100, Aver_Loss: 523.7426
Epoch 181/200, Batch 200, Aver_Loss: 524.0955
Epoch 181/200, Batch 300, Aver_Loss: 526.5486
Epoch 181/200, Batch 400, Aver_Loss: 521.2672
[early-stopping] Epoch 181: no improvement (8/20)
Epoch 182/200, Batch 100, Aver_Loss: 525.7531
Epoch 182/200, Batch 200, Aver_Loss: 522.2980
Epoch 182/200, Batch 300, Aver_Loss: 526.1677
Epoch 182/200, Batch 400, Aver_Loss: 523.9932
[early-stopping] Epoch 182: no improvement (9/20)
Epoch 183/200, Batch 100, Aver_Loss: 522.1620
Epoch 183/200, Batch 200, Aver_Loss: 521.0084
Epoch 183/200, Batch 300, Aver_Loss: 523.1458
Epoch 183/200, Batch 400, Aver_Loss: 522.4077
[early-stopping] Epoch 183: no improvement (10/20)
Epoch 184/200, Batch 100, Aver_Loss: 523.3645
Epoch 184/200, Batch 200, Aver_Loss: 523.9717
Epoch 184/200, Batch 300, Aver_Loss: 523.1389
Epoch 184/200, Batch 400, Aver_Loss: 522.9837
[early-stopping] Epoch 184: no improvement (11/20)
Epoch 185/200, Batch 100, Aver_Loss: 524.3200
Epoch 185/200, Batch 200, Aver_Loss: 524.2004
Epoch 185/200, Batch 300, Aver_Loss: 523.7754
Epoch 185/200, Batch 400, Aver_Loss: 525.4844
[early-stopping] Epoch 185: no improvement (12/20)
Epoch 186/200, Batch 100, Aver_Loss: 524.6252
Epoch 186/200, Batch 200, Aver_Loss: 524.8840
Epoch 186/200, Batch 300, Aver_Loss: 525.0273
Epoch 186/200, Batch 400, Aver_Loss: 521.8545
[early-stopping] Epoch 186: no improvement (13/20)
Epoch 187/200, Batch 100, Aver_Loss: 523.9758
Epoch 187/200, Batch 200, Aver_Loss: 525.5134
Epoch 187/200, Batch 300, Aver_Loss: 524.9066
Epoch 187/200, Batch 400, Aver_Loss: 523.1070
[early-stopping] Epoch 187: no improvement (14/20)
Epoch 188/200, Batch 100, Aver_Loss: 524.5993
Epoch 188/200, Batch 200, Aver_Loss: 523.0906
Epoch 188/200, Batch 300, Aver_Loss: 523.6569
Epoch 188/200, Batch 400, Aver_Loss: 523.5364
[early-stopping] Epoch 188: no improvement (15/20)
Epoch 189/200, Batch 100, Aver_Loss: 524.6110
Epoch 189/200, Batch 200, Aver_Loss: 523.7835
Epoch 189/200, Batch 300, Aver_Loss: 524.1184
Epoch 189/200, Batch 400, Aver_Loss: 522.0096
[early-stopping] Epoch 189: no improvement (16/20)
Epoch 190/200, Batch 100, Aver_Loss: 522.0150
Epoch 190/200, Batch 200, Aver_Loss: 520.4111
Epoch 190/200, Batch 300, Aver_Loss: 524.1378
Epoch 190/200, Batch 400, Aver_Loss: 526.1509
[early-stopping] Epoch 190: no improvement (17/20)
Epoch 191/200, Batch 100, Aver_Loss: 524.0605
Epoch 191/200, Batch 200, Aver_Loss: 525.4254
Epoch 191/200, Batch 300, Aver_Loss: 523.7260
Epoch 191/200, Batch 400, Aver_Loss: 521.9232
[early-stopping] Epoch 191: no improvement (18/20)
Epoch 192/200, Batch 100, Aver_Loss: 521.0164
Epoch 192/200, Batch 200, Aver_Loss: 524.4525
Epoch 192/200, Batch 300, Aver_Loss: 523.2466
Epoch 192/200, Batch 400, Aver_Loss: 524.8338
[early-stopping] Epoch 192: no improvement (19/20)
Epoch 193/200, Batch 100, Aver_Loss: 523.3514
Epoch 193/200, Batch 200, Aver_Loss: 523.8430
Epoch 193/200, Batch 300, Aver_Loss: 523.2001
Epoch 193/200, Batch 400, Aver_Loss: 525.5391
[early-stopping] Epoch 193: no improvement (20/20)
[early-stopping] Patience reached. Stopping at epoch 193. Best epoch: 173, best val ELBO: -523.851599
[early-stopping] Loaded best model from epoch 173 (val ELBO = -523.851599)
[checkpoint] Saved best model to: trained_parameters/mnist_background_random_zdim16_MVAE.pkl
[saved curves] ./results/MNIST_BG_RANDOM/curves/mnist_background_random_mvae_d16_s777.json

==== Evaluation Summary ====
                 model: mvae
   recon/mse_per_pixel: 0.080788
            elbo/train: -523.516805
             elbo/test: -523.934839
             mse/train: 0.080526
              mse/test: 0.080788
             probe/acc: 0.798548
             probe/nll: 0.617834
           probe/brier: 0.285350
             probe/ece: 0.027599
           cluster/nmi: 0.468287
           cluster/ari: 0.358281
============================

