/usr/bin/which: no fi_info in (/arf/home/meyavuz/.local/bin:/arf/sw/comp/python/intelpython3/condabin:/arf/sw/comp/python/intelpython3/bin:/usr/share/Modules/bin:/usr/local/bin:/usr/bin:/usr/local/sbin:/usr/sbin)
Extension for Scikit-learn* enabled (https://github.com/uxlfoundation/scikit-learn-intelex)
/arf/home/meyavuz/.conda/envs/sbn/lib/python3.9/site-packages/sklearn/linear_model/_logistic.py:1247: FutureWarning: 'multi_class' was deprecated in version 1.5 and will be removed in 1.7. From then on, it will always use 'multinomial'. Leave it to its default value to avoid this warning.
  warnings.warn(
Epoch 1/200, Batch 100, Aver_Loss: 509.6877
Epoch 1/200, Batch 200, Aver_Loss: 506.4649
Epoch 1/200, Batch 300, Aver_Loss: 507.8917
Epoch 1/200, Batch 400, Aver_Loss: 507.3522
[early-stopping] Epoch 1: new best val ELBO = -501.269896
Epoch 2/200, Batch 100, Aver_Loss: 502.0234
Epoch 2/200, Batch 200, Aver_Loss: 500.9939
Epoch 2/200, Batch 300, Aver_Loss: 495.1127
Epoch 2/200, Batch 400, Aver_Loss: 489.3380
[early-stopping] Epoch 2: new best val ELBO = -492.437392
Epoch 3/200, Batch 100, Aver_Loss: 490.2506
Epoch 3/200, Batch 200, Aver_Loss: 487.7909
Epoch 3/200, Batch 300, Aver_Loss: 493.5968
Epoch 3/200, Batch 400, Aver_Loss: 482.1389
[early-stopping] Epoch 3: new best val ELBO = -488.435584
Epoch 4/200, Batch 100, Aver_Loss: 490.2626
Epoch 4/200, Batch 200, Aver_Loss: 489.8513
Epoch 4/200, Batch 300, Aver_Loss: 478.2641
Epoch 4/200, Batch 400, Aver_Loss: 484.3926
[early-stopping] Epoch 4: new best val ELBO = -486.987401
Epoch 5/200, Batch 100, Aver_Loss: 491.1562
Epoch 5/200, Batch 200, Aver_Loss: 481.1879
Epoch 5/200, Batch 300, Aver_Loss: 496.5309
Epoch 5/200, Batch 400, Aver_Loss: 485.6330
[early-stopping] Epoch 5: new best val ELBO = -486.607769
Epoch 6/200, Batch 100, Aver_Loss: 479.4868
Epoch 6/200, Batch 200, Aver_Loss: 487.4925
Epoch 6/200, Batch 300, Aver_Loss: 481.5299
Epoch 6/200, Batch 400, Aver_Loss: 487.5514
[early-stopping] Epoch 6: new best val ELBO = -486.109300
Epoch 7/200, Batch 100, Aver_Loss: 488.1139
Epoch 7/200, Batch 200, Aver_Loss: 488.9385
Epoch 7/200, Batch 300, Aver_Loss: 484.5248
Epoch 7/200, Batch 400, Aver_Loss: 485.9417
[early-stopping] Epoch 7: new best val ELBO = -485.727426
Epoch 8/200, Batch 100, Aver_Loss: 482.9358
Epoch 8/200, Batch 200, Aver_Loss: 488.5003
Epoch 8/200, Batch 300, Aver_Loss: 481.4882
Epoch 8/200, Batch 400, Aver_Loss: 480.1108
[early-stopping] Epoch 8: new best val ELBO = -485.041199
Epoch 9/200, Batch 100, Aver_Loss: 487.0532
Epoch 9/200, Batch 200, Aver_Loss: 490.8380
Epoch 9/200, Batch 300, Aver_Loss: 483.3847
Epoch 9/200, Batch 400, Aver_Loss: 489.7745
[early-stopping] Epoch 9: no improvement (1/20)
Epoch 10/200, Batch 100, Aver_Loss: 476.5982
Epoch 10/200, Batch 200, Aver_Loss: 481.8763
Epoch 10/200, Batch 300, Aver_Loss: 478.4030
Epoch 10/200, Batch 400, Aver_Loss: 481.9253
[early-stopping] Epoch 10: new best val ELBO = -484.893776
Epoch 11/200, Batch 100, Aver_Loss: 491.4816
Epoch 11/200, Batch 200, Aver_Loss: 480.5081
Epoch 11/200, Batch 300, Aver_Loss: 478.5818
Epoch 11/200, Batch 400, Aver_Loss: 493.3123
[early-stopping] Epoch 11: no improvement (1/20)
Epoch 12/200, Batch 100, Aver_Loss: 488.9641
Epoch 12/200, Batch 200, Aver_Loss: 485.6028
Epoch 12/200, Batch 300, Aver_Loss: 485.4644
Epoch 12/200, Batch 400, Aver_Loss: 484.4718
[early-stopping] Epoch 12: new best val ELBO = -484.770758
Epoch 13/200, Batch 100, Aver_Loss: 489.9001
Epoch 13/200, Batch 200, Aver_Loss: 482.9986
Epoch 13/200, Batch 300, Aver_Loss: 484.1003
Epoch 13/200, Batch 400, Aver_Loss: 491.9640
[early-stopping] Epoch 13: new best val ELBO = -484.757459
Epoch 14/200, Batch 100, Aver_Loss: 485.6471
Epoch 14/200, Batch 200, Aver_Loss: 485.2054
Epoch 14/200, Batch 300, Aver_Loss: 477.6862
Epoch 14/200, Batch 400, Aver_Loss: 485.8193
[early-stopping] Epoch 14: new best val ELBO = -484.606966
Epoch 15/200, Batch 100, Aver_Loss: 485.2855
Epoch 15/200, Batch 200, Aver_Loss: 487.0351
Epoch 15/200, Batch 300, Aver_Loss: 472.2548
Epoch 15/200, Batch 400, Aver_Loss: 476.3506
[early-stopping] Epoch 15: no improvement (1/20)
Epoch 16/200, Batch 100, Aver_Loss: 482.9900
Epoch 16/200, Batch 200, Aver_Loss: 481.3684
Epoch 16/200, Batch 300, Aver_Loss: 485.2324
Epoch 16/200, Batch 400, Aver_Loss: 487.2802
[early-stopping] Epoch 16: new best val ELBO = -484.325725
Epoch 17/200, Batch 100, Aver_Loss: 476.4471
Epoch 17/200, Batch 200, Aver_Loss: 485.2118
Epoch 17/200, Batch 300, Aver_Loss: 481.8397
Epoch 17/200, Batch 400, Aver_Loss: 488.5361
[early-stopping] Epoch 17: no improvement (1/20)
Epoch 18/200, Batch 100, Aver_Loss: 483.5862
Epoch 18/200, Batch 200, Aver_Loss: 482.0263
Epoch 18/200, Batch 300, Aver_Loss: 481.7920
Epoch 18/200, Batch 400, Aver_Loss: 487.6481
[early-stopping] Epoch 18: new best val ELBO = -484.173461
Epoch 19/200, Batch 100, Aver_Loss: 480.0338
Epoch 19/200, Batch 200, Aver_Loss: 492.3780
Epoch 19/200, Batch 300, Aver_Loss: 482.5889
Epoch 19/200, Batch 400, Aver_Loss: 474.8429
[early-stopping] Epoch 19: new best val ELBO = -483.942092
Epoch 20/200, Batch 100, Aver_Loss: 486.8927
Epoch 20/200, Batch 200, Aver_Loss: 478.2695
Epoch 20/200, Batch 300, Aver_Loss: 478.6345
Epoch 20/200, Batch 400, Aver_Loss: 484.6848
[early-stopping] Epoch 20: new best val ELBO = -483.808905
Epoch 21/200, Batch 100, Aver_Loss: 483.1364
Epoch 21/200, Batch 200, Aver_Loss: 487.3551
Epoch 21/200, Batch 300, Aver_Loss: 488.1644
Epoch 21/200, Batch 400, Aver_Loss: 495.5853
[early-stopping] Epoch 21: new best val ELBO = -483.775378
Epoch 22/200, Batch 100, Aver_Loss: 479.2679
Epoch 22/200, Batch 200, Aver_Loss: 488.4131
Epoch 22/200, Batch 300, Aver_Loss: 482.1306
Epoch 22/200, Batch 400, Aver_Loss: 482.4210
[early-stopping] Epoch 22: no improvement (1/20)
Epoch 23/200, Batch 100, Aver_Loss: 488.7923
Epoch 23/200, Batch 200, Aver_Loss: 490.3428
Epoch 23/200, Batch 300, Aver_Loss: 484.9703
Epoch 23/200, Batch 400, Aver_Loss: 485.4240
[early-stopping] Epoch 23: no improvement (2/20)
Epoch 24/200, Batch 100, Aver_Loss: 484.3595
Epoch 24/200, Batch 200, Aver_Loss: 474.6049
Epoch 24/200, Batch 300, Aver_Loss: 483.9366
Epoch 24/200, Batch 400, Aver_Loss: 486.6638
[early-stopping] Epoch 24: new best val ELBO = -483.661513
Epoch 25/200, Batch 100, Aver_Loss: 479.9597
Epoch 25/200, Batch 200, Aver_Loss: 480.9457
Epoch 25/200, Batch 300, Aver_Loss: 481.3353
Epoch 25/200, Batch 400, Aver_Loss: 480.9043
[early-stopping] Epoch 25: new best val ELBO = -483.547248
Epoch 26/200, Batch 100, Aver_Loss: 477.5908
Epoch 26/200, Batch 200, Aver_Loss: 476.8853
Epoch 26/200, Batch 300, Aver_Loss: 491.8170
Epoch 26/200, Batch 400, Aver_Loss: 481.3745
[early-stopping] Epoch 26: no improvement (1/20)
Epoch 27/200, Batch 100, Aver_Loss: 492.4282
Epoch 27/200, Batch 200, Aver_Loss: 488.1478
Epoch 27/200, Batch 300, Aver_Loss: 479.6375
Epoch 27/200, Batch 400, Aver_Loss: 481.7786
[early-stopping] Epoch 27: no improvement (2/20)
Epoch 28/200, Batch 100, Aver_Loss: 489.3894
Epoch 28/200, Batch 200, Aver_Loss: 476.5939
Epoch 28/200, Batch 300, Aver_Loss: 488.5482
Epoch 28/200, Batch 400, Aver_Loss: 487.4363
[early-stopping] Epoch 28: no improvement (3/20)
Epoch 29/200, Batch 100, Aver_Loss: 480.4805
Epoch 29/200, Batch 200, Aver_Loss: 488.7804
Epoch 29/200, Batch 300, Aver_Loss: 482.8336
Epoch 29/200, Batch 400, Aver_Loss: 484.9644
[early-stopping] Epoch 29: new best val ELBO = -483.054516
Epoch 30/200, Batch 100, Aver_Loss: 478.3486
Epoch 30/200, Batch 200, Aver_Loss: 479.7917
Epoch 30/200, Batch 300, Aver_Loss: 485.9040
Epoch 30/200, Batch 400, Aver_Loss: 483.7987
[early-stopping] Epoch 30: no improvement (1/20)
Epoch 31/200, Batch 100, Aver_Loss: 489.0887
Epoch 31/200, Batch 200, Aver_Loss: 487.1771
Epoch 31/200, Batch 300, Aver_Loss: 488.7610
Epoch 31/200, Batch 400, Aver_Loss: 478.8512
[early-stopping] Epoch 31: no improvement (2/20)
Epoch 32/200, Batch 100, Aver_Loss: 487.2987
Epoch 32/200, Batch 200, Aver_Loss: 482.4943
Epoch 32/200, Batch 300, Aver_Loss: 481.3610
Epoch 32/200, Batch 400, Aver_Loss: 484.1947
[early-stopping] Epoch 32: no improvement (3/20)
Epoch 33/200, Batch 100, Aver_Loss: 483.4207
Epoch 33/200, Batch 200, Aver_Loss: 474.0198
Epoch 33/200, Batch 300, Aver_Loss: 482.6266
Epoch 33/200, Batch 400, Aver_Loss: 478.4762
[early-stopping] Epoch 33: no improvement (4/20)
Epoch 34/200, Batch 100, Aver_Loss: 480.6396
Epoch 34/200, Batch 200, Aver_Loss: 478.2673
Epoch 34/200, Batch 300, Aver_Loss: 479.3736
Epoch 34/200, Batch 400, Aver_Loss: 485.7907
[early-stopping] Epoch 34: no improvement (5/20)
Epoch 35/200, Batch 100, Aver_Loss: 478.3089
Epoch 35/200, Batch 200, Aver_Loss: 477.5490
Epoch 35/200, Batch 300, Aver_Loss: 482.6637
Epoch 35/200, Batch 400, Aver_Loss: 481.8438
[early-stopping] Epoch 35: no improvement (6/20)
Epoch 36/200, Batch 100, Aver_Loss: 483.2062
Epoch 36/200, Batch 200, Aver_Loss: 481.7082
Epoch 36/200, Batch 300, Aver_Loss: 492.5808
Epoch 36/200, Batch 400, Aver_Loss: 479.4172
[early-stopping] Epoch 36: new best val ELBO = -482.860261
Epoch 37/200, Batch 100, Aver_Loss: 470.3529
Epoch 37/200, Batch 200, Aver_Loss: 482.3724
Epoch 37/200, Batch 300, Aver_Loss: 486.1419
Epoch 37/200, Batch 400, Aver_Loss: 488.1595
[early-stopping] Epoch 37: no improvement (1/20)
Epoch 38/200, Batch 100, Aver_Loss: 483.3408
Epoch 38/200, Batch 200, Aver_Loss: 480.4748
Epoch 38/200, Batch 300, Aver_Loss: 486.2473
Epoch 38/200, Batch 400, Aver_Loss: 479.0998
[early-stopping] Epoch 38: no improvement (2/20)
Epoch 39/200, Batch 100, Aver_Loss: 478.9413
Epoch 39/200, Batch 200, Aver_Loss: 481.1269
Epoch 39/200, Batch 300, Aver_Loss: 476.0213
Epoch 39/200, Batch 400, Aver_Loss: 481.7629
[early-stopping] Epoch 39: no improvement (3/20)
Epoch 40/200, Batch 100, Aver_Loss: 474.7343
Epoch 40/200, Batch 200, Aver_Loss: 492.3784
Epoch 40/200, Batch 300, Aver_Loss: 479.3806
Epoch 40/200, Batch 400, Aver_Loss: 471.2401
[early-stopping] Epoch 40: new best val ELBO = -482.841758
Epoch 41/200, Batch 100, Aver_Loss: 483.2125
Epoch 41/200, Batch 200, Aver_Loss: 481.5189
Epoch 41/200, Batch 300, Aver_Loss: 483.1560
Epoch 41/200, Batch 400, Aver_Loss: 487.5059
[early-stopping] Epoch 41: no improvement (1/20)
Epoch 42/200, Batch 100, Aver_Loss: 473.8596
Epoch 42/200, Batch 200, Aver_Loss: 488.8672
Epoch 42/200, Batch 300, Aver_Loss: 483.1824
Epoch 42/200, Batch 400, Aver_Loss: 494.4105
[early-stopping] Epoch 42: new best val ELBO = -482.555606
Epoch 43/200, Batch 100, Aver_Loss: 476.1098
Epoch 43/200, Batch 200, Aver_Loss: 484.2026
Epoch 43/200, Batch 300, Aver_Loss: 483.6303
Epoch 43/200, Batch 400, Aver_Loss: 484.9926
[early-stopping] Epoch 43: no improvement (1/20)
Epoch 44/200, Batch 100, Aver_Loss: 484.2382
Epoch 44/200, Batch 200, Aver_Loss: 492.4458
Epoch 44/200, Batch 300, Aver_Loss: 487.1747
Epoch 44/200, Batch 400, Aver_Loss: 488.8786
[early-stopping] Epoch 44: new best val ELBO = -482.508829
Epoch 45/200, Batch 100, Aver_Loss: 485.1300
Epoch 45/200, Batch 200, Aver_Loss: 486.3625
Epoch 45/200, Batch 300, Aver_Loss: 480.5137
Epoch 45/200, Batch 400, Aver_Loss: 476.0244
[early-stopping] Epoch 45: new best val ELBO = -482.267757
Epoch 46/200, Batch 100, Aver_Loss: 470.1601
Epoch 46/200, Batch 200, Aver_Loss: 476.2068
Epoch 46/200, Batch 300, Aver_Loss: 481.0913
Epoch 46/200, Batch 400, Aver_Loss: 482.4659
[early-stopping] Epoch 46: no improvement (1/20)
Epoch 47/200, Batch 100, Aver_Loss: 479.3807
Epoch 47/200, Batch 200, Aver_Loss: 479.9190
Epoch 47/200, Batch 300, Aver_Loss: 481.7432
Epoch 47/200, Batch 400, Aver_Loss: 479.4839
[early-stopping] Epoch 47: no improvement (2/20)
Epoch 48/200, Batch 100, Aver_Loss: 487.1935
Epoch 48/200, Batch 200, Aver_Loss: 482.4717
Epoch 48/200, Batch 300, Aver_Loss: 476.4495
Epoch 48/200, Batch 400, Aver_Loss: 487.9661
[early-stopping] Epoch 48: new best val ELBO = -482.222800
Epoch 49/200, Batch 100, Aver_Loss: 480.1171
Epoch 49/200, Batch 200, Aver_Loss: 477.7586
Epoch 49/200, Batch 300, Aver_Loss: 473.2639
Epoch 49/200, Batch 400, Aver_Loss: 478.8385
[early-stopping] Epoch 49: no improvement (1/20)
Epoch 50/200, Batch 100, Aver_Loss: 477.0929
Epoch 50/200, Batch 200, Aver_Loss: 485.9903
Epoch 50/200, Batch 300, Aver_Loss: 485.1610
Epoch 50/200, Batch 400, Aver_Loss: 479.6115
[early-stopping] Epoch 50: no improvement (2/20)
Epoch 51/200, Batch 100, Aver_Loss: 490.1051
Epoch 51/200, Batch 200, Aver_Loss: 484.7725
Epoch 51/200, Batch 300, Aver_Loss: 486.6361
Epoch 51/200, Batch 400, Aver_Loss: 479.8373
[early-stopping] Epoch 51: no improvement (3/20)
Epoch 52/200, Batch 100, Aver_Loss: 488.1483
Epoch 52/200, Batch 200, Aver_Loss: 481.5202
Epoch 52/200, Batch 300, Aver_Loss: 469.3107
Epoch 52/200, Batch 400, Aver_Loss: 487.1393
[early-stopping] Epoch 52: no improvement (4/20)
Epoch 53/200, Batch 100, Aver_Loss: 484.1393
Epoch 53/200, Batch 200, Aver_Loss: 482.6776
Epoch 53/200, Batch 300, Aver_Loss: 479.4918
Epoch 53/200, Batch 400, Aver_Loss: 479.7242
[early-stopping] Epoch 53: new best val ELBO = -482.167144
Epoch 54/200, Batch 100, Aver_Loss: 481.5632
Epoch 54/200, Batch 200, Aver_Loss: 473.2850
Epoch 54/200, Batch 300, Aver_Loss: 477.1239
Epoch 54/200, Batch 400, Aver_Loss: 479.6435
[early-stopping] Epoch 54: new best val ELBO = -482.161744
Epoch 55/200, Batch 100, Aver_Loss: 490.0503
Epoch 55/200, Batch 200, Aver_Loss: 483.9553
Epoch 55/200, Batch 300, Aver_Loss: 488.4335
Epoch 55/200, Batch 400, Aver_Loss: 479.8857
[early-stopping] Epoch 55: no improvement (1/20)
Epoch 56/200, Batch 100, Aver_Loss: 476.3407
Epoch 56/200, Batch 200, Aver_Loss: 486.6074
Epoch 56/200, Batch 300, Aver_Loss: 486.2671
Epoch 56/200, Batch 400, Aver_Loss: 472.6664
[early-stopping] Epoch 56: no improvement (2/20)
Epoch 57/200, Batch 100, Aver_Loss: 480.9347
Epoch 57/200, Batch 200, Aver_Loss: 484.7401
Epoch 57/200, Batch 300, Aver_Loss: 483.7281
Epoch 57/200, Batch 400, Aver_Loss: 488.4941
[early-stopping] Epoch 57: no improvement (3/20)
Epoch 58/200, Batch 100, Aver_Loss: 486.6809
Epoch 58/200, Batch 200, Aver_Loss: 479.5252
Epoch 58/200, Batch 300, Aver_Loss: 478.2708
Epoch 58/200, Batch 400, Aver_Loss: 488.6333
[early-stopping] Epoch 58: new best val ELBO = -482.061436
Epoch 59/200, Batch 100, Aver_Loss: 481.7783
Epoch 59/200, Batch 200, Aver_Loss: 480.9648
Epoch 59/200, Batch 300, Aver_Loss: 479.3626
Epoch 59/200, Batch 400, Aver_Loss: 483.2113
[early-stopping] Epoch 59: no improvement (1/20)
Epoch 60/200, Batch 100, Aver_Loss: 482.8946
Epoch 60/200, Batch 200, Aver_Loss: 478.6549
Epoch 60/200, Batch 300, Aver_Loss: 482.0254
Epoch 60/200, Batch 400, Aver_Loss: 467.2032
[early-stopping] Epoch 60: no improvement (2/20)
Epoch 61/200, Batch 100, Aver_Loss: 480.7556
Epoch 61/200, Batch 200, Aver_Loss: 485.1123
Epoch 61/200, Batch 300, Aver_Loss: 479.9115
Epoch 61/200, Batch 400, Aver_Loss: 479.4325
[early-stopping] Epoch 61: no improvement (3/20)
Epoch 62/200, Batch 100, Aver_Loss: 488.9667
Epoch 62/200, Batch 200, Aver_Loss: 485.2098
Epoch 62/200, Batch 300, Aver_Loss: 487.7018
Epoch 62/200, Batch 400, Aver_Loss: 486.1217
[early-stopping] Epoch 62: no improvement (4/20)
Epoch 63/200, Batch 100, Aver_Loss: 491.8532
Epoch 63/200, Batch 200, Aver_Loss: 482.4785
Epoch 63/200, Batch 300, Aver_Loss: 472.3459
Epoch 63/200, Batch 400, Aver_Loss: 483.6244
[early-stopping] Epoch 63: new best val ELBO = -481.883799
Epoch 64/200, Batch 100, Aver_Loss: 482.8454
Epoch 64/200, Batch 200, Aver_Loss: 478.6010
Epoch 64/200, Batch 300, Aver_Loss: 483.1492
Epoch 64/200, Batch 400, Aver_Loss: 475.5228
[early-stopping] Epoch 64: no improvement (1/20)
Epoch 65/200, Batch 100, Aver_Loss: 482.1581
Epoch 65/200, Batch 200, Aver_Loss: 487.7535
Epoch 65/200, Batch 300, Aver_Loss: 481.7103
Epoch 65/200, Batch 400, Aver_Loss: 481.8853
[early-stopping] Epoch 65: new best val ELBO = -481.839558
Epoch 66/200, Batch 100, Aver_Loss: 479.6359
Epoch 66/200, Batch 200, Aver_Loss: 483.6698
Epoch 66/200, Batch 300, Aver_Loss: 488.9957
Epoch 66/200, Batch 400, Aver_Loss: 486.2871
[early-stopping] Epoch 66: no improvement (1/20)
Epoch 67/200, Batch 100, Aver_Loss: 488.2153
Epoch 67/200, Batch 200, Aver_Loss: 480.1024
Epoch 67/200, Batch 300, Aver_Loss: 476.9214
Epoch 67/200, Batch 400, Aver_Loss: 478.7351
[early-stopping] Epoch 67: no improvement (2/20)
Epoch 68/200, Batch 100, Aver_Loss: 490.3754
Epoch 68/200, Batch 200, Aver_Loss: 484.1175
Epoch 68/200, Batch 300, Aver_Loss: 485.4728
Epoch 68/200, Batch 400, Aver_Loss: 487.8433
[early-stopping] Epoch 68: no improvement (3/20)
Epoch 69/200, Batch 100, Aver_Loss: 479.1026
Epoch 69/200, Batch 200, Aver_Loss: 478.6414
Epoch 69/200, Batch 300, Aver_Loss: 477.8743
Epoch 69/200, Batch 400, Aver_Loss: 479.3548
[early-stopping] Epoch 69: new best val ELBO = -481.781063
Epoch 70/200, Batch 100, Aver_Loss: 472.3187
Epoch 70/200, Batch 200, Aver_Loss: 488.3494
Epoch 70/200, Batch 300, Aver_Loss: 477.1377
Epoch 70/200, Batch 400, Aver_Loss: 478.5465
[early-stopping] Epoch 70: new best val ELBO = -481.676334
Epoch 71/200, Batch 100, Aver_Loss: 484.2867
Epoch 71/200, Batch 200, Aver_Loss: 473.3435
Epoch 71/200, Batch 300, Aver_Loss: 481.3921
Epoch 71/200, Batch 400, Aver_Loss: 483.4260
[early-stopping] Epoch 71: no improvement (1/20)
Epoch 72/200, Batch 100, Aver_Loss: 484.4093
Epoch 72/200, Batch 200, Aver_Loss: 482.6761
Epoch 72/200, Batch 300, Aver_Loss: 479.3641
Epoch 72/200, Batch 400, Aver_Loss: 484.6804
[early-stopping] Epoch 72: no improvement (2/20)
Epoch 73/200, Batch 100, Aver_Loss: 479.8434
Epoch 73/200, Batch 200, Aver_Loss: 483.3427
Epoch 73/200, Batch 300, Aver_Loss: 486.4502
Epoch 73/200, Batch 400, Aver_Loss: 472.7243
[early-stopping] Epoch 73: new best val ELBO = -481.637901
Epoch 74/200, Batch 100, Aver_Loss: 477.9435
Epoch 74/200, Batch 200, Aver_Loss: 478.1698
Epoch 74/200, Batch 300, Aver_Loss: 481.0257
Epoch 74/200, Batch 400, Aver_Loss: 477.6334
[early-stopping] Epoch 74: new best val ELBO = -481.634867
Epoch 75/200, Batch 100, Aver_Loss: 470.6280
Epoch 75/200, Batch 200, Aver_Loss: 488.5101
Epoch 75/200, Batch 300, Aver_Loss: 489.4439
Epoch 75/200, Batch 400, Aver_Loss: 482.5048
[early-stopping] Epoch 75: no improvement (1/20)
Epoch 76/200, Batch 100, Aver_Loss: 482.7933
Epoch 76/200, Batch 200, Aver_Loss: 469.3250
Epoch 76/200, Batch 300, Aver_Loss: 484.5292
Epoch 76/200, Batch 400, Aver_Loss: 482.8318
[early-stopping] Epoch 76: no improvement (2/20)
Epoch 77/200, Batch 100, Aver_Loss: 477.2778
Epoch 77/200, Batch 200, Aver_Loss: 482.8466
Epoch 77/200, Batch 300, Aver_Loss: 479.4550
Epoch 77/200, Batch 400, Aver_Loss: 484.6889
[early-stopping] Epoch 77: no improvement (3/20)
Epoch 78/200, Batch 100, Aver_Loss: 479.1801
Epoch 78/200, Batch 200, Aver_Loss: 476.8665
Epoch 78/200, Batch 300, Aver_Loss: 481.0905
Epoch 78/200, Batch 400, Aver_Loss: 483.8744
[early-stopping] Epoch 78: no improvement (4/20)
Epoch 79/200, Batch 100, Aver_Loss: 473.7756
Epoch 79/200, Batch 200, Aver_Loss: 483.2328
Epoch 79/200, Batch 300, Aver_Loss: 484.0627
Epoch 79/200, Batch 400, Aver_Loss: 478.3571
[early-stopping] Epoch 79: new best val ELBO = -481.628838
Epoch 80/200, Batch 100, Aver_Loss: 485.4243
Epoch 80/200, Batch 200, Aver_Loss: 470.3234
Epoch 80/200, Batch 300, Aver_Loss: 473.9594
Epoch 80/200, Batch 400, Aver_Loss: 486.7825
[early-stopping] Epoch 80: new best val ELBO = -481.598017
Epoch 81/200, Batch 100, Aver_Loss: 491.5146
Epoch 81/200, Batch 200, Aver_Loss: 486.8513
Epoch 81/200, Batch 300, Aver_Loss: 485.8972
Epoch 81/200, Batch 400, Aver_Loss: 481.9507
[early-stopping] Epoch 81: no improvement (1/20)
Epoch 82/200, Batch 100, Aver_Loss: 484.3650
Epoch 82/200, Batch 200, Aver_Loss: 483.4439
Epoch 82/200, Batch 300, Aver_Loss: 485.4199
Epoch 82/200, Batch 400, Aver_Loss: 469.0628
[early-stopping] Epoch 82: new best val ELBO = -481.542790
Epoch 83/200, Batch 100, Aver_Loss: 483.4683
Epoch 83/200, Batch 200, Aver_Loss: 482.4854
Epoch 83/200, Batch 300, Aver_Loss: 476.4949
Epoch 83/200, Batch 400, Aver_Loss: 487.5720
[early-stopping] Epoch 83: new best val ELBO = -481.531193
Epoch 84/200, Batch 100, Aver_Loss: 478.9065
Epoch 84/200, Batch 200, Aver_Loss: 482.4950
Epoch 84/200, Batch 300, Aver_Loss: 478.2188
Epoch 84/200, Batch 400, Aver_Loss: 479.0522
[early-stopping] Epoch 84: new best val ELBO = -481.478684
Epoch 85/200, Batch 100, Aver_Loss: 482.0860
Epoch 85/200, Batch 200, Aver_Loss: 483.8059
Epoch 85/200, Batch 300, Aver_Loss: 484.4254
Epoch 85/200, Batch 400, Aver_Loss: 476.8694
[early-stopping] Epoch 85: new best val ELBO = -481.340765
Epoch 86/200, Batch 100, Aver_Loss: 488.1096
Epoch 86/200, Batch 200, Aver_Loss: 477.6882
Epoch 86/200, Batch 300, Aver_Loss: 477.6161
Epoch 86/200, Batch 400, Aver_Loss: 482.4977
[early-stopping] Epoch 86: no improvement (1/20)
Epoch 87/200, Batch 100, Aver_Loss: 482.0230
Epoch 87/200, Batch 200, Aver_Loss: 489.2559
Epoch 87/200, Batch 300, Aver_Loss: 486.2100
Epoch 87/200, Batch 400, Aver_Loss: 478.5311
[early-stopping] Epoch 87: no improvement (2/20)
Epoch 88/200, Batch 100, Aver_Loss: 476.3650
Epoch 88/200, Batch 200, Aver_Loss: 476.8767
Epoch 88/200, Batch 300, Aver_Loss: 474.6004
Epoch 88/200, Batch 400, Aver_Loss: 487.8097
[early-stopping] Epoch 88: no improvement (3/20)
Epoch 89/200, Batch 100, Aver_Loss: 472.4265
Epoch 89/200, Batch 200, Aver_Loss: 487.6023
Epoch 89/200, Batch 300, Aver_Loss: 487.5093
Epoch 89/200, Batch 400, Aver_Loss: 482.7717
[early-stopping] Epoch 89: new best val ELBO = -481.240769
Epoch 90/200, Batch 100, Aver_Loss: 483.2692
Epoch 90/200, Batch 200, Aver_Loss: 478.2160
Epoch 90/200, Batch 300, Aver_Loss: 471.2001
Epoch 90/200, Batch 400, Aver_Loss: 482.3789
[early-stopping] Epoch 90: no improvement (1/20)
Epoch 91/200, Batch 100, Aver_Loss: 486.3415
Epoch 91/200, Batch 200, Aver_Loss: 483.3790
Epoch 91/200, Batch 300, Aver_Loss: 480.4634
Epoch 91/200, Batch 400, Aver_Loss: 475.3612
[early-stopping] Epoch 91: no improvement (2/20)
Epoch 92/200, Batch 100, Aver_Loss: 480.8343
Epoch 92/200, Batch 200, Aver_Loss: 482.7265
Epoch 92/200, Batch 300, Aver_Loss: 477.0233
Epoch 92/200, Batch 400, Aver_Loss: 482.1813
[early-stopping] Epoch 92: new best val ELBO = -481.164560
Epoch 93/200, Batch 100, Aver_Loss: 478.9431
Epoch 93/200, Batch 200, Aver_Loss: 480.2047
Epoch 93/200, Batch 300, Aver_Loss: 474.8196
Epoch 93/200, Batch 400, Aver_Loss: 481.4441
[early-stopping] Epoch 93: no improvement (1/20)
Epoch 94/200, Batch 100, Aver_Loss: 483.7748
Epoch 94/200, Batch 200, Aver_Loss: 486.7309
Epoch 94/200, Batch 300, Aver_Loss: 489.2182
Epoch 94/200, Batch 400, Aver_Loss: 467.4412
[early-stopping] Epoch 94: no improvement (2/20)
Epoch 95/200, Batch 100, Aver_Loss: 473.8499
Epoch 95/200, Batch 200, Aver_Loss: 484.3190
Epoch 95/200, Batch 300, Aver_Loss: 479.8101
Epoch 95/200, Batch 400, Aver_Loss: 478.9084
[early-stopping] Epoch 95: new best val ELBO = -481.050268
Epoch 96/200, Batch 100, Aver_Loss: 488.5074
Epoch 96/200, Batch 200, Aver_Loss: 481.9102
Epoch 96/200, Batch 300, Aver_Loss: 480.3770
Epoch 96/200, Batch 400, Aver_Loss: 481.6428
[early-stopping] Epoch 96: no improvement (1/20)
Epoch 97/200, Batch 100, Aver_Loss: 484.4437
Epoch 97/200, Batch 200, Aver_Loss: 482.2014
Epoch 97/200, Batch 300, Aver_Loss: 483.9948
Epoch 97/200, Batch 400, Aver_Loss: 483.5444
[early-stopping] Epoch 97: no improvement (2/20)
Epoch 98/200, Batch 100, Aver_Loss: 475.2901
Epoch 98/200, Batch 200, Aver_Loss: 474.4871
Epoch 98/200, Batch 300, Aver_Loss: 485.7594
Epoch 98/200, Batch 400, Aver_Loss: 474.1917
[early-stopping] Epoch 98: no improvement (3/20)
Epoch 99/200, Batch 100, Aver_Loss: 480.9624
Epoch 99/200, Batch 200, Aver_Loss: 485.7456
Epoch 99/200, Batch 300, Aver_Loss: 487.5820
Epoch 99/200, Batch 400, Aver_Loss: 480.4032
[early-stopping] Epoch 99: no improvement (4/20)
Epoch 100/200, Batch 100, Aver_Loss: 487.4284
Epoch 100/200, Batch 200, Aver_Loss: 478.0863
Epoch 100/200, Batch 300, Aver_Loss: 470.0319
Epoch 100/200, Batch 400, Aver_Loss: 477.5799
[early-stopping] Epoch 100: no improvement (5/20)
Epoch 101/200, Batch 100, Aver_Loss: 482.0401
Epoch 101/200, Batch 200, Aver_Loss: 467.7289
Epoch 101/200, Batch 300, Aver_Loss: 484.9539
Epoch 101/200, Batch 400, Aver_Loss: 479.5524
[early-stopping] Epoch 101: no improvement (6/20)
Epoch 102/200, Batch 100, Aver_Loss: 489.1438
Epoch 102/200, Batch 200, Aver_Loss: 480.7093
Epoch 102/200, Batch 300, Aver_Loss: 478.8358
Epoch 102/200, Batch 400, Aver_Loss: 478.2202
[early-stopping] Epoch 102: no improvement (7/20)
Epoch 103/200, Batch 100, Aver_Loss: 492.0341
Epoch 103/200, Batch 200, Aver_Loss: 483.1349
Epoch 103/200, Batch 300, Aver_Loss: 473.2649
Epoch 103/200, Batch 400, Aver_Loss: 480.3567
[early-stopping] Epoch 103: no improvement (8/20)
Epoch 104/200, Batch 100, Aver_Loss: 479.2325
Epoch 104/200, Batch 200, Aver_Loss: 475.2055
Epoch 104/200, Batch 300, Aver_Loss: 479.9794
Epoch 104/200, Batch 400, Aver_Loss: 481.8210
[early-stopping] Epoch 104: new best val ELBO = -480.953619
Epoch 105/200, Batch 100, Aver_Loss: 485.4212
Epoch 105/200, Batch 200, Aver_Loss: 484.1267
Epoch 105/200, Batch 300, Aver_Loss: 485.5626
Epoch 105/200, Batch 400, Aver_Loss: 473.8362
[early-stopping] Epoch 105: no improvement (1/20)
Epoch 106/200, Batch 100, Aver_Loss: 485.6426
Epoch 106/200, Batch 200, Aver_Loss: 478.4034
Epoch 106/200, Batch 300, Aver_Loss: 487.6737
Epoch 106/200, Batch 400, Aver_Loss: 475.8021
[early-stopping] Epoch 106: no improvement (2/20)
Epoch 107/200, Batch 100, Aver_Loss: 477.5077
Epoch 107/200, Batch 200, Aver_Loss: 488.1294
Epoch 107/200, Batch 300, Aver_Loss: 476.0189
Epoch 107/200, Batch 400, Aver_Loss: 481.7141
[early-stopping] Epoch 107: no improvement (3/20)
Epoch 108/200, Batch 100, Aver_Loss: 482.8580
Epoch 108/200, Batch 200, Aver_Loss: 484.9606
Epoch 108/200, Batch 300, Aver_Loss: 475.6537
Epoch 108/200, Batch 400, Aver_Loss: 470.9984
[early-stopping] Epoch 108: new best val ELBO = -480.919182
Epoch 109/200, Batch 100, Aver_Loss: 495.2090
Epoch 109/200, Batch 200, Aver_Loss: 473.1275
Epoch 109/200, Batch 300, Aver_Loss: 481.0011
Epoch 109/200, Batch 400, Aver_Loss: 483.8967
[early-stopping] Epoch 109: no improvement (1/20)
Epoch 110/200, Batch 100, Aver_Loss: 478.7294
Epoch 110/200, Batch 200, Aver_Loss: 481.8821
Epoch 110/200, Batch 300, Aver_Loss: 479.9296
Epoch 110/200, Batch 400, Aver_Loss: 485.5478
[early-stopping] Epoch 110: no improvement (2/20)
Epoch 111/200, Batch 100, Aver_Loss: 471.8755
Epoch 111/200, Batch 200, Aver_Loss: 473.6018
Epoch 111/200, Batch 300, Aver_Loss: 481.5617
Epoch 111/200, Batch 400, Aver_Loss: 482.1050
[early-stopping] Epoch 111: new best val ELBO = -480.918140
Epoch 112/200, Batch 100, Aver_Loss: 489.4366
Epoch 112/200, Batch 200, Aver_Loss: 490.2418
Epoch 112/200, Batch 300, Aver_Loss: 479.6806
Epoch 112/200, Batch 400, Aver_Loss: 479.4520
[early-stopping] Epoch 112: no improvement (1/20)
Epoch 113/200, Batch 100, Aver_Loss: 485.2652
Epoch 113/200, Batch 200, Aver_Loss: 482.4659
Epoch 113/200, Batch 300, Aver_Loss: 476.9011
Epoch 113/200, Batch 400, Aver_Loss: 473.8472
[early-stopping] Epoch 113: no improvement (2/20)
Epoch 114/200, Batch 100, Aver_Loss: 472.7554
Epoch 114/200, Batch 200, Aver_Loss: 477.6774
Epoch 114/200, Batch 300, Aver_Loss: 484.6195
Epoch 114/200, Batch 400, Aver_Loss: 479.3691
[early-stopping] Epoch 114: no improvement (3/20)
Epoch 115/200, Batch 100, Aver_Loss: 478.8927
Epoch 115/200, Batch 200, Aver_Loss: 480.3374
Epoch 115/200, Batch 300, Aver_Loss: 485.3022
Epoch 115/200, Batch 400, Aver_Loss: 486.8091
[early-stopping] Epoch 115: no improvement (4/20)
Epoch 116/200, Batch 100, Aver_Loss: 482.9511
Epoch 116/200, Batch 200, Aver_Loss: 473.4601
Epoch 116/200, Batch 300, Aver_Loss: 485.1266
Epoch 116/200, Batch 400, Aver_Loss: 483.1757
[early-stopping] Epoch 116: no improvement (5/20)
Epoch 117/200, Batch 100, Aver_Loss: 482.2962
Epoch 117/200, Batch 200, Aver_Loss: 479.9538
Epoch 117/200, Batch 300, Aver_Loss: 480.6259
Epoch 117/200, Batch 400, Aver_Loss: 486.6810
[early-stopping] Epoch 117: no improvement (6/20)
Epoch 118/200, Batch 100, Aver_Loss: 477.3588
Epoch 118/200, Batch 200, Aver_Loss: 478.7998
Epoch 118/200, Batch 300, Aver_Loss: 484.5149
Epoch 118/200, Batch 400, Aver_Loss: 481.0656
[early-stopping] Epoch 118: new best val ELBO = -480.899492
Epoch 119/200, Batch 100, Aver_Loss: 487.0505
Epoch 119/200, Batch 200, Aver_Loss: 489.8915
Epoch 119/200, Batch 300, Aver_Loss: 482.5507
Epoch 119/200, Batch 400, Aver_Loss: 486.6950
[early-stopping] Epoch 119: new best val ELBO = -480.884642
Epoch 120/200, Batch 100, Aver_Loss: 480.4256
Epoch 120/200, Batch 200, Aver_Loss: 482.0519
Epoch 120/200, Batch 300, Aver_Loss: 490.2188
Epoch 120/200, Batch 400, Aver_Loss: 485.1483
[early-stopping] Epoch 120: new best val ELBO = -480.757892
Epoch 121/200, Batch 100, Aver_Loss: 471.5400
Epoch 121/200, Batch 200, Aver_Loss: 482.8104
Epoch 121/200, Batch 300, Aver_Loss: 482.3352
Epoch 121/200, Batch 400, Aver_Loss: 484.8941
[early-stopping] Epoch 121: no improvement (1/20)
Epoch 122/200, Batch 100, Aver_Loss: 479.6602
Epoch 122/200, Batch 200, Aver_Loss: 478.6546
Epoch 122/200, Batch 300, Aver_Loss: 472.8376
Epoch 122/200, Batch 400, Aver_Loss: 477.4815
[early-stopping] Epoch 122: no improvement (2/20)
Epoch 123/200, Batch 100, Aver_Loss: 477.6364
Epoch 123/200, Batch 200, Aver_Loss: 477.0321
Epoch 123/200, Batch 300, Aver_Loss: 482.5966
Epoch 123/200, Batch 400, Aver_Loss: 474.9068
[early-stopping] Epoch 123: no improvement (3/20)
Epoch 124/200, Batch 100, Aver_Loss: 475.6251
Epoch 124/200, Batch 200, Aver_Loss: 477.0992
Epoch 124/200, Batch 300, Aver_Loss: 474.7782
Epoch 124/200, Batch 400, Aver_Loss: 479.7453
[early-stopping] Epoch 124: new best val ELBO = -480.718611
Epoch 125/200, Batch 100, Aver_Loss: 487.3701
Epoch 125/200, Batch 200, Aver_Loss: 485.8100
Epoch 125/200, Batch 300, Aver_Loss: 472.7362
Epoch 125/200, Batch 400, Aver_Loss: 489.8635
[early-stopping] Epoch 125: no improvement (1/20)
Epoch 126/200, Batch 100, Aver_Loss: 485.1925
Epoch 126/200, Batch 200, Aver_Loss: 480.9209
Epoch 126/200, Batch 300, Aver_Loss: 477.8301
Epoch 126/200, Batch 400, Aver_Loss: 486.5090
[early-stopping] Epoch 126: no improvement (2/20)
Epoch 127/200, Batch 100, Aver_Loss: 487.0441
Epoch 127/200, Batch 200, Aver_Loss: 475.6827
Epoch 127/200, Batch 300, Aver_Loss: 481.2744
Epoch 127/200, Batch 400, Aver_Loss: 484.3404
[early-stopping] Epoch 127: no improvement (3/20)
Epoch 128/200, Batch 100, Aver_Loss: 485.0009
Epoch 128/200, Batch 200, Aver_Loss: 483.3194
Epoch 128/200, Batch 300, Aver_Loss: 485.6616
Epoch 128/200, Batch 400, Aver_Loss: 474.0195
[early-stopping] Epoch 128: no improvement (4/20)
Epoch 129/200, Batch 100, Aver_Loss: 472.7123
Epoch 129/200, Batch 200, Aver_Loss: 489.0146
Epoch 129/200, Batch 300, Aver_Loss: 482.1668
Epoch 129/200, Batch 400, Aver_Loss: 481.9886
[early-stopping] Epoch 129: no improvement (5/20)
Epoch 130/200, Batch 100, Aver_Loss: 480.4043
Epoch 130/200, Batch 200, Aver_Loss: 479.0531
Epoch 130/200, Batch 300, Aver_Loss: 485.5377
Epoch 130/200, Batch 400, Aver_Loss: 490.4226
[early-stopping] Epoch 130: no improvement (6/20)
Epoch 131/200, Batch 100, Aver_Loss: 488.7766
Epoch 131/200, Batch 200, Aver_Loss: 492.6375
Epoch 131/200, Batch 300, Aver_Loss: 479.0745
Epoch 131/200, Batch 400, Aver_Loss: 474.2061
[early-stopping] Epoch 131: no improvement (7/20)
Epoch 132/200, Batch 100, Aver_Loss: 478.7608
Epoch 132/200, Batch 200, Aver_Loss: 479.4540
Epoch 132/200, Batch 300, Aver_Loss: 486.1528
Epoch 132/200, Batch 400, Aver_Loss: 478.2142
[early-stopping] Epoch 132: no improvement (8/20)
Epoch 133/200, Batch 100, Aver_Loss: 475.7151
Epoch 133/200, Batch 200, Aver_Loss: 481.2865
Epoch 133/200, Batch 300, Aver_Loss: 462.1974
Epoch 133/200, Batch 400, Aver_Loss: 488.0991
[early-stopping] Epoch 133: no improvement (9/20)
Epoch 134/200, Batch 100, Aver_Loss: 481.7154
Epoch 134/200, Batch 200, Aver_Loss: 488.3327
Epoch 134/200, Batch 300, Aver_Loss: 482.8158
Epoch 134/200, Batch 400, Aver_Loss: 469.2972
[early-stopping] Epoch 134: no improvement (10/20)
Epoch 135/200, Batch 100, Aver_Loss: 481.9929
Epoch 135/200, Batch 200, Aver_Loss: 473.5564
Epoch 135/200, Batch 300, Aver_Loss: 479.1029
Epoch 135/200, Batch 400, Aver_Loss: 479.3443
[early-stopping] Epoch 135: no improvement (11/20)
Epoch 136/200, Batch 100, Aver_Loss: 472.9487
Epoch 136/200, Batch 200, Aver_Loss: 480.6629
Epoch 136/200, Batch 300, Aver_Loss: 479.2641
Epoch 136/200, Batch 400, Aver_Loss: 483.9881
[early-stopping] Epoch 136: no improvement (12/20)
Epoch 137/200, Batch 100, Aver_Loss: 477.4497
Epoch 137/200, Batch 200, Aver_Loss: 484.6683
Epoch 137/200, Batch 300, Aver_Loss: 476.5328
Epoch 137/200, Batch 400, Aver_Loss: 482.0108
[early-stopping] Epoch 137: no improvement (13/20)
Epoch 138/200, Batch 100, Aver_Loss: 477.9656
Epoch 138/200, Batch 200, Aver_Loss: 481.7805
Epoch 138/200, Batch 300, Aver_Loss: 483.6903
Epoch 138/200, Batch 400, Aver_Loss: 489.0487
[early-stopping] Epoch 138: no improvement (14/20)
Epoch 139/200, Batch 100, Aver_Loss: 470.2362
Epoch 139/200, Batch 200, Aver_Loss: 484.1358
Epoch 139/200, Batch 300, Aver_Loss: 474.9289
Epoch 139/200, Batch 400, Aver_Loss: 488.5145
[early-stopping] Epoch 139: new best val ELBO = -480.577510
Epoch 140/200, Batch 100, Aver_Loss: 483.4189
Epoch 140/200, Batch 200, Aver_Loss: 485.1414
Epoch 140/200, Batch 300, Aver_Loss: 480.1479
Epoch 140/200, Batch 400, Aver_Loss: 481.7208
[early-stopping] Epoch 140: no improvement (1/20)
Epoch 141/200, Batch 100, Aver_Loss: 476.0820
Epoch 141/200, Batch 200, Aver_Loss: 477.7852
Epoch 141/200, Batch 300, Aver_Loss: 473.3317
Epoch 141/200, Batch 400, Aver_Loss: 477.8052
[early-stopping] Epoch 141: no improvement (2/20)
Epoch 142/200, Batch 100, Aver_Loss: 477.2895
Epoch 142/200, Batch 200, Aver_Loss: 478.5978
Epoch 142/200, Batch 300, Aver_Loss: 488.5309
Epoch 142/200, Batch 400, Aver_Loss: 485.9624
[early-stopping] Epoch 142: no improvement (3/20)
Epoch 143/200, Batch 100, Aver_Loss: 472.2498
Epoch 143/200, Batch 200, Aver_Loss: 479.2309
Epoch 143/200, Batch 300, Aver_Loss: 485.8680
Epoch 143/200, Batch 400, Aver_Loss: 480.2859
[early-stopping] Epoch 143: no improvement (4/20)
Epoch 144/200, Batch 100, Aver_Loss: 477.6985
Epoch 144/200, Batch 200, Aver_Loss: 477.9050
Epoch 144/200, Batch 300, Aver_Loss: 476.9405
Epoch 144/200, Batch 400, Aver_Loss: 473.3733
[early-stopping] Epoch 144: no improvement (5/20)
Epoch 145/200, Batch 100, Aver_Loss: 481.4912
Epoch 145/200, Batch 200, Aver_Loss: 482.3848
Epoch 145/200, Batch 300, Aver_Loss: 476.9487
Epoch 145/200, Batch 400, Aver_Loss: 482.1440
[early-stopping] Epoch 145: no improvement (6/20)
Epoch 146/200, Batch 100, Aver_Loss: 484.2049
Epoch 146/200, Batch 200, Aver_Loss: 481.5547
Epoch 146/200, Batch 300, Aver_Loss: 481.4013
Epoch 146/200, Batch 400, Aver_Loss: 483.9192
[early-stopping] Epoch 146: no improvement (7/20)
Epoch 147/200, Batch 100, Aver_Loss: 479.6371
Epoch 147/200, Batch 200, Aver_Loss: 483.9826
Epoch 147/200, Batch 300, Aver_Loss: 473.9671
Epoch 147/200, Batch 400, Aver_Loss: 480.7887
[early-stopping] Epoch 147: no improvement (8/20)
Epoch 148/200, Batch 100, Aver_Loss: 470.9914
Epoch 148/200, Batch 200, Aver_Loss: 482.3983
Epoch 148/200, Batch 300, Aver_Loss: 481.6262
Epoch 148/200, Batch 400, Aver_Loss: 487.2779
[early-stopping] Epoch 148: no improvement (9/20)
Epoch 149/200, Batch 100, Aver_Loss: 481.7288
Epoch 149/200, Batch 200, Aver_Loss: 477.6696
Epoch 149/200, Batch 300, Aver_Loss: 477.5995
Epoch 149/200, Batch 400, Aver_Loss: 486.3515
[early-stopping] Epoch 149: no improvement (10/20)
Epoch 150/200, Batch 100, Aver_Loss: 475.8900
Epoch 150/200, Batch 200, Aver_Loss: 479.1292
Epoch 150/200, Batch 300, Aver_Loss: 484.0040
Epoch 150/200, Batch 400, Aver_Loss: 478.2159
[early-stopping] Epoch 150: no improvement (11/20)
Epoch 151/200, Batch 100, Aver_Loss: 486.4530
Epoch 151/200, Batch 200, Aver_Loss: 480.5660
Epoch 151/200, Batch 300, Aver_Loss: 480.7193
Epoch 151/200, Batch 400, Aver_Loss: 485.9961
[early-stopping] Epoch 151: no improvement (12/20)
Epoch 152/200, Batch 100, Aver_Loss: 472.2794
Epoch 152/200, Batch 200, Aver_Loss: 485.6655
Epoch 152/200, Batch 300, Aver_Loss: 483.2016
Epoch 152/200, Batch 400, Aver_Loss: 476.0840
[early-stopping] Epoch 152: no improvement (13/20)
Epoch 153/200, Batch 100, Aver_Loss: 484.5773
Epoch 153/200, Batch 200, Aver_Loss: 478.7853
Epoch 153/200, Batch 300, Aver_Loss: 483.9202
Epoch 153/200, Batch 400, Aver_Loss: 480.7347
[early-stopping] Epoch 153: no improvement (14/20)
Epoch 154/200, Batch 100, Aver_Loss: 471.8781
Epoch 154/200, Batch 200, Aver_Loss: 485.0338
Epoch 154/200, Batch 300, Aver_Loss: 482.1566
Epoch 154/200, Batch 400, Aver_Loss: 475.0873
[early-stopping] Epoch 154: no improvement (15/20)
Epoch 155/200, Batch 100, Aver_Loss: 479.8385
Epoch 155/200, Batch 200, Aver_Loss: 488.7604
Epoch 155/200, Batch 300, Aver_Loss: 482.5693
Epoch 155/200, Batch 400, Aver_Loss: 481.0252
[early-stopping] Epoch 155: no improvement (16/20)
Epoch 156/200, Batch 100, Aver_Loss: 478.8684
Epoch 156/200, Batch 200, Aver_Loss: 475.2499
Epoch 156/200, Batch 300, Aver_Loss: 480.9333
Epoch 156/200, Batch 400, Aver_Loss: 485.3361
[early-stopping] Epoch 156: no improvement (17/20)
Epoch 157/200, Batch 100, Aver_Loss: 475.3913
Epoch 157/200, Batch 200, Aver_Loss: 484.9377
Epoch 157/200, Batch 300, Aver_Loss: 473.8953
Epoch 157/200, Batch 400, Aver_Loss: 481.8219
[early-stopping] Epoch 157: no improvement (18/20)
Epoch 158/200, Batch 100, Aver_Loss: 472.6352
Epoch 158/200, Batch 200, Aver_Loss: 483.6019
Epoch 158/200, Batch 300, Aver_Loss: 477.4052
Epoch 158/200, Batch 400, Aver_Loss: 477.4588
[early-stopping] Epoch 158: new best val ELBO = -480.430177
Epoch 159/200, Batch 100, Aver_Loss: 482.6757
Epoch 159/200, Batch 200, Aver_Loss: 481.7132
Epoch 159/200, Batch 300, Aver_Loss: 473.3983
Epoch 159/200, Batch 400, Aver_Loss: 479.9019
[early-stopping] Epoch 159: no improvement (1/20)
Epoch 160/200, Batch 100, Aver_Loss: 473.7502
Epoch 160/200, Batch 200, Aver_Loss: 485.3477
Epoch 160/200, Batch 300, Aver_Loss: 477.7882
Epoch 160/200, Batch 400, Aver_Loss: 479.7894
[early-stopping] Epoch 160: no improvement (2/20)
Epoch 161/200, Batch 100, Aver_Loss: 484.8174
Epoch 161/200, Batch 200, Aver_Loss: 477.9815
Epoch 161/200, Batch 300, Aver_Loss: 479.1866
Epoch 161/200, Batch 400, Aver_Loss: 470.4451
[early-stopping] Epoch 161: no improvement (3/20)
Epoch 162/200, Batch 100, Aver_Loss: 491.1877
Epoch 162/200, Batch 200, Aver_Loss: 497.9780
Epoch 162/200, Batch 300, Aver_Loss: 487.5595
Epoch 162/200, Batch 400, Aver_Loss: 481.5498
[early-stopping] Epoch 162: no improvement (4/20)
Epoch 163/200, Batch 100, Aver_Loss: 479.6603
Epoch 163/200, Batch 200, Aver_Loss: 483.6811
Epoch 163/200, Batch 300, Aver_Loss: 486.5414
Epoch 163/200, Batch 400, Aver_Loss: 487.0590
[early-stopping] Epoch 163: no improvement (5/20)
Epoch 164/200, Batch 100, Aver_Loss: 479.3821
Epoch 164/200, Batch 200, Aver_Loss: 474.1954
Epoch 164/200, Batch 300, Aver_Loss: 483.8302
Epoch 164/200, Batch 400, Aver_Loss: 474.2742
[early-stopping] Epoch 164: no improvement (6/20)
Epoch 165/200, Batch 100, Aver_Loss: 482.6981
Epoch 165/200, Batch 200, Aver_Loss: 479.2884
Epoch 165/200, Batch 300, Aver_Loss: 475.5655
Epoch 165/200, Batch 400, Aver_Loss: 476.9796
[early-stopping] Epoch 165: no improvement (7/20)
Epoch 166/200, Batch 100, Aver_Loss: 483.6206
Epoch 166/200, Batch 200, Aver_Loss: 481.6782
Epoch 166/200, Batch 300, Aver_Loss: 478.0741
Epoch 166/200, Batch 400, Aver_Loss: 477.1481
[early-stopping] Epoch 166: no improvement (8/20)
Epoch 167/200, Batch 100, Aver_Loss: 475.7889
Epoch 167/200, Batch 200, Aver_Loss: 484.6012
Epoch 167/200, Batch 300, Aver_Loss: 483.1921
Epoch 167/200, Batch 400, Aver_Loss: 483.4582
[early-stopping] Epoch 167: no improvement (9/20)
Epoch 168/200, Batch 100, Aver_Loss: 482.2037
Epoch 168/200, Batch 200, Aver_Loss: 485.5273
Epoch 168/200, Batch 300, Aver_Loss: 472.8155
Epoch 168/200, Batch 400, Aver_Loss: 482.0924
[early-stopping] Epoch 168: no improvement (10/20)
Epoch 169/200, Batch 100, Aver_Loss: 482.7625
Epoch 169/200, Batch 200, Aver_Loss: 476.1197
Epoch 169/200, Batch 300, Aver_Loss: 477.0785
Epoch 169/200, Batch 400, Aver_Loss: 471.4224
[early-stopping] Epoch 169: no improvement (11/20)
Epoch 170/200, Batch 100, Aver_Loss: 486.8071
Epoch 170/200, Batch 200, Aver_Loss: 476.0971
Epoch 170/200, Batch 300, Aver_Loss: 484.5211
Epoch 170/200, Batch 400, Aver_Loss: 468.8510
[early-stopping] Epoch 170: no improvement (12/20)
Epoch 171/200, Batch 100, Aver_Loss: 479.6925
Epoch 171/200, Batch 200, Aver_Loss: 486.1018
Epoch 171/200, Batch 300, Aver_Loss: 480.9678
Epoch 171/200, Batch 400, Aver_Loss: 480.5562
[early-stopping] Epoch 171: no improvement (13/20)
Epoch 172/200, Batch 100, Aver_Loss: 479.0709
Epoch 172/200, Batch 200, Aver_Loss: 484.0279
Epoch 172/200, Batch 300, Aver_Loss: 478.0364
Epoch 172/200, Batch 400, Aver_Loss: 478.0726
[early-stopping] Epoch 172: no improvement (14/20)
Epoch 173/200, Batch 100, Aver_Loss: 477.6650
Epoch 173/200, Batch 200, Aver_Loss: 476.4449
Epoch 173/200, Batch 300, Aver_Loss: 482.2838
Epoch 173/200, Batch 400, Aver_Loss: 486.6325
[early-stopping] Epoch 173: no improvement (15/20)
Epoch 174/200, Batch 100, Aver_Loss: 477.8178
Epoch 174/200, Batch 200, Aver_Loss: 486.9771
Epoch 174/200, Batch 300, Aver_Loss: 479.8542
Epoch 174/200, Batch 400, Aver_Loss: 486.6930
[early-stopping] Epoch 174: no improvement (16/20)
Epoch 175/200, Batch 100, Aver_Loss: 485.0148
Epoch 175/200, Batch 200, Aver_Loss: 480.7734
Epoch 175/200, Batch 300, Aver_Loss: 479.8571
Epoch 175/200, Batch 400, Aver_Loss: 472.7392
[early-stopping] Epoch 175: no improvement (17/20)
Epoch 176/200, Batch 100, Aver_Loss: 479.8630
Epoch 176/200, Batch 200, Aver_Loss: 476.7094
Epoch 176/200, Batch 300, Aver_Loss: 485.2036
Epoch 176/200, Batch 400, Aver_Loss: 480.0168
[early-stopping] Epoch 176: no improvement (18/20)
Epoch 177/200, Batch 100, Aver_Loss: 479.6385
Epoch 177/200, Batch 200, Aver_Loss: 480.6031
Epoch 177/200, Batch 300, Aver_Loss: 486.9229
Epoch 177/200, Batch 400, Aver_Loss: 476.3594
[early-stopping] Epoch 177: no improvement (19/20)
Epoch 178/200, Batch 100, Aver_Loss: 481.3491
Epoch 178/200, Batch 200, Aver_Loss: 481.1624
Epoch 178/200, Batch 300, Aver_Loss: 478.0626
Epoch 178/200, Batch 400, Aver_Loss: 476.1124
[early-stopping] Epoch 178: no improvement (20/20)
[early-stopping] Patience reached. Stopping at epoch 178. Best epoch: 158, best val ELBO: -480.430177
[early-stopping] Loaded best model from epoch 158 (val ELBO = -480.430177)
[checkpoint] Saved best model to: trained_parameters/mnist_background_images_zdim512_VAE.pkl
[saved curves] ./results/MNIST_BG_IM/curves/mnist_background_images_vae_d512_s777.json

==== Evaluation Summary ====
                 model: vae
   recon/mse_per_pixel: 0.030792
            elbo/train: -479.961497
             elbo/test: -480.461506
             mse/train: 0.030670
              mse/test: 0.030792
             probe/acc: 0.754839
             probe/nll: 0.764667
           probe/brier: 0.342807
             probe/ece: 0.028439
           cluster/nmi: 0.242698
           cluster/ari: 0.158547
============================

