/usr/bin/which: no fi_info in (/arf/home/meyavuz/.local/bin:/arf/sw/comp/python/intelpython3/condabin:/arf/sw/comp/python/intelpython3/bin:/usr/share/Modules/bin:/usr/local/bin:/usr/bin:/usr/local/sbin:/usr/sbin)
Extension for Scikit-learn* enabled (https://github.com/uxlfoundation/scikit-learn-intelex)
/arf/home/meyavuz/.conda/envs/sbn/lib/python3.9/site-packages/sklearn/linear_model/_logistic.py:1247: FutureWarning: 'multi_class' was deprecated in version 1.5 and will be removed in 1.7. From then on, it will always use 'multinomial'. Leave it to its default value to avoid this warning.
  warnings.warn(
Epoch 1/200, Batch 100, Aver_Loss: 222.9438
Epoch 1/200, Batch 200, Aver_Loss: 201.8112
Epoch 1/200, Batch 300, Aver_Loss: 192.9234
Epoch 1/200, Batch 400, Aver_Loss: 183.3028
[early-stopping] Epoch 1: new best val ELBO = -182.323983
Epoch 2/200, Batch 100, Aver_Loss: 175.9774
Epoch 2/200, Batch 200, Aver_Loss: 171.5112
Epoch 2/200, Batch 300, Aver_Loss: 180.0550
Epoch 2/200, Batch 400, Aver_Loss: 163.2595
[early-stopping] Epoch 2: new best val ELBO = -161.144378
Epoch 3/200, Batch 100, Aver_Loss: 157.4410
Epoch 3/200, Batch 200, Aver_Loss: 156.6860
Epoch 3/200, Batch 300, Aver_Loss: 148.0654
Epoch 3/200, Batch 400, Aver_Loss: 148.2646
[early-stopping] Epoch 3: new best val ELBO = -147.015092
Epoch 4/200, Batch 100, Aver_Loss: 140.4498
Epoch 4/200, Batch 200, Aver_Loss: 144.1360
Epoch 4/200, Batch 300, Aver_Loss: 143.7508
Epoch 4/200, Batch 400, Aver_Loss: 139.3080
[early-stopping] Epoch 4: new best val ELBO = -141.767927
Epoch 5/200, Batch 100, Aver_Loss: 146.5873
Epoch 5/200, Batch 200, Aver_Loss: 138.3472
Epoch 5/200, Batch 300, Aver_Loss: 135.5103
Epoch 5/200, Batch 400, Aver_Loss: 139.4007
[early-stopping] Epoch 5: new best val ELBO = -138.306908
Epoch 6/200, Batch 100, Aver_Loss: 138.9156
Epoch 6/200, Batch 200, Aver_Loss: 139.6019
Epoch 6/200, Batch 300, Aver_Loss: 133.2599
Epoch 6/200, Batch 400, Aver_Loss: 137.1981
[early-stopping] Epoch 6: new best val ELBO = -136.039672
Epoch 7/200, Batch 100, Aver_Loss: 134.6463
Epoch 7/200, Batch 200, Aver_Loss: 135.6244
Epoch 7/200, Batch 300, Aver_Loss: 129.9318
Epoch 7/200, Batch 400, Aver_Loss: 135.6806
[early-stopping] Epoch 7: new best val ELBO = -134.759774
Epoch 8/200, Batch 100, Aver_Loss: 131.7049
Epoch 8/200, Batch 200, Aver_Loss: 132.8256
Epoch 8/200, Batch 300, Aver_Loss: 133.2302
Epoch 8/200, Batch 400, Aver_Loss: 130.3751
[early-stopping] Epoch 8: new best val ELBO = -133.486482
Epoch 9/200, Batch 100, Aver_Loss: 137.5791
Epoch 9/200, Batch 200, Aver_Loss: 128.4601
Epoch 9/200, Batch 300, Aver_Loss: 129.3695
Epoch 9/200, Batch 400, Aver_Loss: 131.8700
[early-stopping] Epoch 9: new best val ELBO = -132.727958
Epoch 10/200, Batch 100, Aver_Loss: 133.2753
Epoch 10/200, Batch 200, Aver_Loss: 129.4282
Epoch 10/200, Batch 300, Aver_Loss: 130.7290
Epoch 10/200, Batch 400, Aver_Loss: 126.7286
[early-stopping] Epoch 10: new best val ELBO = -131.747378
Epoch 11/200, Batch 100, Aver_Loss: 130.6129
Epoch 11/200, Batch 200, Aver_Loss: 133.0688
Epoch 11/200, Batch 300, Aver_Loss: 133.2141
Epoch 11/200, Batch 400, Aver_Loss: 132.6190
[early-stopping] Epoch 11: new best val ELBO = -131.398570
Epoch 12/200, Batch 100, Aver_Loss: 132.9490
Epoch 12/200, Batch 200, Aver_Loss: 130.6596
Epoch 12/200, Batch 300, Aver_Loss: 130.1463
Epoch 12/200, Batch 400, Aver_Loss: 130.5628
[early-stopping] Epoch 12: new best val ELBO = -130.516561
Epoch 13/200, Batch 100, Aver_Loss: 131.8624
Epoch 13/200, Batch 200, Aver_Loss: 134.8546
Epoch 13/200, Batch 300, Aver_Loss: 128.4964
Epoch 13/200, Batch 400, Aver_Loss: 130.0674
[early-stopping] Epoch 13: new best val ELBO = -130.194741
Epoch 14/200, Batch 100, Aver_Loss: 128.4872
Epoch 14/200, Batch 200, Aver_Loss: 127.5619
Epoch 14/200, Batch 300, Aver_Loss: 131.0851
Epoch 14/200, Batch 400, Aver_Loss: 129.7863
[early-stopping] Epoch 14: new best val ELBO = -129.662021
Epoch 15/200, Batch 100, Aver_Loss: 124.7089
Epoch 15/200, Batch 200, Aver_Loss: 130.3682
Epoch 15/200, Batch 300, Aver_Loss: 127.0258
Epoch 15/200, Batch 400, Aver_Loss: 127.2781
[early-stopping] Epoch 15: new best val ELBO = -129.387096
Epoch 16/200, Batch 100, Aver_Loss: 131.7280
Epoch 16/200, Batch 200, Aver_Loss: 127.5501
Epoch 16/200, Batch 300, Aver_Loss: 131.5952
Epoch 16/200, Batch 400, Aver_Loss: 131.5374
[early-stopping] Epoch 16: new best val ELBO = -129.186006
Epoch 17/200, Batch 100, Aver_Loss: 130.6025
Epoch 17/200, Batch 200, Aver_Loss: 127.9299
Epoch 17/200, Batch 300, Aver_Loss: 131.2790
Epoch 17/200, Batch 400, Aver_Loss: 128.8045
[early-stopping] Epoch 17: new best val ELBO = -128.802507
Epoch 18/200, Batch 100, Aver_Loss: 128.4004
Epoch 18/200, Batch 200, Aver_Loss: 132.1749
Epoch 18/200, Batch 300, Aver_Loss: 126.3547
Epoch 18/200, Batch 400, Aver_Loss: 130.1475
[early-stopping] Epoch 18: no improvement (1/20)
Epoch 19/200, Batch 100, Aver_Loss: 125.3880
Epoch 19/200, Batch 200, Aver_Loss: 127.0916
Epoch 19/200, Batch 300, Aver_Loss: 129.3559
Epoch 19/200, Batch 400, Aver_Loss: 126.0630
[early-stopping] Epoch 19: new best val ELBO = -128.502339
Epoch 20/200, Batch 100, Aver_Loss: 126.7807
Epoch 20/200, Batch 200, Aver_Loss: 135.8472
Epoch 20/200, Batch 300, Aver_Loss: 129.9759
Epoch 20/200, Batch 400, Aver_Loss: 129.9588
[early-stopping] Epoch 20: no improvement (1/20)
Epoch 21/200, Batch 100, Aver_Loss: 125.4501
Epoch 21/200, Batch 200, Aver_Loss: 122.3474
Epoch 21/200, Batch 300, Aver_Loss: 129.2693
Epoch 21/200, Batch 400, Aver_Loss: 126.5572
[early-stopping] Epoch 21: new best val ELBO = -128.394745
Epoch 22/200, Batch 100, Aver_Loss: 129.8826
Epoch 22/200, Batch 200, Aver_Loss: 121.5084
Epoch 22/200, Batch 300, Aver_Loss: 128.1066
Epoch 22/200, Batch 400, Aver_Loss: 129.2058
[early-stopping] Epoch 22: new best val ELBO = -128.234627
Epoch 23/200, Batch 100, Aver_Loss: 130.7207
Epoch 23/200, Batch 200, Aver_Loss: 124.8453
Epoch 23/200, Batch 300, Aver_Loss: 134.7458
Epoch 23/200, Batch 400, Aver_Loss: 130.8215
[early-stopping] Epoch 23: no improvement (1/20)
Epoch 24/200, Batch 100, Aver_Loss: 130.0664
Epoch 24/200, Batch 200, Aver_Loss: 127.4297
Epoch 24/200, Batch 300, Aver_Loss: 132.3715
Epoch 24/200, Batch 400, Aver_Loss: 126.0964
[early-stopping] Epoch 24: new best val ELBO = -127.921056
Epoch 25/200, Batch 100, Aver_Loss: 128.2896
Epoch 25/200, Batch 200, Aver_Loss: 129.7883
Epoch 25/200, Batch 300, Aver_Loss: 128.8897
Epoch 25/200, Batch 400, Aver_Loss: 128.6891
[early-stopping] Epoch 25: new best val ELBO = -127.660360
Epoch 26/200, Batch 100, Aver_Loss: 125.3930
Epoch 26/200, Batch 200, Aver_Loss: 126.4759
Epoch 26/200, Batch 300, Aver_Loss: 126.8832
Epoch 26/200, Batch 400, Aver_Loss: 125.9350
[early-stopping] Epoch 26: new best val ELBO = -127.616262
Epoch 27/200, Batch 100, Aver_Loss: 132.6934
Epoch 27/200, Batch 200, Aver_Loss: 132.2071
Epoch 27/200, Batch 300, Aver_Loss: 127.0834
Epoch 27/200, Batch 400, Aver_Loss: 125.5166
[early-stopping] Epoch 27: no improvement (1/20)
Epoch 28/200, Batch 100, Aver_Loss: 125.5704
Epoch 28/200, Batch 200, Aver_Loss: 127.3848
Epoch 28/200, Batch 300, Aver_Loss: 130.6756
Epoch 28/200, Batch 400, Aver_Loss: 130.8457
[early-stopping] Epoch 28: new best val ELBO = -127.593637
Epoch 29/200, Batch 100, Aver_Loss: 122.6365
Epoch 29/200, Batch 200, Aver_Loss: 124.3801
Epoch 29/200, Batch 300, Aver_Loss: 127.1857
Epoch 29/200, Batch 400, Aver_Loss: 131.1515
[early-stopping] Epoch 29: new best val ELBO = -127.476286
Epoch 30/200, Batch 100, Aver_Loss: 125.9066
Epoch 30/200, Batch 200, Aver_Loss: 130.8728
Epoch 30/200, Batch 300, Aver_Loss: 127.8046
Epoch 30/200, Batch 400, Aver_Loss: 125.1426
[early-stopping] Epoch 30: new best val ELBO = -127.300635
Epoch 31/200, Batch 100, Aver_Loss: 124.1092
Epoch 31/200, Batch 200, Aver_Loss: 126.0646
Epoch 31/200, Batch 300, Aver_Loss: 118.6074
Epoch 31/200, Batch 400, Aver_Loss: 123.4815
[early-stopping] Epoch 31: new best val ELBO = -127.154946
Epoch 32/200, Batch 100, Aver_Loss: 129.2595
Epoch 32/200, Batch 200, Aver_Loss: 126.3798
Epoch 32/200, Batch 300, Aver_Loss: 124.5556
Epoch 32/200, Batch 400, Aver_Loss: 125.5630
[early-stopping] Epoch 32: no improvement (1/20)
Epoch 33/200, Batch 100, Aver_Loss: 120.3683
Epoch 33/200, Batch 200, Aver_Loss: 124.9890
Epoch 33/200, Batch 300, Aver_Loss: 127.2316
Epoch 33/200, Batch 400, Aver_Loss: 127.9678
[early-stopping] Epoch 33: new best val ELBO = -127.012616
Epoch 34/200, Batch 100, Aver_Loss: 125.0024
Epoch 34/200, Batch 200, Aver_Loss: 127.1208
Epoch 34/200, Batch 300, Aver_Loss: 123.2667
Epoch 34/200, Batch 400, Aver_Loss: 125.6569
[early-stopping] Epoch 34: no improvement (1/20)
Epoch 35/200, Batch 100, Aver_Loss: 126.8686
Epoch 35/200, Batch 200, Aver_Loss: 127.2789
Epoch 35/200, Batch 300, Aver_Loss: 128.5729
Epoch 35/200, Batch 400, Aver_Loss: 125.8773
[early-stopping] Epoch 35: no improvement (2/20)
Epoch 36/200, Batch 100, Aver_Loss: 126.3518
Epoch 36/200, Batch 200, Aver_Loss: 127.4839
Epoch 36/200, Batch 300, Aver_Loss: 130.7266
Epoch 36/200, Batch 400, Aver_Loss: 126.0665
[early-stopping] Epoch 36: no improvement (3/20)
Epoch 37/200, Batch 100, Aver_Loss: 126.4686
Epoch 37/200, Batch 200, Aver_Loss: 122.8391
Epoch 37/200, Batch 300, Aver_Loss: 124.3208
Epoch 37/200, Batch 400, Aver_Loss: 127.3419
[early-stopping] Epoch 37: no improvement (4/20)
Epoch 38/200, Batch 100, Aver_Loss: 121.2084
Epoch 38/200, Batch 200, Aver_Loss: 127.8661
Epoch 38/200, Batch 300, Aver_Loss: 125.7693
Epoch 38/200, Batch 400, Aver_Loss: 121.6665
[early-stopping] Epoch 38: no improvement (5/20)
Epoch 39/200, Batch 100, Aver_Loss: 124.3231
Epoch 39/200, Batch 200, Aver_Loss: 127.1597
Epoch 39/200, Batch 300, Aver_Loss: 126.2755
Epoch 39/200, Batch 400, Aver_Loss: 125.4656
[early-stopping] Epoch 39: new best val ELBO = -126.810552
Epoch 40/200, Batch 100, Aver_Loss: 127.5048
Epoch 40/200, Batch 200, Aver_Loss: 126.2551
Epoch 40/200, Batch 300, Aver_Loss: 123.7234
Epoch 40/200, Batch 400, Aver_Loss: 127.5651
[early-stopping] Epoch 40: no improvement (1/20)
Epoch 41/200, Batch 100, Aver_Loss: 125.6045
Epoch 41/200, Batch 200, Aver_Loss: 124.0863
Epoch 41/200, Batch 300, Aver_Loss: 123.4510
Epoch 41/200, Batch 400, Aver_Loss: 124.7012
[early-stopping] Epoch 41: no improvement (2/20)
Epoch 42/200, Batch 100, Aver_Loss: 125.8396
Epoch 42/200, Batch 200, Aver_Loss: 128.2001
Epoch 42/200, Batch 300, Aver_Loss: 121.1727
Epoch 42/200, Batch 400, Aver_Loss: 125.5927
[early-stopping] Epoch 42: new best val ELBO = -126.801403
Epoch 43/200, Batch 100, Aver_Loss: 126.2590
Epoch 43/200, Batch 200, Aver_Loss: 124.2451
Epoch 43/200, Batch 300, Aver_Loss: 119.6262
Epoch 43/200, Batch 400, Aver_Loss: 126.0561
[early-stopping] Epoch 43: new best val ELBO = -126.662679
Epoch 44/200, Batch 100, Aver_Loss: 122.1153
Epoch 44/200, Batch 200, Aver_Loss: 125.4465
Epoch 44/200, Batch 300, Aver_Loss: 126.2904
Epoch 44/200, Batch 400, Aver_Loss: 123.0553
[early-stopping] Epoch 44: no improvement (1/20)
Epoch 45/200, Batch 100, Aver_Loss: 126.3132
Epoch 45/200, Batch 200, Aver_Loss: 122.1737
Epoch 45/200, Batch 300, Aver_Loss: 129.7969
Epoch 45/200, Batch 400, Aver_Loss: 129.4655
[early-stopping] Epoch 45: no improvement (2/20)
Epoch 46/200, Batch 100, Aver_Loss: 123.9809
Epoch 46/200, Batch 200, Aver_Loss: 122.6045
Epoch 46/200, Batch 300, Aver_Loss: 124.1111
Epoch 46/200, Batch 400, Aver_Loss: 127.6139
[early-stopping] Epoch 46: new best val ELBO = -126.534131
Epoch 47/200, Batch 100, Aver_Loss: 126.8226
Epoch 47/200, Batch 200, Aver_Loss: 127.1413
Epoch 47/200, Batch 300, Aver_Loss: 130.6164
Epoch 47/200, Batch 400, Aver_Loss: 124.5873
[early-stopping] Epoch 47: no improvement (1/20)
Epoch 48/200, Batch 100, Aver_Loss: 123.8809
Epoch 48/200, Batch 200, Aver_Loss: 130.1000
Epoch 48/200, Batch 300, Aver_Loss: 125.2549
Epoch 48/200, Batch 400, Aver_Loss: 128.5447
[early-stopping] Epoch 48: no improvement (2/20)
Epoch 49/200, Batch 100, Aver_Loss: 129.0674
Epoch 49/200, Batch 200, Aver_Loss: 124.8270
Epoch 49/200, Batch 300, Aver_Loss: 129.8245
Epoch 49/200, Batch 400, Aver_Loss: 121.1870
[early-stopping] Epoch 49: no improvement (3/20)
Epoch 50/200, Batch 100, Aver_Loss: 125.4795
Epoch 50/200, Batch 200, Aver_Loss: 124.3006
Epoch 50/200, Batch 300, Aver_Loss: 124.6390
Epoch 50/200, Batch 400, Aver_Loss: 126.6844
[early-stopping] Epoch 50: no improvement (4/20)
Epoch 51/200, Batch 100, Aver_Loss: 121.9253
Epoch 51/200, Batch 200, Aver_Loss: 123.9573
Epoch 51/200, Batch 300, Aver_Loss: 122.2781
Epoch 51/200, Batch 400, Aver_Loss: 129.1821
[early-stopping] Epoch 51: new best val ELBO = -126.508590
Epoch 52/200, Batch 100, Aver_Loss: 123.1328
Epoch 52/200, Batch 200, Aver_Loss: 125.1576
Epoch 52/200, Batch 300, Aver_Loss: 123.4119
Epoch 52/200, Batch 400, Aver_Loss: 125.7922
[early-stopping] Epoch 52: no improvement (1/20)
Epoch 53/200, Batch 100, Aver_Loss: 131.4751
Epoch 53/200, Batch 200, Aver_Loss: 124.3253
Epoch 53/200, Batch 300, Aver_Loss: 127.6189
Epoch 53/200, Batch 400, Aver_Loss: 125.6701
[early-stopping] Epoch 53: new best val ELBO = -126.400180
Epoch 54/200, Batch 100, Aver_Loss: 120.9632
Epoch 54/200, Batch 200, Aver_Loss: 123.6732
Epoch 54/200, Batch 300, Aver_Loss: 128.8809
Epoch 54/200, Batch 400, Aver_Loss: 125.3644
[early-stopping] Epoch 54: no improvement (1/20)
Epoch 55/200, Batch 100, Aver_Loss: 123.2495
Epoch 55/200, Batch 200, Aver_Loss: 127.9723
Epoch 55/200, Batch 300, Aver_Loss: 126.6826
Epoch 55/200, Batch 400, Aver_Loss: 124.7568
[early-stopping] Epoch 55: new best val ELBO = -126.375903
Epoch 56/200, Batch 100, Aver_Loss: 127.4820
Epoch 56/200, Batch 200, Aver_Loss: 131.1333
Epoch 56/200, Batch 300, Aver_Loss: 126.0503
Epoch 56/200, Batch 400, Aver_Loss: 128.5784
[early-stopping] Epoch 56: no improvement (1/20)
Epoch 57/200, Batch 100, Aver_Loss: 124.5977
Epoch 57/200, Batch 200, Aver_Loss: 126.8132
Epoch 57/200, Batch 300, Aver_Loss: 116.5781
Epoch 57/200, Batch 400, Aver_Loss: 127.7332
[early-stopping] Epoch 57: new best val ELBO = -126.367186
Epoch 58/200, Batch 100, Aver_Loss: 126.9793
Epoch 58/200, Batch 200, Aver_Loss: 126.3259
Epoch 58/200, Batch 300, Aver_Loss: 126.6971
Epoch 58/200, Batch 400, Aver_Loss: 123.9533
[early-stopping] Epoch 58: no improvement (1/20)
Epoch 59/200, Batch 100, Aver_Loss: 123.8871
Epoch 59/200, Batch 200, Aver_Loss: 123.4945
Epoch 59/200, Batch 300, Aver_Loss: 125.4641
Epoch 59/200, Batch 400, Aver_Loss: 122.5816
[early-stopping] Epoch 59: no improvement (2/20)
Epoch 60/200, Batch 100, Aver_Loss: 124.1364
Epoch 60/200, Batch 200, Aver_Loss: 123.4773
Epoch 60/200, Batch 300, Aver_Loss: 122.4485
Epoch 60/200, Batch 400, Aver_Loss: 122.3234
[early-stopping] Epoch 60: new best val ELBO = -126.336841
Epoch 61/200, Batch 100, Aver_Loss: 121.0705
Epoch 61/200, Batch 200, Aver_Loss: 124.3847
Epoch 61/200, Batch 300, Aver_Loss: 126.4164
Epoch 61/200, Batch 400, Aver_Loss: 127.0810
[early-stopping] Epoch 61: no improvement (1/20)
Epoch 62/200, Batch 100, Aver_Loss: 125.1349
Epoch 62/200, Batch 200, Aver_Loss: 129.6283
Epoch 62/200, Batch 300, Aver_Loss: 123.9841
Epoch 62/200, Batch 400, Aver_Loss: 127.3802
[early-stopping] Epoch 62: no improvement (2/20)
Epoch 63/200, Batch 100, Aver_Loss: 126.6879
Epoch 63/200, Batch 200, Aver_Loss: 123.0152
Epoch 63/200, Batch 300, Aver_Loss: 121.5283
Epoch 63/200, Batch 400, Aver_Loss: 125.5746
[early-stopping] Epoch 63: new best val ELBO = -126.224489
Epoch 64/200, Batch 100, Aver_Loss: 124.5386
Epoch 64/200, Batch 200, Aver_Loss: 126.0480
Epoch 64/200, Batch 300, Aver_Loss: 124.4937
Epoch 64/200, Batch 400, Aver_Loss: 127.5631
[early-stopping] Epoch 64: new best val ELBO = -126.176786
Epoch 65/200, Batch 100, Aver_Loss: 123.7517
Epoch 65/200, Batch 200, Aver_Loss: 122.2818
Epoch 65/200, Batch 300, Aver_Loss: 120.7446
Epoch 65/200, Batch 400, Aver_Loss: 125.3716
[early-stopping] Epoch 65: no improvement (1/20)
Epoch 66/200, Batch 100, Aver_Loss: 127.1633
Epoch 66/200, Batch 200, Aver_Loss: 118.1721
Epoch 66/200, Batch 300, Aver_Loss: 126.3954
Epoch 66/200, Batch 400, Aver_Loss: 127.4279
[early-stopping] Epoch 66: no improvement (2/20)
Epoch 67/200, Batch 100, Aver_Loss: 127.9524
Epoch 67/200, Batch 200, Aver_Loss: 123.0595
Epoch 67/200, Batch 300, Aver_Loss: 125.9732
Epoch 67/200, Batch 400, Aver_Loss: 121.9675
[early-stopping] Epoch 67: no improvement (3/20)
Epoch 68/200, Batch 100, Aver_Loss: 128.5300
Epoch 68/200, Batch 200, Aver_Loss: 125.3723
Epoch 68/200, Batch 300, Aver_Loss: 125.5972
Epoch 68/200, Batch 400, Aver_Loss: 128.9731
[early-stopping] Epoch 68: no improvement (4/20)
Epoch 69/200, Batch 100, Aver_Loss: 123.0073
Epoch 69/200, Batch 200, Aver_Loss: 128.2788
Epoch 69/200, Batch 300, Aver_Loss: 122.5772
Epoch 69/200, Batch 400, Aver_Loss: 125.5807
[early-stopping] Epoch 69: no improvement (5/20)
Epoch 70/200, Batch 100, Aver_Loss: 125.9519
Epoch 70/200, Batch 200, Aver_Loss: 124.6298
Epoch 70/200, Batch 300, Aver_Loss: 129.9571
Epoch 70/200, Batch 400, Aver_Loss: 123.5018
[early-stopping] Epoch 70: new best val ELBO = -126.119701
Epoch 71/200, Batch 100, Aver_Loss: 126.0300
Epoch 71/200, Batch 200, Aver_Loss: 125.4957
Epoch 71/200, Batch 300, Aver_Loss: 121.8481
Epoch 71/200, Batch 400, Aver_Loss: 127.3086
[early-stopping] Epoch 71: new best val ELBO = -126.038138
Epoch 72/200, Batch 100, Aver_Loss: 125.1720
Epoch 72/200, Batch 200, Aver_Loss: 125.4913
Epoch 72/200, Batch 300, Aver_Loss: 123.1566
Epoch 72/200, Batch 400, Aver_Loss: 123.0080
[early-stopping] Epoch 72: no improvement (1/20)
Epoch 73/200, Batch 100, Aver_Loss: 125.6750
Epoch 73/200, Batch 200, Aver_Loss: 127.3832
Epoch 73/200, Batch 300, Aver_Loss: 125.8880
Epoch 73/200, Batch 400, Aver_Loss: 129.1316
[early-stopping] Epoch 73: no improvement (2/20)
Epoch 74/200, Batch 100, Aver_Loss: 129.0250
Epoch 74/200, Batch 200, Aver_Loss: 121.2535
Epoch 74/200, Batch 300, Aver_Loss: 123.9141
Epoch 74/200, Batch 400, Aver_Loss: 127.9961
[early-stopping] Epoch 74: no improvement (3/20)
Epoch 75/200, Batch 100, Aver_Loss: 126.1177
Epoch 75/200, Batch 200, Aver_Loss: 123.5417
Epoch 75/200, Batch 300, Aver_Loss: 125.6036
Epoch 75/200, Batch 400, Aver_Loss: 123.0864
[early-stopping] Epoch 75: new best val ELBO = -125.963034
Epoch 76/200, Batch 100, Aver_Loss: 125.8673
Epoch 76/200, Batch 200, Aver_Loss: 126.8489
Epoch 76/200, Batch 300, Aver_Loss: 129.2551
Epoch 76/200, Batch 400, Aver_Loss: 128.0265
[early-stopping] Epoch 76: no improvement (1/20)
Epoch 77/200, Batch 100, Aver_Loss: 125.3904
Epoch 77/200, Batch 200, Aver_Loss: 129.0873
Epoch 77/200, Batch 300, Aver_Loss: 124.3096
Epoch 77/200, Batch 400, Aver_Loss: 125.9774
[early-stopping] Epoch 77: no improvement (2/20)
Epoch 78/200, Batch 100, Aver_Loss: 128.2418
Epoch 78/200, Batch 200, Aver_Loss: 128.1584
Epoch 78/200, Batch 300, Aver_Loss: 122.0951
Epoch 78/200, Batch 400, Aver_Loss: 123.1278
[early-stopping] Epoch 78: no improvement (3/20)
Epoch 79/200, Batch 100, Aver_Loss: 122.2808
Epoch 79/200, Batch 200, Aver_Loss: 122.7902
Epoch 79/200, Batch 300, Aver_Loss: 126.2564
Epoch 79/200, Batch 400, Aver_Loss: 127.7043
[early-stopping] Epoch 79: no improvement (4/20)
Epoch 80/200, Batch 100, Aver_Loss: 122.9264
Epoch 80/200, Batch 200, Aver_Loss: 122.7958
Epoch 80/200, Batch 300, Aver_Loss: 120.1550
Epoch 80/200, Batch 400, Aver_Loss: 127.9085
[early-stopping] Epoch 80: no improvement (5/20)
Epoch 81/200, Batch 100, Aver_Loss: 124.9056
Epoch 81/200, Batch 200, Aver_Loss: 128.8514
Epoch 81/200, Batch 300, Aver_Loss: 122.0586
Epoch 81/200, Batch 400, Aver_Loss: 121.6584
[early-stopping] Epoch 81: no improvement (6/20)
Epoch 82/200, Batch 100, Aver_Loss: 122.9983
Epoch 82/200, Batch 200, Aver_Loss: 126.0553
Epoch 82/200, Batch 300, Aver_Loss: 121.7203
Epoch 82/200, Batch 400, Aver_Loss: 131.7820
[early-stopping] Epoch 82: no improvement (7/20)
Epoch 83/200, Batch 100, Aver_Loss: 122.0482
Epoch 83/200, Batch 200, Aver_Loss: 125.3911
Epoch 83/200, Batch 300, Aver_Loss: 128.8842
Epoch 83/200, Batch 400, Aver_Loss: 124.1297
[early-stopping] Epoch 83: no improvement (8/20)
Epoch 84/200, Batch 100, Aver_Loss: 126.6009
Epoch 84/200, Batch 200, Aver_Loss: 123.6115
Epoch 84/200, Batch 300, Aver_Loss: 127.0001
Epoch 84/200, Batch 400, Aver_Loss: 126.4649
[early-stopping] Epoch 84: no improvement (9/20)
Epoch 85/200, Batch 100, Aver_Loss: 125.1805
Epoch 85/200, Batch 200, Aver_Loss: 123.4063
Epoch 85/200, Batch 300, Aver_Loss: 126.2421
Epoch 85/200, Batch 400, Aver_Loss: 125.8953
[early-stopping] Epoch 85: no improvement (10/20)
Epoch 86/200, Batch 100, Aver_Loss: 125.8572
Epoch 86/200, Batch 200, Aver_Loss: 123.4496
Epoch 86/200, Batch 300, Aver_Loss: 126.2090
Epoch 86/200, Batch 400, Aver_Loss: 122.9577
[early-stopping] Epoch 86: no improvement (11/20)
Epoch 87/200, Batch 100, Aver_Loss: 122.4554
Epoch 87/200, Batch 200, Aver_Loss: 121.8680
Epoch 87/200, Batch 300, Aver_Loss: 128.3181
Epoch 87/200, Batch 400, Aver_Loss: 127.7085
[early-stopping] Epoch 87: no improvement (12/20)
Epoch 88/200, Batch 100, Aver_Loss: 126.2151
Epoch 88/200, Batch 200, Aver_Loss: 124.1247
Epoch 88/200, Batch 300, Aver_Loss: 125.8549
Epoch 88/200, Batch 400, Aver_Loss: 123.0936
[early-stopping] Epoch 88: no improvement (13/20)
Epoch 89/200, Batch 100, Aver_Loss: 125.3410
Epoch 89/200, Batch 200, Aver_Loss: 124.0186
Epoch 89/200, Batch 300, Aver_Loss: 120.3376
Epoch 89/200, Batch 400, Aver_Loss: 123.4767
[early-stopping] Epoch 89: new best val ELBO = -125.958544
Epoch 90/200, Batch 100, Aver_Loss: 123.9549
Epoch 90/200, Batch 200, Aver_Loss: 127.7606
Epoch 90/200, Batch 300, Aver_Loss: 124.9393
Epoch 90/200, Batch 400, Aver_Loss: 125.5939
[early-stopping] Epoch 90: no improvement (1/20)
Epoch 91/200, Batch 100, Aver_Loss: 127.0352
Epoch 91/200, Batch 200, Aver_Loss: 124.6791
Epoch 91/200, Batch 300, Aver_Loss: 122.4834
Epoch 91/200, Batch 400, Aver_Loss: 127.4541
[early-stopping] Epoch 91: no improvement (2/20)
Epoch 92/200, Batch 100, Aver_Loss: 131.3519
Epoch 92/200, Batch 200, Aver_Loss: 122.4028
Epoch 92/200, Batch 300, Aver_Loss: 129.4428
Epoch 92/200, Batch 400, Aver_Loss: 120.3461
[early-stopping] Epoch 92: no improvement (3/20)
Epoch 93/200, Batch 100, Aver_Loss: 124.7206
Epoch 93/200, Batch 200, Aver_Loss: 127.8593
Epoch 93/200, Batch 300, Aver_Loss: 125.5301
Epoch 93/200, Batch 400, Aver_Loss: 123.2444
[early-stopping] Epoch 93: new best val ELBO = -125.804502
Epoch 94/200, Batch 100, Aver_Loss: 124.1993
Epoch 94/200, Batch 200, Aver_Loss: 119.1809
Epoch 94/200, Batch 300, Aver_Loss: 122.7391
Epoch 94/200, Batch 400, Aver_Loss: 129.6121
[early-stopping] Epoch 94: no improvement (1/20)
Epoch 95/200, Batch 100, Aver_Loss: 124.3763
Epoch 95/200, Batch 200, Aver_Loss: 125.9667
Epoch 95/200, Batch 300, Aver_Loss: 123.1179
Epoch 95/200, Batch 400, Aver_Loss: 123.1463
[early-stopping] Epoch 95: no improvement (2/20)
Epoch 96/200, Batch 100, Aver_Loss: 124.0107
Epoch 96/200, Batch 200, Aver_Loss: 120.9598
Epoch 96/200, Batch 300, Aver_Loss: 125.9276
Epoch 96/200, Batch 400, Aver_Loss: 125.7844
[early-stopping] Epoch 96: no improvement (3/20)
Epoch 97/200, Batch 100, Aver_Loss: 121.4723
Epoch 97/200, Batch 200, Aver_Loss: 125.7812
Epoch 97/200, Batch 300, Aver_Loss: 126.3074
Epoch 97/200, Batch 400, Aver_Loss: 123.6627
[early-stopping] Epoch 97: no improvement (4/20)
Epoch 98/200, Batch 100, Aver_Loss: 129.2378
Epoch 98/200, Batch 200, Aver_Loss: 118.6908
Epoch 98/200, Batch 300, Aver_Loss: 122.5227
Epoch 98/200, Batch 400, Aver_Loss: 126.6309
[early-stopping] Epoch 98: no improvement (5/20)
Epoch 99/200, Batch 100, Aver_Loss: 122.8272
Epoch 99/200, Batch 200, Aver_Loss: 123.4592
Epoch 99/200, Batch 300, Aver_Loss: 127.4132
Epoch 99/200, Batch 400, Aver_Loss: 126.1895
[early-stopping] Epoch 99: no improvement (6/20)
Epoch 100/200, Batch 100, Aver_Loss: 126.7287
Epoch 100/200, Batch 200, Aver_Loss: 122.8056
Epoch 100/200, Batch 300, Aver_Loss: 122.6199
Epoch 100/200, Batch 400, Aver_Loss: 128.1155
[early-stopping] Epoch 100: no improvement (7/20)
Epoch 101/200, Batch 100, Aver_Loss: 125.7042
Epoch 101/200, Batch 200, Aver_Loss: 123.7306
Epoch 101/200, Batch 300, Aver_Loss: 122.6796
Epoch 101/200, Batch 400, Aver_Loss: 127.5744
[early-stopping] Epoch 101: no improvement (8/20)
Epoch 102/200, Batch 100, Aver_Loss: 122.5948
Epoch 102/200, Batch 200, Aver_Loss: 125.5124
Epoch 102/200, Batch 300, Aver_Loss: 130.0443
Epoch 102/200, Batch 400, Aver_Loss: 128.1592
[early-stopping] Epoch 102: no improvement (9/20)
Epoch 103/200, Batch 100, Aver_Loss: 123.5510
Epoch 103/200, Batch 200, Aver_Loss: 129.5876
Epoch 103/200, Batch 300, Aver_Loss: 128.7557
Epoch 103/200, Batch 400, Aver_Loss: 126.5066
[early-stopping] Epoch 103: new best val ELBO = -125.660042
Epoch 104/200, Batch 100, Aver_Loss: 124.3613
Epoch 104/200, Batch 200, Aver_Loss: 128.3837
Epoch 104/200, Batch 300, Aver_Loss: 121.3840
Epoch 104/200, Batch 400, Aver_Loss: 125.2405
[early-stopping] Epoch 104: no improvement (1/20)
Epoch 105/200, Batch 100, Aver_Loss: 123.4977
Epoch 105/200, Batch 200, Aver_Loss: 125.3474
Epoch 105/200, Batch 300, Aver_Loss: 127.6151
Epoch 105/200, Batch 400, Aver_Loss: 123.8827
[early-stopping] Epoch 105: no improvement (2/20)
Epoch 106/200, Batch 100, Aver_Loss: 122.7068
Epoch 106/200, Batch 200, Aver_Loss: 117.3994
Epoch 106/200, Batch 300, Aver_Loss: 118.1018
Epoch 106/200, Batch 400, Aver_Loss: 124.8451
[early-stopping] Epoch 106: no improvement (3/20)
Epoch 107/200, Batch 100, Aver_Loss: 124.8766
Epoch 107/200, Batch 200, Aver_Loss: 127.0640
Epoch 107/200, Batch 300, Aver_Loss: 122.4423
Epoch 107/200, Batch 400, Aver_Loss: 122.8140
[early-stopping] Epoch 107: no improvement (4/20)
Epoch 108/200, Batch 100, Aver_Loss: 123.1661
Epoch 108/200, Batch 200, Aver_Loss: 126.5628
Epoch 108/200, Batch 300, Aver_Loss: 126.0879
Epoch 108/200, Batch 400, Aver_Loss: 125.3532
[early-stopping] Epoch 108: no improvement (5/20)
Epoch 109/200, Batch 100, Aver_Loss: 127.2052
Epoch 109/200, Batch 200, Aver_Loss: 125.0993
Epoch 109/200, Batch 300, Aver_Loss: 120.7104
Epoch 109/200, Batch 400, Aver_Loss: 128.0620
[early-stopping] Epoch 109: no improvement (6/20)
Epoch 110/200, Batch 100, Aver_Loss: 121.8510
Epoch 110/200, Batch 200, Aver_Loss: 123.1711
Epoch 110/200, Batch 300, Aver_Loss: 126.3578
Epoch 110/200, Batch 400, Aver_Loss: 123.4813
[early-stopping] Epoch 110: no improvement (7/20)
Epoch 111/200, Batch 100, Aver_Loss: 128.4183
Epoch 111/200, Batch 200, Aver_Loss: 126.6809
Epoch 111/200, Batch 300, Aver_Loss: 124.9316
Epoch 111/200, Batch 400, Aver_Loss: 120.4775
[early-stopping] Epoch 111: no improvement (8/20)
Epoch 112/200, Batch 100, Aver_Loss: 123.7354
Epoch 112/200, Batch 200, Aver_Loss: 129.3206
Epoch 112/200, Batch 300, Aver_Loss: 126.6483
Epoch 112/200, Batch 400, Aver_Loss: 123.4983
[early-stopping] Epoch 112: no improvement (9/20)
Epoch 113/200, Batch 100, Aver_Loss: 123.6991
Epoch 113/200, Batch 200, Aver_Loss: 123.4210
Epoch 113/200, Batch 300, Aver_Loss: 122.3183
Epoch 113/200, Batch 400, Aver_Loss: 125.9867
[early-stopping] Epoch 113: no improvement (10/20)
Epoch 114/200, Batch 100, Aver_Loss: 123.0478
Epoch 114/200, Batch 200, Aver_Loss: 127.0628
Epoch 114/200, Batch 300, Aver_Loss: 126.8644
Epoch 114/200, Batch 400, Aver_Loss: 120.0843
[early-stopping] Epoch 114: no improvement (11/20)
Epoch 115/200, Batch 100, Aver_Loss: 129.8242
Epoch 115/200, Batch 200, Aver_Loss: 122.9470
Epoch 115/200, Batch 300, Aver_Loss: 125.2050
Epoch 115/200, Batch 400, Aver_Loss: 127.1444
[early-stopping] Epoch 115: no improvement (12/20)
Epoch 116/200, Batch 100, Aver_Loss: 124.1545
Epoch 116/200, Batch 200, Aver_Loss: 123.2214
Epoch 116/200, Batch 300, Aver_Loss: 123.6364
Epoch 116/200, Batch 400, Aver_Loss: 128.4648
[early-stopping] Epoch 116: no improvement (13/20)
Epoch 117/200, Batch 100, Aver_Loss: 124.5210
Epoch 117/200, Batch 200, Aver_Loss: 124.1685
Epoch 117/200, Batch 300, Aver_Loss: 122.3049
Epoch 117/200, Batch 400, Aver_Loss: 123.6164
[early-stopping] Epoch 117: new best val ELBO = -125.546003
Epoch 118/200, Batch 100, Aver_Loss: 123.7469
Epoch 118/200, Batch 200, Aver_Loss: 125.1687
Epoch 118/200, Batch 300, Aver_Loss: 130.0938
Epoch 118/200, Batch 400, Aver_Loss: 124.2221
[early-stopping] Epoch 118: no improvement (1/20)
Epoch 119/200, Batch 100, Aver_Loss: 131.1452
Epoch 119/200, Batch 200, Aver_Loss: 125.4946
Epoch 119/200, Batch 300, Aver_Loss: 126.8905
Epoch 119/200, Batch 400, Aver_Loss: 121.9395
[early-stopping] Epoch 119: no improvement (2/20)
Epoch 120/200, Batch 100, Aver_Loss: 129.2498
Epoch 120/200, Batch 200, Aver_Loss: 125.0714
Epoch 120/200, Batch 300, Aver_Loss: 122.5117
Epoch 120/200, Batch 400, Aver_Loss: 123.9293
[early-stopping] Epoch 120: no improvement (3/20)
Epoch 121/200, Batch 100, Aver_Loss: 124.2627
Epoch 121/200, Batch 200, Aver_Loss: 123.0624
Epoch 121/200, Batch 300, Aver_Loss: 124.3070
Epoch 121/200, Batch 400, Aver_Loss: 122.8507
[early-stopping] Epoch 121: no improvement (4/20)
Epoch 122/200, Batch 100, Aver_Loss: 127.0437
Epoch 122/200, Batch 200, Aver_Loss: 128.9682
Epoch 122/200, Batch 300, Aver_Loss: 123.8235
Epoch 122/200, Batch 400, Aver_Loss: 123.4320
[early-stopping] Epoch 122: no improvement (5/20)
Epoch 123/200, Batch 100, Aver_Loss: 121.6501
Epoch 123/200, Batch 200, Aver_Loss: 123.8741
Epoch 123/200, Batch 300, Aver_Loss: 123.2972
Epoch 123/200, Batch 400, Aver_Loss: 125.4244
[early-stopping] Epoch 123: no improvement (6/20)
Epoch 124/200, Batch 100, Aver_Loss: 126.4640
Epoch 124/200, Batch 200, Aver_Loss: 124.5497
Epoch 124/200, Batch 300, Aver_Loss: 124.5803
Epoch 124/200, Batch 400, Aver_Loss: 118.5923
[early-stopping] Epoch 124: no improvement (7/20)
Epoch 125/200, Batch 100, Aver_Loss: 122.6001
Epoch 125/200, Batch 200, Aver_Loss: 121.2441
Epoch 125/200, Batch 300, Aver_Loss: 126.6574
Epoch 125/200, Batch 400, Aver_Loss: 126.6437
[early-stopping] Epoch 125: no improvement (8/20)
Epoch 126/200, Batch 100, Aver_Loss: 123.6673
Epoch 126/200, Batch 200, Aver_Loss: 125.0186
Epoch 126/200, Batch 300, Aver_Loss: 124.2498
Epoch 126/200, Batch 400, Aver_Loss: 122.4251
[early-stopping] Epoch 126: no improvement (9/20)
Epoch 127/200, Batch 100, Aver_Loss: 121.4908
Epoch 127/200, Batch 200, Aver_Loss: 122.6298
Epoch 127/200, Batch 300, Aver_Loss: 118.8887
Epoch 127/200, Batch 400, Aver_Loss: 124.9222
[early-stopping] Epoch 127: no improvement (10/20)
Epoch 128/200, Batch 100, Aver_Loss: 127.0596
Epoch 128/200, Batch 200, Aver_Loss: 123.7671
Epoch 128/200, Batch 300, Aver_Loss: 125.5206
Epoch 128/200, Batch 400, Aver_Loss: 127.8501
[early-stopping] Epoch 128: no improvement (11/20)
Epoch 129/200, Batch 100, Aver_Loss: 123.8496
Epoch 129/200, Batch 200, Aver_Loss: 120.0663
Epoch 129/200, Batch 300, Aver_Loss: 126.7671
Epoch 129/200, Batch 400, Aver_Loss: 122.0055
[early-stopping] Epoch 129: no improvement (12/20)
Epoch 130/200, Batch 100, Aver_Loss: 125.2985
Epoch 130/200, Batch 200, Aver_Loss: 121.9501
Epoch 130/200, Batch 300, Aver_Loss: 123.0306
Epoch 130/200, Batch 400, Aver_Loss: 124.7959
[early-stopping] Epoch 130: no improvement (13/20)
Epoch 131/200, Batch 100, Aver_Loss: 128.9151
Epoch 131/200, Batch 200, Aver_Loss: 121.9403
Epoch 131/200, Batch 300, Aver_Loss: 125.5967
Epoch 131/200, Batch 400, Aver_Loss: 125.4305
[early-stopping] Epoch 131: no improvement (14/20)
Epoch 132/200, Batch 100, Aver_Loss: 121.6041
Epoch 132/200, Batch 200, Aver_Loss: 126.3311
Epoch 132/200, Batch 300, Aver_Loss: 121.6432
Epoch 132/200, Batch 400, Aver_Loss: 128.0636
[early-stopping] Epoch 132: no improvement (15/20)
Epoch 133/200, Batch 100, Aver_Loss: 125.2818
Epoch 133/200, Batch 200, Aver_Loss: 127.4846
Epoch 133/200, Batch 300, Aver_Loss: 127.8371
Epoch 133/200, Batch 400, Aver_Loss: 128.2981
[early-stopping] Epoch 133: no improvement (16/20)
Epoch 134/200, Batch 100, Aver_Loss: 125.6102
Epoch 134/200, Batch 200, Aver_Loss: 122.6246
Epoch 134/200, Batch 300, Aver_Loss: 124.4948
Epoch 134/200, Batch 400, Aver_Loss: 124.8570
[early-stopping] Epoch 134: new best val ELBO = -125.415621
Epoch 135/200, Batch 100, Aver_Loss: 121.8228
Epoch 135/200, Batch 200, Aver_Loss: 126.0571
Epoch 135/200, Batch 300, Aver_Loss: 125.5801
Epoch 135/200, Batch 400, Aver_Loss: 120.7358
[early-stopping] Epoch 135: no improvement (1/20)
Epoch 136/200, Batch 100, Aver_Loss: 123.5681
Epoch 136/200, Batch 200, Aver_Loss: 121.5905
Epoch 136/200, Batch 300, Aver_Loss: 127.5514
Epoch 136/200, Batch 400, Aver_Loss: 128.4557
[early-stopping] Epoch 136: no improvement (2/20)
Epoch 137/200, Batch 100, Aver_Loss: 125.4099
Epoch 137/200, Batch 200, Aver_Loss: 126.1219
Epoch 137/200, Batch 300, Aver_Loss: 125.7826
Epoch 137/200, Batch 400, Aver_Loss: 120.6153
[early-stopping] Epoch 137: no improvement (3/20)
Epoch 138/200, Batch 100, Aver_Loss: 124.5390
Epoch 138/200, Batch 200, Aver_Loss: 125.5363
Epoch 138/200, Batch 300, Aver_Loss: 125.9105
Epoch 138/200, Batch 400, Aver_Loss: 117.0868
[early-stopping] Epoch 138: no improvement (4/20)
Epoch 139/200, Batch 100, Aver_Loss: 121.6801
Epoch 139/200, Batch 200, Aver_Loss: 129.2668
Epoch 139/200, Batch 300, Aver_Loss: 124.0096
Epoch 139/200, Batch 400, Aver_Loss: 123.9500
[early-stopping] Epoch 139: no improvement (5/20)
Epoch 140/200, Batch 100, Aver_Loss: 124.3427
Epoch 140/200, Batch 200, Aver_Loss: 123.7992
Epoch 140/200, Batch 300, Aver_Loss: 122.8401
Epoch 140/200, Batch 400, Aver_Loss: 124.0492
[early-stopping] Epoch 140: no improvement (6/20)
Epoch 141/200, Batch 100, Aver_Loss: 124.8515
Epoch 141/200, Batch 200, Aver_Loss: 124.2761
Epoch 141/200, Batch 300, Aver_Loss: 123.9071
Epoch 141/200, Batch 400, Aver_Loss: 127.4032
[early-stopping] Epoch 141: no improvement (7/20)
Epoch 142/200, Batch 100, Aver_Loss: 126.3092
Epoch 142/200, Batch 200, Aver_Loss: 125.1059
Epoch 142/200, Batch 300, Aver_Loss: 123.5081
Epoch 142/200, Batch 400, Aver_Loss: 125.0568
[early-stopping] Epoch 142: no improvement (8/20)
Epoch 143/200, Batch 100, Aver_Loss: 125.9869
Epoch 143/200, Batch 200, Aver_Loss: 126.6525
Epoch 143/200, Batch 300, Aver_Loss: 128.8121
Epoch 143/200, Batch 400, Aver_Loss: 125.2691
[early-stopping] Epoch 143: no improvement (9/20)
Epoch 144/200, Batch 100, Aver_Loss: 125.0298
Epoch 144/200, Batch 200, Aver_Loss: 125.1311
Epoch 144/200, Batch 300, Aver_Loss: 129.7546
Epoch 144/200, Batch 400, Aver_Loss: 127.2593
[early-stopping] Epoch 144: no improvement (10/20)
Epoch 145/200, Batch 100, Aver_Loss: 123.2047
Epoch 145/200, Batch 200, Aver_Loss: 125.6082
Epoch 145/200, Batch 300, Aver_Loss: 125.7798
Epoch 145/200, Batch 400, Aver_Loss: 125.4916
[early-stopping] Epoch 145: no improvement (11/20)
Epoch 146/200, Batch 100, Aver_Loss: 124.0829
Epoch 146/200, Batch 200, Aver_Loss: 124.9484
Epoch 146/200, Batch 300, Aver_Loss: 122.7053
Epoch 146/200, Batch 400, Aver_Loss: 125.0908
[early-stopping] Epoch 146: no improvement (12/20)
Epoch 147/200, Batch 100, Aver_Loss: 124.1345
Epoch 147/200, Batch 200, Aver_Loss: 123.7341
Epoch 147/200, Batch 300, Aver_Loss: 121.4780
Epoch 147/200, Batch 400, Aver_Loss: 127.6154
[early-stopping] Epoch 147: no improvement (13/20)
Epoch 148/200, Batch 100, Aver_Loss: 120.8946
Epoch 148/200, Batch 200, Aver_Loss: 121.1781
Epoch 148/200, Batch 300, Aver_Loss: 126.9708
Epoch 148/200, Batch 400, Aver_Loss: 126.6652
[early-stopping] Epoch 148: no improvement (14/20)
Epoch 149/200, Batch 100, Aver_Loss: 124.7047
Epoch 149/200, Batch 200, Aver_Loss: 126.4321
Epoch 149/200, Batch 300, Aver_Loss: 121.1889
Epoch 149/200, Batch 400, Aver_Loss: 121.3138
[early-stopping] Epoch 149: no improvement (15/20)
Epoch 150/200, Batch 100, Aver_Loss: 123.7477
Epoch 150/200, Batch 200, Aver_Loss: 123.9523
Epoch 150/200, Batch 300, Aver_Loss: 124.0754
Epoch 150/200, Batch 400, Aver_Loss: 126.2090
[early-stopping] Epoch 150: no improvement (16/20)
Epoch 151/200, Batch 100, Aver_Loss: 124.4483
Epoch 151/200, Batch 200, Aver_Loss: 121.3977
Epoch 151/200, Batch 300, Aver_Loss: 120.7190
Epoch 151/200, Batch 400, Aver_Loss: 122.3487
[early-stopping] Epoch 151: no improvement (17/20)
Epoch 152/200, Batch 100, Aver_Loss: 124.8046
Epoch 152/200, Batch 200, Aver_Loss: 120.4962
Epoch 152/200, Batch 300, Aver_Loss: 124.8990
Epoch 152/200, Batch 400, Aver_Loss: 121.9344
[early-stopping] Epoch 152: new best val ELBO = -125.354621
Epoch 153/200, Batch 100, Aver_Loss: 124.6254
Epoch 153/200, Batch 200, Aver_Loss: 123.7243
Epoch 153/200, Batch 300, Aver_Loss: 123.3659
Epoch 153/200, Batch 400, Aver_Loss: 120.7646
[early-stopping] Epoch 153: no improvement (1/20)
Epoch 154/200, Batch 100, Aver_Loss: 123.2396
Epoch 154/200, Batch 200, Aver_Loss: 121.2724
Epoch 154/200, Batch 300, Aver_Loss: 118.8221
Epoch 154/200, Batch 400, Aver_Loss: 124.3139
[early-stopping] Epoch 154: no improvement (2/20)
Epoch 155/200, Batch 100, Aver_Loss: 125.9864
Epoch 155/200, Batch 200, Aver_Loss: 120.5327
Epoch 155/200, Batch 300, Aver_Loss: 125.5600
Epoch 155/200, Batch 400, Aver_Loss: 125.0430
[early-stopping] Epoch 155: no improvement (3/20)
Epoch 156/200, Batch 100, Aver_Loss: 123.9738
Epoch 156/200, Batch 200, Aver_Loss: 121.6562
Epoch 156/200, Batch 300, Aver_Loss: 124.8703
Epoch 156/200, Batch 400, Aver_Loss: 125.8909
[early-stopping] Epoch 156: no improvement (4/20)
Epoch 157/200, Batch 100, Aver_Loss: 119.2785
Epoch 157/200, Batch 200, Aver_Loss: 124.3340
Epoch 157/200, Batch 300, Aver_Loss: 125.1705
Epoch 157/200, Batch 400, Aver_Loss: 126.1637
[early-stopping] Epoch 157: no improvement (5/20)
Epoch 158/200, Batch 100, Aver_Loss: 126.9636
Epoch 158/200, Batch 200, Aver_Loss: 119.5431
Epoch 158/200, Batch 300, Aver_Loss: 124.8506
Epoch 158/200, Batch 400, Aver_Loss: 123.3665
[early-stopping] Epoch 158: no improvement (6/20)
Epoch 159/200, Batch 100, Aver_Loss: 121.7965
Epoch 159/200, Batch 200, Aver_Loss: 128.5266
Epoch 159/200, Batch 300, Aver_Loss: 124.1757
Epoch 159/200, Batch 400, Aver_Loss: 129.1405
[early-stopping] Epoch 159: no improvement (7/20)
Epoch 160/200, Batch 100, Aver_Loss: 122.7406
Epoch 160/200, Batch 200, Aver_Loss: 121.1644
Epoch 160/200, Batch 300, Aver_Loss: 124.3390
Epoch 160/200, Batch 400, Aver_Loss: 127.8380
[early-stopping] Epoch 160: no improvement (8/20)
Epoch 161/200, Batch 100, Aver_Loss: 123.0737
Epoch 161/200, Batch 200, Aver_Loss: 123.6516
Epoch 161/200, Batch 300, Aver_Loss: 124.1169
Epoch 161/200, Batch 400, Aver_Loss: 123.6311
[early-stopping] Epoch 161: no improvement (9/20)
Epoch 162/200, Batch 100, Aver_Loss: 126.8673
Epoch 162/200, Batch 200, Aver_Loss: 125.6802
Epoch 162/200, Batch 300, Aver_Loss: 124.2390
Epoch 162/200, Batch 400, Aver_Loss: 124.0046
[early-stopping] Epoch 162: no improvement (10/20)
Epoch 163/200, Batch 100, Aver_Loss: 130.3767
Epoch 163/200, Batch 200, Aver_Loss: 122.6479
Epoch 163/200, Batch 300, Aver_Loss: 121.5252
Epoch 163/200, Batch 400, Aver_Loss: 117.9092
[early-stopping] Epoch 163: no improvement (11/20)
Epoch 164/200, Batch 100, Aver_Loss: 127.8011
Epoch 164/200, Batch 200, Aver_Loss: 122.3594
Epoch 164/200, Batch 300, Aver_Loss: 126.4583
Epoch 164/200, Batch 400, Aver_Loss: 123.3215
[early-stopping] Epoch 164: no improvement (12/20)
Epoch 165/200, Batch 100, Aver_Loss: 122.4813
Epoch 165/200, Batch 200, Aver_Loss: 121.4476
Epoch 165/200, Batch 300, Aver_Loss: 119.8542
Epoch 165/200, Batch 400, Aver_Loss: 124.4516
[early-stopping] Epoch 165: no improvement (13/20)
Epoch 166/200, Batch 100, Aver_Loss: 122.6904
Epoch 166/200, Batch 200, Aver_Loss: 121.5826
Epoch 166/200, Batch 300, Aver_Loss: 125.3169
Epoch 166/200, Batch 400, Aver_Loss: 124.3318
[early-stopping] Epoch 166: no improvement (14/20)
Epoch 167/200, Batch 100, Aver_Loss: 126.4456
Epoch 167/200, Batch 200, Aver_Loss: 126.9737
Epoch 167/200, Batch 300, Aver_Loss: 124.2364
Epoch 167/200, Batch 400, Aver_Loss: 126.2864
[early-stopping] Epoch 167: no improvement (15/20)
Epoch 168/200, Batch 100, Aver_Loss: 125.9198
Epoch 168/200, Batch 200, Aver_Loss: 129.1888
Epoch 168/200, Batch 300, Aver_Loss: 124.2816
Epoch 168/200, Batch 400, Aver_Loss: 127.0600
[early-stopping] Epoch 168: no improvement (16/20)
Epoch 169/200, Batch 100, Aver_Loss: 124.8926
Epoch 169/200, Batch 200, Aver_Loss: 122.0760
Epoch 169/200, Batch 300, Aver_Loss: 122.4756
Epoch 169/200, Batch 400, Aver_Loss: 119.4370
[early-stopping] Epoch 169: new best val ELBO = -125.333792
Epoch 170/200, Batch 100, Aver_Loss: 126.9230
Epoch 170/200, Batch 200, Aver_Loss: 124.0202
Epoch 170/200, Batch 300, Aver_Loss: 124.0264
Epoch 170/200, Batch 400, Aver_Loss: 122.7991
[early-stopping] Epoch 170: new best val ELBO = -125.291785
Epoch 171/200, Batch 100, Aver_Loss: 127.4876
Epoch 171/200, Batch 200, Aver_Loss: 125.0056
Epoch 171/200, Batch 300, Aver_Loss: 126.1172
Epoch 171/200, Batch 400, Aver_Loss: 120.5888
[early-stopping] Epoch 171: no improvement (1/20)
Epoch 172/200, Batch 100, Aver_Loss: 126.9164
Epoch 172/200, Batch 200, Aver_Loss: 128.4243
Epoch 172/200, Batch 300, Aver_Loss: 125.2496
Epoch 172/200, Batch 400, Aver_Loss: 127.3749
[early-stopping] Epoch 172: no improvement (2/20)
Epoch 173/200, Batch 100, Aver_Loss: 123.2574
Epoch 173/200, Batch 200, Aver_Loss: 122.1109
Epoch 173/200, Batch 300, Aver_Loss: 124.4193
Epoch 173/200, Batch 400, Aver_Loss: 123.8642
[early-stopping] Epoch 173: no improvement (3/20)
Epoch 174/200, Batch 100, Aver_Loss: 123.6097
Epoch 174/200, Batch 200, Aver_Loss: 124.3016
Epoch 174/200, Batch 300, Aver_Loss: 126.1278
Epoch 174/200, Batch 400, Aver_Loss: 120.1687
[early-stopping] Epoch 174: no improvement (4/20)
Epoch 175/200, Batch 100, Aver_Loss: 127.2713
Epoch 175/200, Batch 200, Aver_Loss: 124.7249
Epoch 175/200, Batch 300, Aver_Loss: 118.8520
Epoch 175/200, Batch 400, Aver_Loss: 121.0977
[early-stopping] Epoch 175: no improvement (5/20)
Epoch 176/200, Batch 100, Aver_Loss: 130.9369
Epoch 176/200, Batch 200, Aver_Loss: 125.1937
Epoch 176/200, Batch 300, Aver_Loss: 120.5317
Epoch 176/200, Batch 400, Aver_Loss: 123.8741
[early-stopping] Epoch 176: no improvement (6/20)
Epoch 177/200, Batch 100, Aver_Loss: 128.9692
Epoch 177/200, Batch 200, Aver_Loss: 125.1492
Epoch 177/200, Batch 300, Aver_Loss: 124.1491
Epoch 177/200, Batch 400, Aver_Loss: 125.5356
[early-stopping] Epoch 177: no improvement (7/20)
Epoch 178/200, Batch 100, Aver_Loss: 125.7444
Epoch 178/200, Batch 200, Aver_Loss: 122.0213
Epoch 178/200, Batch 300, Aver_Loss: 119.8378
Epoch 178/200, Batch 400, Aver_Loss: 124.4106
[early-stopping] Epoch 178: no improvement (8/20)
Epoch 179/200, Batch 100, Aver_Loss: 129.3668
Epoch 179/200, Batch 200, Aver_Loss: 121.9790
Epoch 179/200, Batch 300, Aver_Loss: 124.2544
Epoch 179/200, Batch 400, Aver_Loss: 126.0968
[early-stopping] Epoch 179: no improvement (9/20)
Epoch 180/200, Batch 100, Aver_Loss: 127.9153
Epoch 180/200, Batch 200, Aver_Loss: 121.4834
Epoch 180/200, Batch 300, Aver_Loss: 122.6818
Epoch 180/200, Batch 400, Aver_Loss: 127.4478
[early-stopping] Epoch 180: no improvement (10/20)
Epoch 181/200, Batch 100, Aver_Loss: 127.9235
Epoch 181/200, Batch 200, Aver_Loss: 123.0737
Epoch 181/200, Batch 300, Aver_Loss: 125.9915
Epoch 181/200, Batch 400, Aver_Loss: 121.0423
[early-stopping] Epoch 181: no improvement (11/20)
Epoch 182/200, Batch 100, Aver_Loss: 120.7709
Epoch 182/200, Batch 200, Aver_Loss: 125.6901
Epoch 182/200, Batch 300, Aver_Loss: 116.0576
Epoch 182/200, Batch 400, Aver_Loss: 127.6321
[early-stopping] Epoch 182: no improvement (12/20)
Epoch 183/200, Batch 100, Aver_Loss: 123.6784
Epoch 183/200, Batch 200, Aver_Loss: 122.2973
Epoch 183/200, Batch 300, Aver_Loss: 119.8735
Epoch 183/200, Batch 400, Aver_Loss: 127.4269
[early-stopping] Epoch 183: no improvement (13/20)
Epoch 184/200, Batch 100, Aver_Loss: 120.9370
Epoch 184/200, Batch 200, Aver_Loss: 127.4461
Epoch 184/200, Batch 300, Aver_Loss: 122.6224
Epoch 184/200, Batch 400, Aver_Loss: 124.9382
[early-stopping] Epoch 184: no improvement (14/20)
Epoch 185/200, Batch 100, Aver_Loss: 121.7330
Epoch 185/200, Batch 200, Aver_Loss: 125.4659
Epoch 185/200, Batch 300, Aver_Loss: 125.9414
Epoch 185/200, Batch 400, Aver_Loss: 122.0079
[early-stopping] Epoch 185: no improvement (15/20)
Epoch 186/200, Batch 100, Aver_Loss: 123.8729
Epoch 186/200, Batch 200, Aver_Loss: 126.0265
Epoch 186/200, Batch 300, Aver_Loss: 124.1830
Epoch 186/200, Batch 400, Aver_Loss: 119.4665
[early-stopping] Epoch 186: no improvement (16/20)
Epoch 187/200, Batch 100, Aver_Loss: 122.6258
Epoch 187/200, Batch 200, Aver_Loss: 122.6399
Epoch 187/200, Batch 300, Aver_Loss: 123.8642
Epoch 187/200, Batch 400, Aver_Loss: 118.3026
[early-stopping] Epoch 187: new best val ELBO = -125.262446
Epoch 188/200, Batch 100, Aver_Loss: 125.2494
Epoch 188/200, Batch 200, Aver_Loss: 124.4047
Epoch 188/200, Batch 300, Aver_Loss: 124.2390
Epoch 188/200, Batch 400, Aver_Loss: 127.7776
[early-stopping] Epoch 188: no improvement (1/20)
Epoch 189/200, Batch 100, Aver_Loss: 123.9783
Epoch 189/200, Batch 200, Aver_Loss: 122.3973
Epoch 189/200, Batch 300, Aver_Loss: 123.0664
Epoch 189/200, Batch 400, Aver_Loss: 126.7048
[early-stopping] Epoch 189: no improvement (2/20)
Epoch 190/200, Batch 100, Aver_Loss: 126.0888
Epoch 190/200, Batch 200, Aver_Loss: 120.6713
Epoch 190/200, Batch 300, Aver_Loss: 118.7012
Epoch 190/200, Batch 400, Aver_Loss: 122.3517
[early-stopping] Epoch 190: new best val ELBO = -125.210032
Epoch 191/200, Batch 100, Aver_Loss: 122.7739
Epoch 191/200, Batch 200, Aver_Loss: 125.7777
Epoch 191/200, Batch 300, Aver_Loss: 128.1927
Epoch 191/200, Batch 400, Aver_Loss: 124.1183
[early-stopping] Epoch 191: no improvement (1/20)
Epoch 192/200, Batch 100, Aver_Loss: 124.2403
Epoch 192/200, Batch 200, Aver_Loss: 125.8998
Epoch 192/200, Batch 300, Aver_Loss: 125.4687
Epoch 192/200, Batch 400, Aver_Loss: 121.7670
[early-stopping] Epoch 192: no improvement (2/20)
Epoch 193/200, Batch 100, Aver_Loss: 122.5110
Epoch 193/200, Batch 200, Aver_Loss: 117.4899
Epoch 193/200, Batch 300, Aver_Loss: 124.9370
Epoch 193/200, Batch 400, Aver_Loss: 121.4315
[early-stopping] Epoch 193: no improvement (3/20)
Epoch 194/200, Batch 100, Aver_Loss: 123.1475
Epoch 194/200, Batch 200, Aver_Loss: 126.6605
Epoch 194/200, Batch 300, Aver_Loss: 125.5782
Epoch 194/200, Batch 400, Aver_Loss: 119.6636
[early-stopping] Epoch 194: no improvement (4/20)
Epoch 195/200, Batch 100, Aver_Loss: 125.5310
Epoch 195/200, Batch 200, Aver_Loss: 127.9816
Epoch 195/200, Batch 300, Aver_Loss: 129.0677
Epoch 195/200, Batch 400, Aver_Loss: 121.8183
[early-stopping] Epoch 195: no improvement (5/20)
Epoch 196/200, Batch 100, Aver_Loss: 125.4507
Epoch 196/200, Batch 200, Aver_Loss: 122.2546
Epoch 196/200, Batch 300, Aver_Loss: 125.3270
Epoch 196/200, Batch 400, Aver_Loss: 120.1318
[early-stopping] Epoch 196: no improvement (6/20)
Epoch 197/200, Batch 100, Aver_Loss: 126.7018
Epoch 197/200, Batch 200, Aver_Loss: 123.6391
Epoch 197/200, Batch 300, Aver_Loss: 123.6134
Epoch 197/200, Batch 400, Aver_Loss: 128.0036
[early-stopping] Epoch 197: no improvement (7/20)
Epoch 198/200, Batch 100, Aver_Loss: 126.3294
Epoch 198/200, Batch 200, Aver_Loss: 123.7192
Epoch 198/200, Batch 300, Aver_Loss: 123.6507
Epoch 198/200, Batch 400, Aver_Loss: 120.7701
[early-stopping] Epoch 198: no improvement (8/20)
Epoch 199/200, Batch 100, Aver_Loss: 120.8244
Epoch 199/200, Batch 200, Aver_Loss: 126.5608
Epoch 199/200, Batch 300, Aver_Loss: 123.1999
Epoch 199/200, Batch 400, Aver_Loss: 121.5813
[early-stopping] Epoch 199: no improvement (9/20)
Epoch 200/200, Batch 100, Aver_Loss: 124.6900
Epoch 200/200, Batch 200, Aver_Loss: 123.7220
Epoch 200/200, Batch 300, Aver_Loss: 125.8723
Epoch 200/200, Batch 400, Aver_Loss: 125.1122
[early-stopping] Epoch 200: no improvement (10/20)
[early-stopping] Loaded best model from epoch 190 (val ELBO = -125.210032)
[checkpoint] Saved best model to: trained_parameters/mnist_rotated_zdim256_VAE.pkl
[saved curves] ./results/MNIST_ROTATED/curves/mnist_rotated_vae_d256_s777.json

==== Evaluation Summary ====
                 model: vae
   recon/mse_per_pixel: 0.013626
            elbo/train: -123.634748
             elbo/test: -125.256335
             mse/train: 0.013013
              mse/test: 0.013626
             probe/acc: 0.674758
             probe/nll: 0.998672
           probe/brier: 0.453152
             probe/ece: 0.080599
           cluster/nmi: 0.128053
           cluster/ari: 0.066124
============================

