/usr/bin/which: no fi_info in (/arf/home/meyavuz/.local/bin:/arf/sw/comp/python/intelpython3/condabin:/arf/sw/comp/python/intelpython3/bin:/usr/share/Modules/bin:/usr/local/bin:/usr/bin:/usr/local/sbin:/usr/sbin)
Extension for Scikit-learn* enabled (https://github.com/uxlfoundation/scikit-learn-intelex)
/arf/home/meyavuz/.conda/envs/sbn/lib/python3.9/site-packages/sklearn/linear_model/_logistic.py:1247: FutureWarning: 'multi_class' was deprecated in version 1.5 and will be removed in 1.7. From then on, it will always use 'multinomial'. Leave it to its default value to avoid this warning.
  warnings.warn(
/arf/home/meyavuz/.conda/envs/sbn/lib/python3.9/site-packages/sklearn/linear_model/_sag.py:348: ConvergenceWarning: The max_iter was reached which means the coef_ did not converge
  warnings.warn(
Epoch 1/200, Batch 100, Aver_Loss: 223.5056
Epoch 1/200, Batch 200, Aver_Loss: 203.8563
Epoch 1/200, Batch 300, Aver_Loss: 197.2585
Epoch 1/200, Batch 400, Aver_Loss: 192.4427
[early-stopping] Epoch 1: new best val ELBO = -187.088310
Epoch 2/200, Batch 100, Aver_Loss: 187.6375
Epoch 2/200, Batch 200, Aver_Loss: 188.1909
Epoch 2/200, Batch 300, Aver_Loss: 185.5552
Epoch 2/200, Batch 400, Aver_Loss: 174.5886
[early-stopping] Epoch 2: new best val ELBO = -186.777923
Epoch 3/200, Batch 100, Aver_Loss: 167.6489
Epoch 3/200, Batch 200, Aver_Loss: 167.7997
Epoch 3/200, Batch 300, Aver_Loss: 171.3287
Epoch 3/200, Batch 400, Aver_Loss: 171.3592
[early-stopping] Epoch 3: new best val ELBO = -164.903136
Epoch 4/200, Batch 100, Aver_Loss: 164.7811
Epoch 4/200, Batch 200, Aver_Loss: 161.1748
Epoch 4/200, Batch 300, Aver_Loss: 161.0905
Epoch 4/200, Batch 400, Aver_Loss: 164.7776
[early-stopping] Epoch 4: new best val ELBO = -156.526194
Epoch 5/200, Batch 100, Aver_Loss: 163.6604
Epoch 5/200, Batch 200, Aver_Loss: 153.9740
Epoch 5/200, Batch 300, Aver_Loss: 156.3005
Epoch 5/200, Batch 400, Aver_Loss: 144.5914
[early-stopping] Epoch 5: new best val ELBO = -149.577232
Epoch 6/200, Batch 100, Aver_Loss: 141.6432
Epoch 6/200, Batch 200, Aver_Loss: 145.8855
Epoch 6/200, Batch 300, Aver_Loss: 146.8479
Epoch 6/200, Batch 400, Aver_Loss: 140.8178
[early-stopping] Epoch 6: new best val ELBO = -143.852128
Epoch 7/200, Batch 100, Aver_Loss: 146.1466
Epoch 7/200, Batch 200, Aver_Loss: 137.4738
Epoch 7/200, Batch 300, Aver_Loss: 137.7089
Epoch 7/200, Batch 400, Aver_Loss: 138.9391
[early-stopping] Epoch 7: new best val ELBO = -140.721237
Epoch 8/200, Batch 100, Aver_Loss: 137.7207
Epoch 8/200, Batch 200, Aver_Loss: 138.6453
Epoch 8/200, Batch 300, Aver_Loss: 139.9495
Epoch 8/200, Batch 400, Aver_Loss: 143.3403
[early-stopping] Epoch 8: new best val ELBO = -138.399909
Epoch 9/200, Batch 100, Aver_Loss: 137.1169
Epoch 9/200, Batch 200, Aver_Loss: 138.9032
Epoch 9/200, Batch 300, Aver_Loss: 134.6852
Epoch 9/200, Batch 400, Aver_Loss: 138.5061
[early-stopping] Epoch 9: new best val ELBO = -137.097466
Epoch 10/200, Batch 100, Aver_Loss: 139.1039
Epoch 10/200, Batch 200, Aver_Loss: 134.6237
Epoch 10/200, Batch 300, Aver_Loss: 132.5679
Epoch 10/200, Batch 400, Aver_Loss: 129.6577
[early-stopping] Epoch 10: new best val ELBO = -135.966795
Epoch 11/200, Batch 100, Aver_Loss: 136.7295
Epoch 11/200, Batch 200, Aver_Loss: 137.0944
Epoch 11/200, Batch 300, Aver_Loss: 131.3290
Epoch 11/200, Batch 400, Aver_Loss: 135.7485
[early-stopping] Epoch 11: new best val ELBO = -135.062678
Epoch 12/200, Batch 100, Aver_Loss: 134.9479
Epoch 12/200, Batch 200, Aver_Loss: 137.3990
Epoch 12/200, Batch 300, Aver_Loss: 128.7182
Epoch 12/200, Batch 400, Aver_Loss: 137.5460
[early-stopping] Epoch 12: new best val ELBO = -134.147327
Epoch 13/200, Batch 100, Aver_Loss: 133.0403
Epoch 13/200, Batch 200, Aver_Loss: 131.6736
Epoch 13/200, Batch 300, Aver_Loss: 138.5987
Epoch 13/200, Batch 400, Aver_Loss: 133.9481
[early-stopping] Epoch 13: new best val ELBO = -133.634910
Epoch 14/200, Batch 100, Aver_Loss: 134.2518
Epoch 14/200, Batch 200, Aver_Loss: 130.4748
Epoch 14/200, Batch 300, Aver_Loss: 131.8343
Epoch 14/200, Batch 400, Aver_Loss: 132.3333
[early-stopping] Epoch 14: new best val ELBO = -132.688493
Epoch 15/200, Batch 100, Aver_Loss: 133.1597
Epoch 15/200, Batch 200, Aver_Loss: 130.7943
Epoch 15/200, Batch 300, Aver_Loss: 132.6086
Epoch 15/200, Batch 400, Aver_Loss: 132.0727
[early-stopping] Epoch 15: new best val ELBO = -132.428599
Epoch 16/200, Batch 100, Aver_Loss: 128.4212
Epoch 16/200, Batch 200, Aver_Loss: 131.4859
Epoch 16/200, Batch 300, Aver_Loss: 128.1832
Epoch 16/200, Batch 400, Aver_Loss: 133.4621
[early-stopping] Epoch 16: new best val ELBO = -131.655568
Epoch 17/200, Batch 100, Aver_Loss: 126.7433
Epoch 17/200, Batch 200, Aver_Loss: 131.5016
Epoch 17/200, Batch 300, Aver_Loss: 130.1007
Epoch 17/200, Batch 400, Aver_Loss: 133.2451
[early-stopping] Epoch 17: new best val ELBO = -131.278951
Epoch 18/200, Batch 100, Aver_Loss: 128.3170
Epoch 18/200, Batch 200, Aver_Loss: 130.8898
Epoch 18/200, Batch 300, Aver_Loss: 126.6871
Epoch 18/200, Batch 400, Aver_Loss: 129.5583
[early-stopping] Epoch 18: new best val ELBO = -130.820869
Epoch 19/200, Batch 100, Aver_Loss: 128.8921
Epoch 19/200, Batch 200, Aver_Loss: 129.6304
Epoch 19/200, Batch 300, Aver_Loss: 129.7137
Epoch 19/200, Batch 400, Aver_Loss: 131.9895
[early-stopping] Epoch 19: new best val ELBO = -130.606312
Epoch 20/200, Batch 100, Aver_Loss: 128.0352
Epoch 20/200, Batch 200, Aver_Loss: 126.0662
Epoch 20/200, Batch 300, Aver_Loss: 125.5953
Epoch 20/200, Batch 400, Aver_Loss: 129.0629
[early-stopping] Epoch 20: new best val ELBO = -130.195174
Epoch 21/200, Batch 100, Aver_Loss: 129.7070
Epoch 21/200, Batch 200, Aver_Loss: 126.6493
Epoch 21/200, Batch 300, Aver_Loss: 137.2480
Epoch 21/200, Batch 400, Aver_Loss: 130.5907
[early-stopping] Epoch 21: no improvement (1/20)
Epoch 22/200, Batch 100, Aver_Loss: 127.7477
Epoch 22/200, Batch 200, Aver_Loss: 130.7991
Epoch 22/200, Batch 300, Aver_Loss: 131.6143
Epoch 22/200, Batch 400, Aver_Loss: 122.3056
[early-stopping] Epoch 22: new best val ELBO = -130.040279
Epoch 23/200, Batch 100, Aver_Loss: 126.6167
Epoch 23/200, Batch 200, Aver_Loss: 131.6795
Epoch 23/200, Batch 300, Aver_Loss: 129.1591
Epoch 23/200, Batch 400, Aver_Loss: 129.3261
[early-stopping] Epoch 23: new best val ELBO = -129.822987
Epoch 24/200, Batch 100, Aver_Loss: 129.6983
Epoch 24/200, Batch 200, Aver_Loss: 126.1601
Epoch 24/200, Batch 300, Aver_Loss: 125.2082
Epoch 24/200, Batch 400, Aver_Loss: 132.9105
[early-stopping] Epoch 24: new best val ELBO = -129.733471
Epoch 25/200, Batch 100, Aver_Loss: 126.4712
Epoch 25/200, Batch 200, Aver_Loss: 127.2600
Epoch 25/200, Batch 300, Aver_Loss: 124.9638
Epoch 25/200, Batch 400, Aver_Loss: 123.2117
[early-stopping] Epoch 25: new best val ELBO = -129.682625
Epoch 26/200, Batch 100, Aver_Loss: 125.1772
Epoch 26/200, Batch 200, Aver_Loss: 128.0271
Epoch 26/200, Batch 300, Aver_Loss: 125.8017
Epoch 26/200, Batch 400, Aver_Loss: 131.3163
[early-stopping] Epoch 26: new best val ELBO = -129.502007
Epoch 27/200, Batch 100, Aver_Loss: 128.9268
Epoch 27/200, Batch 200, Aver_Loss: 123.6062
Epoch 27/200, Batch 300, Aver_Loss: 130.9633
Epoch 27/200, Batch 400, Aver_Loss: 132.2039
[early-stopping] Epoch 27: new best val ELBO = -129.208349
Epoch 28/200, Batch 100, Aver_Loss: 126.8042
Epoch 28/200, Batch 200, Aver_Loss: 126.6782
Epoch 28/200, Batch 300, Aver_Loss: 128.0950
Epoch 28/200, Batch 400, Aver_Loss: 125.9974
[early-stopping] Epoch 28: no improvement (1/20)
Epoch 29/200, Batch 100, Aver_Loss: 128.1089
Epoch 29/200, Batch 200, Aver_Loss: 125.5082
Epoch 29/200, Batch 300, Aver_Loss: 129.9695
Epoch 29/200, Batch 400, Aver_Loss: 127.5631
[early-stopping] Epoch 29: new best val ELBO = -129.003567
Epoch 30/200, Batch 100, Aver_Loss: 132.0200
Epoch 30/200, Batch 200, Aver_Loss: 132.4946
Epoch 30/200, Batch 300, Aver_Loss: 128.5322
Epoch 30/200, Batch 400, Aver_Loss: 123.4460
[early-stopping] Epoch 30: new best val ELBO = -128.938618
Epoch 31/200, Batch 100, Aver_Loss: 127.8176
Epoch 31/200, Batch 200, Aver_Loss: 128.8361
Epoch 31/200, Batch 300, Aver_Loss: 126.1942
Epoch 31/200, Batch 400, Aver_Loss: 130.7051
[early-stopping] Epoch 31: no improvement (1/20)
Epoch 32/200, Batch 100, Aver_Loss: 127.8565
Epoch 32/200, Batch 200, Aver_Loss: 131.3387
Epoch 32/200, Batch 300, Aver_Loss: 126.7581
Epoch 32/200, Batch 400, Aver_Loss: 121.8040
[early-stopping] Epoch 32: new best val ELBO = -128.937018
Epoch 33/200, Batch 100, Aver_Loss: 131.0037
Epoch 33/200, Batch 200, Aver_Loss: 126.8895
Epoch 33/200, Batch 300, Aver_Loss: 126.4716
Epoch 33/200, Batch 400, Aver_Loss: 126.2198
[early-stopping] Epoch 33: new best val ELBO = -128.786417
Epoch 34/200, Batch 100, Aver_Loss: 125.2776
Epoch 34/200, Batch 200, Aver_Loss: 134.4714
Epoch 34/200, Batch 300, Aver_Loss: 128.3784
Epoch 34/200, Batch 400, Aver_Loss: 129.0299
[early-stopping] Epoch 34: new best val ELBO = -128.644893
Epoch 35/200, Batch 100, Aver_Loss: 126.6628
Epoch 35/200, Batch 200, Aver_Loss: 123.9116
Epoch 35/200, Batch 300, Aver_Loss: 128.6824
Epoch 35/200, Batch 400, Aver_Loss: 126.8416
[early-stopping] Epoch 35: no improvement (1/20)
Epoch 36/200, Batch 100, Aver_Loss: 121.9038
Epoch 36/200, Batch 200, Aver_Loss: 127.5615
Epoch 36/200, Batch 300, Aver_Loss: 125.0811
Epoch 36/200, Batch 400, Aver_Loss: 131.0797
[early-stopping] Epoch 36: no improvement (2/20)
Epoch 37/200, Batch 100, Aver_Loss: 130.3311
Epoch 37/200, Batch 200, Aver_Loss: 129.0650
Epoch 37/200, Batch 300, Aver_Loss: 124.1969
Epoch 37/200, Batch 400, Aver_Loss: 130.7170
[early-stopping] Epoch 37: no improvement (3/20)
Epoch 38/200, Batch 100, Aver_Loss: 127.3739
Epoch 38/200, Batch 200, Aver_Loss: 126.6528
Epoch 38/200, Batch 300, Aver_Loss: 125.9521
Epoch 38/200, Batch 400, Aver_Loss: 124.0112
[early-stopping] Epoch 38: no improvement (4/20)
Epoch 39/200, Batch 100, Aver_Loss: 131.6350
Epoch 39/200, Batch 200, Aver_Loss: 127.8187
Epoch 39/200, Batch 300, Aver_Loss: 125.1597
Epoch 39/200, Batch 400, Aver_Loss: 125.0726
[early-stopping] Epoch 39: no improvement (5/20)
Epoch 40/200, Batch 100, Aver_Loss: 125.9404
Epoch 40/200, Batch 200, Aver_Loss: 132.1841
Epoch 40/200, Batch 300, Aver_Loss: 124.4613
Epoch 40/200, Batch 400, Aver_Loss: 128.9100
[early-stopping] Epoch 40: new best val ELBO = -128.130647
Epoch 41/200, Batch 100, Aver_Loss: 124.8459
Epoch 41/200, Batch 200, Aver_Loss: 129.3569
Epoch 41/200, Batch 300, Aver_Loss: 127.0604
Epoch 41/200, Batch 400, Aver_Loss: 129.3930
[early-stopping] Epoch 41: no improvement (1/20)
Epoch 42/200, Batch 100, Aver_Loss: 132.5334
Epoch 42/200, Batch 200, Aver_Loss: 130.8873
Epoch 42/200, Batch 300, Aver_Loss: 125.9576
Epoch 42/200, Batch 400, Aver_Loss: 125.5821
[early-stopping] Epoch 42: no improvement (2/20)
Epoch 43/200, Batch 100, Aver_Loss: 129.7464
Epoch 43/200, Batch 200, Aver_Loss: 124.9785
Epoch 43/200, Batch 300, Aver_Loss: 129.1746
Epoch 43/200, Batch 400, Aver_Loss: 121.5587
[early-stopping] Epoch 43: no improvement (3/20)
Epoch 44/200, Batch 100, Aver_Loss: 126.0859
Epoch 44/200, Batch 200, Aver_Loss: 124.2503
Epoch 44/200, Batch 300, Aver_Loss: 124.2620
Epoch 44/200, Batch 400, Aver_Loss: 125.9134
[early-stopping] Epoch 44: no improvement (4/20)
Epoch 45/200, Batch 100, Aver_Loss: 120.9661
Epoch 45/200, Batch 200, Aver_Loss: 131.9897
Epoch 45/200, Batch 300, Aver_Loss: 127.6669
Epoch 45/200, Batch 400, Aver_Loss: 130.5759
[early-stopping] Epoch 45: no improvement (5/20)
Epoch 46/200, Batch 100, Aver_Loss: 122.2667
Epoch 46/200, Batch 200, Aver_Loss: 126.1228
Epoch 46/200, Batch 300, Aver_Loss: 127.9384
Epoch 46/200, Batch 400, Aver_Loss: 129.3958
[early-stopping] Epoch 46: no improvement (6/20)
Epoch 47/200, Batch 100, Aver_Loss: 128.2331
Epoch 47/200, Batch 200, Aver_Loss: 123.8882
Epoch 47/200, Batch 300, Aver_Loss: 127.4285
Epoch 47/200, Batch 400, Aver_Loss: 125.9331
[early-stopping] Epoch 47: no improvement (7/20)
Epoch 48/200, Batch 100, Aver_Loss: 126.0214
Epoch 48/200, Batch 200, Aver_Loss: 127.6755
Epoch 48/200, Batch 300, Aver_Loss: 125.7270
Epoch 48/200, Batch 400, Aver_Loss: 124.2338
[early-stopping] Epoch 48: new best val ELBO = -127.976534
Epoch 49/200, Batch 100, Aver_Loss: 131.7175
Epoch 49/200, Batch 200, Aver_Loss: 127.1242
Epoch 49/200, Batch 300, Aver_Loss: 127.4425
Epoch 49/200, Batch 400, Aver_Loss: 125.1109
[early-stopping] Epoch 49: no improvement (1/20)
Epoch 50/200, Batch 100, Aver_Loss: 125.7614
Epoch 50/200, Batch 200, Aver_Loss: 126.7052
Epoch 50/200, Batch 300, Aver_Loss: 127.5045
Epoch 50/200, Batch 400, Aver_Loss: 120.4374
[early-stopping] Epoch 50: no improvement (2/20)
Epoch 51/200, Batch 100, Aver_Loss: 121.3970
Epoch 51/200, Batch 200, Aver_Loss: 132.0300
Epoch 51/200, Batch 300, Aver_Loss: 124.1896
Epoch 51/200, Batch 400, Aver_Loss: 130.7087
[early-stopping] Epoch 51: no improvement (3/20)
Epoch 52/200, Batch 100, Aver_Loss: 126.4568
Epoch 52/200, Batch 200, Aver_Loss: 129.8241
Epoch 52/200, Batch 300, Aver_Loss: 126.0225
Epoch 52/200, Batch 400, Aver_Loss: 125.5043
[early-stopping] Epoch 52: no improvement (4/20)
Epoch 53/200, Batch 100, Aver_Loss: 129.6785
Epoch 53/200, Batch 200, Aver_Loss: 125.5814
Epoch 53/200, Batch 300, Aver_Loss: 128.5428
Epoch 53/200, Batch 400, Aver_Loss: 128.9525
[early-stopping] Epoch 53: no improvement (5/20)
Epoch 54/200, Batch 100, Aver_Loss: 127.5060
Epoch 54/200, Batch 200, Aver_Loss: 127.6268
Epoch 54/200, Batch 300, Aver_Loss: 127.7213
Epoch 54/200, Batch 400, Aver_Loss: 131.1148
[early-stopping] Epoch 54: no improvement (6/20)
Epoch 55/200, Batch 100, Aver_Loss: 126.7591
Epoch 55/200, Batch 200, Aver_Loss: 124.7159
Epoch 55/200, Batch 300, Aver_Loss: 125.3170
Epoch 55/200, Batch 400, Aver_Loss: 126.4333
[early-stopping] Epoch 55: no improvement (7/20)
Epoch 56/200, Batch 100, Aver_Loss: 125.5922
Epoch 56/200, Batch 200, Aver_Loss: 131.0857
Epoch 56/200, Batch 300, Aver_Loss: 128.2374
Epoch 56/200, Batch 400, Aver_Loss: 121.4522
[early-stopping] Epoch 56: no improvement (8/20)
Epoch 57/200, Batch 100, Aver_Loss: 130.4777
Epoch 57/200, Batch 200, Aver_Loss: 125.4107
Epoch 57/200, Batch 300, Aver_Loss: 131.5185
Epoch 57/200, Batch 400, Aver_Loss: 126.7724
[early-stopping] Epoch 57: no improvement (9/20)
Epoch 58/200, Batch 100, Aver_Loss: 129.7262
Epoch 58/200, Batch 200, Aver_Loss: 127.8480
Epoch 58/200, Batch 300, Aver_Loss: 123.9449
Epoch 58/200, Batch 400, Aver_Loss: 125.7539
[early-stopping] Epoch 58: new best val ELBO = -127.941645
Epoch 59/200, Batch 100, Aver_Loss: 125.1777
Epoch 59/200, Batch 200, Aver_Loss: 128.3695
Epoch 59/200, Batch 300, Aver_Loss: 129.4317
Epoch 59/200, Batch 400, Aver_Loss: 125.5993
[early-stopping] Epoch 59: new best val ELBO = -127.779832
Epoch 60/200, Batch 100, Aver_Loss: 127.3598
Epoch 60/200, Batch 200, Aver_Loss: 128.2887
Epoch 60/200, Batch 300, Aver_Loss: 124.1895
Epoch 60/200, Batch 400, Aver_Loss: 127.3864
[early-stopping] Epoch 60: no improvement (1/20)
Epoch 61/200, Batch 100, Aver_Loss: 125.3944
Epoch 61/200, Batch 200, Aver_Loss: 121.3461
Epoch 61/200, Batch 300, Aver_Loss: 126.0442
Epoch 61/200, Batch 400, Aver_Loss: 126.1208
[early-stopping] Epoch 61: new best val ELBO = -127.766364
Epoch 62/200, Batch 100, Aver_Loss: 128.6658
Epoch 62/200, Batch 200, Aver_Loss: 128.4398
Epoch 62/200, Batch 300, Aver_Loss: 129.0623
Epoch 62/200, Batch 400, Aver_Loss: 127.3302
[early-stopping] Epoch 62: no improvement (1/20)
Epoch 63/200, Batch 100, Aver_Loss: 128.5322
Epoch 63/200, Batch 200, Aver_Loss: 129.6825
Epoch 63/200, Batch 300, Aver_Loss: 129.2710
Epoch 63/200, Batch 400, Aver_Loss: 129.7721
[early-stopping] Epoch 63: no improvement (2/20)
Epoch 64/200, Batch 100, Aver_Loss: 124.4033
Epoch 64/200, Batch 200, Aver_Loss: 126.6734
Epoch 64/200, Batch 300, Aver_Loss: 128.3756
Epoch 64/200, Batch 400, Aver_Loss: 121.6245
[early-stopping] Epoch 64: no improvement (3/20)
Epoch 65/200, Batch 100, Aver_Loss: 123.2899
Epoch 65/200, Batch 200, Aver_Loss: 124.7122
Epoch 65/200, Batch 300, Aver_Loss: 127.9861
Epoch 65/200, Batch 400, Aver_Loss: 127.6100
[early-stopping] Epoch 65: new best val ELBO = -127.661173
Epoch 66/200, Batch 100, Aver_Loss: 125.1644
Epoch 66/200, Batch 200, Aver_Loss: 126.0382
Epoch 66/200, Batch 300, Aver_Loss: 130.5451
Epoch 66/200, Batch 400, Aver_Loss: 130.9143
[early-stopping] Epoch 66: no improvement (1/20)
Epoch 67/200, Batch 100, Aver_Loss: 124.6282
Epoch 67/200, Batch 200, Aver_Loss: 126.6284
Epoch 67/200, Batch 300, Aver_Loss: 127.1541
Epoch 67/200, Batch 400, Aver_Loss: 128.5605
[early-stopping] Epoch 67: no improvement (2/20)
Epoch 68/200, Batch 100, Aver_Loss: 127.5203
Epoch 68/200, Batch 200, Aver_Loss: 129.3800
Epoch 68/200, Batch 300, Aver_Loss: 125.5036
Epoch 68/200, Batch 400, Aver_Loss: 127.0870
[early-stopping] Epoch 68: no improvement (3/20)
Epoch 69/200, Batch 100, Aver_Loss: 125.0416
Epoch 69/200, Batch 200, Aver_Loss: 127.1261
Epoch 69/200, Batch 300, Aver_Loss: 124.9043
Epoch 69/200, Batch 400, Aver_Loss: 121.3300
[early-stopping] Epoch 69: no improvement (4/20)
Epoch 70/200, Batch 100, Aver_Loss: 124.7864
Epoch 70/200, Batch 200, Aver_Loss: 122.1000
Epoch 70/200, Batch 300, Aver_Loss: 125.7114
Epoch 70/200, Batch 400, Aver_Loss: 126.3653
[early-stopping] Epoch 70: new best val ELBO = -127.633628
Epoch 71/200, Batch 100, Aver_Loss: 126.2656
Epoch 71/200, Batch 200, Aver_Loss: 127.3518
Epoch 71/200, Batch 300, Aver_Loss: 126.1037
Epoch 71/200, Batch 400, Aver_Loss: 125.5730
[early-stopping] Epoch 71: no improvement (1/20)
Epoch 72/200, Batch 100, Aver_Loss: 131.2836
Epoch 72/200, Batch 200, Aver_Loss: 127.8984
Epoch 72/200, Batch 300, Aver_Loss: 126.8380
Epoch 72/200, Batch 400, Aver_Loss: 124.1924
[early-stopping] Epoch 72: no improvement (2/20)
Epoch 73/200, Batch 100, Aver_Loss: 128.3533
Epoch 73/200, Batch 200, Aver_Loss: 131.6299
Epoch 73/200, Batch 300, Aver_Loss: 126.8950
Epoch 73/200, Batch 400, Aver_Loss: 126.8151
[early-stopping] Epoch 73: new best val ELBO = -127.602566
Epoch 74/200, Batch 100, Aver_Loss: 127.3220
Epoch 74/200, Batch 200, Aver_Loss: 132.8752
Epoch 74/200, Batch 300, Aver_Loss: 126.6314
Epoch 74/200, Batch 400, Aver_Loss: 129.5478
[early-stopping] Epoch 74: no improvement (1/20)
Epoch 75/200, Batch 100, Aver_Loss: 127.6771
Epoch 75/200, Batch 200, Aver_Loss: 130.2739
Epoch 75/200, Batch 300, Aver_Loss: 127.1264
Epoch 75/200, Batch 400, Aver_Loss: 126.4353
[early-stopping] Epoch 75: no improvement (2/20)
Epoch 76/200, Batch 100, Aver_Loss: 130.8732
Epoch 76/200, Batch 200, Aver_Loss: 125.6749
Epoch 76/200, Batch 300, Aver_Loss: 125.8956
Epoch 76/200, Batch 400, Aver_Loss: 123.3833
[early-stopping] Epoch 76: no improvement (3/20)
Epoch 77/200, Batch 100, Aver_Loss: 126.2202
Epoch 77/200, Batch 200, Aver_Loss: 126.1991
Epoch 77/200, Batch 300, Aver_Loss: 129.0029
Epoch 77/200, Batch 400, Aver_Loss: 125.9248
[early-stopping] Epoch 77: new best val ELBO = -127.564885
Epoch 78/200, Batch 100, Aver_Loss: 130.1053
Epoch 78/200, Batch 200, Aver_Loss: 123.4876
Epoch 78/200, Batch 300, Aver_Loss: 121.1708
Epoch 78/200, Batch 400, Aver_Loss: 127.0626
[early-stopping] Epoch 78: no improvement (1/20)
Epoch 79/200, Batch 100, Aver_Loss: 124.9269
Epoch 79/200, Batch 200, Aver_Loss: 122.2691
Epoch 79/200, Batch 300, Aver_Loss: 126.3440
Epoch 79/200, Batch 400, Aver_Loss: 121.6183
[early-stopping] Epoch 79: no improvement (2/20)
Epoch 80/200, Batch 100, Aver_Loss: 126.4626
Epoch 80/200, Batch 200, Aver_Loss: 129.7162
Epoch 80/200, Batch 300, Aver_Loss: 126.8635
Epoch 80/200, Batch 400, Aver_Loss: 127.7435
[early-stopping] Epoch 80: new best val ELBO = -127.508259
Epoch 81/200, Batch 100, Aver_Loss: 127.4642
Epoch 81/200, Batch 200, Aver_Loss: 128.0504
Epoch 81/200, Batch 300, Aver_Loss: 127.2549
Epoch 81/200, Batch 400, Aver_Loss: 127.1250
[early-stopping] Epoch 81: no improvement (1/20)
Epoch 82/200, Batch 100, Aver_Loss: 124.9695
Epoch 82/200, Batch 200, Aver_Loss: 122.2490
Epoch 82/200, Batch 300, Aver_Loss: 125.3369
Epoch 82/200, Batch 400, Aver_Loss: 125.9923
[early-stopping] Epoch 82: no improvement (2/20)
Epoch 83/200, Batch 100, Aver_Loss: 126.3248
Epoch 83/200, Batch 200, Aver_Loss: 129.2639
Epoch 83/200, Batch 300, Aver_Loss: 125.9331
Epoch 83/200, Batch 400, Aver_Loss: 124.2639
[early-stopping] Epoch 83: new best val ELBO = -127.451290
Epoch 84/200, Batch 100, Aver_Loss: 122.8166
Epoch 84/200, Batch 200, Aver_Loss: 127.8831
Epoch 84/200, Batch 300, Aver_Loss: 127.0571
Epoch 84/200, Batch 400, Aver_Loss: 124.8845
[early-stopping] Epoch 84: no improvement (1/20)
Epoch 85/200, Batch 100, Aver_Loss: 127.7409
Epoch 85/200, Batch 200, Aver_Loss: 128.7419
Epoch 85/200, Batch 300, Aver_Loss: 126.8924
Epoch 85/200, Batch 400, Aver_Loss: 127.3587
[early-stopping] Epoch 85: new best val ELBO = -127.376083
Epoch 86/200, Batch 100, Aver_Loss: 128.1177
Epoch 86/200, Batch 200, Aver_Loss: 123.0622
Epoch 86/200, Batch 300, Aver_Loss: 124.1390
Epoch 86/200, Batch 400, Aver_Loss: 125.1052
[early-stopping] Epoch 86: no improvement (1/20)
Epoch 87/200, Batch 100, Aver_Loss: 127.9507
Epoch 87/200, Batch 200, Aver_Loss: 126.7294
Epoch 87/200, Batch 300, Aver_Loss: 130.7482
Epoch 87/200, Batch 400, Aver_Loss: 121.1834
[early-stopping] Epoch 87: no improvement (2/20)
Epoch 88/200, Batch 100, Aver_Loss: 130.8307
Epoch 88/200, Batch 200, Aver_Loss: 127.3319
Epoch 88/200, Batch 300, Aver_Loss: 127.1979
Epoch 88/200, Batch 400, Aver_Loss: 129.8841
[early-stopping] Epoch 88: no improvement (3/20)
Epoch 89/200, Batch 100, Aver_Loss: 128.1593
Epoch 89/200, Batch 200, Aver_Loss: 123.0974
Epoch 89/200, Batch 300, Aver_Loss: 125.6087
Epoch 89/200, Batch 400, Aver_Loss: 124.4874
[early-stopping] Epoch 89: no improvement (4/20)
Epoch 90/200, Batch 100, Aver_Loss: 123.7579
Epoch 90/200, Batch 200, Aver_Loss: 123.6803
Epoch 90/200, Batch 300, Aver_Loss: 125.7558
Epoch 90/200, Batch 400, Aver_Loss: 123.4659
[early-stopping] Epoch 90: new best val ELBO = -127.294609
Epoch 91/200, Batch 100, Aver_Loss: 123.1879
Epoch 91/200, Batch 200, Aver_Loss: 130.3862
Epoch 91/200, Batch 300, Aver_Loss: 126.5751
Epoch 91/200, Batch 400, Aver_Loss: 124.6177
[early-stopping] Epoch 91: no improvement (1/20)
Epoch 92/200, Batch 100, Aver_Loss: 125.7735
Epoch 92/200, Batch 200, Aver_Loss: 129.2947
Epoch 92/200, Batch 300, Aver_Loss: 126.1759
Epoch 92/200, Batch 400, Aver_Loss: 127.0915
[early-stopping] Epoch 92: no improvement (2/20)
Epoch 93/200, Batch 100, Aver_Loss: 124.4701
Epoch 93/200, Batch 200, Aver_Loss: 125.7233
Epoch 93/200, Batch 300, Aver_Loss: 123.4167
Epoch 93/200, Batch 400, Aver_Loss: 130.9063
[early-stopping] Epoch 93: no improvement (3/20)
Epoch 94/200, Batch 100, Aver_Loss: 125.6725
Epoch 94/200, Batch 200, Aver_Loss: 122.7155
Epoch 94/200, Batch 300, Aver_Loss: 128.8488
Epoch 94/200, Batch 400, Aver_Loss: 122.5353
[early-stopping] Epoch 94: no improvement (4/20)
Epoch 95/200, Batch 100, Aver_Loss: 128.2740
Epoch 95/200, Batch 200, Aver_Loss: 124.8481
Epoch 95/200, Batch 300, Aver_Loss: 126.2557
Epoch 95/200, Batch 400, Aver_Loss: 129.4580
[early-stopping] Epoch 95: no improvement (5/20)
Epoch 96/200, Batch 100, Aver_Loss: 127.9329
Epoch 96/200, Batch 200, Aver_Loss: 125.7502
Epoch 96/200, Batch 300, Aver_Loss: 126.7912
Epoch 96/200, Batch 400, Aver_Loss: 126.7774
[early-stopping] Epoch 96: no improvement (6/20)
Epoch 97/200, Batch 100, Aver_Loss: 126.1596
Epoch 97/200, Batch 200, Aver_Loss: 129.0173
Epoch 97/200, Batch 300, Aver_Loss: 128.1006
Epoch 97/200, Batch 400, Aver_Loss: 124.4247
[early-stopping] Epoch 97: no improvement (7/20)
Epoch 98/200, Batch 100, Aver_Loss: 130.2442
Epoch 98/200, Batch 200, Aver_Loss: 130.3187
Epoch 98/200, Batch 300, Aver_Loss: 121.7577
Epoch 98/200, Batch 400, Aver_Loss: 128.4455
[early-stopping] Epoch 98: no improvement (8/20)
Epoch 99/200, Batch 100, Aver_Loss: 128.2610
Epoch 99/200, Batch 200, Aver_Loss: 128.1336
Epoch 99/200, Batch 300, Aver_Loss: 131.5718
Epoch 99/200, Batch 400, Aver_Loss: 125.4571
[early-stopping] Epoch 99: no improvement (9/20)
Epoch 100/200, Batch 100, Aver_Loss: 131.3513
Epoch 100/200, Batch 200, Aver_Loss: 125.1412
Epoch 100/200, Batch 300, Aver_Loss: 126.3779
Epoch 100/200, Batch 400, Aver_Loss: 121.0452
[early-stopping] Epoch 100: no improvement (10/20)
Epoch 101/200, Batch 100, Aver_Loss: 123.3987
Epoch 101/200, Batch 200, Aver_Loss: 136.7385
Epoch 101/200, Batch 300, Aver_Loss: 127.0067
Epoch 101/200, Batch 400, Aver_Loss: 128.8818
[early-stopping] Epoch 101: no improvement (11/20)
Epoch 102/200, Batch 100, Aver_Loss: 124.5333
Epoch 102/200, Batch 200, Aver_Loss: 126.4786
Epoch 102/200, Batch 300, Aver_Loss: 121.7848
Epoch 102/200, Batch 400, Aver_Loss: 129.1010
[early-stopping] Epoch 102: no improvement (12/20)
Epoch 103/200, Batch 100, Aver_Loss: 123.3871
Epoch 103/200, Batch 200, Aver_Loss: 126.0663
Epoch 103/200, Batch 300, Aver_Loss: 128.0063
Epoch 103/200, Batch 400, Aver_Loss: 120.7492
[early-stopping] Epoch 103: no improvement (13/20)
Epoch 104/200, Batch 100, Aver_Loss: 123.0736
Epoch 104/200, Batch 200, Aver_Loss: 126.0731
Epoch 104/200, Batch 300, Aver_Loss: 128.9066
Epoch 104/200, Batch 400, Aver_Loss: 127.4042
[early-stopping] Epoch 104: new best val ELBO = -127.273921
Epoch 105/200, Batch 100, Aver_Loss: 123.8561
Epoch 105/200, Batch 200, Aver_Loss: 127.5592
Epoch 105/200, Batch 300, Aver_Loss: 123.2006
Epoch 105/200, Batch 400, Aver_Loss: 131.4001
[early-stopping] Epoch 105: no improvement (1/20)
Epoch 106/200, Batch 100, Aver_Loss: 123.8319
Epoch 106/200, Batch 200, Aver_Loss: 125.4614
Epoch 106/200, Batch 300, Aver_Loss: 128.3416
Epoch 106/200, Batch 400, Aver_Loss: 121.6773
[early-stopping] Epoch 106: new best val ELBO = -127.245370
Epoch 107/200, Batch 100, Aver_Loss: 126.2783
Epoch 107/200, Batch 200, Aver_Loss: 127.5376
Epoch 107/200, Batch 300, Aver_Loss: 128.9401
Epoch 107/200, Batch 400, Aver_Loss: 129.8527
[early-stopping] Epoch 107: new best val ELBO = -127.046245
Epoch 108/200, Batch 100, Aver_Loss: 125.2559
Epoch 108/200, Batch 200, Aver_Loss: 123.9824
Epoch 108/200, Batch 300, Aver_Loss: 127.1349
Epoch 108/200, Batch 400, Aver_Loss: 121.1569
[early-stopping] Epoch 108: no improvement (1/20)
Epoch 109/200, Batch 100, Aver_Loss: 125.8307
Epoch 109/200, Batch 200, Aver_Loss: 128.5488
Epoch 109/200, Batch 300, Aver_Loss: 129.5992
Epoch 109/200, Batch 400, Aver_Loss: 126.6503
[early-stopping] Epoch 109: no improvement (2/20)
Epoch 110/200, Batch 100, Aver_Loss: 129.7841
Epoch 110/200, Batch 200, Aver_Loss: 123.0481
Epoch 110/200, Batch 300, Aver_Loss: 125.2030
Epoch 110/200, Batch 400, Aver_Loss: 124.4201
[early-stopping] Epoch 110: no improvement (3/20)
Epoch 111/200, Batch 100, Aver_Loss: 127.9825
Epoch 111/200, Batch 200, Aver_Loss: 129.3223
Epoch 111/200, Batch 300, Aver_Loss: 126.6446
Epoch 111/200, Batch 400, Aver_Loss: 127.8161
[early-stopping] Epoch 111: new best val ELBO = -127.019951
Epoch 112/200, Batch 100, Aver_Loss: 129.4294
Epoch 112/200, Batch 200, Aver_Loss: 126.5626
Epoch 112/200, Batch 300, Aver_Loss: 124.5461
Epoch 112/200, Batch 400, Aver_Loss: 125.0719
[early-stopping] Epoch 112: no improvement (1/20)
Epoch 113/200, Batch 100, Aver_Loss: 129.4037
Epoch 113/200, Batch 200, Aver_Loss: 128.2415
Epoch 113/200, Batch 300, Aver_Loss: 128.5465
Epoch 113/200, Batch 400, Aver_Loss: 122.6832
[early-stopping] Epoch 113: no improvement (2/20)
Epoch 114/200, Batch 100, Aver_Loss: 125.1565
Epoch 114/200, Batch 200, Aver_Loss: 123.6539
Epoch 114/200, Batch 300, Aver_Loss: 123.7293
Epoch 114/200, Batch 400, Aver_Loss: 122.9594
[early-stopping] Epoch 114: no improvement (3/20)
Epoch 115/200, Batch 100, Aver_Loss: 124.1012
Epoch 115/200, Batch 200, Aver_Loss: 122.0568
Epoch 115/200, Batch 300, Aver_Loss: 125.3785
Epoch 115/200, Batch 400, Aver_Loss: 125.1963
[early-stopping] Epoch 115: no improvement (4/20)
Epoch 116/200, Batch 100, Aver_Loss: 126.4789
Epoch 116/200, Batch 200, Aver_Loss: 125.8892
Epoch 116/200, Batch 300, Aver_Loss: 123.0630
Epoch 116/200, Batch 400, Aver_Loss: 124.9292
[early-stopping] Epoch 116: no improvement (5/20)
Epoch 117/200, Batch 100, Aver_Loss: 122.6839
Epoch 117/200, Batch 200, Aver_Loss: 125.9379
Epoch 117/200, Batch 300, Aver_Loss: 118.8586
Epoch 117/200, Batch 400, Aver_Loss: 122.9772
[early-stopping] Epoch 117: new best val ELBO = -126.988994
Epoch 118/200, Batch 100, Aver_Loss: 128.0058
Epoch 118/200, Batch 200, Aver_Loss: 124.7350
Epoch 118/200, Batch 300, Aver_Loss: 124.8967
Epoch 118/200, Batch 400, Aver_Loss: 131.5605
[early-stopping] Epoch 118: no improvement (1/20)
Epoch 119/200, Batch 100, Aver_Loss: 128.8494
Epoch 119/200, Batch 200, Aver_Loss: 128.2358
Epoch 119/200, Batch 300, Aver_Loss: 123.1583
Epoch 119/200, Batch 400, Aver_Loss: 125.1976
[early-stopping] Epoch 119: no improvement (2/20)
Epoch 120/200, Batch 100, Aver_Loss: 126.0879
Epoch 120/200, Batch 200, Aver_Loss: 129.0747
Epoch 120/200, Batch 300, Aver_Loss: 121.4708
Epoch 120/200, Batch 400, Aver_Loss: 129.3189
[early-stopping] Epoch 120: no improvement (3/20)
Epoch 121/200, Batch 100, Aver_Loss: 126.6423
Epoch 121/200, Batch 200, Aver_Loss: 126.1847
Epoch 121/200, Batch 300, Aver_Loss: 129.8075
Epoch 121/200, Batch 400, Aver_Loss: 122.5113
[early-stopping] Epoch 121: no improvement (4/20)
Epoch 122/200, Batch 100, Aver_Loss: 126.0209
Epoch 122/200, Batch 200, Aver_Loss: 125.6362
Epoch 122/200, Batch 300, Aver_Loss: 128.2289
Epoch 122/200, Batch 400, Aver_Loss: 125.2474
[early-stopping] Epoch 122: no improvement (5/20)
Epoch 123/200, Batch 100, Aver_Loss: 126.2019
Epoch 123/200, Batch 200, Aver_Loss: 121.7177
Epoch 123/200, Batch 300, Aver_Loss: 127.9813
Epoch 123/200, Batch 400, Aver_Loss: 127.5553
[early-stopping] Epoch 123: no improvement (6/20)
Epoch 124/200, Batch 100, Aver_Loss: 124.2773
Epoch 124/200, Batch 200, Aver_Loss: 121.6111
Epoch 124/200, Batch 300, Aver_Loss: 125.6787
Epoch 124/200, Batch 400, Aver_Loss: 124.4929
[early-stopping] Epoch 124: no improvement (7/20)
Epoch 125/200, Batch 100, Aver_Loss: 131.0417
Epoch 125/200, Batch 200, Aver_Loss: 125.6577
Epoch 125/200, Batch 300, Aver_Loss: 122.3948
Epoch 125/200, Batch 400, Aver_Loss: 126.3753
[early-stopping] Epoch 125: no improvement (8/20)
Epoch 126/200, Batch 100, Aver_Loss: 122.7448
Epoch 126/200, Batch 200, Aver_Loss: 127.3186
Epoch 126/200, Batch 300, Aver_Loss: 129.2054
Epoch 126/200, Batch 400, Aver_Loss: 124.6817
[early-stopping] Epoch 126: no improvement (9/20)
Epoch 127/200, Batch 100, Aver_Loss: 133.4086
Epoch 127/200, Batch 200, Aver_Loss: 129.1526
Epoch 127/200, Batch 300, Aver_Loss: 124.5917
Epoch 127/200, Batch 400, Aver_Loss: 120.3620
[early-stopping] Epoch 127: no improvement (10/20)
Epoch 128/200, Batch 100, Aver_Loss: 124.1135
Epoch 128/200, Batch 200, Aver_Loss: 124.8816
Epoch 128/200, Batch 300, Aver_Loss: 126.4351
Epoch 128/200, Batch 400, Aver_Loss: 129.3671
[early-stopping] Epoch 128: no improvement (11/20)
Epoch 129/200, Batch 100, Aver_Loss: 124.9704
Epoch 129/200, Batch 200, Aver_Loss: 125.1318
Epoch 129/200, Batch 300, Aver_Loss: 124.2571
Epoch 129/200, Batch 400, Aver_Loss: 124.5840
[early-stopping] Epoch 129: no improvement (12/20)
Epoch 130/200, Batch 100, Aver_Loss: 126.9525
Epoch 130/200, Batch 200, Aver_Loss: 125.9316
Epoch 130/200, Batch 300, Aver_Loss: 130.4569
Epoch 130/200, Batch 400, Aver_Loss: 125.1519
[early-stopping] Epoch 130: new best val ELBO = -126.933907
Epoch 131/200, Batch 100, Aver_Loss: 130.7269
Epoch 131/200, Batch 200, Aver_Loss: 123.1213
Epoch 131/200, Batch 300, Aver_Loss: 124.7481
Epoch 131/200, Batch 400, Aver_Loss: 127.9715
[early-stopping] Epoch 131: no improvement (1/20)
Epoch 132/200, Batch 100, Aver_Loss: 126.7923
Epoch 132/200, Batch 200, Aver_Loss: 129.1284
Epoch 132/200, Batch 300, Aver_Loss: 126.7587
Epoch 132/200, Batch 400, Aver_Loss: 126.1963
[early-stopping] Epoch 132: no improvement (2/20)
Epoch 133/200, Batch 100, Aver_Loss: 125.8897
Epoch 133/200, Batch 200, Aver_Loss: 124.0835
Epoch 133/200, Batch 300, Aver_Loss: 124.6754
Epoch 133/200, Batch 400, Aver_Loss: 124.3575
[early-stopping] Epoch 133: no improvement (3/20)
Epoch 134/200, Batch 100, Aver_Loss: 123.5023
Epoch 134/200, Batch 200, Aver_Loss: 126.2108
Epoch 134/200, Batch 300, Aver_Loss: 123.0682
Epoch 134/200, Batch 400, Aver_Loss: 130.2481
[early-stopping] Epoch 134: no improvement (4/20)
Epoch 135/200, Batch 100, Aver_Loss: 127.8570
Epoch 135/200, Batch 200, Aver_Loss: 127.1145
Epoch 135/200, Batch 300, Aver_Loss: 120.6242
Epoch 135/200, Batch 400, Aver_Loss: 124.9162
[early-stopping] Epoch 135: no improvement (5/20)
Epoch 136/200, Batch 100, Aver_Loss: 126.2190
Epoch 136/200, Batch 200, Aver_Loss: 127.6450
Epoch 136/200, Batch 300, Aver_Loss: 124.8560
Epoch 136/200, Batch 400, Aver_Loss: 122.1706
[early-stopping] Epoch 136: no improvement (6/20)
Epoch 137/200, Batch 100, Aver_Loss: 128.1453
Epoch 137/200, Batch 200, Aver_Loss: 124.5080
Epoch 137/200, Batch 300, Aver_Loss: 125.2185
Epoch 137/200, Batch 400, Aver_Loss: 125.6612
[early-stopping] Epoch 137: no improvement (7/20)
Epoch 138/200, Batch 100, Aver_Loss: 128.7625
Epoch 138/200, Batch 200, Aver_Loss: 123.4079
Epoch 138/200, Batch 300, Aver_Loss: 126.0756
Epoch 138/200, Batch 400, Aver_Loss: 123.1425
[early-stopping] Epoch 138: no improvement (8/20)
Epoch 139/200, Batch 100, Aver_Loss: 121.9587
Epoch 139/200, Batch 200, Aver_Loss: 124.1115
Epoch 139/200, Batch 300, Aver_Loss: 130.8754
Epoch 139/200, Batch 400, Aver_Loss: 130.1389
[early-stopping] Epoch 139: no improvement (9/20)
Epoch 140/200, Batch 100, Aver_Loss: 126.5700
Epoch 140/200, Batch 200, Aver_Loss: 126.7718
Epoch 140/200, Batch 300, Aver_Loss: 124.0318
Epoch 140/200, Batch 400, Aver_Loss: 123.9887
[early-stopping] Epoch 140: no improvement (10/20)
Epoch 141/200, Batch 100, Aver_Loss: 125.4056
Epoch 141/200, Batch 200, Aver_Loss: 125.8920
Epoch 141/200, Batch 300, Aver_Loss: 129.7033
Epoch 141/200, Batch 400, Aver_Loss: 123.8530
[early-stopping] Epoch 141: no improvement (11/20)
Epoch 142/200, Batch 100, Aver_Loss: 121.7162
Epoch 142/200, Batch 200, Aver_Loss: 125.3178
Epoch 142/200, Batch 300, Aver_Loss: 121.8253
Epoch 142/200, Batch 400, Aver_Loss: 125.1213
[early-stopping] Epoch 142: no improvement (12/20)
Epoch 143/200, Batch 100, Aver_Loss: 121.5534
Epoch 143/200, Batch 200, Aver_Loss: 125.1873
Epoch 143/200, Batch 300, Aver_Loss: 126.3695
Epoch 143/200, Batch 400, Aver_Loss: 121.9568
[early-stopping] Epoch 143: no improvement (13/20)
Epoch 144/200, Batch 100, Aver_Loss: 126.4917
Epoch 144/200, Batch 200, Aver_Loss: 125.3441
Epoch 144/200, Batch 300, Aver_Loss: 121.0171
Epoch 144/200, Batch 400, Aver_Loss: 125.6379
[early-stopping] Epoch 144: no improvement (14/20)
Epoch 145/200, Batch 100, Aver_Loss: 126.7545
Epoch 145/200, Batch 200, Aver_Loss: 125.1958
Epoch 145/200, Batch 300, Aver_Loss: 128.5866
Epoch 145/200, Batch 400, Aver_Loss: 129.1557
[early-stopping] Epoch 145: no improvement (15/20)
Epoch 146/200, Batch 100, Aver_Loss: 128.0818
Epoch 146/200, Batch 200, Aver_Loss: 122.0078
Epoch 146/200, Batch 300, Aver_Loss: 124.5893
Epoch 146/200, Batch 400, Aver_Loss: 125.7468
[early-stopping] Epoch 146: no improvement (16/20)
Epoch 147/200, Batch 100, Aver_Loss: 123.1608
Epoch 147/200, Batch 200, Aver_Loss: 121.0330
Epoch 147/200, Batch 300, Aver_Loss: 128.1496
Epoch 147/200, Batch 400, Aver_Loss: 121.1088
[early-stopping] Epoch 147: no improvement (17/20)
Epoch 148/200, Batch 100, Aver_Loss: 128.3897
Epoch 148/200, Batch 200, Aver_Loss: 123.9357
Epoch 148/200, Batch 300, Aver_Loss: 122.5140
Epoch 148/200, Batch 400, Aver_Loss: 124.0603
[early-stopping] Epoch 148: no improvement (18/20)
Epoch 149/200, Batch 100, Aver_Loss: 125.4567
Epoch 149/200, Batch 200, Aver_Loss: 127.3994
Epoch 149/200, Batch 300, Aver_Loss: 125.8349
Epoch 149/200, Batch 400, Aver_Loss: 124.8321
[early-stopping] Epoch 149: new best val ELBO = -126.928474
Epoch 150/200, Batch 100, Aver_Loss: 121.2621
Epoch 150/200, Batch 200, Aver_Loss: 124.8093
Epoch 150/200, Batch 300, Aver_Loss: 122.4327
Epoch 150/200, Batch 400, Aver_Loss: 125.4819
[early-stopping] Epoch 150: no improvement (1/20)
Epoch 151/200, Batch 100, Aver_Loss: 123.4566
Epoch 151/200, Batch 200, Aver_Loss: 123.6963
Epoch 151/200, Batch 300, Aver_Loss: 124.2382
Epoch 151/200, Batch 400, Aver_Loss: 130.9881
[early-stopping] Epoch 151: no improvement (2/20)
Epoch 152/200, Batch 100, Aver_Loss: 124.5846
Epoch 152/200, Batch 200, Aver_Loss: 127.0921
Epoch 152/200, Batch 300, Aver_Loss: 122.5813
Epoch 152/200, Batch 400, Aver_Loss: 121.8792
[early-stopping] Epoch 152: new best val ELBO = -126.891841
Epoch 153/200, Batch 100, Aver_Loss: 129.2842
Epoch 153/200, Batch 200, Aver_Loss: 126.3065
Epoch 153/200, Batch 300, Aver_Loss: 125.5529
Epoch 153/200, Batch 400, Aver_Loss: 123.9442
[early-stopping] Epoch 153: no improvement (1/20)
Epoch 154/200, Batch 100, Aver_Loss: 123.2607
Epoch 154/200, Batch 200, Aver_Loss: 128.0906
Epoch 154/200, Batch 300, Aver_Loss: 124.2964
Epoch 154/200, Batch 400, Aver_Loss: 125.1383
[early-stopping] Epoch 154: no improvement (2/20)
Epoch 155/200, Batch 100, Aver_Loss: 125.0949
Epoch 155/200, Batch 200, Aver_Loss: 120.7990
Epoch 155/200, Batch 300, Aver_Loss: 127.6458
Epoch 155/200, Batch 400, Aver_Loss: 124.7139
[early-stopping] Epoch 155: no improvement (3/20)
Epoch 156/200, Batch 100, Aver_Loss: 125.6734
Epoch 156/200, Batch 200, Aver_Loss: 124.5109
Epoch 156/200, Batch 300, Aver_Loss: 127.6303
Epoch 156/200, Batch 400, Aver_Loss: 128.1759
[early-stopping] Epoch 156: no improvement (4/20)
Epoch 157/200, Batch 100, Aver_Loss: 124.3656
Epoch 157/200, Batch 200, Aver_Loss: 126.4818
Epoch 157/200, Batch 300, Aver_Loss: 128.2766
Epoch 157/200, Batch 400, Aver_Loss: 126.9193
[early-stopping] Epoch 157: no improvement (5/20)
Epoch 158/200, Batch 100, Aver_Loss: 122.9701
Epoch 158/200, Batch 200, Aver_Loss: 124.8529
Epoch 158/200, Batch 300, Aver_Loss: 125.8647
Epoch 158/200, Batch 400, Aver_Loss: 125.9762
[early-stopping] Epoch 158: no improvement (6/20)
Epoch 159/200, Batch 100, Aver_Loss: 122.8176
Epoch 159/200, Batch 200, Aver_Loss: 128.3940
Epoch 159/200, Batch 300, Aver_Loss: 121.3513
Epoch 159/200, Batch 400, Aver_Loss: 125.8003
[early-stopping] Epoch 159: new best val ELBO = -126.773556
Epoch 160/200, Batch 100, Aver_Loss: 126.0080
Epoch 160/200, Batch 200, Aver_Loss: 123.7921
Epoch 160/200, Batch 300, Aver_Loss: 125.2013
Epoch 160/200, Batch 400, Aver_Loss: 126.1170
[early-stopping] Epoch 160: no improvement (1/20)
Epoch 161/200, Batch 100, Aver_Loss: 125.6666
Epoch 161/200, Batch 200, Aver_Loss: 124.6840
Epoch 161/200, Batch 300, Aver_Loss: 119.7467
Epoch 161/200, Batch 400, Aver_Loss: 123.7097
[early-stopping] Epoch 161: no improvement (2/20)
Epoch 162/200, Batch 100, Aver_Loss: 122.4436
Epoch 162/200, Batch 200, Aver_Loss: 122.9083
Epoch 162/200, Batch 300, Aver_Loss: 126.6281
Epoch 162/200, Batch 400, Aver_Loss: 122.5096
[early-stopping] Epoch 162: no improvement (3/20)
Epoch 163/200, Batch 100, Aver_Loss: 126.4034
Epoch 163/200, Batch 200, Aver_Loss: 128.4055
Epoch 163/200, Batch 300, Aver_Loss: 126.6343
Epoch 163/200, Batch 400, Aver_Loss: 126.3509
[early-stopping] Epoch 163: no improvement (4/20)
Epoch 164/200, Batch 100, Aver_Loss: 127.1285
Epoch 164/200, Batch 200, Aver_Loss: 125.7211
Epoch 164/200, Batch 300, Aver_Loss: 126.8344
Epoch 164/200, Batch 400, Aver_Loss: 124.0459
[early-stopping] Epoch 164: no improvement (5/20)
Epoch 165/200, Batch 100, Aver_Loss: 128.5670
Epoch 165/200, Batch 200, Aver_Loss: 125.8461
Epoch 165/200, Batch 300, Aver_Loss: 127.6856
Epoch 165/200, Batch 400, Aver_Loss: 128.5022
[early-stopping] Epoch 165: no improvement (6/20)
Epoch 166/200, Batch 100, Aver_Loss: 127.2923
Epoch 166/200, Batch 200, Aver_Loss: 125.7442
Epoch 166/200, Batch 300, Aver_Loss: 128.7800
Epoch 166/200, Batch 400, Aver_Loss: 127.6452
[early-stopping] Epoch 166: no improvement (7/20)
Epoch 167/200, Batch 100, Aver_Loss: 127.3955
Epoch 167/200, Batch 200, Aver_Loss: 119.8915
Epoch 167/200, Batch 300, Aver_Loss: 127.7418
Epoch 167/200, Batch 400, Aver_Loss: 127.7169
[early-stopping] Epoch 167: no improvement (8/20)
Epoch 168/200, Batch 100, Aver_Loss: 130.0090
Epoch 168/200, Batch 200, Aver_Loss: 126.0253
Epoch 168/200, Batch 300, Aver_Loss: 127.7083
Epoch 168/200, Batch 400, Aver_Loss: 124.1796
[early-stopping] Epoch 168: no improvement (9/20)
Epoch 169/200, Batch 100, Aver_Loss: 127.9506
Epoch 169/200, Batch 200, Aver_Loss: 123.4003
Epoch 169/200, Batch 300, Aver_Loss: 126.2556
Epoch 169/200, Batch 400, Aver_Loss: 126.5026
[early-stopping] Epoch 169: no improvement (10/20)
Epoch 170/200, Batch 100, Aver_Loss: 124.8817
Epoch 170/200, Batch 200, Aver_Loss: 125.0774
Epoch 170/200, Batch 300, Aver_Loss: 128.5078
Epoch 170/200, Batch 400, Aver_Loss: 126.2830
[early-stopping] Epoch 170: no improvement (11/20)
Epoch 171/200, Batch 100, Aver_Loss: 121.3450
Epoch 171/200, Batch 200, Aver_Loss: 128.4978
Epoch 171/200, Batch 300, Aver_Loss: 126.9145
Epoch 171/200, Batch 400, Aver_Loss: 131.1863
[early-stopping] Epoch 171: new best val ELBO = -126.732044
Epoch 172/200, Batch 100, Aver_Loss: 123.5905
Epoch 172/200, Batch 200, Aver_Loss: 120.4754
Epoch 172/200, Batch 300, Aver_Loss: 122.5233
Epoch 172/200, Batch 400, Aver_Loss: 126.3068
[early-stopping] Epoch 172: no improvement (1/20)
Epoch 173/200, Batch 100, Aver_Loss: 122.1565
Epoch 173/200, Batch 200, Aver_Loss: 126.5523
Epoch 173/200, Batch 300, Aver_Loss: 124.4207
Epoch 173/200, Batch 400, Aver_Loss: 129.7702
[early-stopping] Epoch 173: no improvement (2/20)
Epoch 174/200, Batch 100, Aver_Loss: 123.8267
Epoch 174/200, Batch 200, Aver_Loss: 120.2967
Epoch 174/200, Batch 300, Aver_Loss: 127.1518
Epoch 174/200, Batch 400, Aver_Loss: 128.3234
[early-stopping] Epoch 174: no improvement (3/20)
Epoch 175/200, Batch 100, Aver_Loss: 127.1603
Epoch 175/200, Batch 200, Aver_Loss: 126.1366
Epoch 175/200, Batch 300, Aver_Loss: 124.9637
Epoch 175/200, Batch 400, Aver_Loss: 127.9603
[early-stopping] Epoch 175: no improvement (4/20)
Epoch 176/200, Batch 100, Aver_Loss: 128.6230
Epoch 176/200, Batch 200, Aver_Loss: 125.4124
Epoch 176/200, Batch 300, Aver_Loss: 123.0263
Epoch 176/200, Batch 400, Aver_Loss: 121.6207
[early-stopping] Epoch 176: no improvement (5/20)
Epoch 177/200, Batch 100, Aver_Loss: 122.6490
Epoch 177/200, Batch 200, Aver_Loss: 123.0495
Epoch 177/200, Batch 300, Aver_Loss: 126.9513
Epoch 177/200, Batch 400, Aver_Loss: 124.3356
[early-stopping] Epoch 177: no improvement (6/20)
Epoch 178/200, Batch 100, Aver_Loss: 124.0801
Epoch 178/200, Batch 200, Aver_Loss: 122.5439
Epoch 178/200, Batch 300, Aver_Loss: 123.9007
Epoch 178/200, Batch 400, Aver_Loss: 128.6546
[early-stopping] Epoch 178: no improvement (7/20)
Epoch 179/200, Batch 100, Aver_Loss: 127.7045
Epoch 179/200, Batch 200, Aver_Loss: 128.1431
Epoch 179/200, Batch 300, Aver_Loss: 127.2874
Epoch 179/200, Batch 400, Aver_Loss: 127.8435
[early-stopping] Epoch 179: no improvement (8/20)
Epoch 180/200, Batch 100, Aver_Loss: 121.8905
Epoch 180/200, Batch 200, Aver_Loss: 123.9408
Epoch 180/200, Batch 300, Aver_Loss: 127.6528
Epoch 180/200, Batch 400, Aver_Loss: 123.6148
[early-stopping] Epoch 180: no improvement (9/20)
Epoch 181/200, Batch 100, Aver_Loss: 123.8410
Epoch 181/200, Batch 200, Aver_Loss: 124.6843
Epoch 181/200, Batch 300, Aver_Loss: 122.7595
Epoch 181/200, Batch 400, Aver_Loss: 122.6654
[early-stopping] Epoch 181: no improvement (10/20)
Epoch 182/200, Batch 100, Aver_Loss: 120.6843
Epoch 182/200, Batch 200, Aver_Loss: 119.9926
Epoch 182/200, Batch 300, Aver_Loss: 123.4491
Epoch 182/200, Batch 400, Aver_Loss: 123.6432
[early-stopping] Epoch 182: new best val ELBO = -126.665530
Epoch 183/200, Batch 100, Aver_Loss: 124.8510
Epoch 183/200, Batch 200, Aver_Loss: 127.8427
Epoch 183/200, Batch 300, Aver_Loss: 127.9821
Epoch 183/200, Batch 400, Aver_Loss: 126.1059
[early-stopping] Epoch 183: no improvement (1/20)
Epoch 184/200, Batch 100, Aver_Loss: 127.3811
Epoch 184/200, Batch 200, Aver_Loss: 122.5825
Epoch 184/200, Batch 300, Aver_Loss: 122.9739
Epoch 184/200, Batch 400, Aver_Loss: 126.2107
[early-stopping] Epoch 184: no improvement (2/20)
Epoch 185/200, Batch 100, Aver_Loss: 123.8942
Epoch 185/200, Batch 200, Aver_Loss: 126.3534
Epoch 185/200, Batch 300, Aver_Loss: 121.7766
Epoch 185/200, Batch 400, Aver_Loss: 127.5389
[early-stopping] Epoch 185: no improvement (3/20)
Epoch 186/200, Batch 100, Aver_Loss: 122.3081
Epoch 186/200, Batch 200, Aver_Loss: 124.5750
Epoch 186/200, Batch 300, Aver_Loss: 128.4975
Epoch 186/200, Batch 400, Aver_Loss: 127.7363
[early-stopping] Epoch 186: no improvement (4/20)
Epoch 187/200, Batch 100, Aver_Loss: 129.0208
Epoch 187/200, Batch 200, Aver_Loss: 119.0806
Epoch 187/200, Batch 300, Aver_Loss: 125.5424
Epoch 187/200, Batch 400, Aver_Loss: 125.9607
[early-stopping] Epoch 187: no improvement (5/20)
Epoch 188/200, Batch 100, Aver_Loss: 123.5552
Epoch 188/200, Batch 200, Aver_Loss: 125.5790
Epoch 188/200, Batch 300, Aver_Loss: 119.9320
Epoch 188/200, Batch 400, Aver_Loss: 123.0332
[early-stopping] Epoch 188: new best val ELBO = -126.651034
Epoch 189/200, Batch 100, Aver_Loss: 126.4433
Epoch 189/200, Batch 200, Aver_Loss: 121.1354
Epoch 189/200, Batch 300, Aver_Loss: 128.1464
Epoch 189/200, Batch 400, Aver_Loss: 129.0750
[early-stopping] Epoch 189: no improvement (1/20)
Epoch 190/200, Batch 100, Aver_Loss: 125.7988
Epoch 190/200, Batch 200, Aver_Loss: 125.8818
Epoch 190/200, Batch 300, Aver_Loss: 126.9537
Epoch 190/200, Batch 400, Aver_Loss: 127.2253
[early-stopping] Epoch 190: no improvement (2/20)
Epoch 191/200, Batch 100, Aver_Loss: 125.8924
Epoch 191/200, Batch 200, Aver_Loss: 123.0502
Epoch 191/200, Batch 300, Aver_Loss: 127.3949
Epoch 191/200, Batch 400, Aver_Loss: 125.7922
[early-stopping] Epoch 191: no improvement (3/20)
Epoch 192/200, Batch 100, Aver_Loss: 123.8434
Epoch 192/200, Batch 200, Aver_Loss: 124.8960
Epoch 192/200, Batch 300, Aver_Loss: 120.9038
Epoch 192/200, Batch 400, Aver_Loss: 122.0412
[early-stopping] Epoch 192: new best val ELBO = -126.560473
Epoch 193/200, Batch 100, Aver_Loss: 124.8577
Epoch 193/200, Batch 200, Aver_Loss: 126.1164
Epoch 193/200, Batch 300, Aver_Loss: 124.5659
Epoch 193/200, Batch 400, Aver_Loss: 124.0842
[early-stopping] Epoch 193: no improvement (1/20)
Epoch 194/200, Batch 100, Aver_Loss: 119.8463
Epoch 194/200, Batch 200, Aver_Loss: 128.2408
Epoch 194/200, Batch 300, Aver_Loss: 126.0540
Epoch 194/200, Batch 400, Aver_Loss: 125.9089
[early-stopping] Epoch 194: no improvement (2/20)
Epoch 195/200, Batch 100, Aver_Loss: 130.0270
Epoch 195/200, Batch 200, Aver_Loss: 130.1899
Epoch 195/200, Batch 300, Aver_Loss: 125.9927
Epoch 195/200, Batch 400, Aver_Loss: 125.0892
[early-stopping] Epoch 195: no improvement (3/20)
Epoch 196/200, Batch 100, Aver_Loss: 124.5528
Epoch 196/200, Batch 200, Aver_Loss: 124.6079
Epoch 196/200, Batch 300, Aver_Loss: 125.4978
Epoch 196/200, Batch 400, Aver_Loss: 126.0471
[early-stopping] Epoch 196: no improvement (4/20)
Epoch 197/200, Batch 100, Aver_Loss: 124.9602
Epoch 197/200, Batch 200, Aver_Loss: 126.2069
Epoch 197/200, Batch 300, Aver_Loss: 125.2708
Epoch 197/200, Batch 400, Aver_Loss: 123.2744
[early-stopping] Epoch 197: no improvement (5/20)
Epoch 198/200, Batch 100, Aver_Loss: 126.8192
Epoch 198/200, Batch 200, Aver_Loss: 127.2921
Epoch 198/200, Batch 300, Aver_Loss: 126.8420
Epoch 198/200, Batch 400, Aver_Loss: 123.0152
[early-stopping] Epoch 198: no improvement (6/20)
Epoch 199/200, Batch 100, Aver_Loss: 127.3972
Epoch 199/200, Batch 200, Aver_Loss: 126.0201
Epoch 199/200, Batch 300, Aver_Loss: 125.6465
Epoch 199/200, Batch 400, Aver_Loss: 128.9576
[early-stopping] Epoch 199: no improvement (7/20)
Epoch 200/200, Batch 100, Aver_Loss: 124.0826
Epoch 200/200, Batch 200, Aver_Loss: 126.0174
Epoch 200/200, Batch 300, Aver_Loss: 123.8519
Epoch 200/200, Batch 400, Aver_Loss: 130.8364
[early-stopping] Epoch 200: no improvement (8/20)
[early-stopping] Loaded best model from epoch 192 (val ELBO = -126.560473)
[checkpoint] Saved best model to: trained_parameters/mnist_rotated_zdim512_VAE.pkl
[saved curves] ./results/MNIST_ROTATED/curves/mnist_rotated_vae_d512_s777.json

==== Evaluation Summary ====
                 model: vae
   recon/mse_per_pixel: 0.014307
            elbo/train: -125.244346
             elbo/test: -126.672283
             mse/train: 0.013808
              mse/test: 0.014307
             probe/acc: 0.692500
             probe/nll: 0.961893
           probe/brier: 0.435812
             probe/ece: 0.082197
           cluster/nmi: 0.128490
           cluster/ari: 0.065526
============================

