/usr/bin/which: no fi_info in (/arf/home/meyavuz/.local/bin:/arf/sw/comp/python/intelpython3/condabin:/arf/sw/comp/python/intelpython3/bin:/usr/share/Modules/bin:/usr/local/bin:/usr/bin:/usr/local/sbin:/usr/sbin)
Extension for Scikit-learn* enabled (https://github.com/uxlfoundation/scikit-learn-intelex)
/arf/home/meyavuz/.conda/envs/sbn/lib/python3.9/site-packages/sklearn/linear_model/_logistic.py:1247: FutureWarning: 'multi_class' was deprecated in version 1.5 and will be removed in 1.7. From then on, it will always use 'multinomial'. Leave it to its default value to avoid this warning.
  warnings.warn(
Epoch 1/200, Batch 100, Aver_Loss: 173.8089
Epoch 1/200, Batch 200, Aver_Loss: 158.8180
Epoch 1/200, Batch 300, Aver_Loss: 139.1725
Epoch 1/200, Batch 400, Aver_Loss: 136.2519
[early-stopping] Epoch 1: new best val ELBO = -132.837538
Epoch 2/200, Batch 100, Aver_Loss: 129.4797
Epoch 2/200, Batch 200, Aver_Loss: 125.6296
Epoch 2/200, Batch 300, Aver_Loss: 121.3422
Epoch 2/200, Batch 400, Aver_Loss: 124.4858
[early-stopping] Epoch 2: new best val ELBO = -122.186709
Epoch 3/200, Batch 100, Aver_Loss: 119.9972
Epoch 3/200, Batch 200, Aver_Loss: 123.6508
Epoch 3/200, Batch 300, Aver_Loss: 122.7815
Epoch 3/200, Batch 400, Aver_Loss: 124.7356
[early-stopping] Epoch 3: new best val ELBO = -118.404944
Epoch 4/200, Batch 100, Aver_Loss: 119.5767
Epoch 4/200, Batch 200, Aver_Loss: 120.6390
Epoch 4/200, Batch 300, Aver_Loss: 116.6031
Epoch 4/200, Batch 400, Aver_Loss: 119.5797
[early-stopping] Epoch 4: new best val ELBO = -115.926346
Epoch 5/200, Batch 100, Aver_Loss: 114.8542
Epoch 5/200, Batch 200, Aver_Loss: 118.5736
Epoch 5/200, Batch 300, Aver_Loss: 108.7926
Epoch 5/200, Batch 400, Aver_Loss: 111.0817
[early-stopping] Epoch 5: new best val ELBO = -114.061791
Epoch 6/200, Batch 100, Aver_Loss: 112.4474
Epoch 6/200, Batch 200, Aver_Loss: 115.3734
Epoch 6/200, Batch 300, Aver_Loss: 112.9896
Epoch 6/200, Batch 400, Aver_Loss: 115.5549
[early-stopping] Epoch 6: new best val ELBO = -112.676297
Epoch 7/200, Batch 100, Aver_Loss: 115.4388
Epoch 7/200, Batch 200, Aver_Loss: 112.4980
Epoch 7/200, Batch 300, Aver_Loss: 108.3980
Epoch 7/200, Batch 400, Aver_Loss: 112.0261
[early-stopping] Epoch 7: new best val ELBO = -111.411283
Epoch 8/200, Batch 100, Aver_Loss: 116.2935
Epoch 8/200, Batch 200, Aver_Loss: 112.3549
Epoch 8/200, Batch 300, Aver_Loss: 110.5677
Epoch 8/200, Batch 400, Aver_Loss: 108.9390
[early-stopping] Epoch 8: new best val ELBO = -110.992282
Epoch 9/200, Batch 100, Aver_Loss: 109.5529
Epoch 9/200, Batch 200, Aver_Loss: 111.3180
Epoch 9/200, Batch 300, Aver_Loss: 112.9955
Epoch 9/200, Batch 400, Aver_Loss: 111.9644
[early-stopping] Epoch 9: new best val ELBO = -109.644014
Epoch 10/200, Batch 100, Aver_Loss: 111.3916
Epoch 10/200, Batch 200, Aver_Loss: 110.0795
Epoch 10/200, Batch 300, Aver_Loss: 110.2269
Epoch 10/200, Batch 400, Aver_Loss: 110.3004
[early-stopping] Epoch 10: new best val ELBO = -108.918255
Epoch 11/200, Batch 100, Aver_Loss: 110.7037
Epoch 11/200, Batch 200, Aver_Loss: 106.5039
Epoch 11/200, Batch 300, Aver_Loss: 104.0533
Epoch 11/200, Batch 400, Aver_Loss: 108.8880
[early-stopping] Epoch 11: new best val ELBO = -108.463852
Epoch 12/200, Batch 100, Aver_Loss: 111.3443
Epoch 12/200, Batch 200, Aver_Loss: 106.5134
Epoch 12/200, Batch 300, Aver_Loss: 109.5847
Epoch 12/200, Batch 400, Aver_Loss: 110.3064
[early-stopping] Epoch 12: new best val ELBO = -108.187678
Epoch 13/200, Batch 100, Aver_Loss: 110.0521
Epoch 13/200, Batch 200, Aver_Loss: 113.5212
Epoch 13/200, Batch 300, Aver_Loss: 110.5294
Epoch 13/200, Batch 400, Aver_Loss: 107.2013
[early-stopping] Epoch 13: new best val ELBO = -107.432773
Epoch 14/200, Batch 100, Aver_Loss: 107.6433
Epoch 14/200, Batch 200, Aver_Loss: 108.8756
Epoch 14/200, Batch 300, Aver_Loss: 103.1815
Epoch 14/200, Batch 400, Aver_Loss: 100.4099
[early-stopping] Epoch 14: new best val ELBO = -107.181744
Epoch 15/200, Batch 100, Aver_Loss: 106.0508
Epoch 15/200, Batch 200, Aver_Loss: 109.0364
Epoch 15/200, Batch 300, Aver_Loss: 105.4295
Epoch 15/200, Batch 400, Aver_Loss: 109.1081
[early-stopping] Epoch 15: new best val ELBO = -106.834554
Epoch 16/200, Batch 100, Aver_Loss: 104.1595
Epoch 16/200, Batch 200, Aver_Loss: 105.6158
Epoch 16/200, Batch 300, Aver_Loss: 108.1658
Epoch 16/200, Batch 400, Aver_Loss: 109.3971
[early-stopping] Epoch 16: new best val ELBO = -106.753898
Epoch 17/200, Batch 100, Aver_Loss: 104.7844
Epoch 17/200, Batch 200, Aver_Loss: 108.6493
Epoch 17/200, Batch 300, Aver_Loss: 105.9800
Epoch 17/200, Batch 400, Aver_Loss: 108.6684
[early-stopping] Epoch 17: new best val ELBO = -106.382245
Epoch 18/200, Batch 100, Aver_Loss: 104.9041
Epoch 18/200, Batch 200, Aver_Loss: 102.2873
Epoch 18/200, Batch 300, Aver_Loss: 104.5106
Epoch 18/200, Batch 400, Aver_Loss: 104.9816
[early-stopping] Epoch 18: new best val ELBO = -106.143104
Epoch 19/200, Batch 100, Aver_Loss: 104.4329
Epoch 19/200, Batch 200, Aver_Loss: 107.0411
Epoch 19/200, Batch 300, Aver_Loss: 105.2224
Epoch 19/200, Batch 400, Aver_Loss: 107.6774
[early-stopping] Epoch 19: new best val ELBO = -105.947685
Epoch 20/200, Batch 100, Aver_Loss: 106.9803
Epoch 20/200, Batch 200, Aver_Loss: 103.7532
Epoch 20/200, Batch 300, Aver_Loss: 106.1583
Epoch 20/200, Batch 400, Aver_Loss: 101.9146
[early-stopping] Epoch 20: no improvement (1/20)
Epoch 21/200, Batch 100, Aver_Loss: 107.2827
Epoch 21/200, Batch 200, Aver_Loss: 102.5947
Epoch 21/200, Batch 300, Aver_Loss: 104.0410
Epoch 21/200, Batch 400, Aver_Loss: 103.9351
[early-stopping] Epoch 21: new best val ELBO = -105.559955
Epoch 22/200, Batch 100, Aver_Loss: 107.0896
Epoch 22/200, Batch 200, Aver_Loss: 110.2001
Epoch 22/200, Batch 300, Aver_Loss: 110.0619
Epoch 22/200, Batch 400, Aver_Loss: 104.1599
[early-stopping] Epoch 22: no improvement (1/20)
Epoch 23/200, Batch 100, Aver_Loss: 109.8734
Epoch 23/200, Batch 200, Aver_Loss: 106.6368
Epoch 23/200, Batch 300, Aver_Loss: 104.7458
Epoch 23/200, Batch 400, Aver_Loss: 107.1480
[early-stopping] Epoch 23: new best val ELBO = -105.425099
Epoch 24/200, Batch 100, Aver_Loss: 105.0178
Epoch 24/200, Batch 200, Aver_Loss: 103.4037
Epoch 24/200, Batch 300, Aver_Loss: 104.5705
Epoch 24/200, Batch 400, Aver_Loss: 107.2119
[early-stopping] Epoch 24: no improvement (1/20)
Epoch 25/200, Batch 100, Aver_Loss: 106.4426
Epoch 25/200, Batch 200, Aver_Loss: 107.9118
Epoch 25/200, Batch 300, Aver_Loss: 103.2984
Epoch 25/200, Batch 400, Aver_Loss: 105.8682
[early-stopping] Epoch 25: new best val ELBO = -105.085881
Epoch 26/200, Batch 100, Aver_Loss: 102.9181
Epoch 26/200, Batch 200, Aver_Loss: 103.9959
Epoch 26/200, Batch 300, Aver_Loss: 103.3268
Epoch 26/200, Batch 400, Aver_Loss: 104.4437
[early-stopping] Epoch 26: new best val ELBO = -104.933225
Epoch 27/200, Batch 100, Aver_Loss: 100.3038
Epoch 27/200, Batch 200, Aver_Loss: 105.5274
Epoch 27/200, Batch 300, Aver_Loss: 106.4056
Epoch 27/200, Batch 400, Aver_Loss: 100.2273
[early-stopping] Epoch 27: no improvement (1/20)
Epoch 28/200, Batch 100, Aver_Loss: 106.6188
Epoch 28/200, Batch 200, Aver_Loss: 108.1902
Epoch 28/200, Batch 300, Aver_Loss: 101.4185
Epoch 28/200, Batch 400, Aver_Loss: 104.1313
[early-stopping] Epoch 28: new best val ELBO = -104.751562
Epoch 29/200, Batch 100, Aver_Loss: 104.7605
Epoch 29/200, Batch 200, Aver_Loss: 103.9783
Epoch 29/200, Batch 300, Aver_Loss: 103.0059
Epoch 29/200, Batch 400, Aver_Loss: 106.2279
[early-stopping] Epoch 29: no improvement (1/20)
Epoch 30/200, Batch 100, Aver_Loss: 104.7240
Epoch 30/200, Batch 200, Aver_Loss: 101.9407
Epoch 30/200, Batch 300, Aver_Loss: 106.5378
Epoch 30/200, Batch 400, Aver_Loss: 99.5041
[early-stopping] Epoch 30: new best val ELBO = -104.751390
Epoch 31/200, Batch 100, Aver_Loss: 104.2392
Epoch 31/200, Batch 200, Aver_Loss: 102.3840
Epoch 31/200, Batch 300, Aver_Loss: 107.6770
Epoch 31/200, Batch 400, Aver_Loss: 104.3238
[early-stopping] Epoch 31: new best val ELBO = -104.461180
Epoch 32/200, Batch 100, Aver_Loss: 103.0019
Epoch 32/200, Batch 200, Aver_Loss: 106.0278
Epoch 32/200, Batch 300, Aver_Loss: 102.9177
Epoch 32/200, Batch 400, Aver_Loss: 101.9079
[early-stopping] Epoch 32: no improvement (1/20)
Epoch 33/200, Batch 100, Aver_Loss: 102.5094
Epoch 33/200, Batch 200, Aver_Loss: 105.4373
Epoch 33/200, Batch 300, Aver_Loss: 106.9634
Epoch 33/200, Batch 400, Aver_Loss: 106.0018
[early-stopping] Epoch 33: new best val ELBO = -104.420728
Epoch 34/200, Batch 100, Aver_Loss: 105.2484
Epoch 34/200, Batch 200, Aver_Loss: 102.3718
Epoch 34/200, Batch 300, Aver_Loss: 107.6126
Epoch 34/200, Batch 400, Aver_Loss: 102.9777
[early-stopping] Epoch 34: new best val ELBO = -104.276029
Epoch 35/200, Batch 100, Aver_Loss: 96.7585
Epoch 35/200, Batch 200, Aver_Loss: 104.3935
Epoch 35/200, Batch 300, Aver_Loss: 105.5238
Epoch 35/200, Batch 400, Aver_Loss: 103.5277
[early-stopping] Epoch 35: no improvement (1/20)
Epoch 36/200, Batch 100, Aver_Loss: 103.7247
Epoch 36/200, Batch 200, Aver_Loss: 101.1045
Epoch 36/200, Batch 300, Aver_Loss: 100.3175
Epoch 36/200, Batch 400, Aver_Loss: 104.0058
[early-stopping] Epoch 36: no improvement (2/20)
Epoch 37/200, Batch 100, Aver_Loss: 106.7248
Epoch 37/200, Batch 200, Aver_Loss: 103.5801
Epoch 37/200, Batch 300, Aver_Loss: 101.9269
Epoch 37/200, Batch 400, Aver_Loss: 107.2176
[early-stopping] Epoch 37: new best val ELBO = -104.081493
Epoch 38/200, Batch 100, Aver_Loss: 104.3511
Epoch 38/200, Batch 200, Aver_Loss: 103.9125
Epoch 38/200, Batch 300, Aver_Loss: 98.3324
Epoch 38/200, Batch 400, Aver_Loss: 107.5818
[early-stopping] Epoch 38: new best val ELBO = -104.002460
Epoch 39/200, Batch 100, Aver_Loss: 103.0366
Epoch 39/200, Batch 200, Aver_Loss: 102.8185
Epoch 39/200, Batch 300, Aver_Loss: 98.4606
Epoch 39/200, Batch 400, Aver_Loss: 104.8175
[early-stopping] Epoch 39: no improvement (1/20)
Epoch 40/200, Batch 100, Aver_Loss: 104.9041
Epoch 40/200, Batch 200, Aver_Loss: 103.2982
Epoch 40/200, Batch 300, Aver_Loss: 102.3128
Epoch 40/200, Batch 400, Aver_Loss: 104.4616
[early-stopping] Epoch 40: no improvement (2/20)
Epoch 41/200, Batch 100, Aver_Loss: 105.4339
Epoch 41/200, Batch 200, Aver_Loss: 101.8655
Epoch 41/200, Batch 300, Aver_Loss: 105.6361
Epoch 41/200, Batch 400, Aver_Loss: 96.6325
[early-stopping] Epoch 41: new best val ELBO = -103.787076
Epoch 42/200, Batch 100, Aver_Loss: 101.7292
Epoch 42/200, Batch 200, Aver_Loss: 101.1413
Epoch 42/200, Batch 300, Aver_Loss: 105.9823
Epoch 42/200, Batch 400, Aver_Loss: 104.0398
[early-stopping] Epoch 42: new best val ELBO = -103.782974
Epoch 43/200, Batch 100, Aver_Loss: 102.2970
Epoch 43/200, Batch 200, Aver_Loss: 105.5213
Epoch 43/200, Batch 300, Aver_Loss: 102.0498
Epoch 43/200, Batch 400, Aver_Loss: 105.7803
[early-stopping] Epoch 43: no improvement (1/20)
Epoch 44/200, Batch 100, Aver_Loss: 101.4635
Epoch 44/200, Batch 200, Aver_Loss: 108.2034
Epoch 44/200, Batch 300, Aver_Loss: 105.1766
Epoch 44/200, Batch 400, Aver_Loss: 104.1350
[early-stopping] Epoch 44: no improvement (2/20)
Epoch 45/200, Batch 100, Aver_Loss: 104.4561
Epoch 45/200, Batch 200, Aver_Loss: 104.6541
Epoch 45/200, Batch 300, Aver_Loss: 98.0243
Epoch 45/200, Batch 400, Aver_Loss: 104.7451
[early-stopping] Epoch 45: new best val ELBO = -103.721472
Epoch 46/200, Batch 100, Aver_Loss: 107.8286
Epoch 46/200, Batch 200, Aver_Loss: 105.6810
Epoch 46/200, Batch 300, Aver_Loss: 108.3752
Epoch 46/200, Batch 400, Aver_Loss: 102.3686
[early-stopping] Epoch 46: new best val ELBO = -103.572236
Epoch 47/200, Batch 100, Aver_Loss: 102.9006
Epoch 47/200, Batch 200, Aver_Loss: 99.6215
Epoch 47/200, Batch 300, Aver_Loss: 101.0361
Epoch 47/200, Batch 400, Aver_Loss: 107.3358
[early-stopping] Epoch 47: no improvement (1/20)
Epoch 48/200, Batch 100, Aver_Loss: 104.1838
Epoch 48/200, Batch 200, Aver_Loss: 104.1430
Epoch 48/200, Batch 300, Aver_Loss: 102.1072
Epoch 48/200, Batch 400, Aver_Loss: 103.0331
[early-stopping] Epoch 48: new best val ELBO = -103.540290
Epoch 49/200, Batch 100, Aver_Loss: 102.3455
Epoch 49/200, Batch 200, Aver_Loss: 110.7279
Epoch 49/200, Batch 300, Aver_Loss: 103.5638
Epoch 49/200, Batch 400, Aver_Loss: 104.5646
[early-stopping] Epoch 49: new best val ELBO = -103.464383
Epoch 50/200, Batch 100, Aver_Loss: 100.6004
Epoch 50/200, Batch 200, Aver_Loss: 104.3576
Epoch 50/200, Batch 300, Aver_Loss: 100.5084
Epoch 50/200, Batch 400, Aver_Loss: 105.0520
[early-stopping] Epoch 50: no improvement (1/20)
Epoch 51/200, Batch 100, Aver_Loss: 108.3223
Epoch 51/200, Batch 200, Aver_Loss: 97.1407
Epoch 51/200, Batch 300, Aver_Loss: 102.3574
Epoch 51/200, Batch 400, Aver_Loss: 102.8067
[early-stopping] Epoch 51: new best val ELBO = -103.351614
Epoch 52/200, Batch 100, Aver_Loss: 102.2033
Epoch 52/200, Batch 200, Aver_Loss: 97.6046
Epoch 52/200, Batch 300, Aver_Loss: 107.1551
Epoch 52/200, Batch 400, Aver_Loss: 104.2496
[early-stopping] Epoch 52: no improvement (1/20)
Epoch 53/200, Batch 100, Aver_Loss: 101.5640
Epoch 53/200, Batch 200, Aver_Loss: 100.8844
Epoch 53/200, Batch 300, Aver_Loss: 103.0986
Epoch 53/200, Batch 400, Aver_Loss: 100.1660
[early-stopping] Epoch 53: new best val ELBO = -103.249349
Epoch 54/200, Batch 100, Aver_Loss: 100.9697
Epoch 54/200, Batch 200, Aver_Loss: 102.5319
Epoch 54/200, Batch 300, Aver_Loss: 102.0954
Epoch 54/200, Batch 400, Aver_Loss: 100.0992
[early-stopping] Epoch 54: no improvement (1/20)
Epoch 55/200, Batch 100, Aver_Loss: 102.3672
Epoch 55/200, Batch 200, Aver_Loss: 104.6390
Epoch 55/200, Batch 300, Aver_Loss: 101.4520
Epoch 55/200, Batch 400, Aver_Loss: 101.4512
[early-stopping] Epoch 55: no improvement (2/20)
Epoch 56/200, Batch 100, Aver_Loss: 102.8083
Epoch 56/200, Batch 200, Aver_Loss: 101.2979
Epoch 56/200, Batch 300, Aver_Loss: 106.9905
Epoch 56/200, Batch 400, Aver_Loss: 103.3176
[early-stopping] Epoch 56: new best val ELBO = -103.100638
Epoch 57/200, Batch 100, Aver_Loss: 101.3015
Epoch 57/200, Batch 200, Aver_Loss: 105.8197
Epoch 57/200, Batch 300, Aver_Loss: 102.2901
Epoch 57/200, Batch 400, Aver_Loss: 100.1134
[early-stopping] Epoch 57: no improvement (1/20)
Epoch 58/200, Batch 100, Aver_Loss: 106.1609
Epoch 58/200, Batch 200, Aver_Loss: 101.9244
Epoch 58/200, Batch 300, Aver_Loss: 103.0694
Epoch 58/200, Batch 400, Aver_Loss: 105.2328
[early-stopping] Epoch 58: no improvement (2/20)
Epoch 59/200, Batch 100, Aver_Loss: 101.7084
Epoch 59/200, Batch 200, Aver_Loss: 100.9215
Epoch 59/200, Batch 300, Aver_Loss: 100.9671
Epoch 59/200, Batch 400, Aver_Loss: 103.2587
[early-stopping] Epoch 59: no improvement (3/20)
Epoch 60/200, Batch 100, Aver_Loss: 102.4610
Epoch 60/200, Batch 200, Aver_Loss: 103.3287
Epoch 60/200, Batch 300, Aver_Loss: 104.3759
Epoch 60/200, Batch 400, Aver_Loss: 103.0762
[early-stopping] Epoch 60: no improvement (4/20)
Epoch 61/200, Batch 100, Aver_Loss: 102.2164
Epoch 61/200, Batch 200, Aver_Loss: 104.0841
Epoch 61/200, Batch 300, Aver_Loss: 107.4578
Epoch 61/200, Batch 400, Aver_Loss: 103.3553
[early-stopping] Epoch 61: no improvement (5/20)
Epoch 62/200, Batch 100, Aver_Loss: 102.4182
Epoch 62/200, Batch 200, Aver_Loss: 102.1710
Epoch 62/200, Batch 300, Aver_Loss: 100.6949
Epoch 62/200, Batch 400, Aver_Loss: 101.5909
[early-stopping] Epoch 62: no improvement (6/20)
Epoch 63/200, Batch 100, Aver_Loss: 100.9588
Epoch 63/200, Batch 200, Aver_Loss: 105.3035
Epoch 63/200, Batch 300, Aver_Loss: 109.0857
Epoch 63/200, Batch 400, Aver_Loss: 98.7136
[early-stopping] Epoch 63: new best val ELBO = -102.775647
Epoch 64/200, Batch 100, Aver_Loss: 101.7546
Epoch 64/200, Batch 200, Aver_Loss: 103.8605
Epoch 64/200, Batch 300, Aver_Loss: 100.2024
Epoch 64/200, Batch 400, Aver_Loss: 102.2437
[early-stopping] Epoch 64: no improvement (1/20)
Epoch 65/200, Batch 100, Aver_Loss: 102.9584
Epoch 65/200, Batch 200, Aver_Loss: 106.2757
Epoch 65/200, Batch 300, Aver_Loss: 102.0133
Epoch 65/200, Batch 400, Aver_Loss: 102.7517
[early-stopping] Epoch 65: no improvement (2/20)
Epoch 66/200, Batch 100, Aver_Loss: 110.6271
Epoch 66/200, Batch 200, Aver_Loss: 99.3240
Epoch 66/200, Batch 300, Aver_Loss: 100.3244
Epoch 66/200, Batch 400, Aver_Loss: 104.0366
[early-stopping] Epoch 66: no improvement (3/20)
Epoch 67/200, Batch 100, Aver_Loss: 104.5587
Epoch 67/200, Batch 200, Aver_Loss: 98.8560
Epoch 67/200, Batch 300, Aver_Loss: 102.3404
Epoch 67/200, Batch 400, Aver_Loss: 103.9946
[early-stopping] Epoch 67: no improvement (4/20)
Epoch 68/200, Batch 100, Aver_Loss: 103.2950
Epoch 68/200, Batch 200, Aver_Loss: 103.9627
Epoch 68/200, Batch 300, Aver_Loss: 102.6360
Epoch 68/200, Batch 400, Aver_Loss: 104.5311
[early-stopping] Epoch 68: no improvement (5/20)
Epoch 69/200, Batch 100, Aver_Loss: 101.7410
Epoch 69/200, Batch 200, Aver_Loss: 104.5943
Epoch 69/200, Batch 300, Aver_Loss: 99.1296
Epoch 69/200, Batch 400, Aver_Loss: 100.8910
[early-stopping] Epoch 69: no improvement (6/20)
Epoch 70/200, Batch 100, Aver_Loss: 99.3294
Epoch 70/200, Batch 200, Aver_Loss: 102.2285
Epoch 70/200, Batch 300, Aver_Loss: 98.8785
Epoch 70/200, Batch 400, Aver_Loss: 102.9230
[early-stopping] Epoch 70: no improvement (7/20)
Epoch 71/200, Batch 100, Aver_Loss: 100.8931
Epoch 71/200, Batch 200, Aver_Loss: 102.6613
Epoch 71/200, Batch 300, Aver_Loss: 103.7675
Epoch 71/200, Batch 400, Aver_Loss: 100.4434
[early-stopping] Epoch 71: new best val ELBO = -102.768385
Epoch 72/200, Batch 100, Aver_Loss: 97.3368
Epoch 72/200, Batch 200, Aver_Loss: 104.7026
Epoch 72/200, Batch 300, Aver_Loss: 101.2510
Epoch 72/200, Batch 400, Aver_Loss: 105.9302
[early-stopping] Epoch 72: no improvement (1/20)
Epoch 73/200, Batch 100, Aver_Loss: 98.6396
Epoch 73/200, Batch 200, Aver_Loss: 102.9433
Epoch 73/200, Batch 300, Aver_Loss: 104.0262
Epoch 73/200, Batch 400, Aver_Loss: 107.1117
[early-stopping] Epoch 73: new best val ELBO = -102.736480
Epoch 74/200, Batch 100, Aver_Loss: 98.9717
Epoch 74/200, Batch 200, Aver_Loss: 102.2845
Epoch 74/200, Batch 300, Aver_Loss: 102.2032
Epoch 74/200, Batch 400, Aver_Loss: 101.6503
[early-stopping] Epoch 74: no improvement (1/20)
Epoch 75/200, Batch 100, Aver_Loss: 98.0626
Epoch 75/200, Batch 200, Aver_Loss: 103.2057
Epoch 75/200, Batch 300, Aver_Loss: 99.1014
Epoch 75/200, Batch 400, Aver_Loss: 100.4744
[early-stopping] Epoch 75: new best val ELBO = -102.659869
Epoch 76/200, Batch 100, Aver_Loss: 101.4535
Epoch 76/200, Batch 200, Aver_Loss: 103.8474
Epoch 76/200, Batch 300, Aver_Loss: 98.3247
Epoch 76/200, Batch 400, Aver_Loss: 102.2400
[early-stopping] Epoch 76: no improvement (1/20)
Epoch 77/200, Batch 100, Aver_Loss: 101.8322
Epoch 77/200, Batch 200, Aver_Loss: 101.0496
Epoch 77/200, Batch 300, Aver_Loss: 103.1282
Epoch 77/200, Batch 400, Aver_Loss: 102.8481
[early-stopping] Epoch 77: no improvement (2/20)
Epoch 78/200, Batch 100, Aver_Loss: 102.0973
Epoch 78/200, Batch 200, Aver_Loss: 101.3698
Epoch 78/200, Batch 300, Aver_Loss: 102.9458
Epoch 78/200, Batch 400, Aver_Loss: 103.1260
[early-stopping] Epoch 78: no improvement (3/20)
Epoch 79/200, Batch 100, Aver_Loss: 100.3442
Epoch 79/200, Batch 200, Aver_Loss: 104.7329
Epoch 79/200, Batch 300, Aver_Loss: 106.5953
Epoch 79/200, Batch 400, Aver_Loss: 102.0341
[early-stopping] Epoch 79: no improvement (4/20)
Epoch 80/200, Batch 100, Aver_Loss: 102.0309
Epoch 80/200, Batch 200, Aver_Loss: 102.3750
Epoch 80/200, Batch 300, Aver_Loss: 105.5530
Epoch 80/200, Batch 400, Aver_Loss: 101.9166
[early-stopping] Epoch 80: new best val ELBO = -102.538633
Epoch 81/200, Batch 100, Aver_Loss: 104.6953
Epoch 81/200, Batch 200, Aver_Loss: 102.6212
Epoch 81/200, Batch 300, Aver_Loss: 99.7413
Epoch 81/200, Batch 400, Aver_Loss: 107.1753
[early-stopping] Epoch 81: no improvement (1/20)
Epoch 82/200, Batch 100, Aver_Loss: 102.3194
Epoch 82/200, Batch 200, Aver_Loss: 101.3400
Epoch 82/200, Batch 300, Aver_Loss: 103.5177
Epoch 82/200, Batch 400, Aver_Loss: 102.7016
[early-stopping] Epoch 82: no improvement (2/20)
Epoch 83/200, Batch 100, Aver_Loss: 99.3144
Epoch 83/200, Batch 200, Aver_Loss: 97.7382
Epoch 83/200, Batch 300, Aver_Loss: 99.9956
Epoch 83/200, Batch 400, Aver_Loss: 103.1080
[early-stopping] Epoch 83: no improvement (3/20)
Epoch 84/200, Batch 100, Aver_Loss: 102.9965
Epoch 84/200, Batch 200, Aver_Loss: 98.5039
Epoch 84/200, Batch 300, Aver_Loss: 104.7271
Epoch 84/200, Batch 400, Aver_Loss: 101.7940
[early-stopping] Epoch 84: new best val ELBO = -102.511038
Epoch 85/200, Batch 100, Aver_Loss: 99.0589
Epoch 85/200, Batch 200, Aver_Loss: 101.6562
Epoch 85/200, Batch 300, Aver_Loss: 99.7117
Epoch 85/200, Batch 400, Aver_Loss: 102.0517
[early-stopping] Epoch 85: no improvement (1/20)
Epoch 86/200, Batch 100, Aver_Loss: 103.1888
Epoch 86/200, Batch 200, Aver_Loss: 99.4924
Epoch 86/200, Batch 300, Aver_Loss: 101.6735
Epoch 86/200, Batch 400, Aver_Loss: 103.4390
[early-stopping] Epoch 86: new best val ELBO = -102.457110
Epoch 87/200, Batch 100, Aver_Loss: 100.0486
Epoch 87/200, Batch 200, Aver_Loss: 102.3146
Epoch 87/200, Batch 300, Aver_Loss: 99.4484
Epoch 87/200, Batch 400, Aver_Loss: 100.5666
[early-stopping] Epoch 87: no improvement (1/20)
Epoch 88/200, Batch 100, Aver_Loss: 99.3404
Epoch 88/200, Batch 200, Aver_Loss: 103.9304
Epoch 88/200, Batch 300, Aver_Loss: 105.9788
Epoch 88/200, Batch 400, Aver_Loss: 99.2060
[early-stopping] Epoch 88: no improvement (2/20)
Epoch 89/200, Batch 100, Aver_Loss: 104.3840
Epoch 89/200, Batch 200, Aver_Loss: 105.4812
Epoch 89/200, Batch 300, Aver_Loss: 103.4643
Epoch 89/200, Batch 400, Aver_Loss: 104.8420
[early-stopping] Epoch 89: no improvement (3/20)
Epoch 90/200, Batch 100, Aver_Loss: 101.9341
Epoch 90/200, Batch 200, Aver_Loss: 106.1662
Epoch 90/200, Batch 300, Aver_Loss: 102.6743
Epoch 90/200, Batch 400, Aver_Loss: 103.2604
[early-stopping] Epoch 90: no improvement (4/20)
Epoch 91/200, Batch 100, Aver_Loss: 103.3072
Epoch 91/200, Batch 200, Aver_Loss: 98.0047
Epoch 91/200, Batch 300, Aver_Loss: 102.1786
Epoch 91/200, Batch 400, Aver_Loss: 99.3403
[early-stopping] Epoch 91: no improvement (5/20)
Epoch 92/200, Batch 100, Aver_Loss: 99.4538
Epoch 92/200, Batch 200, Aver_Loss: 103.8701
Epoch 92/200, Batch 300, Aver_Loss: 99.5532
Epoch 92/200, Batch 400, Aver_Loss: 98.0210
[early-stopping] Epoch 92: no improvement (6/20)
Epoch 93/200, Batch 100, Aver_Loss: 98.4542
Epoch 93/200, Batch 200, Aver_Loss: 101.4815
Epoch 93/200, Batch 300, Aver_Loss: 99.8260
Epoch 93/200, Batch 400, Aver_Loss: 106.2126
[early-stopping] Epoch 93: new best val ELBO = -102.404511
Epoch 94/200, Batch 100, Aver_Loss: 102.3413
Epoch 94/200, Batch 200, Aver_Loss: 105.9109
Epoch 94/200, Batch 300, Aver_Loss: 104.0911
Epoch 94/200, Batch 400, Aver_Loss: 99.2186
[early-stopping] Epoch 94: no improvement (1/20)
Epoch 95/200, Batch 100, Aver_Loss: 102.4834
Epoch 95/200, Batch 200, Aver_Loss: 105.0173
Epoch 95/200, Batch 300, Aver_Loss: 101.3349
Epoch 95/200, Batch 400, Aver_Loss: 102.9577
[early-stopping] Epoch 95: new best val ELBO = -102.253279
Epoch 96/200, Batch 100, Aver_Loss: 95.7371
Epoch 96/200, Batch 200, Aver_Loss: 100.6213
Epoch 96/200, Batch 300, Aver_Loss: 104.8585
Epoch 96/200, Batch 400, Aver_Loss: 106.0860
[early-stopping] Epoch 96: no improvement (1/20)
Epoch 97/200, Batch 100, Aver_Loss: 106.4335
Epoch 97/200, Batch 200, Aver_Loss: 99.4620
Epoch 97/200, Batch 300, Aver_Loss: 100.3770
Epoch 97/200, Batch 400, Aver_Loss: 100.5279
[early-stopping] Epoch 97: no improvement (2/20)
Epoch 98/200, Batch 100, Aver_Loss: 101.6402
Epoch 98/200, Batch 200, Aver_Loss: 101.8146
Epoch 98/200, Batch 300, Aver_Loss: 99.0342
Epoch 98/200, Batch 400, Aver_Loss: 102.4410
[early-stopping] Epoch 98: new best val ELBO = -102.126828
Epoch 99/200, Batch 100, Aver_Loss: 104.8905
Epoch 99/200, Batch 200, Aver_Loss: 100.8827
Epoch 99/200, Batch 300, Aver_Loss: 101.1106
Epoch 99/200, Batch 400, Aver_Loss: 104.1418
[early-stopping] Epoch 99: no improvement (1/20)
Epoch 100/200, Batch 100, Aver_Loss: 104.0092
Epoch 100/200, Batch 200, Aver_Loss: 99.1955
Epoch 100/200, Batch 300, Aver_Loss: 103.8148
Epoch 100/200, Batch 400, Aver_Loss: 100.7912
[early-stopping] Epoch 100: no improvement (2/20)
Epoch 101/200, Batch 100, Aver_Loss: 108.0590
Epoch 101/200, Batch 200, Aver_Loss: 100.7215
Epoch 101/200, Batch 300, Aver_Loss: 105.0575
Epoch 101/200, Batch 400, Aver_Loss: 102.8555
[early-stopping] Epoch 101: no improvement (3/20)
Epoch 102/200, Batch 100, Aver_Loss: 101.4608
Epoch 102/200, Batch 200, Aver_Loss: 97.0799
Epoch 102/200, Batch 300, Aver_Loss: 103.2909
Epoch 102/200, Batch 400, Aver_Loss: 99.0590
[early-stopping] Epoch 102: no improvement (4/20)
Epoch 103/200, Batch 100, Aver_Loss: 101.0625
Epoch 103/200, Batch 200, Aver_Loss: 102.3490
Epoch 103/200, Batch 300, Aver_Loss: 105.2916
Epoch 103/200, Batch 400, Aver_Loss: 97.4605
[early-stopping] Epoch 103: no improvement (5/20)
Epoch 104/200, Batch 100, Aver_Loss: 99.4480
Epoch 104/200, Batch 200, Aver_Loss: 98.1420
Epoch 104/200, Batch 300, Aver_Loss: 96.1277
Epoch 104/200, Batch 400, Aver_Loss: 103.8581
[early-stopping] Epoch 104: no improvement (6/20)
Epoch 105/200, Batch 100, Aver_Loss: 99.5657
Epoch 105/200, Batch 200, Aver_Loss: 99.2168
Epoch 105/200, Batch 300, Aver_Loss: 105.3793
Epoch 105/200, Batch 400, Aver_Loss: 99.5663
[early-stopping] Epoch 105: no improvement (7/20)
Epoch 106/200, Batch 100, Aver_Loss: 105.9576
Epoch 106/200, Batch 200, Aver_Loss: 103.1534
Epoch 106/200, Batch 300, Aver_Loss: 102.1365
Epoch 106/200, Batch 400, Aver_Loss: 101.1094
[early-stopping] Epoch 106: no improvement (8/20)
Epoch 107/200, Batch 100, Aver_Loss: 103.7468
Epoch 107/200, Batch 200, Aver_Loss: 98.2253
Epoch 107/200, Batch 300, Aver_Loss: 98.4008
Epoch 107/200, Batch 400, Aver_Loss: 104.4413
[early-stopping] Epoch 107: no improvement (9/20)
Epoch 108/200, Batch 100, Aver_Loss: 100.4244
Epoch 108/200, Batch 200, Aver_Loss: 100.6878
Epoch 108/200, Batch 300, Aver_Loss: 106.4299
Epoch 108/200, Batch 400, Aver_Loss: 100.3850
[early-stopping] Epoch 108: no improvement (10/20)
Epoch 109/200, Batch 100, Aver_Loss: 101.8306
Epoch 109/200, Batch 200, Aver_Loss: 104.2176
Epoch 109/200, Batch 300, Aver_Loss: 102.2430
Epoch 109/200, Batch 400, Aver_Loss: 102.9016
[early-stopping] Epoch 109: no improvement (11/20)
Epoch 110/200, Batch 100, Aver_Loss: 103.1786
Epoch 110/200, Batch 200, Aver_Loss: 98.2539
Epoch 110/200, Batch 300, Aver_Loss: 99.8906
Epoch 110/200, Batch 400, Aver_Loss: 100.6527
[early-stopping] Epoch 110: no improvement (12/20)
Epoch 111/200, Batch 100, Aver_Loss: 100.4571
Epoch 111/200, Batch 200, Aver_Loss: 104.2183
Epoch 111/200, Batch 300, Aver_Loss: 103.0880
Epoch 111/200, Batch 400, Aver_Loss: 99.4129
[early-stopping] Epoch 111: no improvement (13/20)
Epoch 112/200, Batch 100, Aver_Loss: 103.8809
Epoch 112/200, Batch 200, Aver_Loss: 101.1288
Epoch 112/200, Batch 300, Aver_Loss: 106.5967
Epoch 112/200, Batch 400, Aver_Loss: 106.1665
[early-stopping] Epoch 112: no improvement (14/20)
Epoch 113/200, Batch 100, Aver_Loss: 98.9113
Epoch 113/200, Batch 200, Aver_Loss: 99.0868
Epoch 113/200, Batch 300, Aver_Loss: 99.9324
Epoch 113/200, Batch 400, Aver_Loss: 104.1385
[early-stopping] Epoch 113: no improvement (15/20)
Epoch 114/200, Batch 100, Aver_Loss: 96.3831
Epoch 114/200, Batch 200, Aver_Loss: 103.5758
Epoch 114/200, Batch 300, Aver_Loss: 99.6753
Epoch 114/200, Batch 400, Aver_Loss: 100.7242
[early-stopping] Epoch 114: no improvement (16/20)
Epoch 115/200, Batch 100, Aver_Loss: 104.7777
Epoch 115/200, Batch 200, Aver_Loss: 101.6390
Epoch 115/200, Batch 300, Aver_Loss: 99.6332
Epoch 115/200, Batch 400, Aver_Loss: 99.0967
[early-stopping] Epoch 115: new best val ELBO = -102.098537
Epoch 116/200, Batch 100, Aver_Loss: 101.4651
Epoch 116/200, Batch 200, Aver_Loss: 97.5130
Epoch 116/200, Batch 300, Aver_Loss: 100.6729
Epoch 116/200, Batch 400, Aver_Loss: 101.8289
[early-stopping] Epoch 116: no improvement (1/20)
Epoch 117/200, Batch 100, Aver_Loss: 106.0006
Epoch 117/200, Batch 200, Aver_Loss: 103.0729
Epoch 117/200, Batch 300, Aver_Loss: 100.2046
Epoch 117/200, Batch 400, Aver_Loss: 95.9610
[early-stopping] Epoch 117: new best val ELBO = -101.973720
Epoch 118/200, Batch 100, Aver_Loss: 102.2871
Epoch 118/200, Batch 200, Aver_Loss: 104.4392
Epoch 118/200, Batch 300, Aver_Loss: 105.3159
Epoch 118/200, Batch 400, Aver_Loss: 103.7005
[early-stopping] Epoch 118: no improvement (1/20)
Epoch 119/200, Batch 100, Aver_Loss: 99.1779
Epoch 119/200, Batch 200, Aver_Loss: 107.3284
Epoch 119/200, Batch 300, Aver_Loss: 99.2470
Epoch 119/200, Batch 400, Aver_Loss: 100.8585
[early-stopping] Epoch 119: no improvement (2/20)
Epoch 120/200, Batch 100, Aver_Loss: 101.2793
Epoch 120/200, Batch 200, Aver_Loss: 102.1703
Epoch 120/200, Batch 300, Aver_Loss: 100.9985
Epoch 120/200, Batch 400, Aver_Loss: 107.6659
[early-stopping] Epoch 120: no improvement (3/20)
Epoch 121/200, Batch 100, Aver_Loss: 104.8986
Epoch 121/200, Batch 200, Aver_Loss: 98.7150
Epoch 121/200, Batch 300, Aver_Loss: 102.6321
Epoch 121/200, Batch 400, Aver_Loss: 107.0954
[early-stopping] Epoch 121: new best val ELBO = -101.895865
Epoch 122/200, Batch 100, Aver_Loss: 96.3984
Epoch 122/200, Batch 200, Aver_Loss: 96.5594
Epoch 122/200, Batch 300, Aver_Loss: 103.7174
Epoch 122/200, Batch 400, Aver_Loss: 99.4491
[early-stopping] Epoch 122: no improvement (1/20)
Epoch 123/200, Batch 100, Aver_Loss: 98.3760
Epoch 123/200, Batch 200, Aver_Loss: 101.5216
Epoch 123/200, Batch 300, Aver_Loss: 103.6428
Epoch 123/200, Batch 400, Aver_Loss: 101.4016
[early-stopping] Epoch 123: no improvement (2/20)
Epoch 124/200, Batch 100, Aver_Loss: 102.4274
Epoch 124/200, Batch 200, Aver_Loss: 98.6963
Epoch 124/200, Batch 300, Aver_Loss: 105.9774
Epoch 124/200, Batch 400, Aver_Loss: 103.2489
[early-stopping] Epoch 124: no improvement (3/20)
Epoch 125/200, Batch 100, Aver_Loss: 101.8856
Epoch 125/200, Batch 200, Aver_Loss: 105.1603
Epoch 125/200, Batch 300, Aver_Loss: 96.9335
Epoch 125/200, Batch 400, Aver_Loss: 103.8993
[early-stopping] Epoch 125: no improvement (4/20)
Epoch 126/200, Batch 100, Aver_Loss: 99.6556
Epoch 126/200, Batch 200, Aver_Loss: 103.1661
Epoch 126/200, Batch 300, Aver_Loss: 102.5551
Epoch 126/200, Batch 400, Aver_Loss: 97.4109
[early-stopping] Epoch 126: no improvement (5/20)
Epoch 127/200, Batch 100, Aver_Loss: 102.1927
Epoch 127/200, Batch 200, Aver_Loss: 99.3865
Epoch 127/200, Batch 300, Aver_Loss: 100.9944
Epoch 127/200, Batch 400, Aver_Loss: 103.4753
[early-stopping] Epoch 127: no improvement (6/20)
Epoch 128/200, Batch 100, Aver_Loss: 101.6534
Epoch 128/200, Batch 200, Aver_Loss: 98.9321
Epoch 128/200, Batch 300, Aver_Loss: 100.8371
Epoch 128/200, Batch 400, Aver_Loss: 103.1235
[early-stopping] Epoch 128: no improvement (7/20)
Epoch 129/200, Batch 100, Aver_Loss: 101.5555
Epoch 129/200, Batch 200, Aver_Loss: 100.4828
Epoch 129/200, Batch 300, Aver_Loss: 99.2689
Epoch 129/200, Batch 400, Aver_Loss: 100.1202
[early-stopping] Epoch 129: new best val ELBO = -101.790635
Epoch 130/200, Batch 100, Aver_Loss: 100.4799
Epoch 130/200, Batch 200, Aver_Loss: 98.7239
Epoch 130/200, Batch 300, Aver_Loss: 99.1779
Epoch 130/200, Batch 400, Aver_Loss: 99.3607
[early-stopping] Epoch 130: no improvement (1/20)
Epoch 131/200, Batch 100, Aver_Loss: 105.8011
Epoch 131/200, Batch 200, Aver_Loss: 106.0208
Epoch 131/200, Batch 300, Aver_Loss: 100.7836
Epoch 131/200, Batch 400, Aver_Loss: 99.6919
[early-stopping] Epoch 131: no improvement (2/20)
Epoch 132/200, Batch 100, Aver_Loss: 104.7965
Epoch 132/200, Batch 200, Aver_Loss: 102.9862
Epoch 132/200, Batch 300, Aver_Loss: 102.2644
Epoch 132/200, Batch 400, Aver_Loss: 104.3288
[early-stopping] Epoch 132: no improvement (3/20)
Epoch 133/200, Batch 100, Aver_Loss: 106.5609
Epoch 133/200, Batch 200, Aver_Loss: 105.9867
Epoch 133/200, Batch 300, Aver_Loss: 99.2995
Epoch 133/200, Batch 400, Aver_Loss: 105.6005
[early-stopping] Epoch 133: no improvement (4/20)
Epoch 134/200, Batch 100, Aver_Loss: 99.3443
Epoch 134/200, Batch 200, Aver_Loss: 102.9436
Epoch 134/200, Batch 300, Aver_Loss: 98.6189
Epoch 134/200, Batch 400, Aver_Loss: 99.1353
[early-stopping] Epoch 134: new best val ELBO = -101.755934
Epoch 135/200, Batch 100, Aver_Loss: 103.1332
Epoch 135/200, Batch 200, Aver_Loss: 100.3793
Epoch 135/200, Batch 300, Aver_Loss: 100.9489
Epoch 135/200, Batch 400, Aver_Loss: 100.9231
[early-stopping] Epoch 135: no improvement (1/20)
Epoch 136/200, Batch 100, Aver_Loss: 100.1115
Epoch 136/200, Batch 200, Aver_Loss: 102.3895
Epoch 136/200, Batch 300, Aver_Loss: 102.7419
Epoch 136/200, Batch 400, Aver_Loss: 95.0046
[early-stopping] Epoch 136: no improvement (2/20)
Epoch 137/200, Batch 100, Aver_Loss: 99.2647
Epoch 137/200, Batch 200, Aver_Loss: 101.3120
Epoch 137/200, Batch 300, Aver_Loss: 101.8173
Epoch 137/200, Batch 400, Aver_Loss: 102.0850
[early-stopping] Epoch 137: no improvement (3/20)
Epoch 138/200, Batch 100, Aver_Loss: 106.5949
Epoch 138/200, Batch 200, Aver_Loss: 100.3566
Epoch 138/200, Batch 300, Aver_Loss: 99.7284
Epoch 138/200, Batch 400, Aver_Loss: 99.2213
[early-stopping] Epoch 138: no improvement (4/20)
Epoch 139/200, Batch 100, Aver_Loss: 98.3526
Epoch 139/200, Batch 200, Aver_Loss: 101.0861
Epoch 139/200, Batch 300, Aver_Loss: 97.4591
Epoch 139/200, Batch 400, Aver_Loss: 104.4347
[early-stopping] Epoch 139: no improvement (5/20)
Epoch 140/200, Batch 100, Aver_Loss: 100.9192
Epoch 140/200, Batch 200, Aver_Loss: 100.9736
Epoch 140/200, Batch 300, Aver_Loss: 103.0089
Epoch 140/200, Batch 400, Aver_Loss: 100.5209
[early-stopping] Epoch 140: new best val ELBO = -101.661231
Epoch 141/200, Batch 100, Aver_Loss: 105.5607
Epoch 141/200, Batch 200, Aver_Loss: 93.5069
Epoch 141/200, Batch 300, Aver_Loss: 104.0233
Epoch 141/200, Batch 400, Aver_Loss: 103.9221
[early-stopping] Epoch 141: new best val ELBO = -101.615137
Epoch 142/200, Batch 100, Aver_Loss: 99.7566
Epoch 142/200, Batch 200, Aver_Loss: 99.9244
Epoch 142/200, Batch 300, Aver_Loss: 100.6953
Epoch 142/200, Batch 400, Aver_Loss: 99.2575
[early-stopping] Epoch 142: no improvement (1/20)
Epoch 143/200, Batch 100, Aver_Loss: 98.9796
Epoch 143/200, Batch 200, Aver_Loss: 102.2350
Epoch 143/200, Batch 300, Aver_Loss: 105.6028
Epoch 143/200, Batch 400, Aver_Loss: 98.9429
[early-stopping] Epoch 143: no improvement (2/20)
Epoch 144/200, Batch 100, Aver_Loss: 101.7944
Epoch 144/200, Batch 200, Aver_Loss: 102.5614
Epoch 144/200, Batch 300, Aver_Loss: 102.9905
Epoch 144/200, Batch 400, Aver_Loss: 100.8859
[early-stopping] Epoch 144: no improvement (3/20)
Epoch 145/200, Batch 100, Aver_Loss: 96.1091
Epoch 145/200, Batch 200, Aver_Loss: 99.1447
Epoch 145/200, Batch 300, Aver_Loss: 100.3129
Epoch 145/200, Batch 400, Aver_Loss: 98.6484
[early-stopping] Epoch 145: no improvement (4/20)
Epoch 146/200, Batch 100, Aver_Loss: 94.5847
Epoch 146/200, Batch 200, Aver_Loss: 99.5969
Epoch 146/200, Batch 300, Aver_Loss: 103.1830
Epoch 146/200, Batch 400, Aver_Loss: 105.1710
[early-stopping] Epoch 146: no improvement (5/20)
Epoch 147/200, Batch 100, Aver_Loss: 103.4934
Epoch 147/200, Batch 200, Aver_Loss: 101.1802
Epoch 147/200, Batch 300, Aver_Loss: 99.6551
Epoch 147/200, Batch 400, Aver_Loss: 98.4240
[early-stopping] Epoch 147: no improvement (6/20)
Epoch 148/200, Batch 100, Aver_Loss: 101.3987
Epoch 148/200, Batch 200, Aver_Loss: 102.7338
Epoch 148/200, Batch 300, Aver_Loss: 101.7663
Epoch 148/200, Batch 400, Aver_Loss: 101.6033
[early-stopping] Epoch 148: no improvement (7/20)
Epoch 149/200, Batch 100, Aver_Loss: 102.1258
Epoch 149/200, Batch 200, Aver_Loss: 95.8759
Epoch 149/200, Batch 300, Aver_Loss: 99.4483
Epoch 149/200, Batch 400, Aver_Loss: 100.0871
[early-stopping] Epoch 149: no improvement (8/20)
Epoch 150/200, Batch 100, Aver_Loss: 105.5380
Epoch 150/200, Batch 200, Aver_Loss: 100.8893
Epoch 150/200, Batch 300, Aver_Loss: 101.8980
Epoch 150/200, Batch 400, Aver_Loss: 100.5553
[early-stopping] Epoch 150: no improvement (9/20)
Epoch 151/200, Batch 100, Aver_Loss: 99.5645
Epoch 151/200, Batch 200, Aver_Loss: 101.3734
Epoch 151/200, Batch 300, Aver_Loss: 99.4332
Epoch 151/200, Batch 400, Aver_Loss: 102.7253
[early-stopping] Epoch 151: no improvement (10/20)
Epoch 152/200, Batch 100, Aver_Loss: 100.6243
Epoch 152/200, Batch 200, Aver_Loss: 100.7258
Epoch 152/200, Batch 300, Aver_Loss: 98.3015
Epoch 152/200, Batch 400, Aver_Loss: 100.0319
[early-stopping] Epoch 152: no improvement (11/20)
Epoch 153/200, Batch 100, Aver_Loss: 100.8240
Epoch 153/200, Batch 200, Aver_Loss: 104.4548
Epoch 153/200, Batch 300, Aver_Loss: 99.1951
Epoch 153/200, Batch 400, Aver_Loss: 95.0578
[early-stopping] Epoch 153: no improvement (12/20)
Epoch 154/200, Batch 100, Aver_Loss: 100.5588
Epoch 154/200, Batch 200, Aver_Loss: 100.3179
Epoch 154/200, Batch 300, Aver_Loss: 105.3812
Epoch 154/200, Batch 400, Aver_Loss: 95.4672
[early-stopping] Epoch 154: no improvement (13/20)
Epoch 155/200, Batch 100, Aver_Loss: 99.7404
Epoch 155/200, Batch 200, Aver_Loss: 101.1224
Epoch 155/200, Batch 300, Aver_Loss: 103.0866
Epoch 155/200, Batch 400, Aver_Loss: 102.9767
[early-stopping] Epoch 155: no improvement (14/20)
Epoch 156/200, Batch 100, Aver_Loss: 101.4986
Epoch 156/200, Batch 200, Aver_Loss: 101.2021
Epoch 156/200, Batch 300, Aver_Loss: 98.6309
Epoch 156/200, Batch 400, Aver_Loss: 102.3787
[early-stopping] Epoch 156: new best val ELBO = -101.600836
Epoch 157/200, Batch 100, Aver_Loss: 95.8007
Epoch 157/200, Batch 200, Aver_Loss: 103.8427
Epoch 157/200, Batch 300, Aver_Loss: 102.6324
Epoch 157/200, Batch 400, Aver_Loss: 102.7894
[early-stopping] Epoch 157: no improvement (1/20)
Epoch 158/200, Batch 100, Aver_Loss: 103.3807
Epoch 158/200, Batch 200, Aver_Loss: 103.5694
Epoch 158/200, Batch 300, Aver_Loss: 99.8919
Epoch 158/200, Batch 400, Aver_Loss: 101.4331
[early-stopping] Epoch 158: new best val ELBO = -101.550371
Epoch 159/200, Batch 100, Aver_Loss: 102.2509
Epoch 159/200, Batch 200, Aver_Loss: 98.1071
Epoch 159/200, Batch 300, Aver_Loss: 100.3914
Epoch 159/200, Batch 400, Aver_Loss: 102.6795
[early-stopping] Epoch 159: new best val ELBO = -101.520482
Epoch 160/200, Batch 100, Aver_Loss: 103.0847
Epoch 160/200, Batch 200, Aver_Loss: 99.2927
Epoch 160/200, Batch 300, Aver_Loss: 102.9822
Epoch 160/200, Batch 400, Aver_Loss: 100.4256
[early-stopping] Epoch 160: no improvement (1/20)
Epoch 161/200, Batch 100, Aver_Loss: 101.1026
Epoch 161/200, Batch 200, Aver_Loss: 105.2437
Epoch 161/200, Batch 300, Aver_Loss: 104.0649
Epoch 161/200, Batch 400, Aver_Loss: 101.4282
[early-stopping] Epoch 161: no improvement (2/20)
Epoch 162/200, Batch 100, Aver_Loss: 102.0265
Epoch 162/200, Batch 200, Aver_Loss: 99.5021
Epoch 162/200, Batch 300, Aver_Loss: 102.6334
Epoch 162/200, Batch 400, Aver_Loss: 103.3128
[early-stopping] Epoch 162: new best val ELBO = -101.382921
Epoch 163/200, Batch 100, Aver_Loss: 106.8337
Epoch 163/200, Batch 200, Aver_Loss: 105.3924
Epoch 163/200, Batch 300, Aver_Loss: 105.2267
Epoch 163/200, Batch 400, Aver_Loss: 104.2128
[early-stopping] Epoch 163: no improvement (1/20)
Epoch 164/200, Batch 100, Aver_Loss: 102.7374
Epoch 164/200, Batch 200, Aver_Loss: 102.1450
Epoch 164/200, Batch 300, Aver_Loss: 100.7782
Epoch 164/200, Batch 400, Aver_Loss: 98.6119
[early-stopping] Epoch 164: no improvement (2/20)
Epoch 165/200, Batch 100, Aver_Loss: 102.6791
Epoch 165/200, Batch 200, Aver_Loss: 98.8426
Epoch 165/200, Batch 300, Aver_Loss: 96.9269
Epoch 165/200, Batch 400, Aver_Loss: 98.7927
[early-stopping] Epoch 165: no improvement (3/20)
Epoch 166/200, Batch 100, Aver_Loss: 103.9500
Epoch 166/200, Batch 200, Aver_Loss: 102.0886
Epoch 166/200, Batch 300, Aver_Loss: 103.8242
Epoch 166/200, Batch 400, Aver_Loss: 100.8309
[early-stopping] Epoch 166: no improvement (4/20)
Epoch 167/200, Batch 100, Aver_Loss: 105.2860
Epoch 167/200, Batch 200, Aver_Loss: 97.0516
Epoch 167/200, Batch 300, Aver_Loss: 102.2701
Epoch 167/200, Batch 400, Aver_Loss: 98.1680
[early-stopping] Epoch 167: no improvement (5/20)
Epoch 168/200, Batch 100, Aver_Loss: 98.1202
Epoch 168/200, Batch 200, Aver_Loss: 100.6792
Epoch 168/200, Batch 300, Aver_Loss: 98.1449
Epoch 168/200, Batch 400, Aver_Loss: 101.9935
[early-stopping] Epoch 168: no improvement (6/20)
Epoch 169/200, Batch 100, Aver_Loss: 96.7013
Epoch 169/200, Batch 200, Aver_Loss: 101.0851
Epoch 169/200, Batch 300, Aver_Loss: 100.9308
Epoch 169/200, Batch 400, Aver_Loss: 100.6334
[early-stopping] Epoch 169: no improvement (7/20)
Epoch 170/200, Batch 100, Aver_Loss: 102.6340
Epoch 170/200, Batch 200, Aver_Loss: 103.0623
Epoch 170/200, Batch 300, Aver_Loss: 101.1966
Epoch 170/200, Batch 400, Aver_Loss: 97.2165
[early-stopping] Epoch 170: new best val ELBO = -101.338685
Epoch 171/200, Batch 100, Aver_Loss: 100.2386
Epoch 171/200, Batch 200, Aver_Loss: 102.6233
Epoch 171/200, Batch 300, Aver_Loss: 100.8638
Epoch 171/200, Batch 400, Aver_Loss: 101.0398
[early-stopping] Epoch 171: no improvement (1/20)
Epoch 172/200, Batch 100, Aver_Loss: 96.7686
Epoch 172/200, Batch 200, Aver_Loss: 108.7431
Epoch 172/200, Batch 300, Aver_Loss: 104.5153
Epoch 172/200, Batch 400, Aver_Loss: 100.6611
[early-stopping] Epoch 172: no improvement (2/20)
Epoch 173/200, Batch 100, Aver_Loss: 101.7201
Epoch 173/200, Batch 200, Aver_Loss: 102.6721
Epoch 173/200, Batch 300, Aver_Loss: 104.4831
Epoch 173/200, Batch 400, Aver_Loss: 99.0466
[early-stopping] Epoch 173: no improvement (3/20)
Epoch 174/200, Batch 100, Aver_Loss: 100.7607
Epoch 174/200, Batch 200, Aver_Loss: 99.6097
Epoch 174/200, Batch 300, Aver_Loss: 98.2174
Epoch 174/200, Batch 400, Aver_Loss: 101.3376
[early-stopping] Epoch 174: no improvement (4/20)
Epoch 175/200, Batch 100, Aver_Loss: 102.3623
Epoch 175/200, Batch 200, Aver_Loss: 99.3005
Epoch 175/200, Batch 300, Aver_Loss: 103.0417
Epoch 175/200, Batch 400, Aver_Loss: 102.9476
[early-stopping] Epoch 175: no improvement (5/20)
Epoch 176/200, Batch 100, Aver_Loss: 100.4410
Epoch 176/200, Batch 200, Aver_Loss: 99.6626
Epoch 176/200, Batch 300, Aver_Loss: 105.8486
Epoch 176/200, Batch 400, Aver_Loss: 102.8321
[early-stopping] Epoch 176: no improvement (6/20)
Epoch 177/200, Batch 100, Aver_Loss: 101.7133
Epoch 177/200, Batch 200, Aver_Loss: 101.2724
Epoch 177/200, Batch 300, Aver_Loss: 98.9005
Epoch 177/200, Batch 400, Aver_Loss: 98.5125
[early-stopping] Epoch 177: no improvement (7/20)
Epoch 178/200, Batch 100, Aver_Loss: 100.2576
Epoch 178/200, Batch 200, Aver_Loss: 100.8547
Epoch 178/200, Batch 300, Aver_Loss: 101.9896
Epoch 178/200, Batch 400, Aver_Loss: 100.4253
[early-stopping] Epoch 178: no improvement (8/20)
Epoch 179/200, Batch 100, Aver_Loss: 102.3237
Epoch 179/200, Batch 200, Aver_Loss: 103.9521
Epoch 179/200, Batch 300, Aver_Loss: 98.4185
Epoch 179/200, Batch 400, Aver_Loss: 96.1583
[early-stopping] Epoch 179: no improvement (9/20)
Epoch 180/200, Batch 100, Aver_Loss: 102.1030
Epoch 180/200, Batch 200, Aver_Loss: 102.8734
Epoch 180/200, Batch 300, Aver_Loss: 99.5532
Epoch 180/200, Batch 400, Aver_Loss: 102.2650
[early-stopping] Epoch 180: no improvement (10/20)
Epoch 181/200, Batch 100, Aver_Loss: 99.6690
Epoch 181/200, Batch 200, Aver_Loss: 98.2566
Epoch 181/200, Batch 300, Aver_Loss: 105.4586
Epoch 181/200, Batch 400, Aver_Loss: 97.0543
[early-stopping] Epoch 181: no improvement (11/20)
Epoch 182/200, Batch 100, Aver_Loss: 101.6531
Epoch 182/200, Batch 200, Aver_Loss: 98.6242
Epoch 182/200, Batch 300, Aver_Loss: 96.7853
Epoch 182/200, Batch 400, Aver_Loss: 97.6879
[early-stopping] Epoch 182: no improvement (12/20)
Epoch 183/200, Batch 100, Aver_Loss: 101.4980
Epoch 183/200, Batch 200, Aver_Loss: 103.1149
Epoch 183/200, Batch 300, Aver_Loss: 101.5846
Epoch 183/200, Batch 400, Aver_Loss: 97.4689
[early-stopping] Epoch 183: no improvement (13/20)
Epoch 184/200, Batch 100, Aver_Loss: 100.3554
Epoch 184/200, Batch 200, Aver_Loss: 102.9459
Epoch 184/200, Batch 300, Aver_Loss: 102.5114
Epoch 184/200, Batch 400, Aver_Loss: 102.3894
[early-stopping] Epoch 184: no improvement (14/20)
Epoch 185/200, Batch 100, Aver_Loss: 98.4995
Epoch 185/200, Batch 200, Aver_Loss: 97.9220
Epoch 185/200, Batch 300, Aver_Loss: 102.6393
Epoch 185/200, Batch 400, Aver_Loss: 106.6818
[early-stopping] Epoch 185: no improvement (15/20)
Epoch 186/200, Batch 100, Aver_Loss: 104.4615
Epoch 186/200, Batch 200, Aver_Loss: 99.9256
Epoch 186/200, Batch 300, Aver_Loss: 98.3424
Epoch 186/200, Batch 400, Aver_Loss: 99.8356
[early-stopping] Epoch 186: no improvement (16/20)
Epoch 187/200, Batch 100, Aver_Loss: 100.4561
Epoch 187/200, Batch 200, Aver_Loss: 99.5275
Epoch 187/200, Batch 300, Aver_Loss: 100.1022
Epoch 187/200, Batch 400, Aver_Loss: 101.7119
[early-stopping] Epoch 187: no improvement (17/20)
Epoch 188/200, Batch 100, Aver_Loss: 96.9325
Epoch 188/200, Batch 200, Aver_Loss: 103.0375
Epoch 188/200, Batch 300, Aver_Loss: 98.2671
Epoch 188/200, Batch 400, Aver_Loss: 103.8741
[early-stopping] Epoch 188: no improvement (18/20)
Epoch 189/200, Batch 100, Aver_Loss: 102.5979
Epoch 189/200, Batch 200, Aver_Loss: 102.8896
Epoch 189/200, Batch 300, Aver_Loss: 102.0111
Epoch 189/200, Batch 400, Aver_Loss: 98.7102
[early-stopping] Epoch 189: no improvement (19/20)
Epoch 190/200, Batch 100, Aver_Loss: 97.7552
Epoch 190/200, Batch 200, Aver_Loss: 101.8407
Epoch 190/200, Batch 300, Aver_Loss: 100.4261
Epoch 190/200, Batch 400, Aver_Loss: 98.0877
[early-stopping] Epoch 190: no improvement (20/20)
[early-stopping] Patience reached. Stopping at epoch 190. Best epoch: 170, best val ELBO: -101.338685
[early-stopping] Loaded best model from epoch 170 (val ELBO = -101.338685)
[checkpoint] Saved best model to: trained_parameters/mnist_basic_zdim32_VAE.pkl
[saved curves] ./results/MNIST_BASIC/curves/mnist_basic_vae_d32_s777.json

==== Evaluation Summary ====
                 model: vae
   recon/mse_per_pixel: 0.011301
            elbo/train: -100.291788
             elbo/test: -101.292034
             mse/train: 0.010757
              mse/test: 0.011301
             probe/acc: 0.914120
             probe/nll: 0.287924
           probe/brier: 0.130567
             probe/ece: 0.017068
           cluster/nmi: 0.601383
           cluster/ari: 0.535816
============================

