/usr/bin/which: no fi_info in (/arf/home/meyavuz/.local/bin:/arf/sw/comp/python/intelpython3/condabin:/arf/sw/comp/python/intelpython3/bin:/usr/share/Modules/bin:/usr/local/bin:/usr/bin:/usr/local/sbin:/usr/sbin)
Extension for Scikit-learn* enabled (https://github.com/uxlfoundation/scikit-learn-intelex)
/arf/home/meyavuz/.conda/envs/sbn/lib/python3.9/site-packages/sklearn/linear_model/_logistic.py:1247: FutureWarning: 'multi_class' was deprecated in version 1.5 and will be removed in 1.7. From then on, it will always use 'multinomial'. Leave it to its default value to avoid this warning.
  warnings.warn(
Epoch 1/200, Batch 100, Aver_Loss: 533.2518
Epoch 1/200, Batch 200, Aver_Loss: 531.4286
Epoch 1/200, Batch 300, Aver_Loss: 528.7550
Epoch 1/200, Batch 400, Aver_Loss: 526.4305
[early-stopping] Epoch 1: new best val ELBO = -527.815668
Epoch 2/200, Batch 100, Aver_Loss: 528.4294
Epoch 2/200, Batch 200, Aver_Loss: 527.8738
Epoch 2/200, Batch 300, Aver_Loss: 526.7018
Epoch 2/200, Batch 400, Aver_Loss: 527.0763
[early-stopping] Epoch 2: new best val ELBO = -527.244311
Epoch 3/200, Batch 100, Aver_Loss: 528.4336
Epoch 3/200, Batch 200, Aver_Loss: 525.4818
Epoch 3/200, Batch 300, Aver_Loss: 528.5079
Epoch 3/200, Batch 400, Aver_Loss: 529.9822
[early-stopping] Epoch 3: new best val ELBO = -527.033907
Epoch 4/200, Batch 100, Aver_Loss: 526.4962
Epoch 4/200, Batch 200, Aver_Loss: 525.0927
Epoch 4/200, Batch 300, Aver_Loss: 527.0027
Epoch 4/200, Batch 400, Aver_Loss: 526.5605
[early-stopping] Epoch 4: new best val ELBO = -526.872355
Epoch 5/200, Batch 100, Aver_Loss: 527.5793
Epoch 5/200, Batch 200, Aver_Loss: 525.9538
Epoch 5/200, Batch 300, Aver_Loss: 525.6264
Epoch 5/200, Batch 400, Aver_Loss: 525.0730
[early-stopping] Epoch 5: new best val ELBO = -526.781122
Epoch 6/200, Batch 100, Aver_Loss: 528.0124
Epoch 6/200, Batch 200, Aver_Loss: 527.3833
Epoch 6/200, Batch 300, Aver_Loss: 525.4256
Epoch 6/200, Batch 400, Aver_Loss: 526.2971
[early-stopping] Epoch 6: new best val ELBO = -526.771517
Epoch 7/200, Batch 100, Aver_Loss: 528.8334
Epoch 7/200, Batch 200, Aver_Loss: 526.5751
Epoch 7/200, Batch 300, Aver_Loss: 525.6785
Epoch 7/200, Batch 400, Aver_Loss: 527.1801
[early-stopping] Epoch 7: new best val ELBO = -526.714852
Epoch 8/200, Batch 100, Aver_Loss: 526.2729
Epoch 8/200, Batch 200, Aver_Loss: 525.7947
Epoch 8/200, Batch 300, Aver_Loss: 527.0134
Epoch 8/200, Batch 400, Aver_Loss: 528.1157
[early-stopping] Epoch 8: new best val ELBO = -526.595137
Epoch 9/200, Batch 100, Aver_Loss: 525.3885
Epoch 9/200, Batch 200, Aver_Loss: 526.8637
Epoch 9/200, Batch 300, Aver_Loss: 527.6902
Epoch 9/200, Batch 400, Aver_Loss: 527.9692
[early-stopping] Epoch 9: new best val ELBO = -526.389309
Epoch 10/200, Batch 100, Aver_Loss: 526.3494
Epoch 10/200, Batch 200, Aver_Loss: 526.6899
Epoch 10/200, Batch 300, Aver_Loss: 524.2808
Epoch 10/200, Batch 400, Aver_Loss: 524.7910
[early-stopping] Epoch 10: new best val ELBO = -526.336026
Epoch 11/200, Batch 100, Aver_Loss: 524.2986
Epoch 11/200, Batch 200, Aver_Loss: 526.2263
Epoch 11/200, Batch 300, Aver_Loss: 525.1840
Epoch 11/200, Batch 400, Aver_Loss: 525.8171
[early-stopping] Epoch 11: new best val ELBO = -526.290271
Epoch 12/200, Batch 100, Aver_Loss: 526.2744
Epoch 12/200, Batch 200, Aver_Loss: 525.4553
Epoch 12/200, Batch 300, Aver_Loss: 527.4326
Epoch 12/200, Batch 400, Aver_Loss: 526.7028
[early-stopping] Epoch 12: new best val ELBO = -526.062219
Epoch 13/200, Batch 100, Aver_Loss: 525.9322
Epoch 13/200, Batch 200, Aver_Loss: 524.2536
Epoch 13/200, Batch 300, Aver_Loss: 527.1750
Epoch 13/200, Batch 400, Aver_Loss: 524.8231
[early-stopping] Epoch 13: new best val ELBO = -525.906539
Epoch 14/200, Batch 100, Aver_Loss: 525.7722
Epoch 14/200, Batch 200, Aver_Loss: 524.1974
Epoch 14/200, Batch 300, Aver_Loss: 526.2266
Epoch 14/200, Batch 400, Aver_Loss: 524.1689
[early-stopping] Epoch 14: new best val ELBO = -525.849303
Epoch 15/200, Batch 100, Aver_Loss: 523.7559
Epoch 15/200, Batch 200, Aver_Loss: 525.5171
Epoch 15/200, Batch 300, Aver_Loss: 527.5347
Epoch 15/200, Batch 400, Aver_Loss: 524.8380
[early-stopping] Epoch 15: new best val ELBO = -525.730517
Epoch 16/200, Batch 100, Aver_Loss: 524.8911
Epoch 16/200, Batch 200, Aver_Loss: 525.7842
Epoch 16/200, Batch 300, Aver_Loss: 523.3720
Epoch 16/200, Batch 400, Aver_Loss: 524.9186
[early-stopping] Epoch 16: new best val ELBO = -525.601099
Epoch 17/200, Batch 100, Aver_Loss: 527.7980
Epoch 17/200, Batch 200, Aver_Loss: 522.0049
Epoch 17/200, Batch 300, Aver_Loss: 526.7283
Epoch 17/200, Batch 400, Aver_Loss: 523.4634
[early-stopping] Epoch 17: no improvement (1/20)
Epoch 18/200, Batch 100, Aver_Loss: 525.4998
Epoch 18/200, Batch 200, Aver_Loss: 524.3703
Epoch 18/200, Batch 300, Aver_Loss: 527.6924
Epoch 18/200, Batch 400, Aver_Loss: 524.3434
[early-stopping] Epoch 18: new best val ELBO = -525.531061
Epoch 19/200, Batch 100, Aver_Loss: 526.8556
Epoch 19/200, Batch 200, Aver_Loss: 525.4728
Epoch 19/200, Batch 300, Aver_Loss: 527.1632
Epoch 19/200, Batch 400, Aver_Loss: 524.5646
[early-stopping] Epoch 19: new best val ELBO = -525.413273
Epoch 20/200, Batch 100, Aver_Loss: 526.1788
Epoch 20/200, Batch 200, Aver_Loss: 525.3589
Epoch 20/200, Batch 300, Aver_Loss: 525.1226
Epoch 20/200, Batch 400, Aver_Loss: 523.0765
[early-stopping] Epoch 20: new best val ELBO = -525.347649
Epoch 21/200, Batch 100, Aver_Loss: 525.5509
Epoch 21/200, Batch 200, Aver_Loss: 522.8264
Epoch 21/200, Batch 300, Aver_Loss: 525.8518
Epoch 21/200, Batch 400, Aver_Loss: 524.2300
[early-stopping] Epoch 21: new best val ELBO = -525.245013
Epoch 22/200, Batch 100, Aver_Loss: 521.3872
Epoch 22/200, Batch 200, Aver_Loss: 527.2240
Epoch 22/200, Batch 300, Aver_Loss: 524.9293
Epoch 22/200, Batch 400, Aver_Loss: 525.6938
[early-stopping] Epoch 22: new best val ELBO = -525.214627
Epoch 23/200, Batch 100, Aver_Loss: 524.8082
Epoch 23/200, Batch 200, Aver_Loss: 526.0920
Epoch 23/200, Batch 300, Aver_Loss: 525.3991
Epoch 23/200, Batch 400, Aver_Loss: 523.2855
[early-stopping] Epoch 23: new best val ELBO = -525.188756
Epoch 24/200, Batch 100, Aver_Loss: 523.8783
Epoch 24/200, Batch 200, Aver_Loss: 525.4372
Epoch 24/200, Batch 300, Aver_Loss: 528.9273
Epoch 24/200, Batch 400, Aver_Loss: 523.3499
[early-stopping] Epoch 24: new best val ELBO = -525.143182
Epoch 25/200, Batch 100, Aver_Loss: 524.9511
Epoch 25/200, Batch 200, Aver_Loss: 527.1277
Epoch 25/200, Batch 300, Aver_Loss: 523.4516
Epoch 25/200, Batch 400, Aver_Loss: 525.7578
[early-stopping] Epoch 25: new best val ELBO = -525.135147
Epoch 26/200, Batch 100, Aver_Loss: 525.4216
Epoch 26/200, Batch 200, Aver_Loss: 521.5750
Epoch 26/200, Batch 300, Aver_Loss: 526.6550
Epoch 26/200, Batch 400, Aver_Loss: 525.7476
[early-stopping] Epoch 26: new best val ELBO = -525.030903
Epoch 27/200, Batch 100, Aver_Loss: 524.6331
Epoch 27/200, Batch 200, Aver_Loss: 524.8372
Epoch 27/200, Batch 300, Aver_Loss: 526.6378
Epoch 27/200, Batch 400, Aver_Loss: 525.4980
[early-stopping] Epoch 27: new best val ELBO = -525.016700
Epoch 28/200, Batch 100, Aver_Loss: 524.5595
Epoch 28/200, Batch 200, Aver_Loss: 523.5760
Epoch 28/200, Batch 300, Aver_Loss: 525.1462
Epoch 28/200, Batch 400, Aver_Loss: 525.8327
[early-stopping] Epoch 28: new best val ELBO = -524.973059
Epoch 29/200, Batch 100, Aver_Loss: 524.2172
Epoch 29/200, Batch 200, Aver_Loss: 523.3298
Epoch 29/200, Batch 300, Aver_Loss: 524.3718
Epoch 29/200, Batch 400, Aver_Loss: 525.3313
[early-stopping] Epoch 29: no improvement (1/20)
Epoch 30/200, Batch 100, Aver_Loss: 524.8393
Epoch 30/200, Batch 200, Aver_Loss: 526.3934
Epoch 30/200, Batch 300, Aver_Loss: 526.2299
Epoch 30/200, Batch 400, Aver_Loss: 523.6544
[early-stopping] Epoch 30: no improvement (2/20)
Epoch 31/200, Batch 100, Aver_Loss: 524.6741
Epoch 31/200, Batch 200, Aver_Loss: 526.7263
Epoch 31/200, Batch 300, Aver_Loss: 524.7247
Epoch 31/200, Batch 400, Aver_Loss: 527.1697
[early-stopping] Epoch 31: new best val ELBO = -524.909969
Epoch 32/200, Batch 100, Aver_Loss: 524.7330
Epoch 32/200, Batch 200, Aver_Loss: 525.3179
Epoch 32/200, Batch 300, Aver_Loss: 523.5947
Epoch 32/200, Batch 400, Aver_Loss: 523.5880
[early-stopping] Epoch 32: new best val ELBO = -524.904042
Epoch 33/200, Batch 100, Aver_Loss: 525.3940
Epoch 33/200, Batch 200, Aver_Loss: 523.8911
Epoch 33/200, Batch 300, Aver_Loss: 527.8008
Epoch 33/200, Batch 400, Aver_Loss: 524.4178
[early-stopping] Epoch 33: new best val ELBO = -524.854228
Epoch 34/200, Batch 100, Aver_Loss: 524.0679
Epoch 34/200, Batch 200, Aver_Loss: 525.9576
Epoch 34/200, Batch 300, Aver_Loss: 525.6163
Epoch 34/200, Batch 400, Aver_Loss: 525.0812
[early-stopping] Epoch 34: new best val ELBO = -524.767917
Epoch 35/200, Batch 100, Aver_Loss: 523.7623
Epoch 35/200, Batch 200, Aver_Loss: 525.5777
Epoch 35/200, Batch 300, Aver_Loss: 525.8779
Epoch 35/200, Batch 400, Aver_Loss: 522.2769
[early-stopping] Epoch 35: no improvement (1/20)
Epoch 36/200, Batch 100, Aver_Loss: 524.5654
Epoch 36/200, Batch 200, Aver_Loss: 526.1639
Epoch 36/200, Batch 300, Aver_Loss: 526.3277
Epoch 36/200, Batch 400, Aver_Loss: 525.1701
[early-stopping] Epoch 36: no improvement (2/20)
Epoch 37/200, Batch 100, Aver_Loss: 524.9583
Epoch 37/200, Batch 200, Aver_Loss: 523.9732
Epoch 37/200, Batch 300, Aver_Loss: 525.3199
Epoch 37/200, Batch 400, Aver_Loss: 523.8806
[early-stopping] Epoch 37: new best val ELBO = -524.744975
Epoch 38/200, Batch 100, Aver_Loss: 526.4200
Epoch 38/200, Batch 200, Aver_Loss: 523.4509
Epoch 38/200, Batch 300, Aver_Loss: 524.7631
Epoch 38/200, Batch 400, Aver_Loss: 524.6740
[early-stopping] Epoch 38: new best val ELBO = -524.714618
Epoch 39/200, Batch 100, Aver_Loss: 527.8175
Epoch 39/200, Batch 200, Aver_Loss: 524.0269
Epoch 39/200, Batch 300, Aver_Loss: 524.6039
Epoch 39/200, Batch 400, Aver_Loss: 524.8045
[early-stopping] Epoch 39: no improvement (1/20)
Epoch 40/200, Batch 100, Aver_Loss: 526.7918
Epoch 40/200, Batch 200, Aver_Loss: 524.5914
Epoch 40/200, Batch 300, Aver_Loss: 526.2042
Epoch 40/200, Batch 400, Aver_Loss: 525.6857
[early-stopping] Epoch 40: no improvement (2/20)
Epoch 41/200, Batch 100, Aver_Loss: 522.7657
Epoch 41/200, Batch 200, Aver_Loss: 524.1580
Epoch 41/200, Batch 300, Aver_Loss: 524.2713
Epoch 41/200, Batch 400, Aver_Loss: 526.5765
[early-stopping] Epoch 41: new best val ELBO = -524.646255
Epoch 42/200, Batch 100, Aver_Loss: 526.7521
Epoch 42/200, Batch 200, Aver_Loss: 525.0041
Epoch 42/200, Batch 300, Aver_Loss: 524.3041
Epoch 42/200, Batch 400, Aver_Loss: 524.1978
[early-stopping] Epoch 42: no improvement (1/20)
Epoch 43/200, Batch 100, Aver_Loss: 522.8672
Epoch 43/200, Batch 200, Aver_Loss: 525.4614
Epoch 43/200, Batch 300, Aver_Loss: 527.1586
Epoch 43/200, Batch 400, Aver_Loss: 522.7875
[early-stopping] Epoch 43: new best val ELBO = -524.625458
Epoch 44/200, Batch 100, Aver_Loss: 522.2457
Epoch 44/200, Batch 200, Aver_Loss: 523.2319
Epoch 44/200, Batch 300, Aver_Loss: 526.3978
Epoch 44/200, Batch 400, Aver_Loss: 524.9470
[early-stopping] Epoch 44: no improvement (1/20)
Epoch 45/200, Batch 100, Aver_Loss: 525.8354
Epoch 45/200, Batch 200, Aver_Loss: 523.1675
Epoch 45/200, Batch 300, Aver_Loss: 524.2546
Epoch 45/200, Batch 400, Aver_Loss: 523.4482
[early-stopping] Epoch 45: no improvement (2/20)
Epoch 46/200, Batch 100, Aver_Loss: 524.8860
Epoch 46/200, Batch 200, Aver_Loss: 525.0029
Epoch 46/200, Batch 300, Aver_Loss: 521.8989
Epoch 46/200, Batch 400, Aver_Loss: 526.4640
[early-stopping] Epoch 46: new best val ELBO = -524.522434
Epoch 47/200, Batch 100, Aver_Loss: 520.7484
Epoch 47/200, Batch 200, Aver_Loss: 521.8570
Epoch 47/200, Batch 300, Aver_Loss: 524.6185
Epoch 47/200, Batch 400, Aver_Loss: 524.7509
[early-stopping] Epoch 47: no improvement (1/20)
Epoch 48/200, Batch 100, Aver_Loss: 524.7610
Epoch 48/200, Batch 200, Aver_Loss: 524.6584
Epoch 48/200, Batch 300, Aver_Loss: 524.7785
Epoch 48/200, Batch 400, Aver_Loss: 524.4023
[early-stopping] Epoch 48: no improvement (2/20)
Epoch 49/200, Batch 100, Aver_Loss: 524.1002
Epoch 49/200, Batch 200, Aver_Loss: 523.8472
Epoch 49/200, Batch 300, Aver_Loss: 524.1099
Epoch 49/200, Batch 400, Aver_Loss: 525.4562
[early-stopping] Epoch 49: no improvement (3/20)
Epoch 50/200, Batch 100, Aver_Loss: 524.0195
Epoch 50/200, Batch 200, Aver_Loss: 525.8879
Epoch 50/200, Batch 300, Aver_Loss: 524.3310
Epoch 50/200, Batch 400, Aver_Loss: 525.2794
[early-stopping] Epoch 50: new best val ELBO = -524.471119
Epoch 51/200, Batch 100, Aver_Loss: 523.6592
Epoch 51/200, Batch 200, Aver_Loss: 524.4788
Epoch 51/200, Batch 300, Aver_Loss: 521.5297
Epoch 51/200, Batch 400, Aver_Loss: 524.7422
[early-stopping] Epoch 51: no improvement (1/20)
Epoch 52/200, Batch 100, Aver_Loss: 522.7665
Epoch 52/200, Batch 200, Aver_Loss: 525.9264
Epoch 52/200, Batch 300, Aver_Loss: 525.8779
Epoch 52/200, Batch 400, Aver_Loss: 524.3033
[early-stopping] Epoch 52: no improvement (2/20)
Epoch 53/200, Batch 100, Aver_Loss: 522.8617
Epoch 53/200, Batch 200, Aver_Loss: 523.8585
Epoch 53/200, Batch 300, Aver_Loss: 524.7452
Epoch 53/200, Batch 400, Aver_Loss: 526.4568
[early-stopping] Epoch 53: new best val ELBO = -524.430443
Epoch 54/200, Batch 100, Aver_Loss: 525.3815
Epoch 54/200, Batch 200, Aver_Loss: 522.1982
Epoch 54/200, Batch 300, Aver_Loss: 522.8951
Epoch 54/200, Batch 400, Aver_Loss: 526.3001
[early-stopping] Epoch 54: no improvement (1/20)
Epoch 55/200, Batch 100, Aver_Loss: 525.7934
Epoch 55/200, Batch 200, Aver_Loss: 524.7451
Epoch 55/200, Batch 300, Aver_Loss: 521.9250
Epoch 55/200, Batch 400, Aver_Loss: 528.2923
[early-stopping] Epoch 55: no improvement (2/20)
Epoch 56/200, Batch 100, Aver_Loss: 523.2057
Epoch 56/200, Batch 200, Aver_Loss: 523.0635
Epoch 56/200, Batch 300, Aver_Loss: 524.2709
Epoch 56/200, Batch 400, Aver_Loss: 525.7120
[early-stopping] Epoch 56: new best val ELBO = -524.416693
Epoch 57/200, Batch 100, Aver_Loss: 522.9518
Epoch 57/200, Batch 200, Aver_Loss: 524.6821
Epoch 57/200, Batch 300, Aver_Loss: 524.4406
Epoch 57/200, Batch 400, Aver_Loss: 524.3302
[early-stopping] Epoch 57: no improvement (1/20)
Epoch 58/200, Batch 100, Aver_Loss: 521.2345
Epoch 58/200, Batch 200, Aver_Loss: 525.1625
Epoch 58/200, Batch 300, Aver_Loss: 525.9325
Epoch 58/200, Batch 400, Aver_Loss: 523.8831
[early-stopping] Epoch 58: no improvement (2/20)
Epoch 59/200, Batch 100, Aver_Loss: 523.5691
Epoch 59/200, Batch 200, Aver_Loss: 526.4225
Epoch 59/200, Batch 300, Aver_Loss: 525.8664
Epoch 59/200, Batch 400, Aver_Loss: 523.1577
[early-stopping] Epoch 59: no improvement (3/20)
Epoch 60/200, Batch 100, Aver_Loss: 522.2475
Epoch 60/200, Batch 200, Aver_Loss: 527.1783
Epoch 60/200, Batch 300, Aver_Loss: 523.7838
Epoch 60/200, Batch 400, Aver_Loss: 524.1170
[early-stopping] Epoch 60: no improvement (4/20)
Epoch 61/200, Batch 100, Aver_Loss: 523.1111
Epoch 61/200, Batch 200, Aver_Loss: 524.3560
Epoch 61/200, Batch 300, Aver_Loss: 524.5943
Epoch 61/200, Batch 400, Aver_Loss: 522.4694
[early-stopping] Epoch 61: no improvement (5/20)
Epoch 62/200, Batch 100, Aver_Loss: 525.1353
Epoch 62/200, Batch 200, Aver_Loss: 524.6855
Epoch 62/200, Batch 300, Aver_Loss: 524.4585
Epoch 62/200, Batch 400, Aver_Loss: 525.3071
[early-stopping] Epoch 62: no improvement (6/20)
Epoch 63/200, Batch 100, Aver_Loss: 521.8021
Epoch 63/200, Batch 200, Aver_Loss: 523.5502
Epoch 63/200, Batch 300, Aver_Loss: 524.6349
Epoch 63/200, Batch 400, Aver_Loss: 521.7002
[early-stopping] Epoch 63: no improvement (7/20)
Epoch 64/200, Batch 100, Aver_Loss: 522.7042
Epoch 64/200, Batch 200, Aver_Loss: 523.1188
Epoch 64/200, Batch 300, Aver_Loss: 523.6512
Epoch 64/200, Batch 400, Aver_Loss: 524.5667
[early-stopping] Epoch 64: no improvement (8/20)
Epoch 65/200, Batch 100, Aver_Loss: 522.1821
Epoch 65/200, Batch 200, Aver_Loss: 524.3405
Epoch 65/200, Batch 300, Aver_Loss: 523.6198
Epoch 65/200, Batch 400, Aver_Loss: 527.2113
[early-stopping] Epoch 65: no improvement (9/20)
Epoch 66/200, Batch 100, Aver_Loss: 523.2300
Epoch 66/200, Batch 200, Aver_Loss: 526.2853
Epoch 66/200, Batch 300, Aver_Loss: 525.5086
Epoch 66/200, Batch 400, Aver_Loss: 523.3242
[early-stopping] Epoch 66: new best val ELBO = -524.408792
Epoch 67/200, Batch 100, Aver_Loss: 526.8443
Epoch 67/200, Batch 200, Aver_Loss: 520.9655
Epoch 67/200, Batch 300, Aver_Loss: 522.3847
Epoch 67/200, Batch 400, Aver_Loss: 524.0360
[early-stopping] Epoch 67: no improvement (1/20)
Epoch 68/200, Batch 100, Aver_Loss: 524.6035
Epoch 68/200, Batch 200, Aver_Loss: 522.9072
Epoch 68/200, Batch 300, Aver_Loss: 524.5390
Epoch 68/200, Batch 400, Aver_Loss: 525.5906
[early-stopping] Epoch 68: new best val ELBO = -524.404223
Epoch 69/200, Batch 100, Aver_Loss: 526.1475
Epoch 69/200, Batch 200, Aver_Loss: 525.5873
Epoch 69/200, Batch 300, Aver_Loss: 523.6427
Epoch 69/200, Batch 400, Aver_Loss: 523.0703
[early-stopping] Epoch 69: new best val ELBO = -524.332408
Epoch 70/200, Batch 100, Aver_Loss: 525.5869
Epoch 70/200, Batch 200, Aver_Loss: 525.7015
Epoch 70/200, Batch 300, Aver_Loss: 523.3281
Epoch 70/200, Batch 400, Aver_Loss: 524.5424
[early-stopping] Epoch 70: no improvement (1/20)
Epoch 71/200, Batch 100, Aver_Loss: 523.7702
Epoch 71/200, Batch 200, Aver_Loss: 526.6077
Epoch 71/200, Batch 300, Aver_Loss: 524.2098
Epoch 71/200, Batch 400, Aver_Loss: 525.0587
[early-stopping] Epoch 71: no improvement (2/20)
Epoch 72/200, Batch 100, Aver_Loss: 525.0042
Epoch 72/200, Batch 200, Aver_Loss: 523.5391
Epoch 72/200, Batch 300, Aver_Loss: 523.3344
Epoch 72/200, Batch 400, Aver_Loss: 525.5191
[early-stopping] Epoch 72: new best val ELBO = -524.299470
Epoch 73/200, Batch 100, Aver_Loss: 522.8108
Epoch 73/200, Batch 200, Aver_Loss: 525.5041
Epoch 73/200, Batch 300, Aver_Loss: 522.8571
Epoch 73/200, Batch 400, Aver_Loss: 524.7587
[early-stopping] Epoch 73: no improvement (1/20)
Epoch 74/200, Batch 100, Aver_Loss: 522.6810
Epoch 74/200, Batch 200, Aver_Loss: 523.3987
Epoch 74/200, Batch 300, Aver_Loss: 525.2787
Epoch 74/200, Batch 400, Aver_Loss: 523.0523
[early-stopping] Epoch 74: no improvement (2/20)
Epoch 75/200, Batch 100, Aver_Loss: 526.1415
Epoch 75/200, Batch 200, Aver_Loss: 524.9898
Epoch 75/200, Batch 300, Aver_Loss: 523.3843
Epoch 75/200, Batch 400, Aver_Loss: 523.6735
[early-stopping] Epoch 75: no improvement (3/20)
Epoch 76/200, Batch 100, Aver_Loss: 520.8113
Epoch 76/200, Batch 200, Aver_Loss: 524.4316
Epoch 76/200, Batch 300, Aver_Loss: 524.4846
Epoch 76/200, Batch 400, Aver_Loss: 524.4662
[early-stopping] Epoch 76: no improvement (4/20)
Epoch 77/200, Batch 100, Aver_Loss: 524.2031
Epoch 77/200, Batch 200, Aver_Loss: 523.8580
Epoch 77/200, Batch 300, Aver_Loss: 521.9894
Epoch 77/200, Batch 400, Aver_Loss: 523.2609
[early-stopping] Epoch 77: no improvement (5/20)
Epoch 78/200, Batch 100, Aver_Loss: 524.3008
Epoch 78/200, Batch 200, Aver_Loss: 526.3591
Epoch 78/200, Batch 300, Aver_Loss: 523.9827
Epoch 78/200, Batch 400, Aver_Loss: 525.0856
[early-stopping] Epoch 78: no improvement (6/20)
Epoch 79/200, Batch 100, Aver_Loss: 521.4965
Epoch 79/200, Batch 200, Aver_Loss: 522.0922
Epoch 79/200, Batch 300, Aver_Loss: 524.5781
Epoch 79/200, Batch 400, Aver_Loss: 522.2883
[early-stopping] Epoch 79: no improvement (7/20)
Epoch 80/200, Batch 100, Aver_Loss: 522.4899
Epoch 80/200, Batch 200, Aver_Loss: 525.9239
Epoch 80/200, Batch 300, Aver_Loss: 521.2995
Epoch 80/200, Batch 400, Aver_Loss: 527.2119
[early-stopping] Epoch 80: no improvement (8/20)
Epoch 81/200, Batch 100, Aver_Loss: 524.5590
Epoch 81/200, Batch 200, Aver_Loss: 524.8224
Epoch 81/200, Batch 300, Aver_Loss: 523.8311
Epoch 81/200, Batch 400, Aver_Loss: 526.5928
[early-stopping] Epoch 81: no improvement (9/20)
Epoch 82/200, Batch 100, Aver_Loss: 523.1151
Epoch 82/200, Batch 200, Aver_Loss: 525.3232
Epoch 82/200, Batch 300, Aver_Loss: 522.1581
Epoch 82/200, Batch 400, Aver_Loss: 524.1389
[early-stopping] Epoch 82: no improvement (10/20)
Epoch 83/200, Batch 100, Aver_Loss: 523.2120
Epoch 83/200, Batch 200, Aver_Loss: 525.9156
Epoch 83/200, Batch 300, Aver_Loss: 522.0688
Epoch 83/200, Batch 400, Aver_Loss: 523.9827
[early-stopping] Epoch 83: no improvement (11/20)
Epoch 84/200, Batch 100, Aver_Loss: 525.8288
Epoch 84/200, Batch 200, Aver_Loss: 522.8291
Epoch 84/200, Batch 300, Aver_Loss: 523.3976
Epoch 84/200, Batch 400, Aver_Loss: 525.8528
[early-stopping] Epoch 84: no improvement (12/20)
Epoch 85/200, Batch 100, Aver_Loss: 523.6313
Epoch 85/200, Batch 200, Aver_Loss: 522.2101
Epoch 85/200, Batch 300, Aver_Loss: 523.3386
Epoch 85/200, Batch 400, Aver_Loss: 526.6622
[early-stopping] Epoch 85: new best val ELBO = -524.293193
Epoch 86/200, Batch 100, Aver_Loss: 523.9327
Epoch 86/200, Batch 200, Aver_Loss: 528.2015
Epoch 86/200, Batch 300, Aver_Loss: 522.2377
Epoch 86/200, Batch 400, Aver_Loss: 523.1361
[early-stopping] Epoch 86: no improvement (1/20)
Epoch 87/200, Batch 100, Aver_Loss: 524.2117
Epoch 87/200, Batch 200, Aver_Loss: 526.3276
Epoch 87/200, Batch 300, Aver_Loss: 522.0279
Epoch 87/200, Batch 400, Aver_Loss: 522.4418
[early-stopping] Epoch 87: no improvement (2/20)
Epoch 88/200, Batch 100, Aver_Loss: 525.2672
Epoch 88/200, Batch 200, Aver_Loss: 526.4692
Epoch 88/200, Batch 300, Aver_Loss: 524.4161
Epoch 88/200, Batch 400, Aver_Loss: 525.8713
[early-stopping] Epoch 88: new best val ELBO = -524.283401
Epoch 89/200, Batch 100, Aver_Loss: 524.8530
Epoch 89/200, Batch 200, Aver_Loss: 523.4888
Epoch 89/200, Batch 300, Aver_Loss: 524.0248
Epoch 89/200, Batch 400, Aver_Loss: 524.0594
[early-stopping] Epoch 89: no improvement (1/20)
Epoch 90/200, Batch 100, Aver_Loss: 521.0558
Epoch 90/200, Batch 200, Aver_Loss: 524.7228
Epoch 90/200, Batch 300, Aver_Loss: 522.7679
Epoch 90/200, Batch 400, Aver_Loss: 522.2828
[early-stopping] Epoch 90: no improvement (2/20)
Epoch 91/200, Batch 100, Aver_Loss: 525.3898
Epoch 91/200, Batch 200, Aver_Loss: 524.8332
Epoch 91/200, Batch 300, Aver_Loss: 525.0781
Epoch 91/200, Batch 400, Aver_Loss: 523.0332
[early-stopping] Epoch 91: no improvement (3/20)
Epoch 92/200, Batch 100, Aver_Loss: 524.7281
Epoch 92/200, Batch 200, Aver_Loss: 524.3740
Epoch 92/200, Batch 300, Aver_Loss: 522.9824
Epoch 92/200, Batch 400, Aver_Loss: 526.4641
[early-stopping] Epoch 92: no improvement (4/20)
Epoch 93/200, Batch 100, Aver_Loss: 527.3914
Epoch 93/200, Batch 200, Aver_Loss: 524.7820
Epoch 93/200, Batch 300, Aver_Loss: 524.5318
Epoch 93/200, Batch 400, Aver_Loss: 524.7645
[early-stopping] Epoch 93: no improvement (5/20)
Epoch 94/200, Batch 100, Aver_Loss: 525.0814
Epoch 94/200, Batch 200, Aver_Loss: 524.5475
Epoch 94/200, Batch 300, Aver_Loss: 523.0579
Epoch 94/200, Batch 400, Aver_Loss: 524.8789
[early-stopping] Epoch 94: new best val ELBO = -524.213469
Epoch 95/200, Batch 100, Aver_Loss: 522.4541
Epoch 95/200, Batch 200, Aver_Loss: 523.2829
Epoch 95/200, Batch 300, Aver_Loss: 524.2003
Epoch 95/200, Batch 400, Aver_Loss: 525.4966
[early-stopping] Epoch 95: no improvement (1/20)
Epoch 96/200, Batch 100, Aver_Loss: 524.0975
Epoch 96/200, Batch 200, Aver_Loss: 522.9166
Epoch 96/200, Batch 300, Aver_Loss: 524.9412
Epoch 96/200, Batch 400, Aver_Loss: 526.6541
[early-stopping] Epoch 96: no improvement (2/20)
Epoch 97/200, Batch 100, Aver_Loss: 525.5690
Epoch 97/200, Batch 200, Aver_Loss: 521.2141
Epoch 97/200, Batch 300, Aver_Loss: 523.5849
Epoch 97/200, Batch 400, Aver_Loss: 523.7134
[early-stopping] Epoch 97: no improvement (3/20)
Epoch 98/200, Batch 100, Aver_Loss: 520.9846
Epoch 98/200, Batch 200, Aver_Loss: 523.2367
Epoch 98/200, Batch 300, Aver_Loss: 525.1497
Epoch 98/200, Batch 400, Aver_Loss: 522.7747
[early-stopping] Epoch 98: no improvement (4/20)
Epoch 99/200, Batch 100, Aver_Loss: 523.8581
Epoch 99/200, Batch 200, Aver_Loss: 523.7589
Epoch 99/200, Batch 300, Aver_Loss: 522.0353
Epoch 99/200, Batch 400, Aver_Loss: 527.8928
[early-stopping] Epoch 99: no improvement (5/20)
Epoch 100/200, Batch 100, Aver_Loss: 524.1355
Epoch 100/200, Batch 200, Aver_Loss: 526.0999
Epoch 100/200, Batch 300, Aver_Loss: 522.6288
Epoch 100/200, Batch 400, Aver_Loss: 525.0709
[early-stopping] Epoch 100: no improvement (6/20)
Epoch 101/200, Batch 100, Aver_Loss: 522.6827
Epoch 101/200, Batch 200, Aver_Loss: 526.8539
Epoch 101/200, Batch 300, Aver_Loss: 524.1384
Epoch 101/200, Batch 400, Aver_Loss: 527.4166
[early-stopping] Epoch 101: new best val ELBO = -524.182944
Epoch 102/200, Batch 100, Aver_Loss: 523.2230
Epoch 102/200, Batch 200, Aver_Loss: 523.4471
Epoch 102/200, Batch 300, Aver_Loss: 524.8314
Epoch 102/200, Batch 400, Aver_Loss: 525.4423
[early-stopping] Epoch 102: no improvement (1/20)
Epoch 103/200, Batch 100, Aver_Loss: 523.7151
Epoch 103/200, Batch 200, Aver_Loss: 526.4346
Epoch 103/200, Batch 300, Aver_Loss: 522.7313
Epoch 103/200, Batch 400, Aver_Loss: 525.7292
[early-stopping] Epoch 103: no improvement (2/20)
Epoch 104/200, Batch 100, Aver_Loss: 521.9438
Epoch 104/200, Batch 200, Aver_Loss: 523.4845
Epoch 104/200, Batch 300, Aver_Loss: 522.7422
Epoch 104/200, Batch 400, Aver_Loss: 522.3854
[early-stopping] Epoch 104: no improvement (3/20)
Epoch 105/200, Batch 100, Aver_Loss: 521.8434
Epoch 105/200, Batch 200, Aver_Loss: 524.2620
Epoch 105/200, Batch 300, Aver_Loss: 525.9562
Epoch 105/200, Batch 400, Aver_Loss: 527.7551
[early-stopping] Epoch 105: no improvement (4/20)
Epoch 106/200, Batch 100, Aver_Loss: 522.2691
Epoch 106/200, Batch 200, Aver_Loss: 522.3880
Epoch 106/200, Batch 300, Aver_Loss: 523.4518
Epoch 106/200, Batch 400, Aver_Loss: 521.8848
[early-stopping] Epoch 106: no improvement (5/20)
Epoch 107/200, Batch 100, Aver_Loss: 522.8708
Epoch 107/200, Batch 200, Aver_Loss: 524.2639
Epoch 107/200, Batch 300, Aver_Loss: 521.8217
Epoch 107/200, Batch 400, Aver_Loss: 524.8981
[early-stopping] Epoch 107: no improvement (6/20)
Epoch 108/200, Batch 100, Aver_Loss: 524.8228
Epoch 108/200, Batch 200, Aver_Loss: 523.9975
Epoch 108/200, Batch 300, Aver_Loss: 523.8776
Epoch 108/200, Batch 400, Aver_Loss: 525.9342
[early-stopping] Epoch 108: no improvement (7/20)
Epoch 109/200, Batch 100, Aver_Loss: 523.9205
Epoch 109/200, Batch 200, Aver_Loss: 522.8458
Epoch 109/200, Batch 300, Aver_Loss: 525.1843
Epoch 109/200, Batch 400, Aver_Loss: 523.5198
[early-stopping] Epoch 109: no improvement (8/20)
Epoch 110/200, Batch 100, Aver_Loss: 522.6859
Epoch 110/200, Batch 200, Aver_Loss: 525.9172
Epoch 110/200, Batch 300, Aver_Loss: 525.3732
Epoch 110/200, Batch 400, Aver_Loss: 523.3499
[early-stopping] Epoch 110: no improvement (9/20)
Epoch 111/200, Batch 100, Aver_Loss: 524.0620
Epoch 111/200, Batch 200, Aver_Loss: 525.8772
Epoch 111/200, Batch 300, Aver_Loss: 523.0032
Epoch 111/200, Batch 400, Aver_Loss: 524.4541
[early-stopping] Epoch 111: no improvement (10/20)
Epoch 112/200, Batch 100, Aver_Loss: 525.1786
Epoch 112/200, Batch 200, Aver_Loss: 522.7338
Epoch 112/200, Batch 300, Aver_Loss: 524.9731
Epoch 112/200, Batch 400, Aver_Loss: 520.6754
[early-stopping] Epoch 112: new best val ELBO = -524.168423
Epoch 113/200, Batch 100, Aver_Loss: 525.2849
Epoch 113/200, Batch 200, Aver_Loss: 525.8138
Epoch 113/200, Batch 300, Aver_Loss: 525.1284
Epoch 113/200, Batch 400, Aver_Loss: 523.2891
[early-stopping] Epoch 113: no improvement (1/20)
Epoch 114/200, Batch 100, Aver_Loss: 524.0762
Epoch 114/200, Batch 200, Aver_Loss: 521.8105
Epoch 114/200, Batch 300, Aver_Loss: 525.4244
Epoch 114/200, Batch 400, Aver_Loss: 525.3686
[early-stopping] Epoch 114: no improvement (2/20)
Epoch 115/200, Batch 100, Aver_Loss: 522.3317
Epoch 115/200, Batch 200, Aver_Loss: 523.8671
Epoch 115/200, Batch 300, Aver_Loss: 521.7597
Epoch 115/200, Batch 400, Aver_Loss: 521.9200
[early-stopping] Epoch 115: no improvement (3/20)
Epoch 116/200, Batch 100, Aver_Loss: 524.1938
Epoch 116/200, Batch 200, Aver_Loss: 522.5059
Epoch 116/200, Batch 300, Aver_Loss: 523.9614
Epoch 116/200, Batch 400, Aver_Loss: 523.5527
[early-stopping] Epoch 116: no improvement (4/20)
Epoch 117/200, Batch 100, Aver_Loss: 525.6266
Epoch 117/200, Batch 200, Aver_Loss: 525.3307
Epoch 117/200, Batch 300, Aver_Loss: 524.5788
Epoch 117/200, Batch 400, Aver_Loss: 522.1707
[early-stopping] Epoch 117: no improvement (5/20)
Epoch 118/200, Batch 100, Aver_Loss: 525.6215
Epoch 118/200, Batch 200, Aver_Loss: 526.2744
Epoch 118/200, Batch 300, Aver_Loss: 526.0673
Epoch 118/200, Batch 400, Aver_Loss: 524.7331
[early-stopping] Epoch 118: no improvement (6/20)
Epoch 119/200, Batch 100, Aver_Loss: 524.7136
Epoch 119/200, Batch 200, Aver_Loss: 523.1013
Epoch 119/200, Batch 300, Aver_Loss: 525.4579
Epoch 119/200, Batch 400, Aver_Loss: 524.3974
[early-stopping] Epoch 119: no improvement (7/20)
Epoch 120/200, Batch 100, Aver_Loss: 523.4519
Epoch 120/200, Batch 200, Aver_Loss: 524.0477
Epoch 120/200, Batch 300, Aver_Loss: 523.1386
Epoch 120/200, Batch 400, Aver_Loss: 524.7213
[early-stopping] Epoch 120: no improvement (8/20)
Epoch 121/200, Batch 100, Aver_Loss: 522.9360
Epoch 121/200, Batch 200, Aver_Loss: 525.9916
Epoch 121/200, Batch 300, Aver_Loss: 524.8339
Epoch 121/200, Batch 400, Aver_Loss: 524.0782
[early-stopping] Epoch 121: no improvement (9/20)
Epoch 122/200, Batch 100, Aver_Loss: 522.4965
Epoch 122/200, Batch 200, Aver_Loss: 524.1367
Epoch 122/200, Batch 300, Aver_Loss: 523.0661
Epoch 122/200, Batch 400, Aver_Loss: 522.2109
[early-stopping] Epoch 122: no improvement (10/20)
Epoch 123/200, Batch 100, Aver_Loss: 524.2641
Epoch 123/200, Batch 200, Aver_Loss: 524.1417
Epoch 123/200, Batch 300, Aver_Loss: 524.5273
Epoch 123/200, Batch 400, Aver_Loss: 525.7498
[early-stopping] Epoch 123: no improvement (11/20)
Epoch 124/200, Batch 100, Aver_Loss: 524.3829
Epoch 124/200, Batch 200, Aver_Loss: 522.2080
Epoch 124/200, Batch 300, Aver_Loss: 524.9099
Epoch 124/200, Batch 400, Aver_Loss: 523.5810
[early-stopping] Epoch 124: new best val ELBO = -524.131291
Epoch 125/200, Batch 100, Aver_Loss: 524.7211
Epoch 125/200, Batch 200, Aver_Loss: 523.7487
Epoch 125/200, Batch 300, Aver_Loss: 524.1213
Epoch 125/200, Batch 400, Aver_Loss: 524.7553
[early-stopping] Epoch 125: no improvement (1/20)
Epoch 126/200, Batch 100, Aver_Loss: 525.6959
Epoch 126/200, Batch 200, Aver_Loss: 525.3181
Epoch 126/200, Batch 300, Aver_Loss: 523.3917
Epoch 126/200, Batch 400, Aver_Loss: 522.9437
[early-stopping] Epoch 126: new best val ELBO = -524.120616
Epoch 127/200, Batch 100, Aver_Loss: 524.9307
Epoch 127/200, Batch 200, Aver_Loss: 522.5037
Epoch 127/200, Batch 300, Aver_Loss: 522.1495
Epoch 127/200, Batch 400, Aver_Loss: 522.8630
[early-stopping] Epoch 127: no improvement (1/20)
Epoch 128/200, Batch 100, Aver_Loss: 524.9764
Epoch 128/200, Batch 200, Aver_Loss: 523.5623
Epoch 128/200, Batch 300, Aver_Loss: 520.1058
Epoch 128/200, Batch 400, Aver_Loss: 523.5710
[early-stopping] Epoch 128: no improvement (2/20)
Epoch 129/200, Batch 100, Aver_Loss: 524.7084
Epoch 129/200, Batch 200, Aver_Loss: 525.1984
Epoch 129/200, Batch 300, Aver_Loss: 524.7831
Epoch 129/200, Batch 400, Aver_Loss: 524.5930
[early-stopping] Epoch 129: no improvement (3/20)
Epoch 130/200, Batch 100, Aver_Loss: 526.1068
Epoch 130/200, Batch 200, Aver_Loss: 523.0906
Epoch 130/200, Batch 300, Aver_Loss: 524.6324
Epoch 130/200, Batch 400, Aver_Loss: 522.6638
[early-stopping] Epoch 130: no improvement (4/20)
Epoch 131/200, Batch 100, Aver_Loss: 525.0810
Epoch 131/200, Batch 200, Aver_Loss: 523.6902
Epoch 131/200, Batch 300, Aver_Loss: 521.0369
Epoch 131/200, Batch 400, Aver_Loss: 524.6238
[early-stopping] Epoch 131: no improvement (5/20)
Epoch 132/200, Batch 100, Aver_Loss: 523.5165
Epoch 132/200, Batch 200, Aver_Loss: 525.0230
Epoch 132/200, Batch 300, Aver_Loss: 523.3032
Epoch 132/200, Batch 400, Aver_Loss: 522.3115
[early-stopping] Epoch 132: no improvement (6/20)
Epoch 133/200, Batch 100, Aver_Loss: 524.6132
Epoch 133/200, Batch 200, Aver_Loss: 524.4158
Epoch 133/200, Batch 300, Aver_Loss: 522.1431
Epoch 133/200, Batch 400, Aver_Loss: 524.0280
[early-stopping] Epoch 133: new best val ELBO = -524.081414
Epoch 134/200, Batch 100, Aver_Loss: 520.0864
Epoch 134/200, Batch 200, Aver_Loss: 522.4369
Epoch 134/200, Batch 300, Aver_Loss: 526.6382
Epoch 134/200, Batch 400, Aver_Loss: 527.3276
[early-stopping] Epoch 134: no improvement (1/20)
Epoch 135/200, Batch 100, Aver_Loss: 524.3174
Epoch 135/200, Batch 200, Aver_Loss: 526.5348
Epoch 135/200, Batch 300, Aver_Loss: 523.9927
Epoch 135/200, Batch 400, Aver_Loss: 525.6143
[early-stopping] Epoch 135: no improvement (2/20)
Epoch 136/200, Batch 100, Aver_Loss: 526.0551
Epoch 136/200, Batch 200, Aver_Loss: 522.4291
Epoch 136/200, Batch 300, Aver_Loss: 524.7403
Epoch 136/200, Batch 400, Aver_Loss: 524.8889
[early-stopping] Epoch 136: no improvement (3/20)
Epoch 137/200, Batch 100, Aver_Loss: 523.5059
Epoch 137/200, Batch 200, Aver_Loss: 521.7108
Epoch 137/200, Batch 300, Aver_Loss: 522.3915
Epoch 137/200, Batch 400, Aver_Loss: 522.2462
[early-stopping] Epoch 137: no improvement (4/20)
Epoch 138/200, Batch 100, Aver_Loss: 523.6017
Epoch 138/200, Batch 200, Aver_Loss: 523.2468
Epoch 138/200, Batch 300, Aver_Loss: 524.9053
Epoch 138/200, Batch 400, Aver_Loss: 524.1000
[early-stopping] Epoch 138: no improvement (5/20)
Epoch 139/200, Batch 100, Aver_Loss: 525.5424
Epoch 139/200, Batch 200, Aver_Loss: 524.5753
Epoch 139/200, Batch 300, Aver_Loss: 523.0348
Epoch 139/200, Batch 400, Aver_Loss: 522.4379
[early-stopping] Epoch 139: no improvement (6/20)
Epoch 140/200, Batch 100, Aver_Loss: 526.1743
Epoch 140/200, Batch 200, Aver_Loss: 524.0904
Epoch 140/200, Batch 300, Aver_Loss: 524.7479
Epoch 140/200, Batch 400, Aver_Loss: 525.4988
[early-stopping] Epoch 140: no improvement (7/20)
Epoch 141/200, Batch 100, Aver_Loss: 523.2451
Epoch 141/200, Batch 200, Aver_Loss: 524.7621
Epoch 141/200, Batch 300, Aver_Loss: 523.3109
Epoch 141/200, Batch 400, Aver_Loss: 522.1583
[early-stopping] Epoch 141: no improvement (8/20)
Epoch 142/200, Batch 100, Aver_Loss: 522.0759
Epoch 142/200, Batch 200, Aver_Loss: 523.4033
Epoch 142/200, Batch 300, Aver_Loss: 523.4122
Epoch 142/200, Batch 400, Aver_Loss: 524.8276
[early-stopping] Epoch 142: new best val ELBO = -524.080571
Epoch 143/200, Batch 100, Aver_Loss: 527.1248
Epoch 143/200, Batch 200, Aver_Loss: 522.8609
Epoch 143/200, Batch 300, Aver_Loss: 523.2735
Epoch 143/200, Batch 400, Aver_Loss: 521.5126
[early-stopping] Epoch 143: no improvement (1/20)
Epoch 144/200, Batch 100, Aver_Loss: 526.2526
Epoch 144/200, Batch 200, Aver_Loss: 525.4770
Epoch 144/200, Batch 300, Aver_Loss: 523.1914
Epoch 144/200, Batch 400, Aver_Loss: 522.8322
[early-stopping] Epoch 144: no improvement (2/20)
Epoch 145/200, Batch 100, Aver_Loss: 522.5678
Epoch 145/200, Batch 200, Aver_Loss: 524.4346
Epoch 145/200, Batch 300, Aver_Loss: 524.3648
Epoch 145/200, Batch 400, Aver_Loss: 523.5418
[early-stopping] Epoch 145: no improvement (3/20)
Epoch 146/200, Batch 100, Aver_Loss: 521.3403
Epoch 146/200, Batch 200, Aver_Loss: 525.1295
Epoch 146/200, Batch 300, Aver_Loss: 526.8689
Epoch 146/200, Batch 400, Aver_Loss: 523.1622
[early-stopping] Epoch 146: no improvement (4/20)
Epoch 147/200, Batch 100, Aver_Loss: 521.1882
Epoch 147/200, Batch 200, Aver_Loss: 524.3066
Epoch 147/200, Batch 300, Aver_Loss: 525.6929
Epoch 147/200, Batch 400, Aver_Loss: 521.1399
[early-stopping] Epoch 147: no improvement (5/20)
Epoch 148/200, Batch 100, Aver_Loss: 524.0714
Epoch 148/200, Batch 200, Aver_Loss: 525.5461
Epoch 148/200, Batch 300, Aver_Loss: 523.1396
Epoch 148/200, Batch 400, Aver_Loss: 524.7853
[early-stopping] Epoch 148: no improvement (6/20)
Epoch 149/200, Batch 100, Aver_Loss: 525.2515
Epoch 149/200, Batch 200, Aver_Loss: 522.9368
Epoch 149/200, Batch 300, Aver_Loss: 522.8483
Epoch 149/200, Batch 400, Aver_Loss: 523.1887
[early-stopping] Epoch 149: new best val ELBO = -524.076224
Epoch 150/200, Batch 100, Aver_Loss: 525.3984
Epoch 150/200, Batch 200, Aver_Loss: 526.0611
Epoch 150/200, Batch 300, Aver_Loss: 522.9573
Epoch 150/200, Batch 400, Aver_Loss: 524.8624
[early-stopping] Epoch 150: no improvement (1/20)
Epoch 151/200, Batch 100, Aver_Loss: 524.0847
Epoch 151/200, Batch 200, Aver_Loss: 524.0290
Epoch 151/200, Batch 300, Aver_Loss: 523.3686
Epoch 151/200, Batch 400, Aver_Loss: 524.4655
[early-stopping] Epoch 151: no improvement (2/20)
Epoch 152/200, Batch 100, Aver_Loss: 524.5573
Epoch 152/200, Batch 200, Aver_Loss: 523.4349
Epoch 152/200, Batch 300, Aver_Loss: 524.8237
Epoch 152/200, Batch 400, Aver_Loss: 520.9512
[early-stopping] Epoch 152: no improvement (3/20)
Epoch 153/200, Batch 100, Aver_Loss: 523.7529
Epoch 153/200, Batch 200, Aver_Loss: 524.0670
Epoch 153/200, Batch 300, Aver_Loss: 524.7750
Epoch 153/200, Batch 400, Aver_Loss: 525.9399
[early-stopping] Epoch 153: no improvement (4/20)
Epoch 154/200, Batch 100, Aver_Loss: 520.5796
Epoch 154/200, Batch 200, Aver_Loss: 524.7818
Epoch 154/200, Batch 300, Aver_Loss: 522.3868
Epoch 154/200, Batch 400, Aver_Loss: 525.3313
[early-stopping] Epoch 154: no improvement (5/20)
Epoch 155/200, Batch 100, Aver_Loss: 520.7070
Epoch 155/200, Batch 200, Aver_Loss: 524.8333
Epoch 155/200, Batch 300, Aver_Loss: 523.1783
Epoch 155/200, Batch 400, Aver_Loss: 525.2769
[early-stopping] Epoch 155: no improvement (6/20)
Epoch 156/200, Batch 100, Aver_Loss: 521.1777
Epoch 156/200, Batch 200, Aver_Loss: 522.8784
Epoch 156/200, Batch 300, Aver_Loss: 525.0334
Epoch 156/200, Batch 400, Aver_Loss: 522.6564
[early-stopping] Epoch 156: new best val ELBO = -524.029117
Epoch 157/200, Batch 100, Aver_Loss: 526.1340
Epoch 157/200, Batch 200, Aver_Loss: 523.8505
Epoch 157/200, Batch 300, Aver_Loss: 523.6981
Epoch 157/200, Batch 400, Aver_Loss: 524.8245
[early-stopping] Epoch 157: no improvement (1/20)
Epoch 158/200, Batch 100, Aver_Loss: 525.4636
Epoch 158/200, Batch 200, Aver_Loss: 523.6627
Epoch 158/200, Batch 300, Aver_Loss: 523.4714
Epoch 158/200, Batch 400, Aver_Loss: 522.1140
[early-stopping] Epoch 158: no improvement (2/20)
Epoch 159/200, Batch 100, Aver_Loss: 524.5945
Epoch 159/200, Batch 200, Aver_Loss: 523.6213
Epoch 159/200, Batch 300, Aver_Loss: 523.3342
Epoch 159/200, Batch 400, Aver_Loss: 524.0386
[early-stopping] Epoch 159: no improvement (3/20)
Epoch 160/200, Batch 100, Aver_Loss: 523.3992
Epoch 160/200, Batch 200, Aver_Loss: 523.1473
Epoch 160/200, Batch 300, Aver_Loss: 524.1899
Epoch 160/200, Batch 400, Aver_Loss: 524.6188
[early-stopping] Epoch 160: no improvement (4/20)
Epoch 161/200, Batch 100, Aver_Loss: 522.0437
Epoch 161/200, Batch 200, Aver_Loss: 523.3140
Epoch 161/200, Batch 300, Aver_Loss: 524.4694
Epoch 161/200, Batch 400, Aver_Loss: 523.8341
[early-stopping] Epoch 161: no improvement (5/20)
Epoch 162/200, Batch 100, Aver_Loss: 522.4908
Epoch 162/200, Batch 200, Aver_Loss: 524.1821
Epoch 162/200, Batch 300, Aver_Loss: 522.6928
Epoch 162/200, Batch 400, Aver_Loss: 523.6819
[early-stopping] Epoch 162: no improvement (6/20)
Epoch 163/200, Batch 100, Aver_Loss: 524.3538
Epoch 163/200, Batch 200, Aver_Loss: 523.3668
Epoch 163/200, Batch 300, Aver_Loss: 525.2754
Epoch 163/200, Batch 400, Aver_Loss: 522.8764
[early-stopping] Epoch 163: no improvement (7/20)
Epoch 164/200, Batch 100, Aver_Loss: 526.0685
Epoch 164/200, Batch 200, Aver_Loss: 523.9111
Epoch 164/200, Batch 300, Aver_Loss: 522.7189
Epoch 164/200, Batch 400, Aver_Loss: 524.2491
[early-stopping] Epoch 164: no improvement (8/20)
Epoch 165/200, Batch 100, Aver_Loss: 523.5933
Epoch 165/200, Batch 200, Aver_Loss: 526.3716
Epoch 165/200, Batch 300, Aver_Loss: 522.7783
Epoch 165/200, Batch 400, Aver_Loss: 523.4479
[early-stopping] Epoch 165: no improvement (9/20)
Epoch 166/200, Batch 100, Aver_Loss: 524.0840
Epoch 166/200, Batch 200, Aver_Loss: 522.8564
Epoch 166/200, Batch 300, Aver_Loss: 525.4665
Epoch 166/200, Batch 400, Aver_Loss: 524.1332
[early-stopping] Epoch 166: no improvement (10/20)
Epoch 167/200, Batch 100, Aver_Loss: 524.6735
Epoch 167/200, Batch 200, Aver_Loss: 523.5109
Epoch 167/200, Batch 300, Aver_Loss: 525.8342
Epoch 167/200, Batch 400, Aver_Loss: 523.1934
[early-stopping] Epoch 167: no improvement (11/20)
Epoch 168/200, Batch 100, Aver_Loss: 525.6268
Epoch 168/200, Batch 200, Aver_Loss: 524.5545
Epoch 168/200, Batch 300, Aver_Loss: 526.5305
Epoch 168/200, Batch 400, Aver_Loss: 523.0217
[early-stopping] Epoch 168: new best val ELBO = -524.011454
Epoch 169/200, Batch 100, Aver_Loss: 524.4444
Epoch 169/200, Batch 200, Aver_Loss: 525.1214
Epoch 169/200, Batch 300, Aver_Loss: 523.4177
Epoch 169/200, Batch 400, Aver_Loss: 524.7800
[early-stopping] Epoch 169: no improvement (1/20)
Epoch 170/200, Batch 100, Aver_Loss: 522.1628
Epoch 170/200, Batch 200, Aver_Loss: 522.1480
Epoch 170/200, Batch 300, Aver_Loss: 521.9566
Epoch 170/200, Batch 400, Aver_Loss: 523.3798
[early-stopping] Epoch 170: no improvement (2/20)
Epoch 171/200, Batch 100, Aver_Loss: 524.3016
Epoch 171/200, Batch 200, Aver_Loss: 522.9703
Epoch 171/200, Batch 300, Aver_Loss: 523.2461
Epoch 171/200, Batch 400, Aver_Loss: 521.5404
[early-stopping] Epoch 171: no improvement (3/20)
Epoch 172/200, Batch 100, Aver_Loss: 522.2964
Epoch 172/200, Batch 200, Aver_Loss: 525.0135
Epoch 172/200, Batch 300, Aver_Loss: 523.2441
Epoch 172/200, Batch 400, Aver_Loss: 523.2761
[early-stopping] Epoch 172: no improvement (4/20)
Epoch 173/200, Batch 100, Aver_Loss: 523.0920
Epoch 173/200, Batch 200, Aver_Loss: 521.0784
Epoch 173/200, Batch 300, Aver_Loss: 524.3098
Epoch 173/200, Batch 400, Aver_Loss: 525.0247
[early-stopping] Epoch 173: no improvement (5/20)
Epoch 174/200, Batch 100, Aver_Loss: 522.1128
Epoch 174/200, Batch 200, Aver_Loss: 523.3923
Epoch 174/200, Batch 300, Aver_Loss: 523.1295
Epoch 174/200, Batch 400, Aver_Loss: 522.1089
[early-stopping] Epoch 174: no improvement (6/20)
Epoch 175/200, Batch 100, Aver_Loss: 524.2849
Epoch 175/200, Batch 200, Aver_Loss: 524.6240
Epoch 175/200, Batch 300, Aver_Loss: 524.0851
Epoch 175/200, Batch 400, Aver_Loss: 523.3369
[early-stopping] Epoch 175: no improvement (7/20)
Epoch 176/200, Batch 100, Aver_Loss: 524.6060
Epoch 176/200, Batch 200, Aver_Loss: 523.4039
Epoch 176/200, Batch 300, Aver_Loss: 525.3134
Epoch 176/200, Batch 400, Aver_Loss: 528.0948
[early-stopping] Epoch 176: no improvement (8/20)
Epoch 177/200, Batch 100, Aver_Loss: 523.7230
Epoch 177/200, Batch 200, Aver_Loss: 524.5513
Epoch 177/200, Batch 300, Aver_Loss: 522.2613
Epoch 177/200, Batch 400, Aver_Loss: 521.9453
[early-stopping] Epoch 177: no improvement (9/20)
Epoch 178/200, Batch 100, Aver_Loss: 524.0611
Epoch 178/200, Batch 200, Aver_Loss: 524.5958
Epoch 178/200, Batch 300, Aver_Loss: 524.5637
Epoch 178/200, Batch 400, Aver_Loss: 524.4561
[early-stopping] Epoch 178: no improvement (10/20)
Epoch 179/200, Batch 100, Aver_Loss: 522.7485
Epoch 179/200, Batch 200, Aver_Loss: 524.4215
Epoch 179/200, Batch 300, Aver_Loss: 527.1999
Epoch 179/200, Batch 400, Aver_Loss: 523.7201
[early-stopping] Epoch 179: no improvement (11/20)
Epoch 180/200, Batch 100, Aver_Loss: 522.9935
Epoch 180/200, Batch 200, Aver_Loss: 523.8381
Epoch 180/200, Batch 300, Aver_Loss: 518.8735
Epoch 180/200, Batch 400, Aver_Loss: 524.5069
[early-stopping] Epoch 180: new best val ELBO = -523.993799
Epoch 181/200, Batch 100, Aver_Loss: 524.2814
Epoch 181/200, Batch 200, Aver_Loss: 526.2158
Epoch 181/200, Batch 300, Aver_Loss: 526.4834
Epoch 181/200, Batch 400, Aver_Loss: 524.0126
[early-stopping] Epoch 181: no improvement (1/20)
Epoch 182/200, Batch 100, Aver_Loss: 524.3181
Epoch 182/200, Batch 200, Aver_Loss: 522.0544
Epoch 182/200, Batch 300, Aver_Loss: 519.9759
Epoch 182/200, Batch 400, Aver_Loss: 524.0700
[early-stopping] Epoch 182: new best val ELBO = -523.984353
Epoch 183/200, Batch 100, Aver_Loss: 524.9368
Epoch 183/200, Batch 200, Aver_Loss: 524.4532
Epoch 183/200, Batch 300, Aver_Loss: 524.0354
Epoch 183/200, Batch 400, Aver_Loss: 524.6599
[early-stopping] Epoch 183: no improvement (1/20)
Epoch 184/200, Batch 100, Aver_Loss: 525.2628
Epoch 184/200, Batch 200, Aver_Loss: 523.9316
Epoch 184/200, Batch 300, Aver_Loss: 525.7924
Epoch 184/200, Batch 400, Aver_Loss: 523.7678
[early-stopping] Epoch 184: no improvement (2/20)
Epoch 185/200, Batch 100, Aver_Loss: 522.9340
Epoch 185/200, Batch 200, Aver_Loss: 524.3179
Epoch 185/200, Batch 300, Aver_Loss: 523.3281
Epoch 185/200, Batch 400, Aver_Loss: 525.5888
[early-stopping] Epoch 185: no improvement (3/20)
Epoch 186/200, Batch 100, Aver_Loss: 524.1260
Epoch 186/200, Batch 200, Aver_Loss: 522.6318
Epoch 186/200, Batch 300, Aver_Loss: 523.4453
Epoch 186/200, Batch 400, Aver_Loss: 521.8982
[early-stopping] Epoch 186: new best val ELBO = -523.977766
Epoch 187/200, Batch 100, Aver_Loss: 524.9097
Epoch 187/200, Batch 200, Aver_Loss: 523.5727
Epoch 187/200, Batch 300, Aver_Loss: 525.6562
Epoch 187/200, Batch 400, Aver_Loss: 527.4693
[early-stopping] Epoch 187: no improvement (1/20)
Epoch 188/200, Batch 100, Aver_Loss: 524.1653
Epoch 188/200, Batch 200, Aver_Loss: 523.5341
Epoch 188/200, Batch 300, Aver_Loss: 522.5545
Epoch 188/200, Batch 400, Aver_Loss: 520.7805
[early-stopping] Epoch 188: no improvement (2/20)
Epoch 189/200, Batch 100, Aver_Loss: 524.7628
Epoch 189/200, Batch 200, Aver_Loss: 524.1493
Epoch 189/200, Batch 300, Aver_Loss: 525.5264
Epoch 189/200, Batch 400, Aver_Loss: 524.2817
[early-stopping] Epoch 189: no improvement (3/20)
Epoch 190/200, Batch 100, Aver_Loss: 521.8246
Epoch 190/200, Batch 200, Aver_Loss: 521.3118
Epoch 190/200, Batch 300, Aver_Loss: 522.8697
Epoch 190/200, Batch 400, Aver_Loss: 520.5227
[early-stopping] Epoch 190: no improvement (4/20)
Epoch 191/200, Batch 100, Aver_Loss: 522.4993
Epoch 191/200, Batch 200, Aver_Loss: 524.1376
Epoch 191/200, Batch 300, Aver_Loss: 525.4160
Epoch 191/200, Batch 400, Aver_Loss: 523.6359
[early-stopping] Epoch 191: new best val ELBO = -523.958349
Epoch 192/200, Batch 100, Aver_Loss: 522.7776
Epoch 192/200, Batch 200, Aver_Loss: 523.4433
Epoch 192/200, Batch 300, Aver_Loss: 521.9758
Epoch 192/200, Batch 400, Aver_Loss: 526.8884
[early-stopping] Epoch 192: no improvement (1/20)
Epoch 193/200, Batch 100, Aver_Loss: 521.2192
Epoch 193/200, Batch 200, Aver_Loss: 523.7585
Epoch 193/200, Batch 300, Aver_Loss: 523.5186
Epoch 193/200, Batch 400, Aver_Loss: 523.9071
[early-stopping] Epoch 193: no improvement (2/20)
Epoch 194/200, Batch 100, Aver_Loss: 524.5527
Epoch 194/200, Batch 200, Aver_Loss: 522.6213
Epoch 194/200, Batch 300, Aver_Loss: 526.1671
Epoch 194/200, Batch 400, Aver_Loss: 522.6109
[early-stopping] Epoch 194: no improvement (3/20)
Epoch 195/200, Batch 100, Aver_Loss: 521.8884
Epoch 195/200, Batch 200, Aver_Loss: 522.7891
Epoch 195/200, Batch 300, Aver_Loss: 523.6771
Epoch 195/200, Batch 400, Aver_Loss: 519.5290
[early-stopping] Epoch 195: no improvement (4/20)
Epoch 196/200, Batch 100, Aver_Loss: 525.6361
Epoch 196/200, Batch 200, Aver_Loss: 522.8675
Epoch 196/200, Batch 300, Aver_Loss: 524.8154
Epoch 196/200, Batch 400, Aver_Loss: 524.1720
[early-stopping] Epoch 196: no improvement (5/20)
Epoch 197/200, Batch 100, Aver_Loss: 524.3621
Epoch 197/200, Batch 200, Aver_Loss: 524.1053
Epoch 197/200, Batch 300, Aver_Loss: 524.7963
Epoch 197/200, Batch 400, Aver_Loss: 521.9902
[early-stopping] Epoch 197: no improvement (6/20)
Epoch 198/200, Batch 100, Aver_Loss: 521.8002
Epoch 198/200, Batch 200, Aver_Loss: 525.9810
Epoch 198/200, Batch 300, Aver_Loss: 524.4913
Epoch 198/200, Batch 400, Aver_Loss: 523.7774
[early-stopping] Epoch 198: no improvement (7/20)
Epoch 199/200, Batch 100, Aver_Loss: 523.4432
Epoch 199/200, Batch 200, Aver_Loss: 522.0990
Epoch 199/200, Batch 300, Aver_Loss: 524.5295
Epoch 199/200, Batch 400, Aver_Loss: 522.7039
[early-stopping] Epoch 199: new best val ELBO = -523.957542
Epoch 200/200, Batch 100, Aver_Loss: 521.4653
Epoch 200/200, Batch 200, Aver_Loss: 523.7217
Epoch 200/200, Batch 300, Aver_Loss: 524.0148
Epoch 200/200, Batch 400, Aver_Loss: 523.3867
[early-stopping] Epoch 200: no improvement (1/20)
[early-stopping] Loaded best model from epoch 199 (val ELBO = -523.957542)
[checkpoint] Saved best model to: trained_parameters/mnist_background_random_zdim32_MVAE.pkl
[saved curves] ./results/MNIST_BG_RANDOM/curves/mnist_background_random_mvae_d32_s777.json

==== Evaluation Summary ====
                 model: mvae
   recon/mse_per_pixel: 0.080635
            elbo/train: -523.574112
             elbo/test: -523.994382
             mse/train: 0.080376
              mse/test: 0.080635
             probe/acc: 0.815323
             probe/nll: 0.572871
           probe/brier: 0.266513
             probe/ece: 0.031817
           cluster/nmi: 0.455688
           cluster/ari: 0.328268
============================

