/usr/bin/which: no fi_info in (/arf/home/meyavuz/.local/bin:/arf/sw/comp/python/intelpython3/condabin:/arf/sw/comp/python/intelpython3/bin:/usr/share/Modules/bin:/usr/local/bin:/usr/bin:/usr/local/sbin:/usr/sbin)
Extension for Scikit-learn* enabled (https://github.com/uxlfoundation/scikit-learn-intelex)
/arf/home/meyavuz/.conda/envs/sbn/lib/python3.9/site-packages/sklearn/linear_model/_logistic.py:1247: FutureWarning: 'multi_class' was deprecated in version 1.5 and will be removed in 1.7. From then on, it will always use 'multinomial'. Leave it to its default value to avoid this warning.
  warnings.warn(
Epoch 1/200, Batch 100, Aver_Loss: 183.9502
Epoch 1/200, Batch 200, Aver_Loss: 160.6402
Epoch 1/200, Batch 300, Aver_Loss: 136.6454
Epoch 1/200, Batch 400, Aver_Loss: 127.7076
[early-stopping] Epoch 1: new best val ELBO = -131.135197
Epoch 2/200, Batch 100, Aver_Loss: 132.8397
Epoch 2/200, Batch 200, Aver_Loss: 128.5939
Epoch 2/200, Batch 300, Aver_Loss: 119.7616
Epoch 2/200, Batch 400, Aver_Loss: 119.2793
[early-stopping] Epoch 2: new best val ELBO = -123.633135
Epoch 3/200, Batch 100, Aver_Loss: 126.6629
Epoch 3/200, Batch 200, Aver_Loss: 122.6213
Epoch 3/200, Batch 300, Aver_Loss: 124.0711
Epoch 3/200, Batch 400, Aver_Loss: 114.6942
[early-stopping] Epoch 3: new best val ELBO = -118.718761
Epoch 4/200, Batch 100, Aver_Loss: 120.8408
Epoch 4/200, Batch 200, Aver_Loss: 123.8138
Epoch 4/200, Batch 300, Aver_Loss: 118.2856
Epoch 4/200, Batch 400, Aver_Loss: 114.3333
[early-stopping] Epoch 4: new best val ELBO = -115.505460
Epoch 5/200, Batch 100, Aver_Loss: 117.7488
Epoch 5/200, Batch 200, Aver_Loss: 113.6957
Epoch 5/200, Batch 300, Aver_Loss: 108.9904
Epoch 5/200, Batch 400, Aver_Loss: 113.8038
[early-stopping] Epoch 5: new best val ELBO = -113.282289
Epoch 6/200, Batch 100, Aver_Loss: 116.5406
Epoch 6/200, Batch 200, Aver_Loss: 113.2032
Epoch 6/200, Batch 300, Aver_Loss: 112.4716
Epoch 6/200, Batch 400, Aver_Loss: 108.2220
[early-stopping] Epoch 6: new best val ELBO = -111.726285
Epoch 7/200, Batch 100, Aver_Loss: 114.6382
Epoch 7/200, Batch 200, Aver_Loss: 106.5535
Epoch 7/200, Batch 300, Aver_Loss: 109.8830
Epoch 7/200, Batch 400, Aver_Loss: 106.6331
[early-stopping] Epoch 7: new best val ELBO = -110.539129
Epoch 8/200, Batch 100, Aver_Loss: 114.4901
Epoch 8/200, Batch 200, Aver_Loss: 109.4316
Epoch 8/200, Batch 300, Aver_Loss: 109.6436
Epoch 8/200, Batch 400, Aver_Loss: 111.8591
[early-stopping] Epoch 8: new best val ELBO = -109.799219
Epoch 9/200, Batch 100, Aver_Loss: 110.0908
Epoch 9/200, Batch 200, Aver_Loss: 113.1884
Epoch 9/200, Batch 300, Aver_Loss: 108.2643
Epoch 9/200, Batch 400, Aver_Loss: 109.0676
[early-stopping] Epoch 9: new best val ELBO = -108.852553
Epoch 10/200, Batch 100, Aver_Loss: 104.3480
Epoch 10/200, Batch 200, Aver_Loss: 108.8984
Epoch 10/200, Batch 300, Aver_Loss: 107.0421
Epoch 10/200, Batch 400, Aver_Loss: 105.2864
[early-stopping] Epoch 10: new best val ELBO = -107.745239
Epoch 11/200, Batch 100, Aver_Loss: 108.4125
Epoch 11/200, Batch 200, Aver_Loss: 107.6211
Epoch 11/200, Batch 300, Aver_Loss: 104.1715
Epoch 11/200, Batch 400, Aver_Loss: 110.0320
[early-stopping] Epoch 11: new best val ELBO = -107.579219
Epoch 12/200, Batch 100, Aver_Loss: 110.0025
Epoch 12/200, Batch 200, Aver_Loss: 106.0052
Epoch 12/200, Batch 300, Aver_Loss: 103.9784
Epoch 12/200, Batch 400, Aver_Loss: 109.3151
[early-stopping] Epoch 12: new best val ELBO = -106.933780
Epoch 13/200, Batch 100, Aver_Loss: 102.3490
Epoch 13/200, Batch 200, Aver_Loss: 107.5662
Epoch 13/200, Batch 300, Aver_Loss: 106.0965
Epoch 13/200, Batch 400, Aver_Loss: 110.1536
[early-stopping] Epoch 13: new best val ELBO = -106.517716
Epoch 14/200, Batch 100, Aver_Loss: 103.6279
Epoch 14/200, Batch 200, Aver_Loss: 108.3174
Epoch 14/200, Batch 300, Aver_Loss: 106.0628
Epoch 14/200, Batch 400, Aver_Loss: 104.8097
[early-stopping] Epoch 14: new best val ELBO = -106.198849
Epoch 15/200, Batch 100, Aver_Loss: 99.5710
Epoch 15/200, Batch 200, Aver_Loss: 110.2998
Epoch 15/200, Batch 300, Aver_Loss: 102.6543
Epoch 15/200, Batch 400, Aver_Loss: 103.0644
[early-stopping] Epoch 15: new best val ELBO = -105.666013
Epoch 16/200, Batch 100, Aver_Loss: 110.1067
Epoch 16/200, Batch 200, Aver_Loss: 102.3029
Epoch 16/200, Batch 300, Aver_Loss: 101.7503
Epoch 16/200, Batch 400, Aver_Loss: 100.5232
[early-stopping] Epoch 16: new best val ELBO = -105.607207
Epoch 17/200, Batch 100, Aver_Loss: 104.3929
Epoch 17/200, Batch 200, Aver_Loss: 103.9127
Epoch 17/200, Batch 300, Aver_Loss: 101.1960
Epoch 17/200, Batch 400, Aver_Loss: 101.9575
[early-stopping] Epoch 17: new best val ELBO = -105.402198
Epoch 18/200, Batch 100, Aver_Loss: 108.6838
Epoch 18/200, Batch 200, Aver_Loss: 101.7167
Epoch 18/200, Batch 300, Aver_Loss: 104.2658
Epoch 18/200, Batch 400, Aver_Loss: 106.9548
[early-stopping] Epoch 18: new best val ELBO = -105.046248
Epoch 19/200, Batch 100, Aver_Loss: 104.5851
Epoch 19/200, Batch 200, Aver_Loss: 106.6740
Epoch 19/200, Batch 300, Aver_Loss: 106.4728
Epoch 19/200, Batch 400, Aver_Loss: 106.4335
[early-stopping] Epoch 19: new best val ELBO = -104.864511
Epoch 20/200, Batch 100, Aver_Loss: 103.5601
Epoch 20/200, Batch 200, Aver_Loss: 108.7804
Epoch 20/200, Batch 300, Aver_Loss: 103.6199
Epoch 20/200, Batch 400, Aver_Loss: 107.5239
[early-stopping] Epoch 20: new best val ELBO = -104.506545
Epoch 21/200, Batch 100, Aver_Loss: 108.6523
Epoch 21/200, Batch 200, Aver_Loss: 102.4869
Epoch 21/200, Batch 300, Aver_Loss: 104.8763
Epoch 21/200, Batch 400, Aver_Loss: 104.5633
[early-stopping] Epoch 21: new best val ELBO = -104.452509
Epoch 22/200, Batch 100, Aver_Loss: 104.1804
Epoch 22/200, Batch 200, Aver_Loss: 108.4644
Epoch 22/200, Batch 300, Aver_Loss: 102.7247
Epoch 22/200, Batch 400, Aver_Loss: 105.2125
[early-stopping] Epoch 22: no improvement (1/20)
Epoch 23/200, Batch 100, Aver_Loss: 106.6875
Epoch 23/200, Batch 200, Aver_Loss: 97.7806
Epoch 23/200, Batch 300, Aver_Loss: 105.2789
Epoch 23/200, Batch 400, Aver_Loss: 104.9162
[early-stopping] Epoch 23: new best val ELBO = -104.103514
Epoch 24/200, Batch 100, Aver_Loss: 104.3410
Epoch 24/200, Batch 200, Aver_Loss: 103.0181
Epoch 24/200, Batch 300, Aver_Loss: 105.5415
Epoch 24/200, Batch 400, Aver_Loss: 104.5160
[early-stopping] Epoch 24: new best val ELBO = -103.783366
Epoch 25/200, Batch 100, Aver_Loss: 105.4648
Epoch 25/200, Batch 200, Aver_Loss: 101.1795
Epoch 25/200, Batch 300, Aver_Loss: 105.0299
Epoch 25/200, Batch 400, Aver_Loss: 106.4106
[early-stopping] Epoch 25: new best val ELBO = -103.614747
Epoch 26/200, Batch 100, Aver_Loss: 104.9388
Epoch 26/200, Batch 200, Aver_Loss: 99.4979
Epoch 26/200, Batch 300, Aver_Loss: 105.6922
Epoch 26/200, Batch 400, Aver_Loss: 100.4316
[early-stopping] Epoch 26: no improvement (1/20)
Epoch 27/200, Batch 100, Aver_Loss: 108.1646
Epoch 27/200, Batch 200, Aver_Loss: 100.4183
Epoch 27/200, Batch 300, Aver_Loss: 106.5313
Epoch 27/200, Batch 400, Aver_Loss: 106.0164
[early-stopping] Epoch 27: no improvement (2/20)
Epoch 28/200, Batch 100, Aver_Loss: 103.1061
Epoch 28/200, Batch 200, Aver_Loss: 103.6878
Epoch 28/200, Batch 300, Aver_Loss: 103.7230
Epoch 28/200, Batch 400, Aver_Loss: 105.0620
[early-stopping] Epoch 28: new best val ELBO = -103.492899
Epoch 29/200, Batch 100, Aver_Loss: 103.7137
Epoch 29/200, Batch 200, Aver_Loss: 105.6212
Epoch 29/200, Batch 300, Aver_Loss: 103.1920
Epoch 29/200, Batch 400, Aver_Loss: 103.6745
[early-stopping] Epoch 29: no improvement (1/20)
Epoch 30/200, Batch 100, Aver_Loss: 107.3582
Epoch 30/200, Batch 200, Aver_Loss: 101.8471
Epoch 30/200, Batch 300, Aver_Loss: 101.4681
Epoch 30/200, Batch 400, Aver_Loss: 101.2235
[early-stopping] Epoch 30: new best val ELBO = -103.467173
Epoch 31/200, Batch 100, Aver_Loss: 100.3444
Epoch 31/200, Batch 200, Aver_Loss: 103.8924
Epoch 31/200, Batch 300, Aver_Loss: 105.1644
Epoch 31/200, Batch 400, Aver_Loss: 103.2986
[early-stopping] Epoch 31: new best val ELBO = -103.289290
Epoch 32/200, Batch 100, Aver_Loss: 95.5625
Epoch 32/200, Batch 200, Aver_Loss: 101.4293
Epoch 32/200, Batch 300, Aver_Loss: 103.1221
Epoch 32/200, Batch 400, Aver_Loss: 107.0162
[early-stopping] Epoch 32: new best val ELBO = -103.246040
Epoch 33/200, Batch 100, Aver_Loss: 101.0802
Epoch 33/200, Batch 200, Aver_Loss: 102.8044
Epoch 33/200, Batch 300, Aver_Loss: 105.3500
Epoch 33/200, Batch 400, Aver_Loss: 101.4565
[early-stopping] Epoch 33: new best val ELBO = -103.015386
Epoch 34/200, Batch 100, Aver_Loss: 102.4166
Epoch 34/200, Batch 200, Aver_Loss: 101.4143
Epoch 34/200, Batch 300, Aver_Loss: 101.3265
Epoch 34/200, Batch 400, Aver_Loss: 105.5047
[early-stopping] Epoch 34: new best val ELBO = -102.855931
Epoch 35/200, Batch 100, Aver_Loss: 102.7600
Epoch 35/200, Batch 200, Aver_Loss: 97.6039
Epoch 35/200, Batch 300, Aver_Loss: 99.6061
Epoch 35/200, Batch 400, Aver_Loss: 103.6218
[early-stopping] Epoch 35: no improvement (1/20)
Epoch 36/200, Batch 100, Aver_Loss: 104.4979
Epoch 36/200, Batch 200, Aver_Loss: 101.0846
Epoch 36/200, Batch 300, Aver_Loss: 102.2364
Epoch 36/200, Batch 400, Aver_Loss: 102.7909
[early-stopping] Epoch 36: new best val ELBO = -102.616513
Epoch 37/200, Batch 100, Aver_Loss: 101.0907
Epoch 37/200, Batch 200, Aver_Loss: 98.2048
Epoch 37/200, Batch 300, Aver_Loss: 102.2066
Epoch 37/200, Batch 400, Aver_Loss: 103.5701
[early-stopping] Epoch 37: new best val ELBO = -102.588622
Epoch 38/200, Batch 100, Aver_Loss: 100.4597
Epoch 38/200, Batch 200, Aver_Loss: 105.0726
Epoch 38/200, Batch 300, Aver_Loss: 102.5340
Epoch 38/200, Batch 400, Aver_Loss: 101.9441
[early-stopping] Epoch 38: no improvement (1/20)
Epoch 39/200, Batch 100, Aver_Loss: 101.0402
Epoch 39/200, Batch 200, Aver_Loss: 105.0020
Epoch 39/200, Batch 300, Aver_Loss: 106.0670
Epoch 39/200, Batch 400, Aver_Loss: 103.5384
[early-stopping] Epoch 39: no improvement (2/20)
Epoch 40/200, Batch 100, Aver_Loss: 101.3696
Epoch 40/200, Batch 200, Aver_Loss: 100.1580
Epoch 40/200, Batch 300, Aver_Loss: 100.8351
Epoch 40/200, Batch 400, Aver_Loss: 100.9211
[early-stopping] Epoch 40: no improvement (3/20)
Epoch 41/200, Batch 100, Aver_Loss: 98.9429
Epoch 41/200, Batch 200, Aver_Loss: 104.7272
Epoch 41/200, Batch 300, Aver_Loss: 102.0171
Epoch 41/200, Batch 400, Aver_Loss: 105.8642
[early-stopping] Epoch 41: new best val ELBO = -102.463570
Epoch 42/200, Batch 100, Aver_Loss: 100.3188
Epoch 42/200, Batch 200, Aver_Loss: 101.3685
Epoch 42/200, Batch 300, Aver_Loss: 99.7746
Epoch 42/200, Batch 400, Aver_Loss: 105.5404
[early-stopping] Epoch 42: no improvement (1/20)
Epoch 43/200, Batch 100, Aver_Loss: 102.7776
Epoch 43/200, Batch 200, Aver_Loss: 101.6125
Epoch 43/200, Batch 300, Aver_Loss: 101.6323
Epoch 43/200, Batch 400, Aver_Loss: 102.5767
[early-stopping] Epoch 43: new best val ELBO = -102.428355
Epoch 44/200, Batch 100, Aver_Loss: 97.9427
Epoch 44/200, Batch 200, Aver_Loss: 98.8621
Epoch 44/200, Batch 300, Aver_Loss: 101.5094
Epoch 44/200, Batch 400, Aver_Loss: 100.3666
[early-stopping] Epoch 44: no improvement (1/20)
Epoch 45/200, Batch 100, Aver_Loss: 101.7624
Epoch 45/200, Batch 200, Aver_Loss: 99.0680
Epoch 45/200, Batch 300, Aver_Loss: 102.5637
Epoch 45/200, Batch 400, Aver_Loss: 101.4340
[early-stopping] Epoch 45: new best val ELBO = -102.383729
Epoch 46/200, Batch 100, Aver_Loss: 108.1254
Epoch 46/200, Batch 200, Aver_Loss: 98.2449
Epoch 46/200, Batch 300, Aver_Loss: 101.6082
Epoch 46/200, Batch 400, Aver_Loss: 102.5404
[early-stopping] Epoch 46: new best val ELBO = -102.264179
Epoch 47/200, Batch 100, Aver_Loss: 102.1349
Epoch 47/200, Batch 200, Aver_Loss: 103.7887
Epoch 47/200, Batch 300, Aver_Loss: 101.6628
Epoch 47/200, Batch 400, Aver_Loss: 102.9117
[early-stopping] Epoch 47: no improvement (1/20)
Epoch 48/200, Batch 100, Aver_Loss: 100.9056
Epoch 48/200, Batch 200, Aver_Loss: 99.9369
Epoch 48/200, Batch 300, Aver_Loss: 99.4905
Epoch 48/200, Batch 400, Aver_Loss: 100.8585
[early-stopping] Epoch 48: new best val ELBO = -102.259672
Epoch 49/200, Batch 100, Aver_Loss: 99.8397
Epoch 49/200, Batch 200, Aver_Loss: 98.3019
Epoch 49/200, Batch 300, Aver_Loss: 106.2121
Epoch 49/200, Batch 400, Aver_Loss: 99.0482
[early-stopping] Epoch 49: new best val ELBO = -102.173522
Epoch 50/200, Batch 100, Aver_Loss: 100.0868
Epoch 50/200, Batch 200, Aver_Loss: 103.0449
Epoch 50/200, Batch 300, Aver_Loss: 99.9307
Epoch 50/200, Batch 400, Aver_Loss: 104.7016
[early-stopping] Epoch 50: new best val ELBO = -102.115725
Epoch 51/200, Batch 100, Aver_Loss: 103.7307
Epoch 51/200, Batch 200, Aver_Loss: 96.4157
Epoch 51/200, Batch 300, Aver_Loss: 101.4374
Epoch 51/200, Batch 400, Aver_Loss: 102.7121
[early-stopping] Epoch 51: no improvement (1/20)
Epoch 52/200, Batch 100, Aver_Loss: 97.9475
Epoch 52/200, Batch 200, Aver_Loss: 102.7853
Epoch 52/200, Batch 300, Aver_Loss: 103.1431
Epoch 52/200, Batch 400, Aver_Loss: 102.6369
[early-stopping] Epoch 52: new best val ELBO = -102.085916
Epoch 53/200, Batch 100, Aver_Loss: 103.8461
Epoch 53/200, Batch 200, Aver_Loss: 99.6421
Epoch 53/200, Batch 300, Aver_Loss: 101.6831
Epoch 53/200, Batch 400, Aver_Loss: 103.9413
[early-stopping] Epoch 53: new best val ELBO = -102.027478
Epoch 54/200, Batch 100, Aver_Loss: 104.9982
Epoch 54/200, Batch 200, Aver_Loss: 99.2370
Epoch 54/200, Batch 300, Aver_Loss: 100.8286
Epoch 54/200, Batch 400, Aver_Loss: 99.9839
[early-stopping] Epoch 54: new best val ELBO = -101.950222
Epoch 55/200, Batch 100, Aver_Loss: 101.3663
Epoch 55/200, Batch 200, Aver_Loss: 99.6272
Epoch 55/200, Batch 300, Aver_Loss: 98.3186
Epoch 55/200, Batch 400, Aver_Loss: 99.7700
[early-stopping] Epoch 55: no improvement (1/20)
Epoch 56/200, Batch 100, Aver_Loss: 102.2351
Epoch 56/200, Batch 200, Aver_Loss: 99.9903
Epoch 56/200, Batch 300, Aver_Loss: 103.1222
Epoch 56/200, Batch 400, Aver_Loss: 104.3078
[early-stopping] Epoch 56: new best val ELBO = -101.906623
Epoch 57/200, Batch 100, Aver_Loss: 103.3362
Epoch 57/200, Batch 200, Aver_Loss: 100.1228
Epoch 57/200, Batch 300, Aver_Loss: 101.5225
Epoch 57/200, Batch 400, Aver_Loss: 97.6177
[early-stopping] Epoch 57: no improvement (1/20)
Epoch 58/200, Batch 100, Aver_Loss: 98.3391
Epoch 58/200, Batch 200, Aver_Loss: 99.1663
Epoch 58/200, Batch 300, Aver_Loss: 95.2356
Epoch 58/200, Batch 400, Aver_Loss: 100.1687
[early-stopping] Epoch 58: no improvement (2/20)
Epoch 59/200, Batch 100, Aver_Loss: 98.4761
Epoch 59/200, Batch 200, Aver_Loss: 99.9289
Epoch 59/200, Batch 300, Aver_Loss: 100.2436
Epoch 59/200, Batch 400, Aver_Loss: 103.2985
[early-stopping] Epoch 59: no improvement (3/20)
Epoch 60/200, Batch 100, Aver_Loss: 99.7920
Epoch 60/200, Batch 200, Aver_Loss: 97.6307
Epoch 60/200, Batch 300, Aver_Loss: 93.5130
Epoch 60/200, Batch 400, Aver_Loss: 99.6921
[early-stopping] Epoch 60: new best val ELBO = -101.681495
Epoch 61/200, Batch 100, Aver_Loss: 101.5823
Epoch 61/200, Batch 200, Aver_Loss: 100.8134
Epoch 61/200, Batch 300, Aver_Loss: 102.4805
Epoch 61/200, Batch 400, Aver_Loss: 102.8579
[early-stopping] Epoch 61: no improvement (1/20)
Epoch 62/200, Batch 100, Aver_Loss: 104.2087
Epoch 62/200, Batch 200, Aver_Loss: 103.6640
Epoch 62/200, Batch 300, Aver_Loss: 101.9656
Epoch 62/200, Batch 400, Aver_Loss: 104.3458
[early-stopping] Epoch 62: no improvement (2/20)
Epoch 63/200, Batch 100, Aver_Loss: 105.0549
Epoch 63/200, Batch 200, Aver_Loss: 102.4857
Epoch 63/200, Batch 300, Aver_Loss: 102.0572
Epoch 63/200, Batch 400, Aver_Loss: 102.0874
[early-stopping] Epoch 63: no improvement (3/20)
Epoch 64/200, Batch 100, Aver_Loss: 101.1936
Epoch 64/200, Batch 200, Aver_Loss: 100.3750
Epoch 64/200, Batch 300, Aver_Loss: 101.0121
Epoch 64/200, Batch 400, Aver_Loss: 104.1016
[early-stopping] Epoch 64: new best val ELBO = -101.649556
Epoch 65/200, Batch 100, Aver_Loss: 102.6758
Epoch 65/200, Batch 200, Aver_Loss: 98.1135
Epoch 65/200, Batch 300, Aver_Loss: 97.7005
Epoch 65/200, Batch 400, Aver_Loss: 98.1511
[early-stopping] Epoch 65: no improvement (1/20)
Epoch 66/200, Batch 100, Aver_Loss: 100.5581
Epoch 66/200, Batch 200, Aver_Loss: 103.8791
Epoch 66/200, Batch 300, Aver_Loss: 100.1393
Epoch 66/200, Batch 400, Aver_Loss: 97.8366
[early-stopping] Epoch 66: new best val ELBO = -101.568211
Epoch 67/200, Batch 100, Aver_Loss: 101.0677
Epoch 67/200, Batch 200, Aver_Loss: 102.5060
Epoch 67/200, Batch 300, Aver_Loss: 100.4400
Epoch 67/200, Batch 400, Aver_Loss: 99.2338
[early-stopping] Epoch 67: no improvement (1/20)
Epoch 68/200, Batch 100, Aver_Loss: 99.5813
Epoch 68/200, Batch 200, Aver_Loss: 96.4146
Epoch 68/200, Batch 300, Aver_Loss: 102.6676
Epoch 68/200, Batch 400, Aver_Loss: 101.8144
[early-stopping] Epoch 68: no improvement (2/20)
Epoch 69/200, Batch 100, Aver_Loss: 92.9327
Epoch 69/200, Batch 200, Aver_Loss: 100.1557
Epoch 69/200, Batch 300, Aver_Loss: 102.3122
Epoch 69/200, Batch 400, Aver_Loss: 104.1332
[early-stopping] Epoch 69: no improvement (3/20)
Epoch 70/200, Batch 100, Aver_Loss: 102.9785
Epoch 70/200, Batch 200, Aver_Loss: 102.5939
Epoch 70/200, Batch 300, Aver_Loss: 98.5930
Epoch 70/200, Batch 400, Aver_Loss: 99.1198
[early-stopping] Epoch 70: new best val ELBO = -101.471300
Epoch 71/200, Batch 100, Aver_Loss: 100.4973
Epoch 71/200, Batch 200, Aver_Loss: 102.8006
Epoch 71/200, Batch 300, Aver_Loss: 104.8940
Epoch 71/200, Batch 400, Aver_Loss: 100.1414
[early-stopping] Epoch 71: new best val ELBO = -101.454134
Epoch 72/200, Batch 100, Aver_Loss: 101.7264
Epoch 72/200, Batch 200, Aver_Loss: 102.3748
Epoch 72/200, Batch 300, Aver_Loss: 99.5634
Epoch 72/200, Batch 400, Aver_Loss: 104.6306
[early-stopping] Epoch 72: no improvement (1/20)
Epoch 73/200, Batch 100, Aver_Loss: 97.7988
Epoch 73/200, Batch 200, Aver_Loss: 100.1071
Epoch 73/200, Batch 300, Aver_Loss: 100.3131
Epoch 73/200, Batch 400, Aver_Loss: 102.7696
[early-stopping] Epoch 73: no improvement (2/20)
Epoch 74/200, Batch 100, Aver_Loss: 101.3265
Epoch 74/200, Batch 200, Aver_Loss: 101.8003
Epoch 74/200, Batch 300, Aver_Loss: 95.2240
Epoch 74/200, Batch 400, Aver_Loss: 108.1308
[early-stopping] Epoch 74: new best val ELBO = -101.286623
Epoch 75/200, Batch 100, Aver_Loss: 102.2900
Epoch 75/200, Batch 200, Aver_Loss: 101.0856
Epoch 75/200, Batch 300, Aver_Loss: 99.4006
Epoch 75/200, Batch 400, Aver_Loss: 99.8074
[early-stopping] Epoch 75: no improvement (1/20)
Epoch 76/200, Batch 100, Aver_Loss: 96.5336
Epoch 76/200, Batch 200, Aver_Loss: 99.1629
Epoch 76/200, Batch 300, Aver_Loss: 99.7603
Epoch 76/200, Batch 400, Aver_Loss: 103.7066
[early-stopping] Epoch 76: no improvement (2/20)
Epoch 77/200, Batch 100, Aver_Loss: 101.3265
Epoch 77/200, Batch 200, Aver_Loss: 100.4713
Epoch 77/200, Batch 300, Aver_Loss: 93.7898
Epoch 77/200, Batch 400, Aver_Loss: 98.7194
[early-stopping] Epoch 77: no improvement (3/20)
Epoch 78/200, Batch 100, Aver_Loss: 99.2737
Epoch 78/200, Batch 200, Aver_Loss: 104.7192
Epoch 78/200, Batch 300, Aver_Loss: 101.6563
Epoch 78/200, Batch 400, Aver_Loss: 103.0028
[early-stopping] Epoch 78: no improvement (4/20)
Epoch 79/200, Batch 100, Aver_Loss: 97.0008
Epoch 79/200, Batch 200, Aver_Loss: 102.4146
Epoch 79/200, Batch 300, Aver_Loss: 98.5002
Epoch 79/200, Batch 400, Aver_Loss: 100.5433
[early-stopping] Epoch 79: new best val ELBO = -101.181065
Epoch 80/200, Batch 100, Aver_Loss: 97.8654
Epoch 80/200, Batch 200, Aver_Loss: 97.3872
Epoch 80/200, Batch 300, Aver_Loss: 104.7446
Epoch 80/200, Batch 400, Aver_Loss: 99.0344
[early-stopping] Epoch 80: no improvement (1/20)
Epoch 81/200, Batch 100, Aver_Loss: 97.2113
Epoch 81/200, Batch 200, Aver_Loss: 98.2631
Epoch 81/200, Batch 300, Aver_Loss: 103.8403
Epoch 81/200, Batch 400, Aver_Loss: 104.8627
[early-stopping] Epoch 81: no improvement (2/20)
Epoch 82/200, Batch 100, Aver_Loss: 101.7045
Epoch 82/200, Batch 200, Aver_Loss: 97.3272
Epoch 82/200, Batch 300, Aver_Loss: 99.1443
Epoch 82/200, Batch 400, Aver_Loss: 97.8446
[early-stopping] Epoch 82: no improvement (3/20)
Epoch 83/200, Batch 100, Aver_Loss: 99.4734
Epoch 83/200, Batch 200, Aver_Loss: 99.5702
Epoch 83/200, Batch 300, Aver_Loss: 97.2293
Epoch 83/200, Batch 400, Aver_Loss: 101.0895
[early-stopping] Epoch 83: no improvement (4/20)
Epoch 84/200, Batch 100, Aver_Loss: 101.7129
Epoch 84/200, Batch 200, Aver_Loss: 100.2325
Epoch 84/200, Batch 300, Aver_Loss: 101.2384
Epoch 84/200, Batch 400, Aver_Loss: 98.1994
[early-stopping] Epoch 84: no improvement (5/20)
Epoch 85/200, Batch 100, Aver_Loss: 96.1152
Epoch 85/200, Batch 200, Aver_Loss: 93.8098
Epoch 85/200, Batch 300, Aver_Loss: 101.4193
Epoch 85/200, Batch 400, Aver_Loss: 99.8673
[early-stopping] Epoch 85: no improvement (6/20)
Epoch 86/200, Batch 100, Aver_Loss: 98.2035
Epoch 86/200, Batch 200, Aver_Loss: 100.3651
Epoch 86/200, Batch 300, Aver_Loss: 98.5409
Epoch 86/200, Batch 400, Aver_Loss: 105.3066
[early-stopping] Epoch 86: no improvement (7/20)
Epoch 87/200, Batch 100, Aver_Loss: 100.8622
Epoch 87/200, Batch 200, Aver_Loss: 101.2343
Epoch 87/200, Batch 300, Aver_Loss: 99.6706
Epoch 87/200, Batch 400, Aver_Loss: 99.2451
[early-stopping] Epoch 87: no improvement (8/20)
Epoch 88/200, Batch 100, Aver_Loss: 100.8554
Epoch 88/200, Batch 200, Aver_Loss: 98.0282
Epoch 88/200, Batch 300, Aver_Loss: 99.1491
Epoch 88/200, Batch 400, Aver_Loss: 97.6201
[early-stopping] Epoch 88: new best val ELBO = -101.056423
Epoch 89/200, Batch 100, Aver_Loss: 98.3794
Epoch 89/200, Batch 200, Aver_Loss: 100.0134
Epoch 89/200, Batch 300, Aver_Loss: 105.6599
Epoch 89/200, Batch 400, Aver_Loss: 97.8091
[early-stopping] Epoch 89: no improvement (1/20)
Epoch 90/200, Batch 100, Aver_Loss: 100.6307
Epoch 90/200, Batch 200, Aver_Loss: 100.5435
Epoch 90/200, Batch 300, Aver_Loss: 98.2483
Epoch 90/200, Batch 400, Aver_Loss: 100.5253
[early-stopping] Epoch 90: no improvement (2/20)
Epoch 91/200, Batch 100, Aver_Loss: 103.3635
Epoch 91/200, Batch 200, Aver_Loss: 98.0845
Epoch 91/200, Batch 300, Aver_Loss: 101.8047
Epoch 91/200, Batch 400, Aver_Loss: 101.4600
[early-stopping] Epoch 91: no improvement (3/20)
Epoch 92/200, Batch 100, Aver_Loss: 100.9820
Epoch 92/200, Batch 200, Aver_Loss: 95.8156
Epoch 92/200, Batch 300, Aver_Loss: 98.3906
Epoch 92/200, Batch 400, Aver_Loss: 100.3143
[early-stopping] Epoch 92: no improvement (4/20)
Epoch 93/200, Batch 100, Aver_Loss: 97.0057
Epoch 93/200, Batch 200, Aver_Loss: 99.5520
Epoch 93/200, Batch 300, Aver_Loss: 100.9595
Epoch 93/200, Batch 400, Aver_Loss: 101.3439
[early-stopping] Epoch 93: no improvement (5/20)
Epoch 94/200, Batch 100, Aver_Loss: 98.2312
Epoch 94/200, Batch 200, Aver_Loss: 98.0304
Epoch 94/200, Batch 300, Aver_Loss: 97.8796
Epoch 94/200, Batch 400, Aver_Loss: 95.5295
[early-stopping] Epoch 94: no improvement (6/20)
Epoch 95/200, Batch 100, Aver_Loss: 98.2118
Epoch 95/200, Batch 200, Aver_Loss: 101.6645
Epoch 95/200, Batch 300, Aver_Loss: 101.0702
Epoch 95/200, Batch 400, Aver_Loss: 100.1989
[early-stopping] Epoch 95: no improvement (7/20)
Epoch 96/200, Batch 100, Aver_Loss: 99.4652
Epoch 96/200, Batch 200, Aver_Loss: 97.6245
Epoch 96/200, Batch 300, Aver_Loss: 99.7630
Epoch 96/200, Batch 400, Aver_Loss: 98.9813
[early-stopping] Epoch 96: new best val ELBO = -100.913445
Epoch 97/200, Batch 100, Aver_Loss: 98.4170
Epoch 97/200, Batch 200, Aver_Loss: 97.7487
Epoch 97/200, Batch 300, Aver_Loss: 96.2667
Epoch 97/200, Batch 400, Aver_Loss: 101.6106
[early-stopping] Epoch 97: no improvement (1/20)
Epoch 98/200, Batch 100, Aver_Loss: 101.5095
Epoch 98/200, Batch 200, Aver_Loss: 98.8971
Epoch 98/200, Batch 300, Aver_Loss: 94.8179
Epoch 98/200, Batch 400, Aver_Loss: 98.4819
[early-stopping] Epoch 98: new best val ELBO = -100.838924
Epoch 99/200, Batch 100, Aver_Loss: 97.7314
Epoch 99/200, Batch 200, Aver_Loss: 102.3328
Epoch 99/200, Batch 300, Aver_Loss: 98.2441
Epoch 99/200, Batch 400, Aver_Loss: 95.0064
[early-stopping] Epoch 99: no improvement (1/20)
Epoch 100/200, Batch 100, Aver_Loss: 100.6782
Epoch 100/200, Batch 200, Aver_Loss: 103.7222
Epoch 100/200, Batch 300, Aver_Loss: 99.7757
Epoch 100/200, Batch 400, Aver_Loss: 96.9009
[early-stopping] Epoch 100: no improvement (2/20)
Epoch 101/200, Batch 100, Aver_Loss: 97.5957
Epoch 101/200, Batch 200, Aver_Loss: 102.0312
Epoch 101/200, Batch 300, Aver_Loss: 101.1515
Epoch 101/200, Batch 400, Aver_Loss: 99.3052
[early-stopping] Epoch 101: no improvement (3/20)
Epoch 102/200, Batch 100, Aver_Loss: 99.8196
Epoch 102/200, Batch 200, Aver_Loss: 100.7511
Epoch 102/200, Batch 300, Aver_Loss: 98.5542
Epoch 102/200, Batch 400, Aver_Loss: 100.0200
[early-stopping] Epoch 102: no improvement (4/20)
Epoch 103/200, Batch 100, Aver_Loss: 102.9928
Epoch 103/200, Batch 200, Aver_Loss: 101.5480
Epoch 103/200, Batch 300, Aver_Loss: 99.9824
Epoch 103/200, Batch 400, Aver_Loss: 99.9272
[early-stopping] Epoch 103: no improvement (5/20)
Epoch 104/200, Batch 100, Aver_Loss: 100.8439
Epoch 104/200, Batch 200, Aver_Loss: 98.4151
Epoch 104/200, Batch 300, Aver_Loss: 96.8907
Epoch 104/200, Batch 400, Aver_Loss: 97.4496
[early-stopping] Epoch 104: no improvement (6/20)
Epoch 105/200, Batch 100, Aver_Loss: 105.2569
Epoch 105/200, Batch 200, Aver_Loss: 98.3777
Epoch 105/200, Batch 300, Aver_Loss: 96.6011
Epoch 105/200, Batch 400, Aver_Loss: 95.7255
[early-stopping] Epoch 105: no improvement (7/20)
Epoch 106/200, Batch 100, Aver_Loss: 95.3072
Epoch 106/200, Batch 200, Aver_Loss: 103.5860
Epoch 106/200, Batch 300, Aver_Loss: 99.8094
Epoch 106/200, Batch 400, Aver_Loss: 99.3063
[early-stopping] Epoch 106: new best val ELBO = -100.761764
Epoch 107/200, Batch 100, Aver_Loss: 98.6501
Epoch 107/200, Batch 200, Aver_Loss: 99.5957
Epoch 107/200, Batch 300, Aver_Loss: 101.9662
Epoch 107/200, Batch 400, Aver_Loss: 98.6610
[early-stopping] Epoch 107: no improvement (1/20)
Epoch 108/200, Batch 100, Aver_Loss: 101.0901
Epoch 108/200, Batch 200, Aver_Loss: 102.5103
Epoch 108/200, Batch 300, Aver_Loss: 98.1453
Epoch 108/200, Batch 400, Aver_Loss: 103.1908
[early-stopping] Epoch 108: no improvement (2/20)
Epoch 109/200, Batch 100, Aver_Loss: 100.4266
Epoch 109/200, Batch 200, Aver_Loss: 99.6948
Epoch 109/200, Batch 300, Aver_Loss: 99.2247
Epoch 109/200, Batch 400, Aver_Loss: 102.4132
[early-stopping] Epoch 109: no improvement (3/20)
Epoch 110/200, Batch 100, Aver_Loss: 101.0151
Epoch 110/200, Batch 200, Aver_Loss: 93.3185
Epoch 110/200, Batch 300, Aver_Loss: 97.7614
Epoch 110/200, Batch 400, Aver_Loss: 96.6850
[early-stopping] Epoch 110: no improvement (4/20)
Epoch 111/200, Batch 100, Aver_Loss: 96.5563
Epoch 111/200, Batch 200, Aver_Loss: 101.0857
Epoch 111/200, Batch 300, Aver_Loss: 101.4163
Epoch 111/200, Batch 400, Aver_Loss: 98.0435
[early-stopping] Epoch 111: no improvement (5/20)
Epoch 112/200, Batch 100, Aver_Loss: 98.1260
Epoch 112/200, Batch 200, Aver_Loss: 99.5132
Epoch 112/200, Batch 300, Aver_Loss: 99.5890
Epoch 112/200, Batch 400, Aver_Loss: 102.3028
[early-stopping] Epoch 112: no improvement (6/20)
Epoch 113/200, Batch 100, Aver_Loss: 100.2992
Epoch 113/200, Batch 200, Aver_Loss: 99.5235
Epoch 113/200, Batch 300, Aver_Loss: 101.6731
Epoch 113/200, Batch 400, Aver_Loss: 100.5835
[early-stopping] Epoch 113: no improvement (7/20)
Epoch 114/200, Batch 100, Aver_Loss: 97.4206
Epoch 114/200, Batch 200, Aver_Loss: 97.6811
Epoch 114/200, Batch 300, Aver_Loss: 96.6492
Epoch 114/200, Batch 400, Aver_Loss: 99.1250
[early-stopping] Epoch 114: no improvement (8/20)
Epoch 115/200, Batch 100, Aver_Loss: 99.9586
Epoch 115/200, Batch 200, Aver_Loss: 101.6117
Epoch 115/200, Batch 300, Aver_Loss: 103.1273
Epoch 115/200, Batch 400, Aver_Loss: 102.1285
[early-stopping] Epoch 115: no improvement (9/20)
Epoch 116/200, Batch 100, Aver_Loss: 98.9724
Epoch 116/200, Batch 200, Aver_Loss: 101.0521
Epoch 116/200, Batch 300, Aver_Loss: 96.5059
Epoch 116/200, Batch 400, Aver_Loss: 99.1287
[early-stopping] Epoch 116: no improvement (10/20)
Epoch 117/200, Batch 100, Aver_Loss: 99.0966
Epoch 117/200, Batch 200, Aver_Loss: 99.7730
Epoch 117/200, Batch 300, Aver_Loss: 101.7875
Epoch 117/200, Batch 400, Aver_Loss: 97.7024
[early-stopping] Epoch 117: new best val ELBO = -100.599120
Epoch 118/200, Batch 100, Aver_Loss: 100.8652
Epoch 118/200, Batch 200, Aver_Loss: 96.0496
Epoch 118/200, Batch 300, Aver_Loss: 99.6949
Epoch 118/200, Batch 400, Aver_Loss: 96.4730
[early-stopping] Epoch 118: no improvement (1/20)
Epoch 119/200, Batch 100, Aver_Loss: 102.8036
Epoch 119/200, Batch 200, Aver_Loss: 95.4624
Epoch 119/200, Batch 300, Aver_Loss: 101.7553
Epoch 119/200, Batch 400, Aver_Loss: 100.1225
[early-stopping] Epoch 119: no improvement (2/20)
Epoch 120/200, Batch 100, Aver_Loss: 97.6319
Epoch 120/200, Batch 200, Aver_Loss: 98.5201
Epoch 120/200, Batch 300, Aver_Loss: 97.9580
Epoch 120/200, Batch 400, Aver_Loss: 102.9615
[early-stopping] Epoch 120: no improvement (3/20)
Epoch 121/200, Batch 100, Aver_Loss: 97.1089
Epoch 121/200, Batch 200, Aver_Loss: 95.5545
Epoch 121/200, Batch 300, Aver_Loss: 96.7802
Epoch 121/200, Batch 400, Aver_Loss: 99.3394
[early-stopping] Epoch 121: no improvement (4/20)
Epoch 122/200, Batch 100, Aver_Loss: 95.0709
Epoch 122/200, Batch 200, Aver_Loss: 99.1994
Epoch 122/200, Batch 300, Aver_Loss: 97.0749
Epoch 122/200, Batch 400, Aver_Loss: 103.9667
[early-stopping] Epoch 122: no improvement (5/20)
Epoch 123/200, Batch 100, Aver_Loss: 96.3259
Epoch 123/200, Batch 200, Aver_Loss: 104.4288
Epoch 123/200, Batch 300, Aver_Loss: 101.7912
Epoch 123/200, Batch 400, Aver_Loss: 100.6274
[early-stopping] Epoch 123: no improvement (6/20)
Epoch 124/200, Batch 100, Aver_Loss: 101.0488
Epoch 124/200, Batch 200, Aver_Loss: 96.5191
Epoch 124/200, Batch 300, Aver_Loss: 99.0088
Epoch 124/200, Batch 400, Aver_Loss: 100.5830
[early-stopping] Epoch 124: no improvement (7/20)
Epoch 125/200, Batch 100, Aver_Loss: 98.1064
Epoch 125/200, Batch 200, Aver_Loss: 94.2804
Epoch 125/200, Batch 300, Aver_Loss: 98.2844
Epoch 125/200, Batch 400, Aver_Loss: 99.7517
[early-stopping] Epoch 125: no improvement (8/20)
Epoch 126/200, Batch 100, Aver_Loss: 96.5292
Epoch 126/200, Batch 200, Aver_Loss: 98.9670
Epoch 126/200, Batch 300, Aver_Loss: 97.7863
Epoch 126/200, Batch 400, Aver_Loss: 97.4528
[early-stopping] Epoch 126: no improvement (9/20)
Epoch 127/200, Batch 100, Aver_Loss: 98.9892
Epoch 127/200, Batch 200, Aver_Loss: 96.6939
Epoch 127/200, Batch 300, Aver_Loss: 97.0632
Epoch 127/200, Batch 400, Aver_Loss: 100.5371
[early-stopping] Epoch 127: no improvement (10/20)
Epoch 128/200, Batch 100, Aver_Loss: 97.1045
Epoch 128/200, Batch 200, Aver_Loss: 99.3084
Epoch 128/200, Batch 300, Aver_Loss: 98.2542
Epoch 128/200, Batch 400, Aver_Loss: 100.5410
[early-stopping] Epoch 128: no improvement (11/20)
Epoch 129/200, Batch 100, Aver_Loss: 98.3488
Epoch 129/200, Batch 200, Aver_Loss: 100.5442
Epoch 129/200, Batch 300, Aver_Loss: 99.6581
Epoch 129/200, Batch 400, Aver_Loss: 95.8886
[early-stopping] Epoch 129: no improvement (12/20)
Epoch 130/200, Batch 100, Aver_Loss: 97.2692
Epoch 130/200, Batch 200, Aver_Loss: 101.6376
Epoch 130/200, Batch 300, Aver_Loss: 101.7582
Epoch 130/200, Batch 400, Aver_Loss: 97.6717
[early-stopping] Epoch 130: no improvement (13/20)
Epoch 131/200, Batch 100, Aver_Loss: 103.8342
Epoch 131/200, Batch 200, Aver_Loss: 95.1512
Epoch 131/200, Batch 300, Aver_Loss: 97.8390
Epoch 131/200, Batch 400, Aver_Loss: 101.3000
[early-stopping] Epoch 131: no improvement (14/20)
Epoch 132/200, Batch 100, Aver_Loss: 100.6592
Epoch 132/200, Batch 200, Aver_Loss: 98.2097
Epoch 132/200, Batch 300, Aver_Loss: 101.7442
Epoch 132/200, Batch 400, Aver_Loss: 105.0797
[early-stopping] Epoch 132: no improvement (15/20)
Epoch 133/200, Batch 100, Aver_Loss: 98.8861
Epoch 133/200, Batch 200, Aver_Loss: 97.1511
Epoch 133/200, Batch 300, Aver_Loss: 97.8675
Epoch 133/200, Batch 400, Aver_Loss: 98.3262
[early-stopping] Epoch 133: new best val ELBO = -100.545331
Epoch 134/200, Batch 100, Aver_Loss: 95.9483
Epoch 134/200, Batch 200, Aver_Loss: 99.0699
Epoch 134/200, Batch 300, Aver_Loss: 101.6074
Epoch 134/200, Batch 400, Aver_Loss: 97.8782
[early-stopping] Epoch 134: no improvement (1/20)
Epoch 135/200, Batch 100, Aver_Loss: 95.9361
Epoch 135/200, Batch 200, Aver_Loss: 95.9294
Epoch 135/200, Batch 300, Aver_Loss: 97.5392
Epoch 135/200, Batch 400, Aver_Loss: 98.7756
[early-stopping] Epoch 135: no improvement (2/20)
Epoch 136/200, Batch 100, Aver_Loss: 100.7431
Epoch 136/200, Batch 200, Aver_Loss: 102.8171
Epoch 136/200, Batch 300, Aver_Loss: 101.3162
Epoch 136/200, Batch 400, Aver_Loss: 98.5397
[early-stopping] Epoch 136: no improvement (3/20)
Epoch 137/200, Batch 100, Aver_Loss: 102.1259
Epoch 137/200, Batch 200, Aver_Loss: 98.4606
Epoch 137/200, Batch 300, Aver_Loss: 103.5725
Epoch 137/200, Batch 400, Aver_Loss: 100.2437
[early-stopping] Epoch 137: no improvement (4/20)
Epoch 138/200, Batch 100, Aver_Loss: 99.3507
Epoch 138/200, Batch 200, Aver_Loss: 99.3472
Epoch 138/200, Batch 300, Aver_Loss: 101.3409
Epoch 138/200, Batch 400, Aver_Loss: 98.7910
[early-stopping] Epoch 138: no improvement (5/20)
Epoch 139/200, Batch 100, Aver_Loss: 97.6732
Epoch 139/200, Batch 200, Aver_Loss: 98.0519
Epoch 139/200, Batch 300, Aver_Loss: 100.0734
Epoch 139/200, Batch 400, Aver_Loss: 97.2563
[early-stopping] Epoch 139: no improvement (6/20)
Epoch 140/200, Batch 100, Aver_Loss: 100.2332
Epoch 140/200, Batch 200, Aver_Loss: 101.5718
Epoch 140/200, Batch 300, Aver_Loss: 101.7023
Epoch 140/200, Batch 400, Aver_Loss: 97.9588
[early-stopping] Epoch 140: no improvement (7/20)
Epoch 141/200, Batch 100, Aver_Loss: 101.0386
Epoch 141/200, Batch 200, Aver_Loss: 100.8105
Epoch 141/200, Batch 300, Aver_Loss: 99.8891
Epoch 141/200, Batch 400, Aver_Loss: 99.4000
[early-stopping] Epoch 141: new best val ELBO = -100.457674
Epoch 142/200, Batch 100, Aver_Loss: 98.0471
Epoch 142/200, Batch 200, Aver_Loss: 101.1053
Epoch 142/200, Batch 300, Aver_Loss: 98.6710
Epoch 142/200, Batch 400, Aver_Loss: 97.2000
[early-stopping] Epoch 142: no improvement (1/20)
Epoch 143/200, Batch 100, Aver_Loss: 97.3618
Epoch 143/200, Batch 200, Aver_Loss: 99.2028
Epoch 143/200, Batch 300, Aver_Loss: 100.2013
Epoch 143/200, Batch 400, Aver_Loss: 101.9456
[early-stopping] Epoch 143: new best val ELBO = -100.449186
Epoch 144/200, Batch 100, Aver_Loss: 99.9600
Epoch 144/200, Batch 200, Aver_Loss: 93.8699
Epoch 144/200, Batch 300, Aver_Loss: 99.7139
Epoch 144/200, Batch 400, Aver_Loss: 96.3308
[early-stopping] Epoch 144: no improvement (1/20)
Epoch 145/200, Batch 100, Aver_Loss: 101.5218
Epoch 145/200, Batch 200, Aver_Loss: 96.4788
Epoch 145/200, Batch 300, Aver_Loss: 97.9648
Epoch 145/200, Batch 400, Aver_Loss: 101.9809
[early-stopping] Epoch 145: no improvement (2/20)
Epoch 146/200, Batch 100, Aver_Loss: 98.3779
Epoch 146/200, Batch 200, Aver_Loss: 96.6787
Epoch 146/200, Batch 300, Aver_Loss: 100.9065
Epoch 146/200, Batch 400, Aver_Loss: 96.7295
[early-stopping] Epoch 146: new best val ELBO = -100.382974
Epoch 147/200, Batch 100, Aver_Loss: 97.2707
Epoch 147/200, Batch 200, Aver_Loss: 101.5164
Epoch 147/200, Batch 300, Aver_Loss: 97.5588
Epoch 147/200, Batch 400, Aver_Loss: 100.6069
[early-stopping] Epoch 147: no improvement (1/20)
Epoch 148/200, Batch 100, Aver_Loss: 99.5430
Epoch 148/200, Batch 200, Aver_Loss: 102.2813
Epoch 148/200, Batch 300, Aver_Loss: 100.7967
Epoch 148/200, Batch 400, Aver_Loss: 105.0694
[early-stopping] Epoch 148: no improvement (2/20)
Epoch 149/200, Batch 100, Aver_Loss: 94.5936
Epoch 149/200, Batch 200, Aver_Loss: 95.3336
Epoch 149/200, Batch 300, Aver_Loss: 101.5379
Epoch 149/200, Batch 400, Aver_Loss: 96.1115
[early-stopping] Epoch 149: no improvement (3/20)
Epoch 150/200, Batch 100, Aver_Loss: 99.2627
Epoch 150/200, Batch 200, Aver_Loss: 101.7069
Epoch 150/200, Batch 300, Aver_Loss: 99.1232
Epoch 150/200, Batch 400, Aver_Loss: 91.8178
[early-stopping] Epoch 150: no improvement (4/20)
Epoch 151/200, Batch 100, Aver_Loss: 100.9224
Epoch 151/200, Batch 200, Aver_Loss: 97.5799
Epoch 151/200, Batch 300, Aver_Loss: 97.2247
Epoch 151/200, Batch 400, Aver_Loss: 99.8795
[early-stopping] Epoch 151: new best val ELBO = -100.362029
Epoch 152/200, Batch 100, Aver_Loss: 98.5025
Epoch 152/200, Batch 200, Aver_Loss: 101.0350
Epoch 152/200, Batch 300, Aver_Loss: 99.3215
Epoch 152/200, Batch 400, Aver_Loss: 95.3015
[early-stopping] Epoch 152: no improvement (1/20)
Epoch 153/200, Batch 100, Aver_Loss: 101.0550
Epoch 153/200, Batch 200, Aver_Loss: 102.3792
Epoch 153/200, Batch 300, Aver_Loss: 99.4692
Epoch 153/200, Batch 400, Aver_Loss: 101.3222
[early-stopping] Epoch 153: new best val ELBO = -100.359275
Epoch 154/200, Batch 100, Aver_Loss: 93.1245
Epoch 154/200, Batch 200, Aver_Loss: 98.2847
Epoch 154/200, Batch 300, Aver_Loss: 96.6877
Epoch 154/200, Batch 400, Aver_Loss: 99.4449
[early-stopping] Epoch 154: no improvement (1/20)
Epoch 155/200, Batch 100, Aver_Loss: 100.2544
Epoch 155/200, Batch 200, Aver_Loss: 99.8860
Epoch 155/200, Batch 300, Aver_Loss: 103.7389
Epoch 155/200, Batch 400, Aver_Loss: 103.0328
[early-stopping] Epoch 155: no improvement (2/20)
Epoch 156/200, Batch 100, Aver_Loss: 97.6461
Epoch 156/200, Batch 200, Aver_Loss: 98.3656
Epoch 156/200, Batch 300, Aver_Loss: 99.4492
Epoch 156/200, Batch 400, Aver_Loss: 94.8536
[early-stopping] Epoch 156: no improvement (3/20)
Epoch 157/200, Batch 100, Aver_Loss: 96.7728
Epoch 157/200, Batch 200, Aver_Loss: 98.6312
Epoch 157/200, Batch 300, Aver_Loss: 101.9381
Epoch 157/200, Batch 400, Aver_Loss: 105.2465
[early-stopping] Epoch 157: new best val ELBO = -100.262411
Epoch 158/200, Batch 100, Aver_Loss: 97.6406
Epoch 158/200, Batch 200, Aver_Loss: 99.6685
Epoch 158/200, Batch 300, Aver_Loss: 98.0689
Epoch 158/200, Batch 400, Aver_Loss: 98.6922
[early-stopping] Epoch 158: no improvement (1/20)
Epoch 159/200, Batch 100, Aver_Loss: 98.3863
Epoch 159/200, Batch 200, Aver_Loss: 100.7334
Epoch 159/200, Batch 300, Aver_Loss: 95.6409
Epoch 159/200, Batch 400, Aver_Loss: 102.0442
[early-stopping] Epoch 159: no improvement (2/20)
Epoch 160/200, Batch 100, Aver_Loss: 99.0863
Epoch 160/200, Batch 200, Aver_Loss: 96.4748
Epoch 160/200, Batch 300, Aver_Loss: 100.4335
Epoch 160/200, Batch 400, Aver_Loss: 97.1925
[early-stopping] Epoch 160: no improvement (3/20)
Epoch 161/200, Batch 100, Aver_Loss: 98.5508
Epoch 161/200, Batch 200, Aver_Loss: 101.6469
Epoch 161/200, Batch 300, Aver_Loss: 96.7430
Epoch 161/200, Batch 400, Aver_Loss: 99.3589
[early-stopping] Epoch 161: no improvement (4/20)
Epoch 162/200, Batch 100, Aver_Loss: 98.7739
Epoch 162/200, Batch 200, Aver_Loss: 102.9373
Epoch 162/200, Batch 300, Aver_Loss: 96.2105
Epoch 162/200, Batch 400, Aver_Loss: 100.4406
[early-stopping] Epoch 162: new best val ELBO = -100.242338
Epoch 163/200, Batch 100, Aver_Loss: 97.0704
Epoch 163/200, Batch 200, Aver_Loss: 95.7500
Epoch 163/200, Batch 300, Aver_Loss: 94.1190
Epoch 163/200, Batch 400, Aver_Loss: 99.7104
[early-stopping] Epoch 163: no improvement (1/20)
Epoch 164/200, Batch 100, Aver_Loss: 101.8205
Epoch 164/200, Batch 200, Aver_Loss: 95.5483
Epoch 164/200, Batch 300, Aver_Loss: 99.4643
Epoch 164/200, Batch 400, Aver_Loss: 100.3468
[early-stopping] Epoch 164: new best val ELBO = -100.216256
Epoch 165/200, Batch 100, Aver_Loss: 95.5985
Epoch 165/200, Batch 200, Aver_Loss: 96.5068
Epoch 165/200, Batch 300, Aver_Loss: 103.8867
Epoch 165/200, Batch 400, Aver_Loss: 94.5204
[early-stopping] Epoch 165: no improvement (1/20)
Epoch 166/200, Batch 100, Aver_Loss: 100.5508
Epoch 166/200, Batch 200, Aver_Loss: 99.4744
Epoch 166/200, Batch 300, Aver_Loss: 96.8431
Epoch 166/200, Batch 400, Aver_Loss: 99.1755
[early-stopping] Epoch 166: no improvement (2/20)
Epoch 167/200, Batch 100, Aver_Loss: 99.9117
Epoch 167/200, Batch 200, Aver_Loss: 99.0658
Epoch 167/200, Batch 300, Aver_Loss: 100.7786
Epoch 167/200, Batch 400, Aver_Loss: 102.1654
[early-stopping] Epoch 167: no improvement (3/20)
Epoch 168/200, Batch 100, Aver_Loss: 101.6439
Epoch 168/200, Batch 200, Aver_Loss: 97.7910
Epoch 168/200, Batch 300, Aver_Loss: 98.2080
Epoch 168/200, Batch 400, Aver_Loss: 96.0848
[early-stopping] Epoch 168: no improvement (4/20)
Epoch 169/200, Batch 100, Aver_Loss: 100.7843
Epoch 169/200, Batch 200, Aver_Loss: 97.9746
Epoch 169/200, Batch 300, Aver_Loss: 101.8224
Epoch 169/200, Batch 400, Aver_Loss: 103.3157
[early-stopping] Epoch 169: new best val ELBO = -100.197410
Epoch 170/200, Batch 100, Aver_Loss: 96.1717
Epoch 170/200, Batch 200, Aver_Loss: 101.0399
Epoch 170/200, Batch 300, Aver_Loss: 100.1507
Epoch 170/200, Batch 400, Aver_Loss: 101.6181
[early-stopping] Epoch 170: no improvement (1/20)
Epoch 171/200, Batch 100, Aver_Loss: 98.5399
Epoch 171/200, Batch 200, Aver_Loss: 95.7946
Epoch 171/200, Batch 300, Aver_Loss: 98.9537
Epoch 171/200, Batch 400, Aver_Loss: 97.8996
[early-stopping] Epoch 171: no improvement (2/20)
Epoch 172/200, Batch 100, Aver_Loss: 99.5331
Epoch 172/200, Batch 200, Aver_Loss: 100.3656
Epoch 172/200, Batch 300, Aver_Loss: 97.2852
Epoch 172/200, Batch 400, Aver_Loss: 92.9148
[early-stopping] Epoch 172: no improvement (3/20)
Epoch 173/200, Batch 100, Aver_Loss: 98.6435
Epoch 173/200, Batch 200, Aver_Loss: 97.9044
Epoch 173/200, Batch 300, Aver_Loss: 99.0440
Epoch 173/200, Batch 400, Aver_Loss: 97.1936
[early-stopping] Epoch 173: no improvement (4/20)
Epoch 174/200, Batch 100, Aver_Loss: 98.8766
Epoch 174/200, Batch 200, Aver_Loss: 97.8053
Epoch 174/200, Batch 300, Aver_Loss: 99.3693
Epoch 174/200, Batch 400, Aver_Loss: 96.1327
[early-stopping] Epoch 174: no improvement (5/20)
Epoch 175/200, Batch 100, Aver_Loss: 96.2368
Epoch 175/200, Batch 200, Aver_Loss: 102.3230
Epoch 175/200, Batch 300, Aver_Loss: 98.3439
Epoch 175/200, Batch 400, Aver_Loss: 93.0703
[early-stopping] Epoch 175: no improvement (6/20)
Epoch 176/200, Batch 100, Aver_Loss: 94.3700
Epoch 176/200, Batch 200, Aver_Loss: 93.9163
Epoch 176/200, Batch 300, Aver_Loss: 96.7942
Epoch 176/200, Batch 400, Aver_Loss: 98.6163
[early-stopping] Epoch 176: no improvement (7/20)
Epoch 177/200, Batch 100, Aver_Loss: 98.2239
Epoch 177/200, Batch 200, Aver_Loss: 98.8120
Epoch 177/200, Batch 300, Aver_Loss: 97.6522
Epoch 177/200, Batch 400, Aver_Loss: 99.3807
[early-stopping] Epoch 177: no improvement (8/20)
Epoch 178/200, Batch 100, Aver_Loss: 96.5727
Epoch 178/200, Batch 200, Aver_Loss: 101.0941
Epoch 178/200, Batch 300, Aver_Loss: 101.1648
Epoch 178/200, Batch 400, Aver_Loss: 95.2679
[early-stopping] Epoch 178: no improvement (9/20)
Epoch 179/200, Batch 100, Aver_Loss: 100.4491
Epoch 179/200, Batch 200, Aver_Loss: 97.9137
Epoch 179/200, Batch 300, Aver_Loss: 100.0725
Epoch 179/200, Batch 400, Aver_Loss: 95.5758
[early-stopping] Epoch 179: new best val ELBO = -100.164125
Epoch 180/200, Batch 100, Aver_Loss: 95.0610
Epoch 180/200, Batch 200, Aver_Loss: 102.2886
Epoch 180/200, Batch 300, Aver_Loss: 97.8988
Epoch 180/200, Batch 400, Aver_Loss: 103.2571
[early-stopping] Epoch 180: no improvement (1/20)
Epoch 181/200, Batch 100, Aver_Loss: 97.5464
Epoch 181/200, Batch 200, Aver_Loss: 99.2163
Epoch 181/200, Batch 300, Aver_Loss: 100.5179
Epoch 181/200, Batch 400, Aver_Loss: 102.8882
[early-stopping] Epoch 181: no improvement (2/20)
Epoch 182/200, Batch 100, Aver_Loss: 103.6204
Epoch 182/200, Batch 200, Aver_Loss: 101.1731
Epoch 182/200, Batch 300, Aver_Loss: 94.8370
Epoch 182/200, Batch 400, Aver_Loss: 98.2675
[early-stopping] Epoch 182: no improvement (3/20)
Epoch 183/200, Batch 100, Aver_Loss: 102.1713
Epoch 183/200, Batch 200, Aver_Loss: 97.1836
Epoch 183/200, Batch 300, Aver_Loss: 95.1396
Epoch 183/200, Batch 400, Aver_Loss: 101.5611
[early-stopping] Epoch 183: no improvement (4/20)
Epoch 184/200, Batch 100, Aver_Loss: 99.8164
Epoch 184/200, Batch 200, Aver_Loss: 95.6753
Epoch 184/200, Batch 300, Aver_Loss: 103.5425
Epoch 184/200, Batch 400, Aver_Loss: 97.7725
[early-stopping] Epoch 184: no improvement (5/20)
Epoch 185/200, Batch 100, Aver_Loss: 96.3071
Epoch 185/200, Batch 200, Aver_Loss: 95.4133
Epoch 185/200, Batch 300, Aver_Loss: 96.8998
Epoch 185/200, Batch 400, Aver_Loss: 94.4063
[early-stopping] Epoch 185: new best val ELBO = -100.103776
Epoch 186/200, Batch 100, Aver_Loss: 98.2128
Epoch 186/200, Batch 200, Aver_Loss: 100.1961
Epoch 186/200, Batch 300, Aver_Loss: 99.5986
Epoch 186/200, Batch 400, Aver_Loss: 102.6517
[early-stopping] Epoch 186: no improvement (1/20)
Epoch 187/200, Batch 100, Aver_Loss: 97.7461
Epoch 187/200, Batch 200, Aver_Loss: 98.8611
Epoch 187/200, Batch 300, Aver_Loss: 94.5525
Epoch 187/200, Batch 400, Aver_Loss: 101.0066
[early-stopping] Epoch 187: no improvement (2/20)
Epoch 188/200, Batch 100, Aver_Loss: 96.6224
Epoch 188/200, Batch 200, Aver_Loss: 99.2366
Epoch 188/200, Batch 300, Aver_Loss: 99.3647
Epoch 188/200, Batch 400, Aver_Loss: 97.1370
[early-stopping] Epoch 188: no improvement (3/20)
Epoch 189/200, Batch 100, Aver_Loss: 95.7138
Epoch 189/200, Batch 200, Aver_Loss: 99.4736
Epoch 189/200, Batch 300, Aver_Loss: 102.5348
Epoch 189/200, Batch 400, Aver_Loss: 99.3623
[early-stopping] Epoch 189: no improvement (4/20)
Epoch 190/200, Batch 100, Aver_Loss: 99.3450
Epoch 190/200, Batch 200, Aver_Loss: 101.4993
Epoch 190/200, Batch 300, Aver_Loss: 96.8248
Epoch 190/200, Batch 400, Aver_Loss: 99.5019
[early-stopping] Epoch 190: no improvement (5/20)
Epoch 191/200, Batch 100, Aver_Loss: 96.0110
Epoch 191/200, Batch 200, Aver_Loss: 97.2114
Epoch 191/200, Batch 300, Aver_Loss: 100.3870
Epoch 191/200, Batch 400, Aver_Loss: 99.1549
[early-stopping] Epoch 191: no improvement (6/20)
Epoch 192/200, Batch 100, Aver_Loss: 100.7545
Epoch 192/200, Batch 200, Aver_Loss: 101.4874
Epoch 192/200, Batch 300, Aver_Loss: 102.0840
Epoch 192/200, Batch 400, Aver_Loss: 98.0804
[early-stopping] Epoch 192: no improvement (7/20)
Epoch 193/200, Batch 100, Aver_Loss: 95.8781
Epoch 193/200, Batch 200, Aver_Loss: 95.6838
Epoch 193/200, Batch 300, Aver_Loss: 101.2452
Epoch 193/200, Batch 400, Aver_Loss: 97.2449
[early-stopping] Epoch 193: no improvement (8/20)
Epoch 194/200, Batch 100, Aver_Loss: 98.2966
Epoch 194/200, Batch 200, Aver_Loss: 100.2464
Epoch 194/200, Batch 300, Aver_Loss: 98.5269
Epoch 194/200, Batch 400, Aver_Loss: 105.3156
[early-stopping] Epoch 194: no improvement (9/20)
Epoch 195/200, Batch 100, Aver_Loss: 98.3551
Epoch 195/200, Batch 200, Aver_Loss: 97.2038
Epoch 195/200, Batch 300, Aver_Loss: 102.7818
Epoch 195/200, Batch 400, Aver_Loss: 101.8003
[early-stopping] Epoch 195: no improvement (10/20)
Epoch 196/200, Batch 100, Aver_Loss: 99.9013
Epoch 196/200, Batch 200, Aver_Loss: 99.2894
Epoch 196/200, Batch 300, Aver_Loss: 98.7409
Epoch 196/200, Batch 400, Aver_Loss: 103.4669
[early-stopping] Epoch 196: no improvement (11/20)
Epoch 197/200, Batch 100, Aver_Loss: 97.0846
Epoch 197/200, Batch 200, Aver_Loss: 97.8429
Epoch 197/200, Batch 300, Aver_Loss: 97.2149
Epoch 197/200, Batch 400, Aver_Loss: 102.5230
[early-stopping] Epoch 197: no improvement (12/20)
Epoch 198/200, Batch 100, Aver_Loss: 98.3623
Epoch 198/200, Batch 200, Aver_Loss: 97.4456
Epoch 198/200, Batch 300, Aver_Loss: 99.4068
Epoch 198/200, Batch 400, Aver_Loss: 97.4847
[early-stopping] Epoch 198: no improvement (13/20)
Epoch 199/200, Batch 100, Aver_Loss: 97.5490
Epoch 199/200, Batch 200, Aver_Loss: 95.1052
Epoch 199/200, Batch 300, Aver_Loss: 98.6773
Epoch 199/200, Batch 400, Aver_Loss: 95.4809
[early-stopping] Epoch 199: new best val ELBO = -100.092770
Epoch 200/200, Batch 100, Aver_Loss: 99.7724
Epoch 200/200, Batch 200, Aver_Loss: 95.1485
Epoch 200/200, Batch 300, Aver_Loss: 93.0561
Epoch 200/200, Batch 400, Aver_Loss: 95.2997
[early-stopping] Epoch 200: no improvement (1/20)
[early-stopping] Loaded best model from epoch 199 (val ELBO = -100.092770)
[checkpoint] Saved best model to: trained_parameters/mnist_basic_zdim16_MVAE.pkl
[saved curves] ./results/MNIST_BASIC/curves/mnist_basic_mvae_d16_s777.json

==== Evaluation Summary ====
                 model: mvae
   recon/mse_per_pixel: 0.011707
            elbo/train: -98.255548
             elbo/test: -100.116649
             mse/train: 0.010784
              mse/test: 0.011707
             probe/acc: 0.909443
             probe/nll: 0.300632
           probe/brier: 0.136327
             probe/ece: 0.011547
           cluster/nmi: 0.645859
           cluster/ari: 0.590173
============================

