/usr/bin/which: no fi_info in (/arf/home/meyavuz/.local/bin:/arf/sw/comp/python/intelpython3/condabin:/arf/sw/comp/python/intelpython3/bin:/usr/share/Modules/bin:/usr/local/bin:/usr/bin:/usr/local/sbin:/usr/sbin)
Extension for Scikit-learn* enabled (https://github.com/uxlfoundation/scikit-learn-intelex)
/arf/home/meyavuz/.conda/envs/sbn/lib/python3.9/site-packages/sklearn/linear_model/_logistic.py:1247: FutureWarning: 'multi_class' was deprecated in version 1.5 and will be removed in 1.7. From then on, it will always use 'multinomial'. Leave it to its default value to avoid this warning.
  warnings.warn(
Epoch 1/200, Batch 100, Aver_Loss: 550.7715
Epoch 1/200, Batch 200, Aver_Loss: 534.9037
Epoch 1/200, Batch 300, Aver_Loss: 530.2278
Epoch 1/200, Batch 400, Aver_Loss: 530.4086
[early-stopping] Epoch 1: new best val ELBO = -529.391099
Epoch 2/200, Batch 100, Aver_Loss: 530.6947
Epoch 2/200, Batch 200, Aver_Loss: 529.4923
Epoch 2/200, Batch 300, Aver_Loss: 530.2014
Epoch 2/200, Batch 400, Aver_Loss: 529.0964
[early-stopping] Epoch 2: new best val ELBO = -528.301659
Epoch 3/200, Batch 100, Aver_Loss: 525.8463
Epoch 3/200, Batch 200, Aver_Loss: 529.5135
Epoch 3/200, Batch 300, Aver_Loss: 526.7742
Epoch 3/200, Batch 400, Aver_Loss: 527.1830
[early-stopping] Epoch 3: new best val ELBO = -527.922061
Epoch 4/200, Batch 100, Aver_Loss: 530.3671
Epoch 4/200, Batch 200, Aver_Loss: 528.3295
Epoch 4/200, Batch 300, Aver_Loss: 529.6243
Epoch 4/200, Batch 400, Aver_Loss: 529.7047
[early-stopping] Epoch 4: new best val ELBO = -527.762101
Epoch 5/200, Batch 100, Aver_Loss: 526.2416
Epoch 5/200, Batch 200, Aver_Loss: 528.3123
Epoch 5/200, Batch 300, Aver_Loss: 528.8237
Epoch 5/200, Batch 400, Aver_Loss: 528.4828
[early-stopping] Epoch 5: new best val ELBO = -527.677046
Epoch 6/200, Batch 100, Aver_Loss: 528.2004
Epoch 6/200, Batch 200, Aver_Loss: 526.6527
Epoch 6/200, Batch 300, Aver_Loss: 528.2929
Epoch 6/200, Batch 400, Aver_Loss: 528.8336
[early-stopping] Epoch 6: new best val ELBO = -527.660363
Epoch 7/200, Batch 100, Aver_Loss: 528.7106
Epoch 7/200, Batch 200, Aver_Loss: 528.5504
Epoch 7/200, Batch 300, Aver_Loss: 526.6570
Epoch 7/200, Batch 400, Aver_Loss: 526.0380
[early-stopping] Epoch 7: new best val ELBO = -527.239849
Epoch 8/200, Batch 100, Aver_Loss: 528.9962
Epoch 8/200, Batch 200, Aver_Loss: 526.6728
Epoch 8/200, Batch 300, Aver_Loss: 527.3313
Epoch 8/200, Batch 400, Aver_Loss: 527.2449
[early-stopping] Epoch 8: new best val ELBO = -526.974920
Epoch 9/200, Batch 100, Aver_Loss: 525.0849
Epoch 9/200, Batch 200, Aver_Loss: 525.1254
Epoch 9/200, Batch 300, Aver_Loss: 528.1862
Epoch 9/200, Batch 400, Aver_Loss: 527.8639
[early-stopping] Epoch 9: no improvement (1/20)
Epoch 10/200, Batch 100, Aver_Loss: 525.8784
Epoch 10/200, Batch 200, Aver_Loss: 528.2556
Epoch 10/200, Batch 300, Aver_Loss: 527.4411
Epoch 10/200, Batch 400, Aver_Loss: 526.4234
[early-stopping] Epoch 10: new best val ELBO = -526.930579
Epoch 11/200, Batch 100, Aver_Loss: 525.9818
Epoch 11/200, Batch 200, Aver_Loss: 528.3580
Epoch 11/200, Batch 300, Aver_Loss: 526.2013
Epoch 11/200, Batch 400, Aver_Loss: 527.7379
[early-stopping] Epoch 11: new best val ELBO = -526.765047
Epoch 12/200, Batch 100, Aver_Loss: 527.1721
Epoch 12/200, Batch 200, Aver_Loss: 527.9762
Epoch 12/200, Batch 300, Aver_Loss: 527.8264
Epoch 12/200, Batch 400, Aver_Loss: 528.3815
[early-stopping] Epoch 12: new best val ELBO = -526.527012
Epoch 13/200, Batch 100, Aver_Loss: 526.9179
Epoch 13/200, Batch 200, Aver_Loss: 528.4116
Epoch 13/200, Batch 300, Aver_Loss: 526.6702
Epoch 13/200, Batch 400, Aver_Loss: 527.0533
[early-stopping] Epoch 13: new best val ELBO = -526.421337
Epoch 14/200, Batch 100, Aver_Loss: 523.5132
Epoch 14/200, Batch 200, Aver_Loss: 527.1400
Epoch 14/200, Batch 300, Aver_Loss: 524.8318
Epoch 14/200, Batch 400, Aver_Loss: 523.6079
[early-stopping] Epoch 14: no improvement (1/20)
Epoch 15/200, Batch 100, Aver_Loss: 527.4536
Epoch 15/200, Batch 200, Aver_Loss: 525.6576
Epoch 15/200, Batch 300, Aver_Loss: 526.3232
Epoch 15/200, Batch 400, Aver_Loss: 526.5866
[early-stopping] Epoch 15: no improvement (2/20)
Epoch 16/200, Batch 100, Aver_Loss: 523.2695
Epoch 16/200, Batch 200, Aver_Loss: 527.8735
Epoch 16/200, Batch 300, Aver_Loss: 527.8083
Epoch 16/200, Batch 400, Aver_Loss: 527.3322
[early-stopping] Epoch 16: new best val ELBO = -526.387527
Epoch 17/200, Batch 100, Aver_Loss: 525.3431
Epoch 17/200, Batch 200, Aver_Loss: 526.8854
Epoch 17/200, Batch 300, Aver_Loss: 523.5240
Epoch 17/200, Batch 400, Aver_Loss: 525.6828
[early-stopping] Epoch 17: new best val ELBO = -526.323686
Epoch 18/200, Batch 100, Aver_Loss: 526.3766
Epoch 18/200, Batch 200, Aver_Loss: 526.5629
Epoch 18/200, Batch 300, Aver_Loss: 526.3750
Epoch 18/200, Batch 400, Aver_Loss: 526.9428
[early-stopping] Epoch 18: new best val ELBO = -526.025189
Epoch 19/200, Batch 100, Aver_Loss: 526.5450
Epoch 19/200, Batch 200, Aver_Loss: 525.2661
Epoch 19/200, Batch 300, Aver_Loss: 527.3723
Epoch 19/200, Batch 400, Aver_Loss: 524.0504
[early-stopping] Epoch 19: new best val ELBO = -526.004993
Epoch 20/200, Batch 100, Aver_Loss: 523.8392
Epoch 20/200, Batch 200, Aver_Loss: 527.3548
Epoch 20/200, Batch 300, Aver_Loss: 526.1465
Epoch 20/200, Batch 400, Aver_Loss: 526.1779
[early-stopping] Epoch 20: new best val ELBO = -525.874998
Epoch 21/200, Batch 100, Aver_Loss: 527.3557
Epoch 21/200, Batch 200, Aver_Loss: 525.0724
Epoch 21/200, Batch 300, Aver_Loss: 525.3293
Epoch 21/200, Batch 400, Aver_Loss: 525.7623
[early-stopping] Epoch 21: new best val ELBO = -525.748595
Epoch 22/200, Batch 100, Aver_Loss: 526.6727
Epoch 22/200, Batch 200, Aver_Loss: 525.5305
Epoch 22/200, Batch 300, Aver_Loss: 525.8765
Epoch 22/200, Batch 400, Aver_Loss: 526.5734
[early-stopping] Epoch 22: no improvement (1/20)
Epoch 23/200, Batch 100, Aver_Loss: 523.0405
Epoch 23/200, Batch 200, Aver_Loss: 525.0112
Epoch 23/200, Batch 300, Aver_Loss: 526.2973
Epoch 23/200, Batch 400, Aver_Loss: 524.5139
[early-stopping] Epoch 23: no improvement (2/20)
Epoch 24/200, Batch 100, Aver_Loss: 528.5782
Epoch 24/200, Batch 200, Aver_Loss: 526.2492
Epoch 24/200, Batch 300, Aver_Loss: 526.3460
Epoch 24/200, Batch 400, Aver_Loss: 524.0476
[early-stopping] Epoch 24: no improvement (3/20)
Epoch 25/200, Batch 100, Aver_Loss: 524.2639
Epoch 25/200, Batch 200, Aver_Loss: 524.7575
Epoch 25/200, Batch 300, Aver_Loss: 524.8354
Epoch 25/200, Batch 400, Aver_Loss: 528.2725
[early-stopping] Epoch 25: new best val ELBO = -525.672737
Epoch 26/200, Batch 100, Aver_Loss: 524.5037
Epoch 26/200, Batch 200, Aver_Loss: 522.4362
Epoch 26/200, Batch 300, Aver_Loss: 525.2198
Epoch 26/200, Batch 400, Aver_Loss: 527.5037
[early-stopping] Epoch 26: new best val ELBO = -525.652475
Epoch 27/200, Batch 100, Aver_Loss: 524.7290
Epoch 27/200, Batch 200, Aver_Loss: 525.6508
Epoch 27/200, Batch 300, Aver_Loss: 523.5184
Epoch 27/200, Batch 400, Aver_Loss: 524.7661
[early-stopping] Epoch 27: no improvement (1/20)
Epoch 28/200, Batch 100, Aver_Loss: 523.6769
Epoch 28/200, Batch 200, Aver_Loss: 524.7646
Epoch 28/200, Batch 300, Aver_Loss: 527.7288
Epoch 28/200, Batch 400, Aver_Loss: 525.5449
[early-stopping] Epoch 28: new best val ELBO = -525.568091
Epoch 29/200, Batch 100, Aver_Loss: 526.7561
Epoch 29/200, Batch 200, Aver_Loss: 526.5488
Epoch 29/200, Batch 300, Aver_Loss: 526.2507
Epoch 29/200, Batch 400, Aver_Loss: 523.9992
[early-stopping] Epoch 29: no improvement (1/20)
Epoch 30/200, Batch 100, Aver_Loss: 525.2578
Epoch 30/200, Batch 200, Aver_Loss: 524.9741
Epoch 30/200, Batch 300, Aver_Loss: 524.1639
Epoch 30/200, Batch 400, Aver_Loss: 526.0032
[early-stopping] Epoch 30: no improvement (2/20)
Epoch 31/200, Batch 100, Aver_Loss: 526.0370
Epoch 31/200, Batch 200, Aver_Loss: 527.5590
Epoch 31/200, Batch 300, Aver_Loss: 528.8840
Epoch 31/200, Batch 400, Aver_Loss: 523.4443
[early-stopping] Epoch 31: new best val ELBO = -525.527882
Epoch 32/200, Batch 100, Aver_Loss: 527.4259
Epoch 32/200, Batch 200, Aver_Loss: 520.7927
Epoch 32/200, Batch 300, Aver_Loss: 525.6071
Epoch 32/200, Batch 400, Aver_Loss: 525.9274
[early-stopping] Epoch 32: no improvement (1/20)
Epoch 33/200, Batch 100, Aver_Loss: 525.4753
Epoch 33/200, Batch 200, Aver_Loss: 525.8789
Epoch 33/200, Batch 300, Aver_Loss: 527.2488
Epoch 33/200, Batch 400, Aver_Loss: 525.3026
[early-stopping] Epoch 33: no improvement (2/20)
Epoch 34/200, Batch 100, Aver_Loss: 526.3716
Epoch 34/200, Batch 200, Aver_Loss: 525.9868
Epoch 34/200, Batch 300, Aver_Loss: 526.0685
Epoch 34/200, Batch 400, Aver_Loss: 526.7961
[early-stopping] Epoch 34: new best val ELBO = -525.439310
Epoch 35/200, Batch 100, Aver_Loss: 526.8538
Epoch 35/200, Batch 200, Aver_Loss: 521.7582
Epoch 35/200, Batch 300, Aver_Loss: 524.7217
Epoch 35/200, Batch 400, Aver_Loss: 527.1268
[early-stopping] Epoch 35: new best val ELBO = -525.419618
Epoch 36/200, Batch 100, Aver_Loss: 522.8640
Epoch 36/200, Batch 200, Aver_Loss: 526.5539
Epoch 36/200, Batch 300, Aver_Loss: 528.2819
Epoch 36/200, Batch 400, Aver_Loss: 525.1926
[early-stopping] Epoch 36: new best val ELBO = -525.360414
Epoch 37/200, Batch 100, Aver_Loss: 525.5512
Epoch 37/200, Batch 200, Aver_Loss: 526.6096
Epoch 37/200, Batch 300, Aver_Loss: 527.2365
Epoch 37/200, Batch 400, Aver_Loss: 525.7627
[early-stopping] Epoch 37: new best val ELBO = -525.318387
Epoch 38/200, Batch 100, Aver_Loss: 524.6370
Epoch 38/200, Batch 200, Aver_Loss: 526.4075
Epoch 38/200, Batch 300, Aver_Loss: 524.5004
Epoch 38/200, Batch 400, Aver_Loss: 525.8254
[early-stopping] Epoch 38: no improvement (1/20)
Epoch 39/200, Batch 100, Aver_Loss: 525.8705
Epoch 39/200, Batch 200, Aver_Loss: 524.2600
Epoch 39/200, Batch 300, Aver_Loss: 524.4266
Epoch 39/200, Batch 400, Aver_Loss: 522.9567
[early-stopping] Epoch 39: new best val ELBO = -525.313494
Epoch 40/200, Batch 100, Aver_Loss: 526.4164
Epoch 40/200, Batch 200, Aver_Loss: 527.7509
Epoch 40/200, Batch 300, Aver_Loss: 526.3008
Epoch 40/200, Batch 400, Aver_Loss: 527.1860
[early-stopping] Epoch 40: no improvement (1/20)
Epoch 41/200, Batch 100, Aver_Loss: 522.4994
Epoch 41/200, Batch 200, Aver_Loss: 522.7278
Epoch 41/200, Batch 300, Aver_Loss: 524.9919
Epoch 41/200, Batch 400, Aver_Loss: 525.1494
[early-stopping] Epoch 41: no improvement (2/20)
Epoch 42/200, Batch 100, Aver_Loss: 524.4703
Epoch 42/200, Batch 200, Aver_Loss: 523.4844
Epoch 42/200, Batch 300, Aver_Loss: 523.3384
Epoch 42/200, Batch 400, Aver_Loss: 523.8978
[early-stopping] Epoch 42: no improvement (3/20)
Epoch 43/200, Batch 100, Aver_Loss: 524.4433
Epoch 43/200, Batch 200, Aver_Loss: 524.4326
Epoch 43/200, Batch 300, Aver_Loss: 522.5254
Epoch 43/200, Batch 400, Aver_Loss: 524.2846
[early-stopping] Epoch 43: new best val ELBO = -525.213415
Epoch 44/200, Batch 100, Aver_Loss: 526.7684
Epoch 44/200, Batch 200, Aver_Loss: 527.4441
Epoch 44/200, Batch 300, Aver_Loss: 521.9763
Epoch 44/200, Batch 400, Aver_Loss: 526.0073
[early-stopping] Epoch 44: no improvement (1/20)
Epoch 45/200, Batch 100, Aver_Loss: 523.5007
Epoch 45/200, Batch 200, Aver_Loss: 524.8529
Epoch 45/200, Batch 300, Aver_Loss: 525.0101
Epoch 45/200, Batch 400, Aver_Loss: 525.1837
[early-stopping] Epoch 45: no improvement (2/20)
Epoch 46/200, Batch 100, Aver_Loss: 526.0623
Epoch 46/200, Batch 200, Aver_Loss: 524.9998
Epoch 46/200, Batch 300, Aver_Loss: 525.5830
Epoch 46/200, Batch 400, Aver_Loss: 527.3568
[early-stopping] Epoch 46: no improvement (3/20)
Epoch 47/200, Batch 100, Aver_Loss: 525.4528
Epoch 47/200, Batch 200, Aver_Loss: 526.9873
Epoch 47/200, Batch 300, Aver_Loss: 526.2870
Epoch 47/200, Batch 400, Aver_Loss: 526.7166
[early-stopping] Epoch 47: new best val ELBO = -525.131288
Epoch 48/200, Batch 100, Aver_Loss: 526.1534
Epoch 48/200, Batch 200, Aver_Loss: 525.4211
Epoch 48/200, Batch 300, Aver_Loss: 524.8807
Epoch 48/200, Batch 400, Aver_Loss: 525.5464
[early-stopping] Epoch 48: no improvement (1/20)
Epoch 49/200, Batch 100, Aver_Loss: 524.6896
Epoch 49/200, Batch 200, Aver_Loss: 525.7993
Epoch 49/200, Batch 300, Aver_Loss: 523.5287
Epoch 49/200, Batch 400, Aver_Loss: 525.8130
[early-stopping] Epoch 49: no improvement (2/20)
Epoch 50/200, Batch 100, Aver_Loss: 526.8107
Epoch 50/200, Batch 200, Aver_Loss: 523.9922
Epoch 50/200, Batch 300, Aver_Loss: 524.2677
Epoch 50/200, Batch 400, Aver_Loss: 524.1297
[early-stopping] Epoch 50: no improvement (3/20)
Epoch 51/200, Batch 100, Aver_Loss: 526.5109
Epoch 51/200, Batch 200, Aver_Loss: 523.4969
Epoch 51/200, Batch 300, Aver_Loss: 527.9723
Epoch 51/200, Batch 400, Aver_Loss: 526.3931
[early-stopping] Epoch 51: no improvement (4/20)
Epoch 52/200, Batch 100, Aver_Loss: 524.6899
Epoch 52/200, Batch 200, Aver_Loss: 527.8544
Epoch 52/200, Batch 300, Aver_Loss: 526.8330
Epoch 52/200, Batch 400, Aver_Loss: 526.4321
[early-stopping] Epoch 52: no improvement (5/20)
Epoch 53/200, Batch 100, Aver_Loss: 526.6498
Epoch 53/200, Batch 200, Aver_Loss: 526.1832
Epoch 53/200, Batch 300, Aver_Loss: 526.5765
Epoch 53/200, Batch 400, Aver_Loss: 526.1887
[early-stopping] Epoch 53: no improvement (6/20)
Epoch 54/200, Batch 100, Aver_Loss: 523.6968
Epoch 54/200, Batch 200, Aver_Loss: 525.4632
Epoch 54/200, Batch 300, Aver_Loss: 524.4166
Epoch 54/200, Batch 400, Aver_Loss: 522.8248
[early-stopping] Epoch 54: no improvement (7/20)
Epoch 55/200, Batch 100, Aver_Loss: 527.4235
Epoch 55/200, Batch 200, Aver_Loss: 524.5463
Epoch 55/200, Batch 300, Aver_Loss: 525.6629
Epoch 55/200, Batch 400, Aver_Loss: 525.0273
[early-stopping] Epoch 55: no improvement (8/20)
Epoch 56/200, Batch 100, Aver_Loss: 525.0966
Epoch 56/200, Batch 200, Aver_Loss: 521.2465
Epoch 56/200, Batch 300, Aver_Loss: 523.2551
Epoch 56/200, Batch 400, Aver_Loss: 525.6668
[early-stopping] Epoch 56: no improvement (9/20)
Epoch 57/200, Batch 100, Aver_Loss: 525.0869
Epoch 57/200, Batch 200, Aver_Loss: 523.7079
Epoch 57/200, Batch 300, Aver_Loss: 523.7773
Epoch 57/200, Batch 400, Aver_Loss: 526.3361
[early-stopping] Epoch 57: no improvement (10/20)
Epoch 58/200, Batch 100, Aver_Loss: 526.8311
Epoch 58/200, Batch 200, Aver_Loss: 524.0682
Epoch 58/200, Batch 300, Aver_Loss: 525.1344
Epoch 58/200, Batch 400, Aver_Loss: 524.5948
[early-stopping] Epoch 58: no improvement (11/20)
Epoch 59/200, Batch 100, Aver_Loss: 522.6147
Epoch 59/200, Batch 200, Aver_Loss: 523.2480
Epoch 59/200, Batch 300, Aver_Loss: 526.6589
Epoch 59/200, Batch 400, Aver_Loss: 527.2725
[early-stopping] Epoch 59: no improvement (12/20)
Epoch 60/200, Batch 100, Aver_Loss: 523.1779
Epoch 60/200, Batch 200, Aver_Loss: 521.3959
Epoch 60/200, Batch 300, Aver_Loss: 524.6161
Epoch 60/200, Batch 400, Aver_Loss: 524.2889
[early-stopping] Epoch 60: new best val ELBO = -525.118797
Epoch 61/200, Batch 100, Aver_Loss: 525.5370
Epoch 61/200, Batch 200, Aver_Loss: 524.5521
Epoch 61/200, Batch 300, Aver_Loss: 524.7388
Epoch 61/200, Batch 400, Aver_Loss: 522.2241
[early-stopping] Epoch 61: new best val ELBO = -525.095578
Epoch 62/200, Batch 100, Aver_Loss: 523.8417
Epoch 62/200, Batch 200, Aver_Loss: 524.3762
Epoch 62/200, Batch 300, Aver_Loss: 524.4744
Epoch 62/200, Batch 400, Aver_Loss: 523.1140
[early-stopping] Epoch 62: new best val ELBO = -525.009507
Epoch 63/200, Batch 100, Aver_Loss: 523.8737
Epoch 63/200, Batch 200, Aver_Loss: 525.5004
Epoch 63/200, Batch 300, Aver_Loss: 525.7065
Epoch 63/200, Batch 400, Aver_Loss: 525.3583
[early-stopping] Epoch 63: no improvement (1/20)
Epoch 64/200, Batch 100, Aver_Loss: 523.9969
Epoch 64/200, Batch 200, Aver_Loss: 523.9078
Epoch 64/200, Batch 300, Aver_Loss: 524.8315
Epoch 64/200, Batch 400, Aver_Loss: 524.4626
[early-stopping] Epoch 64: no improvement (2/20)
Epoch 65/200, Batch 100, Aver_Loss: 526.5109
Epoch 65/200, Batch 200, Aver_Loss: 526.8850
Epoch 65/200, Batch 300, Aver_Loss: 525.6146
Epoch 65/200, Batch 400, Aver_Loss: 522.2726
[early-stopping] Epoch 65: no improvement (3/20)
Epoch 66/200, Batch 100, Aver_Loss: 524.0026
Epoch 66/200, Batch 200, Aver_Loss: 526.4571
Epoch 66/200, Batch 300, Aver_Loss: 524.5802
Epoch 66/200, Batch 400, Aver_Loss: 523.6097
[early-stopping] Epoch 66: no improvement (4/20)
Epoch 67/200, Batch 100, Aver_Loss: 524.3611
Epoch 67/200, Batch 200, Aver_Loss: 523.7550
Epoch 67/200, Batch 300, Aver_Loss: 524.5596
Epoch 67/200, Batch 400, Aver_Loss: 523.5274
[early-stopping] Epoch 67: no improvement (5/20)
Epoch 68/200, Batch 100, Aver_Loss: 524.6533
Epoch 68/200, Batch 200, Aver_Loss: 524.6049
Epoch 68/200, Batch 300, Aver_Loss: 520.6050
Epoch 68/200, Batch 400, Aver_Loss: 527.5540
[early-stopping] Epoch 68: no improvement (6/20)
Epoch 69/200, Batch 100, Aver_Loss: 523.7584
Epoch 69/200, Batch 200, Aver_Loss: 524.1332
Epoch 69/200, Batch 300, Aver_Loss: 524.5840
Epoch 69/200, Batch 400, Aver_Loss: 526.8215
[early-stopping] Epoch 69: no improvement (7/20)
Epoch 70/200, Batch 100, Aver_Loss: 525.6120
Epoch 70/200, Batch 200, Aver_Loss: 526.7537
Epoch 70/200, Batch 300, Aver_Loss: 524.7932
Epoch 70/200, Batch 400, Aver_Loss: 524.7484
[early-stopping] Epoch 70: no improvement (8/20)
Epoch 71/200, Batch 100, Aver_Loss: 526.8684
Epoch 71/200, Batch 200, Aver_Loss: 525.7197
Epoch 71/200, Batch 300, Aver_Loss: 525.8534
Epoch 71/200, Batch 400, Aver_Loss: 526.3849
[early-stopping] Epoch 71: no improvement (9/20)
Epoch 72/200, Batch 100, Aver_Loss: 523.8168
Epoch 72/200, Batch 200, Aver_Loss: 523.0771
Epoch 72/200, Batch 300, Aver_Loss: 524.1251
Epoch 72/200, Batch 400, Aver_Loss: 523.8336
[early-stopping] Epoch 72: no improvement (10/20)
Epoch 73/200, Batch 100, Aver_Loss: 523.4069
Epoch 73/200, Batch 200, Aver_Loss: 523.9659
Epoch 73/200, Batch 300, Aver_Loss: 524.0458
Epoch 73/200, Batch 400, Aver_Loss: 522.8228
[early-stopping] Epoch 73: new best val ELBO = -524.960890
Epoch 74/200, Batch 100, Aver_Loss: 527.3163
Epoch 74/200, Batch 200, Aver_Loss: 524.4136
Epoch 74/200, Batch 300, Aver_Loss: 523.7994
Epoch 74/200, Batch 400, Aver_Loss: 525.6727
[early-stopping] Epoch 74: no improvement (1/20)
Epoch 75/200, Batch 100, Aver_Loss: 523.5833
Epoch 75/200, Batch 200, Aver_Loss: 526.8875
Epoch 75/200, Batch 300, Aver_Loss: 525.9456
Epoch 75/200, Batch 400, Aver_Loss: 524.4334
[early-stopping] Epoch 75: no improvement (2/20)
Epoch 76/200, Batch 100, Aver_Loss: 524.2639
Epoch 76/200, Batch 200, Aver_Loss: 526.1096
Epoch 76/200, Batch 300, Aver_Loss: 523.7145
Epoch 76/200, Batch 400, Aver_Loss: 525.1733
[early-stopping] Epoch 76: no improvement (3/20)
Epoch 77/200, Batch 100, Aver_Loss: 523.6888
Epoch 77/200, Batch 200, Aver_Loss: 525.8317
Epoch 77/200, Batch 300, Aver_Loss: 523.7523
Epoch 77/200, Batch 400, Aver_Loss: 527.2581
[early-stopping] Epoch 77: new best val ELBO = -524.958416
Epoch 78/200, Batch 100, Aver_Loss: 523.9028
Epoch 78/200, Batch 200, Aver_Loss: 524.6594
Epoch 78/200, Batch 300, Aver_Loss: 525.4340
Epoch 78/200, Batch 400, Aver_Loss: 525.5544
[early-stopping] Epoch 78: no improvement (1/20)
Epoch 79/200, Batch 100, Aver_Loss: 524.5723
Epoch 79/200, Batch 200, Aver_Loss: 525.5829
Epoch 79/200, Batch 300, Aver_Loss: 524.4117
Epoch 79/200, Batch 400, Aver_Loss: 523.4670
[early-stopping] Epoch 79: no improvement (2/20)
Epoch 80/200, Batch 100, Aver_Loss: 523.5715
Epoch 80/200, Batch 200, Aver_Loss: 524.8134
Epoch 80/200, Batch 300, Aver_Loss: 525.2559
Epoch 80/200, Batch 400, Aver_Loss: 527.1179
[early-stopping] Epoch 80: no improvement (3/20)
Epoch 81/200, Batch 100, Aver_Loss: 524.8459
Epoch 81/200, Batch 200, Aver_Loss: 525.0411
Epoch 81/200, Batch 300, Aver_Loss: 523.4863
Epoch 81/200, Batch 400, Aver_Loss: 524.7441
[early-stopping] Epoch 81: no improvement (4/20)
Epoch 82/200, Batch 100, Aver_Loss: 522.4363
Epoch 82/200, Batch 200, Aver_Loss: 525.1113
Epoch 82/200, Batch 300, Aver_Loss: 523.8486
Epoch 82/200, Batch 400, Aver_Loss: 522.5129
[early-stopping] Epoch 82: no improvement (5/20)
Epoch 83/200, Batch 100, Aver_Loss: 524.7161
Epoch 83/200, Batch 200, Aver_Loss: 526.1917
Epoch 83/200, Batch 300, Aver_Loss: 527.4052
Epoch 83/200, Batch 400, Aver_Loss: 524.6312
[early-stopping] Epoch 83: no improvement (6/20)
Epoch 84/200, Batch 100, Aver_Loss: 524.9839
Epoch 84/200, Batch 200, Aver_Loss: 523.6283
Epoch 84/200, Batch 300, Aver_Loss: 524.6103
Epoch 84/200, Batch 400, Aver_Loss: 525.5808
[early-stopping] Epoch 84: no improvement (7/20)
Epoch 85/200, Batch 100, Aver_Loss: 526.0302
Epoch 85/200, Batch 200, Aver_Loss: 523.5873
Epoch 85/200, Batch 300, Aver_Loss: 524.7131
Epoch 85/200, Batch 400, Aver_Loss: 526.0453
[early-stopping] Epoch 85: no improvement (8/20)
Epoch 86/200, Batch 100, Aver_Loss: 524.5839
Epoch 86/200, Batch 200, Aver_Loss: 524.6121
Epoch 86/200, Batch 300, Aver_Loss: 525.0078
Epoch 86/200, Batch 400, Aver_Loss: 525.8007
[early-stopping] Epoch 86: no improvement (9/20)
Epoch 87/200, Batch 100, Aver_Loss: 526.6040
Epoch 87/200, Batch 200, Aver_Loss: 521.6661
Epoch 87/200, Batch 300, Aver_Loss: 525.3238
Epoch 87/200, Batch 400, Aver_Loss: 526.0659
[early-stopping] Epoch 87: no improvement (10/20)
Epoch 88/200, Batch 100, Aver_Loss: 526.2502
Epoch 88/200, Batch 200, Aver_Loss: 524.3762
Epoch 88/200, Batch 300, Aver_Loss: 526.6669
Epoch 88/200, Batch 400, Aver_Loss: 524.4255
[early-stopping] Epoch 88: no improvement (11/20)
Epoch 89/200, Batch 100, Aver_Loss: 523.3348
Epoch 89/200, Batch 200, Aver_Loss: 525.0477
Epoch 89/200, Batch 300, Aver_Loss: 524.9841
Epoch 89/200, Batch 400, Aver_Loss: 523.5534
[early-stopping] Epoch 89: no improvement (12/20)
Epoch 90/200, Batch 100, Aver_Loss: 525.0182
Epoch 90/200, Batch 200, Aver_Loss: 524.4630
Epoch 90/200, Batch 300, Aver_Loss: 526.1428
Epoch 90/200, Batch 400, Aver_Loss: 524.3306
[early-stopping] Epoch 90: new best val ELBO = -524.914834
Epoch 91/200, Batch 100, Aver_Loss: 524.9852
Epoch 91/200, Batch 200, Aver_Loss: 528.1341
Epoch 91/200, Batch 300, Aver_Loss: 524.4981
Epoch 91/200, Batch 400, Aver_Loss: 525.1269
[early-stopping] Epoch 91: new best val ELBO = -524.909255
Epoch 92/200, Batch 100, Aver_Loss: 523.8231
Epoch 92/200, Batch 200, Aver_Loss: 522.1959
Epoch 92/200, Batch 300, Aver_Loss: 526.1405
Epoch 92/200, Batch 400, Aver_Loss: 523.7065
[early-stopping] Epoch 92: no improvement (1/20)
Epoch 93/200, Batch 100, Aver_Loss: 524.4661
Epoch 93/200, Batch 200, Aver_Loss: 524.6676
Epoch 93/200, Batch 300, Aver_Loss: 521.4800
Epoch 93/200, Batch 400, Aver_Loss: 523.5222
[early-stopping] Epoch 93: no improvement (2/20)
Epoch 94/200, Batch 100, Aver_Loss: 526.1603
Epoch 94/200, Batch 200, Aver_Loss: 526.0577
Epoch 94/200, Batch 300, Aver_Loss: 526.9886
Epoch 94/200, Batch 400, Aver_Loss: 523.4281
[early-stopping] Epoch 94: no improvement (3/20)
Epoch 95/200, Batch 100, Aver_Loss: 524.4379
Epoch 95/200, Batch 200, Aver_Loss: 525.9698
Epoch 95/200, Batch 300, Aver_Loss: 525.4496
Epoch 95/200, Batch 400, Aver_Loss: 522.7775
[early-stopping] Epoch 95: no improvement (4/20)
Epoch 96/200, Batch 100, Aver_Loss: 525.0723
Epoch 96/200, Batch 200, Aver_Loss: 524.8056
Epoch 96/200, Batch 300, Aver_Loss: 527.1583
Epoch 96/200, Batch 400, Aver_Loss: 526.1284
[early-stopping] Epoch 96: no improvement (5/20)
Epoch 97/200, Batch 100, Aver_Loss: 523.6454
Epoch 97/200, Batch 200, Aver_Loss: 522.6389
Epoch 97/200, Batch 300, Aver_Loss: 526.2825
Epoch 97/200, Batch 400, Aver_Loss: 525.7635
[early-stopping] Epoch 97: no improvement (6/20)
Epoch 98/200, Batch 100, Aver_Loss: 523.5297
Epoch 98/200, Batch 200, Aver_Loss: 522.7585
Epoch 98/200, Batch 300, Aver_Loss: 524.3672
Epoch 98/200, Batch 400, Aver_Loss: 527.0820
[early-stopping] Epoch 98: no improvement (7/20)
Epoch 99/200, Batch 100, Aver_Loss: 525.5956
Epoch 99/200, Batch 200, Aver_Loss: 526.7936
Epoch 99/200, Batch 300, Aver_Loss: 525.6884
Epoch 99/200, Batch 400, Aver_Loss: 525.1940
[early-stopping] Epoch 99: no improvement (8/20)
Epoch 100/200, Batch 100, Aver_Loss: 524.3817
Epoch 100/200, Batch 200, Aver_Loss: 525.1446
Epoch 100/200, Batch 300, Aver_Loss: 526.6833
Epoch 100/200, Batch 400, Aver_Loss: 524.5198
[early-stopping] Epoch 100: no improvement (9/20)
Epoch 101/200, Batch 100, Aver_Loss: 524.6394
Epoch 101/200, Batch 200, Aver_Loss: 524.8243
Epoch 101/200, Batch 300, Aver_Loss: 526.8757
Epoch 101/200, Batch 400, Aver_Loss: 526.8345
[early-stopping] Epoch 101: no improvement (10/20)
Epoch 102/200, Batch 100, Aver_Loss: 522.6799
Epoch 102/200, Batch 200, Aver_Loss: 522.6441
Epoch 102/200, Batch 300, Aver_Loss: 525.9661
Epoch 102/200, Batch 400, Aver_Loss: 524.2055
[early-stopping] Epoch 102: no improvement (11/20)
Epoch 103/200, Batch 100, Aver_Loss: 523.0751
Epoch 103/200, Batch 200, Aver_Loss: 526.6322
Epoch 103/200, Batch 300, Aver_Loss: 525.0054
Epoch 103/200, Batch 400, Aver_Loss: 523.6290
[early-stopping] Epoch 103: no improvement (12/20)
Epoch 104/200, Batch 100, Aver_Loss: 523.2130
Epoch 104/200, Batch 200, Aver_Loss: 524.8525
Epoch 104/200, Batch 300, Aver_Loss: 526.5771
Epoch 104/200, Batch 400, Aver_Loss: 524.7227
[early-stopping] Epoch 104: no improvement (13/20)
Epoch 105/200, Batch 100, Aver_Loss: 525.9172
Epoch 105/200, Batch 200, Aver_Loss: 525.5573
Epoch 105/200, Batch 300, Aver_Loss: 525.3772
Epoch 105/200, Batch 400, Aver_Loss: 522.6202
[early-stopping] Epoch 105: no improvement (14/20)
Epoch 106/200, Batch 100, Aver_Loss: 528.4758
Epoch 106/200, Batch 200, Aver_Loss: 525.4011
Epoch 106/200, Batch 300, Aver_Loss: 524.3528
Epoch 106/200, Batch 400, Aver_Loss: 524.4250
[early-stopping] Epoch 106: no improvement (15/20)
Epoch 107/200, Batch 100, Aver_Loss: 524.9982
Epoch 107/200, Batch 200, Aver_Loss: 528.3135
Epoch 107/200, Batch 300, Aver_Loss: 525.5950
Epoch 107/200, Batch 400, Aver_Loss: 524.2812
[early-stopping] Epoch 107: no improvement (16/20)
Epoch 108/200, Batch 100, Aver_Loss: 523.4999
Epoch 108/200, Batch 200, Aver_Loss: 524.2363
Epoch 108/200, Batch 300, Aver_Loss: 523.6162
Epoch 108/200, Batch 400, Aver_Loss: 523.8536
[early-stopping] Epoch 108: new best val ELBO = -524.890438
Epoch 109/200, Batch 100, Aver_Loss: 527.0052
Epoch 109/200, Batch 200, Aver_Loss: 522.4706
Epoch 109/200, Batch 300, Aver_Loss: 526.7759
Epoch 109/200, Batch 400, Aver_Loss: 524.7416
[early-stopping] Epoch 109: new best val ELBO = -524.886157
Epoch 110/200, Batch 100, Aver_Loss: 523.7948
Epoch 110/200, Batch 200, Aver_Loss: 524.4592
Epoch 110/200, Batch 300, Aver_Loss: 523.3317
Epoch 110/200, Batch 400, Aver_Loss: 524.4661
[early-stopping] Epoch 110: no improvement (1/20)
Epoch 111/200, Batch 100, Aver_Loss: 524.2406
Epoch 111/200, Batch 200, Aver_Loss: 523.6638
Epoch 111/200, Batch 300, Aver_Loss: 526.4975
Epoch 111/200, Batch 400, Aver_Loss: 525.2370
[early-stopping] Epoch 111: no improvement (2/20)
Epoch 112/200, Batch 100, Aver_Loss: 524.1681
Epoch 112/200, Batch 200, Aver_Loss: 526.7762
Epoch 112/200, Batch 300, Aver_Loss: 521.2570
Epoch 112/200, Batch 400, Aver_Loss: 522.0807
[early-stopping] Epoch 112: no improvement (3/20)
Epoch 113/200, Batch 100, Aver_Loss: 522.6267
Epoch 113/200, Batch 200, Aver_Loss: 525.1104
Epoch 113/200, Batch 300, Aver_Loss: 523.8483
Epoch 113/200, Batch 400, Aver_Loss: 525.1754
[early-stopping] Epoch 113: no improvement (4/20)
Epoch 114/200, Batch 100, Aver_Loss: 522.5921
Epoch 114/200, Batch 200, Aver_Loss: 526.1013
Epoch 114/200, Batch 300, Aver_Loss: 526.2352
Epoch 114/200, Batch 400, Aver_Loss: 526.3139
[early-stopping] Epoch 114: no improvement (5/20)
Epoch 115/200, Batch 100, Aver_Loss: 523.1395
Epoch 115/200, Batch 200, Aver_Loss: 522.2052
Epoch 115/200, Batch 300, Aver_Loss: 524.1597
Epoch 115/200, Batch 400, Aver_Loss: 525.9011
[early-stopping] Epoch 115: new best val ELBO = -524.873659
Epoch 116/200, Batch 100, Aver_Loss: 525.5887
Epoch 116/200, Batch 200, Aver_Loss: 522.8326
Epoch 116/200, Batch 300, Aver_Loss: 525.7649
Epoch 116/200, Batch 400, Aver_Loss: 523.9111
[early-stopping] Epoch 116: no improvement (1/20)
Epoch 117/200, Batch 100, Aver_Loss: 525.3035
Epoch 117/200, Batch 200, Aver_Loss: 525.0349
Epoch 117/200, Batch 300, Aver_Loss: 524.2092
Epoch 117/200, Batch 400, Aver_Loss: 525.8303
[early-stopping] Epoch 117: no improvement (2/20)
Epoch 118/200, Batch 100, Aver_Loss: 525.3631
Epoch 118/200, Batch 200, Aver_Loss: 526.2622
Epoch 118/200, Batch 300, Aver_Loss: 521.5484
Epoch 118/200, Batch 400, Aver_Loss: 522.0558
[early-stopping] Epoch 118: no improvement (3/20)
Epoch 119/200, Batch 100, Aver_Loss: 524.8019
Epoch 119/200, Batch 200, Aver_Loss: 521.7028
Epoch 119/200, Batch 300, Aver_Loss: 524.9000
Epoch 119/200, Batch 400, Aver_Loss: 525.3386
[early-stopping] Epoch 119: no improvement (4/20)
Epoch 120/200, Batch 100, Aver_Loss: 522.7958
Epoch 120/200, Batch 200, Aver_Loss: 525.3405
Epoch 120/200, Batch 300, Aver_Loss: 525.2032
Epoch 120/200, Batch 400, Aver_Loss: 521.5754
[early-stopping] Epoch 120: no improvement (5/20)
Epoch 121/200, Batch 100, Aver_Loss: 526.4628
Epoch 121/200, Batch 200, Aver_Loss: 524.3090
Epoch 121/200, Batch 300, Aver_Loss: 524.5076
Epoch 121/200, Batch 400, Aver_Loss: 523.4816
[early-stopping] Epoch 121: no improvement (6/20)
Epoch 122/200, Batch 100, Aver_Loss: 524.2788
Epoch 122/200, Batch 200, Aver_Loss: 525.1793
Epoch 122/200, Batch 300, Aver_Loss: 526.5216
Epoch 122/200, Batch 400, Aver_Loss: 523.1627
[early-stopping] Epoch 122: no improvement (7/20)
Epoch 123/200, Batch 100, Aver_Loss: 527.1367
Epoch 123/200, Batch 200, Aver_Loss: 523.9982
Epoch 123/200, Batch 300, Aver_Loss: 523.7022
Epoch 123/200, Batch 400, Aver_Loss: 525.5480
[early-stopping] Epoch 123: no improvement (8/20)
Epoch 124/200, Batch 100, Aver_Loss: 524.0502
Epoch 124/200, Batch 200, Aver_Loss: 524.1308
Epoch 124/200, Batch 300, Aver_Loss: 522.3584
Epoch 124/200, Batch 400, Aver_Loss: 523.5412
[early-stopping] Epoch 124: no improvement (9/20)
Epoch 125/200, Batch 100, Aver_Loss: 522.3760
Epoch 125/200, Batch 200, Aver_Loss: 525.7175
Epoch 125/200, Batch 300, Aver_Loss: 524.7584
Epoch 125/200, Batch 400, Aver_Loss: 527.3536
[early-stopping] Epoch 125: no improvement (10/20)
Epoch 126/200, Batch 100, Aver_Loss: 525.5259
Epoch 126/200, Batch 200, Aver_Loss: 524.1674
Epoch 126/200, Batch 300, Aver_Loss: 524.4108
Epoch 126/200, Batch 400, Aver_Loss: 523.4745
[early-stopping] Epoch 126: no improvement (11/20)
Epoch 127/200, Batch 100, Aver_Loss: 524.7114
Epoch 127/200, Batch 200, Aver_Loss: 526.4295
Epoch 127/200, Batch 300, Aver_Loss: 522.7152
Epoch 127/200, Batch 400, Aver_Loss: 526.8486
[early-stopping] Epoch 127: no improvement (12/20)
Epoch 128/200, Batch 100, Aver_Loss: 524.1211
Epoch 128/200, Batch 200, Aver_Loss: 524.4137
Epoch 128/200, Batch 300, Aver_Loss: 524.6846
Epoch 128/200, Batch 400, Aver_Loss: 524.4650
[early-stopping] Epoch 128: no improvement (13/20)
Epoch 129/200, Batch 100, Aver_Loss: 523.8203
Epoch 129/200, Batch 200, Aver_Loss: 525.5625
Epoch 129/200, Batch 300, Aver_Loss: 525.5677
Epoch 129/200, Batch 400, Aver_Loss: 524.7161
[early-stopping] Epoch 129: no improvement (14/20)
Epoch 130/200, Batch 100, Aver_Loss: 524.4297
Epoch 130/200, Batch 200, Aver_Loss: 527.2360
Epoch 130/200, Batch 300, Aver_Loss: 527.0926
Epoch 130/200, Batch 400, Aver_Loss: 523.0940
[early-stopping] Epoch 130: no improvement (15/20)
Epoch 131/200, Batch 100, Aver_Loss: 525.1385
Epoch 131/200, Batch 200, Aver_Loss: 524.0224
Epoch 131/200, Batch 300, Aver_Loss: 524.2162
Epoch 131/200, Batch 400, Aver_Loss: 523.6970
[early-stopping] Epoch 131: new best val ELBO = -524.853239
Epoch 132/200, Batch 100, Aver_Loss: 524.7106
Epoch 132/200, Batch 200, Aver_Loss: 524.6426
Epoch 132/200, Batch 300, Aver_Loss: 524.3817
Epoch 132/200, Batch 400, Aver_Loss: 527.6761
[early-stopping] Epoch 132: no improvement (1/20)
Epoch 133/200, Batch 100, Aver_Loss: 526.1816
Epoch 133/200, Batch 200, Aver_Loss: 524.1531
Epoch 133/200, Batch 300, Aver_Loss: 526.1363
Epoch 133/200, Batch 400, Aver_Loss: 526.0892
[early-stopping] Epoch 133: no improvement (2/20)
Epoch 134/200, Batch 100, Aver_Loss: 523.3170
Epoch 134/200, Batch 200, Aver_Loss: 525.8018
Epoch 134/200, Batch 300, Aver_Loss: 523.0954
Epoch 134/200, Batch 400, Aver_Loss: 523.4751
[early-stopping] Epoch 134: no improvement (3/20)
Epoch 135/200, Batch 100, Aver_Loss: 524.0114
Epoch 135/200, Batch 200, Aver_Loss: 523.4717
Epoch 135/200, Batch 300, Aver_Loss: 527.4349
Epoch 135/200, Batch 400, Aver_Loss: 524.0399
[early-stopping] Epoch 135: no improvement (4/20)
Epoch 136/200, Batch 100, Aver_Loss: 524.4022
Epoch 136/200, Batch 200, Aver_Loss: 527.1349
Epoch 136/200, Batch 300, Aver_Loss: 524.7990
Epoch 136/200, Batch 400, Aver_Loss: 524.5693
[early-stopping] Epoch 136: no improvement (5/20)
Epoch 137/200, Batch 100, Aver_Loss: 525.4719
Epoch 137/200, Batch 200, Aver_Loss: 523.9838
Epoch 137/200, Batch 300, Aver_Loss: 525.3624
Epoch 137/200, Batch 400, Aver_Loss: 524.6802
[early-stopping] Epoch 137: no improvement (6/20)
Epoch 138/200, Batch 100, Aver_Loss: 525.4463
Epoch 138/200, Batch 200, Aver_Loss: 526.1982
Epoch 138/200, Batch 300, Aver_Loss: 524.0573
Epoch 138/200, Batch 400, Aver_Loss: 524.6581
[early-stopping] Epoch 138: no improvement (7/20)
Epoch 139/200, Batch 100, Aver_Loss: 525.2245
Epoch 139/200, Batch 200, Aver_Loss: 525.6115
Epoch 139/200, Batch 300, Aver_Loss: 523.9066
Epoch 139/200, Batch 400, Aver_Loss: 525.5699
[early-stopping] Epoch 139: new best val ELBO = -524.825264
Epoch 140/200, Batch 100, Aver_Loss: 523.1641
Epoch 140/200, Batch 200, Aver_Loss: 522.9724
Epoch 140/200, Batch 300, Aver_Loss: 525.0081
Epoch 140/200, Batch 400, Aver_Loss: 525.5563
[early-stopping] Epoch 140: no improvement (1/20)
Epoch 141/200, Batch 100, Aver_Loss: 523.7615
Epoch 141/200, Batch 200, Aver_Loss: 524.6814
Epoch 141/200, Batch 300, Aver_Loss: 524.3186
Epoch 141/200, Batch 400, Aver_Loss: 525.1200
[early-stopping] Epoch 141: no improvement (2/20)
Epoch 142/200, Batch 100, Aver_Loss: 522.0583
Epoch 142/200, Batch 200, Aver_Loss: 524.7941
Epoch 142/200, Batch 300, Aver_Loss: 523.1900
Epoch 142/200, Batch 400, Aver_Loss: 526.5495
[early-stopping] Epoch 142: no improvement (3/20)
Epoch 143/200, Batch 100, Aver_Loss: 524.0591
Epoch 143/200, Batch 200, Aver_Loss: 524.1643
Epoch 143/200, Batch 300, Aver_Loss: 525.5635
Epoch 143/200, Batch 400, Aver_Loss: 525.6757
[early-stopping] Epoch 143: no improvement (4/20)
Epoch 144/200, Batch 100, Aver_Loss: 524.5711
Epoch 144/200, Batch 200, Aver_Loss: 524.6443
Epoch 144/200, Batch 300, Aver_Loss: 523.4547
Epoch 144/200, Batch 400, Aver_Loss: 524.1709
[early-stopping] Epoch 144: no improvement (5/20)
Epoch 145/200, Batch 100, Aver_Loss: 522.9803
Epoch 145/200, Batch 200, Aver_Loss: 525.1931
Epoch 145/200, Batch 300, Aver_Loss: 525.6625
Epoch 145/200, Batch 400, Aver_Loss: 523.6727
[early-stopping] Epoch 145: no improvement (6/20)
Epoch 146/200, Batch 100, Aver_Loss: 524.4884
Epoch 146/200, Batch 200, Aver_Loss: 523.4886
Epoch 146/200, Batch 300, Aver_Loss: 525.5605
Epoch 146/200, Batch 400, Aver_Loss: 521.9061
[early-stopping] Epoch 146: no improvement (7/20)
Epoch 147/200, Batch 100, Aver_Loss: 525.9019
Epoch 147/200, Batch 200, Aver_Loss: 523.3499
Epoch 147/200, Batch 300, Aver_Loss: 522.9754
Epoch 147/200, Batch 400, Aver_Loss: 524.0931
[early-stopping] Epoch 147: no improvement (8/20)
Epoch 148/200, Batch 100, Aver_Loss: 525.2495
Epoch 148/200, Batch 200, Aver_Loss: 526.3340
Epoch 148/200, Batch 300, Aver_Loss: 527.6140
Epoch 148/200, Batch 400, Aver_Loss: 523.1243
[early-stopping] Epoch 148: no improvement (9/20)
Epoch 149/200, Batch 100, Aver_Loss: 528.0712
Epoch 149/200, Batch 200, Aver_Loss: 522.8943
Epoch 149/200, Batch 300, Aver_Loss: 523.2433
Epoch 149/200, Batch 400, Aver_Loss: 525.6345
[early-stopping] Epoch 149: new best val ELBO = -524.821884
Epoch 150/200, Batch 100, Aver_Loss: 524.1264
Epoch 150/200, Batch 200, Aver_Loss: 525.8151
Epoch 150/200, Batch 300, Aver_Loss: 524.6163
Epoch 150/200, Batch 400, Aver_Loss: 523.5456
[early-stopping] Epoch 150: no improvement (1/20)
Epoch 151/200, Batch 100, Aver_Loss: 524.7180
Epoch 151/200, Batch 200, Aver_Loss: 523.4880
Epoch 151/200, Batch 300, Aver_Loss: 525.2103
Epoch 151/200, Batch 400, Aver_Loss: 526.3359
[early-stopping] Epoch 151: no improvement (2/20)
Epoch 152/200, Batch 100, Aver_Loss: 521.8380
Epoch 152/200, Batch 200, Aver_Loss: 525.8016
Epoch 152/200, Batch 300, Aver_Loss: 527.2427
Epoch 152/200, Batch 400, Aver_Loss: 522.4782
[early-stopping] Epoch 152: no improvement (3/20)
Epoch 153/200, Batch 100, Aver_Loss: 526.6070
Epoch 153/200, Batch 200, Aver_Loss: 525.2835
Epoch 153/200, Batch 300, Aver_Loss: 526.6350
Epoch 153/200, Batch 400, Aver_Loss: 525.1258
[early-stopping] Epoch 153: new best val ELBO = -524.812557
Epoch 154/200, Batch 100, Aver_Loss: 524.1417
Epoch 154/200, Batch 200, Aver_Loss: 525.0247
Epoch 154/200, Batch 300, Aver_Loss: 527.0414
Epoch 154/200, Batch 400, Aver_Loss: 523.6203
[early-stopping] Epoch 154: no improvement (1/20)
Epoch 155/200, Batch 100, Aver_Loss: 524.6981
Epoch 155/200, Batch 200, Aver_Loss: 524.9132
Epoch 155/200, Batch 300, Aver_Loss: 524.9415
Epoch 155/200, Batch 400, Aver_Loss: 526.2612
[early-stopping] Epoch 155: no improvement (2/20)
Epoch 156/200, Batch 100, Aver_Loss: 526.4407
Epoch 156/200, Batch 200, Aver_Loss: 522.9343
Epoch 156/200, Batch 300, Aver_Loss: 524.3900
Epoch 156/200, Batch 400, Aver_Loss: 526.6032
[early-stopping] Epoch 156: no improvement (3/20)
Epoch 157/200, Batch 100, Aver_Loss: 524.1311
Epoch 157/200, Batch 200, Aver_Loss: 523.8655
Epoch 157/200, Batch 300, Aver_Loss: 525.1878
Epoch 157/200, Batch 400, Aver_Loss: 523.1492
[early-stopping] Epoch 157: no improvement (4/20)
Epoch 158/200, Batch 100, Aver_Loss: 523.7178
Epoch 158/200, Batch 200, Aver_Loss: 524.5368
Epoch 158/200, Batch 300, Aver_Loss: 522.9208
Epoch 158/200, Batch 400, Aver_Loss: 525.7963
[early-stopping] Epoch 158: no improvement (5/20)
Epoch 159/200, Batch 100, Aver_Loss: 524.0580
Epoch 159/200, Batch 200, Aver_Loss: 523.0434
Epoch 159/200, Batch 300, Aver_Loss: 527.1779
Epoch 159/200, Batch 400, Aver_Loss: 524.4108
[early-stopping] Epoch 159: no improvement (6/20)
Epoch 160/200, Batch 100, Aver_Loss: 523.8809
Epoch 160/200, Batch 200, Aver_Loss: 523.1869
Epoch 160/200, Batch 300, Aver_Loss: 524.6645
Epoch 160/200, Batch 400, Aver_Loss: 525.3271
[early-stopping] Epoch 160: no improvement (7/20)
Epoch 161/200, Batch 100, Aver_Loss: 524.8399
Epoch 161/200, Batch 200, Aver_Loss: 525.9583
Epoch 161/200, Batch 300, Aver_Loss: 522.8859
Epoch 161/200, Batch 400, Aver_Loss: 525.3040
[early-stopping] Epoch 161: new best val ELBO = -524.775388
Epoch 162/200, Batch 100, Aver_Loss: 526.1410
Epoch 162/200, Batch 200, Aver_Loss: 525.1412
Epoch 162/200, Batch 300, Aver_Loss: 525.2345
Epoch 162/200, Batch 400, Aver_Loss: 526.4962
[early-stopping] Epoch 162: no improvement (1/20)
Epoch 163/200, Batch 100, Aver_Loss: 523.1788
Epoch 163/200, Batch 200, Aver_Loss: 525.5679
Epoch 163/200, Batch 300, Aver_Loss: 525.7941
Epoch 163/200, Batch 400, Aver_Loss: 524.9122
[early-stopping] Epoch 163: no improvement (2/20)
Epoch 164/200, Batch 100, Aver_Loss: 526.3415
Epoch 164/200, Batch 200, Aver_Loss: 526.3520
Epoch 164/200, Batch 300, Aver_Loss: 527.5464
Epoch 164/200, Batch 400, Aver_Loss: 524.2637
[early-stopping] Epoch 164: no improvement (3/20)
Epoch 165/200, Batch 100, Aver_Loss: 526.0631
Epoch 165/200, Batch 200, Aver_Loss: 522.9928
Epoch 165/200, Batch 300, Aver_Loss: 523.6691
Epoch 165/200, Batch 400, Aver_Loss: 527.8348
[early-stopping] Epoch 165: no improvement (4/20)
Epoch 166/200, Batch 100, Aver_Loss: 524.6902
Epoch 166/200, Batch 200, Aver_Loss: 526.1957
Epoch 166/200, Batch 300, Aver_Loss: 523.3456
Epoch 166/200, Batch 400, Aver_Loss: 525.2144
[early-stopping] Epoch 166: no improvement (5/20)
Epoch 167/200, Batch 100, Aver_Loss: 525.1456
Epoch 167/200, Batch 200, Aver_Loss: 523.3864
Epoch 167/200, Batch 300, Aver_Loss: 526.5045
Epoch 167/200, Batch 400, Aver_Loss: 524.2114
[early-stopping] Epoch 167: no improvement (6/20)
Epoch 168/200, Batch 100, Aver_Loss: 526.7737
Epoch 168/200, Batch 200, Aver_Loss: 522.5009
Epoch 168/200, Batch 300, Aver_Loss: 522.9832
Epoch 168/200, Batch 400, Aver_Loss: 525.7384
[early-stopping] Epoch 168: no improvement (7/20)
Epoch 169/200, Batch 100, Aver_Loss: 524.3310
Epoch 169/200, Batch 200, Aver_Loss: 526.7913
Epoch 169/200, Batch 300, Aver_Loss: 522.3055
Epoch 169/200, Batch 400, Aver_Loss: 523.0360
[early-stopping] Epoch 169: no improvement (8/20)
Epoch 170/200, Batch 100, Aver_Loss: 526.0363
Epoch 170/200, Batch 200, Aver_Loss: 525.6225
Epoch 170/200, Batch 300, Aver_Loss: 526.1632
Epoch 170/200, Batch 400, Aver_Loss: 521.7971
[early-stopping] Epoch 170: no improvement (9/20)
Epoch 171/200, Batch 100, Aver_Loss: 524.9391
Epoch 171/200, Batch 200, Aver_Loss: 523.1299
Epoch 171/200, Batch 300, Aver_Loss: 524.9284
Epoch 171/200, Batch 400, Aver_Loss: 525.1129
[early-stopping] Epoch 171: no improvement (10/20)
Epoch 172/200, Batch 100, Aver_Loss: 524.2264
Epoch 172/200, Batch 200, Aver_Loss: 525.4128
Epoch 172/200, Batch 300, Aver_Loss: 524.2341
Epoch 172/200, Batch 400, Aver_Loss: 524.7365
[early-stopping] Epoch 172: no improvement (11/20)
Epoch 173/200, Batch 100, Aver_Loss: 521.9985
Epoch 173/200, Batch 200, Aver_Loss: 522.7464
Epoch 173/200, Batch 300, Aver_Loss: 524.1974
Epoch 173/200, Batch 400, Aver_Loss: 526.0794
[early-stopping] Epoch 173: no improvement (12/20)
Epoch 174/200, Batch 100, Aver_Loss: 525.8965
Epoch 174/200, Batch 200, Aver_Loss: 525.9573
Epoch 174/200, Batch 300, Aver_Loss: 524.8644
Epoch 174/200, Batch 400, Aver_Loss: 525.6336
[early-stopping] Epoch 174: no improvement (13/20)
Epoch 175/200, Batch 100, Aver_Loss: 526.6982
Epoch 175/200, Batch 200, Aver_Loss: 524.1754
Epoch 175/200, Batch 300, Aver_Loss: 522.8510
Epoch 175/200, Batch 400, Aver_Loss: 525.5151
[early-stopping] Epoch 175: no improvement (14/20)
Epoch 176/200, Batch 100, Aver_Loss: 524.3456
Epoch 176/200, Batch 200, Aver_Loss: 526.9160
Epoch 176/200, Batch 300, Aver_Loss: 526.5139
Epoch 176/200, Batch 400, Aver_Loss: 524.0020
[early-stopping] Epoch 176: no improvement (15/20)
Epoch 177/200, Batch 100, Aver_Loss: 523.1094
Epoch 177/200, Batch 200, Aver_Loss: 523.9211
Epoch 177/200, Batch 300, Aver_Loss: 524.3036
Epoch 177/200, Batch 400, Aver_Loss: 524.1850
[early-stopping] Epoch 177: no improvement (16/20)
Epoch 178/200, Batch 100, Aver_Loss: 524.2786
Epoch 178/200, Batch 200, Aver_Loss: 523.5520
Epoch 178/200, Batch 300, Aver_Loss: 523.3536
Epoch 178/200, Batch 400, Aver_Loss: 525.7982
[early-stopping] Epoch 178: no improvement (17/20)
Epoch 179/200, Batch 100, Aver_Loss: 523.2057
Epoch 179/200, Batch 200, Aver_Loss: 525.4274
Epoch 179/200, Batch 300, Aver_Loss: 524.4650
Epoch 179/200, Batch 400, Aver_Loss: 524.4594
[early-stopping] Epoch 179: no improvement (18/20)
Epoch 180/200, Batch 100, Aver_Loss: 524.0297
Epoch 180/200, Batch 200, Aver_Loss: 524.3107
Epoch 180/200, Batch 300, Aver_Loss: 526.0444
Epoch 180/200, Batch 400, Aver_Loss: 523.4509
[early-stopping] Epoch 180: no improvement (19/20)
Epoch 181/200, Batch 100, Aver_Loss: 523.5342
Epoch 181/200, Batch 200, Aver_Loss: 524.1464
Epoch 181/200, Batch 300, Aver_Loss: 525.4230
Epoch 181/200, Batch 400, Aver_Loss: 528.7769
[early-stopping] Epoch 181: no improvement (20/20)
[early-stopping] Patience reached. Stopping at epoch 181. Best epoch: 161, best val ELBO: -524.775388
[early-stopping] Loaded best model from epoch 161 (val ELBO = -524.775388)
[checkpoint] Saved best model to: trained_parameters/mnist_background_random_zdim256_MVAE.pkl
[saved curves] ./results/MNIST_BG_RANDOM/curves/mnist_background_random_mvae_d256_s777.json

==== Evaluation Summary ====
                 model: mvae
   recon/mse_per_pixel: 0.080967
            elbo/train: -524.425585
             elbo/test: -524.753272
             mse/train: 0.080760
              mse/test: 0.080967
             probe/acc: 0.855161
             probe/nll: 0.450429
           probe/brier: 0.210070
             probe/ece: 0.031064
           cluster/nmi: 0.461771
           cluster/ari: 0.331580
============================

