/usr/bin/which: no fi_info in (/arf/home/meyavuz/.local/bin:/arf/sw/comp/python/intelpython3/condabin:/arf/sw/comp/python/intelpython3/bin:/usr/share/Modules/bin:/usr/local/bin:/usr/bin:/usr/local/sbin:/usr/sbin)
Extension for Scikit-learn* enabled (https://github.com/uxlfoundation/scikit-learn-intelex)
/arf/home/meyavuz/.conda/envs/sbn/lib/python3.9/site-packages/sklearn/linear_model/_logistic.py:1247: FutureWarning: 'multi_class' was deprecated in version 1.5 and will be removed in 1.7. From then on, it will always use 'multinomial'. Leave it to its default value to avoid this warning.
  warnings.warn(
Epoch 1/200, Batch 100, Aver_Loss: 510.3792
Epoch 1/200, Batch 200, Aver_Loss: 508.4473
Epoch 1/200, Batch 300, Aver_Loss: 499.6487
Epoch 1/200, Batch 400, Aver_Loss: 498.4347
[early-stopping] Epoch 1: new best val ELBO = -496.520574
Epoch 2/200, Batch 100, Aver_Loss: 491.3717
Epoch 2/200, Batch 200, Aver_Loss: 497.1950
Epoch 2/200, Batch 300, Aver_Loss: 494.6893
Epoch 2/200, Batch 400, Aver_Loss: 494.7958
[early-stopping] Epoch 2: new best val ELBO = -490.682131
Epoch 3/200, Batch 100, Aver_Loss: 497.6563
Epoch 3/200, Batch 200, Aver_Loss: 481.6242
Epoch 3/200, Batch 300, Aver_Loss: 490.8491
Epoch 3/200, Batch 400, Aver_Loss: 483.7480
[early-stopping] Epoch 3: new best val ELBO = -490.019610
Epoch 4/200, Batch 100, Aver_Loss: 490.3778
Epoch 4/200, Batch 200, Aver_Loss: 492.8784
Epoch 4/200, Batch 300, Aver_Loss: 492.7002
Epoch 4/200, Batch 400, Aver_Loss: 486.4400
[early-stopping] Epoch 4: new best val ELBO = -487.094039
Epoch 5/200, Batch 100, Aver_Loss: 489.6797
Epoch 5/200, Batch 200, Aver_Loss: 483.3359
Epoch 5/200, Batch 300, Aver_Loss: 487.3754
Epoch 5/200, Batch 400, Aver_Loss: 482.7511
[early-stopping] Epoch 5: new best val ELBO = -486.587531
Epoch 6/200, Batch 100, Aver_Loss: 485.8710
Epoch 6/200, Batch 200, Aver_Loss: 489.6850
Epoch 6/200, Batch 300, Aver_Loss: 479.9237
Epoch 6/200, Batch 400, Aver_Loss: 489.7994
[early-stopping] Epoch 6: new best val ELBO = -485.969680
Epoch 7/200, Batch 100, Aver_Loss: 494.7702
Epoch 7/200, Batch 200, Aver_Loss: 488.8880
Epoch 7/200, Batch 300, Aver_Loss: 487.8658
Epoch 7/200, Batch 400, Aver_Loss: 487.8976
[early-stopping] Epoch 7: no improvement (1/20)
Epoch 8/200, Batch 100, Aver_Loss: 480.5832
Epoch 8/200, Batch 200, Aver_Loss: 492.1484
Epoch 8/200, Batch 300, Aver_Loss: 486.0133
Epoch 8/200, Batch 400, Aver_Loss: 492.9066
[early-stopping] Epoch 8: no improvement (2/20)
Epoch 9/200, Batch 100, Aver_Loss: 487.9732
Epoch 9/200, Batch 200, Aver_Loss: 480.9876
Epoch 9/200, Batch 300, Aver_Loss: 500.1152
Epoch 9/200, Batch 400, Aver_Loss: 489.8131
[early-stopping] Epoch 9: no improvement (3/20)
Epoch 10/200, Batch 100, Aver_Loss: 479.7044
Epoch 10/200, Batch 200, Aver_Loss: 480.2722
Epoch 10/200, Batch 300, Aver_Loss: 483.9974
Epoch 10/200, Batch 400, Aver_Loss: 485.7750
[early-stopping] Epoch 10: new best val ELBO = -485.610175
Epoch 11/200, Batch 100, Aver_Loss: 480.1806
Epoch 11/200, Batch 200, Aver_Loss: 492.9518
Epoch 11/200, Batch 300, Aver_Loss: 481.8926
Epoch 11/200, Batch 400, Aver_Loss: 481.2964
[early-stopping] Epoch 11: no improvement (1/20)
Epoch 12/200, Batch 100, Aver_Loss: 485.8802
Epoch 12/200, Batch 200, Aver_Loss: 488.5425
Epoch 12/200, Batch 300, Aver_Loss: 486.6897
Epoch 12/200, Batch 400, Aver_Loss: 491.3865
[early-stopping] Epoch 12: new best val ELBO = -484.823763
Epoch 13/200, Batch 100, Aver_Loss: 485.6016
Epoch 13/200, Batch 200, Aver_Loss: 485.9006
Epoch 13/200, Batch 300, Aver_Loss: 488.2225
Epoch 13/200, Batch 400, Aver_Loss: 476.5780
[early-stopping] Epoch 13: no improvement (1/20)
Epoch 14/200, Batch 100, Aver_Loss: 481.1789
Epoch 14/200, Batch 200, Aver_Loss: 477.0518
Epoch 14/200, Batch 300, Aver_Loss: 478.6595
Epoch 14/200, Batch 400, Aver_Loss: 483.3790
[early-stopping] Epoch 14: new best val ELBO = -484.615511
Epoch 15/200, Batch 100, Aver_Loss: 490.0811
Epoch 15/200, Batch 200, Aver_Loss: 486.3379
Epoch 15/200, Batch 300, Aver_Loss: 488.5575
Epoch 15/200, Batch 400, Aver_Loss: 488.6528
[early-stopping] Epoch 15: new best val ELBO = -484.337348
Epoch 16/200, Batch 100, Aver_Loss: 492.3952
Epoch 16/200, Batch 200, Aver_Loss: 482.9964
Epoch 16/200, Batch 300, Aver_Loss: 486.4406
Epoch 16/200, Batch 400, Aver_Loss: 475.7022
[early-stopping] Epoch 16: no improvement (1/20)
Epoch 17/200, Batch 100, Aver_Loss: 486.8811
Epoch 17/200, Batch 200, Aver_Loss: 487.4589
Epoch 17/200, Batch 300, Aver_Loss: 481.6367
Epoch 17/200, Batch 400, Aver_Loss: 486.3998
[early-stopping] Epoch 17: new best val ELBO = -484.141949
Epoch 18/200, Batch 100, Aver_Loss: 480.1969
Epoch 18/200, Batch 200, Aver_Loss: 485.1691
Epoch 18/200, Batch 300, Aver_Loss: 485.3185
Epoch 18/200, Batch 400, Aver_Loss: 490.8084
[early-stopping] Epoch 18: no improvement (1/20)
Epoch 19/200, Batch 100, Aver_Loss: 491.7737
Epoch 19/200, Batch 200, Aver_Loss: 485.9752
Epoch 19/200, Batch 300, Aver_Loss: 482.8290
Epoch 19/200, Batch 400, Aver_Loss: 476.6969
[early-stopping] Epoch 19: no improvement (2/20)
Epoch 20/200, Batch 100, Aver_Loss: 487.0447
Epoch 20/200, Batch 200, Aver_Loss: 484.4055
Epoch 20/200, Batch 300, Aver_Loss: 480.2000
Epoch 20/200, Batch 400, Aver_Loss: 481.1068
[early-stopping] Epoch 20: new best val ELBO = -484.007983
Epoch 21/200, Batch 100, Aver_Loss: 482.8110
Epoch 21/200, Batch 200, Aver_Loss: 475.2596
Epoch 21/200, Batch 300, Aver_Loss: 491.1506
Epoch 21/200, Batch 400, Aver_Loss: 487.0530
[early-stopping] Epoch 21: no improvement (1/20)
Epoch 22/200, Batch 100, Aver_Loss: 482.3595
Epoch 22/200, Batch 200, Aver_Loss: 482.8712
Epoch 22/200, Batch 300, Aver_Loss: 480.3133
Epoch 22/200, Batch 400, Aver_Loss: 484.9297
[early-stopping] Epoch 22: new best val ELBO = -483.825794
Epoch 23/200, Batch 100, Aver_Loss: 489.3633
Epoch 23/200, Batch 200, Aver_Loss: 479.7632
Epoch 23/200, Batch 300, Aver_Loss: 486.6628
Epoch 23/200, Batch 400, Aver_Loss: 480.4569
[early-stopping] Epoch 23: new best val ELBO = -483.747497
Epoch 24/200, Batch 100, Aver_Loss: 487.0552
Epoch 24/200, Batch 200, Aver_Loss: 488.2342
Epoch 24/200, Batch 300, Aver_Loss: 484.2633
Epoch 24/200, Batch 400, Aver_Loss: 487.1768
[early-stopping] Epoch 24: no improvement (1/20)
Epoch 25/200, Batch 100, Aver_Loss: 480.1915
Epoch 25/200, Batch 200, Aver_Loss: 487.5948
Epoch 25/200, Batch 300, Aver_Loss: 487.0049
Epoch 25/200, Batch 400, Aver_Loss: 480.6118
[early-stopping] Epoch 25: new best val ELBO = -483.658452
Epoch 26/200, Batch 100, Aver_Loss: 486.8059
Epoch 26/200, Batch 200, Aver_Loss: 484.9334
Epoch 26/200, Batch 300, Aver_Loss: 486.2860
Epoch 26/200, Batch 400, Aver_Loss: 488.5242
[early-stopping] Epoch 26: new best val ELBO = -483.589830
Epoch 27/200, Batch 100, Aver_Loss: 489.7096
Epoch 27/200, Batch 200, Aver_Loss: 477.3356
Epoch 27/200, Batch 300, Aver_Loss: 494.3353
Epoch 27/200, Batch 400, Aver_Loss: 481.4144
[early-stopping] Epoch 27: no improvement (1/20)
Epoch 28/200, Batch 100, Aver_Loss: 489.3365
Epoch 28/200, Batch 200, Aver_Loss: 481.1710
Epoch 28/200, Batch 300, Aver_Loss: 483.8138
Epoch 28/200, Batch 400, Aver_Loss: 474.2740
[early-stopping] Epoch 28: new best val ELBO = -483.394840
Epoch 29/200, Batch 100, Aver_Loss: 484.2895
Epoch 29/200, Batch 200, Aver_Loss: 485.2187
Epoch 29/200, Batch 300, Aver_Loss: 484.6868
Epoch 29/200, Batch 400, Aver_Loss: 486.5907
[early-stopping] Epoch 29: no improvement (1/20)
Epoch 30/200, Batch 100, Aver_Loss: 483.6414
Epoch 30/200, Batch 200, Aver_Loss: 490.0875
Epoch 30/200, Batch 300, Aver_Loss: 474.6286
Epoch 30/200, Batch 400, Aver_Loss: 480.3007
[early-stopping] Epoch 30: no improvement (2/20)
Epoch 31/200, Batch 100, Aver_Loss: 481.6868
Epoch 31/200, Batch 200, Aver_Loss: 487.2221
Epoch 31/200, Batch 300, Aver_Loss: 474.5477
Epoch 31/200, Batch 400, Aver_Loss: 489.1111
[early-stopping] Epoch 31: new best val ELBO = -482.988191
Epoch 32/200, Batch 100, Aver_Loss: 480.5805
Epoch 32/200, Batch 200, Aver_Loss: 476.5425
Epoch 32/200, Batch 300, Aver_Loss: 483.0156
Epoch 32/200, Batch 400, Aver_Loss: 488.5741
[early-stopping] Epoch 32: no improvement (1/20)
Epoch 33/200, Batch 100, Aver_Loss: 487.0690
Epoch 33/200, Batch 200, Aver_Loss: 479.2782
Epoch 33/200, Batch 300, Aver_Loss: 483.6584
Epoch 33/200, Batch 400, Aver_Loss: 488.1288
[early-stopping] Epoch 33: no improvement (2/20)
Epoch 34/200, Batch 100, Aver_Loss: 479.6194
Epoch 34/200, Batch 200, Aver_Loss: 484.4782
Epoch 34/200, Batch 300, Aver_Loss: 480.1400
Epoch 34/200, Batch 400, Aver_Loss: 482.3828
[early-stopping] Epoch 34: no improvement (3/20)
Epoch 35/200, Batch 100, Aver_Loss: 491.9564
Epoch 35/200, Batch 200, Aver_Loss: 486.1468
Epoch 35/200, Batch 300, Aver_Loss: 494.8184
Epoch 35/200, Batch 400, Aver_Loss: 486.2064
[early-stopping] Epoch 35: no improvement (4/20)
Epoch 36/200, Batch 100, Aver_Loss: 491.0917
Epoch 36/200, Batch 200, Aver_Loss: 482.2693
Epoch 36/200, Batch 300, Aver_Loss: 481.1950
Epoch 36/200, Batch 400, Aver_Loss: 481.7961
[early-stopping] Epoch 36: no improvement (5/20)
Epoch 37/200, Batch 100, Aver_Loss: 485.8210
Epoch 37/200, Batch 200, Aver_Loss: 484.3055
Epoch 37/200, Batch 300, Aver_Loss: 488.4010
Epoch 37/200, Batch 400, Aver_Loss: 476.9698
[early-stopping] Epoch 37: no improvement (6/20)
Epoch 38/200, Batch 100, Aver_Loss: 477.9909
Epoch 38/200, Batch 200, Aver_Loss: 482.9821
Epoch 38/200, Batch 300, Aver_Loss: 481.8486
Epoch 38/200, Batch 400, Aver_Loss: 480.3602
[early-stopping] Epoch 38: new best val ELBO = -482.836683
Epoch 39/200, Batch 100, Aver_Loss: 480.2540
Epoch 39/200, Batch 200, Aver_Loss: 490.0446
Epoch 39/200, Batch 300, Aver_Loss: 493.5776
Epoch 39/200, Batch 400, Aver_Loss: 470.7003
[early-stopping] Epoch 39: no improvement (1/20)
Epoch 40/200, Batch 100, Aver_Loss: 482.0177
Epoch 40/200, Batch 200, Aver_Loss: 477.0994
Epoch 40/200, Batch 300, Aver_Loss: 485.7319
Epoch 40/200, Batch 400, Aver_Loss: 471.5998
[early-stopping] Epoch 40: no improvement (2/20)
Epoch 41/200, Batch 100, Aver_Loss: 476.5986
Epoch 41/200, Batch 200, Aver_Loss: 481.6599
Epoch 41/200, Batch 300, Aver_Loss: 475.1840
Epoch 41/200, Batch 400, Aver_Loss: 478.7344
[early-stopping] Epoch 41: no improvement (3/20)
Epoch 42/200, Batch 100, Aver_Loss: 485.3757
Epoch 42/200, Batch 200, Aver_Loss: 482.1892
Epoch 42/200, Batch 300, Aver_Loss: 476.8330
Epoch 42/200, Batch 400, Aver_Loss: 490.5265
[early-stopping] Epoch 42: no improvement (4/20)
Epoch 43/200, Batch 100, Aver_Loss: 478.8128
Epoch 43/200, Batch 200, Aver_Loss: 486.3957
Epoch 43/200, Batch 300, Aver_Loss: 477.6776
Epoch 43/200, Batch 400, Aver_Loss: 480.5596
[early-stopping] Epoch 43: no improvement (5/20)
Epoch 44/200, Batch 100, Aver_Loss: 479.1082
Epoch 44/200, Batch 200, Aver_Loss: 492.1440
Epoch 44/200, Batch 300, Aver_Loss: 488.3538
Epoch 44/200, Batch 400, Aver_Loss: 480.3396
[early-stopping] Epoch 44: no improvement (6/20)
Epoch 45/200, Batch 100, Aver_Loss: 485.3541
Epoch 45/200, Batch 200, Aver_Loss: 485.2707
Epoch 45/200, Batch 300, Aver_Loss: 481.9439
Epoch 45/200, Batch 400, Aver_Loss: 483.2272
[early-stopping] Epoch 45: new best val ELBO = -482.350335
Epoch 46/200, Batch 100, Aver_Loss: 484.3138
Epoch 46/200, Batch 200, Aver_Loss: 472.6860
Epoch 46/200, Batch 300, Aver_Loss: 478.3384
Epoch 46/200, Batch 400, Aver_Loss: 485.0740
[early-stopping] Epoch 46: no improvement (1/20)
Epoch 47/200, Batch 100, Aver_Loss: 476.3553
Epoch 47/200, Batch 200, Aver_Loss: 483.8022
Epoch 47/200, Batch 300, Aver_Loss: 482.7803
Epoch 47/200, Batch 400, Aver_Loss: 486.1455
[early-stopping] Epoch 47: no improvement (2/20)
Epoch 48/200, Batch 100, Aver_Loss: 488.2958
Epoch 48/200, Batch 200, Aver_Loss: 481.8749
Epoch 48/200, Batch 300, Aver_Loss: 483.7834
Epoch 48/200, Batch 400, Aver_Loss: 489.6784
[early-stopping] Epoch 48: no improvement (3/20)
Epoch 49/200, Batch 100, Aver_Loss: 491.9426
Epoch 49/200, Batch 200, Aver_Loss: 481.4215
Epoch 49/200, Batch 300, Aver_Loss: 485.4991
Epoch 49/200, Batch 400, Aver_Loss: 477.1897
[early-stopping] Epoch 49: no improvement (4/20)
Epoch 50/200, Batch 100, Aver_Loss: 489.5935
Epoch 50/200, Batch 200, Aver_Loss: 485.2859
Epoch 50/200, Batch 300, Aver_Loss: 491.6890
Epoch 50/200, Batch 400, Aver_Loss: 482.9903
[early-stopping] Epoch 50: no improvement (5/20)
Epoch 51/200, Batch 100, Aver_Loss: 482.2694
Epoch 51/200, Batch 200, Aver_Loss: 483.0304
Epoch 51/200, Batch 300, Aver_Loss: 489.8074
Epoch 51/200, Batch 400, Aver_Loss: 487.4148
[early-stopping] Epoch 51: no improvement (6/20)
Epoch 52/200, Batch 100, Aver_Loss: 478.0700
Epoch 52/200, Batch 200, Aver_Loss: 478.6697
Epoch 52/200, Batch 300, Aver_Loss: 482.6288
Epoch 52/200, Batch 400, Aver_Loss: 480.6303
[early-stopping] Epoch 52: no improvement (7/20)
Epoch 53/200, Batch 100, Aver_Loss: 480.9107
Epoch 53/200, Batch 200, Aver_Loss: 483.9942
Epoch 53/200, Batch 300, Aver_Loss: 484.6885
Epoch 53/200, Batch 400, Aver_Loss: 480.5073
[early-stopping] Epoch 53: no improvement (8/20)
Epoch 54/200, Batch 100, Aver_Loss: 478.3570
Epoch 54/200, Batch 200, Aver_Loss: 486.8546
Epoch 54/200, Batch 300, Aver_Loss: 475.9105
Epoch 54/200, Batch 400, Aver_Loss: 474.3556
[early-stopping] Epoch 54: no improvement (9/20)
Epoch 55/200, Batch 100, Aver_Loss: 481.4433
Epoch 55/200, Batch 200, Aver_Loss: 482.4833
Epoch 55/200, Batch 300, Aver_Loss: 486.7407
Epoch 55/200, Batch 400, Aver_Loss: 481.3714
[early-stopping] Epoch 55: no improvement (10/20)
Epoch 56/200, Batch 100, Aver_Loss: 481.1356
Epoch 56/200, Batch 200, Aver_Loss: 476.6666
Epoch 56/200, Batch 300, Aver_Loss: 476.3712
Epoch 56/200, Batch 400, Aver_Loss: 481.2196
[early-stopping] Epoch 56: no improvement (11/20)
Epoch 57/200, Batch 100, Aver_Loss: 481.3594
Epoch 57/200, Batch 200, Aver_Loss: 481.0560
Epoch 57/200, Batch 300, Aver_Loss: 488.9723
Epoch 57/200, Batch 400, Aver_Loss: 481.6459
[early-stopping] Epoch 57: new best val ELBO = -482.316214
Epoch 58/200, Batch 100, Aver_Loss: 483.6899
Epoch 58/200, Batch 200, Aver_Loss: 478.3507
Epoch 58/200, Batch 300, Aver_Loss: 490.0875
Epoch 58/200, Batch 400, Aver_Loss: 485.2150
[early-stopping] Epoch 58: no improvement (1/20)
Epoch 59/200, Batch 100, Aver_Loss: 479.1007
Epoch 59/200, Batch 200, Aver_Loss: 481.0494
Epoch 59/200, Batch 300, Aver_Loss: 478.8641
Epoch 59/200, Batch 400, Aver_Loss: 483.3828
[early-stopping] Epoch 59: no improvement (2/20)
Epoch 60/200, Batch 100, Aver_Loss: 480.3867
Epoch 60/200, Batch 200, Aver_Loss: 489.0329
Epoch 60/200, Batch 300, Aver_Loss: 484.1786
Epoch 60/200, Batch 400, Aver_Loss: 479.4366
[early-stopping] Epoch 60: no improvement (3/20)
Epoch 61/200, Batch 100, Aver_Loss: 484.5161
Epoch 61/200, Batch 200, Aver_Loss: 485.3836
Epoch 61/200, Batch 300, Aver_Loss: 485.8145
Epoch 61/200, Batch 400, Aver_Loss: 479.5293
[early-stopping] Epoch 61: no improvement (4/20)
Epoch 62/200, Batch 100, Aver_Loss: 481.8125
Epoch 62/200, Batch 200, Aver_Loss: 487.7983
Epoch 62/200, Batch 300, Aver_Loss: 477.8976
Epoch 62/200, Batch 400, Aver_Loss: 480.1612
[early-stopping] Epoch 62: no improvement (5/20)
Epoch 63/200, Batch 100, Aver_Loss: 482.4240
Epoch 63/200, Batch 200, Aver_Loss: 478.5252
Epoch 63/200, Batch 300, Aver_Loss: 477.4178
Epoch 63/200, Batch 400, Aver_Loss: 479.5458
[early-stopping] Epoch 63: no improvement (6/20)
Epoch 64/200, Batch 100, Aver_Loss: 488.6132
Epoch 64/200, Batch 200, Aver_Loss: 486.9966
Epoch 64/200, Batch 300, Aver_Loss: 486.9847
Epoch 64/200, Batch 400, Aver_Loss: 470.7083
[early-stopping] Epoch 64: new best val ELBO = -482.137266
Epoch 65/200, Batch 100, Aver_Loss: 481.2388
Epoch 65/200, Batch 200, Aver_Loss: 483.5978
Epoch 65/200, Batch 300, Aver_Loss: 478.4297
Epoch 65/200, Batch 400, Aver_Loss: 482.0628
[early-stopping] Epoch 65: no improvement (1/20)
Epoch 66/200, Batch 100, Aver_Loss: 489.2328
Epoch 66/200, Batch 200, Aver_Loss: 481.9313
Epoch 66/200, Batch 300, Aver_Loss: 484.0755
Epoch 66/200, Batch 400, Aver_Loss: 474.7902
[early-stopping] Epoch 66: no improvement (2/20)
Epoch 67/200, Batch 100, Aver_Loss: 486.6534
Epoch 67/200, Batch 200, Aver_Loss: 488.4240
Epoch 67/200, Batch 300, Aver_Loss: 479.2523
Epoch 67/200, Batch 400, Aver_Loss: 482.8582
[early-stopping] Epoch 67: no improvement (3/20)
Epoch 68/200, Batch 100, Aver_Loss: 487.9980
Epoch 68/200, Batch 200, Aver_Loss: 480.9288
Epoch 68/200, Batch 300, Aver_Loss: 477.4962
Epoch 68/200, Batch 400, Aver_Loss: 485.7287
[early-stopping] Epoch 68: no improvement (4/20)
Epoch 69/200, Batch 100, Aver_Loss: 485.5919
Epoch 69/200, Batch 200, Aver_Loss: 475.9861
Epoch 69/200, Batch 300, Aver_Loss: 474.8598
Epoch 69/200, Batch 400, Aver_Loss: 482.6246
[early-stopping] Epoch 69: no improvement (5/20)
Epoch 70/200, Batch 100, Aver_Loss: 493.5368
Epoch 70/200, Batch 200, Aver_Loss: 482.7188
Epoch 70/200, Batch 300, Aver_Loss: 485.2881
Epoch 70/200, Batch 400, Aver_Loss: 481.5711
[early-stopping] Epoch 70: no improvement (6/20)
Epoch 71/200, Batch 100, Aver_Loss: 473.3326
Epoch 71/200, Batch 200, Aver_Loss: 484.5764
Epoch 71/200, Batch 300, Aver_Loss: 491.7635
Epoch 71/200, Batch 400, Aver_Loss: 477.4922
[early-stopping] Epoch 71: new best val ELBO = -482.126998
Epoch 72/200, Batch 100, Aver_Loss: 475.4258
Epoch 72/200, Batch 200, Aver_Loss: 477.6173
Epoch 72/200, Batch 300, Aver_Loss: 476.2878
Epoch 72/200, Batch 400, Aver_Loss: 476.2874
[early-stopping] Epoch 72: no improvement (1/20)
Epoch 73/200, Batch 100, Aver_Loss: 491.6459
Epoch 73/200, Batch 200, Aver_Loss: 484.2385
Epoch 73/200, Batch 300, Aver_Loss: 481.1212
Epoch 73/200, Batch 400, Aver_Loss: 477.3653
[early-stopping] Epoch 73: new best val ELBO = -481.809220
Epoch 74/200, Batch 100, Aver_Loss: 475.0029
Epoch 74/200, Batch 200, Aver_Loss: 490.0203
Epoch 74/200, Batch 300, Aver_Loss: 473.5349
Epoch 74/200, Batch 400, Aver_Loss: 482.8756
[early-stopping] Epoch 74: no improvement (1/20)
Epoch 75/200, Batch 100, Aver_Loss: 484.6457
Epoch 75/200, Batch 200, Aver_Loss: 479.3535
Epoch 75/200, Batch 300, Aver_Loss: 481.1481
Epoch 75/200, Batch 400, Aver_Loss: 484.3769
[early-stopping] Epoch 75: no improvement (2/20)
Epoch 76/200, Batch 100, Aver_Loss: 480.7195
Epoch 76/200, Batch 200, Aver_Loss: 483.8533
Epoch 76/200, Batch 300, Aver_Loss: 481.7010
Epoch 76/200, Batch 400, Aver_Loss: 481.7376
[early-stopping] Epoch 76: no improvement (3/20)
Epoch 77/200, Batch 100, Aver_Loss: 479.4335
Epoch 77/200, Batch 200, Aver_Loss: 483.3438
Epoch 77/200, Batch 300, Aver_Loss: 481.4414
Epoch 77/200, Batch 400, Aver_Loss: 476.3834
[early-stopping] Epoch 77: no improvement (4/20)
Epoch 78/200, Batch 100, Aver_Loss: 480.9254
Epoch 78/200, Batch 200, Aver_Loss: 477.8540
Epoch 78/200, Batch 300, Aver_Loss: 485.4883
Epoch 78/200, Batch 400, Aver_Loss: 476.2747
[early-stopping] Epoch 78: no improvement (5/20)
Epoch 79/200, Batch 100, Aver_Loss: 488.4113
Epoch 79/200, Batch 200, Aver_Loss: 484.8897
Epoch 79/200, Batch 300, Aver_Loss: 479.6476
Epoch 79/200, Batch 400, Aver_Loss: 473.4513
[early-stopping] Epoch 79: no improvement (6/20)
Epoch 80/200, Batch 100, Aver_Loss: 477.7726
Epoch 80/200, Batch 200, Aver_Loss: 484.7040
Epoch 80/200, Batch 300, Aver_Loss: 492.3249
Epoch 80/200, Batch 400, Aver_Loss: 482.7829
[early-stopping] Epoch 80: no improvement (7/20)
Epoch 81/200, Batch 100, Aver_Loss: 475.8785
Epoch 81/200, Batch 200, Aver_Loss: 489.7850
Epoch 81/200, Batch 300, Aver_Loss: 486.8456
Epoch 81/200, Batch 400, Aver_Loss: 485.3246
[early-stopping] Epoch 81: no improvement (8/20)
Epoch 82/200, Batch 100, Aver_Loss: 485.6308
Epoch 82/200, Batch 200, Aver_Loss: 492.9978
Epoch 82/200, Batch 300, Aver_Loss: 477.5537
Epoch 82/200, Batch 400, Aver_Loss: 479.8855
[early-stopping] Epoch 82: no improvement (9/20)
Epoch 83/200, Batch 100, Aver_Loss: 478.9134
Epoch 83/200, Batch 200, Aver_Loss: 479.2496
Epoch 83/200, Batch 300, Aver_Loss: 485.0577
Epoch 83/200, Batch 400, Aver_Loss: 484.0993
[early-stopping] Epoch 83: new best val ELBO = -481.696526
Epoch 84/200, Batch 100, Aver_Loss: 480.4413
Epoch 84/200, Batch 200, Aver_Loss: 480.0458
Epoch 84/200, Batch 300, Aver_Loss: 480.0893
Epoch 84/200, Batch 400, Aver_Loss: 490.2455
[early-stopping] Epoch 84: no improvement (1/20)
Epoch 85/200, Batch 100, Aver_Loss: 480.9964
Epoch 85/200, Batch 200, Aver_Loss: 480.7906
Epoch 85/200, Batch 300, Aver_Loss: 473.7525
Epoch 85/200, Batch 400, Aver_Loss: 481.8614
[early-stopping] Epoch 85: no improvement (2/20)
Epoch 86/200, Batch 100, Aver_Loss: 480.1879
Epoch 86/200, Batch 200, Aver_Loss: 485.3885
Epoch 86/200, Batch 300, Aver_Loss: 478.7628
Epoch 86/200, Batch 400, Aver_Loss: 478.2360
[early-stopping] Epoch 86: no improvement (3/20)
Epoch 87/200, Batch 100, Aver_Loss: 474.4944
Epoch 87/200, Batch 200, Aver_Loss: 483.7113
Epoch 87/200, Batch 300, Aver_Loss: 487.4599
Epoch 87/200, Batch 400, Aver_Loss: 477.6412
[early-stopping] Epoch 87: no improvement (4/20)
Epoch 88/200, Batch 100, Aver_Loss: 474.9678
Epoch 88/200, Batch 200, Aver_Loss: 471.9527
Epoch 88/200, Batch 300, Aver_Loss: 486.1721
Epoch 88/200, Batch 400, Aver_Loss: 471.5639
[early-stopping] Epoch 88: no improvement (5/20)
Epoch 89/200, Batch 100, Aver_Loss: 478.5428
Epoch 89/200, Batch 200, Aver_Loss: 483.4786
Epoch 89/200, Batch 300, Aver_Loss: 470.7773
Epoch 89/200, Batch 400, Aver_Loss: 477.4534
[early-stopping] Epoch 89: no improvement (6/20)
Epoch 90/200, Batch 100, Aver_Loss: 472.0015
Epoch 90/200, Batch 200, Aver_Loss: 481.8862
Epoch 90/200, Batch 300, Aver_Loss: 481.5558
Epoch 90/200, Batch 400, Aver_Loss: 486.8030
[early-stopping] Epoch 90: no improvement (7/20)
Epoch 91/200, Batch 100, Aver_Loss: 486.9273
Epoch 91/200, Batch 200, Aver_Loss: 486.8885
Epoch 91/200, Batch 300, Aver_Loss: 484.9345
Epoch 91/200, Batch 400, Aver_Loss: 479.2499
[early-stopping] Epoch 91: no improvement (8/20)
Epoch 92/200, Batch 100, Aver_Loss: 471.2168
Epoch 92/200, Batch 200, Aver_Loss: 476.6127
Epoch 92/200, Batch 300, Aver_Loss: 480.5098
Epoch 92/200, Batch 400, Aver_Loss: 475.4969
[early-stopping] Epoch 92: no improvement (9/20)
Epoch 93/200, Batch 100, Aver_Loss: 479.7143
Epoch 93/200, Batch 200, Aver_Loss: 479.7330
Epoch 93/200, Batch 300, Aver_Loss: 488.2327
Epoch 93/200, Batch 400, Aver_Loss: 481.4581
[early-stopping] Epoch 93: new best val ELBO = -481.432889
Epoch 94/200, Batch 100, Aver_Loss: 481.0345
Epoch 94/200, Batch 200, Aver_Loss: 476.2629
Epoch 94/200, Batch 300, Aver_Loss: 487.7079
Epoch 94/200, Batch 400, Aver_Loss: 477.6786
[early-stopping] Epoch 94: no improvement (1/20)
Epoch 95/200, Batch 100, Aver_Loss: 478.5279
Epoch 95/200, Batch 200, Aver_Loss: 483.3236
Epoch 95/200, Batch 300, Aver_Loss: 485.2823
Epoch 95/200, Batch 400, Aver_Loss: 484.6246
[early-stopping] Epoch 95: no improvement (2/20)
Epoch 96/200, Batch 100, Aver_Loss: 488.4195
Epoch 96/200, Batch 200, Aver_Loss: 476.1305
Epoch 96/200, Batch 300, Aver_Loss: 483.6908
Epoch 96/200, Batch 400, Aver_Loss: 488.2089
[early-stopping] Epoch 96: no improvement (3/20)
Epoch 97/200, Batch 100, Aver_Loss: 485.9341
Epoch 97/200, Batch 200, Aver_Loss: 476.2228
Epoch 97/200, Batch 300, Aver_Loss: 483.5103
Epoch 97/200, Batch 400, Aver_Loss: 479.7932
[early-stopping] Epoch 97: no improvement (4/20)
Epoch 98/200, Batch 100, Aver_Loss: 478.4106
Epoch 98/200, Batch 200, Aver_Loss: 477.2829
Epoch 98/200, Batch 300, Aver_Loss: 484.2068
Epoch 98/200, Batch 400, Aver_Loss: 475.6103
[early-stopping] Epoch 98: new best val ELBO = -481.432736
Epoch 99/200, Batch 100, Aver_Loss: 474.4498
Epoch 99/200, Batch 200, Aver_Loss: 476.5527
Epoch 99/200, Batch 300, Aver_Loss: 482.6083
Epoch 99/200, Batch 400, Aver_Loss: 472.7621
[early-stopping] Epoch 99: no improvement (1/20)
Epoch 100/200, Batch 100, Aver_Loss: 480.9075
Epoch 100/200, Batch 200, Aver_Loss: 478.5582
Epoch 100/200, Batch 300, Aver_Loss: 479.8153
Epoch 100/200, Batch 400, Aver_Loss: 482.0644
[early-stopping] Epoch 100: no improvement (2/20)
Epoch 101/200, Batch 100, Aver_Loss: 486.7696
Epoch 101/200, Batch 200, Aver_Loss: 466.7826
Epoch 101/200, Batch 300, Aver_Loss: 482.8923
Epoch 101/200, Batch 400, Aver_Loss: 472.6049
[early-stopping] Epoch 101: no improvement (3/20)
Epoch 102/200, Batch 100, Aver_Loss: 489.6496
Epoch 102/200, Batch 200, Aver_Loss: 485.9161
Epoch 102/200, Batch 300, Aver_Loss: 484.1269
Epoch 102/200, Batch 400, Aver_Loss: 478.8125
[early-stopping] Epoch 102: no improvement (4/20)
Epoch 103/200, Batch 100, Aver_Loss: 486.0144
Epoch 103/200, Batch 200, Aver_Loss: 491.2457
Epoch 103/200, Batch 300, Aver_Loss: 485.8811
Epoch 103/200, Batch 400, Aver_Loss: 471.5423
[early-stopping] Epoch 103: no improvement (5/20)
Epoch 104/200, Batch 100, Aver_Loss: 484.4962
Epoch 104/200, Batch 200, Aver_Loss: 485.5797
Epoch 104/200, Batch 300, Aver_Loss: 479.9091
Epoch 104/200, Batch 400, Aver_Loss: 481.4093
[early-stopping] Epoch 104: new best val ELBO = -481.401193
Epoch 105/200, Batch 100, Aver_Loss: 478.0220
Epoch 105/200, Batch 200, Aver_Loss: 476.9979
Epoch 105/200, Batch 300, Aver_Loss: 489.0920
Epoch 105/200, Batch 400, Aver_Loss: 475.7746
[early-stopping] Epoch 105: no improvement (1/20)
Epoch 106/200, Batch 100, Aver_Loss: 477.9438
Epoch 106/200, Batch 200, Aver_Loss: 476.4115
Epoch 106/200, Batch 300, Aver_Loss: 488.2216
Epoch 106/200, Batch 400, Aver_Loss: 481.2940
[early-stopping] Epoch 106: no improvement (2/20)
Epoch 107/200, Batch 100, Aver_Loss: 480.8460
Epoch 107/200, Batch 200, Aver_Loss: 474.2902
Epoch 107/200, Batch 300, Aver_Loss: 485.2219
Epoch 107/200, Batch 400, Aver_Loss: 484.6610
[early-stopping] Epoch 107: no improvement (3/20)
Epoch 108/200, Batch 100, Aver_Loss: 481.1169
Epoch 108/200, Batch 200, Aver_Loss: 474.4198
Epoch 108/200, Batch 300, Aver_Loss: 482.0889
Epoch 108/200, Batch 400, Aver_Loss: 471.8332
[early-stopping] Epoch 108: no improvement (4/20)
Epoch 109/200, Batch 100, Aver_Loss: 474.3414
Epoch 109/200, Batch 200, Aver_Loss: 480.7599
Epoch 109/200, Batch 300, Aver_Loss: 486.2985
Epoch 109/200, Batch 400, Aver_Loss: 475.7403
[early-stopping] Epoch 109: no improvement (5/20)
Epoch 110/200, Batch 100, Aver_Loss: 480.2068
Epoch 110/200, Batch 200, Aver_Loss: 479.8098
Epoch 110/200, Batch 300, Aver_Loss: 484.2501
Epoch 110/200, Batch 400, Aver_Loss: 475.9503
[early-stopping] Epoch 110: no improvement (6/20)
Epoch 111/200, Batch 100, Aver_Loss: 485.1528
Epoch 111/200, Batch 200, Aver_Loss: 480.4097
Epoch 111/200, Batch 300, Aver_Loss: 486.5153
Epoch 111/200, Batch 400, Aver_Loss: 475.0420
[early-stopping] Epoch 111: no improvement (7/20)
Epoch 112/200, Batch 100, Aver_Loss: 486.7428
Epoch 112/200, Batch 200, Aver_Loss: 476.5578
Epoch 112/200, Batch 300, Aver_Loss: 487.5919
Epoch 112/200, Batch 400, Aver_Loss: 479.4051
[early-stopping] Epoch 112: no improvement (8/20)
Epoch 113/200, Batch 100, Aver_Loss: 469.3636
Epoch 113/200, Batch 200, Aver_Loss: 476.7667
Epoch 113/200, Batch 300, Aver_Loss: 484.4959
Epoch 113/200, Batch 400, Aver_Loss: 486.3511
[early-stopping] Epoch 113: no improvement (9/20)
Epoch 114/200, Batch 100, Aver_Loss: 485.4208
Epoch 114/200, Batch 200, Aver_Loss: 482.6693
Epoch 114/200, Batch 300, Aver_Loss: 482.3774
Epoch 114/200, Batch 400, Aver_Loss: 477.0850
[early-stopping] Epoch 114: no improvement (10/20)
Epoch 115/200, Batch 100, Aver_Loss: 484.2663
Epoch 115/200, Batch 200, Aver_Loss: 486.7206
Epoch 115/200, Batch 300, Aver_Loss: 481.6151
Epoch 115/200, Batch 400, Aver_Loss: 486.5741
[early-stopping] Epoch 115: no improvement (11/20)
Epoch 116/200, Batch 100, Aver_Loss: 486.5100
Epoch 116/200, Batch 200, Aver_Loss: 476.7860
Epoch 116/200, Batch 300, Aver_Loss: 484.8753
Epoch 116/200, Batch 400, Aver_Loss: 471.3724
[early-stopping] Epoch 116: new best val ELBO = -481.383662
Epoch 117/200, Batch 100, Aver_Loss: 487.4582
Epoch 117/200, Batch 200, Aver_Loss: 483.9642
Epoch 117/200, Batch 300, Aver_Loss: 485.4493
Epoch 117/200, Batch 400, Aver_Loss: 478.0357
[early-stopping] Epoch 117: no improvement (1/20)
Epoch 118/200, Batch 100, Aver_Loss: 482.0723
Epoch 118/200, Batch 200, Aver_Loss: 482.9568
Epoch 118/200, Batch 300, Aver_Loss: 485.5217
Epoch 118/200, Batch 400, Aver_Loss: 486.0444
[early-stopping] Epoch 118: no improvement (2/20)
Epoch 119/200, Batch 100, Aver_Loss: 481.8377
Epoch 119/200, Batch 200, Aver_Loss: 480.6662
Epoch 119/200, Batch 300, Aver_Loss: 476.5221
Epoch 119/200, Batch 400, Aver_Loss: 484.9942
[early-stopping] Epoch 119: no improvement (3/20)
Epoch 120/200, Batch 100, Aver_Loss: 486.9992
Epoch 120/200, Batch 200, Aver_Loss: 482.1721
Epoch 120/200, Batch 300, Aver_Loss: 487.3101
Epoch 120/200, Batch 400, Aver_Loss: 486.0325
[early-stopping] Epoch 120: no improvement (4/20)
Epoch 121/200, Batch 100, Aver_Loss: 481.1107
Epoch 121/200, Batch 200, Aver_Loss: 484.1608
Epoch 121/200, Batch 300, Aver_Loss: 478.2955
Epoch 121/200, Batch 400, Aver_Loss: 484.3880
[early-stopping] Epoch 121: no improvement (5/20)
Epoch 122/200, Batch 100, Aver_Loss: 483.3452
Epoch 122/200, Batch 200, Aver_Loss: 489.3841
Epoch 122/200, Batch 300, Aver_Loss: 479.5260
Epoch 122/200, Batch 400, Aver_Loss: 475.6846
[early-stopping] Epoch 122: no improvement (6/20)
Epoch 123/200, Batch 100, Aver_Loss: 478.4668
Epoch 123/200, Batch 200, Aver_Loss: 476.7990
Epoch 123/200, Batch 300, Aver_Loss: 474.1192
Epoch 123/200, Batch 400, Aver_Loss: 471.9953
[early-stopping] Epoch 123: no improvement (7/20)
Epoch 124/200, Batch 100, Aver_Loss: 474.7584
Epoch 124/200, Batch 200, Aver_Loss: 478.9887
Epoch 124/200, Batch 300, Aver_Loss: 479.9955
Epoch 124/200, Batch 400, Aver_Loss: 482.8118
[early-stopping] Epoch 124: no improvement (8/20)
Epoch 125/200, Batch 100, Aver_Loss: 490.1653
Epoch 125/200, Batch 200, Aver_Loss: 473.5475
Epoch 125/200, Batch 300, Aver_Loss: 484.8729
Epoch 125/200, Batch 400, Aver_Loss: 477.5425
[early-stopping] Epoch 125: no improvement (9/20)
Epoch 126/200, Batch 100, Aver_Loss: 485.4514
Epoch 126/200, Batch 200, Aver_Loss: 481.9606
Epoch 126/200, Batch 300, Aver_Loss: 484.6523
Epoch 126/200, Batch 400, Aver_Loss: 486.1013
[early-stopping] Epoch 126: no improvement (10/20)
Epoch 127/200, Batch 100, Aver_Loss: 477.4799
Epoch 127/200, Batch 200, Aver_Loss: 483.1944
Epoch 127/200, Batch 300, Aver_Loss: 477.1559
Epoch 127/200, Batch 400, Aver_Loss: 482.1295
[early-stopping] Epoch 127: no improvement (11/20)
Epoch 128/200, Batch 100, Aver_Loss: 483.3272
Epoch 128/200, Batch 200, Aver_Loss: 478.5875
Epoch 128/200, Batch 300, Aver_Loss: 479.9487
Epoch 128/200, Batch 400, Aver_Loss: 487.5679
[early-stopping] Epoch 128: no improvement (12/20)
Epoch 129/200, Batch 100, Aver_Loss: 481.5649
Epoch 129/200, Batch 200, Aver_Loss: 485.1784
Epoch 129/200, Batch 300, Aver_Loss: 481.6288
Epoch 129/200, Batch 400, Aver_Loss: 487.8546
[early-stopping] Epoch 129: new best val ELBO = -481.359447
Epoch 130/200, Batch 100, Aver_Loss: 493.0084
Epoch 130/200, Batch 200, Aver_Loss: 477.6089
Epoch 130/200, Batch 300, Aver_Loss: 477.7580
Epoch 130/200, Batch 400, Aver_Loss: 469.8856
[early-stopping] Epoch 130: no improvement (1/20)
Epoch 131/200, Batch 100, Aver_Loss: 481.4089
Epoch 131/200, Batch 200, Aver_Loss: 478.7256
Epoch 131/200, Batch 300, Aver_Loss: 485.8862
Epoch 131/200, Batch 400, Aver_Loss: 474.2530
[early-stopping] Epoch 131: new best val ELBO = -481.281910
Epoch 132/200, Batch 100, Aver_Loss: 474.6419
Epoch 132/200, Batch 200, Aver_Loss: 488.1432
Epoch 132/200, Batch 300, Aver_Loss: 484.1933
Epoch 132/200, Batch 400, Aver_Loss: 482.5023
[early-stopping] Epoch 132: no improvement (1/20)
Epoch 133/200, Batch 100, Aver_Loss: 480.1776
Epoch 133/200, Batch 200, Aver_Loss: 485.7658
Epoch 133/200, Batch 300, Aver_Loss: 480.5923
Epoch 133/200, Batch 400, Aver_Loss: 485.3398
[early-stopping] Epoch 133: no improvement (2/20)
Epoch 134/200, Batch 100, Aver_Loss: 474.6273
Epoch 134/200, Batch 200, Aver_Loss: 479.9232
Epoch 134/200, Batch 300, Aver_Loss: 480.7203
Epoch 134/200, Batch 400, Aver_Loss: 482.6107
[early-stopping] Epoch 134: no improvement (3/20)
Epoch 135/200, Batch 100, Aver_Loss: 486.3985
Epoch 135/200, Batch 200, Aver_Loss: 485.0172
Epoch 135/200, Batch 300, Aver_Loss: 477.6321
Epoch 135/200, Batch 400, Aver_Loss: 482.6500
[early-stopping] Epoch 135: no improvement (4/20)
Epoch 136/200, Batch 100, Aver_Loss: 485.6163
Epoch 136/200, Batch 200, Aver_Loss: 480.5384
Epoch 136/200, Batch 300, Aver_Loss: 479.6420
Epoch 136/200, Batch 400, Aver_Loss: 474.5360
[early-stopping] Epoch 136: no improvement (5/20)
Epoch 137/200, Batch 100, Aver_Loss: 469.5042
Epoch 137/200, Batch 200, Aver_Loss: 471.5730
Epoch 137/200, Batch 300, Aver_Loss: 477.2892
Epoch 137/200, Batch 400, Aver_Loss: 476.4102
[early-stopping] Epoch 137: no improvement (6/20)
Epoch 138/200, Batch 100, Aver_Loss: 489.2117
Epoch 138/200, Batch 200, Aver_Loss: 480.6874
Epoch 138/200, Batch 300, Aver_Loss: 489.9576
Epoch 138/200, Batch 400, Aver_Loss: 476.7494
[early-stopping] Epoch 138: no improvement (7/20)
Epoch 139/200, Batch 100, Aver_Loss: 480.3871
Epoch 139/200, Batch 200, Aver_Loss: 488.8426
Epoch 139/200, Batch 300, Aver_Loss: 476.8190
Epoch 139/200, Batch 400, Aver_Loss: 483.9511
[early-stopping] Epoch 139: no improvement (8/20)
Epoch 140/200, Batch 100, Aver_Loss: 472.8393
Epoch 140/200, Batch 200, Aver_Loss: 480.1966
Epoch 140/200, Batch 300, Aver_Loss: 486.5745
Epoch 140/200, Batch 400, Aver_Loss: 475.2312
[early-stopping] Epoch 140: no improvement (9/20)
Epoch 141/200, Batch 100, Aver_Loss: 484.0614
Epoch 141/200, Batch 200, Aver_Loss: 483.1726
Epoch 141/200, Batch 300, Aver_Loss: 479.7000
Epoch 141/200, Batch 400, Aver_Loss: 487.3322
[early-stopping] Epoch 141: no improvement (10/20)
Epoch 142/200, Batch 100, Aver_Loss: 485.7310
Epoch 142/200, Batch 200, Aver_Loss: 490.7904
Epoch 142/200, Batch 300, Aver_Loss: 473.8045
Epoch 142/200, Batch 400, Aver_Loss: 480.1516
[early-stopping] Epoch 142: no improvement (11/20)
Epoch 143/200, Batch 100, Aver_Loss: 482.1922
Epoch 143/200, Batch 200, Aver_Loss: 474.1124
Epoch 143/200, Batch 300, Aver_Loss: 481.0386
Epoch 143/200, Batch 400, Aver_Loss: 480.4830
[early-stopping] Epoch 143: no improvement (12/20)
Epoch 144/200, Batch 100, Aver_Loss: 479.6296
Epoch 144/200, Batch 200, Aver_Loss: 480.3890
Epoch 144/200, Batch 300, Aver_Loss: 480.5733
Epoch 144/200, Batch 400, Aver_Loss: 492.2019
[early-stopping] Epoch 144: no improvement (13/20)
Epoch 145/200, Batch 100, Aver_Loss: 485.4085
Epoch 145/200, Batch 200, Aver_Loss: 477.5794
Epoch 145/200, Batch 300, Aver_Loss: 477.4071
Epoch 145/200, Batch 400, Aver_Loss: 476.3293
[early-stopping] Epoch 145: no improvement (14/20)
Epoch 146/200, Batch 100, Aver_Loss: 482.2610
Epoch 146/200, Batch 200, Aver_Loss: 480.8129
Epoch 146/200, Batch 300, Aver_Loss: 480.2193
Epoch 146/200, Batch 400, Aver_Loss: 485.0758
[early-stopping] Epoch 146: new best val ELBO = -481.218231
Epoch 147/200, Batch 100, Aver_Loss: 484.6845
Epoch 147/200, Batch 200, Aver_Loss: 477.9155
Epoch 147/200, Batch 300, Aver_Loss: 485.8098
Epoch 147/200, Batch 400, Aver_Loss: 487.3850
[early-stopping] Epoch 147: no improvement (1/20)
Epoch 148/200, Batch 100, Aver_Loss: 479.2114
Epoch 148/200, Batch 200, Aver_Loss: 477.2639
Epoch 148/200, Batch 300, Aver_Loss: 477.6049
Epoch 148/200, Batch 400, Aver_Loss: 473.7538
[early-stopping] Epoch 148: no improvement (2/20)
Epoch 149/200, Batch 100, Aver_Loss: 491.4755
Epoch 149/200, Batch 200, Aver_Loss: 487.9018
Epoch 149/200, Batch 300, Aver_Loss: 482.7076
Epoch 149/200, Batch 400, Aver_Loss: 472.7159
[early-stopping] Epoch 149: new best val ELBO = -481.204151
Epoch 150/200, Batch 100, Aver_Loss: 477.5404
Epoch 150/200, Batch 200, Aver_Loss: 483.3637
Epoch 150/200, Batch 300, Aver_Loss: 477.7167
Epoch 150/200, Batch 400, Aver_Loss: 482.4890
[early-stopping] Epoch 150: no improvement (1/20)
Epoch 151/200, Batch 100, Aver_Loss: 479.2401
Epoch 151/200, Batch 200, Aver_Loss: 477.0034
Epoch 151/200, Batch 300, Aver_Loss: 480.6512
Epoch 151/200, Batch 400, Aver_Loss: 484.3180
[early-stopping] Epoch 151: no improvement (2/20)
Epoch 152/200, Batch 100, Aver_Loss: 485.1305
Epoch 152/200, Batch 200, Aver_Loss: 487.9211
Epoch 152/200, Batch 300, Aver_Loss: 480.4257
Epoch 152/200, Batch 400, Aver_Loss: 481.0092
[early-stopping] Epoch 152: no improvement (3/20)
Epoch 153/200, Batch 100, Aver_Loss: 483.1055
Epoch 153/200, Batch 200, Aver_Loss: 472.5084
Epoch 153/200, Batch 300, Aver_Loss: 480.5365
Epoch 153/200, Batch 400, Aver_Loss: 483.3627
[early-stopping] Epoch 153: no improvement (4/20)
Epoch 154/200, Batch 100, Aver_Loss: 478.7021
Epoch 154/200, Batch 200, Aver_Loss: 474.7085
Epoch 154/200, Batch 300, Aver_Loss: 487.4374
Epoch 154/200, Batch 400, Aver_Loss: 480.5059
[early-stopping] Epoch 154: new best val ELBO = -481.053305
Epoch 155/200, Batch 100, Aver_Loss: 485.5031
Epoch 155/200, Batch 200, Aver_Loss: 484.5463
Epoch 155/200, Batch 300, Aver_Loss: 473.7102
Epoch 155/200, Batch 400, Aver_Loss: 477.4806
[early-stopping] Epoch 155: no improvement (1/20)
Epoch 156/200, Batch 100, Aver_Loss: 483.8478
Epoch 156/200, Batch 200, Aver_Loss: 479.7029
Epoch 156/200, Batch 300, Aver_Loss: 483.0210
Epoch 156/200, Batch 400, Aver_Loss: 478.5598
[early-stopping] Epoch 156: no improvement (2/20)
Epoch 157/200, Batch 100, Aver_Loss: 486.1441
Epoch 157/200, Batch 200, Aver_Loss: 484.1891
Epoch 157/200, Batch 300, Aver_Loss: 480.5227
Epoch 157/200, Batch 400, Aver_Loss: 482.9699
[early-stopping] Epoch 157: no improvement (3/20)
Epoch 158/200, Batch 100, Aver_Loss: 479.3780
Epoch 158/200, Batch 200, Aver_Loss: 476.8132
Epoch 158/200, Batch 300, Aver_Loss: 484.1419
Epoch 158/200, Batch 400, Aver_Loss: 475.4887
[early-stopping] Epoch 158: no improvement (4/20)
Epoch 159/200, Batch 100, Aver_Loss: 483.8715
Epoch 159/200, Batch 200, Aver_Loss: 482.2089
Epoch 159/200, Batch 300, Aver_Loss: 488.0150
Epoch 159/200, Batch 400, Aver_Loss: 473.7053
[early-stopping] Epoch 159: no improvement (5/20)
Epoch 160/200, Batch 100, Aver_Loss: 483.2685
Epoch 160/200, Batch 200, Aver_Loss: 478.8067
Epoch 160/200, Batch 300, Aver_Loss: 478.7833
Epoch 160/200, Batch 400, Aver_Loss: 483.0457
[early-stopping] Epoch 160: no improvement (6/20)
Epoch 161/200, Batch 100, Aver_Loss: 475.7893
Epoch 161/200, Batch 200, Aver_Loss: 473.1703
Epoch 161/200, Batch 300, Aver_Loss: 472.8825
Epoch 161/200, Batch 400, Aver_Loss: 476.4033
[early-stopping] Epoch 161: no improvement (7/20)
Epoch 162/200, Batch 100, Aver_Loss: 481.9180
Epoch 162/200, Batch 200, Aver_Loss: 482.4385
Epoch 162/200, Batch 300, Aver_Loss: 481.8654
Epoch 162/200, Batch 400, Aver_Loss: 479.9411
[early-stopping] Epoch 162: no improvement (8/20)
Epoch 163/200, Batch 100, Aver_Loss: 484.2266
Epoch 163/200, Batch 200, Aver_Loss: 482.5647
Epoch 163/200, Batch 300, Aver_Loss: 477.3149
Epoch 163/200, Batch 400, Aver_Loss: 474.8971
[early-stopping] Epoch 163: no improvement (9/20)
Epoch 164/200, Batch 100, Aver_Loss: 490.6143
Epoch 164/200, Batch 200, Aver_Loss: 484.4395
Epoch 164/200, Batch 300, Aver_Loss: 486.9921
Epoch 164/200, Batch 400, Aver_Loss: 484.1467
[early-stopping] Epoch 164: no improvement (10/20)
Epoch 165/200, Batch 100, Aver_Loss: 483.1013
Epoch 165/200, Batch 200, Aver_Loss: 476.8414
Epoch 165/200, Batch 300, Aver_Loss: 476.5599
Epoch 165/200, Batch 400, Aver_Loss: 477.8495
[early-stopping] Epoch 165: no improvement (11/20)
Epoch 166/200, Batch 100, Aver_Loss: 472.6430
Epoch 166/200, Batch 200, Aver_Loss: 488.5491
Epoch 166/200, Batch 300, Aver_Loss: 480.1734
Epoch 166/200, Batch 400, Aver_Loss: 477.0567
[early-stopping] Epoch 166: no improvement (12/20)
Epoch 167/200, Batch 100, Aver_Loss: 486.1048
Epoch 167/200, Batch 200, Aver_Loss: 484.3271
Epoch 167/200, Batch 300, Aver_Loss: 479.8150
Epoch 167/200, Batch 400, Aver_Loss: 475.4857
[early-stopping] Epoch 167: no improvement (13/20)
Epoch 168/200, Batch 100, Aver_Loss: 489.2760
Epoch 168/200, Batch 200, Aver_Loss: 485.6685
Epoch 168/200, Batch 300, Aver_Loss: 482.5396
Epoch 168/200, Batch 400, Aver_Loss: 486.9499
[early-stopping] Epoch 168: no improvement (14/20)
Epoch 169/200, Batch 100, Aver_Loss: 483.7335
Epoch 169/200, Batch 200, Aver_Loss: 478.9077
Epoch 169/200, Batch 300, Aver_Loss: 481.0042
Epoch 169/200, Batch 400, Aver_Loss: 481.4730
[early-stopping] Epoch 169: no improvement (15/20)
Epoch 170/200, Batch 100, Aver_Loss: 479.4151
Epoch 170/200, Batch 200, Aver_Loss: 481.3968
Epoch 170/200, Batch 300, Aver_Loss: 475.9929
Epoch 170/200, Batch 400, Aver_Loss: 479.9883
[early-stopping] Epoch 170: no improvement (16/20)
Epoch 171/200, Batch 100, Aver_Loss: 486.4773
Epoch 171/200, Batch 200, Aver_Loss: 485.5954
Epoch 171/200, Batch 300, Aver_Loss: 479.1082
Epoch 171/200, Batch 400, Aver_Loss: 483.5502
[early-stopping] Epoch 171: no improvement (17/20)
Epoch 172/200, Batch 100, Aver_Loss: 486.1054
Epoch 172/200, Batch 200, Aver_Loss: 479.7551
Epoch 172/200, Batch 300, Aver_Loss: 479.4959
Epoch 172/200, Batch 400, Aver_Loss: 470.4706
[early-stopping] Epoch 172: no improvement (18/20)
Epoch 173/200, Batch 100, Aver_Loss: 481.7369
Epoch 173/200, Batch 200, Aver_Loss: 472.6263
Epoch 173/200, Batch 300, Aver_Loss: 479.3730
Epoch 173/200, Batch 400, Aver_Loss: 474.9197
[early-stopping] Epoch 173: new best val ELBO = -480.975975
Epoch 174/200, Batch 100, Aver_Loss: 474.3412
Epoch 174/200, Batch 200, Aver_Loss: 481.0031
Epoch 174/200, Batch 300, Aver_Loss: 479.6588
Epoch 174/200, Batch 400, Aver_Loss: 478.1218
[early-stopping] Epoch 174: no improvement (1/20)
Epoch 175/200, Batch 100, Aver_Loss: 484.9312
Epoch 175/200, Batch 200, Aver_Loss: 477.8702
Epoch 175/200, Batch 300, Aver_Loss: 477.1325
Epoch 175/200, Batch 400, Aver_Loss: 481.8956
[early-stopping] Epoch 175: no improvement (2/20)
Epoch 176/200, Batch 100, Aver_Loss: 479.0727
Epoch 176/200, Batch 200, Aver_Loss: 487.9907
Epoch 176/200, Batch 300, Aver_Loss: 486.7223
Epoch 176/200, Batch 400, Aver_Loss: 479.4059
[early-stopping] Epoch 176: no improvement (3/20)
Epoch 177/200, Batch 100, Aver_Loss: 492.0655
Epoch 177/200, Batch 200, Aver_Loss: 476.5972
Epoch 177/200, Batch 300, Aver_Loss: 476.5588
Epoch 177/200, Batch 400, Aver_Loss: 483.8808
[early-stopping] Epoch 177: no improvement (4/20)
Epoch 178/200, Batch 100, Aver_Loss: 488.9813
Epoch 178/200, Batch 200, Aver_Loss: 482.5700
Epoch 178/200, Batch 300, Aver_Loss: 476.5415
Epoch 178/200, Batch 400, Aver_Loss: 478.0201
[early-stopping] Epoch 178: no improvement (5/20)
Epoch 179/200, Batch 100, Aver_Loss: 479.1286
Epoch 179/200, Batch 200, Aver_Loss: 476.2708
Epoch 179/200, Batch 300, Aver_Loss: 478.2384
Epoch 179/200, Batch 400, Aver_Loss: 488.8940
[early-stopping] Epoch 179: no improvement (6/20)
Epoch 180/200, Batch 100, Aver_Loss: 475.8519
Epoch 180/200, Batch 200, Aver_Loss: 482.1200
Epoch 180/200, Batch 300, Aver_Loss: 470.3091
Epoch 180/200, Batch 400, Aver_Loss: 477.1941
[early-stopping] Epoch 180: no improvement (7/20)
Epoch 181/200, Batch 100, Aver_Loss: 464.6683
Epoch 181/200, Batch 200, Aver_Loss: 478.5217
Epoch 181/200, Batch 300, Aver_Loss: 477.0517
Epoch 181/200, Batch 400, Aver_Loss: 479.8044
[early-stopping] Epoch 181: no improvement (8/20)
Epoch 182/200, Batch 100, Aver_Loss: 477.7212
Epoch 182/200, Batch 200, Aver_Loss: 482.1067
Epoch 182/200, Batch 300, Aver_Loss: 491.5638
Epoch 182/200, Batch 400, Aver_Loss: 484.6474
[early-stopping] Epoch 182: no improvement (9/20)
Epoch 183/200, Batch 100, Aver_Loss: 480.5239
Epoch 183/200, Batch 200, Aver_Loss: 480.0506
Epoch 183/200, Batch 300, Aver_Loss: 477.6887
Epoch 183/200, Batch 400, Aver_Loss: 473.8540
[early-stopping] Epoch 183: new best val ELBO = -480.849129
Epoch 184/200, Batch 100, Aver_Loss: 479.0120
Epoch 184/200, Batch 200, Aver_Loss: 486.2372
Epoch 184/200, Batch 300, Aver_Loss: 484.6428
Epoch 184/200, Batch 400, Aver_Loss: 479.3470
[early-stopping] Epoch 184: no improvement (1/20)
Epoch 185/200, Batch 100, Aver_Loss: 479.9375
Epoch 185/200, Batch 200, Aver_Loss: 482.2662
Epoch 185/200, Batch 300, Aver_Loss: 482.2015
Epoch 185/200, Batch 400, Aver_Loss: 477.8167
[early-stopping] Epoch 185: no improvement (2/20)
Epoch 186/200, Batch 100, Aver_Loss: 479.7556
Epoch 186/200, Batch 200, Aver_Loss: 474.9307
Epoch 186/200, Batch 300, Aver_Loss: 472.6821
Epoch 186/200, Batch 400, Aver_Loss: 476.7933
[early-stopping] Epoch 186: no improvement (3/20)
Epoch 187/200, Batch 100, Aver_Loss: 485.3321
Epoch 187/200, Batch 200, Aver_Loss: 482.4309
Epoch 187/200, Batch 300, Aver_Loss: 481.4044
Epoch 187/200, Batch 400, Aver_Loss: 486.2763
[early-stopping] Epoch 187: no improvement (4/20)
Epoch 188/200, Batch 100, Aver_Loss: 476.0162
Epoch 188/200, Batch 200, Aver_Loss: 479.9601
Epoch 188/200, Batch 300, Aver_Loss: 478.2179
Epoch 188/200, Batch 400, Aver_Loss: 473.5677
[early-stopping] Epoch 188: no improvement (5/20)
Epoch 189/200, Batch 100, Aver_Loss: 483.0529
Epoch 189/200, Batch 200, Aver_Loss: 484.5427
Epoch 189/200, Batch 300, Aver_Loss: 474.2763
Epoch 189/200, Batch 400, Aver_Loss: 484.4133
[early-stopping] Epoch 189: no improvement (6/20)
Epoch 190/200, Batch 100, Aver_Loss: 476.1212
Epoch 190/200, Batch 200, Aver_Loss: 482.9688
Epoch 190/200, Batch 300, Aver_Loss: 487.9652
Epoch 190/200, Batch 400, Aver_Loss: 480.5334
[early-stopping] Epoch 190: no improvement (7/20)
Epoch 191/200, Batch 100, Aver_Loss: 471.5034
Epoch 191/200, Batch 200, Aver_Loss: 485.5037
Epoch 191/200, Batch 300, Aver_Loss: 472.4907
Epoch 191/200, Batch 400, Aver_Loss: 479.7567
[early-stopping] Epoch 191: new best val ELBO = -480.690351
Epoch 192/200, Batch 100, Aver_Loss: 479.5056
Epoch 192/200, Batch 200, Aver_Loss: 483.8239
Epoch 192/200, Batch 300, Aver_Loss: 483.9574
Epoch 192/200, Batch 400, Aver_Loss: 480.4293
[early-stopping] Epoch 192: no improvement (1/20)
Epoch 193/200, Batch 100, Aver_Loss: 480.7862
Epoch 193/200, Batch 200, Aver_Loss: 478.9162
Epoch 193/200, Batch 300, Aver_Loss: 480.0626
Epoch 193/200, Batch 400, Aver_Loss: 482.1373
[early-stopping] Epoch 193: no improvement (2/20)
Epoch 194/200, Batch 100, Aver_Loss: 481.4476
Epoch 194/200, Batch 200, Aver_Loss: 479.2068
Epoch 194/200, Batch 300, Aver_Loss: 481.7929
Epoch 194/200, Batch 400, Aver_Loss: 480.6406
[early-stopping] Epoch 194: no improvement (3/20)
Epoch 195/200, Batch 100, Aver_Loss: 477.3690
Epoch 195/200, Batch 200, Aver_Loss: 479.0028
Epoch 195/200, Batch 300, Aver_Loss: 469.9650
Epoch 195/200, Batch 400, Aver_Loss: 483.6731
[early-stopping] Epoch 195: no improvement (4/20)
Epoch 196/200, Batch 100, Aver_Loss: 484.6123
Epoch 196/200, Batch 200, Aver_Loss: 475.3663
Epoch 196/200, Batch 300, Aver_Loss: 479.6741
Epoch 196/200, Batch 400, Aver_Loss: 477.8512
[early-stopping] Epoch 196: no improvement (5/20)
Epoch 197/200, Batch 100, Aver_Loss: 473.6620
Epoch 197/200, Batch 200, Aver_Loss: 488.8198
Epoch 197/200, Batch 300, Aver_Loss: 484.3784
Epoch 197/200, Batch 400, Aver_Loss: 488.0010
[early-stopping] Epoch 197: no improvement (6/20)
Epoch 198/200, Batch 100, Aver_Loss: 484.4120
Epoch 198/200, Batch 200, Aver_Loss: 481.0918
Epoch 198/200, Batch 300, Aver_Loss: 472.5135
Epoch 198/200, Batch 400, Aver_Loss: 479.0182
[early-stopping] Epoch 198: no improvement (7/20)
Epoch 199/200, Batch 100, Aver_Loss: 491.5568
Epoch 199/200, Batch 200, Aver_Loss: 475.1207
Epoch 199/200, Batch 300, Aver_Loss: 476.6811
Epoch 199/200, Batch 400, Aver_Loss: 479.9949
[early-stopping] Epoch 199: no improvement (8/20)
Epoch 200/200, Batch 100, Aver_Loss: 470.7913
Epoch 200/200, Batch 200, Aver_Loss: 469.6660
Epoch 200/200, Batch 300, Aver_Loss: 487.0734
Epoch 200/200, Batch 400, Aver_Loss: 485.0099
[early-stopping] Epoch 200: no improvement (9/20)
[early-stopping] Loaded best model from epoch 191 (val ELBO = -480.690351)
[checkpoint] Saved best model to: trained_parameters/mnist_background_images_zdim512_MVAE.pkl
[saved curves] ./results/MNIST_BG_IM/curves/mnist_background_images_mvae_d512_s777.json

==== Evaluation Summary ====
                 model: mvae
   recon/mse_per_pixel: 0.029824
            elbo/train: -480.168025
             elbo/test: -480.743537
             mse/train: 0.029645
              mse/test: 0.029824
             probe/acc: 0.749919
             probe/nll: 0.782121
           probe/brier: 0.350410
             probe/ece: 0.029258
           cluster/nmi: 0.220378
           cluster/ari: 0.123004
============================

