/usr/bin/which: no fi_info in (/arf/home/meyavuz/.local/bin:/arf/sw/comp/python/intelpython3/condabin:/arf/sw/comp/python/intelpython3/bin:/usr/share/Modules/bin:/usr/local/bin:/usr/bin:/usr/local/sbin:/usr/sbin)
Extension for Scikit-learn* enabled (https://github.com/uxlfoundation/scikit-learn-intelex)
/arf/home/meyavuz/.conda/envs/sbn/lib/python3.9/site-packages/sklearn/linear_model/_logistic.py:1247: FutureWarning: 'multi_class' was deprecated in version 1.5 and will be removed in 1.7. From then on, it will always use 'multinomial'. Leave it to its default value to avoid this warning.
  warnings.warn(
Epoch 1/200, Batch 100, Aver_Loss: 494.6989
Epoch 1/200, Batch 200, Aver_Loss: 493.9507
Epoch 1/200, Batch 300, Aver_Loss: 502.2249
Epoch 1/200, Batch 400, Aver_Loss: 489.4658
[early-stopping] Epoch 1: new best val ELBO = -498.872586
Epoch 2/200, Batch 100, Aver_Loss: 491.4216
Epoch 2/200, Batch 200, Aver_Loss: 498.5872
Epoch 2/200, Batch 300, Aver_Loss: 491.9420
Epoch 2/200, Batch 400, Aver_Loss: 498.2773
[early-stopping] Epoch 2: new best val ELBO = -498.349412
Epoch 3/200, Batch 100, Aver_Loss: 497.8469
Epoch 3/200, Batch 200, Aver_Loss: 506.6707
Epoch 3/200, Batch 300, Aver_Loss: 503.4758
Epoch 3/200, Batch 400, Aver_Loss: 493.6602
[early-stopping] Epoch 3: no improvement (1/20)
Epoch 4/200, Batch 100, Aver_Loss: 494.6334
Epoch 4/200, Batch 200, Aver_Loss: 494.2901
Epoch 4/200, Batch 300, Aver_Loss: 496.2233
Epoch 4/200, Batch 400, Aver_Loss: 502.2662
[early-stopping] Epoch 4: new best val ELBO = -498.283510
Epoch 5/200, Batch 100, Aver_Loss: 503.4758
Epoch 5/200, Batch 200, Aver_Loss: 499.6295
Epoch 5/200, Batch 300, Aver_Loss: 498.3872
Epoch 5/200, Batch 400, Aver_Loss: 504.6242
[early-stopping] Epoch 5: new best val ELBO = -498.224688
Epoch 6/200, Batch 100, Aver_Loss: 502.1933
Epoch 6/200, Batch 200, Aver_Loss: 494.9028
Epoch 6/200, Batch 300, Aver_Loss: 492.6745
Epoch 6/200, Batch 400, Aver_Loss: 497.4179
[early-stopping] Epoch 6: new best val ELBO = -497.824024
Epoch 7/200, Batch 100, Aver_Loss: 493.3426
Epoch 7/200, Batch 200, Aver_Loss: 495.0789
Epoch 7/200, Batch 300, Aver_Loss: 495.8911
Epoch 7/200, Batch 400, Aver_Loss: 500.3653
[early-stopping] Epoch 7: new best val ELBO = -497.426338
Epoch 8/200, Batch 100, Aver_Loss: 496.8636
Epoch 8/200, Batch 200, Aver_Loss: 483.3556
Epoch 8/200, Batch 300, Aver_Loss: 502.4383
Epoch 8/200, Batch 400, Aver_Loss: 504.9723
[early-stopping] Epoch 8: new best val ELBO = -497.330566
Epoch 9/200, Batch 100, Aver_Loss: 499.8707
Epoch 9/200, Batch 200, Aver_Loss: 492.7531
Epoch 9/200, Batch 300, Aver_Loss: 501.0650
Epoch 9/200, Batch 400, Aver_Loss: 499.0409
[early-stopping] Epoch 9: no improvement (1/20)
Epoch 10/200, Batch 100, Aver_Loss: 495.5321
Epoch 10/200, Batch 200, Aver_Loss: 490.7618
Epoch 10/200, Batch 300, Aver_Loss: 492.7567
Epoch 10/200, Batch 400, Aver_Loss: 497.0033
[early-stopping] Epoch 10: new best val ELBO = -497.239607
Epoch 11/200, Batch 100, Aver_Loss: 488.4586
Epoch 11/200, Batch 200, Aver_Loss: 496.3721
Epoch 11/200, Batch 300, Aver_Loss: 493.8628
Epoch 11/200, Batch 400, Aver_Loss: 492.0429
[early-stopping] Epoch 11: new best val ELBO = -496.636698
Epoch 12/200, Batch 100, Aver_Loss: 500.2392
Epoch 12/200, Batch 200, Aver_Loss: 497.5930
Epoch 12/200, Batch 300, Aver_Loss: 489.6678
Epoch 12/200, Batch 400, Aver_Loss: 501.3987
[early-stopping] Epoch 12: no improvement (1/20)
Epoch 13/200, Batch 100, Aver_Loss: 494.6652
Epoch 13/200, Batch 200, Aver_Loss: 501.0515
Epoch 13/200, Batch 300, Aver_Loss: 493.0626
Epoch 13/200, Batch 400, Aver_Loss: 493.8213
[early-stopping] Epoch 13: no improvement (2/20)
Epoch 14/200, Batch 100, Aver_Loss: 490.9460
Epoch 14/200, Batch 200, Aver_Loss: 496.0467
Epoch 14/200, Batch 300, Aver_Loss: 488.1692
Epoch 14/200, Batch 400, Aver_Loss: 500.5464
[early-stopping] Epoch 14: no improvement (3/20)
Epoch 15/200, Batch 100, Aver_Loss: 497.8913
Epoch 15/200, Batch 200, Aver_Loss: 497.8683
Epoch 15/200, Batch 300, Aver_Loss: 504.3797
Epoch 15/200, Batch 400, Aver_Loss: 500.0967
[early-stopping] Epoch 15: no improvement (4/20)
Epoch 16/200, Batch 100, Aver_Loss: 499.0274
Epoch 16/200, Batch 200, Aver_Loss: 489.5012
Epoch 16/200, Batch 300, Aver_Loss: 494.4613
Epoch 16/200, Batch 400, Aver_Loss: 497.6254
[early-stopping] Epoch 16: new best val ELBO = -496.312788
Epoch 17/200, Batch 100, Aver_Loss: 488.6960
Epoch 17/200, Batch 200, Aver_Loss: 497.7424
Epoch 17/200, Batch 300, Aver_Loss: 497.4417
Epoch 17/200, Batch 400, Aver_Loss: 495.4938
[early-stopping] Epoch 17: new best val ELBO = -496.159949
Epoch 18/200, Batch 100, Aver_Loss: 499.7495
Epoch 18/200, Batch 200, Aver_Loss: 498.7012
Epoch 18/200, Batch 300, Aver_Loss: 497.4433
Epoch 18/200, Batch 400, Aver_Loss: 490.1115
[early-stopping] Epoch 18: no improvement (1/20)
Epoch 19/200, Batch 100, Aver_Loss: 499.7969
Epoch 19/200, Batch 200, Aver_Loss: 495.3852
Epoch 19/200, Batch 300, Aver_Loss: 491.5141
Epoch 19/200, Batch 400, Aver_Loss: 500.7790
[early-stopping] Epoch 19: no improvement (2/20)
Epoch 20/200, Batch 100, Aver_Loss: 501.4457
Epoch 20/200, Batch 200, Aver_Loss: 497.5313
Epoch 20/200, Batch 300, Aver_Loss: 496.6559
Epoch 20/200, Batch 400, Aver_Loss: 491.6787
[early-stopping] Epoch 20: no improvement (3/20)
Epoch 21/200, Batch 100, Aver_Loss: 492.0481
Epoch 21/200, Batch 200, Aver_Loss: 504.4598
Epoch 21/200, Batch 300, Aver_Loss: 488.3768
Epoch 21/200, Batch 400, Aver_Loss: 496.9989
[early-stopping] Epoch 21: new best val ELBO = -496.087624
Epoch 22/200, Batch 100, Aver_Loss: 490.6669
Epoch 22/200, Batch 200, Aver_Loss: 503.4810
Epoch 22/200, Batch 300, Aver_Loss: 491.1661
Epoch 22/200, Batch 400, Aver_Loss: 484.6948
[early-stopping] Epoch 22: no improvement (1/20)
Epoch 23/200, Batch 100, Aver_Loss: 497.2773
Epoch 23/200, Batch 200, Aver_Loss: 491.9507
Epoch 23/200, Batch 300, Aver_Loss: 498.2458
Epoch 23/200, Batch 400, Aver_Loss: 500.7653
[early-stopping] Epoch 23: no improvement (2/20)
Epoch 24/200, Batch 100, Aver_Loss: 496.1839
Epoch 24/200, Batch 200, Aver_Loss: 502.0489
Epoch 24/200, Batch 300, Aver_Loss: 495.8763
Epoch 24/200, Batch 400, Aver_Loss: 497.9899
[early-stopping] Epoch 24: no improvement (3/20)
Epoch 25/200, Batch 100, Aver_Loss: 489.8655
Epoch 25/200, Batch 200, Aver_Loss: 502.5899
Epoch 25/200, Batch 300, Aver_Loss: 504.9410
Epoch 25/200, Batch 400, Aver_Loss: 495.1031
[early-stopping] Epoch 25: new best val ELBO = -496.013111
Epoch 26/200, Batch 100, Aver_Loss: 491.7569
Epoch 26/200, Batch 200, Aver_Loss: 499.0066
Epoch 26/200, Batch 300, Aver_Loss: 497.7646
Epoch 26/200, Batch 400, Aver_Loss: 494.4747
[early-stopping] Epoch 26: no improvement (1/20)
Epoch 27/200, Batch 100, Aver_Loss: 499.1733
Epoch 27/200, Batch 200, Aver_Loss: 501.5760
Epoch 27/200, Batch 300, Aver_Loss: 499.9773
Epoch 27/200, Batch 400, Aver_Loss: 491.0056
[early-stopping] Epoch 27: no improvement (2/20)
Epoch 28/200, Batch 100, Aver_Loss: 497.0992
Epoch 28/200, Batch 200, Aver_Loss: 499.1860
Epoch 28/200, Batch 300, Aver_Loss: 494.7136
Epoch 28/200, Batch 400, Aver_Loss: 490.8618
[early-stopping] Epoch 28: new best val ELBO = -495.734795
Epoch 29/200, Batch 100, Aver_Loss: 491.1022
Epoch 29/200, Batch 200, Aver_Loss: 491.9113
Epoch 29/200, Batch 300, Aver_Loss: 491.9865
Epoch 29/200, Batch 400, Aver_Loss: 495.7299
[early-stopping] Epoch 29: no improvement (1/20)
Epoch 30/200, Batch 100, Aver_Loss: 494.7420
Epoch 30/200, Batch 200, Aver_Loss: 498.1798
Epoch 30/200, Batch 300, Aver_Loss: 488.1096
Epoch 30/200, Batch 400, Aver_Loss: 497.0306
[early-stopping] Epoch 30: no improvement (2/20)
Epoch 31/200, Batch 100, Aver_Loss: 497.0078
Epoch 31/200, Batch 200, Aver_Loss: 492.8915
Epoch 31/200, Batch 300, Aver_Loss: 502.2121
Epoch 31/200, Batch 400, Aver_Loss: 490.9710
[early-stopping] Epoch 31: no improvement (3/20)
Epoch 32/200, Batch 100, Aver_Loss: 497.0798
Epoch 32/200, Batch 200, Aver_Loss: 490.8028
Epoch 32/200, Batch 300, Aver_Loss: 488.4519
Epoch 32/200, Batch 400, Aver_Loss: 498.9772
[early-stopping] Epoch 32: no improvement (4/20)
Epoch 33/200, Batch 100, Aver_Loss: 490.3917
Epoch 33/200, Batch 200, Aver_Loss: 489.4359
Epoch 33/200, Batch 300, Aver_Loss: 490.1422
Epoch 33/200, Batch 400, Aver_Loss: 496.5294
[early-stopping] Epoch 33: no improvement (5/20)
Epoch 34/200, Batch 100, Aver_Loss: 488.8583
Epoch 34/200, Batch 200, Aver_Loss: 499.3423
Epoch 34/200, Batch 300, Aver_Loss: 492.6578
Epoch 34/200, Batch 400, Aver_Loss: 494.0472
[early-stopping] Epoch 34: new best val ELBO = -495.734583
Epoch 35/200, Batch 100, Aver_Loss: 489.5851
Epoch 35/200, Batch 200, Aver_Loss: 495.2477
Epoch 35/200, Batch 300, Aver_Loss: 504.2742
Epoch 35/200, Batch 400, Aver_Loss: 493.4476
[early-stopping] Epoch 35: no improvement (1/20)
Epoch 36/200, Batch 100, Aver_Loss: 498.3950
Epoch 36/200, Batch 200, Aver_Loss: 497.0915
Epoch 36/200, Batch 300, Aver_Loss: 506.2017
Epoch 36/200, Batch 400, Aver_Loss: 498.7686
[early-stopping] Epoch 36: new best val ELBO = -495.650026
Epoch 37/200, Batch 100, Aver_Loss: 501.6568
Epoch 37/200, Batch 200, Aver_Loss: 498.4864
Epoch 37/200, Batch 300, Aver_Loss: 492.7776
Epoch 37/200, Batch 400, Aver_Loss: 497.0809
[early-stopping] Epoch 37: no improvement (1/20)
Epoch 38/200, Batch 100, Aver_Loss: 498.6161
Epoch 38/200, Batch 200, Aver_Loss: 491.6109
Epoch 38/200, Batch 300, Aver_Loss: 491.2866
Epoch 38/200, Batch 400, Aver_Loss: 494.3264
[early-stopping] Epoch 38: no improvement (2/20)
Epoch 39/200, Batch 100, Aver_Loss: 490.0828
Epoch 39/200, Batch 200, Aver_Loss: 495.8124
Epoch 39/200, Batch 300, Aver_Loss: 493.8802
Epoch 39/200, Batch 400, Aver_Loss: 503.3127
[early-stopping] Epoch 39: no improvement (3/20)
Epoch 40/200, Batch 100, Aver_Loss: 491.8463
Epoch 40/200, Batch 200, Aver_Loss: 504.0190
Epoch 40/200, Batch 300, Aver_Loss: 496.3797
Epoch 40/200, Batch 400, Aver_Loss: 492.8247
[early-stopping] Epoch 40: no improvement (4/20)
Epoch 41/200, Batch 100, Aver_Loss: 498.1444
Epoch 41/200, Batch 200, Aver_Loss: 496.6240
Epoch 41/200, Batch 300, Aver_Loss: 496.3844
Epoch 41/200, Batch 400, Aver_Loss: 499.6412
[early-stopping] Epoch 41: new best val ELBO = -495.510896
Epoch 42/200, Batch 100, Aver_Loss: 493.4838
Epoch 42/200, Batch 200, Aver_Loss: 498.0278
Epoch 42/200, Batch 300, Aver_Loss: 496.5754
Epoch 42/200, Batch 400, Aver_Loss: 488.5082
[early-stopping] Epoch 42: no improvement (1/20)
Epoch 43/200, Batch 100, Aver_Loss: 501.2937
Epoch 43/200, Batch 200, Aver_Loss: 485.6606
Epoch 43/200, Batch 300, Aver_Loss: 485.1469
Epoch 43/200, Batch 400, Aver_Loss: 485.6615
[early-stopping] Epoch 43: no improvement (2/20)
Epoch 44/200, Batch 100, Aver_Loss: 491.8724
Epoch 44/200, Batch 200, Aver_Loss: 492.7697
Epoch 44/200, Batch 300, Aver_Loss: 497.3463
Epoch 44/200, Batch 400, Aver_Loss: 493.5150
[early-stopping] Epoch 44: no improvement (3/20)
Epoch 45/200, Batch 100, Aver_Loss: 491.0316
Epoch 45/200, Batch 200, Aver_Loss: 502.2142
Epoch 45/200, Batch 300, Aver_Loss: 484.3337
Epoch 45/200, Batch 400, Aver_Loss: 502.1840
[early-stopping] Epoch 45: no improvement (4/20)
Epoch 46/200, Batch 100, Aver_Loss: 496.8673
Epoch 46/200, Batch 200, Aver_Loss: 496.7917
Epoch 46/200, Batch 300, Aver_Loss: 497.1825
Epoch 46/200, Batch 400, Aver_Loss: 491.6729
[early-stopping] Epoch 46: no improvement (5/20)
Epoch 47/200, Batch 100, Aver_Loss: 496.6449
Epoch 47/200, Batch 200, Aver_Loss: 494.9616
Epoch 47/200, Batch 300, Aver_Loss: 495.4999
Epoch 47/200, Batch 400, Aver_Loss: 501.3780
[early-stopping] Epoch 47: no improvement (6/20)
Epoch 48/200, Batch 100, Aver_Loss: 486.2544
Epoch 48/200, Batch 200, Aver_Loss: 491.2684
Epoch 48/200, Batch 300, Aver_Loss: 496.7267
Epoch 48/200, Batch 400, Aver_Loss: 499.7736
[early-stopping] Epoch 48: no improvement (7/20)
Epoch 49/200, Batch 100, Aver_Loss: 499.6451
Epoch 49/200, Batch 200, Aver_Loss: 497.0525
Epoch 49/200, Batch 300, Aver_Loss: 493.1819
Epoch 49/200, Batch 400, Aver_Loss: 501.2127
[early-stopping] Epoch 49: no improvement (8/20)
Epoch 50/200, Batch 100, Aver_Loss: 488.8736
Epoch 50/200, Batch 200, Aver_Loss: 500.9000
Epoch 50/200, Batch 300, Aver_Loss: 496.2035
Epoch 50/200, Batch 400, Aver_Loss: 497.9066
[early-stopping] Epoch 50: new best val ELBO = -495.490560
Epoch 51/200, Batch 100, Aver_Loss: 493.2591
Epoch 51/200, Batch 200, Aver_Loss: 498.2649
Epoch 51/200, Batch 300, Aver_Loss: 496.0362
Epoch 51/200, Batch 400, Aver_Loss: 494.8229
[early-stopping] Epoch 51: no improvement (1/20)
Epoch 52/200, Batch 100, Aver_Loss: 489.7305
Epoch 52/200, Batch 200, Aver_Loss: 499.3707
Epoch 52/200, Batch 300, Aver_Loss: 503.5009
Epoch 52/200, Batch 400, Aver_Loss: 493.4095
[early-stopping] Epoch 52: no improvement (2/20)
Epoch 53/200, Batch 100, Aver_Loss: 497.8647
Epoch 53/200, Batch 200, Aver_Loss: 497.0757
Epoch 53/200, Batch 300, Aver_Loss: 489.0236
Epoch 53/200, Batch 400, Aver_Loss: 493.4949
[early-stopping] Epoch 53: no improvement (3/20)
Epoch 54/200, Batch 100, Aver_Loss: 498.1815
Epoch 54/200, Batch 200, Aver_Loss: 486.9962
Epoch 54/200, Batch 300, Aver_Loss: 501.1233
Epoch 54/200, Batch 400, Aver_Loss: 499.6991
[early-stopping] Epoch 54: new best val ELBO = -495.342667
Epoch 55/200, Batch 100, Aver_Loss: 494.5462
Epoch 55/200, Batch 200, Aver_Loss: 499.4802
Epoch 55/200, Batch 300, Aver_Loss: 493.1165
Epoch 55/200, Batch 400, Aver_Loss: 496.2524
[early-stopping] Epoch 55: no improvement (1/20)
Epoch 56/200, Batch 100, Aver_Loss: 496.6651
Epoch 56/200, Batch 200, Aver_Loss: 500.4682
Epoch 56/200, Batch 300, Aver_Loss: 500.2160
Epoch 56/200, Batch 400, Aver_Loss: 490.5592
[early-stopping] Epoch 56: no improvement (2/20)
Epoch 57/200, Batch 100, Aver_Loss: 502.0744
Epoch 57/200, Batch 200, Aver_Loss: 501.4160
Epoch 57/200, Batch 300, Aver_Loss: 492.6542
Epoch 57/200, Batch 400, Aver_Loss: 497.6483
[early-stopping] Epoch 57: no improvement (3/20)
Epoch 58/200, Batch 100, Aver_Loss: 493.9844
Epoch 58/200, Batch 200, Aver_Loss: 503.8998
Epoch 58/200, Batch 300, Aver_Loss: 492.8299
Epoch 58/200, Batch 400, Aver_Loss: 485.5614
[early-stopping] Epoch 58: no improvement (4/20)
Epoch 59/200, Batch 100, Aver_Loss: 493.6273
Epoch 59/200, Batch 200, Aver_Loss: 498.3542
Epoch 59/200, Batch 300, Aver_Loss: 497.2155
Epoch 59/200, Batch 400, Aver_Loss: 489.7968
[early-stopping] Epoch 59: no improvement (5/20)
Epoch 60/200, Batch 100, Aver_Loss: 495.4368
Epoch 60/200, Batch 200, Aver_Loss: 492.5763
Epoch 60/200, Batch 300, Aver_Loss: 495.2951
Epoch 60/200, Batch 400, Aver_Loss: 492.7601
[early-stopping] Epoch 60: new best val ELBO = -495.316366
Epoch 61/200, Batch 100, Aver_Loss: 488.7653
Epoch 61/200, Batch 200, Aver_Loss: 499.8365
Epoch 61/200, Batch 300, Aver_Loss: 494.9523
Epoch 61/200, Batch 400, Aver_Loss: 491.4092
[early-stopping] Epoch 61: no improvement (1/20)
Epoch 62/200, Batch 100, Aver_Loss: 493.3425
Epoch 62/200, Batch 200, Aver_Loss: 496.3445
Epoch 62/200, Batch 300, Aver_Loss: 491.8875
Epoch 62/200, Batch 400, Aver_Loss: 494.4154
[early-stopping] Epoch 62: no improvement (2/20)
Epoch 63/200, Batch 100, Aver_Loss: 493.1272
Epoch 63/200, Batch 200, Aver_Loss: 488.4552
Epoch 63/200, Batch 300, Aver_Loss: 503.0621
Epoch 63/200, Batch 400, Aver_Loss: 491.8962
[early-stopping] Epoch 63: no improvement (3/20)
Epoch 64/200, Batch 100, Aver_Loss: 491.0010
Epoch 64/200, Batch 200, Aver_Loss: 492.0713
Epoch 64/200, Batch 300, Aver_Loss: 496.2515
Epoch 64/200, Batch 400, Aver_Loss: 508.9812
[early-stopping] Epoch 64: no improvement (4/20)
Epoch 65/200, Batch 100, Aver_Loss: 491.0922
Epoch 65/200, Batch 200, Aver_Loss: 495.1261
Epoch 65/200, Batch 300, Aver_Loss: 500.0174
Epoch 65/200, Batch 400, Aver_Loss: 498.8519
[early-stopping] Epoch 65: no improvement (5/20)
Epoch 66/200, Batch 100, Aver_Loss: 492.0829
Epoch 66/200, Batch 200, Aver_Loss: 493.6901
Epoch 66/200, Batch 300, Aver_Loss: 497.4701
Epoch 66/200, Batch 400, Aver_Loss: 498.1950
[early-stopping] Epoch 66: no improvement (6/20)
Epoch 67/200, Batch 100, Aver_Loss: 496.8121
Epoch 67/200, Batch 200, Aver_Loss: 494.4893
Epoch 67/200, Batch 300, Aver_Loss: 487.9399
Epoch 67/200, Batch 400, Aver_Loss: 494.4725
[early-stopping] Epoch 67: no improvement (7/20)
Epoch 68/200, Batch 100, Aver_Loss: 499.6004
Epoch 68/200, Batch 200, Aver_Loss: 494.8573
Epoch 68/200, Batch 300, Aver_Loss: 500.7014
Epoch 68/200, Batch 400, Aver_Loss: 496.0113
[early-stopping] Epoch 68: no improvement (8/20)
Epoch 69/200, Batch 100, Aver_Loss: 495.5414
Epoch 69/200, Batch 200, Aver_Loss: 492.4534
Epoch 69/200, Batch 300, Aver_Loss: 496.1109
Epoch 69/200, Batch 400, Aver_Loss: 500.7585
[early-stopping] Epoch 69: new best val ELBO = -495.243071
Epoch 70/200, Batch 100, Aver_Loss: 495.1873
Epoch 70/200, Batch 200, Aver_Loss: 497.1556
Epoch 70/200, Batch 300, Aver_Loss: 482.5636
Epoch 70/200, Batch 400, Aver_Loss: 493.2800
[early-stopping] Epoch 70: no improvement (1/20)
Epoch 71/200, Batch 100, Aver_Loss: 503.0795
Epoch 71/200, Batch 200, Aver_Loss: 490.8177
Epoch 71/200, Batch 300, Aver_Loss: 493.5638
Epoch 71/200, Batch 400, Aver_Loss: 489.5080
[early-stopping] Epoch 71: no improvement (2/20)
Epoch 72/200, Batch 100, Aver_Loss: 500.3785
Epoch 72/200, Batch 200, Aver_Loss: 493.2480
Epoch 72/200, Batch 300, Aver_Loss: 489.5570
Epoch 72/200, Batch 400, Aver_Loss: 499.0787
[early-stopping] Epoch 72: no improvement (3/20)
Epoch 73/200, Batch 100, Aver_Loss: 486.4125
Epoch 73/200, Batch 200, Aver_Loss: 492.8819
Epoch 73/200, Batch 300, Aver_Loss: 496.2506
Epoch 73/200, Batch 400, Aver_Loss: 500.2065
[early-stopping] Epoch 73: no improvement (4/20)
Epoch 74/200, Batch 100, Aver_Loss: 493.4745
Epoch 74/200, Batch 200, Aver_Loss: 500.8522
Epoch 74/200, Batch 300, Aver_Loss: 499.8990
Epoch 74/200, Batch 400, Aver_Loss: 491.4545
[early-stopping] Epoch 74: no improvement (5/20)
Epoch 75/200, Batch 100, Aver_Loss: 498.0757
Epoch 75/200, Batch 200, Aver_Loss: 490.7935
Epoch 75/200, Batch 300, Aver_Loss: 498.1578
Epoch 75/200, Batch 400, Aver_Loss: 492.2072
[early-stopping] Epoch 75: no improvement (6/20)
Epoch 76/200, Batch 100, Aver_Loss: 491.2153
Epoch 76/200, Batch 200, Aver_Loss: 496.1089
Epoch 76/200, Batch 300, Aver_Loss: 490.0103
Epoch 76/200, Batch 400, Aver_Loss: 494.5098
[early-stopping] Epoch 76: no improvement (7/20)
Epoch 77/200, Batch 100, Aver_Loss: 496.4944
Epoch 77/200, Batch 200, Aver_Loss: 495.2856
Epoch 77/200, Batch 300, Aver_Loss: 496.6036
Epoch 77/200, Batch 400, Aver_Loss: 493.2637
[early-stopping] Epoch 77: no improvement (8/20)
Epoch 78/200, Batch 100, Aver_Loss: 496.8682
Epoch 78/200, Batch 200, Aver_Loss: 497.0562
Epoch 78/200, Batch 300, Aver_Loss: 492.5841
Epoch 78/200, Batch 400, Aver_Loss: 494.8768
[early-stopping] Epoch 78: new best val ELBO = -495.238503
Epoch 79/200, Batch 100, Aver_Loss: 498.1219
Epoch 79/200, Batch 200, Aver_Loss: 496.3149
Epoch 79/200, Batch 300, Aver_Loss: 495.7062
Epoch 79/200, Batch 400, Aver_Loss: 482.9435
[early-stopping] Epoch 79: no improvement (1/20)
Epoch 80/200, Batch 100, Aver_Loss: 495.9285
Epoch 80/200, Batch 200, Aver_Loss: 491.0056
Epoch 80/200, Batch 300, Aver_Loss: 498.0117
Epoch 80/200, Batch 400, Aver_Loss: 501.6328
[early-stopping] Epoch 80: new best val ELBO = -495.189868
Epoch 81/200, Batch 100, Aver_Loss: 488.9348
Epoch 81/200, Batch 200, Aver_Loss: 491.1355
Epoch 81/200, Batch 300, Aver_Loss: 496.4496
Epoch 81/200, Batch 400, Aver_Loss: 488.8767
[early-stopping] Epoch 81: no improvement (1/20)
Epoch 82/200, Batch 100, Aver_Loss: 489.3496
Epoch 82/200, Batch 200, Aver_Loss: 494.6840
Epoch 82/200, Batch 300, Aver_Loss: 490.2456
Epoch 82/200, Batch 400, Aver_Loss: 490.2310
[early-stopping] Epoch 82: no improvement (2/20)
Epoch 83/200, Batch 100, Aver_Loss: 498.5143
Epoch 83/200, Batch 200, Aver_Loss: 503.7851
Epoch 83/200, Batch 300, Aver_Loss: 498.9886
Epoch 83/200, Batch 400, Aver_Loss: 500.5577
[early-stopping] Epoch 83: no improvement (3/20)
Epoch 84/200, Batch 100, Aver_Loss: 495.9235
Epoch 84/200, Batch 200, Aver_Loss: 494.4937
Epoch 84/200, Batch 300, Aver_Loss: 495.7977
Epoch 84/200, Batch 400, Aver_Loss: 491.8620
[early-stopping] Epoch 84: no improvement (4/20)
Epoch 85/200, Batch 100, Aver_Loss: 494.9594
Epoch 85/200, Batch 200, Aver_Loss: 487.3226
Epoch 85/200, Batch 300, Aver_Loss: 499.1698
Epoch 85/200, Batch 400, Aver_Loss: 487.7927
[early-stopping] Epoch 85: no improvement (5/20)
Epoch 86/200, Batch 100, Aver_Loss: 493.4798
Epoch 86/200, Batch 200, Aver_Loss: 483.7156
Epoch 86/200, Batch 300, Aver_Loss: 493.7067
Epoch 86/200, Batch 400, Aver_Loss: 493.8816
[early-stopping] Epoch 86: no improvement (6/20)
Epoch 87/200, Batch 100, Aver_Loss: 489.1090
Epoch 87/200, Batch 200, Aver_Loss: 496.7108
Epoch 87/200, Batch 300, Aver_Loss: 492.4281
Epoch 87/200, Batch 400, Aver_Loss: 491.9120
[early-stopping] Epoch 87: no improvement (7/20)
Epoch 88/200, Batch 100, Aver_Loss: 492.9428
Epoch 88/200, Batch 200, Aver_Loss: 496.1512
Epoch 88/200, Batch 300, Aver_Loss: 495.4214
Epoch 88/200, Batch 400, Aver_Loss: 491.9457
[early-stopping] Epoch 88: no improvement (8/20)
Epoch 89/200, Batch 100, Aver_Loss: 493.9063
Epoch 89/200, Batch 200, Aver_Loss: 496.6966
Epoch 89/200, Batch 300, Aver_Loss: 486.3258
Epoch 89/200, Batch 400, Aver_Loss: 499.8378
[early-stopping] Epoch 89: no improvement (9/20)
Epoch 90/200, Batch 100, Aver_Loss: 498.0408
Epoch 90/200, Batch 200, Aver_Loss: 493.4079
Epoch 90/200, Batch 300, Aver_Loss: 492.5471
Epoch 90/200, Batch 400, Aver_Loss: 498.6424
[early-stopping] Epoch 90: no improvement (10/20)
Epoch 91/200, Batch 100, Aver_Loss: 500.0936
Epoch 91/200, Batch 200, Aver_Loss: 493.3918
Epoch 91/200, Batch 300, Aver_Loss: 503.2745
Epoch 91/200, Batch 400, Aver_Loss: 485.0555
[early-stopping] Epoch 91: no improvement (11/20)
Epoch 92/200, Batch 100, Aver_Loss: 499.3882
Epoch 92/200, Batch 200, Aver_Loss: 496.9958
Epoch 92/200, Batch 300, Aver_Loss: 498.0669
Epoch 92/200, Batch 400, Aver_Loss: 494.2514
[early-stopping] Epoch 92: no improvement (12/20)
Epoch 93/200, Batch 100, Aver_Loss: 487.4528
Epoch 93/200, Batch 200, Aver_Loss: 495.1497
Epoch 93/200, Batch 300, Aver_Loss: 495.2635
Epoch 93/200, Batch 400, Aver_Loss: 500.1089
[early-stopping] Epoch 93: no improvement (13/20)
Epoch 94/200, Batch 100, Aver_Loss: 492.6451
Epoch 94/200, Batch 200, Aver_Loss: 497.5837
Epoch 94/200, Batch 300, Aver_Loss: 497.3431
Epoch 94/200, Batch 400, Aver_Loss: 494.5186
[early-stopping] Epoch 94: no improvement (14/20)
Epoch 95/200, Batch 100, Aver_Loss: 490.0642
Epoch 95/200, Batch 200, Aver_Loss: 487.0200
Epoch 95/200, Batch 300, Aver_Loss: 491.8631
Epoch 95/200, Batch 400, Aver_Loss: 495.0811
[early-stopping] Epoch 95: no improvement (15/20)
Epoch 96/200, Batch 100, Aver_Loss: 498.1649
Epoch 96/200, Batch 200, Aver_Loss: 489.8289
Epoch 96/200, Batch 300, Aver_Loss: 501.5635
Epoch 96/200, Batch 400, Aver_Loss: 495.4829
[early-stopping] Epoch 96: new best val ELBO = -495.070416
Epoch 97/200, Batch 100, Aver_Loss: 484.4017
Epoch 97/200, Batch 200, Aver_Loss: 494.7998
Epoch 97/200, Batch 300, Aver_Loss: 493.8670
Epoch 97/200, Batch 400, Aver_Loss: 499.6379
[early-stopping] Epoch 97: no improvement (1/20)
Epoch 98/200, Batch 100, Aver_Loss: 500.8937
Epoch 98/200, Batch 200, Aver_Loss: 495.7536
Epoch 98/200, Batch 300, Aver_Loss: 501.1548
Epoch 98/200, Batch 400, Aver_Loss: 489.7164
[early-stopping] Epoch 98: no improvement (2/20)
Epoch 99/200, Batch 100, Aver_Loss: 491.5752
Epoch 99/200, Batch 200, Aver_Loss: 488.9481
Epoch 99/200, Batch 300, Aver_Loss: 492.7329
Epoch 99/200, Batch 400, Aver_Loss: 495.6187
[early-stopping] Epoch 99: no improvement (3/20)
Epoch 100/200, Batch 100, Aver_Loss: 496.5110
Epoch 100/200, Batch 200, Aver_Loss: 483.1293
Epoch 100/200, Batch 300, Aver_Loss: 492.4881
Epoch 100/200, Batch 400, Aver_Loss: 496.5103
[early-stopping] Epoch 100: no improvement (4/20)
Epoch 101/200, Batch 100, Aver_Loss: 495.5207
Epoch 101/200, Batch 200, Aver_Loss: 510.3547
Epoch 101/200, Batch 300, Aver_Loss: 495.3211
Epoch 101/200, Batch 400, Aver_Loss: 495.5963
[early-stopping] Epoch 101: no improvement (5/20)
Epoch 102/200, Batch 100, Aver_Loss: 498.3199
Epoch 102/200, Batch 200, Aver_Loss: 493.3749
Epoch 102/200, Batch 300, Aver_Loss: 491.4845
Epoch 102/200, Batch 400, Aver_Loss: 494.2557
[early-stopping] Epoch 102: no improvement (6/20)
Epoch 103/200, Batch 100, Aver_Loss: 493.8435
Epoch 103/200, Batch 200, Aver_Loss: 496.7869
Epoch 103/200, Batch 300, Aver_Loss: 497.7244
Epoch 103/200, Batch 400, Aver_Loss: 500.5910
[early-stopping] Epoch 103: no improvement (7/20)
Epoch 104/200, Batch 100, Aver_Loss: 496.5970
Epoch 104/200, Batch 200, Aver_Loss: 492.3631
Epoch 104/200, Batch 300, Aver_Loss: 484.9928
Epoch 104/200, Batch 400, Aver_Loss: 489.2534
[early-stopping] Epoch 104: no improvement (8/20)
Epoch 105/200, Batch 100, Aver_Loss: 493.6948
Epoch 105/200, Batch 200, Aver_Loss: 491.1353
Epoch 105/200, Batch 300, Aver_Loss: 496.7148
Epoch 105/200, Batch 400, Aver_Loss: 496.2861
[early-stopping] Epoch 105: no improvement (9/20)
Epoch 106/200, Batch 100, Aver_Loss: 491.3073
Epoch 106/200, Batch 200, Aver_Loss: 485.6208
Epoch 106/200, Batch 300, Aver_Loss: 493.2636
Epoch 106/200, Batch 400, Aver_Loss: 494.2744
[early-stopping] Epoch 106: new best val ELBO = -495.052800
Epoch 107/200, Batch 100, Aver_Loss: 501.5243
Epoch 107/200, Batch 200, Aver_Loss: 487.2946
Epoch 107/200, Batch 300, Aver_Loss: 488.6989
Epoch 107/200, Batch 400, Aver_Loss: 485.8968
[early-stopping] Epoch 107: no improvement (1/20)
Epoch 108/200, Batch 100, Aver_Loss: 490.8650
Epoch 108/200, Batch 200, Aver_Loss: 495.7354
Epoch 108/200, Batch 300, Aver_Loss: 490.3693
Epoch 108/200, Batch 400, Aver_Loss: 498.9664
[early-stopping] Epoch 108: no improvement (2/20)
Epoch 109/200, Batch 100, Aver_Loss: 495.4641
Epoch 109/200, Batch 200, Aver_Loss: 496.1575
Epoch 109/200, Batch 300, Aver_Loss: 502.8188
Epoch 109/200, Batch 400, Aver_Loss: 495.6619
[early-stopping] Epoch 109: no improvement (3/20)
Epoch 110/200, Batch 100, Aver_Loss: 495.0214
Epoch 110/200, Batch 200, Aver_Loss: 492.7683
Epoch 110/200, Batch 300, Aver_Loss: 493.5149
Epoch 110/200, Batch 400, Aver_Loss: 488.8158
[early-stopping] Epoch 110: no improvement (4/20)
Epoch 111/200, Batch 100, Aver_Loss: 497.0327
Epoch 111/200, Batch 200, Aver_Loss: 499.2529
Epoch 111/200, Batch 300, Aver_Loss: 493.5383
Epoch 111/200, Batch 400, Aver_Loss: 505.4972
[early-stopping] Epoch 111: no improvement (5/20)
Epoch 112/200, Batch 100, Aver_Loss: 501.5102
Epoch 112/200, Batch 200, Aver_Loss: 497.8221
Epoch 112/200, Batch 300, Aver_Loss: 496.7354
Epoch 112/200, Batch 400, Aver_Loss: 496.2443
[early-stopping] Epoch 112: no improvement (6/20)
Epoch 113/200, Batch 100, Aver_Loss: 494.1381
Epoch 113/200, Batch 200, Aver_Loss: 497.6979
Epoch 113/200, Batch 300, Aver_Loss: 504.3809
Epoch 113/200, Batch 400, Aver_Loss: 495.6907
[early-stopping] Epoch 113: no improvement (7/20)
Epoch 114/200, Batch 100, Aver_Loss: 497.5056
Epoch 114/200, Batch 200, Aver_Loss: 484.1097
Epoch 114/200, Batch 300, Aver_Loss: 495.7510
Epoch 114/200, Batch 400, Aver_Loss: 496.5702
[early-stopping] Epoch 114: no improvement (8/20)
Epoch 115/200, Batch 100, Aver_Loss: 495.9724
Epoch 115/200, Batch 200, Aver_Loss: 489.8215
Epoch 115/200, Batch 300, Aver_Loss: 504.1192
Epoch 115/200, Batch 400, Aver_Loss: 497.1698
[early-stopping] Epoch 115: no improvement (9/20)
Epoch 116/200, Batch 100, Aver_Loss: 492.9669
Epoch 116/200, Batch 200, Aver_Loss: 488.3984
Epoch 116/200, Batch 300, Aver_Loss: 489.2792
Epoch 116/200, Batch 400, Aver_Loss: 490.0785
[early-stopping] Epoch 116: no improvement (10/20)
Epoch 117/200, Batch 100, Aver_Loss: 494.3337
Epoch 117/200, Batch 200, Aver_Loss: 490.0996
Epoch 117/200, Batch 300, Aver_Loss: 490.1451
Epoch 117/200, Batch 400, Aver_Loss: 498.1099
[early-stopping] Epoch 117: no improvement (11/20)
Epoch 118/200, Batch 100, Aver_Loss: 496.3698
Epoch 118/200, Batch 200, Aver_Loss: 484.0243
Epoch 118/200, Batch 300, Aver_Loss: 494.8877
Epoch 118/200, Batch 400, Aver_Loss: 487.6552
[early-stopping] Epoch 118: no improvement (12/20)
Epoch 119/200, Batch 100, Aver_Loss: 490.0983
Epoch 119/200, Batch 200, Aver_Loss: 494.7562
Epoch 119/200, Batch 300, Aver_Loss: 493.2263
Epoch 119/200, Batch 400, Aver_Loss: 494.3412
[early-stopping] Epoch 119: no improvement (13/20)
Epoch 120/200, Batch 100, Aver_Loss: 497.2666
Epoch 120/200, Batch 200, Aver_Loss: 496.8251
Epoch 120/200, Batch 300, Aver_Loss: 490.7315
Epoch 120/200, Batch 400, Aver_Loss: 496.4398
[early-stopping] Epoch 120: no improvement (14/20)
Epoch 121/200, Batch 100, Aver_Loss: 497.6417
Epoch 121/200, Batch 200, Aver_Loss: 484.3056
Epoch 121/200, Batch 300, Aver_Loss: 492.9554
Epoch 121/200, Batch 400, Aver_Loss: 497.9901
[early-stopping] Epoch 121: no improvement (15/20)
Epoch 122/200, Batch 100, Aver_Loss: 502.8611
Epoch 122/200, Batch 200, Aver_Loss: 489.9444
Epoch 122/200, Batch 300, Aver_Loss: 494.9526
Epoch 122/200, Batch 400, Aver_Loss: 489.3776
[early-stopping] Epoch 122: no improvement (16/20)
Epoch 123/200, Batch 100, Aver_Loss: 494.9396
Epoch 123/200, Batch 200, Aver_Loss: 503.2983
Epoch 123/200, Batch 300, Aver_Loss: 492.7842
Epoch 123/200, Batch 400, Aver_Loss: 489.0862
[early-stopping] Epoch 123: no improvement (17/20)
Epoch 124/200, Batch 100, Aver_Loss: 501.9248
Epoch 124/200, Batch 200, Aver_Loss: 494.2661
Epoch 124/200, Batch 300, Aver_Loss: 493.6646
Epoch 124/200, Batch 400, Aver_Loss: 496.9256
[early-stopping] Epoch 124: no improvement (18/20)
Epoch 125/200, Batch 100, Aver_Loss: 491.8445
Epoch 125/200, Batch 200, Aver_Loss: 499.5373
Epoch 125/200, Batch 300, Aver_Loss: 496.4001
Epoch 125/200, Batch 400, Aver_Loss: 497.5652
[early-stopping] Epoch 125: no improvement (19/20)
Epoch 126/200, Batch 100, Aver_Loss: 496.7179
Epoch 126/200, Batch 200, Aver_Loss: 498.2487
Epoch 126/200, Batch 300, Aver_Loss: 491.2675
Epoch 126/200, Batch 400, Aver_Loss: 500.6312
[early-stopping] Epoch 126: no improvement (20/20)
[early-stopping] Patience reached. Stopping at epoch 126. Best epoch: 106, best val ELBO: -495.052800
[early-stopping] Loaded best model from epoch 106 (val ELBO = -495.052800)
[checkpoint] Saved best model to: trained_parameters/mnist_background_images_zdim2_VAE.pkl
[saved curves] ./results/MNIST_BG_IM/curves/mnist_background_images_vae_d2_s777.json

==== Evaluation Summary ====
                 model: vae
   recon/mse_per_pixel: 0.045137
            elbo/train: -494.652933
             elbo/test: -495.079698
             mse/train: 0.045068
              mse/test: 0.045137
             probe/acc: 0.116371
             probe/nll: 2.294974
           probe/brier: 0.898281
             probe/ece: 0.013799
           cluster/nmi: 0.005416
           cluster/ari: 0.001668
============================

