/usr/bin/which: no fi_info in (/arf/home/meyavuz/.local/bin:/arf/sw/comp/python/intelpython3/condabin:/arf/sw/comp/python/intelpython3/bin:/usr/share/Modules/bin:/usr/local/bin:/usr/bin:/usr/local/sbin:/usr/sbin)
Extension for Scikit-learn* enabled (https://github.com/uxlfoundation/scikit-learn-intelex)
/arf/home/meyavuz/.conda/envs/sbn/lib/python3.9/site-packages/sklearn/linear_model/_logistic.py:1247: FutureWarning: 'multi_class' was deprecated in version 1.5 and will be removed in 1.7. From then on, it will always use 'multinomial'. Leave it to its default value to avoid this warning.
  warnings.warn(
Epoch 1/200, Batch 100, Aver_Loss: 487.9198
Epoch 1/200, Batch 200, Aver_Loss: 490.8524
Epoch 1/200, Batch 300, Aver_Loss: 486.5899
Epoch 1/200, Batch 400, Aver_Loss: 489.1910
[early-stopping] Epoch 1: new best val ELBO = -486.066373
Epoch 2/200, Batch 100, Aver_Loss: 484.4052
Epoch 2/200, Batch 200, Aver_Loss: 486.8857
Epoch 2/200, Batch 300, Aver_Loss: 478.5138
Epoch 2/200, Batch 400, Aver_Loss: 488.8081
[early-stopping] Epoch 2: new best val ELBO = -483.855105
Epoch 3/200, Batch 100, Aver_Loss: 477.2012
Epoch 3/200, Batch 200, Aver_Loss: 484.8646
Epoch 3/200, Batch 300, Aver_Loss: 482.1715
Epoch 3/200, Batch 400, Aver_Loss: 486.5648
[early-stopping] Epoch 3: new best val ELBO = -483.426441
Epoch 4/200, Batch 100, Aver_Loss: 477.0964
Epoch 4/200, Batch 200, Aver_Loss: 484.6113
Epoch 4/200, Batch 300, Aver_Loss: 486.2232
Epoch 4/200, Batch 400, Aver_Loss: 486.2021
[early-stopping] Epoch 4: new best val ELBO = -482.609553
Epoch 5/200, Batch 100, Aver_Loss: 488.2952
Epoch 5/200, Batch 200, Aver_Loss: 472.5268
Epoch 5/200, Batch 300, Aver_Loss: 482.9519
Epoch 5/200, Batch 400, Aver_Loss: 470.6514
[early-stopping] Epoch 5: new best val ELBO = -482.479331
Epoch 6/200, Batch 100, Aver_Loss: 479.8155
Epoch 6/200, Batch 200, Aver_Loss: 479.8729
Epoch 6/200, Batch 300, Aver_Loss: 482.1043
Epoch 6/200, Batch 400, Aver_Loss: 476.1348
[early-stopping] Epoch 6: new best val ELBO = -482.421003
Epoch 7/200, Batch 100, Aver_Loss: 485.4638
Epoch 7/200, Batch 200, Aver_Loss: 479.4779
Epoch 7/200, Batch 300, Aver_Loss: 494.1325
Epoch 7/200, Batch 400, Aver_Loss: 486.8179
[early-stopping] Epoch 7: new best val ELBO = -482.260003
Epoch 8/200, Batch 100, Aver_Loss: 490.7877
Epoch 8/200, Batch 200, Aver_Loss: 478.6626
Epoch 8/200, Batch 300, Aver_Loss: 483.9161
Epoch 8/200, Batch 400, Aver_Loss: 479.0154
[early-stopping] Epoch 8: no improvement (1/20)
Epoch 9/200, Batch 100, Aver_Loss: 480.7765
Epoch 9/200, Batch 200, Aver_Loss: 477.2961
Epoch 9/200, Batch 300, Aver_Loss: 479.6815
Epoch 9/200, Batch 400, Aver_Loss: 487.5979
[early-stopping] Epoch 9: new best val ELBO = -481.495909
Epoch 10/200, Batch 100, Aver_Loss: 483.7637
Epoch 10/200, Batch 200, Aver_Loss: 478.5973
Epoch 10/200, Batch 300, Aver_Loss: 475.9991
Epoch 10/200, Batch 400, Aver_Loss: 469.5918
[early-stopping] Epoch 10: new best val ELBO = -481.486044
Epoch 11/200, Batch 100, Aver_Loss: 483.1696
Epoch 11/200, Batch 200, Aver_Loss: 482.7234
Epoch 11/200, Batch 300, Aver_Loss: 474.1490
Epoch 11/200, Batch 400, Aver_Loss: 480.7854
[early-stopping] Epoch 11: no improvement (1/20)
Epoch 12/200, Batch 100, Aver_Loss: 480.0276
Epoch 12/200, Batch 200, Aver_Loss: 474.5231
Epoch 12/200, Batch 300, Aver_Loss: 471.8558
Epoch 12/200, Batch 400, Aver_Loss: 477.3906
[early-stopping] Epoch 12: new best val ELBO = -481.454601
Epoch 13/200, Batch 100, Aver_Loss: 485.1434
Epoch 13/200, Batch 200, Aver_Loss: 481.8103
Epoch 13/200, Batch 300, Aver_Loss: 476.1837
Epoch 13/200, Batch 400, Aver_Loss: 489.9240
[early-stopping] Epoch 13: new best val ELBO = -481.153281
Epoch 14/200, Batch 100, Aver_Loss: 480.6254
Epoch 14/200, Batch 200, Aver_Loss: 482.0526
Epoch 14/200, Batch 300, Aver_Loss: 483.2374
Epoch 14/200, Batch 400, Aver_Loss: 484.7865
[early-stopping] Epoch 14: no improvement (1/20)
Epoch 15/200, Batch 100, Aver_Loss: 480.3337
Epoch 15/200, Batch 200, Aver_Loss: 469.6239
Epoch 15/200, Batch 300, Aver_Loss: 484.4999
Epoch 15/200, Batch 400, Aver_Loss: 477.6712
[early-stopping] Epoch 15: new best val ELBO = -481.001706
Epoch 16/200, Batch 100, Aver_Loss: 481.3174
Epoch 16/200, Batch 200, Aver_Loss: 477.2684
Epoch 16/200, Batch 300, Aver_Loss: 481.5827
Epoch 16/200, Batch 400, Aver_Loss: 482.9829
[early-stopping] Epoch 16: new best val ELBO = -480.764056
Epoch 17/200, Batch 100, Aver_Loss: 485.2687
Epoch 17/200, Batch 200, Aver_Loss: 480.3074
Epoch 17/200, Batch 300, Aver_Loss: 481.7984
Epoch 17/200, Batch 400, Aver_Loss: 471.7841
[early-stopping] Epoch 17: no improvement (1/20)
Epoch 18/200, Batch 100, Aver_Loss: 486.1448
Epoch 18/200, Batch 200, Aver_Loss: 478.9167
Epoch 18/200, Batch 300, Aver_Loss: 487.7887
Epoch 18/200, Batch 400, Aver_Loss: 474.2369
[early-stopping] Epoch 18: no improvement (2/20)
Epoch 19/200, Batch 100, Aver_Loss: 471.2670
Epoch 19/200, Batch 200, Aver_Loss: 485.1913
Epoch 19/200, Batch 300, Aver_Loss: 481.6826
Epoch 19/200, Batch 400, Aver_Loss: 480.1827
[early-stopping] Epoch 19: no improvement (3/20)
Epoch 20/200, Batch 100, Aver_Loss: 472.6825
Epoch 20/200, Batch 200, Aver_Loss: 481.9751
Epoch 20/200, Batch 300, Aver_Loss: 474.2437
Epoch 20/200, Batch 400, Aver_Loss: 478.6834
[early-stopping] Epoch 20: no improvement (4/20)
Epoch 21/200, Batch 100, Aver_Loss: 475.3464
Epoch 21/200, Batch 200, Aver_Loss: 480.1065
Epoch 21/200, Batch 300, Aver_Loss: 483.8461
Epoch 21/200, Batch 400, Aver_Loss: 478.6003
[early-stopping] Epoch 21: no improvement (5/20)
Epoch 22/200, Batch 100, Aver_Loss: 476.1747
Epoch 22/200, Batch 200, Aver_Loss: 480.9359
Epoch 22/200, Batch 300, Aver_Loss: 488.4868
Epoch 22/200, Batch 400, Aver_Loss: 491.8906
[early-stopping] Epoch 22: new best val ELBO = -480.480276
Epoch 23/200, Batch 100, Aver_Loss: 484.8732
Epoch 23/200, Batch 200, Aver_Loss: 483.2894
Epoch 23/200, Batch 300, Aver_Loss: 468.7878
Epoch 23/200, Batch 400, Aver_Loss: 483.3503
[early-stopping] Epoch 23: no improvement (1/20)
Epoch 24/200, Batch 100, Aver_Loss: 475.4755
Epoch 24/200, Batch 200, Aver_Loss: 479.7946
Epoch 24/200, Batch 300, Aver_Loss: 485.5602
Epoch 24/200, Batch 400, Aver_Loss: 482.5399
[early-stopping] Epoch 24: no improvement (2/20)
Epoch 25/200, Batch 100, Aver_Loss: 477.8555
Epoch 25/200, Batch 200, Aver_Loss: 470.2339
Epoch 25/200, Batch 300, Aver_Loss: 487.1982
Epoch 25/200, Batch 400, Aver_Loss: 473.0771
[early-stopping] Epoch 25: new best val ELBO = -480.288211
Epoch 26/200, Batch 100, Aver_Loss: 488.9005
Epoch 26/200, Batch 200, Aver_Loss: 483.2287
Epoch 26/200, Batch 300, Aver_Loss: 478.1397
Epoch 26/200, Batch 400, Aver_Loss: 480.2282
[early-stopping] Epoch 26: no improvement (1/20)
Epoch 27/200, Batch 100, Aver_Loss: 480.0963
Epoch 27/200, Batch 200, Aver_Loss: 486.4257
Epoch 27/200, Batch 300, Aver_Loss: 486.1995
Epoch 27/200, Batch 400, Aver_Loss: 475.9691
[early-stopping] Epoch 27: no improvement (2/20)
Epoch 28/200, Batch 100, Aver_Loss: 467.7611
Epoch 28/200, Batch 200, Aver_Loss: 480.9230
Epoch 28/200, Batch 300, Aver_Loss: 477.0235
Epoch 28/200, Batch 400, Aver_Loss: 482.2262
[early-stopping] Epoch 28: no improvement (3/20)
Epoch 29/200, Batch 100, Aver_Loss: 479.7166
Epoch 29/200, Batch 200, Aver_Loss: 479.6442
Epoch 29/200, Batch 300, Aver_Loss: 482.3801
Epoch 29/200, Batch 400, Aver_Loss: 483.3823
[early-stopping] Epoch 29: no improvement (4/20)
Epoch 30/200, Batch 100, Aver_Loss: 488.6668
Epoch 30/200, Batch 200, Aver_Loss: 482.1449
Epoch 30/200, Batch 300, Aver_Loss: 481.9714
Epoch 30/200, Batch 400, Aver_Loss: 481.4922
[early-stopping] Epoch 30: new best val ELBO = -480.138616
Epoch 31/200, Batch 100, Aver_Loss: 477.1833
Epoch 31/200, Batch 200, Aver_Loss: 484.4276
Epoch 31/200, Batch 300, Aver_Loss: 471.1031
Epoch 31/200, Batch 400, Aver_Loss: 480.1398
[early-stopping] Epoch 31: no improvement (1/20)
Epoch 32/200, Batch 100, Aver_Loss: 482.4803
Epoch 32/200, Batch 200, Aver_Loss: 483.5938
Epoch 32/200, Batch 300, Aver_Loss: 480.6962
Epoch 32/200, Batch 400, Aver_Loss: 486.1550
[early-stopping] Epoch 32: no improvement (2/20)
Epoch 33/200, Batch 100, Aver_Loss: 489.7646
Epoch 33/200, Batch 200, Aver_Loss: 491.0540
Epoch 33/200, Batch 300, Aver_Loss: 476.1151
Epoch 33/200, Batch 400, Aver_Loss: 472.3210
[early-stopping] Epoch 33: no improvement (3/20)
Epoch 34/200, Batch 100, Aver_Loss: 477.3589
Epoch 34/200, Batch 200, Aver_Loss: 477.3594
Epoch 34/200, Batch 300, Aver_Loss: 481.0758
Epoch 34/200, Batch 400, Aver_Loss: 474.2679
[early-stopping] Epoch 34: no improvement (4/20)
Epoch 35/200, Batch 100, Aver_Loss: 488.8989
Epoch 35/200, Batch 200, Aver_Loss: 475.5108
Epoch 35/200, Batch 300, Aver_Loss: 478.3643
Epoch 35/200, Batch 400, Aver_Loss: 476.3000
[early-stopping] Epoch 35: new best val ELBO = -479.904610
Epoch 36/200, Batch 100, Aver_Loss: 473.9264
Epoch 36/200, Batch 200, Aver_Loss: 486.3378
Epoch 36/200, Batch 300, Aver_Loss: 485.6480
Epoch 36/200, Batch 400, Aver_Loss: 479.8545
[early-stopping] Epoch 36: no improvement (1/20)
Epoch 37/200, Batch 100, Aver_Loss: 481.7592
Epoch 37/200, Batch 200, Aver_Loss: 482.3272
Epoch 37/200, Batch 300, Aver_Loss: 479.0243
Epoch 37/200, Batch 400, Aver_Loss: 480.6601
[early-stopping] Epoch 37: no improvement (2/20)
Epoch 38/200, Batch 100, Aver_Loss: 480.5340
Epoch 38/200, Batch 200, Aver_Loss: 476.7754
Epoch 38/200, Batch 300, Aver_Loss: 475.7432
Epoch 38/200, Batch 400, Aver_Loss: 483.6941
[early-stopping] Epoch 38: no improvement (3/20)
Epoch 39/200, Batch 100, Aver_Loss: 479.4037
Epoch 39/200, Batch 200, Aver_Loss: 480.2805
Epoch 39/200, Batch 300, Aver_Loss: 468.6129
Epoch 39/200, Batch 400, Aver_Loss: 488.0218
[early-stopping] Epoch 39: no improvement (4/20)
Epoch 40/200, Batch 100, Aver_Loss: 486.2818
Epoch 40/200, Batch 200, Aver_Loss: 480.3329
Epoch 40/200, Batch 300, Aver_Loss: 482.4337
Epoch 40/200, Batch 400, Aver_Loss: 484.4588
[early-stopping] Epoch 40: new best val ELBO = -479.823453
Epoch 41/200, Batch 100, Aver_Loss: 471.6500
Epoch 41/200, Batch 200, Aver_Loss: 471.6498
Epoch 41/200, Batch 300, Aver_Loss: 485.7635
Epoch 41/200, Batch 400, Aver_Loss: 482.1715
[early-stopping] Epoch 41: no improvement (1/20)
Epoch 42/200, Batch 100, Aver_Loss: 482.4702
Epoch 42/200, Batch 200, Aver_Loss: 480.0737
Epoch 42/200, Batch 300, Aver_Loss: 479.0416
Epoch 42/200, Batch 400, Aver_Loss: 483.4234
[early-stopping] Epoch 42: no improvement (2/20)
Epoch 43/200, Batch 100, Aver_Loss: 484.1172
Epoch 43/200, Batch 200, Aver_Loss: 477.2568
Epoch 43/200, Batch 300, Aver_Loss: 478.6836
Epoch 43/200, Batch 400, Aver_Loss: 483.3734
[early-stopping] Epoch 43: new best val ELBO = -479.669799
Epoch 44/200, Batch 100, Aver_Loss: 476.9571
Epoch 44/200, Batch 200, Aver_Loss: 485.2549
Epoch 44/200, Batch 300, Aver_Loss: 482.2868
Epoch 44/200, Batch 400, Aver_Loss: 470.1141
[early-stopping] Epoch 44: new best val ELBO = -479.649942
Epoch 45/200, Batch 100, Aver_Loss: 477.4818
Epoch 45/200, Batch 200, Aver_Loss: 477.6984
Epoch 45/200, Batch 300, Aver_Loss: 482.2589
Epoch 45/200, Batch 400, Aver_Loss: 476.4300
[early-stopping] Epoch 45: no improvement (1/20)
Epoch 46/200, Batch 100, Aver_Loss: 480.6822
Epoch 46/200, Batch 200, Aver_Loss: 476.8106
Epoch 46/200, Batch 300, Aver_Loss: 487.0802
Epoch 46/200, Batch 400, Aver_Loss: 479.9598
[early-stopping] Epoch 46: no improvement (2/20)
Epoch 47/200, Batch 100, Aver_Loss: 479.7146
Epoch 47/200, Batch 200, Aver_Loss: 485.6894
Epoch 47/200, Batch 300, Aver_Loss: 484.0008
Epoch 47/200, Batch 400, Aver_Loss: 481.5853
[early-stopping] Epoch 47: new best val ELBO = -479.505335
Epoch 48/200, Batch 100, Aver_Loss: 481.8932
Epoch 48/200, Batch 200, Aver_Loss: 477.5950
Epoch 48/200, Batch 300, Aver_Loss: 480.4363
Epoch 48/200, Batch 400, Aver_Loss: 481.2262
[early-stopping] Epoch 48: no improvement (1/20)
Epoch 49/200, Batch 100, Aver_Loss: 481.8759
Epoch 49/200, Batch 200, Aver_Loss: 480.1236
Epoch 49/200, Batch 300, Aver_Loss: 481.0179
Epoch 49/200, Batch 400, Aver_Loss: 480.4745
[early-stopping] Epoch 49: no improvement (2/20)
Epoch 50/200, Batch 100, Aver_Loss: 478.3622
Epoch 50/200, Batch 200, Aver_Loss: 471.6892
Epoch 50/200, Batch 300, Aver_Loss: 476.6204
Epoch 50/200, Batch 400, Aver_Loss: 478.6112
[early-stopping] Epoch 50: no improvement (3/20)
Epoch 51/200, Batch 100, Aver_Loss: 472.7847
Epoch 51/200, Batch 200, Aver_Loss: 481.3083
Epoch 51/200, Batch 300, Aver_Loss: 484.6149
Epoch 51/200, Batch 400, Aver_Loss: 476.8195
[early-stopping] Epoch 51: no improvement (4/20)
Epoch 52/200, Batch 100, Aver_Loss: 481.4505
Epoch 52/200, Batch 200, Aver_Loss: 485.3944
Epoch 52/200, Batch 300, Aver_Loss: 477.9916
Epoch 52/200, Batch 400, Aver_Loss: 480.3836
[early-stopping] Epoch 52: no improvement (5/20)
Epoch 53/200, Batch 100, Aver_Loss: 483.3457
Epoch 53/200, Batch 200, Aver_Loss: 476.5507
Epoch 53/200, Batch 300, Aver_Loss: 486.2556
Epoch 53/200, Batch 400, Aver_Loss: 480.3395
[early-stopping] Epoch 53: no improvement (6/20)
Epoch 54/200, Batch 100, Aver_Loss: 479.9820
Epoch 54/200, Batch 200, Aver_Loss: 483.6440
Epoch 54/200, Batch 300, Aver_Loss: 480.5448
Epoch 54/200, Batch 400, Aver_Loss: 476.2763
[early-stopping] Epoch 54: no improvement (7/20)
Epoch 55/200, Batch 100, Aver_Loss: 472.8143
Epoch 55/200, Batch 200, Aver_Loss: 476.2944
Epoch 55/200, Batch 300, Aver_Loss: 478.2955
Epoch 55/200, Batch 400, Aver_Loss: 484.0603
[early-stopping] Epoch 55: no improvement (8/20)
Epoch 56/200, Batch 100, Aver_Loss: 473.9857
Epoch 56/200, Batch 200, Aver_Loss: 467.5905
Epoch 56/200, Batch 300, Aver_Loss: 479.6999
Epoch 56/200, Batch 400, Aver_Loss: 480.1984
[early-stopping] Epoch 56: no improvement (9/20)
Epoch 57/200, Batch 100, Aver_Loss: 476.1449
Epoch 57/200, Batch 200, Aver_Loss: 477.6175
Epoch 57/200, Batch 300, Aver_Loss: 477.0871
Epoch 57/200, Batch 400, Aver_Loss: 483.5558
[early-stopping] Epoch 57: new best val ELBO = -479.487021
Epoch 58/200, Batch 100, Aver_Loss: 486.3862
Epoch 58/200, Batch 200, Aver_Loss: 479.7426
Epoch 58/200, Batch 300, Aver_Loss: 482.4615
Epoch 58/200, Batch 400, Aver_Loss: 480.4185
[early-stopping] Epoch 58: no improvement (1/20)
Epoch 59/200, Batch 100, Aver_Loss: 474.4437
Epoch 59/200, Batch 200, Aver_Loss: 488.0271
Epoch 59/200, Batch 300, Aver_Loss: 473.9049
Epoch 59/200, Batch 400, Aver_Loss: 470.5729
[early-stopping] Epoch 59: no improvement (2/20)
Epoch 60/200, Batch 100, Aver_Loss: 479.3891
Epoch 60/200, Batch 200, Aver_Loss: 482.6132
Epoch 60/200, Batch 300, Aver_Loss: 481.1876
Epoch 60/200, Batch 400, Aver_Loss: 482.2311
[early-stopping] Epoch 60: no improvement (3/20)
Epoch 61/200, Batch 100, Aver_Loss: 482.3754
Epoch 61/200, Batch 200, Aver_Loss: 473.1255
Epoch 61/200, Batch 300, Aver_Loss: 481.6999
Epoch 61/200, Batch 400, Aver_Loss: 476.5212
[early-stopping] Epoch 61: no improvement (4/20)
Epoch 62/200, Batch 100, Aver_Loss: 472.3727
Epoch 62/200, Batch 200, Aver_Loss: 480.2017
Epoch 62/200, Batch 300, Aver_Loss: 470.7656
Epoch 62/200, Batch 400, Aver_Loss: 481.0317
[early-stopping] Epoch 62: new best val ELBO = -479.457977
Epoch 63/200, Batch 100, Aver_Loss: 482.3873
Epoch 63/200, Batch 200, Aver_Loss: 475.3162
Epoch 63/200, Batch 300, Aver_Loss: 473.5516
Epoch 63/200, Batch 400, Aver_Loss: 486.3825
[early-stopping] Epoch 63: no improvement (1/20)
Epoch 64/200, Batch 100, Aver_Loss: 474.1007
Epoch 64/200, Batch 200, Aver_Loss: 478.8197
Epoch 64/200, Batch 300, Aver_Loss: 472.4558
Epoch 64/200, Batch 400, Aver_Loss: 480.6821
[early-stopping] Epoch 64: new best val ELBO = -479.147033
Epoch 65/200, Batch 100, Aver_Loss: 483.2270
Epoch 65/200, Batch 200, Aver_Loss: 479.8278
Epoch 65/200, Batch 300, Aver_Loss: 474.2199
Epoch 65/200, Batch 400, Aver_Loss: 478.4265
[early-stopping] Epoch 65: no improvement (1/20)
Epoch 66/200, Batch 100, Aver_Loss: 479.2945
Epoch 66/200, Batch 200, Aver_Loss: 482.8423
Epoch 66/200, Batch 300, Aver_Loss: 486.9170
Epoch 66/200, Batch 400, Aver_Loss: 472.3012
[early-stopping] Epoch 66: no improvement (2/20)
Epoch 67/200, Batch 100, Aver_Loss: 481.8685
Epoch 67/200, Batch 200, Aver_Loss: 479.1665
Epoch 67/200, Batch 300, Aver_Loss: 484.7674
Epoch 67/200, Batch 400, Aver_Loss: 481.0597
[early-stopping] Epoch 67: no improvement (3/20)
Epoch 68/200, Batch 100, Aver_Loss: 474.8006
Epoch 68/200, Batch 200, Aver_Loss: 479.1154
Epoch 68/200, Batch 300, Aver_Loss: 485.9312
Epoch 68/200, Batch 400, Aver_Loss: 485.0741
[early-stopping] Epoch 68: no improvement (4/20)
Epoch 69/200, Batch 100, Aver_Loss: 480.2123
Epoch 69/200, Batch 200, Aver_Loss: 481.1855
Epoch 69/200, Batch 300, Aver_Loss: 483.3527
Epoch 69/200, Batch 400, Aver_Loss: 473.7575
[early-stopping] Epoch 69: new best val ELBO = -479.079362
Epoch 70/200, Batch 100, Aver_Loss: 481.3269
Epoch 70/200, Batch 200, Aver_Loss: 477.1491
Epoch 70/200, Batch 300, Aver_Loss: 486.3254
Epoch 70/200, Batch 400, Aver_Loss: 481.0562
[early-stopping] Epoch 70: no improvement (1/20)
Epoch 71/200, Batch 100, Aver_Loss: 486.1526
Epoch 71/200, Batch 200, Aver_Loss: 478.4341
Epoch 71/200, Batch 300, Aver_Loss: 475.6912
Epoch 71/200, Batch 400, Aver_Loss: 476.8335
[early-stopping] Epoch 71: no improvement (2/20)
Epoch 72/200, Batch 100, Aver_Loss: 483.9309
Epoch 72/200, Batch 200, Aver_Loss: 475.8231
Epoch 72/200, Batch 300, Aver_Loss: 471.5481
Epoch 72/200, Batch 400, Aver_Loss: 482.6571
[early-stopping] Epoch 72: no improvement (3/20)
Epoch 73/200, Batch 100, Aver_Loss: 472.5294
Epoch 73/200, Batch 200, Aver_Loss: 481.2157
Epoch 73/200, Batch 300, Aver_Loss: 478.4421
Epoch 73/200, Batch 400, Aver_Loss: 482.9543
[early-stopping] Epoch 73: no improvement (4/20)
Epoch 74/200, Batch 100, Aver_Loss: 474.5217
Epoch 74/200, Batch 200, Aver_Loss: 488.0492
Epoch 74/200, Batch 300, Aver_Loss: 489.5950
Epoch 74/200, Batch 400, Aver_Loss: 483.9102
[early-stopping] Epoch 74: no improvement (5/20)
Epoch 75/200, Batch 100, Aver_Loss: 472.3324
Epoch 75/200, Batch 200, Aver_Loss: 466.5573
Epoch 75/200, Batch 300, Aver_Loss: 476.7116
Epoch 75/200, Batch 400, Aver_Loss: 480.0518
[early-stopping] Epoch 75: no improvement (6/20)
Epoch 76/200, Batch 100, Aver_Loss: 474.4272
Epoch 76/200, Batch 200, Aver_Loss: 478.1160
Epoch 76/200, Batch 300, Aver_Loss: 481.2596
Epoch 76/200, Batch 400, Aver_Loss: 478.9739
[early-stopping] Epoch 76: no improvement (7/20)
Epoch 77/200, Batch 100, Aver_Loss: 474.8122
Epoch 77/200, Batch 200, Aver_Loss: 470.8212
Epoch 77/200, Batch 300, Aver_Loss: 478.1824
Epoch 77/200, Batch 400, Aver_Loss: 471.0044
[early-stopping] Epoch 77: no improvement (8/20)
Epoch 78/200, Batch 100, Aver_Loss: 480.6162
Epoch 78/200, Batch 200, Aver_Loss: 481.6258
Epoch 78/200, Batch 300, Aver_Loss: 480.2170
Epoch 78/200, Batch 400, Aver_Loss: 479.6733
[early-stopping] Epoch 78: no improvement (9/20)
Epoch 79/200, Batch 100, Aver_Loss: 476.4388
Epoch 79/200, Batch 200, Aver_Loss: 483.7733
Epoch 79/200, Batch 300, Aver_Loss: 479.6070
Epoch 79/200, Batch 400, Aver_Loss: 481.3885
[early-stopping] Epoch 79: no improvement (10/20)
Epoch 80/200, Batch 100, Aver_Loss: 480.0858
Epoch 80/200, Batch 200, Aver_Loss: 474.1578
Epoch 80/200, Batch 300, Aver_Loss: 474.6207
Epoch 80/200, Batch 400, Aver_Loss: 482.7574
[early-stopping] Epoch 80: no improvement (11/20)
Epoch 81/200, Batch 100, Aver_Loss: 471.0048
Epoch 81/200, Batch 200, Aver_Loss: 475.7265
Epoch 81/200, Batch 300, Aver_Loss: 482.1351
Epoch 81/200, Batch 400, Aver_Loss: 468.1751
[early-stopping] Epoch 81: new best val ELBO = -478.938654
Epoch 82/200, Batch 100, Aver_Loss: 482.2963
Epoch 82/200, Batch 200, Aver_Loss: 487.1835
Epoch 82/200, Batch 300, Aver_Loss: 476.0214
Epoch 82/200, Batch 400, Aver_Loss: 480.3083
[early-stopping] Epoch 82: no improvement (1/20)
Epoch 83/200, Batch 100, Aver_Loss: 477.0260
Epoch 83/200, Batch 200, Aver_Loss: 480.3753
Epoch 83/200, Batch 300, Aver_Loss: 482.4330
Epoch 83/200, Batch 400, Aver_Loss: 470.5406
[early-stopping] Epoch 83: no improvement (2/20)
Epoch 84/200, Batch 100, Aver_Loss: 481.6592
Epoch 84/200, Batch 200, Aver_Loss: 468.7304
Epoch 84/200, Batch 300, Aver_Loss: 482.8666
Epoch 84/200, Batch 400, Aver_Loss: 477.5367
[early-stopping] Epoch 84: no improvement (3/20)
Epoch 85/200, Batch 100, Aver_Loss: 477.1911
Epoch 85/200, Batch 200, Aver_Loss: 479.6704
Epoch 85/200, Batch 300, Aver_Loss: 485.4337
Epoch 85/200, Batch 400, Aver_Loss: 479.9724
[early-stopping] Epoch 85: no improvement (4/20)
Epoch 86/200, Batch 100, Aver_Loss: 482.6287
Epoch 86/200, Batch 200, Aver_Loss: 476.3156
Epoch 86/200, Batch 300, Aver_Loss: 473.7572
Epoch 86/200, Batch 400, Aver_Loss: 486.8237
[early-stopping] Epoch 86: no improvement (5/20)
Epoch 87/200, Batch 100, Aver_Loss: 485.5254
Epoch 87/200, Batch 200, Aver_Loss: 479.6853
Epoch 87/200, Batch 300, Aver_Loss: 474.5729
Epoch 87/200, Batch 400, Aver_Loss: 483.2309
[early-stopping] Epoch 87: no improvement (6/20)
Epoch 88/200, Batch 100, Aver_Loss: 487.6243
Epoch 88/200, Batch 200, Aver_Loss: 467.3115
Epoch 88/200, Batch 300, Aver_Loss: 482.3666
Epoch 88/200, Batch 400, Aver_Loss: 483.0225
[early-stopping] Epoch 88: no improvement (7/20)
Epoch 89/200, Batch 100, Aver_Loss: 485.4513
Epoch 89/200, Batch 200, Aver_Loss: 476.1933
Epoch 89/200, Batch 300, Aver_Loss: 475.2755
Epoch 89/200, Batch 400, Aver_Loss: 479.9042
[early-stopping] Epoch 89: no improvement (8/20)
Epoch 90/200, Batch 100, Aver_Loss: 489.2865
Epoch 90/200, Batch 200, Aver_Loss: 476.5557
Epoch 90/200, Batch 300, Aver_Loss: 471.5614
Epoch 90/200, Batch 400, Aver_Loss: 487.2855
[early-stopping] Epoch 90: new best val ELBO = -478.921247
Epoch 91/200, Batch 100, Aver_Loss: 480.5181
Epoch 91/200, Batch 200, Aver_Loss: 482.0374
Epoch 91/200, Batch 300, Aver_Loss: 468.6629
Epoch 91/200, Batch 400, Aver_Loss: 478.8763
[early-stopping] Epoch 91: no improvement (1/20)
Epoch 92/200, Batch 100, Aver_Loss: 477.3429
Epoch 92/200, Batch 200, Aver_Loss: 484.7986
Epoch 92/200, Batch 300, Aver_Loss: 473.0366
Epoch 92/200, Batch 400, Aver_Loss: 476.9328
[early-stopping] Epoch 92: no improvement (2/20)
Epoch 93/200, Batch 100, Aver_Loss: 481.1675
Epoch 93/200, Batch 200, Aver_Loss: 476.4733
Epoch 93/200, Batch 300, Aver_Loss: 479.9501
Epoch 93/200, Batch 400, Aver_Loss: 483.9092
[early-stopping] Epoch 93: no improvement (3/20)
Epoch 94/200, Batch 100, Aver_Loss: 478.4798
Epoch 94/200, Batch 200, Aver_Loss: 473.2651
Epoch 94/200, Batch 300, Aver_Loss: 482.0023
Epoch 94/200, Batch 400, Aver_Loss: 482.2643
[early-stopping] Epoch 94: new best val ELBO = -478.900190
Epoch 95/200, Batch 100, Aver_Loss: 473.2084
Epoch 95/200, Batch 200, Aver_Loss: 481.8780
Epoch 95/200, Batch 300, Aver_Loss: 483.1492
Epoch 95/200, Batch 400, Aver_Loss: 487.5325
[early-stopping] Epoch 95: no improvement (1/20)
Epoch 96/200, Batch 100, Aver_Loss: 479.5283
Epoch 96/200, Batch 200, Aver_Loss: 469.5770
Epoch 96/200, Batch 300, Aver_Loss: 481.1072
Epoch 96/200, Batch 400, Aver_Loss: 471.9632
[early-stopping] Epoch 96: no improvement (2/20)
Epoch 97/200, Batch 100, Aver_Loss: 482.5192
Epoch 97/200, Batch 200, Aver_Loss: 472.1307
Epoch 97/200, Batch 300, Aver_Loss: 475.8911
Epoch 97/200, Batch 400, Aver_Loss: 484.2903
[early-stopping] Epoch 97: new best val ELBO = -478.870946
Epoch 98/200, Batch 100, Aver_Loss: 478.3062
Epoch 98/200, Batch 200, Aver_Loss: 475.0604
Epoch 98/200, Batch 300, Aver_Loss: 476.3961
Epoch 98/200, Batch 400, Aver_Loss: 483.5881
[early-stopping] Epoch 98: new best val ELBO = -478.844068
Epoch 99/200, Batch 100, Aver_Loss: 466.8153
Epoch 99/200, Batch 200, Aver_Loss: 483.4274
Epoch 99/200, Batch 300, Aver_Loss: 477.2303
Epoch 99/200, Batch 400, Aver_Loss: 481.3038
[early-stopping] Epoch 99: no improvement (1/20)
Epoch 100/200, Batch 100, Aver_Loss: 478.8971
Epoch 100/200, Batch 200, Aver_Loss: 472.4138
Epoch 100/200, Batch 300, Aver_Loss: 471.7555
Epoch 100/200, Batch 400, Aver_Loss: 476.3622
[early-stopping] Epoch 100: no improvement (2/20)
Epoch 101/200, Batch 100, Aver_Loss: 485.8814
Epoch 101/200, Batch 200, Aver_Loss: 480.6466
Epoch 101/200, Batch 300, Aver_Loss: 482.2989
Epoch 101/200, Batch 400, Aver_Loss: 485.5150
[early-stopping] Epoch 101: no improvement (3/20)
Epoch 102/200, Batch 100, Aver_Loss: 478.9406
Epoch 102/200, Batch 200, Aver_Loss: 479.5159
Epoch 102/200, Batch 300, Aver_Loss: 476.2188
Epoch 102/200, Batch 400, Aver_Loss: 482.9181
[early-stopping] Epoch 102: no improvement (4/20)
Epoch 103/200, Batch 100, Aver_Loss: 483.5245
Epoch 103/200, Batch 200, Aver_Loss: 481.0219
Epoch 103/200, Batch 300, Aver_Loss: 471.5627
Epoch 103/200, Batch 400, Aver_Loss: 479.6358
[early-stopping] Epoch 103: no improvement (5/20)
Epoch 104/200, Batch 100, Aver_Loss: 477.3996
Epoch 104/200, Batch 200, Aver_Loss: 481.5943
Epoch 104/200, Batch 300, Aver_Loss: 482.5983
Epoch 104/200, Batch 400, Aver_Loss: 488.8720
[early-stopping] Epoch 104: no improvement (6/20)
Epoch 105/200, Batch 100, Aver_Loss: 476.2857
Epoch 105/200, Batch 200, Aver_Loss: 478.5914
Epoch 105/200, Batch 300, Aver_Loss: 480.5509
Epoch 105/200, Batch 400, Aver_Loss: 479.6651
[early-stopping] Epoch 105: no improvement (7/20)
Epoch 106/200, Batch 100, Aver_Loss: 481.5562
Epoch 106/200, Batch 200, Aver_Loss: 481.3905
Epoch 106/200, Batch 300, Aver_Loss: 481.2993
Epoch 106/200, Batch 400, Aver_Loss: 481.6464
[early-stopping] Epoch 106: no improvement (8/20)
Epoch 107/200, Batch 100, Aver_Loss: 482.2301
Epoch 107/200, Batch 200, Aver_Loss: 481.9850
Epoch 107/200, Batch 300, Aver_Loss: 479.4148
Epoch 107/200, Batch 400, Aver_Loss: 481.4402
[early-stopping] Epoch 107: no improvement (9/20)
Epoch 108/200, Batch 100, Aver_Loss: 477.9001
Epoch 108/200, Batch 200, Aver_Loss: 482.1944
Epoch 108/200, Batch 300, Aver_Loss: 467.3291
Epoch 108/200, Batch 400, Aver_Loss: 475.5897
[early-stopping] Epoch 108: no improvement (10/20)
Epoch 109/200, Batch 100, Aver_Loss: 476.4281
Epoch 109/200, Batch 200, Aver_Loss: 479.7474
Epoch 109/200, Batch 300, Aver_Loss: 480.5192
Epoch 109/200, Batch 400, Aver_Loss: 479.6527
[early-stopping] Epoch 109: no improvement (11/20)
Epoch 110/200, Batch 100, Aver_Loss: 475.9876
Epoch 110/200, Batch 200, Aver_Loss: 469.4330
Epoch 110/200, Batch 300, Aver_Loss: 477.4115
Epoch 110/200, Batch 400, Aver_Loss: 468.6310
[early-stopping] Epoch 110: no improvement (12/20)
Epoch 111/200, Batch 100, Aver_Loss: 479.3510
Epoch 111/200, Batch 200, Aver_Loss: 483.5462
Epoch 111/200, Batch 300, Aver_Loss: 483.2115
Epoch 111/200, Batch 400, Aver_Loss: 480.1782
[early-stopping] Epoch 111: no improvement (13/20)
Epoch 112/200, Batch 100, Aver_Loss: 473.4147
Epoch 112/200, Batch 200, Aver_Loss: 475.8380
Epoch 112/200, Batch 300, Aver_Loss: 484.1505
Epoch 112/200, Batch 400, Aver_Loss: 476.3735
[early-stopping] Epoch 112: no improvement (14/20)
Epoch 113/200, Batch 100, Aver_Loss: 485.6143
Epoch 113/200, Batch 200, Aver_Loss: 486.1751
Epoch 113/200, Batch 300, Aver_Loss: 476.6631
Epoch 113/200, Batch 400, Aver_Loss: 485.9377
[early-stopping] Epoch 113: new best val ELBO = -478.784377
Epoch 114/200, Batch 100, Aver_Loss: 482.1152
Epoch 114/200, Batch 200, Aver_Loss: 479.3702
Epoch 114/200, Batch 300, Aver_Loss: 488.2582
Epoch 114/200, Batch 400, Aver_Loss: 483.5067
[early-stopping] Epoch 114: no improvement (1/20)
Epoch 115/200, Batch 100, Aver_Loss: 477.7727
Epoch 115/200, Batch 200, Aver_Loss: 485.8991
Epoch 115/200, Batch 300, Aver_Loss: 470.2435
Epoch 115/200, Batch 400, Aver_Loss: 479.1528
[early-stopping] Epoch 115: no improvement (2/20)
Epoch 116/200, Batch 100, Aver_Loss: 480.2786
Epoch 116/200, Batch 200, Aver_Loss: 487.3280
Epoch 116/200, Batch 300, Aver_Loss: 482.6969
Epoch 116/200, Batch 400, Aver_Loss: 479.5960
[early-stopping] Epoch 116: no improvement (3/20)
Epoch 117/200, Batch 100, Aver_Loss: 475.0985
Epoch 117/200, Batch 200, Aver_Loss: 484.6694
Epoch 117/200, Batch 300, Aver_Loss: 472.7740
Epoch 117/200, Batch 400, Aver_Loss: 478.0570
[early-stopping] Epoch 117: no improvement (4/20)
Epoch 118/200, Batch 100, Aver_Loss: 476.2654
Epoch 118/200, Batch 200, Aver_Loss: 481.8544
Epoch 118/200, Batch 300, Aver_Loss: 479.1995
Epoch 118/200, Batch 400, Aver_Loss: 476.5705
[early-stopping] Epoch 118: no improvement (5/20)
Epoch 119/200, Batch 100, Aver_Loss: 488.5105
Epoch 119/200, Batch 200, Aver_Loss: 476.2839
Epoch 119/200, Batch 300, Aver_Loss: 478.7969
Epoch 119/200, Batch 400, Aver_Loss: 479.5702
[early-stopping] Epoch 119: no improvement (6/20)
Epoch 120/200, Batch 100, Aver_Loss: 478.0760
Epoch 120/200, Batch 200, Aver_Loss: 481.7147
Epoch 120/200, Batch 300, Aver_Loss: 474.9077
Epoch 120/200, Batch 400, Aver_Loss: 481.2200
[early-stopping] Epoch 120: new best val ELBO = -478.746155
Epoch 121/200, Batch 100, Aver_Loss: 485.7130
Epoch 121/200, Batch 200, Aver_Loss: 476.4723
Epoch 121/200, Batch 300, Aver_Loss: 480.3132
Epoch 121/200, Batch 400, Aver_Loss: 471.1636
[early-stopping] Epoch 121: no improvement (1/20)
Epoch 122/200, Batch 100, Aver_Loss: 483.8254
Epoch 122/200, Batch 200, Aver_Loss: 477.8409
Epoch 122/200, Batch 300, Aver_Loss: 477.2668
Epoch 122/200, Batch 400, Aver_Loss: 465.4575
[early-stopping] Epoch 122: no improvement (2/20)
Epoch 123/200, Batch 100, Aver_Loss: 481.1229
Epoch 123/200, Batch 200, Aver_Loss: 479.2701
Epoch 123/200, Batch 300, Aver_Loss: 478.7941
Epoch 123/200, Batch 400, Aver_Loss: 479.4349
[early-stopping] Epoch 123: no improvement (3/20)
Epoch 124/200, Batch 100, Aver_Loss: 471.2962
Epoch 124/200, Batch 200, Aver_Loss: 474.1604
Epoch 124/200, Batch 300, Aver_Loss: 486.4385
Epoch 124/200, Batch 400, Aver_Loss: 476.3087
[early-stopping] Epoch 124: no improvement (4/20)
Epoch 125/200, Batch 100, Aver_Loss: 472.0049
Epoch 125/200, Batch 200, Aver_Loss: 481.0239
Epoch 125/200, Batch 300, Aver_Loss: 482.3665
Epoch 125/200, Batch 400, Aver_Loss: 475.2817
[early-stopping] Epoch 125: no improvement (5/20)
Epoch 126/200, Batch 100, Aver_Loss: 485.5480
Epoch 126/200, Batch 200, Aver_Loss: 484.3966
Epoch 126/200, Batch 300, Aver_Loss: 476.4561
Epoch 126/200, Batch 400, Aver_Loss: 478.2742
[early-stopping] Epoch 126: new best val ELBO = -478.688932
Epoch 127/200, Batch 100, Aver_Loss: 472.4439
Epoch 127/200, Batch 200, Aver_Loss: 470.7940
Epoch 127/200, Batch 300, Aver_Loss: 476.9361
Epoch 127/200, Batch 400, Aver_Loss: 464.7908
[early-stopping] Epoch 127: new best val ELBO = -478.663963
Epoch 128/200, Batch 100, Aver_Loss: 478.2552
Epoch 128/200, Batch 200, Aver_Loss: 478.8228
Epoch 128/200, Batch 300, Aver_Loss: 472.0718
Epoch 128/200, Batch 400, Aver_Loss: 482.7611
[early-stopping] Epoch 128: no improvement (1/20)
Epoch 129/200, Batch 100, Aver_Loss: 479.0327
Epoch 129/200, Batch 200, Aver_Loss: 476.5602
Epoch 129/200, Batch 300, Aver_Loss: 486.0734
Epoch 129/200, Batch 400, Aver_Loss: 489.3646
[early-stopping] Epoch 129: no improvement (2/20)
Epoch 130/200, Batch 100, Aver_Loss: 479.0889
Epoch 130/200, Batch 200, Aver_Loss: 479.6470
Epoch 130/200, Batch 300, Aver_Loss: 472.9643
Epoch 130/200, Batch 400, Aver_Loss: 488.4610
[early-stopping] Epoch 130: new best val ELBO = -478.659345
Epoch 131/200, Batch 100, Aver_Loss: 472.7215
Epoch 131/200, Batch 200, Aver_Loss: 481.7011
Epoch 131/200, Batch 300, Aver_Loss: 479.3913
Epoch 131/200, Batch 400, Aver_Loss: 469.7728
[early-stopping] Epoch 131: no improvement (1/20)
Epoch 132/200, Batch 100, Aver_Loss: 479.9606
Epoch 132/200, Batch 200, Aver_Loss: 483.6636
Epoch 132/200, Batch 300, Aver_Loss: 476.7013
Epoch 132/200, Batch 400, Aver_Loss: 476.1811
[early-stopping] Epoch 132: no improvement (2/20)
Epoch 133/200, Batch 100, Aver_Loss: 479.7061
Epoch 133/200, Batch 200, Aver_Loss: 485.1514
Epoch 133/200, Batch 300, Aver_Loss: 466.1334
Epoch 133/200, Batch 400, Aver_Loss: 484.6209
[early-stopping] Epoch 133: no improvement (3/20)
Epoch 134/200, Batch 100, Aver_Loss: 468.9839
Epoch 134/200, Batch 200, Aver_Loss: 481.9924
Epoch 134/200, Batch 300, Aver_Loss: 486.4956
Epoch 134/200, Batch 400, Aver_Loss: 470.0741
[early-stopping] Epoch 134: no improvement (4/20)
Epoch 135/200, Batch 100, Aver_Loss: 483.6515
Epoch 135/200, Batch 200, Aver_Loss: 475.1129
Epoch 135/200, Batch 300, Aver_Loss: 479.9938
Epoch 135/200, Batch 400, Aver_Loss: 488.0807
[early-stopping] Epoch 135: no improvement (5/20)
Epoch 136/200, Batch 100, Aver_Loss: 478.3622
Epoch 136/200, Batch 200, Aver_Loss: 477.8729
Epoch 136/200, Batch 300, Aver_Loss: 481.7988
Epoch 136/200, Batch 400, Aver_Loss: 474.8116
[early-stopping] Epoch 136: new best val ELBO = -478.636388
Epoch 137/200, Batch 100, Aver_Loss: 481.6550
Epoch 137/200, Batch 200, Aver_Loss: 481.2504
Epoch 137/200, Batch 300, Aver_Loss: 483.9937
Epoch 137/200, Batch 400, Aver_Loss: 479.5037
[early-stopping] Epoch 137: no improvement (1/20)
Epoch 138/200, Batch 100, Aver_Loss: 475.1969
Epoch 138/200, Batch 200, Aver_Loss: 473.0730
Epoch 138/200, Batch 300, Aver_Loss: 473.9351
Epoch 138/200, Batch 400, Aver_Loss: 479.3038
[early-stopping] Epoch 138: no improvement (2/20)
Epoch 139/200, Batch 100, Aver_Loss: 480.3288
Epoch 139/200, Batch 200, Aver_Loss: 480.3573
Epoch 139/200, Batch 300, Aver_Loss: 477.1496
Epoch 139/200, Batch 400, Aver_Loss: 472.3629
[early-stopping] Epoch 139: no improvement (3/20)
Epoch 140/200, Batch 100, Aver_Loss: 463.4962
Epoch 140/200, Batch 200, Aver_Loss: 478.0132
Epoch 140/200, Batch 300, Aver_Loss: 466.5699
Epoch 140/200, Batch 400, Aver_Loss: 480.6552
[early-stopping] Epoch 140: new best val ELBO = -478.569120
Epoch 141/200, Batch 100, Aver_Loss: 476.9078
Epoch 141/200, Batch 200, Aver_Loss: 477.4890
Epoch 141/200, Batch 300, Aver_Loss: 480.3426
Epoch 141/200, Batch 400, Aver_Loss: 475.9275
[early-stopping] Epoch 141: no improvement (1/20)
Epoch 142/200, Batch 100, Aver_Loss: 485.7954
Epoch 142/200, Batch 200, Aver_Loss: 479.5928
Epoch 142/200, Batch 300, Aver_Loss: 473.4664
Epoch 142/200, Batch 400, Aver_Loss: 475.7078
[early-stopping] Epoch 142: no improvement (2/20)
Epoch 143/200, Batch 100, Aver_Loss: 478.2575
Epoch 143/200, Batch 200, Aver_Loss: 480.7813
Epoch 143/200, Batch 300, Aver_Loss: 470.4275
Epoch 143/200, Batch 400, Aver_Loss: 473.2320
[early-stopping] Epoch 143: no improvement (3/20)
Epoch 144/200, Batch 100, Aver_Loss: 475.5623
Epoch 144/200, Batch 200, Aver_Loss: 472.0278
Epoch 144/200, Batch 300, Aver_Loss: 469.9968
Epoch 144/200, Batch 400, Aver_Loss: 476.4194
[early-stopping] Epoch 144: no improvement (4/20)
Epoch 145/200, Batch 100, Aver_Loss: 484.0492
Epoch 145/200, Batch 200, Aver_Loss: 479.5720
Epoch 145/200, Batch 300, Aver_Loss: 473.2405
Epoch 145/200, Batch 400, Aver_Loss: 477.2799
[early-stopping] Epoch 145: no improvement (5/20)
Epoch 146/200, Batch 100, Aver_Loss: 469.9371
Epoch 146/200, Batch 200, Aver_Loss: 477.0875
Epoch 146/200, Batch 300, Aver_Loss: 472.4413
Epoch 146/200, Batch 400, Aver_Loss: 472.2519
[early-stopping] Epoch 146: new best val ELBO = -478.446730
Epoch 147/200, Batch 100, Aver_Loss: 480.8885
Epoch 147/200, Batch 200, Aver_Loss: 479.2848
Epoch 147/200, Batch 300, Aver_Loss: 481.7072
Epoch 147/200, Batch 400, Aver_Loss: 475.9720
[early-stopping] Epoch 147: no improvement (1/20)
Epoch 148/200, Batch 100, Aver_Loss: 481.1833
Epoch 148/200, Batch 200, Aver_Loss: 478.7997
Epoch 148/200, Batch 300, Aver_Loss: 481.4720
Epoch 148/200, Batch 400, Aver_Loss: 474.7821
[early-stopping] Epoch 148: no improvement (2/20)
Epoch 149/200, Batch 100, Aver_Loss: 479.7874
Epoch 149/200, Batch 200, Aver_Loss: 477.4789
Epoch 149/200, Batch 300, Aver_Loss: 480.5904
Epoch 149/200, Batch 400, Aver_Loss: 478.4077
[early-stopping] Epoch 149: no improvement (3/20)
Epoch 150/200, Batch 100, Aver_Loss: 480.9935
Epoch 150/200, Batch 200, Aver_Loss: 478.6222
Epoch 150/200, Batch 300, Aver_Loss: 478.8452
Epoch 150/200, Batch 400, Aver_Loss: 476.6415
[early-stopping] Epoch 150: no improvement (4/20)
Epoch 151/200, Batch 100, Aver_Loss: 480.0840
Epoch 151/200, Batch 200, Aver_Loss: 476.5311
Epoch 151/200, Batch 300, Aver_Loss: 475.0605
Epoch 151/200, Batch 400, Aver_Loss: 477.0536
[early-stopping] Epoch 151: no improvement (5/20)
Epoch 152/200, Batch 100, Aver_Loss: 479.0896
Epoch 152/200, Batch 200, Aver_Loss: 480.0067
Epoch 152/200, Batch 300, Aver_Loss: 481.1608
Epoch 152/200, Batch 400, Aver_Loss: 483.9579
[early-stopping] Epoch 152: no improvement (6/20)
Epoch 153/200, Batch 100, Aver_Loss: 477.8222
Epoch 153/200, Batch 200, Aver_Loss: 478.6189
Epoch 153/200, Batch 300, Aver_Loss: 470.4127
Epoch 153/200, Batch 400, Aver_Loss: 469.9185
[early-stopping] Epoch 153: no improvement (7/20)
Epoch 154/200, Batch 100, Aver_Loss: 477.2069
Epoch 154/200, Batch 200, Aver_Loss: 474.9713
Epoch 154/200, Batch 300, Aver_Loss: 479.1162
Epoch 154/200, Batch 400, Aver_Loss: 469.6873
[early-stopping] Epoch 154: new best val ELBO = -478.370065
Epoch 155/200, Batch 100, Aver_Loss: 471.7065
Epoch 155/200, Batch 200, Aver_Loss: 472.8615
Epoch 155/200, Batch 300, Aver_Loss: 473.1184
Epoch 155/200, Batch 400, Aver_Loss: 468.4180
[early-stopping] Epoch 155: no improvement (1/20)
Epoch 156/200, Batch 100, Aver_Loss: 483.4226
Epoch 156/200, Batch 200, Aver_Loss: 479.6683
Epoch 156/200, Batch 300, Aver_Loss: 474.6144
Epoch 156/200, Batch 400, Aver_Loss: 478.0126
[early-stopping] Epoch 156: no improvement (2/20)
Epoch 157/200, Batch 100, Aver_Loss: 480.1729
Epoch 157/200, Batch 200, Aver_Loss: 484.6526
Epoch 157/200, Batch 300, Aver_Loss: 475.9924
Epoch 157/200, Batch 400, Aver_Loss: 478.9931
[early-stopping] Epoch 157: no improvement (3/20)
Epoch 158/200, Batch 100, Aver_Loss: 480.9872
Epoch 158/200, Batch 200, Aver_Loss: 478.8387
Epoch 158/200, Batch 300, Aver_Loss: 480.8368
Epoch 158/200, Batch 400, Aver_Loss: 480.8116
[early-stopping] Epoch 158: no improvement (4/20)
Epoch 159/200, Batch 100, Aver_Loss: 476.7711
Epoch 159/200, Batch 200, Aver_Loss: 481.2368
Epoch 159/200, Batch 300, Aver_Loss: 472.9706
Epoch 159/200, Batch 400, Aver_Loss: 474.4632
[early-stopping] Epoch 159: no improvement (5/20)
Epoch 160/200, Batch 100, Aver_Loss: 467.5744
Epoch 160/200, Batch 200, Aver_Loss: 472.1768
Epoch 160/200, Batch 300, Aver_Loss: 477.7225
Epoch 160/200, Batch 400, Aver_Loss: 473.8435
[early-stopping] Epoch 160: no improvement (6/20)
Epoch 161/200, Batch 100, Aver_Loss: 479.9269
Epoch 161/200, Batch 200, Aver_Loss: 480.0391
Epoch 161/200, Batch 300, Aver_Loss: 474.5998
Epoch 161/200, Batch 400, Aver_Loss: 477.5755
[early-stopping] Epoch 161: no improvement (7/20)
Epoch 162/200, Batch 100, Aver_Loss: 480.4084
Epoch 162/200, Batch 200, Aver_Loss: 475.0974
Epoch 162/200, Batch 300, Aver_Loss: 477.7803
Epoch 162/200, Batch 400, Aver_Loss: 477.8490
[early-stopping] Epoch 162: no improvement (8/20)
Epoch 163/200, Batch 100, Aver_Loss: 467.6879
Epoch 163/200, Batch 200, Aver_Loss: 467.0728
Epoch 163/200, Batch 300, Aver_Loss: 479.6130
Epoch 163/200, Batch 400, Aver_Loss: 478.3521
[early-stopping] Epoch 163: no improvement (9/20)
Epoch 164/200, Batch 100, Aver_Loss: 479.1189
Epoch 164/200, Batch 200, Aver_Loss: 468.2994
Epoch 164/200, Batch 300, Aver_Loss: 475.8327
Epoch 164/200, Batch 400, Aver_Loss: 487.8078
[early-stopping] Epoch 164: no improvement (10/20)
Epoch 165/200, Batch 100, Aver_Loss: 488.6569
Epoch 165/200, Batch 200, Aver_Loss: 476.5504
Epoch 165/200, Batch 300, Aver_Loss: 472.9507
Epoch 165/200, Batch 400, Aver_Loss: 478.3599
[early-stopping] Epoch 165: no improvement (11/20)
Epoch 166/200, Batch 100, Aver_Loss: 479.1884
Epoch 166/200, Batch 200, Aver_Loss: 486.5355
Epoch 166/200, Batch 300, Aver_Loss: 473.2957
Epoch 166/200, Batch 400, Aver_Loss: 490.3714
[early-stopping] Epoch 166: no improvement (12/20)
Epoch 167/200, Batch 100, Aver_Loss: 479.2334
Epoch 167/200, Batch 200, Aver_Loss: 471.3711
Epoch 167/200, Batch 300, Aver_Loss: 481.7891
Epoch 167/200, Batch 400, Aver_Loss: 479.4853
[early-stopping] Epoch 167: no improvement (13/20)
Epoch 168/200, Batch 100, Aver_Loss: 476.9050
Epoch 168/200, Batch 200, Aver_Loss: 481.0147
Epoch 168/200, Batch 300, Aver_Loss: 467.6093
Epoch 168/200, Batch 400, Aver_Loss: 480.9427
[early-stopping] Epoch 168: no improvement (14/20)
Epoch 169/200, Batch 100, Aver_Loss: 479.4892
Epoch 169/200, Batch 200, Aver_Loss: 482.6414
Epoch 169/200, Batch 300, Aver_Loss: 484.1130
Epoch 169/200, Batch 400, Aver_Loss: 484.6237
[early-stopping] Epoch 169: no improvement (15/20)
Epoch 170/200, Batch 100, Aver_Loss: 479.3165
Epoch 170/200, Batch 200, Aver_Loss: 472.6118
Epoch 170/200, Batch 300, Aver_Loss: 481.1175
Epoch 170/200, Batch 400, Aver_Loss: 475.1595
[early-stopping] Epoch 170: no improvement (16/20)
Epoch 171/200, Batch 100, Aver_Loss: 471.4617
Epoch 171/200, Batch 200, Aver_Loss: 476.0167
Epoch 171/200, Batch 300, Aver_Loss: 474.6344
Epoch 171/200, Batch 400, Aver_Loss: 480.3892
[early-stopping] Epoch 171: no improvement (17/20)
Epoch 172/200, Batch 100, Aver_Loss: 471.6894
Epoch 172/200, Batch 200, Aver_Loss: 488.5556
Epoch 172/200, Batch 300, Aver_Loss: 481.7719
Epoch 172/200, Batch 400, Aver_Loss: 468.3289
[early-stopping] Epoch 172: no improvement (18/20)
Epoch 173/200, Batch 100, Aver_Loss: 481.9617
Epoch 173/200, Batch 200, Aver_Loss: 477.6659
Epoch 173/200, Batch 300, Aver_Loss: 478.1024
Epoch 173/200, Batch 400, Aver_Loss: 483.2795
[early-stopping] Epoch 173: no improvement (19/20)
Epoch 174/200, Batch 100, Aver_Loss: 484.7672
Epoch 174/200, Batch 200, Aver_Loss: 485.5059
Epoch 174/200, Batch 300, Aver_Loss: 475.2799
Epoch 174/200, Batch 400, Aver_Loss: 481.9953
[early-stopping] Epoch 174: no improvement (20/20)
[early-stopping] Patience reached. Stopping at epoch 174. Best epoch: 154, best val ELBO: -478.370065
[early-stopping] Loaded best model from epoch 154 (val ELBO = -478.370065)
[checkpoint] Saved best model to: trained_parameters/mnist_background_images_zdim16_VAE.pkl
[saved curves] ./results/MNIST_BG_IM/curves/mnist_background_images_vae_d16_s777.json

==== Evaluation Summary ====
                 model: vae
   recon/mse_per_pixel: 0.030024
            elbo/train: -477.682145
             elbo/test: -478.389263
             mse/train: 0.029792
              mse/test: 0.030024
             probe/acc: 0.663387
             probe/nll: 1.002023
           probe/brier: 0.454046
             probe/ece: 0.030095
           cluster/nmi: 0.257142
           cluster/ari: 0.167909
============================

