/usr/bin/which: no fi_info in (/arf/home/meyavuz/.local/bin:/arf/sw/comp/python/intelpython3/condabin:/arf/sw/comp/python/intelpython3/bin:/usr/share/Modules/bin:/usr/local/bin:/usr/bin:/usr/local/sbin:/usr/sbin)
Extension for Scikit-learn* enabled (https://github.com/uxlfoundation/scikit-learn-intelex)
/arf/home/meyavuz/.conda/envs/sbn/lib/python3.9/site-packages/sklearn/linear_model/_logistic.py:1247: FutureWarning: 'multi_class' was deprecated in version 1.5 and will be removed in 1.7. From then on, it will always use 'multinomial'. Leave it to its default value to avoid this warning.
  warnings.warn(
Epoch 1/200, Batch 100, Aver_Loss: 203.0639
Epoch 1/200, Batch 200, Aver_Loss: 180.5743
Epoch 1/200, Batch 300, Aver_Loss: 160.1690
Epoch 1/200, Batch 400, Aver_Loss: 160.7054
[early-stopping] Epoch 1: new best val ELBO = -151.535147
Epoch 2/200, Batch 100, Aver_Loss: 147.9171
Epoch 2/200, Batch 200, Aver_Loss: 146.1552
Epoch 2/200, Batch 300, Aver_Loss: 145.8719
Epoch 2/200, Batch 400, Aver_Loss: 142.4488
[early-stopping] Epoch 2: new best val ELBO = -141.815674
Epoch 3/200, Batch 100, Aver_Loss: 140.8215
Epoch 3/200, Batch 200, Aver_Loss: 139.4467
Epoch 3/200, Batch 300, Aver_Loss: 140.9477
Epoch 3/200, Batch 400, Aver_Loss: 131.8707
[early-stopping] Epoch 3: new best val ELBO = -138.148664
Epoch 4/200, Batch 100, Aver_Loss: 139.2145
Epoch 4/200, Batch 200, Aver_Loss: 137.0308
Epoch 4/200, Batch 300, Aver_Loss: 136.5235
Epoch 4/200, Batch 400, Aver_Loss: 134.5701
[early-stopping] Epoch 4: new best val ELBO = -135.848406
Epoch 5/200, Batch 100, Aver_Loss: 136.0913
Epoch 5/200, Batch 200, Aver_Loss: 139.1769
Epoch 5/200, Batch 300, Aver_Loss: 130.9644
Epoch 5/200, Batch 400, Aver_Loss: 133.7555
[early-stopping] Epoch 5: new best val ELBO = -134.449245
Epoch 6/200, Batch 100, Aver_Loss: 129.9653
Epoch 6/200, Batch 200, Aver_Loss: 131.4556
Epoch 6/200, Batch 300, Aver_Loss: 136.0160
Epoch 6/200, Batch 400, Aver_Loss: 132.2531
[early-stopping] Epoch 6: new best val ELBO = -132.622296
Epoch 7/200, Batch 100, Aver_Loss: 135.2641
Epoch 7/200, Batch 200, Aver_Loss: 132.4578
Epoch 7/200, Batch 300, Aver_Loss: 131.9780
Epoch 7/200, Batch 400, Aver_Loss: 129.5509
[early-stopping] Epoch 7: new best val ELBO = -131.631993
Epoch 8/200, Batch 100, Aver_Loss: 128.7728
Epoch 8/200, Batch 200, Aver_Loss: 136.3275
Epoch 8/200, Batch 300, Aver_Loss: 132.2167
Epoch 8/200, Batch 400, Aver_Loss: 129.0115
[early-stopping] Epoch 8: new best val ELBO = -130.420207
Epoch 9/200, Batch 100, Aver_Loss: 129.9855
Epoch 9/200, Batch 200, Aver_Loss: 128.2266
Epoch 9/200, Batch 300, Aver_Loss: 130.5803
Epoch 9/200, Batch 400, Aver_Loss: 125.8994
[early-stopping] Epoch 9: new best val ELBO = -129.940679
Epoch 10/200, Batch 100, Aver_Loss: 132.7125
Epoch 10/200, Batch 200, Aver_Loss: 128.1620
Epoch 10/200, Batch 300, Aver_Loss: 136.5333
Epoch 10/200, Batch 400, Aver_Loss: 132.6349
[early-stopping] Epoch 10: new best val ELBO = -129.296680
Epoch 11/200, Batch 100, Aver_Loss: 127.6169
Epoch 11/200, Batch 200, Aver_Loss: 125.0684
Epoch 11/200, Batch 300, Aver_Loss: 127.7524
Epoch 11/200, Batch 400, Aver_Loss: 129.3295
[early-stopping] Epoch 11: new best val ELBO = -128.759840
Epoch 12/200, Batch 100, Aver_Loss: 130.1549
Epoch 12/200, Batch 200, Aver_Loss: 129.5354
Epoch 12/200, Batch 300, Aver_Loss: 123.2845
Epoch 12/200, Batch 400, Aver_Loss: 127.1277
[early-stopping] Epoch 12: new best val ELBO = -128.042828
Epoch 13/200, Batch 100, Aver_Loss: 133.0700
Epoch 13/200, Batch 200, Aver_Loss: 126.8400
Epoch 13/200, Batch 300, Aver_Loss: 125.9374
Epoch 13/200, Batch 400, Aver_Loss: 129.5610
[early-stopping] Epoch 13: new best val ELBO = -127.462424
Epoch 14/200, Batch 100, Aver_Loss: 127.7201
Epoch 14/200, Batch 200, Aver_Loss: 130.7282
Epoch 14/200, Batch 300, Aver_Loss: 127.1509
Epoch 14/200, Batch 400, Aver_Loss: 127.8261
[early-stopping] Epoch 14: new best val ELBO = -127.422732
Epoch 15/200, Batch 100, Aver_Loss: 124.7134
Epoch 15/200, Batch 200, Aver_Loss: 126.5332
Epoch 15/200, Batch 300, Aver_Loss: 125.2975
Epoch 15/200, Batch 400, Aver_Loss: 126.6216
[early-stopping] Epoch 15: new best val ELBO = -127.264914
Epoch 16/200, Batch 100, Aver_Loss: 125.2286
Epoch 16/200, Batch 200, Aver_Loss: 128.2325
Epoch 16/200, Batch 300, Aver_Loss: 124.7875
Epoch 16/200, Batch 400, Aver_Loss: 127.7179
[early-stopping] Epoch 16: new best val ELBO = -126.955615
Epoch 17/200, Batch 100, Aver_Loss: 123.7217
Epoch 17/200, Batch 200, Aver_Loss: 124.8775
Epoch 17/200, Batch 300, Aver_Loss: 128.6718
Epoch 17/200, Batch 400, Aver_Loss: 128.9166
[early-stopping] Epoch 17: new best val ELBO = -126.596883
Epoch 18/200, Batch 100, Aver_Loss: 128.7701
Epoch 18/200, Batch 200, Aver_Loss: 123.3012
Epoch 18/200, Batch 300, Aver_Loss: 130.1400
Epoch 18/200, Batch 400, Aver_Loss: 127.0857
[early-stopping] Epoch 18: new best val ELBO = -126.529406
Epoch 19/200, Batch 100, Aver_Loss: 130.1228
Epoch 19/200, Batch 200, Aver_Loss: 127.8423
Epoch 19/200, Batch 300, Aver_Loss: 122.8865
Epoch 19/200, Batch 400, Aver_Loss: 126.0396
[early-stopping] Epoch 19: new best val ELBO = -126.519366
Epoch 20/200, Batch 100, Aver_Loss: 125.0326
Epoch 20/200, Batch 200, Aver_Loss: 125.6909
Epoch 20/200, Batch 300, Aver_Loss: 125.4159
Epoch 20/200, Batch 400, Aver_Loss: 124.4453
[early-stopping] Epoch 20: new best val ELBO = -126.036691
Epoch 21/200, Batch 100, Aver_Loss: 127.6446
Epoch 21/200, Batch 200, Aver_Loss: 125.4867
Epoch 21/200, Batch 300, Aver_Loss: 124.9189
Epoch 21/200, Batch 400, Aver_Loss: 124.5205
[early-stopping] Epoch 21: new best val ELBO = -125.900518
Epoch 22/200, Batch 100, Aver_Loss: 123.7836
Epoch 22/200, Batch 200, Aver_Loss: 124.5289
Epoch 22/200, Batch 300, Aver_Loss: 125.5545
Epoch 22/200, Batch 400, Aver_Loss: 121.8469
[early-stopping] Epoch 22: no improvement (1/20)
Epoch 23/200, Batch 100, Aver_Loss: 125.3592
Epoch 23/200, Batch 200, Aver_Loss: 124.6990
Epoch 23/200, Batch 300, Aver_Loss: 131.4396
Epoch 23/200, Batch 400, Aver_Loss: 123.0037
[early-stopping] Epoch 23: no improvement (2/20)
Epoch 24/200, Batch 100, Aver_Loss: 119.2763
Epoch 24/200, Batch 200, Aver_Loss: 118.7016
Epoch 24/200, Batch 300, Aver_Loss: 125.7586
Epoch 24/200, Batch 400, Aver_Loss: 123.0508
[early-stopping] Epoch 24: new best val ELBO = -125.447700
Epoch 25/200, Batch 100, Aver_Loss: 123.3285
Epoch 25/200, Batch 200, Aver_Loss: 127.4559
Epoch 25/200, Batch 300, Aver_Loss: 123.7517
Epoch 25/200, Batch 400, Aver_Loss: 125.5842
[early-stopping] Epoch 25: new best val ELBO = -125.422200
Epoch 26/200, Batch 100, Aver_Loss: 126.1373
Epoch 26/200, Batch 200, Aver_Loss: 127.7172
Epoch 26/200, Batch 300, Aver_Loss: 126.6453
Epoch 26/200, Batch 400, Aver_Loss: 120.9399
[early-stopping] Epoch 26: no improvement (1/20)
Epoch 27/200, Batch 100, Aver_Loss: 126.5037
Epoch 27/200, Batch 200, Aver_Loss: 126.0175
Epoch 27/200, Batch 300, Aver_Loss: 124.6059
Epoch 27/200, Batch 400, Aver_Loss: 125.6826
[early-stopping] Epoch 27: new best val ELBO = -125.346019
Epoch 28/200, Batch 100, Aver_Loss: 124.6418
Epoch 28/200, Batch 200, Aver_Loss: 117.5837
Epoch 28/200, Batch 300, Aver_Loss: 117.1077
Epoch 28/200, Batch 400, Aver_Loss: 125.2093
[early-stopping] Epoch 28: new best val ELBO = -125.312825
Epoch 29/200, Batch 100, Aver_Loss: 127.1711
Epoch 29/200, Batch 200, Aver_Loss: 125.5572
Epoch 29/200, Batch 300, Aver_Loss: 126.8126
Epoch 29/200, Batch 400, Aver_Loss: 125.8815
[early-stopping] Epoch 29: no improvement (1/20)
Epoch 30/200, Batch 100, Aver_Loss: 122.5952
Epoch 30/200, Batch 200, Aver_Loss: 123.1312
Epoch 30/200, Batch 300, Aver_Loss: 123.7728
Epoch 30/200, Batch 400, Aver_Loss: 120.5469
[early-stopping] Epoch 30: no improvement (2/20)
Epoch 31/200, Batch 100, Aver_Loss: 123.2622
Epoch 31/200, Batch 200, Aver_Loss: 128.6478
Epoch 31/200, Batch 300, Aver_Loss: 119.7422
Epoch 31/200, Batch 400, Aver_Loss: 122.7449
[early-stopping] Epoch 31: new best val ELBO = -125.187684
Epoch 32/200, Batch 100, Aver_Loss: 127.6362
Epoch 32/200, Batch 200, Aver_Loss: 124.0887
Epoch 32/200, Batch 300, Aver_Loss: 125.4532
Epoch 32/200, Batch 400, Aver_Loss: 125.8539
[early-stopping] Epoch 32: new best val ELBO = -124.885578
Epoch 33/200, Batch 100, Aver_Loss: 124.8428
Epoch 33/200, Batch 200, Aver_Loss: 127.5180
Epoch 33/200, Batch 300, Aver_Loss: 122.9987
Epoch 33/200, Batch 400, Aver_Loss: 120.4750
[early-stopping] Epoch 33: no improvement (1/20)
Epoch 34/200, Batch 100, Aver_Loss: 124.1575
Epoch 34/200, Batch 200, Aver_Loss: 117.5805
Epoch 34/200, Batch 300, Aver_Loss: 126.1812
Epoch 34/200, Batch 400, Aver_Loss: 120.7578
[early-stopping] Epoch 34: new best val ELBO = -124.844024
Epoch 35/200, Batch 100, Aver_Loss: 123.3143
Epoch 35/200, Batch 200, Aver_Loss: 129.1001
Epoch 35/200, Batch 300, Aver_Loss: 121.3029
Epoch 35/200, Batch 400, Aver_Loss: 125.3555
[early-stopping] Epoch 35: no improvement (1/20)
Epoch 36/200, Batch 100, Aver_Loss: 123.8758
Epoch 36/200, Batch 200, Aver_Loss: 126.8467
Epoch 36/200, Batch 300, Aver_Loss: 123.0498
Epoch 36/200, Batch 400, Aver_Loss: 120.7760
[early-stopping] Epoch 36: new best val ELBO = -124.760151
Epoch 37/200, Batch 100, Aver_Loss: 124.3928
Epoch 37/200, Batch 200, Aver_Loss: 123.6431
Epoch 37/200, Batch 300, Aver_Loss: 126.9232
Epoch 37/200, Batch 400, Aver_Loss: 124.1359
[early-stopping] Epoch 37: new best val ELBO = -124.679840
Epoch 38/200, Batch 100, Aver_Loss: 118.9869
Epoch 38/200, Batch 200, Aver_Loss: 125.2402
Epoch 38/200, Batch 300, Aver_Loss: 121.6368
Epoch 38/200, Batch 400, Aver_Loss: 124.4019
[early-stopping] Epoch 38: no improvement (1/20)
Epoch 39/200, Batch 100, Aver_Loss: 119.7073
Epoch 39/200, Batch 200, Aver_Loss: 117.6719
Epoch 39/200, Batch 300, Aver_Loss: 124.8282
Epoch 39/200, Batch 400, Aver_Loss: 126.4597
[early-stopping] Epoch 39: new best val ELBO = -124.547104
Epoch 40/200, Batch 100, Aver_Loss: 120.4719
Epoch 40/200, Batch 200, Aver_Loss: 120.4548
Epoch 40/200, Batch 300, Aver_Loss: 122.1590
Epoch 40/200, Batch 400, Aver_Loss: 124.4603
[early-stopping] Epoch 40: no improvement (1/20)
Epoch 41/200, Batch 100, Aver_Loss: 123.9528
Epoch 41/200, Batch 200, Aver_Loss: 126.7707
Epoch 41/200, Batch 300, Aver_Loss: 128.2110
Epoch 41/200, Batch 400, Aver_Loss: 122.2554
[early-stopping] Epoch 41: no improvement (2/20)
Epoch 42/200, Batch 100, Aver_Loss: 122.8421
Epoch 42/200, Batch 200, Aver_Loss: 125.6688
Epoch 42/200, Batch 300, Aver_Loss: 124.7557
Epoch 42/200, Batch 400, Aver_Loss: 124.5686
[early-stopping] Epoch 42: new best val ELBO = -124.438272
Epoch 43/200, Batch 100, Aver_Loss: 126.9199
Epoch 43/200, Batch 200, Aver_Loss: 120.5315
Epoch 43/200, Batch 300, Aver_Loss: 120.6704
Epoch 43/200, Batch 400, Aver_Loss: 121.7692
[early-stopping] Epoch 43: no improvement (1/20)
Epoch 44/200, Batch 100, Aver_Loss: 125.2196
Epoch 44/200, Batch 200, Aver_Loss: 123.2964
Epoch 44/200, Batch 300, Aver_Loss: 127.9981
Epoch 44/200, Batch 400, Aver_Loss: 130.1657
[early-stopping] Epoch 44: new best val ELBO = -124.402485
Epoch 45/200, Batch 100, Aver_Loss: 126.8952
Epoch 45/200, Batch 200, Aver_Loss: 125.0984
Epoch 45/200, Batch 300, Aver_Loss: 120.5034
Epoch 45/200, Batch 400, Aver_Loss: 121.5255
[early-stopping] Epoch 45: no improvement (1/20)
Epoch 46/200, Batch 100, Aver_Loss: 121.7640
Epoch 46/200, Batch 200, Aver_Loss: 124.1698
Epoch 46/200, Batch 300, Aver_Loss: 126.4697
Epoch 46/200, Batch 400, Aver_Loss: 122.2618
[early-stopping] Epoch 46: new best val ELBO = -124.377282
Epoch 47/200, Batch 100, Aver_Loss: 122.1964
Epoch 47/200, Batch 200, Aver_Loss: 119.2410
Epoch 47/200, Batch 300, Aver_Loss: 120.3612
Epoch 47/200, Batch 400, Aver_Loss: 130.7580
[early-stopping] Epoch 47: new best val ELBO = -124.228972
Epoch 48/200, Batch 100, Aver_Loss: 125.0713
Epoch 48/200, Batch 200, Aver_Loss: 121.5975
Epoch 48/200, Batch 300, Aver_Loss: 122.2726
Epoch 48/200, Batch 400, Aver_Loss: 121.6494
[early-stopping] Epoch 48: no improvement (1/20)
Epoch 49/200, Batch 100, Aver_Loss: 121.0926
Epoch 49/200, Batch 200, Aver_Loss: 122.2331
Epoch 49/200, Batch 300, Aver_Loss: 124.9205
Epoch 49/200, Batch 400, Aver_Loss: 125.5767
[early-stopping] Epoch 49: no improvement (2/20)
Epoch 50/200, Batch 100, Aver_Loss: 122.3647
Epoch 50/200, Batch 200, Aver_Loss: 118.5748
Epoch 50/200, Batch 300, Aver_Loss: 117.0849
Epoch 50/200, Batch 400, Aver_Loss: 124.6305
[early-stopping] Epoch 50: new best val ELBO = -124.127841
Epoch 51/200, Batch 100, Aver_Loss: 123.8026
Epoch 51/200, Batch 200, Aver_Loss: 122.8343
Epoch 51/200, Batch 300, Aver_Loss: 121.2296
Epoch 51/200, Batch 400, Aver_Loss: 118.3861
[early-stopping] Epoch 51: no improvement (1/20)
Epoch 52/200, Batch 100, Aver_Loss: 123.0194
Epoch 52/200, Batch 200, Aver_Loss: 122.9392
Epoch 52/200, Batch 300, Aver_Loss: 122.7777
Epoch 52/200, Batch 400, Aver_Loss: 121.6367
[early-stopping] Epoch 52: no improvement (2/20)
Epoch 53/200, Batch 100, Aver_Loss: 120.1282
Epoch 53/200, Batch 200, Aver_Loss: 122.4874
Epoch 53/200, Batch 300, Aver_Loss: 126.5686
Epoch 53/200, Batch 400, Aver_Loss: 122.2032
[early-stopping] Epoch 53: no improvement (3/20)
Epoch 54/200, Batch 100, Aver_Loss: 124.9853
Epoch 54/200, Batch 200, Aver_Loss: 119.7060
Epoch 54/200, Batch 300, Aver_Loss: 120.3647
Epoch 54/200, Batch 400, Aver_Loss: 129.5927
[early-stopping] Epoch 54: no improvement (4/20)
Epoch 55/200, Batch 100, Aver_Loss: 121.2349
Epoch 55/200, Batch 200, Aver_Loss: 126.4764
Epoch 55/200, Batch 300, Aver_Loss: 126.4828
Epoch 55/200, Batch 400, Aver_Loss: 121.8147
[early-stopping] Epoch 55: new best val ELBO = -123.955286
Epoch 56/200, Batch 100, Aver_Loss: 122.4087
Epoch 56/200, Batch 200, Aver_Loss: 119.7162
Epoch 56/200, Batch 300, Aver_Loss: 123.7494
Epoch 56/200, Batch 400, Aver_Loss: 124.6391
[early-stopping] Epoch 56: no improvement (1/20)
Epoch 57/200, Batch 100, Aver_Loss: 121.9411
Epoch 57/200, Batch 200, Aver_Loss: 123.9638
Epoch 57/200, Batch 300, Aver_Loss: 118.4798
Epoch 57/200, Batch 400, Aver_Loss: 122.2747
[early-stopping] Epoch 57: no improvement (2/20)
Epoch 58/200, Batch 100, Aver_Loss: 118.5357
Epoch 58/200, Batch 200, Aver_Loss: 120.8635
Epoch 58/200, Batch 300, Aver_Loss: 117.9641
Epoch 58/200, Batch 400, Aver_Loss: 120.3882
[early-stopping] Epoch 58: no improvement (3/20)
Epoch 59/200, Batch 100, Aver_Loss: 131.3804
Epoch 59/200, Batch 200, Aver_Loss: 121.8328
Epoch 59/200, Batch 300, Aver_Loss: 122.7244
Epoch 59/200, Batch 400, Aver_Loss: 127.4835
[early-stopping] Epoch 59: new best val ELBO = -123.835654
Epoch 60/200, Batch 100, Aver_Loss: 124.7524
Epoch 60/200, Batch 200, Aver_Loss: 121.8403
Epoch 60/200, Batch 300, Aver_Loss: 122.5555
Epoch 60/200, Batch 400, Aver_Loss: 119.4227
[early-stopping] Epoch 60: no improvement (1/20)
Epoch 61/200, Batch 100, Aver_Loss: 126.5658
Epoch 61/200, Batch 200, Aver_Loss: 122.6641
Epoch 61/200, Batch 300, Aver_Loss: 127.6396
Epoch 61/200, Batch 400, Aver_Loss: 125.8042
[early-stopping] Epoch 61: no improvement (2/20)
Epoch 62/200, Batch 100, Aver_Loss: 122.1062
Epoch 62/200, Batch 200, Aver_Loss: 123.7812
Epoch 62/200, Batch 300, Aver_Loss: 125.0609
Epoch 62/200, Batch 400, Aver_Loss: 126.7078
[early-stopping] Epoch 62: new best val ELBO = -123.749642
Epoch 63/200, Batch 100, Aver_Loss: 119.5737
Epoch 63/200, Batch 200, Aver_Loss: 119.7028
Epoch 63/200, Batch 300, Aver_Loss: 126.8873
Epoch 63/200, Batch 400, Aver_Loss: 122.4247
[early-stopping] Epoch 63: no improvement (1/20)
Epoch 64/200, Batch 100, Aver_Loss: 126.2805
Epoch 64/200, Batch 200, Aver_Loss: 124.1846
Epoch 64/200, Batch 300, Aver_Loss: 118.3990
Epoch 64/200, Batch 400, Aver_Loss: 125.1046
[early-stopping] Epoch 64: no improvement (2/20)
Epoch 65/200, Batch 100, Aver_Loss: 123.4903
Epoch 65/200, Batch 200, Aver_Loss: 122.3406
Epoch 65/200, Batch 300, Aver_Loss: 125.3571
Epoch 65/200, Batch 400, Aver_Loss: 124.4834
[early-stopping] Epoch 65: no improvement (3/20)
Epoch 66/200, Batch 100, Aver_Loss: 120.1483
Epoch 66/200, Batch 200, Aver_Loss: 120.3244
Epoch 66/200, Batch 300, Aver_Loss: 125.7294
Epoch 66/200, Batch 400, Aver_Loss: 122.3029
[early-stopping] Epoch 66: new best val ELBO = -123.604122
Epoch 67/200, Batch 100, Aver_Loss: 124.2315
Epoch 67/200, Batch 200, Aver_Loss: 121.4667
Epoch 67/200, Batch 300, Aver_Loss: 119.4255
Epoch 67/200, Batch 400, Aver_Loss: 123.9281
[early-stopping] Epoch 67: no improvement (1/20)
Epoch 68/200, Batch 100, Aver_Loss: 120.5531
Epoch 68/200, Batch 200, Aver_Loss: 125.6109
Epoch 68/200, Batch 300, Aver_Loss: 121.4812
Epoch 68/200, Batch 400, Aver_Loss: 120.6054
[early-stopping] Epoch 68: no improvement (2/20)
Epoch 69/200, Batch 100, Aver_Loss: 122.6779
Epoch 69/200, Batch 200, Aver_Loss: 122.1798
Epoch 69/200, Batch 300, Aver_Loss: 127.3633
Epoch 69/200, Batch 400, Aver_Loss: 126.8528
[early-stopping] Epoch 69: no improvement (3/20)
Epoch 70/200, Batch 100, Aver_Loss: 124.4635
Epoch 70/200, Batch 200, Aver_Loss: 117.6603
Epoch 70/200, Batch 300, Aver_Loss: 124.1209
Epoch 70/200, Batch 400, Aver_Loss: 122.8690
[early-stopping] Epoch 70: new best val ELBO = -123.454737
Epoch 71/200, Batch 100, Aver_Loss: 122.9505
Epoch 71/200, Batch 200, Aver_Loss: 123.3535
Epoch 71/200, Batch 300, Aver_Loss: 122.7861
Epoch 71/200, Batch 400, Aver_Loss: 123.8913
[early-stopping] Epoch 71: no improvement (1/20)
Epoch 72/200, Batch 100, Aver_Loss: 124.3176
Epoch 72/200, Batch 200, Aver_Loss: 122.2741
Epoch 72/200, Batch 300, Aver_Loss: 125.1369
Epoch 72/200, Batch 400, Aver_Loss: 124.4910
[early-stopping] Epoch 72: new best val ELBO = -123.406439
Epoch 73/200, Batch 100, Aver_Loss: 120.7784
Epoch 73/200, Batch 200, Aver_Loss: 122.5700
Epoch 73/200, Batch 300, Aver_Loss: 121.6718
Epoch 73/200, Batch 400, Aver_Loss: 123.4112
[early-stopping] Epoch 73: no improvement (1/20)
Epoch 74/200, Batch 100, Aver_Loss: 119.2373
Epoch 74/200, Batch 200, Aver_Loss: 125.3284
Epoch 74/200, Batch 300, Aver_Loss: 123.0704
Epoch 74/200, Batch 400, Aver_Loss: 121.3501
[early-stopping] Epoch 74: no improvement (2/20)
Epoch 75/200, Batch 100, Aver_Loss: 119.0448
Epoch 75/200, Batch 200, Aver_Loss: 125.0029
Epoch 75/200, Batch 300, Aver_Loss: 124.0419
Epoch 75/200, Batch 400, Aver_Loss: 124.5099
[early-stopping] Epoch 75: no improvement (3/20)
Epoch 76/200, Batch 100, Aver_Loss: 122.6624
Epoch 76/200, Batch 200, Aver_Loss: 120.2257
Epoch 76/200, Batch 300, Aver_Loss: 120.0008
Epoch 76/200, Batch 400, Aver_Loss: 125.9313
[early-stopping] Epoch 76: no improvement (4/20)
Epoch 77/200, Batch 100, Aver_Loss: 119.9087
Epoch 77/200, Batch 200, Aver_Loss: 123.7436
Epoch 77/200, Batch 300, Aver_Loss: 124.1133
Epoch 77/200, Batch 400, Aver_Loss: 125.6838
[early-stopping] Epoch 77: no improvement (5/20)
Epoch 78/200, Batch 100, Aver_Loss: 122.7783
Epoch 78/200, Batch 200, Aver_Loss: 122.0467
Epoch 78/200, Batch 300, Aver_Loss: 118.5090
Epoch 78/200, Batch 400, Aver_Loss: 120.7026
[early-stopping] Epoch 78: no improvement (6/20)
Epoch 79/200, Batch 100, Aver_Loss: 126.6582
Epoch 79/200, Batch 200, Aver_Loss: 129.8202
Epoch 79/200, Batch 300, Aver_Loss: 114.7306
Epoch 79/200, Batch 400, Aver_Loss: 120.5664
[early-stopping] Epoch 79: no improvement (7/20)
Epoch 80/200, Batch 100, Aver_Loss: 124.2818
Epoch 80/200, Batch 200, Aver_Loss: 118.5123
Epoch 80/200, Batch 300, Aver_Loss: 116.2486
Epoch 80/200, Batch 400, Aver_Loss: 119.6651
[early-stopping] Epoch 80: new best val ELBO = -123.354200
Epoch 81/200, Batch 100, Aver_Loss: 120.9994
Epoch 81/200, Batch 200, Aver_Loss: 114.8802
Epoch 81/200, Batch 300, Aver_Loss: 127.4651
Epoch 81/200, Batch 400, Aver_Loss: 122.9658
[early-stopping] Epoch 81: no improvement (1/20)
Epoch 82/200, Batch 100, Aver_Loss: 122.1885
Epoch 82/200, Batch 200, Aver_Loss: 120.0559
Epoch 82/200, Batch 300, Aver_Loss: 121.1112
Epoch 82/200, Batch 400, Aver_Loss: 123.7977
[early-stopping] Epoch 82: no improvement (2/20)
Epoch 83/200, Batch 100, Aver_Loss: 118.9439
Epoch 83/200, Batch 200, Aver_Loss: 118.1077
Epoch 83/200, Batch 300, Aver_Loss: 117.3753
Epoch 83/200, Batch 400, Aver_Loss: 123.5006
[early-stopping] Epoch 83: no improvement (3/20)
Epoch 84/200, Batch 100, Aver_Loss: 119.2932
Epoch 84/200, Batch 200, Aver_Loss: 121.2451
Epoch 84/200, Batch 300, Aver_Loss: 120.4413
Epoch 84/200, Batch 400, Aver_Loss: 123.1452
[early-stopping] Epoch 84: no improvement (4/20)
Epoch 85/200, Batch 100, Aver_Loss: 120.5992
Epoch 85/200, Batch 200, Aver_Loss: 119.1469
Epoch 85/200, Batch 300, Aver_Loss: 124.8902
Epoch 85/200, Batch 400, Aver_Loss: 121.6858
[early-stopping] Epoch 85: new best val ELBO = -123.317888
Epoch 86/200, Batch 100, Aver_Loss: 125.0361
Epoch 86/200, Batch 200, Aver_Loss: 124.3440
Epoch 86/200, Batch 300, Aver_Loss: 122.0263
Epoch 86/200, Batch 400, Aver_Loss: 118.2516
[early-stopping] Epoch 86: no improvement (1/20)
Epoch 87/200, Batch 100, Aver_Loss: 122.9526
Epoch 87/200, Batch 200, Aver_Loss: 122.2971
Epoch 87/200, Batch 300, Aver_Loss: 118.3577
Epoch 87/200, Batch 400, Aver_Loss: 122.1895
[early-stopping] Epoch 87: new best val ELBO = -123.301275
Epoch 88/200, Batch 100, Aver_Loss: 123.8588
Epoch 88/200, Batch 200, Aver_Loss: 125.1996
Epoch 88/200, Batch 300, Aver_Loss: 123.5055
Epoch 88/200, Batch 400, Aver_Loss: 123.1453
[early-stopping] Epoch 88: no improvement (1/20)
Epoch 89/200, Batch 100, Aver_Loss: 120.2378
Epoch 89/200, Batch 200, Aver_Loss: 120.8789
Epoch 89/200, Batch 300, Aver_Loss: 120.3197
Epoch 89/200, Batch 400, Aver_Loss: 120.9059
[early-stopping] Epoch 89: no improvement (2/20)
Epoch 90/200, Batch 100, Aver_Loss: 118.8850
Epoch 90/200, Batch 200, Aver_Loss: 123.1313
Epoch 90/200, Batch 300, Aver_Loss: 120.1525
Epoch 90/200, Batch 400, Aver_Loss: 123.6982
[early-stopping] Epoch 90: new best val ELBO = -123.286107
Epoch 91/200, Batch 100, Aver_Loss: 118.3512
Epoch 91/200, Batch 200, Aver_Loss: 119.1337
Epoch 91/200, Batch 300, Aver_Loss: 123.2673
Epoch 91/200, Batch 400, Aver_Loss: 122.7896
[early-stopping] Epoch 91: no improvement (1/20)
Epoch 92/200, Batch 100, Aver_Loss: 122.1757
Epoch 92/200, Batch 200, Aver_Loss: 121.8008
Epoch 92/200, Batch 300, Aver_Loss: 124.3359
Epoch 92/200, Batch 400, Aver_Loss: 118.6908
[early-stopping] Epoch 92: new best val ELBO = -123.252172
Epoch 93/200, Batch 100, Aver_Loss: 123.4851
Epoch 93/200, Batch 200, Aver_Loss: 118.5377
Epoch 93/200, Batch 300, Aver_Loss: 119.4482
Epoch 93/200, Batch 400, Aver_Loss: 119.7749
[early-stopping] Epoch 93: new best val ELBO = -123.250643
Epoch 94/200, Batch 100, Aver_Loss: 119.6511
Epoch 94/200, Batch 200, Aver_Loss: 120.4376
Epoch 94/200, Batch 300, Aver_Loss: 120.7454
Epoch 94/200, Batch 400, Aver_Loss: 125.8413
[early-stopping] Epoch 94: new best val ELBO = -123.158653
Epoch 95/200, Batch 100, Aver_Loss: 121.3585
Epoch 95/200, Batch 200, Aver_Loss: 115.0939
Epoch 95/200, Batch 300, Aver_Loss: 124.7621
Epoch 95/200, Batch 400, Aver_Loss: 124.0302
[early-stopping] Epoch 95: no improvement (1/20)
Epoch 96/200, Batch 100, Aver_Loss: 123.9874
Epoch 96/200, Batch 200, Aver_Loss: 122.2472
Epoch 96/200, Batch 300, Aver_Loss: 123.9306
Epoch 96/200, Batch 400, Aver_Loss: 123.7989
[early-stopping] Epoch 96: new best val ELBO = -123.121508
Epoch 97/200, Batch 100, Aver_Loss: 118.4192
Epoch 97/200, Batch 200, Aver_Loss: 122.8840
Epoch 97/200, Batch 300, Aver_Loss: 122.1988
Epoch 97/200, Batch 400, Aver_Loss: 121.0321
[early-stopping] Epoch 97: no improvement (1/20)
Epoch 98/200, Batch 100, Aver_Loss: 122.0154
Epoch 98/200, Batch 200, Aver_Loss: 121.1001
Epoch 98/200, Batch 300, Aver_Loss: 121.9333
Epoch 98/200, Batch 400, Aver_Loss: 124.4477
[early-stopping] Epoch 98: no improvement (2/20)
Epoch 99/200, Batch 100, Aver_Loss: 120.6453
Epoch 99/200, Batch 200, Aver_Loss: 124.4974
Epoch 99/200, Batch 300, Aver_Loss: 124.4863
Epoch 99/200, Batch 400, Aver_Loss: 123.8818
[early-stopping] Epoch 99: no improvement (3/20)
Epoch 100/200, Batch 100, Aver_Loss: 124.7411
Epoch 100/200, Batch 200, Aver_Loss: 122.7207
Epoch 100/200, Batch 300, Aver_Loss: 124.9427
Epoch 100/200, Batch 400, Aver_Loss: 126.3370
[early-stopping] Epoch 100: no improvement (4/20)
Epoch 101/200, Batch 100, Aver_Loss: 121.5617
Epoch 101/200, Batch 200, Aver_Loss: 123.3466
Epoch 101/200, Batch 300, Aver_Loss: 126.5420
Epoch 101/200, Batch 400, Aver_Loss: 119.6021
[early-stopping] Epoch 101: no improvement (5/20)
Epoch 102/200, Batch 100, Aver_Loss: 122.4545
Epoch 102/200, Batch 200, Aver_Loss: 124.2995
Epoch 102/200, Batch 300, Aver_Loss: 122.9551
Epoch 102/200, Batch 400, Aver_Loss: 121.0210
[early-stopping] Epoch 102: no improvement (6/20)
Epoch 103/200, Batch 100, Aver_Loss: 119.2978
Epoch 103/200, Batch 200, Aver_Loss: 124.2427
Epoch 103/200, Batch 300, Aver_Loss: 123.3328
Epoch 103/200, Batch 400, Aver_Loss: 118.7441
[early-stopping] Epoch 103: no improvement (7/20)
Epoch 104/200, Batch 100, Aver_Loss: 121.1241
Epoch 104/200, Batch 200, Aver_Loss: 121.0179
Epoch 104/200, Batch 300, Aver_Loss: 119.1649
Epoch 104/200, Batch 400, Aver_Loss: 122.2811
[early-stopping] Epoch 104: no improvement (8/20)
Epoch 105/200, Batch 100, Aver_Loss: 121.5447
Epoch 105/200, Batch 200, Aver_Loss: 123.2900
Epoch 105/200, Batch 300, Aver_Loss: 122.1338
Epoch 105/200, Batch 400, Aver_Loss: 121.4619
[early-stopping] Epoch 105: new best val ELBO = -123.121184
Epoch 106/200, Batch 100, Aver_Loss: 124.0779
Epoch 106/200, Batch 200, Aver_Loss: 122.0922
Epoch 106/200, Batch 300, Aver_Loss: 121.8410
Epoch 106/200, Batch 400, Aver_Loss: 118.9043
[early-stopping] Epoch 106: new best val ELBO = -122.995092
Epoch 107/200, Batch 100, Aver_Loss: 118.1937
Epoch 107/200, Batch 200, Aver_Loss: 124.4709
Epoch 107/200, Batch 300, Aver_Loss: 121.2755
Epoch 107/200, Batch 400, Aver_Loss: 124.3177
[early-stopping] Epoch 107: no improvement (1/20)
Epoch 108/200, Batch 100, Aver_Loss: 127.1706
Epoch 108/200, Batch 200, Aver_Loss: 123.3922
Epoch 108/200, Batch 300, Aver_Loss: 116.4989
Epoch 108/200, Batch 400, Aver_Loss: 122.2640
[early-stopping] Epoch 108: no improvement (2/20)
Epoch 109/200, Batch 100, Aver_Loss: 124.8171
Epoch 109/200, Batch 200, Aver_Loss: 124.7624
Epoch 109/200, Batch 300, Aver_Loss: 123.7970
Epoch 109/200, Batch 400, Aver_Loss: 118.9099
[early-stopping] Epoch 109: no improvement (3/20)
Epoch 110/200, Batch 100, Aver_Loss: 120.8342
Epoch 110/200, Batch 200, Aver_Loss: 123.1649
Epoch 110/200, Batch 300, Aver_Loss: 120.2215
Epoch 110/200, Batch 400, Aver_Loss: 122.2150
[early-stopping] Epoch 110: no improvement (4/20)
Epoch 111/200, Batch 100, Aver_Loss: 121.4845
Epoch 111/200, Batch 200, Aver_Loss: 123.4987
Epoch 111/200, Batch 300, Aver_Loss: 122.6496
Epoch 111/200, Batch 400, Aver_Loss: 124.4379
[early-stopping] Epoch 111: no improvement (5/20)
Epoch 112/200, Batch 100, Aver_Loss: 126.4785
Epoch 112/200, Batch 200, Aver_Loss: 120.9581
Epoch 112/200, Batch 300, Aver_Loss: 121.6712
Epoch 112/200, Batch 400, Aver_Loss: 122.3142
[early-stopping] Epoch 112: no improvement (6/20)
Epoch 113/200, Batch 100, Aver_Loss: 118.4799
Epoch 113/200, Batch 200, Aver_Loss: 120.6464
Epoch 113/200, Batch 300, Aver_Loss: 121.7312
Epoch 113/200, Batch 400, Aver_Loss: 122.7506
[early-stopping] Epoch 113: no improvement (7/20)
Epoch 114/200, Batch 100, Aver_Loss: 124.2627
Epoch 114/200, Batch 200, Aver_Loss: 117.4310
Epoch 114/200, Batch 300, Aver_Loss: 124.2146
Epoch 114/200, Batch 400, Aver_Loss: 120.2451
[early-stopping] Epoch 114: new best val ELBO = -122.978039
Epoch 115/200, Batch 100, Aver_Loss: 124.6198
Epoch 115/200, Batch 200, Aver_Loss: 113.6888
Epoch 115/200, Batch 300, Aver_Loss: 119.1561
Epoch 115/200, Batch 400, Aver_Loss: 120.1537
[early-stopping] Epoch 115: no improvement (1/20)
Epoch 116/200, Batch 100, Aver_Loss: 118.7631
Epoch 116/200, Batch 200, Aver_Loss: 117.8213
Epoch 116/200, Batch 300, Aver_Loss: 121.3980
Epoch 116/200, Batch 400, Aver_Loss: 120.3399
[early-stopping] Epoch 116: no improvement (2/20)
Epoch 117/200, Batch 100, Aver_Loss: 120.6249
Epoch 117/200, Batch 200, Aver_Loss: 120.8263
Epoch 117/200, Batch 300, Aver_Loss: 117.7268
Epoch 117/200, Batch 400, Aver_Loss: 122.8661
[early-stopping] Epoch 117: new best val ELBO = -122.964053
Epoch 118/200, Batch 100, Aver_Loss: 125.6637
Epoch 118/200, Batch 200, Aver_Loss: 123.7837
Epoch 118/200, Batch 300, Aver_Loss: 118.8730
Epoch 118/200, Batch 400, Aver_Loss: 120.2918
[early-stopping] Epoch 118: no improvement (1/20)
Epoch 119/200, Batch 100, Aver_Loss: 120.3578
Epoch 119/200, Batch 200, Aver_Loss: 123.2955
Epoch 119/200, Batch 300, Aver_Loss: 123.6391
Epoch 119/200, Batch 400, Aver_Loss: 120.3379
[early-stopping] Epoch 119: no improvement (2/20)
Epoch 120/200, Batch 100, Aver_Loss: 118.8565
Epoch 120/200, Batch 200, Aver_Loss: 120.9327
Epoch 120/200, Batch 300, Aver_Loss: 123.0658
Epoch 120/200, Batch 400, Aver_Loss: 120.1030
[early-stopping] Epoch 120: no improvement (3/20)
Epoch 121/200, Batch 100, Aver_Loss: 123.4723
Epoch 121/200, Batch 200, Aver_Loss: 122.7520
Epoch 121/200, Batch 300, Aver_Loss: 122.9357
Epoch 121/200, Batch 400, Aver_Loss: 123.4774
[early-stopping] Epoch 121: new best val ELBO = -122.938797
Epoch 122/200, Batch 100, Aver_Loss: 124.7797
Epoch 122/200, Batch 200, Aver_Loss: 123.2554
Epoch 122/200, Batch 300, Aver_Loss: 120.6946
Epoch 122/200, Batch 400, Aver_Loss: 115.8177
[early-stopping] Epoch 122: no improvement (1/20)
Epoch 123/200, Batch 100, Aver_Loss: 121.0783
Epoch 123/200, Batch 200, Aver_Loss: 122.3173
Epoch 123/200, Batch 300, Aver_Loss: 117.0804
Epoch 123/200, Batch 400, Aver_Loss: 123.3017
[early-stopping] Epoch 123: new best val ELBO = -122.874537
Epoch 124/200, Batch 100, Aver_Loss: 120.0202
Epoch 124/200, Batch 200, Aver_Loss: 117.9104
Epoch 124/200, Batch 300, Aver_Loss: 122.6409
Epoch 124/200, Batch 400, Aver_Loss: 123.6375
[early-stopping] Epoch 124: no improvement (1/20)
Epoch 125/200, Batch 100, Aver_Loss: 120.8401
Epoch 125/200, Batch 200, Aver_Loss: 123.3072
Epoch 125/200, Batch 300, Aver_Loss: 116.2519
Epoch 125/200, Batch 400, Aver_Loss: 123.0839
[early-stopping] Epoch 125: no improvement (2/20)
Epoch 126/200, Batch 100, Aver_Loss: 119.9613
Epoch 126/200, Batch 200, Aver_Loss: 125.6887
Epoch 126/200, Batch 300, Aver_Loss: 119.9723
Epoch 126/200, Batch 400, Aver_Loss: 121.9853
[early-stopping] Epoch 126: no improvement (3/20)
Epoch 127/200, Batch 100, Aver_Loss: 123.6746
Epoch 127/200, Batch 200, Aver_Loss: 119.6190
Epoch 127/200, Batch 300, Aver_Loss: 124.9220
Epoch 127/200, Batch 400, Aver_Loss: 124.7350
[early-stopping] Epoch 127: no improvement (4/20)
Epoch 128/200, Batch 100, Aver_Loss: 122.5392
Epoch 128/200, Batch 200, Aver_Loss: 120.2561
Epoch 128/200, Batch 300, Aver_Loss: 119.7934
Epoch 128/200, Batch 400, Aver_Loss: 124.2579
[early-stopping] Epoch 128: no improvement (5/20)
Epoch 129/200, Batch 100, Aver_Loss: 119.4752
Epoch 129/200, Batch 200, Aver_Loss: 119.2631
Epoch 129/200, Batch 300, Aver_Loss: 119.7227
Epoch 129/200, Batch 400, Aver_Loss: 125.5684
[early-stopping] Epoch 129: new best val ELBO = -122.701111
Epoch 130/200, Batch 100, Aver_Loss: 116.0922
Epoch 130/200, Batch 200, Aver_Loss: 120.5410
Epoch 130/200, Batch 300, Aver_Loss: 121.2039
Epoch 130/200, Batch 400, Aver_Loss: 123.3269
[early-stopping] Epoch 130: no improvement (1/20)
Epoch 131/200, Batch 100, Aver_Loss: 121.0626
Epoch 131/200, Batch 200, Aver_Loss: 127.5212
Epoch 131/200, Batch 300, Aver_Loss: 117.9267
Epoch 131/200, Batch 400, Aver_Loss: 122.5219
[early-stopping] Epoch 131: no improvement (2/20)
Epoch 132/200, Batch 100, Aver_Loss: 124.3401
Epoch 132/200, Batch 200, Aver_Loss: 122.2060
Epoch 132/200, Batch 300, Aver_Loss: 122.3945
Epoch 132/200, Batch 400, Aver_Loss: 120.6209
[early-stopping] Epoch 132: no improvement (3/20)
Epoch 133/200, Batch 100, Aver_Loss: 121.3852
Epoch 133/200, Batch 200, Aver_Loss: 120.4379
Epoch 133/200, Batch 300, Aver_Loss: 126.6662
Epoch 133/200, Batch 400, Aver_Loss: 123.9108
[early-stopping] Epoch 133: no improvement (4/20)
Epoch 134/200, Batch 100, Aver_Loss: 123.7831
Epoch 134/200, Batch 200, Aver_Loss: 121.0858
Epoch 134/200, Batch 300, Aver_Loss: 120.0923
Epoch 134/200, Batch 400, Aver_Loss: 122.4484
[early-stopping] Epoch 134: no improvement (5/20)
Epoch 135/200, Batch 100, Aver_Loss: 120.5968
Epoch 135/200, Batch 200, Aver_Loss: 124.6733
Epoch 135/200, Batch 300, Aver_Loss: 124.8191
Epoch 135/200, Batch 400, Aver_Loss: 125.1950
[early-stopping] Epoch 135: no improvement (6/20)
Epoch 136/200, Batch 100, Aver_Loss: 121.3016
Epoch 136/200, Batch 200, Aver_Loss: 119.7700
Epoch 136/200, Batch 300, Aver_Loss: 121.7868
Epoch 136/200, Batch 400, Aver_Loss: 124.3625
[early-stopping] Epoch 136: no improvement (7/20)
Epoch 137/200, Batch 100, Aver_Loss: 119.9844
Epoch 137/200, Batch 200, Aver_Loss: 122.3141
Epoch 137/200, Batch 300, Aver_Loss: 119.3173
Epoch 137/200, Batch 400, Aver_Loss: 121.1921
[early-stopping] Epoch 137: no improvement (8/20)
Epoch 138/200, Batch 100, Aver_Loss: 117.8082
Epoch 138/200, Batch 200, Aver_Loss: 121.1890
Epoch 138/200, Batch 300, Aver_Loss: 122.2404
Epoch 138/200, Batch 400, Aver_Loss: 120.8232
[early-stopping] Epoch 138: new best val ELBO = -122.687165
Epoch 139/200, Batch 100, Aver_Loss: 120.6551
Epoch 139/200, Batch 200, Aver_Loss: 123.8408
Epoch 139/200, Batch 300, Aver_Loss: 119.7380
Epoch 139/200, Batch 400, Aver_Loss: 124.2305
[early-stopping] Epoch 139: no improvement (1/20)
Epoch 140/200, Batch 100, Aver_Loss: 121.5141
Epoch 140/200, Batch 200, Aver_Loss: 123.8672
Epoch 140/200, Batch 300, Aver_Loss: 120.9204
Epoch 140/200, Batch 400, Aver_Loss: 121.6221
[early-stopping] Epoch 140: no improvement (2/20)
Epoch 141/200, Batch 100, Aver_Loss: 118.3446
Epoch 141/200, Batch 200, Aver_Loss: 117.1283
Epoch 141/200, Batch 300, Aver_Loss: 125.7541
Epoch 141/200, Batch 400, Aver_Loss: 120.7356
[early-stopping] Epoch 141: no improvement (3/20)
Epoch 142/200, Batch 100, Aver_Loss: 118.2778
Epoch 142/200, Batch 200, Aver_Loss: 125.4431
Epoch 142/200, Batch 300, Aver_Loss: 123.9088
Epoch 142/200, Batch 400, Aver_Loss: 122.4071
[early-stopping] Epoch 142: no improvement (4/20)
Epoch 143/200, Batch 100, Aver_Loss: 122.3051
Epoch 143/200, Batch 200, Aver_Loss: 121.0856
Epoch 143/200, Batch 300, Aver_Loss: 120.2536
Epoch 143/200, Batch 400, Aver_Loss: 121.0176
[early-stopping] Epoch 143: no improvement (5/20)
Epoch 144/200, Batch 100, Aver_Loss: 121.4802
Epoch 144/200, Batch 200, Aver_Loss: 117.7904
Epoch 144/200, Batch 300, Aver_Loss: 124.7769
Epoch 144/200, Batch 400, Aver_Loss: 118.9219
[early-stopping] Epoch 144: no improvement (6/20)
Epoch 145/200, Batch 100, Aver_Loss: 121.5357
Epoch 145/200, Batch 200, Aver_Loss: 118.9029
Epoch 145/200, Batch 300, Aver_Loss: 118.1987
Epoch 145/200, Batch 400, Aver_Loss: 121.0798
[early-stopping] Epoch 145: no improvement (7/20)
Epoch 146/200, Batch 100, Aver_Loss: 119.7491
Epoch 146/200, Batch 200, Aver_Loss: 121.9434
Epoch 146/200, Batch 300, Aver_Loss: 122.1263
Epoch 146/200, Batch 400, Aver_Loss: 121.0034
[early-stopping] Epoch 146: new best val ELBO = -122.645630
Epoch 147/200, Batch 100, Aver_Loss: 127.9156
Epoch 147/200, Batch 200, Aver_Loss: 120.5753
Epoch 147/200, Batch 300, Aver_Loss: 121.8032
Epoch 147/200, Batch 400, Aver_Loss: 124.1883
[early-stopping] Epoch 147: no improvement (1/20)
Epoch 148/200, Batch 100, Aver_Loss: 124.3162
Epoch 148/200, Batch 200, Aver_Loss: 123.4511
Epoch 148/200, Batch 300, Aver_Loss: 120.9674
Epoch 148/200, Batch 400, Aver_Loss: 119.8752
[early-stopping] Epoch 148: no improvement (2/20)
Epoch 149/200, Batch 100, Aver_Loss: 117.3007
Epoch 149/200, Batch 200, Aver_Loss: 121.2574
Epoch 149/200, Batch 300, Aver_Loss: 125.8380
Epoch 149/200, Batch 400, Aver_Loss: 124.7990
[early-stopping] Epoch 149: no improvement (3/20)
Epoch 150/200, Batch 100, Aver_Loss: 126.0148
Epoch 150/200, Batch 200, Aver_Loss: 126.4588
Epoch 150/200, Batch 300, Aver_Loss: 125.0642
Epoch 150/200, Batch 400, Aver_Loss: 123.3238
[early-stopping] Epoch 150: no improvement (4/20)
Epoch 151/200, Batch 100, Aver_Loss: 123.7340
Epoch 151/200, Batch 200, Aver_Loss: 122.3194
Epoch 151/200, Batch 300, Aver_Loss: 118.4966
Epoch 151/200, Batch 400, Aver_Loss: 125.6253
[early-stopping] Epoch 151: no improvement (5/20)
Epoch 152/200, Batch 100, Aver_Loss: 117.6057
Epoch 152/200, Batch 200, Aver_Loss: 127.2528
Epoch 152/200, Batch 300, Aver_Loss: 125.0941
Epoch 152/200, Batch 400, Aver_Loss: 123.0356
[early-stopping] Epoch 152: new best val ELBO = -122.602089
Epoch 153/200, Batch 100, Aver_Loss: 121.1848
Epoch 153/200, Batch 200, Aver_Loss: 120.7680
Epoch 153/200, Batch 300, Aver_Loss: 124.8127
Epoch 153/200, Batch 400, Aver_Loss: 120.4859
[early-stopping] Epoch 153: no improvement (1/20)
Epoch 154/200, Batch 100, Aver_Loss: 124.2293
Epoch 154/200, Batch 200, Aver_Loss: 126.6536
Epoch 154/200, Batch 300, Aver_Loss: 120.1543
Epoch 154/200, Batch 400, Aver_Loss: 122.9591
[early-stopping] Epoch 154: no improvement (2/20)
Epoch 155/200, Batch 100, Aver_Loss: 120.1584
Epoch 155/200, Batch 200, Aver_Loss: 119.7872
Epoch 155/200, Batch 300, Aver_Loss: 122.1201
Epoch 155/200, Batch 400, Aver_Loss: 122.9924
[early-stopping] Epoch 155: no improvement (3/20)
Epoch 156/200, Batch 100, Aver_Loss: 122.2046
Epoch 156/200, Batch 200, Aver_Loss: 122.1801
Epoch 156/200, Batch 300, Aver_Loss: 122.1640
Epoch 156/200, Batch 400, Aver_Loss: 123.2917
[early-stopping] Epoch 156: no improvement (4/20)
Epoch 157/200, Batch 100, Aver_Loss: 116.7244
Epoch 157/200, Batch 200, Aver_Loss: 119.1396
Epoch 157/200, Batch 300, Aver_Loss: 121.1400
Epoch 157/200, Batch 400, Aver_Loss: 122.2116
[early-stopping] Epoch 157: no improvement (5/20)
Epoch 158/200, Batch 100, Aver_Loss: 118.7066
Epoch 158/200, Batch 200, Aver_Loss: 125.8271
Epoch 158/200, Batch 300, Aver_Loss: 118.0346
Epoch 158/200, Batch 400, Aver_Loss: 124.1953
[early-stopping] Epoch 158: no improvement (6/20)
Epoch 159/200, Batch 100, Aver_Loss: 120.8883
Epoch 159/200, Batch 200, Aver_Loss: 117.9862
Epoch 159/200, Batch 300, Aver_Loss: 118.6778
Epoch 159/200, Batch 400, Aver_Loss: 118.2957
[early-stopping] Epoch 159: new best val ELBO = -122.541858
Epoch 160/200, Batch 100, Aver_Loss: 123.2393
Epoch 160/200, Batch 200, Aver_Loss: 123.4490
Epoch 160/200, Batch 300, Aver_Loss: 119.9594
Epoch 160/200, Batch 400, Aver_Loss: 125.9016
[early-stopping] Epoch 160: no improvement (1/20)
Epoch 161/200, Batch 100, Aver_Loss: 120.7620
Epoch 161/200, Batch 200, Aver_Loss: 121.2715
Epoch 161/200, Batch 300, Aver_Loss: 123.1865
Epoch 161/200, Batch 400, Aver_Loss: 124.6266
[early-stopping] Epoch 161: no improvement (2/20)
Epoch 162/200, Batch 100, Aver_Loss: 121.1961
Epoch 162/200, Batch 200, Aver_Loss: 127.9396
Epoch 162/200, Batch 300, Aver_Loss: 122.1917
Epoch 162/200, Batch 400, Aver_Loss: 123.1456
[early-stopping] Epoch 162: no improvement (3/20)
Epoch 163/200, Batch 100, Aver_Loss: 121.7367
Epoch 163/200, Batch 200, Aver_Loss: 123.0643
Epoch 163/200, Batch 300, Aver_Loss: 119.5644
Epoch 163/200, Batch 400, Aver_Loss: 120.7848
[early-stopping] Epoch 163: no improvement (4/20)
Epoch 164/200, Batch 100, Aver_Loss: 123.4013
Epoch 164/200, Batch 200, Aver_Loss: 123.6720
Epoch 164/200, Batch 300, Aver_Loss: 122.8074
Epoch 164/200, Batch 400, Aver_Loss: 122.9597
[early-stopping] Epoch 164: new best val ELBO = -122.482942
Epoch 165/200, Batch 100, Aver_Loss: 124.0236
Epoch 165/200, Batch 200, Aver_Loss: 122.1754
Epoch 165/200, Batch 300, Aver_Loss: 121.7425
Epoch 165/200, Batch 400, Aver_Loss: 121.9496
[early-stopping] Epoch 165: no improvement (1/20)
Epoch 166/200, Batch 100, Aver_Loss: 122.1388
Epoch 166/200, Batch 200, Aver_Loss: 121.7282
Epoch 166/200, Batch 300, Aver_Loss: 121.9395
Epoch 166/200, Batch 400, Aver_Loss: 119.2519
[early-stopping] Epoch 166: no improvement (2/20)
Epoch 167/200, Batch 100, Aver_Loss: 118.0284
Epoch 167/200, Batch 200, Aver_Loss: 121.1095
Epoch 167/200, Batch 300, Aver_Loss: 117.6634
Epoch 167/200, Batch 400, Aver_Loss: 122.9221
[early-stopping] Epoch 167: no improvement (3/20)
Epoch 168/200, Batch 100, Aver_Loss: 120.3479
Epoch 168/200, Batch 200, Aver_Loss: 122.2803
Epoch 168/200, Batch 300, Aver_Loss: 124.0879
Epoch 168/200, Batch 400, Aver_Loss: 121.3753
[early-stopping] Epoch 168: no improvement (4/20)
Epoch 169/200, Batch 100, Aver_Loss: 119.0388
Epoch 169/200, Batch 200, Aver_Loss: 124.6441
Epoch 169/200, Batch 300, Aver_Loss: 121.7021
Epoch 169/200, Batch 400, Aver_Loss: 119.2404
[early-stopping] Epoch 169: no improvement (5/20)
Epoch 170/200, Batch 100, Aver_Loss: 119.6807
Epoch 170/200, Batch 200, Aver_Loss: 118.5451
Epoch 170/200, Batch 300, Aver_Loss: 124.5415
Epoch 170/200, Batch 400, Aver_Loss: 122.7699
[early-stopping] Epoch 170: no improvement (6/20)
Epoch 171/200, Batch 100, Aver_Loss: 121.8121
Epoch 171/200, Batch 200, Aver_Loss: 119.7173
Epoch 171/200, Batch 300, Aver_Loss: 120.1071
Epoch 171/200, Batch 400, Aver_Loss: 123.8529
[early-stopping] Epoch 171: new best val ELBO = -122.424192
Epoch 172/200, Batch 100, Aver_Loss: 122.4118
Epoch 172/200, Batch 200, Aver_Loss: 117.8660
Epoch 172/200, Batch 300, Aver_Loss: 120.0978
Epoch 172/200, Batch 400, Aver_Loss: 122.4270
[early-stopping] Epoch 172: no improvement (1/20)
Epoch 173/200, Batch 100, Aver_Loss: 124.8308
Epoch 173/200, Batch 200, Aver_Loss: 115.5835
Epoch 173/200, Batch 300, Aver_Loss: 119.1119
Epoch 173/200, Batch 400, Aver_Loss: 119.3225
[early-stopping] Epoch 173: no improvement (2/20)
Epoch 174/200, Batch 100, Aver_Loss: 118.7760
Epoch 174/200, Batch 200, Aver_Loss: 117.6122
Epoch 174/200, Batch 300, Aver_Loss: 118.8369
Epoch 174/200, Batch 400, Aver_Loss: 118.8583
[early-stopping] Epoch 174: no improvement (3/20)
Epoch 175/200, Batch 100, Aver_Loss: 121.8955
Epoch 175/200, Batch 200, Aver_Loss: 117.3257
Epoch 175/200, Batch 300, Aver_Loss: 124.5035
Epoch 175/200, Batch 400, Aver_Loss: 116.9846
[early-stopping] Epoch 175: no improvement (4/20)
Epoch 176/200, Batch 100, Aver_Loss: 119.9329
Epoch 176/200, Batch 200, Aver_Loss: 120.7191
Epoch 176/200, Batch 300, Aver_Loss: 120.9818
Epoch 176/200, Batch 400, Aver_Loss: 116.3622
[early-stopping] Epoch 176: no improvement (5/20)
Epoch 177/200, Batch 100, Aver_Loss: 123.4859
Epoch 177/200, Batch 200, Aver_Loss: 119.2406
Epoch 177/200, Batch 300, Aver_Loss: 123.2152
Epoch 177/200, Batch 400, Aver_Loss: 121.0601
[early-stopping] Epoch 177: no improvement (6/20)
Epoch 178/200, Batch 100, Aver_Loss: 120.4380
Epoch 178/200, Batch 200, Aver_Loss: 116.6899
Epoch 178/200, Batch 300, Aver_Loss: 118.6479
Epoch 178/200, Batch 400, Aver_Loss: 118.5406
[early-stopping] Epoch 178: no improvement (7/20)
Epoch 179/200, Batch 100, Aver_Loss: 120.9718
Epoch 179/200, Batch 200, Aver_Loss: 120.4066
Epoch 179/200, Batch 300, Aver_Loss: 117.5683
Epoch 179/200, Batch 400, Aver_Loss: 125.1016
[early-stopping] Epoch 179: no improvement (8/20)
Epoch 180/200, Batch 100, Aver_Loss: 126.8082
Epoch 180/200, Batch 200, Aver_Loss: 121.2505
Epoch 180/200, Batch 300, Aver_Loss: 123.2621
Epoch 180/200, Batch 400, Aver_Loss: 128.9158
[early-stopping] Epoch 180: no improvement (9/20)
Epoch 181/200, Batch 100, Aver_Loss: 117.4456
Epoch 181/200, Batch 200, Aver_Loss: 116.6728
Epoch 181/200, Batch 300, Aver_Loss: 124.5572
Epoch 181/200, Batch 400, Aver_Loss: 125.3730
[early-stopping] Epoch 181: no improvement (10/20)
Epoch 182/200, Batch 100, Aver_Loss: 120.0782
Epoch 182/200, Batch 200, Aver_Loss: 116.3622
Epoch 182/200, Batch 300, Aver_Loss: 122.9807
Epoch 182/200, Batch 400, Aver_Loss: 119.2272
[early-stopping] Epoch 182: new best val ELBO = -122.414599
Epoch 183/200, Batch 100, Aver_Loss: 124.1589
Epoch 183/200, Batch 200, Aver_Loss: 116.1809
Epoch 183/200, Batch 300, Aver_Loss: 121.8363
Epoch 183/200, Batch 400, Aver_Loss: 119.0426
[early-stopping] Epoch 183: new best val ELBO = -122.411898
Epoch 184/200, Batch 100, Aver_Loss: 118.9054
Epoch 184/200, Batch 200, Aver_Loss: 122.4491
Epoch 184/200, Batch 300, Aver_Loss: 119.6048
Epoch 184/200, Batch 400, Aver_Loss: 123.6292
[early-stopping] Epoch 184: no improvement (1/20)
Epoch 185/200, Batch 100, Aver_Loss: 124.1005
Epoch 185/200, Batch 200, Aver_Loss: 116.2404
Epoch 185/200, Batch 300, Aver_Loss: 122.0407
Epoch 185/200, Batch 400, Aver_Loss: 121.2483
[early-stopping] Epoch 185: no improvement (2/20)
Epoch 186/200, Batch 100, Aver_Loss: 119.1881
Epoch 186/200, Batch 200, Aver_Loss: 121.0848
Epoch 186/200, Batch 300, Aver_Loss: 118.4175
Epoch 186/200, Batch 400, Aver_Loss: 115.1612
[early-stopping] Epoch 186: no improvement (3/20)
Epoch 187/200, Batch 100, Aver_Loss: 115.2968
Epoch 187/200, Batch 200, Aver_Loss: 125.2046
Epoch 187/200, Batch 300, Aver_Loss: 120.9709
Epoch 187/200, Batch 400, Aver_Loss: 116.9035
[early-stopping] Epoch 187: no improvement (4/20)
Epoch 188/200, Batch 100, Aver_Loss: 122.2298
Epoch 188/200, Batch 200, Aver_Loss: 122.5864
Epoch 188/200, Batch 300, Aver_Loss: 119.3360
Epoch 188/200, Batch 400, Aver_Loss: 122.2790
[early-stopping] Epoch 188: no improvement (5/20)
Epoch 189/200, Batch 100, Aver_Loss: 120.0968
Epoch 189/200, Batch 200, Aver_Loss: 126.9988
Epoch 189/200, Batch 300, Aver_Loss: 121.0301
Epoch 189/200, Batch 400, Aver_Loss: 122.9520
[early-stopping] Epoch 189: new best val ELBO = -122.398886
Epoch 190/200, Batch 100, Aver_Loss: 119.8228
Epoch 190/200, Batch 200, Aver_Loss: 119.1129
Epoch 190/200, Batch 300, Aver_Loss: 126.0188
Epoch 190/200, Batch 400, Aver_Loss: 117.8474
[early-stopping] Epoch 190: no improvement (1/20)
Epoch 191/200, Batch 100, Aver_Loss: 122.0845
Epoch 191/200, Batch 200, Aver_Loss: 117.6191
Epoch 191/200, Batch 300, Aver_Loss: 121.7107
Epoch 191/200, Batch 400, Aver_Loss: 117.1611
[early-stopping] Epoch 191: no improvement (2/20)
Epoch 192/200, Batch 100, Aver_Loss: 121.1114
Epoch 192/200, Batch 200, Aver_Loss: 117.3715
Epoch 192/200, Batch 300, Aver_Loss: 120.8360
Epoch 192/200, Batch 400, Aver_Loss: 119.0824
[early-stopping] Epoch 192: no improvement (3/20)
Epoch 193/200, Batch 100, Aver_Loss: 119.0359
Epoch 193/200, Batch 200, Aver_Loss: 122.6503
Epoch 193/200, Batch 300, Aver_Loss: 118.2378
Epoch 193/200, Batch 400, Aver_Loss: 119.9169
[early-stopping] Epoch 193: new best val ELBO = -122.367806
Epoch 194/200, Batch 100, Aver_Loss: 119.7491
Epoch 194/200, Batch 200, Aver_Loss: 119.8712
Epoch 194/200, Batch 300, Aver_Loss: 119.9947
Epoch 194/200, Batch 400, Aver_Loss: 121.9401
[early-stopping] Epoch 194: no improvement (1/20)
Epoch 195/200, Batch 100, Aver_Loss: 118.6128
Epoch 195/200, Batch 200, Aver_Loss: 120.9777
Epoch 195/200, Batch 300, Aver_Loss: 118.1402
Epoch 195/200, Batch 400, Aver_Loss: 121.5276
[early-stopping] Epoch 195: no improvement (2/20)
Epoch 196/200, Batch 100, Aver_Loss: 121.8012
Epoch 196/200, Batch 200, Aver_Loss: 123.7244
Epoch 196/200, Batch 300, Aver_Loss: 117.4891
Epoch 196/200, Batch 400, Aver_Loss: 119.4826
[early-stopping] Epoch 196: no improvement (3/20)
Epoch 197/200, Batch 100, Aver_Loss: 116.7892
Epoch 197/200, Batch 200, Aver_Loss: 122.2807
Epoch 197/200, Batch 300, Aver_Loss: 121.5306
Epoch 197/200, Batch 400, Aver_Loss: 123.3455
[early-stopping] Epoch 197: no improvement (4/20)
Epoch 198/200, Batch 100, Aver_Loss: 118.0764
Epoch 198/200, Batch 200, Aver_Loss: 125.7049
Epoch 198/200, Batch 300, Aver_Loss: 116.8084
Epoch 198/200, Batch 400, Aver_Loss: 117.9313
[early-stopping] Epoch 198: no improvement (5/20)
Epoch 199/200, Batch 100, Aver_Loss: 124.8460
Epoch 199/200, Batch 200, Aver_Loss: 119.0295
Epoch 199/200, Batch 300, Aver_Loss: 122.4200
Epoch 199/200, Batch 400, Aver_Loss: 121.4500
[early-stopping] Epoch 199: no improvement (6/20)
Epoch 200/200, Batch 100, Aver_Loss: 125.0321
Epoch 200/200, Batch 200, Aver_Loss: 127.7923
Epoch 200/200, Batch 300, Aver_Loss: 121.9018
Epoch 200/200, Batch 400, Aver_Loss: 120.5938
[early-stopping] Epoch 200: new best val ELBO = -122.249823
[early-stopping] Loaded best model from epoch 200 (val ELBO = -122.249823)
[checkpoint] Saved best model to: trained_parameters/mnist_rotated_zdim32_MVAE.pkl
[saved curves] ./results/MNIST_ROTATED/curves/mnist_rotated_mvae_d32_s777.json

==== Evaluation Summary ====
                 model: mvae
   recon/mse_per_pixel: 0.012777
            elbo/train: -120.648652
             elbo/test: -122.356973
             mse/train: 0.012114
              mse/test: 0.012777
             probe/acc: 0.531935
             probe/nll: 1.310012
           probe/brier: 0.591823
             probe/ece: 0.023050
           cluster/nmi: 0.104028
           cluster/ari: 0.052568
============================

