/usr/bin/which: no fi_info in (/arf/home/meyavuz/.local/bin:/arf/sw/comp/python/intelpython3/condabin:/arf/sw/comp/python/intelpython3/bin:/usr/share/Modules/bin:/usr/local/bin:/usr/bin:/usr/local/sbin:/usr/sbin)
Extension for Scikit-learn* enabled (https://github.com/uxlfoundation/scikit-learn-intelex)
/arf/home/meyavuz/.conda/envs/sbn/lib/python3.9/site-packages/sklearn/linear_model/_logistic.py:1247: FutureWarning: 'multi_class' was deprecated in version 1.5 and will be removed in 1.7. From then on, it will always use 'multinomial'. Leave it to its default value to avoid this warning.
  warnings.warn(
Epoch 1/200, Batch 100, Aver_Loss: 528.7048
Epoch 1/200, Batch 200, Aver_Loss: 527.2325
Epoch 1/200, Batch 300, Aver_Loss: 526.9286
Epoch 1/200, Batch 400, Aver_Loss: 529.3199
[early-stopping] Epoch 1: new best val ELBO = -527.934396
Epoch 2/200, Batch 100, Aver_Loss: 529.4540
Epoch 2/200, Batch 200, Aver_Loss: 526.0239
Epoch 2/200, Batch 300, Aver_Loss: 527.2761
Epoch 2/200, Batch 400, Aver_Loss: 526.1523
[early-stopping] Epoch 2: new best val ELBO = -527.074545
Epoch 3/200, Batch 100, Aver_Loss: 528.0936
Epoch 3/200, Batch 200, Aver_Loss: 528.1171
Epoch 3/200, Batch 300, Aver_Loss: 525.5097
Epoch 3/200, Batch 400, Aver_Loss: 525.0765
[early-stopping] Epoch 3: new best val ELBO = -526.962201
Epoch 4/200, Batch 100, Aver_Loss: 525.0024
Epoch 4/200, Batch 200, Aver_Loss: 523.4324
Epoch 4/200, Batch 300, Aver_Loss: 525.2238
Epoch 4/200, Batch 400, Aver_Loss: 528.0797
[early-stopping] Epoch 4: new best val ELBO = -526.711206
Epoch 5/200, Batch 100, Aver_Loss: 526.2782
Epoch 5/200, Batch 200, Aver_Loss: 525.0510
Epoch 5/200, Batch 300, Aver_Loss: 527.5113
Epoch 5/200, Batch 400, Aver_Loss: 528.0977
[early-stopping] Epoch 5: new best val ELBO = -526.564204
Epoch 6/200, Batch 100, Aver_Loss: 527.4244
Epoch 6/200, Batch 200, Aver_Loss: 526.6294
Epoch 6/200, Batch 300, Aver_Loss: 527.5555
Epoch 6/200, Batch 400, Aver_Loss: 525.8309
[early-stopping] Epoch 6: new best val ELBO = -526.437680
Epoch 7/200, Batch 100, Aver_Loss: 524.8373
Epoch 7/200, Batch 200, Aver_Loss: 528.2877
Epoch 7/200, Batch 300, Aver_Loss: 524.9598
Epoch 7/200, Batch 400, Aver_Loss: 526.1635
[early-stopping] Epoch 7: new best val ELBO = -526.327853
Epoch 8/200, Batch 100, Aver_Loss: 525.7856
Epoch 8/200, Batch 200, Aver_Loss: 524.8784
Epoch 8/200, Batch 300, Aver_Loss: 524.8843
Epoch 8/200, Batch 400, Aver_Loss: 530.1240
[early-stopping] Epoch 8: no improvement (1/20)
Epoch 9/200, Batch 100, Aver_Loss: 527.5644
Epoch 9/200, Batch 200, Aver_Loss: 526.6572
Epoch 9/200, Batch 300, Aver_Loss: 525.5348
Epoch 9/200, Batch 400, Aver_Loss: 526.1407
[early-stopping] Epoch 9: new best val ELBO = -526.303732
Epoch 10/200, Batch 100, Aver_Loss: 524.1954
Epoch 10/200, Batch 200, Aver_Loss: 525.4615
Epoch 10/200, Batch 300, Aver_Loss: 524.3679
Epoch 10/200, Batch 400, Aver_Loss: 524.7186
[early-stopping] Epoch 10: new best val ELBO = -526.138680
Epoch 11/200, Batch 100, Aver_Loss: 529.0129
Epoch 11/200, Batch 200, Aver_Loss: 526.7860
Epoch 11/200, Batch 300, Aver_Loss: 527.8031
Epoch 11/200, Batch 400, Aver_Loss: 526.1696
[early-stopping] Epoch 11: new best val ELBO = -526.021149
Epoch 12/200, Batch 100, Aver_Loss: 525.8333
Epoch 12/200, Batch 200, Aver_Loss: 524.9449
Epoch 12/200, Batch 300, Aver_Loss: 523.7339
Epoch 12/200, Batch 400, Aver_Loss: 526.7534
[early-stopping] Epoch 12: new best val ELBO = -525.864844
Epoch 13/200, Batch 100, Aver_Loss: 525.8493
Epoch 13/200, Batch 200, Aver_Loss: 524.4020
Epoch 13/200, Batch 300, Aver_Loss: 525.0558
Epoch 13/200, Batch 400, Aver_Loss: 524.3105
[early-stopping] Epoch 13: new best val ELBO = -525.775355
Epoch 14/200, Batch 100, Aver_Loss: 525.1750
Epoch 14/200, Batch 200, Aver_Loss: 525.6042
Epoch 14/200, Batch 300, Aver_Loss: 525.5854
Epoch 14/200, Batch 400, Aver_Loss: 527.7211
[early-stopping] Epoch 14: new best val ELBO = -525.701893
Epoch 15/200, Batch 100, Aver_Loss: 525.1855
Epoch 15/200, Batch 200, Aver_Loss: 526.6524
Epoch 15/200, Batch 300, Aver_Loss: 524.5134
Epoch 15/200, Batch 400, Aver_Loss: 524.5264
[early-stopping] Epoch 15: new best val ELBO = -525.645952
Epoch 16/200, Batch 100, Aver_Loss: 526.2723
Epoch 16/200, Batch 200, Aver_Loss: 526.1171
Epoch 16/200, Batch 300, Aver_Loss: 527.3264
Epoch 16/200, Batch 400, Aver_Loss: 525.0941
[early-stopping] Epoch 16: new best val ELBO = -525.550719
Epoch 17/200, Batch 100, Aver_Loss: 524.6787
Epoch 17/200, Batch 200, Aver_Loss: 525.6406
Epoch 17/200, Batch 300, Aver_Loss: 525.6423
Epoch 17/200, Batch 400, Aver_Loss: 526.1761
[early-stopping] Epoch 17: new best val ELBO = -525.432132
Epoch 18/200, Batch 100, Aver_Loss: 524.6465
Epoch 18/200, Batch 200, Aver_Loss: 525.3100
Epoch 18/200, Batch 300, Aver_Loss: 524.9672
Epoch 18/200, Batch 400, Aver_Loss: 524.9549
[early-stopping] Epoch 18: new best val ELBO = -525.374149
Epoch 19/200, Batch 100, Aver_Loss: 526.9427
Epoch 19/200, Batch 200, Aver_Loss: 525.6484
Epoch 19/200, Batch 300, Aver_Loss: 524.1952
Epoch 19/200, Batch 400, Aver_Loss: 525.0000
[early-stopping] Epoch 19: new best val ELBO = -525.305724
Epoch 20/200, Batch 100, Aver_Loss: 522.6041
Epoch 20/200, Batch 200, Aver_Loss: 524.0163
Epoch 20/200, Batch 300, Aver_Loss: 526.2861
Epoch 20/200, Batch 400, Aver_Loss: 523.8956
[early-stopping] Epoch 20: new best val ELBO = -525.232616
Epoch 21/200, Batch 100, Aver_Loss: 526.8974
Epoch 21/200, Batch 200, Aver_Loss: 522.3125
Epoch 21/200, Batch 300, Aver_Loss: 525.3481
Epoch 21/200, Batch 400, Aver_Loss: 525.8354
[early-stopping] Epoch 21: new best val ELBO = -525.205327
Epoch 22/200, Batch 100, Aver_Loss: 526.3109
Epoch 22/200, Batch 200, Aver_Loss: 525.1219
Epoch 22/200, Batch 300, Aver_Loss: 525.1558
Epoch 22/200, Batch 400, Aver_Loss: 526.6459
[early-stopping] Epoch 22: new best val ELBO = -525.113571
Epoch 23/200, Batch 100, Aver_Loss: 526.0203
Epoch 23/200, Batch 200, Aver_Loss: 526.1779
Epoch 23/200, Batch 300, Aver_Loss: 523.2800
Epoch 23/200, Batch 400, Aver_Loss: 527.6205
[early-stopping] Epoch 23: no improvement (1/20)
Epoch 24/200, Batch 100, Aver_Loss: 526.3988
Epoch 24/200, Batch 200, Aver_Loss: 527.1253
Epoch 24/200, Batch 300, Aver_Loss: 525.9329
Epoch 24/200, Batch 400, Aver_Loss: 522.5558
[early-stopping] Epoch 24: new best val ELBO = -525.094040
Epoch 25/200, Batch 100, Aver_Loss: 525.9281
Epoch 25/200, Batch 200, Aver_Loss: 525.7421
Epoch 25/200, Batch 300, Aver_Loss: 524.9565
Epoch 25/200, Batch 400, Aver_Loss: 523.4486
[early-stopping] Epoch 25: new best val ELBO = -525.048053
Epoch 26/200, Batch 100, Aver_Loss: 522.7027
Epoch 26/200, Batch 200, Aver_Loss: 525.4704
Epoch 26/200, Batch 300, Aver_Loss: 525.5591
Epoch 26/200, Batch 400, Aver_Loss: 524.3178
[early-stopping] Epoch 26: new best val ELBO = -524.939076
Epoch 27/200, Batch 100, Aver_Loss: 524.5413
Epoch 27/200, Batch 200, Aver_Loss: 526.2103
Epoch 27/200, Batch 300, Aver_Loss: 524.0672
Epoch 27/200, Batch 400, Aver_Loss: 523.9714
[early-stopping] Epoch 27: new best val ELBO = -524.910469
Epoch 28/200, Batch 100, Aver_Loss: 523.1799
Epoch 28/200, Batch 200, Aver_Loss: 524.7476
Epoch 28/200, Batch 300, Aver_Loss: 524.4349
Epoch 28/200, Batch 400, Aver_Loss: 524.0451
[early-stopping] Epoch 28: no improvement (1/20)
Epoch 29/200, Batch 100, Aver_Loss: 524.3134
Epoch 29/200, Batch 200, Aver_Loss: 522.8696
Epoch 29/200, Batch 300, Aver_Loss: 522.3115
Epoch 29/200, Batch 400, Aver_Loss: 524.5195
[early-stopping] Epoch 29: new best val ELBO = -524.884018
Epoch 30/200, Batch 100, Aver_Loss: 525.2849
Epoch 30/200, Batch 200, Aver_Loss: 524.2050
Epoch 30/200, Batch 300, Aver_Loss: 525.8251
Epoch 30/200, Batch 400, Aver_Loss: 525.6018
[early-stopping] Epoch 30: no improvement (1/20)
Epoch 31/200, Batch 100, Aver_Loss: 523.4794
Epoch 31/200, Batch 200, Aver_Loss: 525.0180
Epoch 31/200, Batch 300, Aver_Loss: 523.8332
Epoch 31/200, Batch 400, Aver_Loss: 524.7043
[early-stopping] Epoch 31: new best val ELBO = -524.873579
Epoch 32/200, Batch 100, Aver_Loss: 525.3183
Epoch 32/200, Batch 200, Aver_Loss: 523.6258
Epoch 32/200, Batch 300, Aver_Loss: 523.4768
Epoch 32/200, Batch 400, Aver_Loss: 522.6115
[early-stopping] Epoch 32: new best val ELBO = -524.852182
Epoch 33/200, Batch 100, Aver_Loss: 525.5344
Epoch 33/200, Batch 200, Aver_Loss: 524.2166
Epoch 33/200, Batch 300, Aver_Loss: 520.9470
Epoch 33/200, Batch 400, Aver_Loss: 526.1089
[early-stopping] Epoch 33: no improvement (1/20)
Epoch 34/200, Batch 100, Aver_Loss: 526.9647
Epoch 34/200, Batch 200, Aver_Loss: 525.2578
Epoch 34/200, Batch 300, Aver_Loss: 524.6149
Epoch 34/200, Batch 400, Aver_Loss: 525.1374
[early-stopping] Epoch 34: new best val ELBO = -524.746222
Epoch 35/200, Batch 100, Aver_Loss: 524.9115
Epoch 35/200, Batch 200, Aver_Loss: 523.6613
Epoch 35/200, Batch 300, Aver_Loss: 526.8305
Epoch 35/200, Batch 400, Aver_Loss: 525.3503
[early-stopping] Epoch 35: new best val ELBO = -524.729690
Epoch 36/200, Batch 100, Aver_Loss: 524.4144
Epoch 36/200, Batch 200, Aver_Loss: 522.9221
Epoch 36/200, Batch 300, Aver_Loss: 524.6198
Epoch 36/200, Batch 400, Aver_Loss: 521.2806
[early-stopping] Epoch 36: no improvement (1/20)
Epoch 37/200, Batch 100, Aver_Loss: 524.0953
Epoch 37/200, Batch 200, Aver_Loss: 523.5454
Epoch 37/200, Batch 300, Aver_Loss: 525.5121
Epoch 37/200, Batch 400, Aver_Loss: 523.0965
[early-stopping] Epoch 37: new best val ELBO = -524.721937
Epoch 38/200, Batch 100, Aver_Loss: 525.4821
Epoch 38/200, Batch 200, Aver_Loss: 525.4563
Epoch 38/200, Batch 300, Aver_Loss: 528.1013
Epoch 38/200, Batch 400, Aver_Loss: 523.9834
[early-stopping] Epoch 38: new best val ELBO = -524.634939
Epoch 39/200, Batch 100, Aver_Loss: 521.2306
Epoch 39/200, Batch 200, Aver_Loss: 525.2267
Epoch 39/200, Batch 300, Aver_Loss: 526.3920
Epoch 39/200, Batch 400, Aver_Loss: 524.7941
[early-stopping] Epoch 39: no improvement (1/20)
Epoch 40/200, Batch 100, Aver_Loss: 526.1817
Epoch 40/200, Batch 200, Aver_Loss: 524.8617
Epoch 40/200, Batch 300, Aver_Loss: 525.1722
Epoch 40/200, Batch 400, Aver_Loss: 525.5403
[early-stopping] Epoch 40: no improvement (2/20)
Epoch 41/200, Batch 100, Aver_Loss: 524.9547
Epoch 41/200, Batch 200, Aver_Loss: 526.1731
Epoch 41/200, Batch 300, Aver_Loss: 522.9529
Epoch 41/200, Batch 400, Aver_Loss: 526.1428
[early-stopping] Epoch 41: no improvement (3/20)
Epoch 42/200, Batch 100, Aver_Loss: 525.5579
Epoch 42/200, Batch 200, Aver_Loss: 524.2576
Epoch 42/200, Batch 300, Aver_Loss: 522.9448
Epoch 42/200, Batch 400, Aver_Loss: 522.4842
[early-stopping] Epoch 42: no improvement (4/20)
Epoch 43/200, Batch 100, Aver_Loss: 525.3927
Epoch 43/200, Batch 200, Aver_Loss: 523.8206
Epoch 43/200, Batch 300, Aver_Loss: 526.1843
Epoch 43/200, Batch 400, Aver_Loss: 523.2992
[early-stopping] Epoch 43: new best val ELBO = -524.579805
Epoch 44/200, Batch 100, Aver_Loss: 522.6478
Epoch 44/200, Batch 200, Aver_Loss: 526.9911
Epoch 44/200, Batch 300, Aver_Loss: 524.2837
Epoch 44/200, Batch 400, Aver_Loss: 524.9662
[early-stopping] Epoch 44: no improvement (1/20)
Epoch 45/200, Batch 100, Aver_Loss: 523.3759
Epoch 45/200, Batch 200, Aver_Loss: 525.5857
Epoch 45/200, Batch 300, Aver_Loss: 524.5270
Epoch 45/200, Batch 400, Aver_Loss: 522.9605
[early-stopping] Epoch 45: new best val ELBO = -524.526750
Epoch 46/200, Batch 100, Aver_Loss: 525.5900
Epoch 46/200, Batch 200, Aver_Loss: 523.5433
Epoch 46/200, Batch 300, Aver_Loss: 526.1848
Epoch 46/200, Batch 400, Aver_Loss: 524.6699
[early-stopping] Epoch 46: no improvement (1/20)
Epoch 47/200, Batch 100, Aver_Loss: 523.5230
Epoch 47/200, Batch 200, Aver_Loss: 523.0945
Epoch 47/200, Batch 300, Aver_Loss: 523.7558
Epoch 47/200, Batch 400, Aver_Loss: 525.6941
[early-stopping] Epoch 47: no improvement (2/20)
Epoch 48/200, Batch 100, Aver_Loss: 523.0954
Epoch 48/200, Batch 200, Aver_Loss: 526.4720
Epoch 48/200, Batch 300, Aver_Loss: 522.5458
Epoch 48/200, Batch 400, Aver_Loss: 525.5444
[early-stopping] Epoch 48: new best val ELBO = -524.513956
Epoch 49/200, Batch 100, Aver_Loss: 524.3531
Epoch 49/200, Batch 200, Aver_Loss: 523.7350
Epoch 49/200, Batch 300, Aver_Loss: 525.8451
Epoch 49/200, Batch 400, Aver_Loss: 522.1938
[early-stopping] Epoch 49: new best val ELBO = -524.502871
Epoch 50/200, Batch 100, Aver_Loss: 523.7773
Epoch 50/200, Batch 200, Aver_Loss: 525.2708
Epoch 50/200, Batch 300, Aver_Loss: 525.1892
Epoch 50/200, Batch 400, Aver_Loss: 524.3226
[early-stopping] Epoch 50: new best val ELBO = -524.486841
Epoch 51/200, Batch 100, Aver_Loss: 524.3074
Epoch 51/200, Batch 200, Aver_Loss: 525.9783
Epoch 51/200, Batch 300, Aver_Loss: 523.6597
Epoch 51/200, Batch 400, Aver_Loss: 523.8054
[early-stopping] Epoch 51: no improvement (1/20)
Epoch 52/200, Batch 100, Aver_Loss: 522.6561
Epoch 52/200, Batch 200, Aver_Loss: 523.0758
Epoch 52/200, Batch 300, Aver_Loss: 525.7946
Epoch 52/200, Batch 400, Aver_Loss: 526.2498
[early-stopping] Epoch 52: no improvement (2/20)
Epoch 53/200, Batch 100, Aver_Loss: 524.6139
Epoch 53/200, Batch 200, Aver_Loss: 524.3329
Epoch 53/200, Batch 300, Aver_Loss: 525.4767
Epoch 53/200, Batch 400, Aver_Loss: 526.2116
[early-stopping] Epoch 53: new best val ELBO = -524.458599
Epoch 54/200, Batch 100, Aver_Loss: 527.5334
Epoch 54/200, Batch 200, Aver_Loss: 523.3143
Epoch 54/200, Batch 300, Aver_Loss: 524.6413
Epoch 54/200, Batch 400, Aver_Loss: 527.6138
[early-stopping] Epoch 54: no improvement (1/20)
Epoch 55/200, Batch 100, Aver_Loss: 522.1273
Epoch 55/200, Batch 200, Aver_Loss: 525.5271
Epoch 55/200, Batch 300, Aver_Loss: 526.8064
Epoch 55/200, Batch 400, Aver_Loss: 524.8126
[early-stopping] Epoch 55: no improvement (2/20)
Epoch 56/200, Batch 100, Aver_Loss: 526.2099
Epoch 56/200, Batch 200, Aver_Loss: 526.9385
Epoch 56/200, Batch 300, Aver_Loss: 522.0103
Epoch 56/200, Batch 400, Aver_Loss: 522.4210
[early-stopping] Epoch 56: no improvement (3/20)
Epoch 57/200, Batch 100, Aver_Loss: 525.6233
Epoch 57/200, Batch 200, Aver_Loss: 522.3586
Epoch 57/200, Batch 300, Aver_Loss: 525.4459
Epoch 57/200, Batch 400, Aver_Loss: 526.2104
[early-stopping] Epoch 57: new best val ELBO = -524.385026
Epoch 58/200, Batch 100, Aver_Loss: 527.0258
Epoch 58/200, Batch 200, Aver_Loss: 522.9952
Epoch 58/200, Batch 300, Aver_Loss: 525.0216
Epoch 58/200, Batch 400, Aver_Loss: 523.8685
[early-stopping] Epoch 58: no improvement (1/20)
Epoch 59/200, Batch 100, Aver_Loss: 523.5641
Epoch 59/200, Batch 200, Aver_Loss: 523.8559
Epoch 59/200, Batch 300, Aver_Loss: 527.3726
Epoch 59/200, Batch 400, Aver_Loss: 524.1850
[early-stopping] Epoch 59: no improvement (2/20)
Epoch 60/200, Batch 100, Aver_Loss: 525.2377
Epoch 60/200, Batch 200, Aver_Loss: 524.1586
Epoch 60/200, Batch 300, Aver_Loss: 525.4131
Epoch 60/200, Batch 400, Aver_Loss: 524.0450
[early-stopping] Epoch 60: no improvement (3/20)
Epoch 61/200, Batch 100, Aver_Loss: 523.7427
Epoch 61/200, Batch 200, Aver_Loss: 525.1162
Epoch 61/200, Batch 300, Aver_Loss: 522.5098
Epoch 61/200, Batch 400, Aver_Loss: 525.0093
[early-stopping] Epoch 61: no improvement (4/20)
Epoch 62/200, Batch 100, Aver_Loss: 523.2974
Epoch 62/200, Batch 200, Aver_Loss: 520.8796
Epoch 62/200, Batch 300, Aver_Loss: 525.6060
Epoch 62/200, Batch 400, Aver_Loss: 524.4459
[early-stopping] Epoch 62: no improvement (5/20)
Epoch 63/200, Batch 100, Aver_Loss: 524.5803
Epoch 63/200, Batch 200, Aver_Loss: 523.1726
Epoch 63/200, Batch 300, Aver_Loss: 523.2207
Epoch 63/200, Batch 400, Aver_Loss: 524.4909
[early-stopping] Epoch 63: new best val ELBO = -524.357471
Epoch 64/200, Batch 100, Aver_Loss: 523.4457
Epoch 64/200, Batch 200, Aver_Loss: 523.7505
Epoch 64/200, Batch 300, Aver_Loss: 523.7424
Epoch 64/200, Batch 400, Aver_Loss: 525.0411
[early-stopping] Epoch 64: no improvement (1/20)
Epoch 65/200, Batch 100, Aver_Loss: 522.3183
Epoch 65/200, Batch 200, Aver_Loss: 523.2021
Epoch 65/200, Batch 300, Aver_Loss: 525.6236
Epoch 65/200, Batch 400, Aver_Loss: 524.4164
[early-stopping] Epoch 65: no improvement (2/20)
Epoch 66/200, Batch 100, Aver_Loss: 526.4708
Epoch 66/200, Batch 200, Aver_Loss: 523.1239
Epoch 66/200, Batch 300, Aver_Loss: 526.3401
Epoch 66/200, Batch 400, Aver_Loss: 526.0059
[early-stopping] Epoch 66: no improvement (3/20)
Epoch 67/200, Batch 100, Aver_Loss: 522.7589
Epoch 67/200, Batch 200, Aver_Loss: 525.7549
Epoch 67/200, Batch 300, Aver_Loss: 524.7154
Epoch 67/200, Batch 400, Aver_Loss: 524.9749
[early-stopping] Epoch 67: no improvement (4/20)
Epoch 68/200, Batch 100, Aver_Loss: 524.1390
Epoch 68/200, Batch 200, Aver_Loss: 525.8777
Epoch 68/200, Batch 300, Aver_Loss: 523.5742
Epoch 68/200, Batch 400, Aver_Loss: 521.4760
[early-stopping] Epoch 68: no improvement (5/20)
Epoch 69/200, Batch 100, Aver_Loss: 522.6662
Epoch 69/200, Batch 200, Aver_Loss: 523.9043
Epoch 69/200, Batch 300, Aver_Loss: 524.0775
Epoch 69/200, Batch 400, Aver_Loss: 527.1400
[early-stopping] Epoch 69: no improvement (6/20)
Epoch 70/200, Batch 100, Aver_Loss: 524.0840
Epoch 70/200, Batch 200, Aver_Loss: 521.8600
Epoch 70/200, Batch 300, Aver_Loss: 526.6417
Epoch 70/200, Batch 400, Aver_Loss: 523.5410
[early-stopping] Epoch 70: new best val ELBO = -524.314121
Epoch 71/200, Batch 100, Aver_Loss: 522.8550
Epoch 71/200, Batch 200, Aver_Loss: 526.4654
Epoch 71/200, Batch 300, Aver_Loss: 525.1325
Epoch 71/200, Batch 400, Aver_Loss: 522.3008
[early-stopping] Epoch 71: no improvement (1/20)
Epoch 72/200, Batch 100, Aver_Loss: 525.5762
Epoch 72/200, Batch 200, Aver_Loss: 522.7786
Epoch 72/200, Batch 300, Aver_Loss: 523.4286
Epoch 72/200, Batch 400, Aver_Loss: 524.3779
[early-stopping] Epoch 72: no improvement (2/20)
Epoch 73/200, Batch 100, Aver_Loss: 523.2344
Epoch 73/200, Batch 200, Aver_Loss: 524.3434
Epoch 73/200, Batch 300, Aver_Loss: 525.0032
Epoch 73/200, Batch 400, Aver_Loss: 524.9560
[early-stopping] Epoch 73: no improvement (3/20)
Epoch 74/200, Batch 100, Aver_Loss: 522.8333
Epoch 74/200, Batch 200, Aver_Loss: 523.1518
Epoch 74/200, Batch 300, Aver_Loss: 527.2012
Epoch 74/200, Batch 400, Aver_Loss: 524.1848
[early-stopping] Epoch 74: new best val ELBO = -524.304246
Epoch 75/200, Batch 100, Aver_Loss: 526.6445
Epoch 75/200, Batch 200, Aver_Loss: 523.7956
Epoch 75/200, Batch 300, Aver_Loss: 523.2399
Epoch 75/200, Batch 400, Aver_Loss: 524.4578
[early-stopping] Epoch 75: no improvement (1/20)
Epoch 76/200, Batch 100, Aver_Loss: 524.9432
Epoch 76/200, Batch 200, Aver_Loss: 523.1406
Epoch 76/200, Batch 300, Aver_Loss: 524.4631
Epoch 76/200, Batch 400, Aver_Loss: 524.7156
[early-stopping] Epoch 76: no improvement (2/20)
Epoch 77/200, Batch 100, Aver_Loss: 521.6088
Epoch 77/200, Batch 200, Aver_Loss: 524.4718
Epoch 77/200, Batch 300, Aver_Loss: 524.9307
Epoch 77/200, Batch 400, Aver_Loss: 523.8846
[early-stopping] Epoch 77: no improvement (3/20)
Epoch 78/200, Batch 100, Aver_Loss: 525.1736
Epoch 78/200, Batch 200, Aver_Loss: 523.8388
Epoch 78/200, Batch 300, Aver_Loss: 524.1192
Epoch 78/200, Batch 400, Aver_Loss: 523.2204
[early-stopping] Epoch 78: no improvement (4/20)
Epoch 79/200, Batch 100, Aver_Loss: 524.0443
Epoch 79/200, Batch 200, Aver_Loss: 523.0361
Epoch 79/200, Batch 300, Aver_Loss: 524.3207
Epoch 79/200, Batch 400, Aver_Loss: 523.1948
[early-stopping] Epoch 79: no improvement (5/20)
Epoch 80/200, Batch 100, Aver_Loss: 527.5338
Epoch 80/200, Batch 200, Aver_Loss: 527.4022
Epoch 80/200, Batch 300, Aver_Loss: 522.9633
Epoch 80/200, Batch 400, Aver_Loss: 524.9936
[early-stopping] Epoch 80: no improvement (6/20)
Epoch 81/200, Batch 100, Aver_Loss: 525.9608
Epoch 81/200, Batch 200, Aver_Loss: 524.0251
Epoch 81/200, Batch 300, Aver_Loss: 524.6699
Epoch 81/200, Batch 400, Aver_Loss: 525.3632
[early-stopping] Epoch 81: new best val ELBO = -524.268394
Epoch 82/200, Batch 100, Aver_Loss: 523.3420
Epoch 82/200, Batch 200, Aver_Loss: 527.1645
Epoch 82/200, Batch 300, Aver_Loss: 524.4525
Epoch 82/200, Batch 400, Aver_Loss: 523.9916
[early-stopping] Epoch 82: no improvement (1/20)
Epoch 83/200, Batch 100, Aver_Loss: 523.9307
Epoch 83/200, Batch 200, Aver_Loss: 525.9055
Epoch 83/200, Batch 300, Aver_Loss: 523.6382
Epoch 83/200, Batch 400, Aver_Loss: 523.4492
[early-stopping] Epoch 83: no improvement (2/20)
Epoch 84/200, Batch 100, Aver_Loss: 524.4273
Epoch 84/200, Batch 200, Aver_Loss: 525.9012
Epoch 84/200, Batch 300, Aver_Loss: 522.5543
Epoch 84/200, Batch 400, Aver_Loss: 523.6252
[early-stopping] Epoch 84: new best val ELBO = -524.267180
Epoch 85/200, Batch 100, Aver_Loss: 525.5646
Epoch 85/200, Batch 200, Aver_Loss: 526.0292
Epoch 85/200, Batch 300, Aver_Loss: 524.5010
Epoch 85/200, Batch 400, Aver_Loss: 524.0606
[early-stopping] Epoch 85: no improvement (1/20)
Epoch 86/200, Batch 100, Aver_Loss: 525.8538
Epoch 86/200, Batch 200, Aver_Loss: 524.8116
Epoch 86/200, Batch 300, Aver_Loss: 524.1760
Epoch 86/200, Batch 400, Aver_Loss: 524.3983
[early-stopping] Epoch 86: no improvement (2/20)
Epoch 87/200, Batch 100, Aver_Loss: 523.5240
Epoch 87/200, Batch 200, Aver_Loss: 525.8158
Epoch 87/200, Batch 300, Aver_Loss: 523.1574
Epoch 87/200, Batch 400, Aver_Loss: 525.8324
[early-stopping] Epoch 87: new best val ELBO = -524.209655
Epoch 88/200, Batch 100, Aver_Loss: 526.0454
Epoch 88/200, Batch 200, Aver_Loss: 522.1957
Epoch 88/200, Batch 300, Aver_Loss: 525.5515
Epoch 88/200, Batch 400, Aver_Loss: 525.3351
[early-stopping] Epoch 88: no improvement (1/20)
Epoch 89/200, Batch 100, Aver_Loss: 526.5800
Epoch 89/200, Batch 200, Aver_Loss: 522.7933
Epoch 89/200, Batch 300, Aver_Loss: 525.1628
Epoch 89/200, Batch 400, Aver_Loss: 523.9241
[early-stopping] Epoch 89: no improvement (2/20)
Epoch 90/200, Batch 100, Aver_Loss: 521.6354
Epoch 90/200, Batch 200, Aver_Loss: 524.2650
Epoch 90/200, Batch 300, Aver_Loss: 524.7981
Epoch 90/200, Batch 400, Aver_Loss: 527.2202
[early-stopping] Epoch 90: no improvement (3/20)
Epoch 91/200, Batch 100, Aver_Loss: 523.7911
Epoch 91/200, Batch 200, Aver_Loss: 523.1373
Epoch 91/200, Batch 300, Aver_Loss: 525.3007
Epoch 91/200, Batch 400, Aver_Loss: 522.3356
[early-stopping] Epoch 91: no improvement (4/20)
Epoch 92/200, Batch 100, Aver_Loss: 523.6473
Epoch 92/200, Batch 200, Aver_Loss: 522.3975
Epoch 92/200, Batch 300, Aver_Loss: 523.0771
Epoch 92/200, Batch 400, Aver_Loss: 526.6420
[early-stopping] Epoch 92: no improvement (5/20)
Epoch 93/200, Batch 100, Aver_Loss: 525.4732
Epoch 93/200, Batch 200, Aver_Loss: 523.8093
Epoch 93/200, Batch 300, Aver_Loss: 524.0538
Epoch 93/200, Batch 400, Aver_Loss: 524.8016
[early-stopping] Epoch 93: no improvement (6/20)
Epoch 94/200, Batch 100, Aver_Loss: 522.2178
Epoch 94/200, Batch 200, Aver_Loss: 523.4398
Epoch 94/200, Batch 300, Aver_Loss: 526.7599
Epoch 94/200, Batch 400, Aver_Loss: 524.0815
[early-stopping] Epoch 94: no improvement (7/20)
Epoch 95/200, Batch 100, Aver_Loss: 524.2159
Epoch 95/200, Batch 200, Aver_Loss: 523.6528
Epoch 95/200, Batch 300, Aver_Loss: 524.3875
Epoch 95/200, Batch 400, Aver_Loss: 524.9129
[early-stopping] Epoch 95: no improvement (8/20)
Epoch 96/200, Batch 100, Aver_Loss: 522.5055
Epoch 96/200, Batch 200, Aver_Loss: 521.6887
Epoch 96/200, Batch 300, Aver_Loss: 524.2421
Epoch 96/200, Batch 400, Aver_Loss: 524.4076
[early-stopping] Epoch 96: no improvement (9/20)
Epoch 97/200, Batch 100, Aver_Loss: 523.8642
Epoch 97/200, Batch 200, Aver_Loss: 525.3437
Epoch 97/200, Batch 300, Aver_Loss: 523.1648
Epoch 97/200, Batch 400, Aver_Loss: 524.1014
[early-stopping] Epoch 97: no improvement (10/20)
Epoch 98/200, Batch 100, Aver_Loss: 524.4838
Epoch 98/200, Batch 200, Aver_Loss: 522.7426
Epoch 98/200, Batch 300, Aver_Loss: 524.0020
Epoch 98/200, Batch 400, Aver_Loss: 524.3296
[early-stopping] Epoch 98: new best val ELBO = -524.207169
Epoch 99/200, Batch 100, Aver_Loss: 525.3026
Epoch 99/200, Batch 200, Aver_Loss: 524.1629
Epoch 99/200, Batch 300, Aver_Loss: 522.9034
Epoch 99/200, Batch 400, Aver_Loss: 525.7595
[early-stopping] Epoch 99: no improvement (1/20)
Epoch 100/200, Batch 100, Aver_Loss: 522.1598
Epoch 100/200, Batch 200, Aver_Loss: 522.2779
Epoch 100/200, Batch 300, Aver_Loss: 522.9478
Epoch 100/200, Batch 400, Aver_Loss: 526.1465
[early-stopping] Epoch 100: no improvement (2/20)
Epoch 101/200, Batch 100, Aver_Loss: 523.2957
Epoch 101/200, Batch 200, Aver_Loss: 524.9665
Epoch 101/200, Batch 300, Aver_Loss: 520.8759
Epoch 101/200, Batch 400, Aver_Loss: 523.1642
[early-stopping] Epoch 101: no improvement (3/20)
Epoch 102/200, Batch 100, Aver_Loss: 525.3066
Epoch 102/200, Batch 200, Aver_Loss: 522.5261
Epoch 102/200, Batch 300, Aver_Loss: 523.8808
Epoch 102/200, Batch 400, Aver_Loss: 525.4531
[early-stopping] Epoch 102: no improvement (4/20)
Epoch 103/200, Batch 100, Aver_Loss: 523.0584
Epoch 103/200, Batch 200, Aver_Loss: 522.4238
Epoch 103/200, Batch 300, Aver_Loss: 522.8354
Epoch 103/200, Batch 400, Aver_Loss: 524.3516
[early-stopping] Epoch 103: new best val ELBO = -524.183990
Epoch 104/200, Batch 100, Aver_Loss: 522.2240
Epoch 104/200, Batch 200, Aver_Loss: 523.8755
Epoch 104/200, Batch 300, Aver_Loss: 524.4105
Epoch 104/200, Batch 400, Aver_Loss: 523.6894
[early-stopping] Epoch 104: no improvement (1/20)
Epoch 105/200, Batch 100, Aver_Loss: 521.4192
Epoch 105/200, Batch 200, Aver_Loss: 522.5244
Epoch 105/200, Batch 300, Aver_Loss: 523.5862
Epoch 105/200, Batch 400, Aver_Loss: 523.6193
[early-stopping] Epoch 105: no improvement (2/20)
Epoch 106/200, Batch 100, Aver_Loss: 522.8765
Epoch 106/200, Batch 200, Aver_Loss: 521.3857
Epoch 106/200, Batch 300, Aver_Loss: 525.9907
Epoch 106/200, Batch 400, Aver_Loss: 522.3004
[early-stopping] Epoch 106: no improvement (3/20)
Epoch 107/200, Batch 100, Aver_Loss: 525.3068
Epoch 107/200, Batch 200, Aver_Loss: 521.4789
Epoch 107/200, Batch 300, Aver_Loss: 525.3729
Epoch 107/200, Batch 400, Aver_Loss: 524.9758
[early-stopping] Epoch 107: no improvement (4/20)
Epoch 108/200, Batch 100, Aver_Loss: 524.9521
Epoch 108/200, Batch 200, Aver_Loss: 523.0345
Epoch 108/200, Batch 300, Aver_Loss: 524.5696
Epoch 108/200, Batch 400, Aver_Loss: 524.1810
[early-stopping] Epoch 108: no improvement (5/20)
Epoch 109/200, Batch 100, Aver_Loss: 523.0213
Epoch 109/200, Batch 200, Aver_Loss: 525.3189
Epoch 109/200, Batch 300, Aver_Loss: 525.0118
Epoch 109/200, Batch 400, Aver_Loss: 526.4655
[early-stopping] Epoch 109: new best val ELBO = -524.156120
Epoch 110/200, Batch 100, Aver_Loss: 522.7029
Epoch 110/200, Batch 200, Aver_Loss: 525.9027
Epoch 110/200, Batch 300, Aver_Loss: 523.6799
Epoch 110/200, Batch 400, Aver_Loss: 524.0302
[early-stopping] Epoch 110: no improvement (1/20)
Epoch 111/200, Batch 100, Aver_Loss: 523.8894
Epoch 111/200, Batch 200, Aver_Loss: 526.7162
Epoch 111/200, Batch 300, Aver_Loss: 523.8907
Epoch 111/200, Batch 400, Aver_Loss: 523.6245
[early-stopping] Epoch 111: no improvement (2/20)
Epoch 112/200, Batch 100, Aver_Loss: 526.1849
Epoch 112/200, Batch 200, Aver_Loss: 523.5639
Epoch 112/200, Batch 300, Aver_Loss: 523.9108
Epoch 112/200, Batch 400, Aver_Loss: 523.3452
[early-stopping] Epoch 112: no improvement (3/20)
Epoch 113/200, Batch 100, Aver_Loss: 525.9614
Epoch 113/200, Batch 200, Aver_Loss: 526.1017
Epoch 113/200, Batch 300, Aver_Loss: 525.3900
Epoch 113/200, Batch 400, Aver_Loss: 525.1708
[early-stopping] Epoch 113: no improvement (4/20)
Epoch 114/200, Batch 100, Aver_Loss: 526.2346
Epoch 114/200, Batch 200, Aver_Loss: 525.1404
Epoch 114/200, Batch 300, Aver_Loss: 525.8846
Epoch 114/200, Batch 400, Aver_Loss: 525.1296
[early-stopping] Epoch 114: no improvement (5/20)
Epoch 115/200, Batch 100, Aver_Loss: 523.9088
Epoch 115/200, Batch 200, Aver_Loss: 523.6240
Epoch 115/200, Batch 300, Aver_Loss: 523.9481
Epoch 115/200, Batch 400, Aver_Loss: 524.4574
[early-stopping] Epoch 115: no improvement (6/20)
Epoch 116/200, Batch 100, Aver_Loss: 523.3782
Epoch 116/200, Batch 200, Aver_Loss: 524.5756
Epoch 116/200, Batch 300, Aver_Loss: 523.1628
Epoch 116/200, Batch 400, Aver_Loss: 524.1126
[early-stopping] Epoch 116: new best val ELBO = -524.135587
Epoch 117/200, Batch 100, Aver_Loss: 523.7627
Epoch 117/200, Batch 200, Aver_Loss: 523.0145
Epoch 117/200, Batch 300, Aver_Loss: 525.5129
Epoch 117/200, Batch 400, Aver_Loss: 525.5976
[early-stopping] Epoch 117: no improvement (1/20)
Epoch 118/200, Batch 100, Aver_Loss: 524.5860
Epoch 118/200, Batch 200, Aver_Loss: 523.5475
Epoch 118/200, Batch 300, Aver_Loss: 523.4479
Epoch 118/200, Batch 400, Aver_Loss: 524.0885
[early-stopping] Epoch 118: no improvement (2/20)
Epoch 119/200, Batch 100, Aver_Loss: 524.7535
Epoch 119/200, Batch 200, Aver_Loss: 525.4272
Epoch 119/200, Batch 300, Aver_Loss: 524.9610
Epoch 119/200, Batch 400, Aver_Loss: 527.3831
[early-stopping] Epoch 119: no improvement (3/20)
Epoch 120/200, Batch 100, Aver_Loss: 524.4730
Epoch 120/200, Batch 200, Aver_Loss: 525.4019
Epoch 120/200, Batch 300, Aver_Loss: 524.5698
Epoch 120/200, Batch 400, Aver_Loss: 524.7646
[early-stopping] Epoch 120: no improvement (4/20)
Epoch 121/200, Batch 100, Aver_Loss: 523.2905
Epoch 121/200, Batch 200, Aver_Loss: 524.4231
Epoch 121/200, Batch 300, Aver_Loss: 524.0184
Epoch 121/200, Batch 400, Aver_Loss: 523.9142
[early-stopping] Epoch 121: no improvement (5/20)
Epoch 122/200, Batch 100, Aver_Loss: 523.3019
Epoch 122/200, Batch 200, Aver_Loss: 525.6322
Epoch 122/200, Batch 300, Aver_Loss: 523.7151
Epoch 122/200, Batch 400, Aver_Loss: 525.7524
[early-stopping] Epoch 122: no improvement (6/20)
Epoch 123/200, Batch 100, Aver_Loss: 520.9979
Epoch 123/200, Batch 200, Aver_Loss: 525.2682
Epoch 123/200, Batch 300, Aver_Loss: 524.8127
Epoch 123/200, Batch 400, Aver_Loss: 524.3499
[early-stopping] Epoch 123: no improvement (7/20)
Epoch 124/200, Batch 100, Aver_Loss: 523.2396
Epoch 124/200, Batch 200, Aver_Loss: 524.6174
Epoch 124/200, Batch 300, Aver_Loss: 523.9502
Epoch 124/200, Batch 400, Aver_Loss: 522.8480
[early-stopping] Epoch 124: no improvement (8/20)
Epoch 125/200, Batch 100, Aver_Loss: 525.3362
Epoch 125/200, Batch 200, Aver_Loss: 525.7209
Epoch 125/200, Batch 300, Aver_Loss: 526.5802
Epoch 125/200, Batch 400, Aver_Loss: 525.0209
[early-stopping] Epoch 125: no improvement (9/20)
Epoch 126/200, Batch 100, Aver_Loss: 525.7495
Epoch 126/200, Batch 200, Aver_Loss: 524.5151
Epoch 126/200, Batch 300, Aver_Loss: 525.0370
Epoch 126/200, Batch 400, Aver_Loss: 522.8763
[early-stopping] Epoch 126: no improvement (10/20)
Epoch 127/200, Batch 100, Aver_Loss: 520.7129
Epoch 127/200, Batch 200, Aver_Loss: 521.3556
Epoch 127/200, Batch 300, Aver_Loss: 519.5273
Epoch 127/200, Batch 400, Aver_Loss: 525.2992
[early-stopping] Epoch 127: no improvement (11/20)
Epoch 128/200, Batch 100, Aver_Loss: 524.1917
Epoch 128/200, Batch 200, Aver_Loss: 524.2499
Epoch 128/200, Batch 300, Aver_Loss: 524.3806
Epoch 128/200, Batch 400, Aver_Loss: 525.7722
[early-stopping] Epoch 128: no improvement (12/20)
Epoch 129/200, Batch 100, Aver_Loss: 523.6932
Epoch 129/200, Batch 200, Aver_Loss: 525.0680
Epoch 129/200, Batch 300, Aver_Loss: 524.8661
Epoch 129/200, Batch 400, Aver_Loss: 525.7682
[early-stopping] Epoch 129: no improvement (13/20)
Epoch 130/200, Batch 100, Aver_Loss: 523.5181
Epoch 130/200, Batch 200, Aver_Loss: 524.3808
Epoch 130/200, Batch 300, Aver_Loss: 525.9459
Epoch 130/200, Batch 400, Aver_Loss: 524.2151
[early-stopping] Epoch 130: no improvement (14/20)
Epoch 131/200, Batch 100, Aver_Loss: 526.6977
Epoch 131/200, Batch 200, Aver_Loss: 524.3980
Epoch 131/200, Batch 300, Aver_Loss: 523.5024
Epoch 131/200, Batch 400, Aver_Loss: 523.5800
[early-stopping] Epoch 131: no improvement (15/20)
Epoch 132/200, Batch 100, Aver_Loss: 524.5036
Epoch 132/200, Batch 200, Aver_Loss: 525.7401
Epoch 132/200, Batch 300, Aver_Loss: 524.7464
Epoch 132/200, Batch 400, Aver_Loss: 523.8457
[early-stopping] Epoch 132: new best val ELBO = -524.095803
Epoch 133/200, Batch 100, Aver_Loss: 523.4568
Epoch 133/200, Batch 200, Aver_Loss: 523.8712
Epoch 133/200, Batch 300, Aver_Loss: 524.9895
Epoch 133/200, Batch 400, Aver_Loss: 524.5289
[early-stopping] Epoch 133: no improvement (1/20)
Epoch 134/200, Batch 100, Aver_Loss: 523.4439
Epoch 134/200, Batch 200, Aver_Loss: 523.6650
Epoch 134/200, Batch 300, Aver_Loss: 522.4380
Epoch 134/200, Batch 400, Aver_Loss: 525.5322
[early-stopping] Epoch 134: no improvement (2/20)
Epoch 135/200, Batch 100, Aver_Loss: 523.8492
Epoch 135/200, Batch 200, Aver_Loss: 522.9718
Epoch 135/200, Batch 300, Aver_Loss: 522.6163
Epoch 135/200, Batch 400, Aver_Loss: 523.0492
[early-stopping] Epoch 135: no improvement (3/20)
Epoch 136/200, Batch 100, Aver_Loss: 523.3378
Epoch 136/200, Batch 200, Aver_Loss: 521.9952
Epoch 136/200, Batch 300, Aver_Loss: 522.3862
Epoch 136/200, Batch 400, Aver_Loss: 525.1903
[early-stopping] Epoch 136: no improvement (4/20)
Epoch 137/200, Batch 100, Aver_Loss: 525.5632
Epoch 137/200, Batch 200, Aver_Loss: 526.6805
Epoch 137/200, Batch 300, Aver_Loss: 521.7159
Epoch 137/200, Batch 400, Aver_Loss: 521.4225
[early-stopping] Epoch 137: no improvement (5/20)
Epoch 138/200, Batch 100, Aver_Loss: 524.2227
Epoch 138/200, Batch 200, Aver_Loss: 525.6772
Epoch 138/200, Batch 300, Aver_Loss: 524.3484
Epoch 138/200, Batch 400, Aver_Loss: 523.2183
[early-stopping] Epoch 138: no improvement (6/20)
Epoch 139/200, Batch 100, Aver_Loss: 524.4539
Epoch 139/200, Batch 200, Aver_Loss: 526.0967
Epoch 139/200, Batch 300, Aver_Loss: 523.1694
Epoch 139/200, Batch 400, Aver_Loss: 523.0199
[early-stopping] Epoch 139: no improvement (7/20)
Epoch 140/200, Batch 100, Aver_Loss: 525.7313
Epoch 140/200, Batch 200, Aver_Loss: 524.6201
Epoch 140/200, Batch 300, Aver_Loss: 520.6089
Epoch 140/200, Batch 400, Aver_Loss: 521.9474
[early-stopping] Epoch 140: no improvement (8/20)
Epoch 141/200, Batch 100, Aver_Loss: 521.6815
Epoch 141/200, Batch 200, Aver_Loss: 522.9004
Epoch 141/200, Batch 300, Aver_Loss: 525.5345
Epoch 141/200, Batch 400, Aver_Loss: 523.9958
[early-stopping] Epoch 141: no improvement (9/20)
Epoch 142/200, Batch 100, Aver_Loss: 521.8432
Epoch 142/200, Batch 200, Aver_Loss: 524.4770
Epoch 142/200, Batch 300, Aver_Loss: 527.2359
Epoch 142/200, Batch 400, Aver_Loss: 520.1183
[early-stopping] Epoch 142: no improvement (10/20)
Epoch 143/200, Batch 100, Aver_Loss: 525.5269
Epoch 143/200, Batch 200, Aver_Loss: 521.6016
Epoch 143/200, Batch 300, Aver_Loss: 523.8589
Epoch 143/200, Batch 400, Aver_Loss: 524.2487
[early-stopping] Epoch 143: no improvement (11/20)
Epoch 144/200, Batch 100, Aver_Loss: 522.0646
Epoch 144/200, Batch 200, Aver_Loss: 523.4207
Epoch 144/200, Batch 300, Aver_Loss: 522.1906
Epoch 144/200, Batch 400, Aver_Loss: 522.8888
[early-stopping] Epoch 144: no improvement (12/20)
Epoch 145/200, Batch 100, Aver_Loss: 523.1521
Epoch 145/200, Batch 200, Aver_Loss: 525.9388
Epoch 145/200, Batch 300, Aver_Loss: 524.3252
Epoch 145/200, Batch 400, Aver_Loss: 524.5822
[early-stopping] Epoch 145: no improvement (13/20)
Epoch 146/200, Batch 100, Aver_Loss: 527.1331
Epoch 146/200, Batch 200, Aver_Loss: 521.9743
Epoch 146/200, Batch 300, Aver_Loss: 522.9111
Epoch 146/200, Batch 400, Aver_Loss: 525.2413
[early-stopping] Epoch 146: no improvement (14/20)
Epoch 147/200, Batch 100, Aver_Loss: 522.6240
Epoch 147/200, Batch 200, Aver_Loss: 525.6910
Epoch 147/200, Batch 300, Aver_Loss: 524.8044
Epoch 147/200, Batch 400, Aver_Loss: 523.3809
[early-stopping] Epoch 147: no improvement (15/20)
Epoch 148/200, Batch 100, Aver_Loss: 523.4736
Epoch 148/200, Batch 200, Aver_Loss: 525.0603
Epoch 148/200, Batch 300, Aver_Loss: 524.8242
Epoch 148/200, Batch 400, Aver_Loss: 524.0699
[early-stopping] Epoch 148: new best val ELBO = -524.076259
Epoch 149/200, Batch 100, Aver_Loss: 526.3476
Epoch 149/200, Batch 200, Aver_Loss: 521.7211
Epoch 149/200, Batch 300, Aver_Loss: 524.2837
Epoch 149/200, Batch 400, Aver_Loss: 523.2282
[early-stopping] Epoch 149: no improvement (1/20)
Epoch 150/200, Batch 100, Aver_Loss: 526.3146
Epoch 150/200, Batch 200, Aver_Loss: 522.6156
Epoch 150/200, Batch 300, Aver_Loss: 522.9240
Epoch 150/200, Batch 400, Aver_Loss: 524.7991
[early-stopping] Epoch 150: no improvement (2/20)
Epoch 151/200, Batch 100, Aver_Loss: 525.6681
Epoch 151/200, Batch 200, Aver_Loss: 523.2031
Epoch 151/200, Batch 300, Aver_Loss: 525.3774
Epoch 151/200, Batch 400, Aver_Loss: 521.0887
[early-stopping] Epoch 151: new best val ELBO = -524.067531
Epoch 152/200, Batch 100, Aver_Loss: 527.5552
Epoch 152/200, Batch 200, Aver_Loss: 520.2269
Epoch 152/200, Batch 300, Aver_Loss: 524.2620
Epoch 152/200, Batch 400, Aver_Loss: 526.1013
[early-stopping] Epoch 152: no improvement (1/20)
Epoch 153/200, Batch 100, Aver_Loss: 523.7473
Epoch 153/200, Batch 200, Aver_Loss: 522.9890
Epoch 153/200, Batch 300, Aver_Loss: 524.4186
Epoch 153/200, Batch 400, Aver_Loss: 525.6201
[early-stopping] Epoch 153: no improvement (2/20)
Epoch 154/200, Batch 100, Aver_Loss: 523.9740
Epoch 154/200, Batch 200, Aver_Loss: 524.2998
Epoch 154/200, Batch 300, Aver_Loss: 523.9393
Epoch 154/200, Batch 400, Aver_Loss: 524.7665
[early-stopping] Epoch 154: no improvement (3/20)
Epoch 155/200, Batch 100, Aver_Loss: 523.5247
Epoch 155/200, Batch 200, Aver_Loss: 522.4389
Epoch 155/200, Batch 300, Aver_Loss: 521.8660
Epoch 155/200, Batch 400, Aver_Loss: 520.8537
[early-stopping] Epoch 155: new best val ELBO = -524.066446
Epoch 156/200, Batch 100, Aver_Loss: 526.2579
Epoch 156/200, Batch 200, Aver_Loss: 524.8803
Epoch 156/200, Batch 300, Aver_Loss: 525.3788
Epoch 156/200, Batch 400, Aver_Loss: 524.7910
[early-stopping] Epoch 156: no improvement (1/20)
Epoch 157/200, Batch 100, Aver_Loss: 523.9059
Epoch 157/200, Batch 200, Aver_Loss: 523.9307
Epoch 157/200, Batch 300, Aver_Loss: 526.2521
Epoch 157/200, Batch 400, Aver_Loss: 523.5317
[early-stopping] Epoch 157: no improvement (2/20)
Epoch 158/200, Batch 100, Aver_Loss: 521.7967
Epoch 158/200, Batch 200, Aver_Loss: 521.6862
Epoch 158/200, Batch 300, Aver_Loss: 526.4631
Epoch 158/200, Batch 400, Aver_Loss: 524.0377
[early-stopping] Epoch 158: new best val ELBO = -524.040090
Epoch 159/200, Batch 100, Aver_Loss: 524.7064
Epoch 159/200, Batch 200, Aver_Loss: 520.8365
Epoch 159/200, Batch 300, Aver_Loss: 523.2919
Epoch 159/200, Batch 400, Aver_Loss: 523.4824
[early-stopping] Epoch 159: no improvement (1/20)
Epoch 160/200, Batch 100, Aver_Loss: 522.1171
Epoch 160/200, Batch 200, Aver_Loss: 521.3861
Epoch 160/200, Batch 300, Aver_Loss: 522.3947
Epoch 160/200, Batch 400, Aver_Loss: 524.3781
[early-stopping] Epoch 160: no improvement (2/20)
Epoch 161/200, Batch 100, Aver_Loss: 522.7300
Epoch 161/200, Batch 200, Aver_Loss: 523.6132
Epoch 161/200, Batch 300, Aver_Loss: 524.1163
Epoch 161/200, Batch 400, Aver_Loss: 522.7490
[early-stopping] Epoch 161: no improvement (3/20)
Epoch 162/200, Batch 100, Aver_Loss: 520.6328
Epoch 162/200, Batch 200, Aver_Loss: 523.2573
Epoch 162/200, Batch 300, Aver_Loss: 524.2806
Epoch 162/200, Batch 400, Aver_Loss: 524.8131
[early-stopping] Epoch 162: no improvement (4/20)
Epoch 163/200, Batch 100, Aver_Loss: 524.6475
Epoch 163/200, Batch 200, Aver_Loss: 523.1393
Epoch 163/200, Batch 300, Aver_Loss: 523.1194
Epoch 163/200, Batch 400, Aver_Loss: 523.6227
[early-stopping] Epoch 163: new best val ELBO = -524.018065
Epoch 164/200, Batch 100, Aver_Loss: 525.1799
Epoch 164/200, Batch 200, Aver_Loss: 520.2711
Epoch 164/200, Batch 300, Aver_Loss: 523.4450
Epoch 164/200, Batch 400, Aver_Loss: 523.1680
[early-stopping] Epoch 164: no improvement (1/20)
Epoch 165/200, Batch 100, Aver_Loss: 522.3373
Epoch 165/200, Batch 200, Aver_Loss: 521.9174
Epoch 165/200, Batch 300, Aver_Loss: 523.1788
Epoch 165/200, Batch 400, Aver_Loss: 522.9447
[early-stopping] Epoch 165: no improvement (2/20)
Epoch 166/200, Batch 100, Aver_Loss: 523.2858
Epoch 166/200, Batch 200, Aver_Loss: 524.7597
Epoch 166/200, Batch 300, Aver_Loss: 524.2753
Epoch 166/200, Batch 400, Aver_Loss: 525.6865
[early-stopping] Epoch 166: no improvement (3/20)
Epoch 167/200, Batch 100, Aver_Loss: 525.9470
Epoch 167/200, Batch 200, Aver_Loss: 521.0737
Epoch 167/200, Batch 300, Aver_Loss: 523.0276
Epoch 167/200, Batch 400, Aver_Loss: 524.4431
[early-stopping] Epoch 167: no improvement (4/20)
Epoch 168/200, Batch 100, Aver_Loss: 521.5477
Epoch 168/200, Batch 200, Aver_Loss: 522.0353
Epoch 168/200, Batch 300, Aver_Loss: 525.4117
Epoch 168/200, Batch 400, Aver_Loss: 524.2938
[early-stopping] Epoch 168: no improvement (5/20)
Epoch 169/200, Batch 100, Aver_Loss: 524.2299
Epoch 169/200, Batch 200, Aver_Loss: 523.1198
Epoch 169/200, Batch 300, Aver_Loss: 522.7195
Epoch 169/200, Batch 400, Aver_Loss: 521.3952
[early-stopping] Epoch 169: no improvement (6/20)
Epoch 170/200, Batch 100, Aver_Loss: 524.6801
Epoch 170/200, Batch 200, Aver_Loss: 523.8058
Epoch 170/200, Batch 300, Aver_Loss: 522.9547
Epoch 170/200, Batch 400, Aver_Loss: 523.8702
[early-stopping] Epoch 170: new best val ELBO = -524.013999
Epoch 171/200, Batch 100, Aver_Loss: 523.2659
Epoch 171/200, Batch 200, Aver_Loss: 522.6191
Epoch 171/200, Batch 300, Aver_Loss: 523.4810
Epoch 171/200, Batch 400, Aver_Loss: 524.4361
[early-stopping] Epoch 171: no improvement (1/20)
Epoch 172/200, Batch 100, Aver_Loss: 525.2344
Epoch 172/200, Batch 200, Aver_Loss: 521.7418
Epoch 172/200, Batch 300, Aver_Loss: 522.6318
Epoch 172/200, Batch 400, Aver_Loss: 525.1885
[early-stopping] Epoch 172: no improvement (2/20)
Epoch 173/200, Batch 100, Aver_Loss: 524.6935
Epoch 173/200, Batch 200, Aver_Loss: 522.4780
Epoch 173/200, Batch 300, Aver_Loss: 524.0290
Epoch 173/200, Batch 400, Aver_Loss: 523.4501
[early-stopping] Epoch 173: no improvement (3/20)
Epoch 174/200, Batch 100, Aver_Loss: 521.3539
Epoch 174/200, Batch 200, Aver_Loss: 522.6740
Epoch 174/200, Batch 300, Aver_Loss: 525.4169
Epoch 174/200, Batch 400, Aver_Loss: 523.3903
[early-stopping] Epoch 174: no improvement (4/20)
Epoch 175/200, Batch 100, Aver_Loss: 523.0967
Epoch 175/200, Batch 200, Aver_Loss: 526.8423
Epoch 175/200, Batch 300, Aver_Loss: 524.3251
Epoch 175/200, Batch 400, Aver_Loss: 524.0615
[early-stopping] Epoch 175: no improvement (5/20)
Epoch 176/200, Batch 100, Aver_Loss: 524.6478
Epoch 176/200, Batch 200, Aver_Loss: 522.3920
Epoch 176/200, Batch 300, Aver_Loss: 521.4990
Epoch 176/200, Batch 400, Aver_Loss: 524.5967
[early-stopping] Epoch 176: no improvement (6/20)
Epoch 177/200, Batch 100, Aver_Loss: 521.9039
Epoch 177/200, Batch 200, Aver_Loss: 521.2576
Epoch 177/200, Batch 300, Aver_Loss: 522.5114
Epoch 177/200, Batch 400, Aver_Loss: 523.6624
[early-stopping] Epoch 177: no improvement (7/20)
Epoch 178/200, Batch 100, Aver_Loss: 523.5744
Epoch 178/200, Batch 200, Aver_Loss: 520.8265
Epoch 178/200, Batch 300, Aver_Loss: 522.7286
Epoch 178/200, Batch 400, Aver_Loss: 523.0765
[early-stopping] Epoch 178: new best val ELBO = -524.002013
Epoch 179/200, Batch 100, Aver_Loss: 522.3623
Epoch 179/200, Batch 200, Aver_Loss: 523.2294
Epoch 179/200, Batch 300, Aver_Loss: 523.9057
Epoch 179/200, Batch 400, Aver_Loss: 521.7066
[early-stopping] Epoch 179: no improvement (1/20)
Epoch 180/200, Batch 100, Aver_Loss: 521.9912
Epoch 180/200, Batch 200, Aver_Loss: 523.8737
Epoch 180/200, Batch 300, Aver_Loss: 522.0146
Epoch 180/200, Batch 400, Aver_Loss: 522.1122
[early-stopping] Epoch 180: no improvement (2/20)
Epoch 181/200, Batch 100, Aver_Loss: 524.1664
Epoch 181/200, Batch 200, Aver_Loss: 523.4271
Epoch 181/200, Batch 300, Aver_Loss: 524.0563
Epoch 181/200, Batch 400, Aver_Loss: 524.7379
[early-stopping] Epoch 181: new best val ELBO = -523.955393
Epoch 182/200, Batch 100, Aver_Loss: 520.4072
Epoch 182/200, Batch 200, Aver_Loss: 524.8045
Epoch 182/200, Batch 300, Aver_Loss: 526.6413
Epoch 182/200, Batch 400, Aver_Loss: 526.3185
[early-stopping] Epoch 182: no improvement (1/20)
Epoch 183/200, Batch 100, Aver_Loss: 521.7087
Epoch 183/200, Batch 200, Aver_Loss: 525.8164
Epoch 183/200, Batch 300, Aver_Loss: 524.4322
Epoch 183/200, Batch 400, Aver_Loss: 522.1918
[early-stopping] Epoch 183: no improvement (2/20)
Epoch 184/200, Batch 100, Aver_Loss: 524.7654
Epoch 184/200, Batch 200, Aver_Loss: 520.3390
Epoch 184/200, Batch 300, Aver_Loss: 525.2257
Epoch 184/200, Batch 400, Aver_Loss: 525.7676
[early-stopping] Epoch 184: no improvement (3/20)
Epoch 185/200, Batch 100, Aver_Loss: 527.2489
Epoch 185/200, Batch 200, Aver_Loss: 525.3037
Epoch 185/200, Batch 300, Aver_Loss: 523.4377
Epoch 185/200, Batch 400, Aver_Loss: 524.6255
[early-stopping] Epoch 185: no improvement (4/20)
Epoch 186/200, Batch 100, Aver_Loss: 523.5236
Epoch 186/200, Batch 200, Aver_Loss: 523.4766
Epoch 186/200, Batch 300, Aver_Loss: 522.3282
Epoch 186/200, Batch 400, Aver_Loss: 521.4373
[early-stopping] Epoch 186: no improvement (5/20)
Epoch 187/200, Batch 100, Aver_Loss: 522.3152
Epoch 187/200, Batch 200, Aver_Loss: 524.6533
Epoch 187/200, Batch 300, Aver_Loss: 525.7833
Epoch 187/200, Batch 400, Aver_Loss: 524.3953
[early-stopping] Epoch 187: no improvement (6/20)
Epoch 188/200, Batch 100, Aver_Loss: 522.8983
Epoch 188/200, Batch 200, Aver_Loss: 521.9819
Epoch 188/200, Batch 300, Aver_Loss: 523.3925
Epoch 188/200, Batch 400, Aver_Loss: 522.3583
[early-stopping] Epoch 188: no improvement (7/20)
Epoch 189/200, Batch 100, Aver_Loss: 523.6253
Epoch 189/200, Batch 200, Aver_Loss: 522.9516
Epoch 189/200, Batch 300, Aver_Loss: 521.7347
Epoch 189/200, Batch 400, Aver_Loss: 522.2361
[early-stopping] Epoch 189: no improvement (8/20)
Epoch 190/200, Batch 100, Aver_Loss: 523.2556
Epoch 190/200, Batch 200, Aver_Loss: 523.1315
Epoch 190/200, Batch 300, Aver_Loss: 524.5478
Epoch 190/200, Batch 400, Aver_Loss: 522.7877
[early-stopping] Epoch 190: no improvement (9/20)
Epoch 191/200, Batch 100, Aver_Loss: 522.3673
Epoch 191/200, Batch 200, Aver_Loss: 524.6266
Epoch 191/200, Batch 300, Aver_Loss: 522.1857
Epoch 191/200, Batch 400, Aver_Loss: 523.4606
[early-stopping] Epoch 191: no improvement (10/20)
Epoch 192/200, Batch 100, Aver_Loss: 522.7904
Epoch 192/200, Batch 200, Aver_Loss: 524.5418
Epoch 192/200, Batch 300, Aver_Loss: 523.6001
Epoch 192/200, Batch 400, Aver_Loss: 526.0898
[early-stopping] Epoch 192: no improvement (11/20)
Epoch 193/200, Batch 100, Aver_Loss: 523.1908
Epoch 193/200, Batch 200, Aver_Loss: 523.6938
Epoch 193/200, Batch 300, Aver_Loss: 521.5844
Epoch 193/200, Batch 400, Aver_Loss: 521.9067
[early-stopping] Epoch 193: no improvement (12/20)
Epoch 194/200, Batch 100, Aver_Loss: 522.7829
Epoch 194/200, Batch 200, Aver_Loss: 523.6424
Epoch 194/200, Batch 300, Aver_Loss: 522.4653
Epoch 194/200, Batch 400, Aver_Loss: 521.6203
[early-stopping] Epoch 194: no improvement (13/20)
Epoch 195/200, Batch 100, Aver_Loss: 520.0439
Epoch 195/200, Batch 200, Aver_Loss: 520.9675
Epoch 195/200, Batch 300, Aver_Loss: 526.8468
Epoch 195/200, Batch 400, Aver_Loss: 525.5620
[early-stopping] Epoch 195: no improvement (14/20)
Epoch 196/200, Batch 100, Aver_Loss: 526.0735
Epoch 196/200, Batch 200, Aver_Loss: 526.0916
Epoch 196/200, Batch 300, Aver_Loss: 523.5916
Epoch 196/200, Batch 400, Aver_Loss: 523.9120
[early-stopping] Epoch 196: no improvement (15/20)
Epoch 197/200, Batch 100, Aver_Loss: 524.4072
Epoch 197/200, Batch 200, Aver_Loss: 523.0243
Epoch 197/200, Batch 300, Aver_Loss: 524.6035
Epoch 197/200, Batch 400, Aver_Loss: 521.8856
[early-stopping] Epoch 197: no improvement (16/20)
Epoch 198/200, Batch 100, Aver_Loss: 523.9231
Epoch 198/200, Batch 200, Aver_Loss: 524.8251
Epoch 198/200, Batch 300, Aver_Loss: 524.2103
Epoch 198/200, Batch 400, Aver_Loss: 523.2404
[early-stopping] Epoch 198: no improvement (17/20)
Epoch 199/200, Batch 100, Aver_Loss: 523.5005
Epoch 199/200, Batch 200, Aver_Loss: 524.5815
Epoch 199/200, Batch 300, Aver_Loss: 521.7662
Epoch 199/200, Batch 400, Aver_Loss: 526.4047
[early-stopping] Epoch 199: no improvement (18/20)
Epoch 200/200, Batch 100, Aver_Loss: 525.8422
Epoch 200/200, Batch 200, Aver_Loss: 522.9882
Epoch 200/200, Batch 300, Aver_Loss: 523.3437
Epoch 200/200, Batch 400, Aver_Loss: 527.0906
[early-stopping] Epoch 200: no improvement (19/20)
[early-stopping] Loaded best model from epoch 181 (val ELBO = -523.955393)
[checkpoint] Saved best model to: trained_parameters/mnist_background_random_zdim16_VAE.pkl
[saved curves] ./results/MNIST_BG_RANDOM/curves/mnist_background_random_vae_d16_s777.json

==== Evaluation Summary ====
                 model: vae
   recon/mse_per_pixel: 0.080725
            elbo/train: -523.591544
             elbo/test: -523.985375
             mse/train: 0.080475
              mse/test: 0.080725
             probe/acc: 0.797177
             probe/nll: 0.620169
           probe/brier: 0.289101
             probe/ece: 0.025415
           cluster/nmi: 0.450447
           cluster/ari: 0.331981
============================

