/usr/bin/which: no fi_info in (/arf/home/meyavuz/.local/bin:/arf/sw/comp/python/intelpython3/condabin:/arf/sw/comp/python/intelpython3/bin:/usr/share/Modules/bin:/usr/local/bin:/usr/bin:/usr/local/sbin:/usr/sbin)
Extension for Scikit-learn* enabled (https://github.com/uxlfoundation/scikit-learn-intelex)
/arf/home/meyavuz/.conda/envs/sbn/lib/python3.9/site-packages/sklearn/linear_model/_logistic.py:1247: FutureWarning: 'multi_class' was deprecated in version 1.5 and will be removed in 1.7. From then on, it will always use 'multinomial'. Leave it to its default value to avoid this warning.
  warnings.warn(
Epoch 1/200, Batch 100, Aver_Loss: 206.6238
Epoch 1/200, Batch 200, Aver_Loss: 180.8849
Epoch 1/200, Batch 300, Aver_Loss: 161.2631
Epoch 1/200, Batch 400, Aver_Loss: 157.2978
[early-stopping] Epoch 1: new best val ELBO = -153.901196
Epoch 2/200, Batch 100, Aver_Loss: 150.5683
Epoch 2/200, Batch 200, Aver_Loss: 148.5207
Epoch 2/200, Batch 300, Aver_Loss: 150.8956
Epoch 2/200, Batch 400, Aver_Loss: 151.3531
[early-stopping] Epoch 2: new best val ELBO = -147.414168
Epoch 3/200, Batch 100, Aver_Loss: 147.7038
Epoch 3/200, Batch 200, Aver_Loss: 148.4689
Epoch 3/200, Batch 300, Aver_Loss: 138.6046
Epoch 3/200, Batch 400, Aver_Loss: 144.7578
[early-stopping] Epoch 3: new best val ELBO = -143.111553
Epoch 4/200, Batch 100, Aver_Loss: 141.7139
Epoch 4/200, Batch 200, Aver_Loss: 140.5580
Epoch 4/200, Batch 300, Aver_Loss: 142.8026
Epoch 4/200, Batch 400, Aver_Loss: 139.9560
[early-stopping] Epoch 4: new best val ELBO = -140.035389
Epoch 5/200, Batch 100, Aver_Loss: 134.4080
Epoch 5/200, Batch 200, Aver_Loss: 140.8301
Epoch 5/200, Batch 300, Aver_Loss: 141.5122
Epoch 5/200, Batch 400, Aver_Loss: 140.6451
[early-stopping] Epoch 5: new best val ELBO = -138.014378
Epoch 6/200, Batch 100, Aver_Loss: 136.0305
Epoch 6/200, Batch 200, Aver_Loss: 133.0710
Epoch 6/200, Batch 300, Aver_Loss: 133.4718
Epoch 6/200, Batch 400, Aver_Loss: 139.2984
[early-stopping] Epoch 6: new best val ELBO = -136.322843
Epoch 7/200, Batch 100, Aver_Loss: 136.1853
Epoch 7/200, Batch 200, Aver_Loss: 134.4134
Epoch 7/200, Batch 300, Aver_Loss: 136.5302
Epoch 7/200, Batch 400, Aver_Loss: 132.6684
[early-stopping] Epoch 7: new best val ELBO = -135.063705
Epoch 8/200, Batch 100, Aver_Loss: 134.3618
Epoch 8/200, Batch 200, Aver_Loss: 132.3454
Epoch 8/200, Batch 300, Aver_Loss: 127.4271
Epoch 8/200, Batch 400, Aver_Loss: 132.5603
[early-stopping] Epoch 8: new best val ELBO = -133.791744
Epoch 9/200, Batch 100, Aver_Loss: 131.6048
Epoch 9/200, Batch 200, Aver_Loss: 132.9241
Epoch 9/200, Batch 300, Aver_Loss: 133.4833
Epoch 9/200, Batch 400, Aver_Loss: 135.1284
[early-stopping] Epoch 9: new best val ELBO = -133.300822
Epoch 10/200, Batch 100, Aver_Loss: 132.4836
Epoch 10/200, Batch 200, Aver_Loss: 130.1537
Epoch 10/200, Batch 300, Aver_Loss: 124.6861
Epoch 10/200, Batch 400, Aver_Loss: 127.5895
[early-stopping] Epoch 10: new best val ELBO = -132.078498
Epoch 11/200, Batch 100, Aver_Loss: 127.2223
Epoch 11/200, Batch 200, Aver_Loss: 128.1831
Epoch 11/200, Batch 300, Aver_Loss: 129.6936
Epoch 11/200, Batch 400, Aver_Loss: 130.9364
[early-stopping] Epoch 11: new best val ELBO = -131.474786
Epoch 12/200, Batch 100, Aver_Loss: 128.4431
Epoch 12/200, Batch 200, Aver_Loss: 129.1345
Epoch 12/200, Batch 300, Aver_Loss: 131.3608
Epoch 12/200, Batch 400, Aver_Loss: 130.3271
[early-stopping] Epoch 12: new best val ELBO = -130.876940
Epoch 13/200, Batch 100, Aver_Loss: 129.1586
Epoch 13/200, Batch 200, Aver_Loss: 129.5167
Epoch 13/200, Batch 300, Aver_Loss: 123.9650
Epoch 13/200, Batch 400, Aver_Loss: 132.5226
[early-stopping] Epoch 13: new best val ELBO = -130.674990
Epoch 14/200, Batch 100, Aver_Loss: 132.1758
Epoch 14/200, Batch 200, Aver_Loss: 127.2217
Epoch 14/200, Batch 300, Aver_Loss: 133.0583
Epoch 14/200, Batch 400, Aver_Loss: 133.5030
[early-stopping] Epoch 14: new best val ELBO = -130.027187
Epoch 15/200, Batch 100, Aver_Loss: 133.7239
Epoch 15/200, Batch 200, Aver_Loss: 128.3821
Epoch 15/200, Batch 300, Aver_Loss: 131.6959
Epoch 15/200, Batch 400, Aver_Loss: 129.8352
[early-stopping] Epoch 15: new best val ELBO = -129.624970
Epoch 16/200, Batch 100, Aver_Loss: 127.3763
Epoch 16/200, Batch 200, Aver_Loss: 123.0621
Epoch 16/200, Batch 300, Aver_Loss: 126.7437
Epoch 16/200, Batch 400, Aver_Loss: 128.5422
[early-stopping] Epoch 16: new best val ELBO = -129.421604
Epoch 17/200, Batch 100, Aver_Loss: 128.6566
Epoch 17/200, Batch 200, Aver_Loss: 129.8246
Epoch 17/200, Batch 300, Aver_Loss: 127.4417
Epoch 17/200, Batch 400, Aver_Loss: 128.5043
[early-stopping] Epoch 17: new best val ELBO = -129.152559
Epoch 18/200, Batch 100, Aver_Loss: 126.6946
Epoch 18/200, Batch 200, Aver_Loss: 126.1394
Epoch 18/200, Batch 300, Aver_Loss: 121.6476
Epoch 18/200, Batch 400, Aver_Loss: 131.4005
[early-stopping] Epoch 18: new best val ELBO = -129.118018
Epoch 19/200, Batch 100, Aver_Loss: 129.4535
Epoch 19/200, Batch 200, Aver_Loss: 126.0667
Epoch 19/200, Batch 300, Aver_Loss: 123.1744
Epoch 19/200, Batch 400, Aver_Loss: 124.7383
[early-stopping] Epoch 19: new best val ELBO = -128.900322
Epoch 20/200, Batch 100, Aver_Loss: 123.5520
Epoch 20/200, Batch 200, Aver_Loss: 128.6748
Epoch 20/200, Batch 300, Aver_Loss: 128.3404
Epoch 20/200, Batch 400, Aver_Loss: 129.9389
[early-stopping] Epoch 20: new best val ELBO = -128.842940
Epoch 21/200, Batch 100, Aver_Loss: 124.3374
Epoch 21/200, Batch 200, Aver_Loss: 128.4469
Epoch 21/200, Batch 300, Aver_Loss: 129.7442
Epoch 21/200, Batch 400, Aver_Loss: 125.5028
[early-stopping] Epoch 21: new best val ELBO = -128.506104
Epoch 22/200, Batch 100, Aver_Loss: 122.7628
Epoch 22/200, Batch 200, Aver_Loss: 128.9719
Epoch 22/200, Batch 300, Aver_Loss: 123.3397
Epoch 22/200, Batch 400, Aver_Loss: 124.5612
[early-stopping] Epoch 22: new best val ELBO = -128.397487
Epoch 23/200, Batch 100, Aver_Loss: 124.6397
Epoch 23/200, Batch 200, Aver_Loss: 125.7086
Epoch 23/200, Batch 300, Aver_Loss: 124.1485
Epoch 23/200, Batch 400, Aver_Loss: 128.8521
[early-stopping] Epoch 23: new best val ELBO = -128.157166
Epoch 24/200, Batch 100, Aver_Loss: 129.8955
Epoch 24/200, Batch 200, Aver_Loss: 122.6987
Epoch 24/200, Batch 300, Aver_Loss: 128.0726
Epoch 24/200, Batch 400, Aver_Loss: 127.3468
[early-stopping] Epoch 24: new best val ELBO = -128.053202
Epoch 25/200, Batch 100, Aver_Loss: 130.1051
Epoch 25/200, Batch 200, Aver_Loss: 130.5231
Epoch 25/200, Batch 300, Aver_Loss: 124.8607
Epoch 25/200, Batch 400, Aver_Loss: 126.4135
[early-stopping] Epoch 25: new best val ELBO = -127.795757
Epoch 26/200, Batch 100, Aver_Loss: 118.7378
Epoch 26/200, Batch 200, Aver_Loss: 125.2773
Epoch 26/200, Batch 300, Aver_Loss: 127.2071
Epoch 26/200, Batch 400, Aver_Loss: 125.6024
[early-stopping] Epoch 26: no improvement (1/20)
Epoch 27/200, Batch 100, Aver_Loss: 125.4641
Epoch 27/200, Batch 200, Aver_Loss: 121.9910
Epoch 27/200, Batch 300, Aver_Loss: 125.6365
Epoch 27/200, Batch 400, Aver_Loss: 127.5050
[early-stopping] Epoch 27: no improvement (2/20)
Epoch 28/200, Batch 100, Aver_Loss: 121.2813
Epoch 28/200, Batch 200, Aver_Loss: 122.5545
Epoch 28/200, Batch 300, Aver_Loss: 128.6267
Epoch 28/200, Batch 400, Aver_Loss: 127.7578
[early-stopping] Epoch 28: no improvement (3/20)
Epoch 29/200, Batch 100, Aver_Loss: 124.7856
Epoch 29/200, Batch 200, Aver_Loss: 121.8345
Epoch 29/200, Batch 300, Aver_Loss: 125.8569
Epoch 29/200, Batch 400, Aver_Loss: 127.2891
[early-stopping] Epoch 29: new best val ELBO = -127.770285
Epoch 30/200, Batch 100, Aver_Loss: 122.8695
Epoch 30/200, Batch 200, Aver_Loss: 121.8768
Epoch 30/200, Batch 300, Aver_Loss: 126.1238
Epoch 30/200, Batch 400, Aver_Loss: 126.1880
[early-stopping] Epoch 30: new best val ELBO = -127.667219
Epoch 31/200, Batch 100, Aver_Loss: 122.2126
Epoch 31/200, Batch 200, Aver_Loss: 122.9816
Epoch 31/200, Batch 300, Aver_Loss: 125.5240
Epoch 31/200, Batch 400, Aver_Loss: 123.4089
[early-stopping] Epoch 31: new best val ELBO = -127.481924
Epoch 32/200, Batch 100, Aver_Loss: 123.5464
Epoch 32/200, Batch 200, Aver_Loss: 131.5809
Epoch 32/200, Batch 300, Aver_Loss: 125.2729
Epoch 32/200, Batch 400, Aver_Loss: 120.8946
[early-stopping] Epoch 32: new best val ELBO = -127.221633
Epoch 33/200, Batch 100, Aver_Loss: 126.2323
Epoch 33/200, Batch 200, Aver_Loss: 124.3042
Epoch 33/200, Batch 300, Aver_Loss: 122.8560
Epoch 33/200, Batch 400, Aver_Loss: 125.0050
[early-stopping] Epoch 33: no improvement (1/20)
Epoch 34/200, Batch 100, Aver_Loss: 126.2070
Epoch 34/200, Batch 200, Aver_Loss: 124.2470
Epoch 34/200, Batch 300, Aver_Loss: 128.2149
Epoch 34/200, Batch 400, Aver_Loss: 121.8343
[early-stopping] Epoch 34: no improvement (2/20)
Epoch 35/200, Batch 100, Aver_Loss: 124.2778
Epoch 35/200, Batch 200, Aver_Loss: 124.9934
Epoch 35/200, Batch 300, Aver_Loss: 123.5374
Epoch 35/200, Batch 400, Aver_Loss: 129.9242
[early-stopping] Epoch 35: new best val ELBO = -127.111789
Epoch 36/200, Batch 100, Aver_Loss: 128.7166
Epoch 36/200, Batch 200, Aver_Loss: 123.9880
Epoch 36/200, Batch 300, Aver_Loss: 124.0559
Epoch 36/200, Batch 400, Aver_Loss: 125.8040
[early-stopping] Epoch 36: no improvement (1/20)
Epoch 37/200, Batch 100, Aver_Loss: 130.1051
Epoch 37/200, Batch 200, Aver_Loss: 126.9122
Epoch 37/200, Batch 300, Aver_Loss: 128.0924
Epoch 37/200, Batch 400, Aver_Loss: 127.4985
[early-stopping] Epoch 37: new best val ELBO = -127.076367
Epoch 38/200, Batch 100, Aver_Loss: 124.5970
Epoch 38/200, Batch 200, Aver_Loss: 127.5105
Epoch 38/200, Batch 300, Aver_Loss: 122.6355
Epoch 38/200, Batch 400, Aver_Loss: 129.9621
[early-stopping] Epoch 38: no improvement (1/20)
Epoch 39/200, Batch 100, Aver_Loss: 124.1755
Epoch 39/200, Batch 200, Aver_Loss: 125.2929
Epoch 39/200, Batch 300, Aver_Loss: 125.6206
Epoch 39/200, Batch 400, Aver_Loss: 123.8290
[early-stopping] Epoch 39: no improvement (2/20)
Epoch 40/200, Batch 100, Aver_Loss: 123.8850
Epoch 40/200, Batch 200, Aver_Loss: 122.1599
Epoch 40/200, Batch 300, Aver_Loss: 122.8047
Epoch 40/200, Batch 400, Aver_Loss: 125.8725
[early-stopping] Epoch 40: new best val ELBO = -126.888001
Epoch 41/200, Batch 100, Aver_Loss: 117.7186
Epoch 41/200, Batch 200, Aver_Loss: 122.5000
Epoch 41/200, Batch 300, Aver_Loss: 129.1375
Epoch 41/200, Batch 400, Aver_Loss: 125.5834
[early-stopping] Epoch 41: new best val ELBO = -126.843903
Epoch 42/200, Batch 100, Aver_Loss: 126.9485
Epoch 42/200, Batch 200, Aver_Loss: 121.8688
Epoch 42/200, Batch 300, Aver_Loss: 126.5760
Epoch 42/200, Batch 400, Aver_Loss: 125.2061
[early-stopping] Epoch 42: no improvement (1/20)
Epoch 43/200, Batch 100, Aver_Loss: 125.3089
Epoch 43/200, Batch 200, Aver_Loss: 125.5319
Epoch 43/200, Batch 300, Aver_Loss: 124.8977
Epoch 43/200, Batch 400, Aver_Loss: 127.3831
[early-stopping] Epoch 43: new best val ELBO = -126.712095
Epoch 44/200, Batch 100, Aver_Loss: 126.3457
Epoch 44/200, Batch 200, Aver_Loss: 127.6339
Epoch 44/200, Batch 300, Aver_Loss: 121.5089
Epoch 44/200, Batch 400, Aver_Loss: 127.5037
[early-stopping] Epoch 44: no improvement (1/20)
Epoch 45/200, Batch 100, Aver_Loss: 128.1768
Epoch 45/200, Batch 200, Aver_Loss: 126.7068
Epoch 45/200, Batch 300, Aver_Loss: 123.3772
Epoch 45/200, Batch 400, Aver_Loss: 123.0418
[early-stopping] Epoch 45: no improvement (2/20)
Epoch 46/200, Batch 100, Aver_Loss: 122.2826
Epoch 46/200, Batch 200, Aver_Loss: 121.0519
Epoch 46/200, Batch 300, Aver_Loss: 121.9172
Epoch 46/200, Batch 400, Aver_Loss: 119.2773
[early-stopping] Epoch 46: no improvement (3/20)
Epoch 47/200, Batch 100, Aver_Loss: 123.2657
Epoch 47/200, Batch 200, Aver_Loss: 124.9552
Epoch 47/200, Batch 300, Aver_Loss: 127.0835
Epoch 47/200, Batch 400, Aver_Loss: 119.2627
[early-stopping] Epoch 47: no improvement (4/20)
Epoch 48/200, Batch 100, Aver_Loss: 126.9827
Epoch 48/200, Batch 200, Aver_Loss: 123.4432
Epoch 48/200, Batch 300, Aver_Loss: 129.5254
Epoch 48/200, Batch 400, Aver_Loss: 124.1331
[early-stopping] Epoch 48: new best val ELBO = -126.494668
Epoch 49/200, Batch 100, Aver_Loss: 124.8458
Epoch 49/200, Batch 200, Aver_Loss: 128.3107
Epoch 49/200, Batch 300, Aver_Loss: 123.3239
Epoch 49/200, Batch 400, Aver_Loss: 118.7383
[early-stopping] Epoch 49: no improvement (1/20)
Epoch 50/200, Batch 100, Aver_Loss: 122.6656
Epoch 50/200, Batch 200, Aver_Loss: 122.5910
Epoch 50/200, Batch 300, Aver_Loss: 121.9618
Epoch 50/200, Batch 400, Aver_Loss: 123.4132
[early-stopping] Epoch 50: no improvement (2/20)
Epoch 51/200, Batch 100, Aver_Loss: 128.8286
Epoch 51/200, Batch 200, Aver_Loss: 124.0308
Epoch 51/200, Batch 300, Aver_Loss: 127.6617
Epoch 51/200, Batch 400, Aver_Loss: 125.9796
[early-stopping] Epoch 51: new best val ELBO = -126.489385
Epoch 52/200, Batch 100, Aver_Loss: 124.8944
Epoch 52/200, Batch 200, Aver_Loss: 118.9679
Epoch 52/200, Batch 300, Aver_Loss: 133.5509
Epoch 52/200, Batch 400, Aver_Loss: 126.2740
[early-stopping] Epoch 52: no improvement (1/20)
Epoch 53/200, Batch 100, Aver_Loss: 127.0804
Epoch 53/200, Batch 200, Aver_Loss: 126.2768
Epoch 53/200, Batch 300, Aver_Loss: 124.9558
Epoch 53/200, Batch 400, Aver_Loss: 125.1363
[early-stopping] Epoch 53: no improvement (2/20)
Epoch 54/200, Batch 100, Aver_Loss: 118.7664
Epoch 54/200, Batch 200, Aver_Loss: 124.7915
Epoch 54/200, Batch 300, Aver_Loss: 124.3536
Epoch 54/200, Batch 400, Aver_Loss: 127.9580
[early-stopping] Epoch 54: no improvement (3/20)
Epoch 55/200, Batch 100, Aver_Loss: 126.0996
Epoch 55/200, Batch 200, Aver_Loss: 121.0238
Epoch 55/200, Batch 300, Aver_Loss: 129.1429
Epoch 55/200, Batch 400, Aver_Loss: 125.4977
[early-stopping] Epoch 55: new best val ELBO = -126.483191
Epoch 56/200, Batch 100, Aver_Loss: 118.9441
Epoch 56/200, Batch 200, Aver_Loss: 123.8792
Epoch 56/200, Batch 300, Aver_Loss: 125.1344
Epoch 56/200, Batch 400, Aver_Loss: 124.1327
[early-stopping] Epoch 56: no improvement (1/20)
Epoch 57/200, Batch 100, Aver_Loss: 124.7936
Epoch 57/200, Batch 200, Aver_Loss: 125.8892
Epoch 57/200, Batch 300, Aver_Loss: 126.4511
Epoch 57/200, Batch 400, Aver_Loss: 128.0031
[early-stopping] Epoch 57: new best val ELBO = -126.466399
Epoch 58/200, Batch 100, Aver_Loss: 120.1812
Epoch 58/200, Batch 200, Aver_Loss: 124.8640
Epoch 58/200, Batch 300, Aver_Loss: 124.1087
Epoch 58/200, Batch 400, Aver_Loss: 122.1314
[early-stopping] Epoch 58: new best val ELBO = -126.403011
Epoch 59/200, Batch 100, Aver_Loss: 123.7476
Epoch 59/200, Batch 200, Aver_Loss: 122.1087
Epoch 59/200, Batch 300, Aver_Loss: 126.4146
Epoch 59/200, Batch 400, Aver_Loss: 123.6010
[early-stopping] Epoch 59: new best val ELBO = -126.378025
Epoch 60/200, Batch 100, Aver_Loss: 118.4920
Epoch 60/200, Batch 200, Aver_Loss: 127.2667
Epoch 60/200, Batch 300, Aver_Loss: 123.5905
Epoch 60/200, Batch 400, Aver_Loss: 123.7450
[early-stopping] Epoch 60: no improvement (1/20)
Epoch 61/200, Batch 100, Aver_Loss: 123.2582
Epoch 61/200, Batch 200, Aver_Loss: 123.6779
Epoch 61/200, Batch 300, Aver_Loss: 127.0344
Epoch 61/200, Batch 400, Aver_Loss: 123.3064
[early-stopping] Epoch 61: new best val ELBO = -126.155100
Epoch 62/200, Batch 100, Aver_Loss: 125.3694
Epoch 62/200, Batch 200, Aver_Loss: 127.0172
Epoch 62/200, Batch 300, Aver_Loss: 124.6230
Epoch 62/200, Batch 400, Aver_Loss: 126.6778
[early-stopping] Epoch 62: no improvement (1/20)
Epoch 63/200, Batch 100, Aver_Loss: 127.9304
Epoch 63/200, Batch 200, Aver_Loss: 128.9570
Epoch 63/200, Batch 300, Aver_Loss: 125.9910
Epoch 63/200, Batch 400, Aver_Loss: 123.2253
[early-stopping] Epoch 63: no improvement (2/20)
Epoch 64/200, Batch 100, Aver_Loss: 124.1947
Epoch 64/200, Batch 200, Aver_Loss: 123.2478
Epoch 64/200, Batch 300, Aver_Loss: 122.5969
Epoch 64/200, Batch 400, Aver_Loss: 120.9753
[early-stopping] Epoch 64: no improvement (3/20)
Epoch 65/200, Batch 100, Aver_Loss: 125.5840
Epoch 65/200, Batch 200, Aver_Loss: 121.1626
Epoch 65/200, Batch 300, Aver_Loss: 122.5453
Epoch 65/200, Batch 400, Aver_Loss: 124.0817
[early-stopping] Epoch 65: no improvement (4/20)
Epoch 66/200, Batch 100, Aver_Loss: 124.0240
Epoch 66/200, Batch 200, Aver_Loss: 121.1332
Epoch 66/200, Batch 300, Aver_Loss: 124.5369
Epoch 66/200, Batch 400, Aver_Loss: 128.8602
[early-stopping] Epoch 66: no improvement (5/20)
Epoch 67/200, Batch 100, Aver_Loss: 121.0206
Epoch 67/200, Batch 200, Aver_Loss: 122.8986
Epoch 67/200, Batch 300, Aver_Loss: 123.9552
Epoch 67/200, Batch 400, Aver_Loss: 119.6158
[early-stopping] Epoch 67: no improvement (6/20)
Epoch 68/200, Batch 100, Aver_Loss: 126.1216
Epoch 68/200, Batch 200, Aver_Loss: 122.9404
Epoch 68/200, Batch 300, Aver_Loss: 125.8864
Epoch 68/200, Batch 400, Aver_Loss: 126.3468
[early-stopping] Epoch 68: no improvement (7/20)
Epoch 69/200, Batch 100, Aver_Loss: 119.9890
Epoch 69/200, Batch 200, Aver_Loss: 122.4451
Epoch 69/200, Batch 300, Aver_Loss: 124.8548
Epoch 69/200, Batch 400, Aver_Loss: 124.7729
[early-stopping] Epoch 69: no improvement (8/20)
Epoch 70/200, Batch 100, Aver_Loss: 124.2004
Epoch 70/200, Batch 200, Aver_Loss: 120.8606
Epoch 70/200, Batch 300, Aver_Loss: 127.0007
Epoch 70/200, Batch 400, Aver_Loss: 120.3193
[early-stopping] Epoch 70: new best val ELBO = -126.054588
Epoch 71/200, Batch 100, Aver_Loss: 126.0238
Epoch 71/200, Batch 200, Aver_Loss: 124.2207
Epoch 71/200, Batch 300, Aver_Loss: 127.9022
Epoch 71/200, Batch 400, Aver_Loss: 126.8923
[early-stopping] Epoch 71: no improvement (1/20)
Epoch 72/200, Batch 100, Aver_Loss: 125.3747
Epoch 72/200, Batch 200, Aver_Loss: 127.9708
Epoch 72/200, Batch 300, Aver_Loss: 130.2158
Epoch 72/200, Batch 400, Aver_Loss: 121.8230
[early-stopping] Epoch 72: no improvement (2/20)
Epoch 73/200, Batch 100, Aver_Loss: 119.2459
Epoch 73/200, Batch 200, Aver_Loss: 126.8514
Epoch 73/200, Batch 300, Aver_Loss: 122.1404
Epoch 73/200, Batch 400, Aver_Loss: 115.1076
[early-stopping] Epoch 73: no improvement (3/20)
Epoch 74/200, Batch 100, Aver_Loss: 124.9630
Epoch 74/200, Batch 200, Aver_Loss: 119.1986
Epoch 74/200, Batch 300, Aver_Loss: 125.4848
Epoch 74/200, Batch 400, Aver_Loss: 121.7678
[early-stopping] Epoch 74: no improvement (4/20)
Epoch 75/200, Batch 100, Aver_Loss: 124.5103
Epoch 75/200, Batch 200, Aver_Loss: 124.2895
Epoch 75/200, Batch 300, Aver_Loss: 127.9476
Epoch 75/200, Batch 400, Aver_Loss: 122.3653
[early-stopping] Epoch 75: new best val ELBO = -126.051775
Epoch 76/200, Batch 100, Aver_Loss: 124.4796
Epoch 76/200, Batch 200, Aver_Loss: 119.7364
Epoch 76/200, Batch 300, Aver_Loss: 128.8724
Epoch 76/200, Batch 400, Aver_Loss: 123.0425
[early-stopping] Epoch 76: new best val ELBO = -125.969943
Epoch 77/200, Batch 100, Aver_Loss: 126.8915
Epoch 77/200, Batch 200, Aver_Loss: 121.5707
Epoch 77/200, Batch 300, Aver_Loss: 128.1541
Epoch 77/200, Batch 400, Aver_Loss: 126.3186
[early-stopping] Epoch 77: no improvement (1/20)
Epoch 78/200, Batch 100, Aver_Loss: 121.2810
Epoch 78/200, Batch 200, Aver_Loss: 121.2517
Epoch 78/200, Batch 300, Aver_Loss: 122.7442
Epoch 78/200, Batch 400, Aver_Loss: 120.7768
[early-stopping] Epoch 78: no improvement (2/20)
Epoch 79/200, Batch 100, Aver_Loss: 128.0723
Epoch 79/200, Batch 200, Aver_Loss: 124.8668
Epoch 79/200, Batch 300, Aver_Loss: 123.7432
Epoch 79/200, Batch 400, Aver_Loss: 121.8531
[early-stopping] Epoch 79: new best val ELBO = -125.923177
Epoch 80/200, Batch 100, Aver_Loss: 125.2584
Epoch 80/200, Batch 200, Aver_Loss: 120.9186
Epoch 80/200, Batch 300, Aver_Loss: 127.1738
Epoch 80/200, Batch 400, Aver_Loss: 124.4053
[early-stopping] Epoch 80: no improvement (1/20)
Epoch 81/200, Batch 100, Aver_Loss: 126.3898
Epoch 81/200, Batch 200, Aver_Loss: 126.6550
Epoch 81/200, Batch 300, Aver_Loss: 125.7734
Epoch 81/200, Batch 400, Aver_Loss: 119.4738
[early-stopping] Epoch 81: no improvement (2/20)
Epoch 82/200, Batch 100, Aver_Loss: 130.8457
Epoch 82/200, Batch 200, Aver_Loss: 121.9266
Epoch 82/200, Batch 300, Aver_Loss: 121.2721
Epoch 82/200, Batch 400, Aver_Loss: 120.1513
[early-stopping] Epoch 82: no improvement (3/20)
Epoch 83/200, Batch 100, Aver_Loss: 122.4869
Epoch 83/200, Batch 200, Aver_Loss: 122.6853
Epoch 83/200, Batch 300, Aver_Loss: 125.1713
Epoch 83/200, Batch 400, Aver_Loss: 127.1108
[early-stopping] Epoch 83: no improvement (4/20)
Epoch 84/200, Batch 100, Aver_Loss: 124.7516
Epoch 84/200, Batch 200, Aver_Loss: 119.8303
Epoch 84/200, Batch 300, Aver_Loss: 118.2525
Epoch 84/200, Batch 400, Aver_Loss: 124.1895
[early-stopping] Epoch 84: no improvement (5/20)
Epoch 85/200, Batch 100, Aver_Loss: 122.5302
Epoch 85/200, Batch 200, Aver_Loss: 122.9529
Epoch 85/200, Batch 300, Aver_Loss: 122.1227
Epoch 85/200, Batch 400, Aver_Loss: 126.6715
[early-stopping] Epoch 85: new best val ELBO = -125.886811
Epoch 86/200, Batch 100, Aver_Loss: 124.0460
Epoch 86/200, Batch 200, Aver_Loss: 120.3471
Epoch 86/200, Batch 300, Aver_Loss: 121.1108
Epoch 86/200, Batch 400, Aver_Loss: 121.2997
[early-stopping] Epoch 86: no improvement (1/20)
Epoch 87/200, Batch 100, Aver_Loss: 123.5188
Epoch 87/200, Batch 200, Aver_Loss: 123.7159
Epoch 87/200, Batch 300, Aver_Loss: 117.8292
Epoch 87/200, Batch 400, Aver_Loss: 122.3631
[early-stopping] Epoch 87: new best val ELBO = -125.877914
Epoch 88/200, Batch 100, Aver_Loss: 119.4390
Epoch 88/200, Batch 200, Aver_Loss: 119.3002
Epoch 88/200, Batch 300, Aver_Loss: 119.5084
Epoch 88/200, Batch 400, Aver_Loss: 128.2061
[early-stopping] Epoch 88: no improvement (1/20)
Epoch 89/200, Batch 100, Aver_Loss: 123.1426
Epoch 89/200, Batch 200, Aver_Loss: 124.9843
Epoch 89/200, Batch 300, Aver_Loss: 123.2364
Epoch 89/200, Batch 400, Aver_Loss: 121.4690
[early-stopping] Epoch 89: no improvement (2/20)
Epoch 90/200, Batch 100, Aver_Loss: 121.8594
Epoch 90/200, Batch 200, Aver_Loss: 123.6380
Epoch 90/200, Batch 300, Aver_Loss: 122.4572
Epoch 90/200, Batch 400, Aver_Loss: 122.4148
[early-stopping] Epoch 90: no improvement (3/20)
Epoch 91/200, Batch 100, Aver_Loss: 119.8182
Epoch 91/200, Batch 200, Aver_Loss: 122.2301
Epoch 91/200, Batch 300, Aver_Loss: 121.7036
Epoch 91/200, Batch 400, Aver_Loss: 125.6065
[early-stopping] Epoch 91: no improvement (4/20)
Epoch 92/200, Batch 100, Aver_Loss: 123.7276
Epoch 92/200, Batch 200, Aver_Loss: 124.3115
Epoch 92/200, Batch 300, Aver_Loss: 126.4697
Epoch 92/200, Batch 400, Aver_Loss: 124.5571
[early-stopping] Epoch 92: new best val ELBO = -125.839904
Epoch 93/200, Batch 100, Aver_Loss: 118.4317
Epoch 93/200, Batch 200, Aver_Loss: 115.3656
Epoch 93/200, Batch 300, Aver_Loss: 120.8351
Epoch 93/200, Batch 400, Aver_Loss: 126.8029
[early-stopping] Epoch 93: new best val ELBO = -125.775257
Epoch 94/200, Batch 100, Aver_Loss: 120.7169
Epoch 94/200, Batch 200, Aver_Loss: 123.4778
Epoch 94/200, Batch 300, Aver_Loss: 120.8600
Epoch 94/200, Batch 400, Aver_Loss: 124.0306
[early-stopping] Epoch 94: no improvement (1/20)
Epoch 95/200, Batch 100, Aver_Loss: 122.4974
Epoch 95/200, Batch 200, Aver_Loss: 121.3535
Epoch 95/200, Batch 300, Aver_Loss: 122.0127
Epoch 95/200, Batch 400, Aver_Loss: 126.5740
[early-stopping] Epoch 95: new best val ELBO = -125.697189
Epoch 96/200, Batch 100, Aver_Loss: 124.3394
Epoch 96/200, Batch 200, Aver_Loss: 123.0319
Epoch 96/200, Batch 300, Aver_Loss: 124.5291
Epoch 96/200, Batch 400, Aver_Loss: 119.2419
[early-stopping] Epoch 96: no improvement (1/20)
Epoch 97/200, Batch 100, Aver_Loss: 122.3179
Epoch 97/200, Batch 200, Aver_Loss: 119.6486
Epoch 97/200, Batch 300, Aver_Loss: 121.8896
Epoch 97/200, Batch 400, Aver_Loss: 127.0675
[early-stopping] Epoch 97: no improvement (2/20)
Epoch 98/200, Batch 100, Aver_Loss: 121.3590
Epoch 98/200, Batch 200, Aver_Loss: 122.3553
Epoch 98/200, Batch 300, Aver_Loss: 122.8121
Epoch 98/200, Batch 400, Aver_Loss: 121.4707
[early-stopping] Epoch 98: no improvement (3/20)
Epoch 99/200, Batch 100, Aver_Loss: 127.0890
Epoch 99/200, Batch 200, Aver_Loss: 121.3731
Epoch 99/200, Batch 300, Aver_Loss: 122.4210
Epoch 99/200, Batch 400, Aver_Loss: 121.6524
[early-stopping] Epoch 99: no improvement (4/20)
Epoch 100/200, Batch 100, Aver_Loss: 123.3297
Epoch 100/200, Batch 200, Aver_Loss: 125.8774
Epoch 100/200, Batch 300, Aver_Loss: 120.6949
Epoch 100/200, Batch 400, Aver_Loss: 124.5326
[early-stopping] Epoch 100: no improvement (5/20)
Epoch 101/200, Batch 100, Aver_Loss: 121.1122
Epoch 101/200, Batch 200, Aver_Loss: 122.7966
Epoch 101/200, Batch 300, Aver_Loss: 122.0877
Epoch 101/200, Batch 400, Aver_Loss: 122.7602
[early-stopping] Epoch 101: no improvement (6/20)
Epoch 102/200, Batch 100, Aver_Loss: 120.3453
Epoch 102/200, Batch 200, Aver_Loss: 121.7386
Epoch 102/200, Batch 300, Aver_Loss: 123.1900
Epoch 102/200, Batch 400, Aver_Loss: 124.7769
[early-stopping] Epoch 102: no improvement (7/20)
Epoch 103/200, Batch 100, Aver_Loss: 123.4045
Epoch 103/200, Batch 200, Aver_Loss: 124.9665
Epoch 103/200, Batch 300, Aver_Loss: 124.7007
Epoch 103/200, Batch 400, Aver_Loss: 126.1828
[early-stopping] Epoch 103: no improvement (8/20)
Epoch 104/200, Batch 100, Aver_Loss: 120.3888
Epoch 104/200, Batch 200, Aver_Loss: 121.9569
Epoch 104/200, Batch 300, Aver_Loss: 124.2838
Epoch 104/200, Batch 400, Aver_Loss: 123.6131
[early-stopping] Epoch 104: no improvement (9/20)
Epoch 105/200, Batch 100, Aver_Loss: 122.6621
Epoch 105/200, Batch 200, Aver_Loss: 121.0956
Epoch 105/200, Batch 300, Aver_Loss: 119.1746
Epoch 105/200, Batch 400, Aver_Loss: 123.4124
[early-stopping] Epoch 105: no improvement (10/20)
Epoch 106/200, Batch 100, Aver_Loss: 126.5008
Epoch 106/200, Batch 200, Aver_Loss: 125.3243
Epoch 106/200, Batch 300, Aver_Loss: 127.8445
Epoch 106/200, Batch 400, Aver_Loss: 123.4228
[early-stopping] Epoch 106: new best val ELBO = -125.687942
Epoch 107/200, Batch 100, Aver_Loss: 112.3004
Epoch 107/200, Batch 200, Aver_Loss: 124.7557
Epoch 107/200, Batch 300, Aver_Loss: 125.4089
Epoch 107/200, Batch 400, Aver_Loss: 125.1800
[early-stopping] Epoch 107: no improvement (1/20)
Epoch 108/200, Batch 100, Aver_Loss: 127.5748
Epoch 108/200, Batch 200, Aver_Loss: 124.6380
Epoch 108/200, Batch 300, Aver_Loss: 125.5269
Epoch 108/200, Batch 400, Aver_Loss: 127.8755
[early-stopping] Epoch 108: new best val ELBO = -125.686594
Epoch 109/200, Batch 100, Aver_Loss: 125.8218
Epoch 109/200, Batch 200, Aver_Loss: 120.5486
Epoch 109/200, Batch 300, Aver_Loss: 122.8011
Epoch 109/200, Batch 400, Aver_Loss: 126.6713
[early-stopping] Epoch 109: no improvement (1/20)
Epoch 110/200, Batch 100, Aver_Loss: 124.7964
Epoch 110/200, Batch 200, Aver_Loss: 127.4697
Epoch 110/200, Batch 300, Aver_Loss: 119.8454
Epoch 110/200, Batch 400, Aver_Loss: 124.1348
[early-stopping] Epoch 110: no improvement (2/20)
Epoch 111/200, Batch 100, Aver_Loss: 116.9981
Epoch 111/200, Batch 200, Aver_Loss: 125.2439
Epoch 111/200, Batch 300, Aver_Loss: 128.5303
Epoch 111/200, Batch 400, Aver_Loss: 125.8727
[early-stopping] Epoch 111: no improvement (3/20)
Epoch 112/200, Batch 100, Aver_Loss: 122.2830
Epoch 112/200, Batch 200, Aver_Loss: 124.1521
Epoch 112/200, Batch 300, Aver_Loss: 120.3274
Epoch 112/200, Batch 400, Aver_Loss: 118.3931
[early-stopping] Epoch 112: no improvement (4/20)
Epoch 113/200, Batch 100, Aver_Loss: 121.5394
Epoch 113/200, Batch 200, Aver_Loss: 123.5048
Epoch 113/200, Batch 300, Aver_Loss: 129.4608
Epoch 113/200, Batch 400, Aver_Loss: 122.2087
[early-stopping] Epoch 113: no improvement (5/20)
Epoch 114/200, Batch 100, Aver_Loss: 121.9071
Epoch 114/200, Batch 200, Aver_Loss: 122.8893
Epoch 114/200, Batch 300, Aver_Loss: 122.5226
Epoch 114/200, Batch 400, Aver_Loss: 117.7176
[early-stopping] Epoch 114: new best val ELBO = -125.600996
Epoch 115/200, Batch 100, Aver_Loss: 124.8985
Epoch 115/200, Batch 200, Aver_Loss: 120.5814
Epoch 115/200, Batch 300, Aver_Loss: 123.6335
Epoch 115/200, Batch 400, Aver_Loss: 123.8062
[early-stopping] Epoch 115: new best val ELBO = -125.553215
Epoch 116/200, Batch 100, Aver_Loss: 123.2676
Epoch 116/200, Batch 200, Aver_Loss: 122.9689
Epoch 116/200, Batch 300, Aver_Loss: 119.6588
Epoch 116/200, Batch 400, Aver_Loss: 127.9432
[early-stopping] Epoch 116: no improvement (1/20)
Epoch 117/200, Batch 100, Aver_Loss: 122.4293
Epoch 117/200, Batch 200, Aver_Loss: 124.2882
Epoch 117/200, Batch 300, Aver_Loss: 122.5234
Epoch 117/200, Batch 400, Aver_Loss: 122.3080
[early-stopping] Epoch 117: no improvement (2/20)
Epoch 118/200, Batch 100, Aver_Loss: 121.8764
Epoch 118/200, Batch 200, Aver_Loss: 123.8647
Epoch 118/200, Batch 300, Aver_Loss: 119.6309
Epoch 118/200, Batch 400, Aver_Loss: 123.2394
[early-stopping] Epoch 118: no improvement (3/20)
Epoch 119/200, Batch 100, Aver_Loss: 120.1967
Epoch 119/200, Batch 200, Aver_Loss: 122.7346
Epoch 119/200, Batch 300, Aver_Loss: 125.3973
Epoch 119/200, Batch 400, Aver_Loss: 124.6745
[early-stopping] Epoch 119: no improvement (4/20)
Epoch 120/200, Batch 100, Aver_Loss: 124.1849
Epoch 120/200, Batch 200, Aver_Loss: 125.5021
Epoch 120/200, Batch 300, Aver_Loss: 121.1048
Epoch 120/200, Batch 400, Aver_Loss: 131.7020
[early-stopping] Epoch 120: no improvement (5/20)
Epoch 121/200, Batch 100, Aver_Loss: 121.0545
Epoch 121/200, Batch 200, Aver_Loss: 125.8170
Epoch 121/200, Batch 300, Aver_Loss: 119.8320
Epoch 121/200, Batch 400, Aver_Loss: 124.2812
[early-stopping] Epoch 121: no improvement (6/20)
Epoch 122/200, Batch 100, Aver_Loss: 122.0724
Epoch 122/200, Batch 200, Aver_Loss: 120.6758
Epoch 122/200, Batch 300, Aver_Loss: 125.2008
Epoch 122/200, Batch 400, Aver_Loss: 127.4638
[early-stopping] Epoch 122: no improvement (7/20)
Epoch 123/200, Batch 100, Aver_Loss: 121.6743
Epoch 123/200, Batch 200, Aver_Loss: 120.1894
Epoch 123/200, Batch 300, Aver_Loss: 122.4045
Epoch 123/200, Batch 400, Aver_Loss: 128.4396
[early-stopping] Epoch 123: no improvement (8/20)
Epoch 124/200, Batch 100, Aver_Loss: 122.1210
Epoch 124/200, Batch 200, Aver_Loss: 119.0844
Epoch 124/200, Batch 300, Aver_Loss: 123.3738
Epoch 124/200, Batch 400, Aver_Loss: 126.3430
[early-stopping] Epoch 124: no improvement (9/20)
Epoch 125/200, Batch 100, Aver_Loss: 120.5229
Epoch 125/200, Batch 200, Aver_Loss: 123.7638
Epoch 125/200, Batch 300, Aver_Loss: 125.5710
Epoch 125/200, Batch 400, Aver_Loss: 123.6633
[early-stopping] Epoch 125: no improvement (10/20)
Epoch 126/200, Batch 100, Aver_Loss: 123.0174
Epoch 126/200, Batch 200, Aver_Loss: 118.8620
Epoch 126/200, Batch 300, Aver_Loss: 122.5397
Epoch 126/200, Batch 400, Aver_Loss: 121.8630
[early-stopping] Epoch 126: no improvement (11/20)
Epoch 127/200, Batch 100, Aver_Loss: 123.0978
Epoch 127/200, Batch 200, Aver_Loss: 121.3428
Epoch 127/200, Batch 300, Aver_Loss: 116.4179
Epoch 127/200, Batch 400, Aver_Loss: 121.3799
[early-stopping] Epoch 127: no improvement (12/20)
Epoch 128/200, Batch 100, Aver_Loss: 121.7083
Epoch 128/200, Batch 200, Aver_Loss: 116.3225
Epoch 128/200, Batch 300, Aver_Loss: 117.9931
Epoch 128/200, Batch 400, Aver_Loss: 125.6737
[early-stopping] Epoch 128: no improvement (13/20)
Epoch 129/200, Batch 100, Aver_Loss: 122.5038
Epoch 129/200, Batch 200, Aver_Loss: 120.2097
Epoch 129/200, Batch 300, Aver_Loss: 119.1421
Epoch 129/200, Batch 400, Aver_Loss: 124.8054
[early-stopping] Epoch 129: no improvement (14/20)
Epoch 130/200, Batch 100, Aver_Loss: 123.4779
Epoch 130/200, Batch 200, Aver_Loss: 118.8494
Epoch 130/200, Batch 300, Aver_Loss: 126.1428
Epoch 130/200, Batch 400, Aver_Loss: 126.9304
[early-stopping] Epoch 130: no improvement (15/20)
Epoch 131/200, Batch 100, Aver_Loss: 124.1608
Epoch 131/200, Batch 200, Aver_Loss: 117.3125
Epoch 131/200, Batch 300, Aver_Loss: 124.0480
Epoch 131/200, Batch 400, Aver_Loss: 123.1813
[early-stopping] Epoch 131: new best val ELBO = -125.502530
Epoch 132/200, Batch 100, Aver_Loss: 123.1907
Epoch 132/200, Batch 200, Aver_Loss: 126.2315
Epoch 132/200, Batch 300, Aver_Loss: 124.0202
Epoch 132/200, Batch 400, Aver_Loss: 120.5687
[early-stopping] Epoch 132: no improvement (1/20)
Epoch 133/200, Batch 100, Aver_Loss: 120.6950
Epoch 133/200, Batch 200, Aver_Loss: 123.3237
Epoch 133/200, Batch 300, Aver_Loss: 123.6532
Epoch 133/200, Batch 400, Aver_Loss: 123.8506
[early-stopping] Epoch 133: no improvement (2/20)
Epoch 134/200, Batch 100, Aver_Loss: 122.5163
Epoch 134/200, Batch 200, Aver_Loss: 121.2359
Epoch 134/200, Batch 300, Aver_Loss: 119.7756
Epoch 134/200, Batch 400, Aver_Loss: 122.9118
[early-stopping] Epoch 134: no improvement (3/20)
Epoch 135/200, Batch 100, Aver_Loss: 119.7684
Epoch 135/200, Batch 200, Aver_Loss: 126.9575
Epoch 135/200, Batch 300, Aver_Loss: 124.0557
Epoch 135/200, Batch 400, Aver_Loss: 119.5390
[early-stopping] Epoch 135: no improvement (4/20)
Epoch 136/200, Batch 100, Aver_Loss: 118.8148
Epoch 136/200, Batch 200, Aver_Loss: 116.4478
Epoch 136/200, Batch 300, Aver_Loss: 121.5015
Epoch 136/200, Batch 400, Aver_Loss: 121.4322
[early-stopping] Epoch 136: no improvement (5/20)
Epoch 137/200, Batch 100, Aver_Loss: 123.9525
Epoch 137/200, Batch 200, Aver_Loss: 120.5770
Epoch 137/200, Batch 300, Aver_Loss: 125.2343
Epoch 137/200, Batch 400, Aver_Loss: 119.8705
[early-stopping] Epoch 137: no improvement (6/20)
Epoch 138/200, Batch 100, Aver_Loss: 118.8801
Epoch 138/200, Batch 200, Aver_Loss: 122.7888
Epoch 138/200, Batch 300, Aver_Loss: 117.7246
Epoch 138/200, Batch 400, Aver_Loss: 126.1445
[early-stopping] Epoch 138: no improvement (7/20)
Epoch 139/200, Batch 100, Aver_Loss: 121.7125
Epoch 139/200, Batch 200, Aver_Loss: 120.3914
Epoch 139/200, Batch 300, Aver_Loss: 124.0377
Epoch 139/200, Batch 400, Aver_Loss: 125.9535
[early-stopping] Epoch 139: no improvement (8/20)
Epoch 140/200, Batch 100, Aver_Loss: 123.8321
Epoch 140/200, Batch 200, Aver_Loss: 126.1955
Epoch 140/200, Batch 300, Aver_Loss: 123.4382
Epoch 140/200, Batch 400, Aver_Loss: 129.3537
[early-stopping] Epoch 140: no improvement (9/20)
Epoch 141/200, Batch 100, Aver_Loss: 127.6982
Epoch 141/200, Batch 200, Aver_Loss: 120.2863
Epoch 141/200, Batch 300, Aver_Loss: 119.8494
Epoch 141/200, Batch 400, Aver_Loss: 121.7766
[early-stopping] Epoch 141: no improvement (10/20)
Epoch 142/200, Batch 100, Aver_Loss: 125.1820
Epoch 142/200, Batch 200, Aver_Loss: 123.9394
Epoch 142/200, Batch 300, Aver_Loss: 118.2708
Epoch 142/200, Batch 400, Aver_Loss: 119.8194
[early-stopping] Epoch 142: no improvement (11/20)
Epoch 143/200, Batch 100, Aver_Loss: 118.2210
Epoch 143/200, Batch 200, Aver_Loss: 121.2590
Epoch 143/200, Batch 300, Aver_Loss: 128.6357
Epoch 143/200, Batch 400, Aver_Loss: 119.3708
[early-stopping] Epoch 143: no improvement (12/20)
Epoch 144/200, Batch 100, Aver_Loss: 128.7191
Epoch 144/200, Batch 200, Aver_Loss: 121.6336
Epoch 144/200, Batch 300, Aver_Loss: 120.6494
Epoch 144/200, Batch 400, Aver_Loss: 122.0673
[early-stopping] Epoch 144: no improvement (13/20)
Epoch 145/200, Batch 100, Aver_Loss: 120.1926
Epoch 145/200, Batch 200, Aver_Loss: 123.3402
Epoch 145/200, Batch 300, Aver_Loss: 124.4582
Epoch 145/200, Batch 400, Aver_Loss: 123.9178
[early-stopping] Epoch 145: new best val ELBO = -125.315625
Epoch 146/200, Batch 100, Aver_Loss: 125.2956
Epoch 146/200, Batch 200, Aver_Loss: 124.8900
Epoch 146/200, Batch 300, Aver_Loss: 126.8917
Epoch 146/200, Batch 400, Aver_Loss: 124.6490
[early-stopping] Epoch 146: no improvement (1/20)
Epoch 147/200, Batch 100, Aver_Loss: 124.8048
Epoch 147/200, Batch 200, Aver_Loss: 120.4889
Epoch 147/200, Batch 300, Aver_Loss: 118.4623
Epoch 147/200, Batch 400, Aver_Loss: 122.4115
[early-stopping] Epoch 147: no improvement (2/20)
Epoch 148/200, Batch 100, Aver_Loss: 128.8675
Epoch 148/200, Batch 200, Aver_Loss: 123.5134
Epoch 148/200, Batch 300, Aver_Loss: 121.8150
Epoch 148/200, Batch 400, Aver_Loss: 127.3073
[early-stopping] Epoch 148: no improvement (3/20)
Epoch 149/200, Batch 100, Aver_Loss: 122.3920
Epoch 149/200, Batch 200, Aver_Loss: 118.6414
Epoch 149/200, Batch 300, Aver_Loss: 117.6922
Epoch 149/200, Batch 400, Aver_Loss: 118.9039
[early-stopping] Epoch 149: no improvement (4/20)
Epoch 150/200, Batch 100, Aver_Loss: 124.8558
Epoch 150/200, Batch 200, Aver_Loss: 121.9773
Epoch 150/200, Batch 300, Aver_Loss: 123.7069
Epoch 150/200, Batch 400, Aver_Loss: 118.6978
[early-stopping] Epoch 150: no improvement (5/20)
Epoch 151/200, Batch 100, Aver_Loss: 119.1233
Epoch 151/200, Batch 200, Aver_Loss: 125.9735
Epoch 151/200, Batch 300, Aver_Loss: 122.8782
Epoch 151/200, Batch 400, Aver_Loss: 123.9593
[early-stopping] Epoch 151: no improvement (6/20)
Epoch 152/200, Batch 100, Aver_Loss: 120.8817
Epoch 152/200, Batch 200, Aver_Loss: 123.2028
Epoch 152/200, Batch 300, Aver_Loss: 124.9809
Epoch 152/200, Batch 400, Aver_Loss: 123.1866
[early-stopping] Epoch 152: no improvement (7/20)
Epoch 153/200, Batch 100, Aver_Loss: 118.9797
Epoch 153/200, Batch 200, Aver_Loss: 119.9487
Epoch 153/200, Batch 300, Aver_Loss: 118.2118
Epoch 153/200, Batch 400, Aver_Loss: 123.0339
[early-stopping] Epoch 153: no improvement (8/20)
Epoch 154/200, Batch 100, Aver_Loss: 119.6157
Epoch 154/200, Batch 200, Aver_Loss: 125.0461
Epoch 154/200, Batch 300, Aver_Loss: 121.5533
Epoch 154/200, Batch 400, Aver_Loss: 121.1862
[early-stopping] Epoch 154: no improvement (9/20)
Epoch 155/200, Batch 100, Aver_Loss: 127.6460
Epoch 155/200, Batch 200, Aver_Loss: 122.3631
Epoch 155/200, Batch 300, Aver_Loss: 121.2392
Epoch 155/200, Batch 400, Aver_Loss: 125.0855
[early-stopping] Epoch 155: no improvement (10/20)
Epoch 156/200, Batch 100, Aver_Loss: 124.6083
Epoch 156/200, Batch 200, Aver_Loss: 127.0382
Epoch 156/200, Batch 300, Aver_Loss: 119.7334
Epoch 156/200, Batch 400, Aver_Loss: 121.8121
[early-stopping] Epoch 156: new best val ELBO = -125.275632
Epoch 157/200, Batch 100, Aver_Loss: 123.5846
Epoch 157/200, Batch 200, Aver_Loss: 123.4751
Epoch 157/200, Batch 300, Aver_Loss: 123.5648
Epoch 157/200, Batch 400, Aver_Loss: 124.9091
[early-stopping] Epoch 157: no improvement (1/20)
Epoch 158/200, Batch 100, Aver_Loss: 125.2797
Epoch 158/200, Batch 200, Aver_Loss: 124.1340
Epoch 158/200, Batch 300, Aver_Loss: 124.9221
Epoch 158/200, Batch 400, Aver_Loss: 120.8838
[early-stopping] Epoch 158: no improvement (2/20)
Epoch 159/200, Batch 100, Aver_Loss: 122.9840
Epoch 159/200, Batch 200, Aver_Loss: 122.7601
Epoch 159/200, Batch 300, Aver_Loss: 123.1502
Epoch 159/200, Batch 400, Aver_Loss: 120.6426
[early-stopping] Epoch 159: no improvement (3/20)
Epoch 160/200, Batch 100, Aver_Loss: 123.8821
Epoch 160/200, Batch 200, Aver_Loss: 121.3974
Epoch 160/200, Batch 300, Aver_Loss: 121.8340
Epoch 160/200, Batch 400, Aver_Loss: 123.8118
[early-stopping] Epoch 160: no improvement (4/20)
Epoch 161/200, Batch 100, Aver_Loss: 128.2344
Epoch 161/200, Batch 200, Aver_Loss: 118.3267
Epoch 161/200, Batch 300, Aver_Loss: 119.4585
Epoch 161/200, Batch 400, Aver_Loss: 125.6768
[early-stopping] Epoch 161: no improvement (5/20)
Epoch 162/200, Batch 100, Aver_Loss: 114.9096
Epoch 162/200, Batch 200, Aver_Loss: 123.3819
Epoch 162/200, Batch 300, Aver_Loss: 118.5373
Epoch 162/200, Batch 400, Aver_Loss: 120.0114
[early-stopping] Epoch 162: no improvement (6/20)
Epoch 163/200, Batch 100, Aver_Loss: 124.9859
Epoch 163/200, Batch 200, Aver_Loss: 124.1458
Epoch 163/200, Batch 300, Aver_Loss: 127.8569
Epoch 163/200, Batch 400, Aver_Loss: 126.0689
[early-stopping] Epoch 163: no improvement (7/20)
Epoch 164/200, Batch 100, Aver_Loss: 120.4167
Epoch 164/200, Batch 200, Aver_Loss: 129.0781
Epoch 164/200, Batch 300, Aver_Loss: 130.8583
Epoch 164/200, Batch 400, Aver_Loss: 122.1555
[early-stopping] Epoch 164: no improvement (8/20)
Epoch 165/200, Batch 100, Aver_Loss: 120.0448
Epoch 165/200, Batch 200, Aver_Loss: 124.0754
Epoch 165/200, Batch 300, Aver_Loss: 121.6088
Epoch 165/200, Batch 400, Aver_Loss: 123.8957
[early-stopping] Epoch 165: no improvement (9/20)
Epoch 166/200, Batch 100, Aver_Loss: 123.8378
Epoch 166/200, Batch 200, Aver_Loss: 123.4708
Epoch 166/200, Batch 300, Aver_Loss: 122.5453
Epoch 166/200, Batch 400, Aver_Loss: 121.0669
[early-stopping] Epoch 166: no improvement (10/20)
Epoch 167/200, Batch 100, Aver_Loss: 123.5842
Epoch 167/200, Batch 200, Aver_Loss: 123.4329
Epoch 167/200, Batch 300, Aver_Loss: 128.5237
Epoch 167/200, Batch 400, Aver_Loss: 124.5289
[early-stopping] Epoch 167: no improvement (11/20)
Epoch 168/200, Batch 100, Aver_Loss: 122.6431
Epoch 168/200, Batch 200, Aver_Loss: 120.2057
Epoch 168/200, Batch 300, Aver_Loss: 123.1104
Epoch 168/200, Batch 400, Aver_Loss: 126.1002
[early-stopping] Epoch 168: no improvement (12/20)
Epoch 169/200, Batch 100, Aver_Loss: 123.7041
Epoch 169/200, Batch 200, Aver_Loss: 123.0912
Epoch 169/200, Batch 300, Aver_Loss: 113.5170
Epoch 169/200, Batch 400, Aver_Loss: 123.0051
[early-stopping] Epoch 169: no improvement (13/20)
Epoch 170/200, Batch 100, Aver_Loss: 124.2018
Epoch 170/200, Batch 200, Aver_Loss: 122.4996
Epoch 170/200, Batch 300, Aver_Loss: 120.0284
Epoch 170/200, Batch 400, Aver_Loss: 122.4308
[early-stopping] Epoch 170: no improvement (14/20)
Epoch 171/200, Batch 100, Aver_Loss: 116.0518
Epoch 171/200, Batch 200, Aver_Loss: 118.7458
Epoch 171/200, Batch 300, Aver_Loss: 120.7964
Epoch 171/200, Batch 400, Aver_Loss: 122.8036
[early-stopping] Epoch 171: no improvement (15/20)
Epoch 172/200, Batch 100, Aver_Loss: 120.2788
Epoch 172/200, Batch 200, Aver_Loss: 119.8788
Epoch 172/200, Batch 300, Aver_Loss: 121.2718
Epoch 172/200, Batch 400, Aver_Loss: 127.4174
[early-stopping] Epoch 172: no improvement (16/20)
Epoch 173/200, Batch 100, Aver_Loss: 125.6543
Epoch 173/200, Batch 200, Aver_Loss: 121.5017
Epoch 173/200, Batch 300, Aver_Loss: 123.1517
Epoch 173/200, Batch 400, Aver_Loss: 125.2967
[early-stopping] Epoch 173: no improvement (17/20)
Epoch 174/200, Batch 100, Aver_Loss: 123.6372
Epoch 174/200, Batch 200, Aver_Loss: 122.6727
Epoch 174/200, Batch 300, Aver_Loss: 123.4094
Epoch 174/200, Batch 400, Aver_Loss: 119.3484
[early-stopping] Epoch 174: no improvement (18/20)
Epoch 175/200, Batch 100, Aver_Loss: 118.6800
Epoch 175/200, Batch 200, Aver_Loss: 120.6957
Epoch 175/200, Batch 300, Aver_Loss: 121.7129
Epoch 175/200, Batch 400, Aver_Loss: 120.3473
[early-stopping] Epoch 175: no improvement (19/20)
Epoch 176/200, Batch 100, Aver_Loss: 117.5641
Epoch 176/200, Batch 200, Aver_Loss: 122.4874
Epoch 176/200, Batch 300, Aver_Loss: 121.1581
Epoch 176/200, Batch 400, Aver_Loss: 120.3167
[early-stopping] Epoch 176: no improvement (20/20)
[early-stopping] Patience reached. Stopping at epoch 176. Best epoch: 156, best val ELBO: -125.275632
[early-stopping] Loaded best model from epoch 156 (val ELBO = -125.275632)
[checkpoint] Saved best model to: trained_parameters/mnist_rotated_zdim16_MVAE.pkl
[saved curves] ./results/MNIST_ROTATED/curves/mnist_rotated_mvae_d16_s777.json

==== Evaluation Summary ====
                 model: mvae
   recon/mse_per_pixel: 0.015499
            elbo/train: -122.005026
             elbo/test: -125.309203
             mse/train: 0.014159
              mse/test: 0.015499
             probe/acc: 0.492581
             probe/nll: 1.379667
           probe/brier: 0.625830
             probe/ece: 0.018523
           cluster/nmi: 0.145530
           cluster/ari: 0.073259
============================

