/usr/bin/which: no fi_info in (/arf/home/meyavuz/.local/bin:/arf/sw/comp/python/intelpython3/condabin:/arf/sw/comp/python/intelpython3/bin:/usr/share/Modules/bin:/usr/local/bin:/usr/bin:/usr/local/sbin:/usr/sbin)
Extension for Scikit-learn* enabled (https://github.com/uxlfoundation/scikit-learn-intelex)
/arf/home/meyavuz/.conda/envs/sbn/lib/python3.9/site-packages/sklearn/linear_model/_logistic.py:1247: FutureWarning: 'multi_class' was deprecated in version 1.5 and will be removed in 1.7. From then on, it will always use 'multinomial'. Leave it to its default value to avoid this warning.
  warnings.warn(
/arf/home/meyavuz/.conda/envs/sbn/lib/python3.9/site-packages/sklearn/linear_model/_sag.py:348: ConvergenceWarning: The max_iter was reached which means the coef_ did not converge
  warnings.warn(
Epoch 1/200, Batch 100, Aver_Loss: 238.3929
Epoch 1/200, Batch 200, Aver_Loss: 224.7546
Epoch 1/200, Batch 300, Aver_Loss: 175.4819
Epoch 1/200, Batch 400, Aver_Loss: 167.1891
[early-stopping] Epoch 1: new best val ELBO = -161.845519
Epoch 2/200, Batch 100, Aver_Loss: 208.8074
Epoch 2/200, Batch 200, Aver_Loss: 170.8107
Epoch 2/200, Batch 300, Aver_Loss: 147.2184
Epoch 2/200, Batch 400, Aver_Loss: 144.1021
[early-stopping] Epoch 2: new best val ELBO = -141.295278
Epoch 3/200, Batch 100, Aver_Loss: 145.7482
Epoch 3/200, Batch 200, Aver_Loss: 135.8257
Epoch 3/200, Batch 300, Aver_Loss: 135.4049
Epoch 3/200, Batch 400, Aver_Loss: 134.7322
[early-stopping] Epoch 3: new best val ELBO = -133.306481
Epoch 4/200, Batch 100, Aver_Loss: 132.5121
Epoch 4/200, Batch 200, Aver_Loss: 129.2558
Epoch 4/200, Batch 300, Aver_Loss: 130.1618
Epoch 4/200, Batch 400, Aver_Loss: 134.8717
[early-stopping] Epoch 4: new best val ELBO = -128.307950
Epoch 5/200, Batch 100, Aver_Loss: 123.5735
Epoch 5/200, Batch 200, Aver_Loss: 124.4313
Epoch 5/200, Batch 300, Aver_Loss: 126.2010
Epoch 5/200, Batch 400, Aver_Loss: 243.7012
[early-stopping] Epoch 5: no improvement (1/20)
Epoch 6/200, Batch 100, Aver_Loss: 134.4919
Epoch 6/200, Batch 200, Aver_Loss: 124.1016
Epoch 6/200, Batch 300, Aver_Loss: 124.0644
Epoch 6/200, Batch 400, Aver_Loss: 121.7685
[early-stopping] Epoch 6: new best val ELBO = -123.004243
Epoch 7/200, Batch 100, Aver_Loss: 120.9350
Epoch 7/200, Batch 200, Aver_Loss: 120.6263
Epoch 7/200, Batch 300, Aver_Loss: 119.1578
Epoch 7/200, Batch 400, Aver_Loss: 126.3110
[early-stopping] Epoch 7: new best val ELBO = -121.270463
Epoch 8/200, Batch 100, Aver_Loss: 116.9498
Epoch 8/200, Batch 200, Aver_Loss: 119.5914
Epoch 8/200, Batch 300, Aver_Loss: 123.2066
Epoch 8/200, Batch 400, Aver_Loss: 120.3716
[early-stopping] Epoch 8: new best val ELBO = -119.458577
Epoch 9/200, Batch 100, Aver_Loss: 121.9044
Epoch 9/200, Batch 200, Aver_Loss: 120.1337
Epoch 9/200, Batch 300, Aver_Loss: 115.2912
Epoch 9/200, Batch 400, Aver_Loss: 122.5855
[early-stopping] Epoch 9: no improvement (1/20)
Epoch 10/200, Batch 100, Aver_Loss: 115.7605
Epoch 10/200, Batch 200, Aver_Loss: 154.5563
Epoch 10/200, Batch 300, Aver_Loss: 122.2832
Epoch 10/200, Batch 400, Aver_Loss: 120.5904
[early-stopping] Epoch 10: no improvement (2/20)
Epoch 11/200, Batch 100, Aver_Loss: 120.7332
Epoch 11/200, Batch 200, Aver_Loss: 120.9471
Epoch 11/200, Batch 300, Aver_Loss: 121.0672
Epoch 11/200, Batch 400, Aver_Loss: 116.0524
[early-stopping] Epoch 11: new best val ELBO = -117.697957
Epoch 12/200, Batch 100, Aver_Loss: 122.8891
Epoch 12/200, Batch 200, Aver_Loss: 113.8200
Epoch 12/200, Batch 300, Aver_Loss: 118.6835
Epoch 12/200, Batch 400, Aver_Loss: 117.2319
[early-stopping] Epoch 12: new best val ELBO = -117.553812
Epoch 13/200, Batch 100, Aver_Loss: 123.5442
Epoch 13/200, Batch 200, Aver_Loss: 117.6545
Epoch 13/200, Batch 300, Aver_Loss: 117.6232
Epoch 13/200, Batch 400, Aver_Loss: 118.5960
[early-stopping] Epoch 13: new best val ELBO = -117.294416
Epoch 14/200, Batch 100, Aver_Loss: 116.0021
Epoch 14/200, Batch 200, Aver_Loss: 115.0433
Epoch 14/200, Batch 300, Aver_Loss: 119.8136
Epoch 14/200, Batch 400, Aver_Loss: 118.4688
[early-stopping] Epoch 14: new best val ELBO = -116.991766
Epoch 15/200, Batch 100, Aver_Loss: 120.1075
Epoch 15/200, Batch 200, Aver_Loss: 117.0257
Epoch 15/200, Batch 300, Aver_Loss: 119.6271
Epoch 15/200, Batch 400, Aver_Loss: 116.8970
[early-stopping] Epoch 15: no improvement (1/20)
Epoch 16/200, Batch 100, Aver_Loss: 121.3760
Epoch 16/200, Batch 200, Aver_Loss: 119.1087
Epoch 16/200, Batch 300, Aver_Loss: 115.7476
Epoch 16/200, Batch 400, Aver_Loss: 118.5595
[early-stopping] Epoch 16: new best val ELBO = -116.790763
Epoch 17/200, Batch 100, Aver_Loss: 113.2462
Epoch 17/200, Batch 200, Aver_Loss: 114.9885
Epoch 17/200, Batch 300, Aver_Loss: 118.3840
Epoch 17/200, Batch 400, Aver_Loss: 116.6773
[early-stopping] Epoch 17: new best val ELBO = -116.219550
Epoch 18/200, Batch 100, Aver_Loss: 114.6542
Epoch 18/200, Batch 200, Aver_Loss: 115.5334
Epoch 18/200, Batch 300, Aver_Loss: 118.1817
Epoch 18/200, Batch 400, Aver_Loss: 117.5077
[early-stopping] Epoch 18: no improvement (1/20)
Epoch 19/200, Batch 100, Aver_Loss: 174.9137
Epoch 19/200, Batch 200, Aver_Loss: 113.5070
Epoch 19/200, Batch 300, Aver_Loss: 116.7634
Epoch 19/200, Batch 400, Aver_Loss: 114.7437
[early-stopping] Epoch 19: new best val ELBO = -115.263953
Epoch 20/200, Batch 100, Aver_Loss: 109.3486
Epoch 20/200, Batch 200, Aver_Loss: 111.2871
Epoch 20/200, Batch 300, Aver_Loss: 115.4757
Epoch 20/200, Batch 400, Aver_Loss: 114.9009
[early-stopping] Epoch 20: new best val ELBO = -114.335030
Epoch 21/200, Batch 100, Aver_Loss: 110.1287
Epoch 21/200, Batch 200, Aver_Loss: 114.9982
Epoch 21/200, Batch 300, Aver_Loss: 116.3914
Epoch 21/200, Batch 400, Aver_Loss: 111.4928
[early-stopping] Epoch 21: no improvement (1/20)
Epoch 22/200, Batch 100, Aver_Loss: 113.6192
Epoch 22/200, Batch 200, Aver_Loss: 112.2846
Epoch 22/200, Batch 300, Aver_Loss: 111.6302
Epoch 22/200, Batch 400, Aver_Loss: 113.2830
[early-stopping] Epoch 22: new best val ELBO = -114.325481
Epoch 23/200, Batch 100, Aver_Loss: 117.1778
Epoch 23/200, Batch 200, Aver_Loss: 113.0786
Epoch 23/200, Batch 300, Aver_Loss: 113.6386
Epoch 23/200, Batch 400, Aver_Loss: 111.7208
[early-stopping] Epoch 23: no improvement (1/20)
Epoch 24/200, Batch 100, Aver_Loss: 113.9893
Epoch 24/200, Batch 200, Aver_Loss: 115.5001
Epoch 24/200, Batch 300, Aver_Loss: 114.2321
Epoch 24/200, Batch 400, Aver_Loss: 110.2054
[early-stopping] Epoch 24: new best val ELBO = -114.271705
Epoch 25/200, Batch 100, Aver_Loss: 113.4887
Epoch 25/200, Batch 200, Aver_Loss: 109.5184
Epoch 25/200, Batch 300, Aver_Loss: 115.2555
Epoch 25/200, Batch 400, Aver_Loss: 110.3758
[early-stopping] Epoch 25: new best val ELBO = -113.894721
Epoch 26/200, Batch 100, Aver_Loss: 115.7140
Epoch 26/200, Batch 200, Aver_Loss: 115.0468
Epoch 26/200, Batch 300, Aver_Loss: 116.2505
Epoch 26/200, Batch 400, Aver_Loss: 115.2894
[early-stopping] Epoch 26: new best val ELBO = -113.623749
Epoch 27/200, Batch 100, Aver_Loss: 113.1844
Epoch 27/200, Batch 200, Aver_Loss: 118.0804
Epoch 27/200, Batch 300, Aver_Loss: 119.8126
Epoch 27/200, Batch 400, Aver_Loss: 118.0123
[early-stopping] Epoch 27: new best val ELBO = -113.362452
Epoch 28/200, Batch 100, Aver_Loss: 118.4227
Epoch 28/200, Batch 200, Aver_Loss: 111.2564
Epoch 28/200, Batch 300, Aver_Loss: 115.5672
Epoch 28/200, Batch 400, Aver_Loss: 111.2209
[early-stopping] Epoch 28: new best val ELBO = -112.825315
Epoch 29/200, Batch 100, Aver_Loss: 114.0711
Epoch 29/200, Batch 200, Aver_Loss: 112.1249
Epoch 29/200, Batch 300, Aver_Loss: 112.5277
Epoch 29/200, Batch 400, Aver_Loss: 108.6021
[early-stopping] Epoch 29: new best val ELBO = -112.630675
Epoch 30/200, Batch 100, Aver_Loss: 110.9721
Epoch 30/200, Batch 200, Aver_Loss: 111.9094
Epoch 30/200, Batch 300, Aver_Loss: 111.4897
Epoch 30/200, Batch 400, Aver_Loss: 112.1195
[early-stopping] Epoch 30: new best val ELBO = -112.284062
Epoch 31/200, Batch 100, Aver_Loss: 109.8867
Epoch 31/200, Batch 200, Aver_Loss: 111.9030
Epoch 31/200, Batch 300, Aver_Loss: 110.3846
Epoch 31/200, Batch 400, Aver_Loss: 114.1266
[early-stopping] Epoch 31: new best val ELBO = -112.047726
Epoch 32/200, Batch 100, Aver_Loss: 114.7715
Epoch 32/200, Batch 200, Aver_Loss: 114.1526
Epoch 32/200, Batch 300, Aver_Loss: 118.1784
Epoch 32/200, Batch 400, Aver_Loss: 112.7223
[early-stopping] Epoch 32: new best val ELBO = -111.596617
Epoch 33/200, Batch 100, Aver_Loss: 113.4908
Epoch 33/200, Batch 200, Aver_Loss: 106.4070
Epoch 33/200, Batch 300, Aver_Loss: 117.4914
Epoch 33/200, Batch 400, Aver_Loss: 110.1096
[early-stopping] Epoch 33: no improvement (1/20)
Epoch 34/200, Batch 100, Aver_Loss: 114.9484
Epoch 34/200, Batch 200, Aver_Loss: 113.5341
Epoch 34/200, Batch 300, Aver_Loss: 109.1428
Epoch 34/200, Batch 400, Aver_Loss: 112.3213
[early-stopping] Epoch 34: new best val ELBO = -111.469517
Epoch 35/200, Batch 100, Aver_Loss: 116.1012
Epoch 35/200, Batch 200, Aver_Loss: 111.7435
Epoch 35/200, Batch 300, Aver_Loss: 113.7363
Epoch 35/200, Batch 400, Aver_Loss: 114.8455
[early-stopping] Epoch 35: new best val ELBO = -111.142324
Epoch 36/200, Batch 100, Aver_Loss: 112.0947
Epoch 36/200, Batch 200, Aver_Loss: 111.2581
Epoch 36/200, Batch 300, Aver_Loss: 107.6185
Epoch 36/200, Batch 400, Aver_Loss: 107.9695
[early-stopping] Epoch 36: new best val ELBO = -111.050516
Epoch 37/200, Batch 100, Aver_Loss: 112.2289
Epoch 37/200, Batch 200, Aver_Loss: 110.8165
Epoch 37/200, Batch 300, Aver_Loss: 115.0908
Epoch 37/200, Batch 400, Aver_Loss: 109.9428
[early-stopping] Epoch 37: new best val ELBO = -110.484424
Epoch 38/200, Batch 100, Aver_Loss: 106.6151
Epoch 38/200, Batch 200, Aver_Loss: 109.8303
Epoch 38/200, Batch 300, Aver_Loss: 109.8925
Epoch 38/200, Batch 400, Aver_Loss: 110.6190
[early-stopping] Epoch 38: new best val ELBO = -110.461847
Epoch 39/200, Batch 100, Aver_Loss: 110.6536
Epoch 39/200, Batch 200, Aver_Loss: 109.6153
Epoch 39/200, Batch 300, Aver_Loss: 110.3331
Epoch 39/200, Batch 400, Aver_Loss: 109.2441
[early-stopping] Epoch 39: no improvement (1/20)
Epoch 40/200, Batch 100, Aver_Loss: 112.4914
Epoch 40/200, Batch 200, Aver_Loss: 108.6398
Epoch 40/200, Batch 300, Aver_Loss: 110.0281
Epoch 40/200, Batch 400, Aver_Loss: 106.7287
[early-stopping] Epoch 40: new best val ELBO = -110.277798
Epoch 41/200, Batch 100, Aver_Loss: 109.4347
Epoch 41/200, Batch 200, Aver_Loss: 104.8237
Epoch 41/200, Batch 300, Aver_Loss: 111.5238
Epoch 41/200, Batch 400, Aver_Loss: 109.7686
[early-stopping] Epoch 41: no improvement (1/20)
Epoch 42/200, Batch 100, Aver_Loss: 109.2888
Epoch 42/200, Batch 200, Aver_Loss: 110.3656
Epoch 42/200, Batch 300, Aver_Loss: 105.4072
Epoch 42/200, Batch 400, Aver_Loss: 108.2212
[early-stopping] Epoch 42: no improvement (2/20)
Epoch 43/200, Batch 100, Aver_Loss: 108.7962
Epoch 43/200, Batch 200, Aver_Loss: 112.2360
Epoch 43/200, Batch 300, Aver_Loss: 106.4767
Epoch 43/200, Batch 400, Aver_Loss: 106.9329
[early-stopping] Epoch 43: new best val ELBO = -109.843634
Epoch 44/200, Batch 100, Aver_Loss: 111.9964
Epoch 44/200, Batch 200, Aver_Loss: 109.3987
Epoch 44/200, Batch 300, Aver_Loss: 111.1419
Epoch 44/200, Batch 400, Aver_Loss: 110.9788
[early-stopping] Epoch 44: no improvement (1/20)
Epoch 45/200, Batch 100, Aver_Loss: 109.2781
Epoch 45/200, Batch 200, Aver_Loss: 105.1307
Epoch 45/200, Batch 300, Aver_Loss: 108.3168
Epoch 45/200, Batch 400, Aver_Loss: 109.6655
[early-stopping] Epoch 45: new best val ELBO = -109.735007
Epoch 46/200, Batch 100, Aver_Loss: 113.3715
Epoch 46/200, Batch 200, Aver_Loss: 105.0175
Epoch 46/200, Batch 300, Aver_Loss: 110.9836
Epoch 46/200, Batch 400, Aver_Loss: 107.2257
[early-stopping] Epoch 46: new best val ELBO = -109.422082
Epoch 47/200, Batch 100, Aver_Loss: 105.7658
Epoch 47/200, Batch 200, Aver_Loss: 108.8570
Epoch 47/200, Batch 300, Aver_Loss: 107.3104
Epoch 47/200, Batch 400, Aver_Loss: 110.1088
[early-stopping] Epoch 47: no improvement (1/20)
Epoch 48/200, Batch 100, Aver_Loss: 106.0723
Epoch 48/200, Batch 200, Aver_Loss: 107.2608
Epoch 48/200, Batch 300, Aver_Loss: 105.5892
Epoch 48/200, Batch 400, Aver_Loss: 104.6086
[early-stopping] Epoch 48: new best val ELBO = -109.184510
Epoch 49/200, Batch 100, Aver_Loss: 108.4978
Epoch 49/200, Batch 200, Aver_Loss: 108.5368
Epoch 49/200, Batch 300, Aver_Loss: 111.6074
Epoch 49/200, Batch 400, Aver_Loss: 108.8655
[early-stopping] Epoch 49: no improvement (1/20)
Epoch 50/200, Batch 100, Aver_Loss: 109.2352
Epoch 50/200, Batch 200, Aver_Loss: 111.5716
Epoch 50/200, Batch 300, Aver_Loss: 109.7460
Epoch 50/200, Batch 400, Aver_Loss: 106.5521
[early-stopping] Epoch 50: new best val ELBO = -109.077448
Epoch 51/200, Batch 100, Aver_Loss: 104.7668
Epoch 51/200, Batch 200, Aver_Loss: 105.4384
Epoch 51/200, Batch 300, Aver_Loss: 113.1439
Epoch 51/200, Batch 400, Aver_Loss: 107.5030
[early-stopping] Epoch 51: no improvement (1/20)
Epoch 52/200, Batch 100, Aver_Loss: 105.6300
Epoch 52/200, Batch 200, Aver_Loss: 109.9727
Epoch 52/200, Batch 300, Aver_Loss: 107.0120
Epoch 52/200, Batch 400, Aver_Loss: 108.4844
[early-stopping] Epoch 52: no improvement (2/20)
Epoch 53/200, Batch 100, Aver_Loss: 106.8361
Epoch 53/200, Batch 200, Aver_Loss: 108.1246
Epoch 53/200, Batch 300, Aver_Loss: 108.7093
Epoch 53/200, Batch 400, Aver_Loss: 106.1171
[early-stopping] Epoch 53: new best val ELBO = -108.912357
Epoch 54/200, Batch 100, Aver_Loss: 103.7295
Epoch 54/200, Batch 200, Aver_Loss: 111.6154
Epoch 54/200, Batch 300, Aver_Loss: 109.8125
Epoch 54/200, Batch 400, Aver_Loss: 109.2992
[early-stopping] Epoch 54: new best val ELBO = -108.853717
Epoch 55/200, Batch 100, Aver_Loss: 103.9610
Epoch 55/200, Batch 200, Aver_Loss: 104.0814
Epoch 55/200, Batch 300, Aver_Loss: 110.5214
Epoch 55/200, Batch 400, Aver_Loss: 111.4060
[early-stopping] Epoch 55: no improvement (1/20)
Epoch 56/200, Batch 100, Aver_Loss: 109.1629
Epoch 56/200, Batch 200, Aver_Loss: 109.0783
Epoch 56/200, Batch 300, Aver_Loss: 108.3234
Epoch 56/200, Batch 400, Aver_Loss: 110.7919
[early-stopping] Epoch 56: no improvement (2/20)
Epoch 57/200, Batch 100, Aver_Loss: 108.5193
Epoch 57/200, Batch 200, Aver_Loss: 103.4041
Epoch 57/200, Batch 300, Aver_Loss: 108.6323
Epoch 57/200, Batch 400, Aver_Loss: 111.0863
[early-stopping] Epoch 57: new best val ELBO = -108.778137
Epoch 58/200, Batch 100, Aver_Loss: 112.4326
Epoch 58/200, Batch 200, Aver_Loss: 109.7009
Epoch 58/200, Batch 300, Aver_Loss: 108.0092
Epoch 58/200, Batch 400, Aver_Loss: 114.0171
[early-stopping] Epoch 58: no improvement (1/20)
Epoch 59/200, Batch 100, Aver_Loss: 108.2067
Epoch 59/200, Batch 200, Aver_Loss: 108.4274
Epoch 59/200, Batch 300, Aver_Loss: 103.5017
Epoch 59/200, Batch 400, Aver_Loss: 107.7077
[early-stopping] Epoch 59: new best val ELBO = -108.753441
Epoch 60/200, Batch 100, Aver_Loss: 105.7902
Epoch 60/200, Batch 200, Aver_Loss: 114.6341
Epoch 60/200, Batch 300, Aver_Loss: 106.2288
Epoch 60/200, Batch 400, Aver_Loss: 105.5083
[early-stopping] Epoch 60: new best val ELBO = -108.254416
Epoch 61/200, Batch 100, Aver_Loss: 107.6501
Epoch 61/200, Batch 200, Aver_Loss: 105.7626
Epoch 61/200, Batch 300, Aver_Loss: 104.4342
Epoch 61/200, Batch 400, Aver_Loss: 108.3121
[early-stopping] Epoch 61: no improvement (1/20)
Epoch 62/200, Batch 100, Aver_Loss: 108.6455
Epoch 62/200, Batch 200, Aver_Loss: 108.7317
Epoch 62/200, Batch 300, Aver_Loss: 108.2910
Epoch 62/200, Batch 400, Aver_Loss: 108.6026
[early-stopping] Epoch 62: no improvement (2/20)
Epoch 63/200, Batch 100, Aver_Loss: 108.4926
Epoch 63/200, Batch 200, Aver_Loss: 108.3571
Epoch 63/200, Batch 300, Aver_Loss: 104.4889
Epoch 63/200, Batch 400, Aver_Loss: 114.0096
[early-stopping] Epoch 63: no improvement (3/20)
Epoch 64/200, Batch 100, Aver_Loss: 106.3842
Epoch 64/200, Batch 200, Aver_Loss: 108.2115
Epoch 64/200, Batch 300, Aver_Loss: 106.0430
Epoch 64/200, Batch 400, Aver_Loss: 107.0298
[early-stopping] Epoch 64: new best val ELBO = -108.202866
Epoch 65/200, Batch 100, Aver_Loss: 108.2803
Epoch 65/200, Batch 200, Aver_Loss: 109.9932
Epoch 65/200, Batch 300, Aver_Loss: 106.7020
Epoch 65/200, Batch 400, Aver_Loss: 108.2387
[early-stopping] Epoch 65: new best val ELBO = -108.119624
Epoch 66/200, Batch 100, Aver_Loss: 107.9865
Epoch 66/200, Batch 200, Aver_Loss: 109.8933
Epoch 66/200, Batch 300, Aver_Loss: 108.6753
Epoch 66/200, Batch 400, Aver_Loss: 112.9641
[early-stopping] Epoch 66: no improvement (1/20)
Epoch 67/200, Batch 100, Aver_Loss: 102.2041
Epoch 67/200, Batch 200, Aver_Loss: 108.5435
Epoch 67/200, Batch 300, Aver_Loss: 110.1221
Epoch 67/200, Batch 400, Aver_Loss: 109.8654
[early-stopping] Epoch 67: new best val ELBO = -108.092851
Epoch 68/200, Batch 100, Aver_Loss: 109.2913
Epoch 68/200, Batch 200, Aver_Loss: 104.5136
Epoch 68/200, Batch 300, Aver_Loss: 110.4942
Epoch 68/200, Batch 400, Aver_Loss: 100.5494
[early-stopping] Epoch 68: new best val ELBO = -108.006499
Epoch 69/200, Batch 100, Aver_Loss: 109.3844
Epoch 69/200, Batch 200, Aver_Loss: 108.5199
Epoch 69/200, Batch 300, Aver_Loss: 110.5748
Epoch 69/200, Batch 400, Aver_Loss: 105.4446
[early-stopping] Epoch 69: no improvement (1/20)
Epoch 70/200, Batch 100, Aver_Loss: 107.3919
Epoch 70/200, Batch 200, Aver_Loss: 110.6015
Epoch 70/200, Batch 300, Aver_Loss: 104.6599
Epoch 70/200, Batch 400, Aver_Loss: 109.1757
[early-stopping] Epoch 70: no improvement (2/20)
Epoch 71/200, Batch 100, Aver_Loss: 107.6348
Epoch 71/200, Batch 200, Aver_Loss: 109.2223
Epoch 71/200, Batch 300, Aver_Loss: 101.9009
Epoch 71/200, Batch 400, Aver_Loss: 107.1500
[early-stopping] Epoch 71: no improvement (3/20)
Epoch 72/200, Batch 100, Aver_Loss: 107.7841
Epoch 72/200, Batch 200, Aver_Loss: 106.0328
Epoch 72/200, Batch 300, Aver_Loss: 109.6378
Epoch 72/200, Batch 400, Aver_Loss: 106.8156
[early-stopping] Epoch 72: new best val ELBO = -107.766414
Epoch 73/200, Batch 100, Aver_Loss: 110.2143
Epoch 73/200, Batch 200, Aver_Loss: 107.5674
Epoch 73/200, Batch 300, Aver_Loss: 111.7543
Epoch 73/200, Batch 400, Aver_Loss: 112.7902
[early-stopping] Epoch 73: no improvement (1/20)
Epoch 74/200, Batch 100, Aver_Loss: 108.3062
Epoch 74/200, Batch 200, Aver_Loss: 109.2813
Epoch 74/200, Batch 300, Aver_Loss: 108.2700
Epoch 74/200, Batch 400, Aver_Loss: 104.2925
[early-stopping] Epoch 74: no improvement (2/20)
Epoch 75/200, Batch 100, Aver_Loss: 106.1533
Epoch 75/200, Batch 200, Aver_Loss: 109.7319
Epoch 75/200, Batch 300, Aver_Loss: 104.1164
Epoch 75/200, Batch 400, Aver_Loss: 105.2039
[early-stopping] Epoch 75: no improvement (3/20)
Epoch 76/200, Batch 100, Aver_Loss: 110.9529
Epoch 76/200, Batch 200, Aver_Loss: 105.7960
Epoch 76/200, Batch 300, Aver_Loss: 107.7370
Epoch 76/200, Batch 400, Aver_Loss: 104.8923
[early-stopping] Epoch 76: no improvement (4/20)
Epoch 77/200, Batch 100, Aver_Loss: 107.3620
Epoch 77/200, Batch 200, Aver_Loss: 106.1085
Epoch 77/200, Batch 300, Aver_Loss: 110.4540
Epoch 77/200, Batch 400, Aver_Loss: 103.7518
[early-stopping] Epoch 77: no improvement (5/20)
Epoch 78/200, Batch 100, Aver_Loss: 107.5450
Epoch 78/200, Batch 200, Aver_Loss: 102.0657
Epoch 78/200, Batch 300, Aver_Loss: 111.3853
Epoch 78/200, Batch 400, Aver_Loss: 111.5593
[early-stopping] Epoch 78: no improvement (6/20)
Epoch 79/200, Batch 100, Aver_Loss: 103.0461
Epoch 79/200, Batch 200, Aver_Loss: 106.3014
Epoch 79/200, Batch 300, Aver_Loss: 104.8998
Epoch 79/200, Batch 400, Aver_Loss: 105.1273
[early-stopping] Epoch 79: new best val ELBO = -107.619070
Epoch 80/200, Batch 100, Aver_Loss: 108.6992
Epoch 80/200, Batch 200, Aver_Loss: 103.1389
Epoch 80/200, Batch 300, Aver_Loss: 108.5378
Epoch 80/200, Batch 400, Aver_Loss: 108.7147
[early-stopping] Epoch 80: no improvement (1/20)
Epoch 81/200, Batch 100, Aver_Loss: 105.4131
Epoch 81/200, Batch 200, Aver_Loss: 108.0058
Epoch 81/200, Batch 300, Aver_Loss: 103.5326
Epoch 81/200, Batch 400, Aver_Loss: 108.0686
[early-stopping] Epoch 81: no improvement (2/20)
Epoch 82/200, Batch 100, Aver_Loss: 110.0597
Epoch 82/200, Batch 200, Aver_Loss: 111.4064
Epoch 82/200, Batch 300, Aver_Loss: 103.9031
Epoch 82/200, Batch 400, Aver_Loss: 108.5304
[early-stopping] Epoch 82: no improvement (3/20)
Epoch 83/200, Batch 100, Aver_Loss: 109.0075
Epoch 83/200, Batch 200, Aver_Loss: 109.6978
Epoch 83/200, Batch 300, Aver_Loss: 112.1728
Epoch 83/200, Batch 400, Aver_Loss: 105.9367
[early-stopping] Epoch 83: new best val ELBO = -107.519810
Epoch 84/200, Batch 100, Aver_Loss: 106.0735
Epoch 84/200, Batch 200, Aver_Loss: 106.3121
Epoch 84/200, Batch 300, Aver_Loss: 107.3531
Epoch 84/200, Batch 400, Aver_Loss: 105.6984
[early-stopping] Epoch 84: no improvement (1/20)
Epoch 85/200, Batch 100, Aver_Loss: 109.5771
Epoch 85/200, Batch 200, Aver_Loss: 108.3661
Epoch 85/200, Batch 300, Aver_Loss: 107.0723
Epoch 85/200, Batch 400, Aver_Loss: 110.0492
[early-stopping] Epoch 85: no improvement (2/20)
Epoch 86/200, Batch 100, Aver_Loss: 106.2876
Epoch 86/200, Batch 200, Aver_Loss: 108.3034
Epoch 86/200, Batch 300, Aver_Loss: 108.8838
Epoch 86/200, Batch 400, Aver_Loss: 105.0431
[early-stopping] Epoch 86: new best val ELBO = -107.487547
Epoch 87/200, Batch 100, Aver_Loss: 107.9728
Epoch 87/200, Batch 200, Aver_Loss: 111.9873
Epoch 87/200, Batch 300, Aver_Loss: 107.4592
Epoch 87/200, Batch 400, Aver_Loss: 107.3792
[early-stopping] Epoch 87: new best val ELBO = -107.417815
Epoch 88/200, Batch 100, Aver_Loss: 110.2667
Epoch 88/200, Batch 200, Aver_Loss: 108.9675
Epoch 88/200, Batch 300, Aver_Loss: 112.9217
Epoch 88/200, Batch 400, Aver_Loss: 106.3263
[early-stopping] Epoch 88: no improvement (1/20)
Epoch 89/200, Batch 100, Aver_Loss: 105.0643
Epoch 89/200, Batch 200, Aver_Loss: 110.5581
Epoch 89/200, Batch 300, Aver_Loss: 107.4096
Epoch 89/200, Batch 400, Aver_Loss: 107.8282
[early-stopping] Epoch 89: no improvement (2/20)
Epoch 90/200, Batch 100, Aver_Loss: 111.9524
Epoch 90/200, Batch 200, Aver_Loss: 106.0924
Epoch 90/200, Batch 300, Aver_Loss: 103.9756
Epoch 90/200, Batch 400, Aver_Loss: 105.6327
[early-stopping] Epoch 90: new best val ELBO = -107.318203
Epoch 91/200, Batch 100, Aver_Loss: 109.0540
Epoch 91/200, Batch 200, Aver_Loss: 108.7293
Epoch 91/200, Batch 300, Aver_Loss: 109.2899
Epoch 91/200, Batch 400, Aver_Loss: 103.8845
[early-stopping] Epoch 91: no improvement (1/20)
Epoch 92/200, Batch 100, Aver_Loss: 108.8099
Epoch 92/200, Batch 200, Aver_Loss: 106.6082
Epoch 92/200, Batch 300, Aver_Loss: 108.7750
Epoch 92/200, Batch 400, Aver_Loss: 109.9730
[early-stopping] Epoch 92: no improvement (2/20)
Epoch 93/200, Batch 100, Aver_Loss: 110.2902
Epoch 93/200, Batch 200, Aver_Loss: 105.0914
Epoch 93/200, Batch 300, Aver_Loss: 105.1023
Epoch 93/200, Batch 400, Aver_Loss: 106.2876
[early-stopping] Epoch 93: no improvement (3/20)
Epoch 94/200, Batch 100, Aver_Loss: 105.8336
Epoch 94/200, Batch 200, Aver_Loss: 108.0284
Epoch 94/200, Batch 300, Aver_Loss: 105.1658
Epoch 94/200, Batch 400, Aver_Loss: 107.7145
[early-stopping] Epoch 94: new best val ELBO = -107.116229
Epoch 95/200, Batch 100, Aver_Loss: 103.9899
Epoch 95/200, Batch 200, Aver_Loss: 106.4506
Epoch 95/200, Batch 300, Aver_Loss: 107.9678
Epoch 95/200, Batch 400, Aver_Loss: 108.6397
[early-stopping] Epoch 95: no improvement (1/20)
Epoch 96/200, Batch 100, Aver_Loss: 103.5506
Epoch 96/200, Batch 200, Aver_Loss: 104.7750
Epoch 96/200, Batch 300, Aver_Loss: 105.4858
Epoch 96/200, Batch 400, Aver_Loss: 112.4358
[early-stopping] Epoch 96: no improvement (2/20)
Epoch 97/200, Batch 100, Aver_Loss: 104.1705
Epoch 97/200, Batch 200, Aver_Loss: 109.1633
Epoch 97/200, Batch 300, Aver_Loss: 102.6028
Epoch 97/200, Batch 400, Aver_Loss: 107.7047
[early-stopping] Epoch 97: no improvement (3/20)
Epoch 98/200, Batch 100, Aver_Loss: 111.1079
Epoch 98/200, Batch 200, Aver_Loss: 102.2643
Epoch 98/200, Batch 300, Aver_Loss: 108.0471
Epoch 98/200, Batch 400, Aver_Loss: 106.6566
[early-stopping] Epoch 98: no improvement (4/20)
Epoch 99/200, Batch 100, Aver_Loss: 111.2147
Epoch 99/200, Batch 200, Aver_Loss: 107.4863
Epoch 99/200, Batch 300, Aver_Loss: 104.1547
Epoch 99/200, Batch 400, Aver_Loss: 108.1332
[early-stopping] Epoch 99: no improvement (5/20)
Epoch 100/200, Batch 100, Aver_Loss: 110.1392
Epoch 100/200, Batch 200, Aver_Loss: 103.2298
Epoch 100/200, Batch 300, Aver_Loss: 109.3430
Epoch 100/200, Batch 400, Aver_Loss: 104.0411
[early-stopping] Epoch 100: no improvement (6/20)
Epoch 101/200, Batch 100, Aver_Loss: 105.5549
Epoch 101/200, Batch 200, Aver_Loss: 111.3067
Epoch 101/200, Batch 300, Aver_Loss: 105.0835
Epoch 101/200, Batch 400, Aver_Loss: 103.0814
[early-stopping] Epoch 101: no improvement (7/20)
Epoch 102/200, Batch 100, Aver_Loss: 107.4612
Epoch 102/200, Batch 200, Aver_Loss: 108.5603
Epoch 102/200, Batch 300, Aver_Loss: 106.8900
Epoch 102/200, Batch 400, Aver_Loss: 109.4134
[early-stopping] Epoch 102: no improvement (8/20)
Epoch 103/200, Batch 100, Aver_Loss: 102.8888
Epoch 103/200, Batch 200, Aver_Loss: 103.4725
Epoch 103/200, Batch 300, Aver_Loss: 106.4807
Epoch 103/200, Batch 400, Aver_Loss: 105.0522
[early-stopping] Epoch 103: new best val ELBO = -107.104326
Epoch 104/200, Batch 100, Aver_Loss: 106.2617
Epoch 104/200, Batch 200, Aver_Loss: 109.8359
Epoch 104/200, Batch 300, Aver_Loss: 115.6244
Epoch 104/200, Batch 400, Aver_Loss: 109.0904
[early-stopping] Epoch 104: no improvement (1/20)
Epoch 105/200, Batch 100, Aver_Loss: 108.8362
Epoch 105/200, Batch 200, Aver_Loss: 106.6311
Epoch 105/200, Batch 300, Aver_Loss: 106.8192
Epoch 105/200, Batch 400, Aver_Loss: 104.1447
[early-stopping] Epoch 105: no improvement (2/20)
Epoch 106/200, Batch 100, Aver_Loss: 108.8820
Epoch 106/200, Batch 200, Aver_Loss: 110.7887
Epoch 106/200, Batch 300, Aver_Loss: 113.8738
Epoch 106/200, Batch 400, Aver_Loss: 109.5012
[early-stopping] Epoch 106: new best val ELBO = -107.004922
Epoch 107/200, Batch 100, Aver_Loss: 107.1739
Epoch 107/200, Batch 200, Aver_Loss: 100.2447
Epoch 107/200, Batch 300, Aver_Loss: 107.6494
Epoch 107/200, Batch 400, Aver_Loss: 108.9270
[early-stopping] Epoch 107: new best val ELBO = -106.883888
Epoch 108/200, Batch 100, Aver_Loss: 111.4441
Epoch 108/200, Batch 200, Aver_Loss: 112.0766
Epoch 108/200, Batch 300, Aver_Loss: 110.9811
Epoch 108/200, Batch 400, Aver_Loss: 108.2828
[early-stopping] Epoch 108: no improvement (1/20)
Epoch 109/200, Batch 100, Aver_Loss: 105.9841
Epoch 109/200, Batch 200, Aver_Loss: 106.6791
Epoch 109/200, Batch 300, Aver_Loss: 107.4055
Epoch 109/200, Batch 400, Aver_Loss: 103.8634
[early-stopping] Epoch 109: no improvement (2/20)
Epoch 110/200, Batch 100, Aver_Loss: 107.7470
Epoch 110/200, Batch 200, Aver_Loss: 111.5439
Epoch 110/200, Batch 300, Aver_Loss: 105.2053
Epoch 110/200, Batch 400, Aver_Loss: 109.8539
[early-stopping] Epoch 110: no improvement (3/20)
Epoch 111/200, Batch 100, Aver_Loss: 107.2735
Epoch 111/200, Batch 200, Aver_Loss: 106.1330
Epoch 111/200, Batch 300, Aver_Loss: 101.7069
Epoch 111/200, Batch 400, Aver_Loss: 107.7260
[early-stopping] Epoch 111: no improvement (4/20)
Epoch 112/200, Batch 100, Aver_Loss: 107.3656
Epoch 112/200, Batch 200, Aver_Loss: 107.8683
Epoch 112/200, Batch 300, Aver_Loss: 106.9351
Epoch 112/200, Batch 400, Aver_Loss: 104.5799
[early-stopping] Epoch 112: no improvement (5/20)
Epoch 113/200, Batch 100, Aver_Loss: 106.2140
Epoch 113/200, Batch 200, Aver_Loss: 106.3000
Epoch 113/200, Batch 300, Aver_Loss: 110.8023
Epoch 113/200, Batch 400, Aver_Loss: 107.4009
[early-stopping] Epoch 113: no improvement (6/20)
Epoch 114/200, Batch 100, Aver_Loss: 105.0260
Epoch 114/200, Batch 200, Aver_Loss: 104.4610
Epoch 114/200, Batch 300, Aver_Loss: 109.3975
Epoch 114/200, Batch 400, Aver_Loss: 105.4153
[early-stopping] Epoch 114: new best val ELBO = -106.680582
Epoch 115/200, Batch 100, Aver_Loss: 102.0298
Epoch 115/200, Batch 200, Aver_Loss: 106.0052
Epoch 115/200, Batch 300, Aver_Loss: 106.4215
Epoch 115/200, Batch 400, Aver_Loss: 104.7068
[early-stopping] Epoch 115: no improvement (1/20)
Epoch 116/200, Batch 100, Aver_Loss: 108.2804
Epoch 116/200, Batch 200, Aver_Loss: 106.0836
Epoch 116/200, Batch 300, Aver_Loss: 106.1166
Epoch 116/200, Batch 400, Aver_Loss: 107.8452
[early-stopping] Epoch 116: no improvement (2/20)
Epoch 117/200, Batch 100, Aver_Loss: 107.9586
Epoch 117/200, Batch 200, Aver_Loss: 103.3349
Epoch 117/200, Batch 300, Aver_Loss: 110.6997
Epoch 117/200, Batch 400, Aver_Loss: 106.4968
[early-stopping] Epoch 117: no improvement (3/20)
Epoch 118/200, Batch 100, Aver_Loss: 104.6268
Epoch 118/200, Batch 200, Aver_Loss: 107.8690
Epoch 118/200, Batch 300, Aver_Loss: 107.4194
Epoch 118/200, Batch 400, Aver_Loss: 105.0217
[early-stopping] Epoch 118: no improvement (4/20)
Epoch 119/200, Batch 100, Aver_Loss: 105.5741
Epoch 119/200, Batch 200, Aver_Loss: 105.2817
Epoch 119/200, Batch 300, Aver_Loss: 107.3578
Epoch 119/200, Batch 400, Aver_Loss: 107.2839
[early-stopping] Epoch 119: no improvement (5/20)
Epoch 120/200, Batch 100, Aver_Loss: 101.6034
Epoch 120/200, Batch 200, Aver_Loss: 105.5291
Epoch 120/200, Batch 300, Aver_Loss: 103.4730
Epoch 120/200, Batch 400, Aver_Loss: 106.9549
[early-stopping] Epoch 120: no improvement (6/20)
Epoch 121/200, Batch 100, Aver_Loss: 109.9038
Epoch 121/200, Batch 200, Aver_Loss: 108.3125
Epoch 121/200, Batch 300, Aver_Loss: 106.5725
Epoch 121/200, Batch 400, Aver_Loss: 107.3084
[early-stopping] Epoch 121: no improvement (7/20)
Epoch 122/200, Batch 100, Aver_Loss: 109.7674
Epoch 122/200, Batch 200, Aver_Loss: 105.0078
Epoch 122/200, Batch 300, Aver_Loss: 107.3299
Epoch 122/200, Batch 400, Aver_Loss: 106.3716
[early-stopping] Epoch 122: no improvement (8/20)
Epoch 123/200, Batch 100, Aver_Loss: 108.5385
Epoch 123/200, Batch 200, Aver_Loss: 103.5518
Epoch 123/200, Batch 300, Aver_Loss: 106.4188
Epoch 123/200, Batch 400, Aver_Loss: 106.2776
[early-stopping] Epoch 123: no improvement (9/20)
Epoch 124/200, Batch 100, Aver_Loss: 106.6596
Epoch 124/200, Batch 200, Aver_Loss: 107.6999
Epoch 124/200, Batch 300, Aver_Loss: 112.0405
Epoch 124/200, Batch 400, Aver_Loss: 110.1706
[early-stopping] Epoch 124: no improvement (10/20)
Epoch 125/200, Batch 100, Aver_Loss: 108.5603
Epoch 125/200, Batch 200, Aver_Loss: 108.5344
Epoch 125/200, Batch 300, Aver_Loss: 105.4452
Epoch 125/200, Batch 400, Aver_Loss: 106.6095
[early-stopping] Epoch 125: no improvement (11/20)
Epoch 126/200, Batch 100, Aver_Loss: 104.3431
Epoch 126/200, Batch 200, Aver_Loss: 105.5019
Epoch 126/200, Batch 300, Aver_Loss: 103.7084
Epoch 126/200, Batch 400, Aver_Loss: 105.0172
[early-stopping] Epoch 126: no improvement (12/20)
Epoch 127/200, Batch 100, Aver_Loss: 109.1771
Epoch 127/200, Batch 200, Aver_Loss: 107.0998
Epoch 127/200, Batch 300, Aver_Loss: 107.4044
Epoch 127/200, Batch 400, Aver_Loss: 103.1629
[early-stopping] Epoch 127: new best val ELBO = -106.469881
Epoch 128/200, Batch 100, Aver_Loss: 96.5253
Epoch 128/200, Batch 200, Aver_Loss: 103.9165
Epoch 128/200, Batch 300, Aver_Loss: 106.4689
Epoch 128/200, Batch 400, Aver_Loss: 103.3793
[early-stopping] Epoch 128: no improvement (1/20)
Epoch 129/200, Batch 100, Aver_Loss: 107.8184
Epoch 129/200, Batch 200, Aver_Loss: 110.4710
Epoch 129/200, Batch 300, Aver_Loss: 108.0750
Epoch 129/200, Batch 400, Aver_Loss: 105.3126
[early-stopping] Epoch 129: no improvement (2/20)
Epoch 130/200, Batch 100, Aver_Loss: 107.6832
Epoch 130/200, Batch 200, Aver_Loss: 106.8674
Epoch 130/200, Batch 300, Aver_Loss: 105.2769
Epoch 130/200, Batch 400, Aver_Loss: 106.6428
[early-stopping] Epoch 130: no improvement (3/20)
Epoch 131/200, Batch 100, Aver_Loss: 107.7944
Epoch 131/200, Batch 200, Aver_Loss: 105.6961
Epoch 131/200, Batch 300, Aver_Loss: 107.9049
Epoch 131/200, Batch 400, Aver_Loss: 108.8776
[early-stopping] Epoch 131: no improvement (4/20)
Epoch 132/200, Batch 100, Aver_Loss: 108.4047
Epoch 132/200, Batch 200, Aver_Loss: 110.9851
Epoch 132/200, Batch 300, Aver_Loss: 108.4871
Epoch 132/200, Batch 400, Aver_Loss: 104.8498
[early-stopping] Epoch 132: no improvement (5/20)
Epoch 133/200, Batch 100, Aver_Loss: 106.7585
Epoch 133/200, Batch 200, Aver_Loss: 103.5042
Epoch 133/200, Batch 300, Aver_Loss: 99.1143
Epoch 133/200, Batch 400, Aver_Loss: 105.3771
[early-stopping] Epoch 133: no improvement (6/20)
Epoch 134/200, Batch 100, Aver_Loss: 103.6461
Epoch 134/200, Batch 200, Aver_Loss: 106.9538
Epoch 134/200, Batch 300, Aver_Loss: 102.7710
Epoch 134/200, Batch 400, Aver_Loss: 106.3794
[early-stopping] Epoch 134: new best val ELBO = -106.440400
Epoch 135/200, Batch 100, Aver_Loss: 102.8385
Epoch 135/200, Batch 200, Aver_Loss: 106.8097
Epoch 135/200, Batch 300, Aver_Loss: 110.0115
Epoch 135/200, Batch 400, Aver_Loss: 105.8239
[early-stopping] Epoch 135: no improvement (1/20)
Epoch 136/200, Batch 100, Aver_Loss: 106.9797
Epoch 136/200, Batch 200, Aver_Loss: 105.4610
Epoch 136/200, Batch 300, Aver_Loss: 108.5656
Epoch 136/200, Batch 400, Aver_Loss: 108.0135
[early-stopping] Epoch 136: no improvement (2/20)
Epoch 137/200, Batch 100, Aver_Loss: 105.8414
Epoch 137/200, Batch 200, Aver_Loss: 105.5423
Epoch 137/200, Batch 300, Aver_Loss: 103.4902
Epoch 137/200, Batch 400, Aver_Loss: 102.5213
[early-stopping] Epoch 137: no improvement (3/20)
Epoch 138/200, Batch 100, Aver_Loss: 108.2959
Epoch 138/200, Batch 200, Aver_Loss: 102.5321
Epoch 138/200, Batch 300, Aver_Loss: 104.5584
Epoch 138/200, Batch 400, Aver_Loss: 105.0765
[early-stopping] Epoch 138: no improvement (4/20)
Epoch 139/200, Batch 100, Aver_Loss: 103.8871
Epoch 139/200, Batch 200, Aver_Loss: 102.1956
Epoch 139/200, Batch 300, Aver_Loss: 105.9215
Epoch 139/200, Batch 400, Aver_Loss: 103.2842
[early-stopping] Epoch 139: new best val ELBO = -106.438410
Epoch 140/200, Batch 100, Aver_Loss: 109.6047
Epoch 140/200, Batch 200, Aver_Loss: 106.0354
Epoch 140/200, Batch 300, Aver_Loss: 106.9028
Epoch 140/200, Batch 400, Aver_Loss: 106.6575
[early-stopping] Epoch 140: no improvement (1/20)
Epoch 141/200, Batch 100, Aver_Loss: 108.2908
Epoch 141/200, Batch 200, Aver_Loss: 113.3013
Epoch 141/200, Batch 300, Aver_Loss: 107.5727
Epoch 141/200, Batch 400, Aver_Loss: 103.4758
[early-stopping] Epoch 141: no improvement (2/20)
Epoch 142/200, Batch 100, Aver_Loss: 104.8812
Epoch 142/200, Batch 200, Aver_Loss: 106.7812
Epoch 142/200, Batch 300, Aver_Loss: 109.5951
Epoch 142/200, Batch 400, Aver_Loss: 107.4199
[early-stopping] Epoch 142: new best val ELBO = -106.425500
Epoch 143/200, Batch 100, Aver_Loss: 105.2976
Epoch 143/200, Batch 200, Aver_Loss: 105.5647
Epoch 143/200, Batch 300, Aver_Loss: 105.6139
Epoch 143/200, Batch 400, Aver_Loss: 107.0270
[early-stopping] Epoch 143: no improvement (1/20)
Epoch 144/200, Batch 100, Aver_Loss: 107.2355
Epoch 144/200, Batch 200, Aver_Loss: 107.9723
Epoch 144/200, Batch 300, Aver_Loss: 104.8311
Epoch 144/200, Batch 400, Aver_Loss: 105.5846
[early-stopping] Epoch 144: no improvement (2/20)
Epoch 145/200, Batch 100, Aver_Loss: 103.9762
Epoch 145/200, Batch 200, Aver_Loss: 108.3734
Epoch 145/200, Batch 300, Aver_Loss: 106.2167
Epoch 145/200, Batch 400, Aver_Loss: 104.0398
[early-stopping] Epoch 145: no improvement (3/20)
Epoch 146/200, Batch 100, Aver_Loss: 104.5433
Epoch 146/200, Batch 200, Aver_Loss: 107.9367
Epoch 146/200, Batch 300, Aver_Loss: 104.1378
Epoch 146/200, Batch 400, Aver_Loss: 104.2690
[early-stopping] Epoch 146: no improvement (4/20)
Epoch 147/200, Batch 100, Aver_Loss: 106.0569
Epoch 147/200, Batch 200, Aver_Loss: 105.7133
Epoch 147/200, Batch 300, Aver_Loss: 103.8373
Epoch 147/200, Batch 400, Aver_Loss: 110.0736
[early-stopping] Epoch 147: no improvement (5/20)
Epoch 148/200, Batch 100, Aver_Loss: 104.9956
Epoch 148/200, Batch 200, Aver_Loss: 110.8306
Epoch 148/200, Batch 300, Aver_Loss: 105.6143
Epoch 148/200, Batch 400, Aver_Loss: 103.4504
[early-stopping] Epoch 148: new best val ELBO = -106.187209
Epoch 149/200, Batch 100, Aver_Loss: 101.1507
Epoch 149/200, Batch 200, Aver_Loss: 105.1413
Epoch 149/200, Batch 300, Aver_Loss: 108.5634
Epoch 149/200, Batch 400, Aver_Loss: 104.3354
[early-stopping] Epoch 149: no improvement (1/20)
Epoch 150/200, Batch 100, Aver_Loss: 102.3323
Epoch 150/200, Batch 200, Aver_Loss: 104.8594
Epoch 150/200, Batch 300, Aver_Loss: 106.6970
Epoch 150/200, Batch 400, Aver_Loss: 101.5858
[early-stopping] Epoch 150: no improvement (2/20)
Epoch 151/200, Batch 100, Aver_Loss: 104.2718
Epoch 151/200, Batch 200, Aver_Loss: 105.3257
Epoch 151/200, Batch 300, Aver_Loss: 107.1852
Epoch 151/200, Batch 400, Aver_Loss: 104.3462
[early-stopping] Epoch 151: no improvement (3/20)
Epoch 152/200, Batch 100, Aver_Loss: 102.8571
Epoch 152/200, Batch 200, Aver_Loss: 111.4563
Epoch 152/200, Batch 300, Aver_Loss: 105.7328
Epoch 152/200, Batch 400, Aver_Loss: 103.6311
[early-stopping] Epoch 152: no improvement (4/20)
Epoch 153/200, Batch 100, Aver_Loss: 103.4546
Epoch 153/200, Batch 200, Aver_Loss: 106.1121
Epoch 153/200, Batch 300, Aver_Loss: 100.8404
Epoch 153/200, Batch 400, Aver_Loss: 106.9951
[early-stopping] Epoch 153: new best val ELBO = -106.166161
Epoch 154/200, Batch 100, Aver_Loss: 103.9203
Epoch 154/200, Batch 200, Aver_Loss: 104.8773
Epoch 154/200, Batch 300, Aver_Loss: 104.0016
Epoch 154/200, Batch 400, Aver_Loss: 103.5416
[early-stopping] Epoch 154: no improvement (1/20)
Epoch 155/200, Batch 100, Aver_Loss: 107.5407
Epoch 155/200, Batch 200, Aver_Loss: 108.4126
Epoch 155/200, Batch 300, Aver_Loss: 103.7927
Epoch 155/200, Batch 400, Aver_Loss: 104.6583
[early-stopping] Epoch 155: no improvement (2/20)
Epoch 156/200, Batch 100, Aver_Loss: 110.1544
Epoch 156/200, Batch 200, Aver_Loss: 108.5006
Epoch 156/200, Batch 300, Aver_Loss: 103.6365
Epoch 156/200, Batch 400, Aver_Loss: 108.5504
[early-stopping] Epoch 156: no improvement (3/20)
Epoch 157/200, Batch 100, Aver_Loss: 104.8445
Epoch 157/200, Batch 200, Aver_Loss: 102.6113
Epoch 157/200, Batch 300, Aver_Loss: 105.9042
Epoch 157/200, Batch 400, Aver_Loss: 111.1251
[early-stopping] Epoch 157: no improvement (4/20)
Epoch 158/200, Batch 100, Aver_Loss: 102.1025
Epoch 158/200, Batch 200, Aver_Loss: 106.5795
Epoch 158/200, Batch 300, Aver_Loss: 104.9016
Epoch 158/200, Batch 400, Aver_Loss: 110.6156
[early-stopping] Epoch 158: no improvement (5/20)
Epoch 159/200, Batch 100, Aver_Loss: 104.9394
Epoch 159/200, Batch 200, Aver_Loss: 108.3440
Epoch 159/200, Batch 300, Aver_Loss: 104.0298
Epoch 159/200, Batch 400, Aver_Loss: 105.0779
[early-stopping] Epoch 159: no improvement (6/20)
Epoch 160/200, Batch 100, Aver_Loss: 103.9900
Epoch 160/200, Batch 200, Aver_Loss: 104.1779
Epoch 160/200, Batch 300, Aver_Loss: 107.7882
Epoch 160/200, Batch 400, Aver_Loss: 107.2300
[early-stopping] Epoch 160: no improvement (7/20)
Epoch 161/200, Batch 100, Aver_Loss: 104.4499
Epoch 161/200, Batch 200, Aver_Loss: 103.4453
Epoch 161/200, Batch 300, Aver_Loss: 107.6640
Epoch 161/200, Batch 400, Aver_Loss: 110.1476
[early-stopping] Epoch 161: no improvement (8/20)
Epoch 162/200, Batch 100, Aver_Loss: 102.3225
Epoch 162/200, Batch 200, Aver_Loss: 107.8721
Epoch 162/200, Batch 300, Aver_Loss: 106.0131
Epoch 162/200, Batch 400, Aver_Loss: 108.2128
[early-stopping] Epoch 162: no improvement (9/20)
Epoch 163/200, Batch 100, Aver_Loss: 104.4309
Epoch 163/200, Batch 200, Aver_Loss: 103.5478
Epoch 163/200, Batch 300, Aver_Loss: 112.5766
Epoch 163/200, Batch 400, Aver_Loss: 103.8784
[early-stopping] Epoch 163: no improvement (10/20)
Epoch 164/200, Batch 100, Aver_Loss: 105.6808
Epoch 164/200, Batch 200, Aver_Loss: 105.0476
Epoch 164/200, Batch 300, Aver_Loss: 107.9687
Epoch 164/200, Batch 400, Aver_Loss: 107.5331
[early-stopping] Epoch 164: new best val ELBO = -106.023006
Epoch 165/200, Batch 100, Aver_Loss: 103.1308
Epoch 165/200, Batch 200, Aver_Loss: 99.9201
Epoch 165/200, Batch 300, Aver_Loss: 104.6442
Epoch 165/200, Batch 400, Aver_Loss: 107.7769
[early-stopping] Epoch 165: no improvement (1/20)
Epoch 166/200, Batch 100, Aver_Loss: 100.0431
Epoch 166/200, Batch 200, Aver_Loss: 106.7471
Epoch 166/200, Batch 300, Aver_Loss: 106.7238
Epoch 166/200, Batch 400, Aver_Loss: 107.7541
[early-stopping] Epoch 166: no improvement (2/20)
Epoch 167/200, Batch 100, Aver_Loss: 104.4280
Epoch 167/200, Batch 200, Aver_Loss: 102.7033
Epoch 167/200, Batch 300, Aver_Loss: 107.6192
Epoch 167/200, Batch 400, Aver_Loss: 102.3134
[early-stopping] Epoch 167: no improvement (3/20)
Epoch 168/200, Batch 100, Aver_Loss: 114.5708
Epoch 168/200, Batch 200, Aver_Loss: 102.0591
Epoch 168/200, Batch 300, Aver_Loss: 103.4509
Epoch 168/200, Batch 400, Aver_Loss: 107.3440
[early-stopping] Epoch 168: new best val ELBO = -105.908909
Epoch 169/200, Batch 100, Aver_Loss: 106.2386
Epoch 169/200, Batch 200, Aver_Loss: 107.3676
Epoch 169/200, Batch 300, Aver_Loss: 103.2846
Epoch 169/200, Batch 400, Aver_Loss: 106.3542
[early-stopping] Epoch 169: no improvement (1/20)
Epoch 170/200, Batch 100, Aver_Loss: 104.8720
Epoch 170/200, Batch 200, Aver_Loss: 105.9289
Epoch 170/200, Batch 300, Aver_Loss: 103.3843
Epoch 170/200, Batch 400, Aver_Loss: 106.4031
[early-stopping] Epoch 170: no improvement (2/20)
Epoch 171/200, Batch 100, Aver_Loss: 106.7715
Epoch 171/200, Batch 200, Aver_Loss: 108.3699
Epoch 171/200, Batch 300, Aver_Loss: 107.0925
Epoch 171/200, Batch 400, Aver_Loss: 101.5010
[early-stopping] Epoch 171: new best val ELBO = -105.897545
Epoch 172/200, Batch 100, Aver_Loss: 109.0164
Epoch 172/200, Batch 200, Aver_Loss: 108.2905
Epoch 172/200, Batch 300, Aver_Loss: 105.5649
Epoch 172/200, Batch 400, Aver_Loss: 104.4923
[early-stopping] Epoch 172: no improvement (1/20)
Epoch 173/200, Batch 100, Aver_Loss: 101.9205
Epoch 173/200, Batch 200, Aver_Loss: 108.8175
Epoch 173/200, Batch 300, Aver_Loss: 109.5275
Epoch 173/200, Batch 400, Aver_Loss: 102.3514
[early-stopping] Epoch 173: no improvement (2/20)
Epoch 174/200, Batch 100, Aver_Loss: 104.1052
Epoch 174/200, Batch 200, Aver_Loss: 104.9192
Epoch 174/200, Batch 300, Aver_Loss: 109.1995
Epoch 174/200, Batch 400, Aver_Loss: 104.6985
[early-stopping] Epoch 174: no improvement (3/20)
Epoch 175/200, Batch 100, Aver_Loss: 103.9478
Epoch 175/200, Batch 200, Aver_Loss: 108.8082
Epoch 175/200, Batch 300, Aver_Loss: 108.6011
Epoch 175/200, Batch 400, Aver_Loss: 106.3044
[early-stopping] Epoch 175: no improvement (4/20)
Epoch 176/200, Batch 100, Aver_Loss: 106.4949
Epoch 176/200, Batch 200, Aver_Loss: 103.0577
Epoch 176/200, Batch 300, Aver_Loss: 104.0636
Epoch 176/200, Batch 400, Aver_Loss: 109.0699
[early-stopping] Epoch 176: no improvement (5/20)
Epoch 177/200, Batch 100, Aver_Loss: 103.6661
Epoch 177/200, Batch 200, Aver_Loss: 106.8542
Epoch 177/200, Batch 300, Aver_Loss: 106.7733
Epoch 177/200, Batch 400, Aver_Loss: 107.3864
[early-stopping] Epoch 177: no improvement (6/20)
Epoch 178/200, Batch 100, Aver_Loss: 103.8740
Epoch 178/200, Batch 200, Aver_Loss: 99.3782
Epoch 178/200, Batch 300, Aver_Loss: 103.4242
Epoch 178/200, Batch 400, Aver_Loss: 104.2975
[early-stopping] Epoch 178: no improvement (7/20)
Epoch 179/200, Batch 100, Aver_Loss: 104.6162
Epoch 179/200, Batch 200, Aver_Loss: 104.0924
Epoch 179/200, Batch 300, Aver_Loss: 102.1291
Epoch 179/200, Batch 400, Aver_Loss: 106.7896
[early-stopping] Epoch 179: no improvement (8/20)
Epoch 180/200, Batch 100, Aver_Loss: 103.7218
Epoch 180/200, Batch 200, Aver_Loss: 109.1747
Epoch 180/200, Batch 300, Aver_Loss: 105.4111
Epoch 180/200, Batch 400, Aver_Loss: 105.5861
[early-stopping] Epoch 180: no improvement (9/20)
Epoch 181/200, Batch 100, Aver_Loss: 104.5410
Epoch 181/200, Batch 200, Aver_Loss: 101.7146
Epoch 181/200, Batch 300, Aver_Loss: 106.3965
Epoch 181/200, Batch 400, Aver_Loss: 102.5217
[early-stopping] Epoch 181: no improvement (10/20)
Epoch 182/200, Batch 100, Aver_Loss: 102.5776
Epoch 182/200, Batch 200, Aver_Loss: 108.5706
Epoch 182/200, Batch 300, Aver_Loss: 102.7670
Epoch 182/200, Batch 400, Aver_Loss: 109.3811
[early-stopping] Epoch 182: no improvement (11/20)
Epoch 183/200, Batch 100, Aver_Loss: 103.6700
Epoch 183/200, Batch 200, Aver_Loss: 109.5131
Epoch 183/200, Batch 300, Aver_Loss: 105.5999
Epoch 183/200, Batch 400, Aver_Loss: 106.6580
[early-stopping] Epoch 183: no improvement (12/20)
Epoch 184/200, Batch 100, Aver_Loss: 103.5059
Epoch 184/200, Batch 200, Aver_Loss: 108.1191
Epoch 184/200, Batch 300, Aver_Loss: 103.2366
Epoch 184/200, Batch 400, Aver_Loss: 104.8744
[early-stopping] Epoch 184: no improvement (13/20)
Epoch 185/200, Batch 100, Aver_Loss: 106.3279
Epoch 185/200, Batch 200, Aver_Loss: 105.2163
Epoch 185/200, Batch 300, Aver_Loss: 103.0670
Epoch 185/200, Batch 400, Aver_Loss: 112.4771
[early-stopping] Epoch 185: no improvement (14/20)
Epoch 186/200, Batch 100, Aver_Loss: 105.6301
Epoch 186/200, Batch 200, Aver_Loss: 104.5175
Epoch 186/200, Batch 300, Aver_Loss: 107.0655
Epoch 186/200, Batch 400, Aver_Loss: 103.2187
[early-stopping] Epoch 186: no improvement (15/20)
Epoch 187/200, Batch 100, Aver_Loss: 104.6470
Epoch 187/200, Batch 200, Aver_Loss: 104.5591
Epoch 187/200, Batch 300, Aver_Loss: 107.1532
Epoch 187/200, Batch 400, Aver_Loss: 98.5098
[early-stopping] Epoch 187: no improvement (16/20)
Epoch 188/200, Batch 100, Aver_Loss: 106.1534
Epoch 188/200, Batch 200, Aver_Loss: 100.6189
Epoch 188/200, Batch 300, Aver_Loss: 106.8086
Epoch 188/200, Batch 400, Aver_Loss: 106.4329
[early-stopping] Epoch 188: no improvement (17/20)
Epoch 189/200, Batch 100, Aver_Loss: 103.9780
Epoch 189/200, Batch 200, Aver_Loss: 105.3168
Epoch 189/200, Batch 300, Aver_Loss: 103.6429
Epoch 189/200, Batch 400, Aver_Loss: 107.5428
[early-stopping] Epoch 189: no improvement (18/20)
Epoch 190/200, Batch 100, Aver_Loss: 106.2568
Epoch 190/200, Batch 200, Aver_Loss: 103.9848
Epoch 190/200, Batch 300, Aver_Loss: 102.6166
Epoch 190/200, Batch 400, Aver_Loss: 105.2004
[early-stopping] Epoch 190: new best val ELBO = -105.828521
Epoch 191/200, Batch 100, Aver_Loss: 100.7744
Epoch 191/200, Batch 200, Aver_Loss: 106.1975
Epoch 191/200, Batch 300, Aver_Loss: 110.9459
Epoch 191/200, Batch 400, Aver_Loss: 106.2723
[early-stopping] Epoch 191: no improvement (1/20)
Epoch 192/200, Batch 100, Aver_Loss: 107.7787
Epoch 192/200, Batch 200, Aver_Loss: 104.3737
Epoch 192/200, Batch 300, Aver_Loss: 104.3888
Epoch 192/200, Batch 400, Aver_Loss: 106.7509
[early-stopping] Epoch 192: no improvement (2/20)
Epoch 193/200, Batch 100, Aver_Loss: 106.9048
Epoch 193/200, Batch 200, Aver_Loss: 103.7459
Epoch 193/200, Batch 300, Aver_Loss: 105.2033
Epoch 193/200, Batch 400, Aver_Loss: 107.5322
[early-stopping] Epoch 193: no improvement (3/20)
Epoch 194/200, Batch 100, Aver_Loss: 107.1924
Epoch 194/200, Batch 200, Aver_Loss: 100.8684
Epoch 194/200, Batch 300, Aver_Loss: 99.0724
Epoch 194/200, Batch 400, Aver_Loss: 107.0628
[early-stopping] Epoch 194: new best val ELBO = -105.801197
Epoch 195/200, Batch 100, Aver_Loss: 102.8204
Epoch 195/200, Batch 200, Aver_Loss: 104.3910
Epoch 195/200, Batch 300, Aver_Loss: 102.7953
Epoch 195/200, Batch 400, Aver_Loss: 108.7491
[early-stopping] Epoch 195: no improvement (1/20)
Epoch 196/200, Batch 100, Aver_Loss: 102.3312
Epoch 196/200, Batch 200, Aver_Loss: 107.1731
Epoch 196/200, Batch 300, Aver_Loss: 109.5341
Epoch 196/200, Batch 400, Aver_Loss: 107.4037
[early-stopping] Epoch 196: no improvement (2/20)
Epoch 197/200, Batch 100, Aver_Loss: 105.6730
Epoch 197/200, Batch 200, Aver_Loss: 109.2588
Epoch 197/200, Batch 300, Aver_Loss: 106.9998
Epoch 197/200, Batch 400, Aver_Loss: 106.1160
[early-stopping] Epoch 197: no improvement (3/20)
Epoch 198/200, Batch 100, Aver_Loss: 107.4024
Epoch 198/200, Batch 200, Aver_Loss: 107.2307
Epoch 198/200, Batch 300, Aver_Loss: 109.0370
Epoch 198/200, Batch 400, Aver_Loss: 110.2140
[early-stopping] Epoch 198: no improvement (4/20)
Epoch 199/200, Batch 100, Aver_Loss: 103.5822
Epoch 199/200, Batch 200, Aver_Loss: 106.6752
Epoch 199/200, Batch 300, Aver_Loss: 107.3132
Epoch 199/200, Batch 400, Aver_Loss: 106.3489
[early-stopping] Epoch 199: no improvement (5/20)
Epoch 200/200, Batch 100, Aver_Loss: 105.2077
Epoch 200/200, Batch 200, Aver_Loss: 103.7515
Epoch 200/200, Batch 300, Aver_Loss: 103.6291
Epoch 200/200, Batch 400, Aver_Loss: 101.6615
[early-stopping] Epoch 200: new best val ELBO = -105.705328
[early-stopping] Loaded best model from epoch 200 (val ELBO = -105.705328)
[checkpoint] Saved best model to: trained_parameters/mnist_basic_zdim512_MVAE.pkl
[saved curves] ./results/MNIST_BASIC/curves/mnist_basic_mvae_d512_s777.json

==== Evaluation Summary ====
                 model: mvae
   recon/mse_per_pixel: 0.012787
            elbo/train: -105.117786
             elbo/test: -105.817301
             mse/train: 0.012372
              mse/test: 0.012787
             probe/acc: 0.948633
             probe/nll: 0.173940
           probe/brier: 0.077678
             probe/ece: 0.021051
           cluster/nmi: 0.525554
           cluster/ari: 0.406151
============================

