/usr/bin/which: no fi_info in (/arf/home/meyavuz/.local/bin:/arf/sw/comp/python/intelpython3/condabin:/arf/sw/comp/python/intelpython3/bin:/usr/share/Modules/bin:/usr/local/bin:/usr/bin:/usr/local/sbin:/usr/sbin)
Extension for Scikit-learn* enabled (https://github.com/uxlfoundation/scikit-learn-intelex)
/arf/home/meyavuz/.conda/envs/sbn/lib/python3.9/site-packages/sklearn/linear_model/_logistic.py:1247: FutureWarning: 'multi_class' was deprecated in version 1.5 and will be removed in 1.7. From then on, it will always use 'multinomial'. Leave it to its default value to avoid this warning.
  warnings.warn(
Epoch 1/200, Batch 100, Aver_Loss: 503.5728
Epoch 1/200, Batch 200, Aver_Loss: 491.3310
Epoch 1/200, Batch 300, Aver_Loss: 488.2448
Epoch 1/200, Batch 400, Aver_Loss: 470.5829
[early-stopping] Epoch 1: new best val ELBO = -486.752734
Epoch 2/200, Batch 100, Aver_Loss: 485.3206
Epoch 2/200, Batch 200, Aver_Loss: 488.7596
Epoch 2/200, Batch 300, Aver_Loss: 489.9227
Epoch 2/200, Batch 400, Aver_Loss: 476.0104
[early-stopping] Epoch 2: new best val ELBO = -484.566842
Epoch 3/200, Batch 100, Aver_Loss: 491.7144
Epoch 3/200, Batch 200, Aver_Loss: 491.5611
Epoch 3/200, Batch 300, Aver_Loss: 488.7849
Epoch 3/200, Batch 400, Aver_Loss: 480.2121
[early-stopping] Epoch 3: new best val ELBO = -483.709983
Epoch 4/200, Batch 100, Aver_Loss: 479.3310
Epoch 4/200, Batch 200, Aver_Loss: 491.8793
Epoch 4/200, Batch 300, Aver_Loss: 484.5153
Epoch 4/200, Batch 400, Aver_Loss: 490.9792
[early-stopping] Epoch 4: new best val ELBO = -483.454700
Epoch 5/200, Batch 100, Aver_Loss: 485.5515
Epoch 5/200, Batch 200, Aver_Loss: 482.6320
Epoch 5/200, Batch 300, Aver_Loss: 484.4667
Epoch 5/200, Batch 400, Aver_Loss: 483.3676
[early-stopping] Epoch 5: new best val ELBO = -482.723178
Epoch 6/200, Batch 100, Aver_Loss: 483.8425
Epoch 6/200, Batch 200, Aver_Loss: 481.8054
Epoch 6/200, Batch 300, Aver_Loss: 481.5890
Epoch 6/200, Batch 400, Aver_Loss: 483.8723
[early-stopping] Epoch 6: no improvement (1/20)
Epoch 7/200, Batch 100, Aver_Loss: 480.9610
Epoch 7/200, Batch 200, Aver_Loss: 487.6051
Epoch 7/200, Batch 300, Aver_Loss: 485.8385
Epoch 7/200, Batch 400, Aver_Loss: 486.5252
[early-stopping] Epoch 7: new best val ELBO = -482.196285
Epoch 8/200, Batch 100, Aver_Loss: 490.3143
Epoch 8/200, Batch 200, Aver_Loss: 475.4753
Epoch 8/200, Batch 300, Aver_Loss: 483.9155
Epoch 8/200, Batch 400, Aver_Loss: 478.3445
[early-stopping] Epoch 8: no improvement (1/20)
Epoch 9/200, Batch 100, Aver_Loss: 477.5804
Epoch 9/200, Batch 200, Aver_Loss: 478.9330
Epoch 9/200, Batch 300, Aver_Loss: 480.0507
Epoch 9/200, Batch 400, Aver_Loss: 483.2122
[early-stopping] Epoch 9: new best val ELBO = -482.176913
Epoch 10/200, Batch 100, Aver_Loss: 481.8920
Epoch 10/200, Batch 200, Aver_Loss: 471.7305
Epoch 10/200, Batch 300, Aver_Loss: 487.7069
Epoch 10/200, Batch 400, Aver_Loss: 485.2132
[early-stopping] Epoch 10: new best val ELBO = -481.439963
Epoch 11/200, Batch 100, Aver_Loss: 486.6956
Epoch 11/200, Batch 200, Aver_Loss: 478.2845
Epoch 11/200, Batch 300, Aver_Loss: 481.7993
Epoch 11/200, Batch 400, Aver_Loss: 482.9492
[early-stopping] Epoch 11: no improvement (1/20)
Epoch 12/200, Batch 100, Aver_Loss: 487.0527
Epoch 12/200, Batch 200, Aver_Loss: 478.0483
Epoch 12/200, Batch 300, Aver_Loss: 474.3282
Epoch 12/200, Batch 400, Aver_Loss: 481.7619
[early-stopping] Epoch 12: no improvement (2/20)
Epoch 13/200, Batch 100, Aver_Loss: 481.8214
Epoch 13/200, Batch 200, Aver_Loss: 479.8548
Epoch 13/200, Batch 300, Aver_Loss: 474.1568
Epoch 13/200, Batch 400, Aver_Loss: 482.5196
[early-stopping] Epoch 13: no improvement (3/20)
Epoch 14/200, Batch 100, Aver_Loss: 482.4957
Epoch 14/200, Batch 200, Aver_Loss: 487.1897
Epoch 14/200, Batch 300, Aver_Loss: 485.4786
Epoch 14/200, Batch 400, Aver_Loss: 475.4886
[early-stopping] Epoch 14: new best val ELBO = -481.429007
Epoch 15/200, Batch 100, Aver_Loss: 482.0728
Epoch 15/200, Batch 200, Aver_Loss: 475.0482
Epoch 15/200, Batch 300, Aver_Loss: 475.0916
Epoch 15/200, Batch 400, Aver_Loss: 481.2579
[early-stopping] Epoch 15: new best val ELBO = -480.981617
Epoch 16/200, Batch 100, Aver_Loss: 480.3106
Epoch 16/200, Batch 200, Aver_Loss: 479.6490
Epoch 16/200, Batch 300, Aver_Loss: 474.8617
Epoch 16/200, Batch 400, Aver_Loss: 477.8859
[early-stopping] Epoch 16: new best val ELBO = -480.700263
Epoch 17/200, Batch 100, Aver_Loss: 480.1690
Epoch 17/200, Batch 200, Aver_Loss: 475.7687
Epoch 17/200, Batch 300, Aver_Loss: 475.9395
Epoch 17/200, Batch 400, Aver_Loss: 482.1093
[early-stopping] Epoch 17: new best val ELBO = -480.520316
Epoch 18/200, Batch 100, Aver_Loss: 493.7014
Epoch 18/200, Batch 200, Aver_Loss: 483.2452
Epoch 18/200, Batch 300, Aver_Loss: 486.8512
Epoch 18/200, Batch 400, Aver_Loss: 483.8316
[early-stopping] Epoch 18: no improvement (1/20)
Epoch 19/200, Batch 100, Aver_Loss: 472.3391
Epoch 19/200, Batch 200, Aver_Loss: 482.3479
Epoch 19/200, Batch 300, Aver_Loss: 476.7506
Epoch 19/200, Batch 400, Aver_Loss: 477.3701
[early-stopping] Epoch 19: no improvement (2/20)
Epoch 20/200, Batch 100, Aver_Loss: 486.2722
Epoch 20/200, Batch 200, Aver_Loss: 485.5547
Epoch 20/200, Batch 300, Aver_Loss: 480.7500
Epoch 20/200, Batch 400, Aver_Loss: 478.5706
[early-stopping] Epoch 20: no improvement (3/20)
Epoch 21/200, Batch 100, Aver_Loss: 479.9937
Epoch 21/200, Batch 200, Aver_Loss: 483.9822
Epoch 21/200, Batch 300, Aver_Loss: 477.5268
Epoch 21/200, Batch 400, Aver_Loss: 483.6866
[early-stopping] Epoch 21: no improvement (4/20)
Epoch 22/200, Batch 100, Aver_Loss: 471.4712
Epoch 22/200, Batch 200, Aver_Loss: 488.8376
Epoch 22/200, Batch 300, Aver_Loss: 484.8326
Epoch 22/200, Batch 400, Aver_Loss: 481.3290
[early-stopping] Epoch 22: no improvement (5/20)
Epoch 23/200, Batch 100, Aver_Loss: 481.9657
Epoch 23/200, Batch 200, Aver_Loss: 480.1241
Epoch 23/200, Batch 300, Aver_Loss: 485.2619
Epoch 23/200, Batch 400, Aver_Loss: 488.9196
[early-stopping] Epoch 23: no improvement (6/20)
Epoch 24/200, Batch 100, Aver_Loss: 474.4389
Epoch 24/200, Batch 200, Aver_Loss: 476.6952
Epoch 24/200, Batch 300, Aver_Loss: 486.9839
Epoch 24/200, Batch 400, Aver_Loss: 486.0710
[early-stopping] Epoch 24: no improvement (7/20)
Epoch 25/200, Batch 100, Aver_Loss: 475.3080
Epoch 25/200, Batch 200, Aver_Loss: 479.8960
Epoch 25/200, Batch 300, Aver_Loss: 487.5581
Epoch 25/200, Batch 400, Aver_Loss: 475.2679
[early-stopping] Epoch 25: no improvement (8/20)
Epoch 26/200, Batch 100, Aver_Loss: 475.4901
Epoch 26/200, Batch 200, Aver_Loss: 479.0261
Epoch 26/200, Batch 300, Aver_Loss: 481.6748
Epoch 26/200, Batch 400, Aver_Loss: 488.2306
[early-stopping] Epoch 26: new best val ELBO = -480.052726
Epoch 27/200, Batch 100, Aver_Loss: 476.6991
Epoch 27/200, Batch 200, Aver_Loss: 482.5172
Epoch 27/200, Batch 300, Aver_Loss: 482.6701
Epoch 27/200, Batch 400, Aver_Loss: 480.5169
[early-stopping] Epoch 27: no improvement (1/20)
Epoch 28/200, Batch 100, Aver_Loss: 484.4445
Epoch 28/200, Batch 200, Aver_Loss: 482.4467
Epoch 28/200, Batch 300, Aver_Loss: 479.5281
Epoch 28/200, Batch 400, Aver_Loss: 482.6978
[early-stopping] Epoch 28: no improvement (2/20)
Epoch 29/200, Batch 100, Aver_Loss: 479.1087
Epoch 29/200, Batch 200, Aver_Loss: 485.8115
Epoch 29/200, Batch 300, Aver_Loss: 479.6357
Epoch 29/200, Batch 400, Aver_Loss: 477.4321
[early-stopping] Epoch 29: no improvement (3/20)
Epoch 30/200, Batch 100, Aver_Loss: 489.3771
Epoch 30/200, Batch 200, Aver_Loss: 477.5355
Epoch 30/200, Batch 300, Aver_Loss: 479.7812
Epoch 30/200, Batch 400, Aver_Loss: 491.5901
[early-stopping] Epoch 30: new best val ELBO = -480.025277
Epoch 31/200, Batch 100, Aver_Loss: 483.6298
Epoch 31/200, Batch 200, Aver_Loss: 466.5300
Epoch 31/200, Batch 300, Aver_Loss: 475.6810
Epoch 31/200, Batch 400, Aver_Loss: 476.1926
[early-stopping] Epoch 31: no improvement (1/20)
Epoch 32/200, Batch 100, Aver_Loss: 481.6996
Epoch 32/200, Batch 200, Aver_Loss: 484.0915
Epoch 32/200, Batch 300, Aver_Loss: 475.3592
Epoch 32/200, Batch 400, Aver_Loss: 478.1421
[early-stopping] Epoch 32: no improvement (2/20)
Epoch 33/200, Batch 100, Aver_Loss: 476.2572
Epoch 33/200, Batch 200, Aver_Loss: 483.9477
Epoch 33/200, Batch 300, Aver_Loss: 477.3372
Epoch 33/200, Batch 400, Aver_Loss: 482.6364
[early-stopping] Epoch 33: no improvement (3/20)
Epoch 34/200, Batch 100, Aver_Loss: 475.4503
Epoch 34/200, Batch 200, Aver_Loss: 487.7120
Epoch 34/200, Batch 300, Aver_Loss: 487.6856
Epoch 34/200, Batch 400, Aver_Loss: 475.0243
[early-stopping] Epoch 34: new best val ELBO = -479.942353
Epoch 35/200, Batch 100, Aver_Loss: 475.3703
Epoch 35/200, Batch 200, Aver_Loss: 484.7839
Epoch 35/200, Batch 300, Aver_Loss: 466.0772
Epoch 35/200, Batch 400, Aver_Loss: 478.2956
[early-stopping] Epoch 35: no improvement (1/20)
Epoch 36/200, Batch 100, Aver_Loss: 471.5785
Epoch 36/200, Batch 200, Aver_Loss: 476.6115
Epoch 36/200, Batch 300, Aver_Loss: 482.7033
Epoch 36/200, Batch 400, Aver_Loss: 477.7852
[early-stopping] Epoch 36: no improvement (2/20)
Epoch 37/200, Batch 100, Aver_Loss: 477.9978
Epoch 37/200, Batch 200, Aver_Loss: 489.6623
Epoch 37/200, Batch 300, Aver_Loss: 488.6089
Epoch 37/200, Batch 400, Aver_Loss: 482.1998
[early-stopping] Epoch 37: new best val ELBO = -479.669744
Epoch 38/200, Batch 100, Aver_Loss: 476.0953
Epoch 38/200, Batch 200, Aver_Loss: 483.2777
Epoch 38/200, Batch 300, Aver_Loss: 479.1693
Epoch 38/200, Batch 400, Aver_Loss: 483.3141
[early-stopping] Epoch 38: no improvement (1/20)
Epoch 39/200, Batch 100, Aver_Loss: 477.2271
Epoch 39/200, Batch 200, Aver_Loss: 475.7042
Epoch 39/200, Batch 300, Aver_Loss: 477.3344
Epoch 39/200, Batch 400, Aver_Loss: 478.7940
[early-stopping] Epoch 39: no improvement (2/20)
Epoch 40/200, Batch 100, Aver_Loss: 481.5265
Epoch 40/200, Batch 200, Aver_Loss: 477.9675
Epoch 40/200, Batch 300, Aver_Loss: 475.3528
Epoch 40/200, Batch 400, Aver_Loss: 478.5489
[early-stopping] Epoch 40: no improvement (3/20)
Epoch 41/200, Batch 100, Aver_Loss: 471.9102
Epoch 41/200, Batch 200, Aver_Loss: 479.9464
Epoch 41/200, Batch 300, Aver_Loss: 476.4739
Epoch 41/200, Batch 400, Aver_Loss: 487.7438
[early-stopping] Epoch 41: no improvement (4/20)
Epoch 42/200, Batch 100, Aver_Loss: 486.0409
Epoch 42/200, Batch 200, Aver_Loss: 477.9977
Epoch 42/200, Batch 300, Aver_Loss: 482.7857
Epoch 42/200, Batch 400, Aver_Loss: 492.4664
[early-stopping] Epoch 42: no improvement (5/20)
Epoch 43/200, Batch 100, Aver_Loss: 484.6150
Epoch 43/200, Batch 200, Aver_Loss: 481.5379
Epoch 43/200, Batch 300, Aver_Loss: 487.3435
Epoch 43/200, Batch 400, Aver_Loss: 480.5476
[early-stopping] Epoch 43: new best val ELBO = -479.638952
Epoch 44/200, Batch 100, Aver_Loss: 468.4896
Epoch 44/200, Batch 200, Aver_Loss: 487.9421
Epoch 44/200, Batch 300, Aver_Loss: 476.7972
Epoch 44/200, Batch 400, Aver_Loss: 483.4829
[early-stopping] Epoch 44: no improvement (1/20)
Epoch 45/200, Batch 100, Aver_Loss: 481.4521
Epoch 45/200, Batch 200, Aver_Loss: 477.0981
Epoch 45/200, Batch 300, Aver_Loss: 470.4194
Epoch 45/200, Batch 400, Aver_Loss: 489.4541
[early-stopping] Epoch 45: new best val ELBO = -479.606651
Epoch 46/200, Batch 100, Aver_Loss: 470.8361
Epoch 46/200, Batch 200, Aver_Loss: 477.0515
Epoch 46/200, Batch 300, Aver_Loss: 477.3064
Epoch 46/200, Batch 400, Aver_Loss: 477.6429
[early-stopping] Epoch 46: new best val ELBO = -479.582848
Epoch 47/200, Batch 100, Aver_Loss: 474.9947
Epoch 47/200, Batch 200, Aver_Loss: 481.1792
Epoch 47/200, Batch 300, Aver_Loss: 483.5002
Epoch 47/200, Batch 400, Aver_Loss: 485.5997
[early-stopping] Epoch 47: no improvement (1/20)
Epoch 48/200, Batch 100, Aver_Loss: 475.9579
Epoch 48/200, Batch 200, Aver_Loss: 474.5225
Epoch 48/200, Batch 300, Aver_Loss: 480.5256
Epoch 48/200, Batch 400, Aver_Loss: 484.9847
[early-stopping] Epoch 48: new best val ELBO = -479.546540
Epoch 49/200, Batch 100, Aver_Loss: 478.4001
Epoch 49/200, Batch 200, Aver_Loss: 487.1511
Epoch 49/200, Batch 300, Aver_Loss: 478.2458
Epoch 49/200, Batch 400, Aver_Loss: 482.2514
[early-stopping] Epoch 49: no improvement (1/20)
Epoch 50/200, Batch 100, Aver_Loss: 477.3634
Epoch 50/200, Batch 200, Aver_Loss: 474.1228
Epoch 50/200, Batch 300, Aver_Loss: 480.6654
Epoch 50/200, Batch 400, Aver_Loss: 482.2707
[early-stopping] Epoch 50: no improvement (2/20)
Epoch 51/200, Batch 100, Aver_Loss: 482.1042
Epoch 51/200, Batch 200, Aver_Loss: 473.7711
Epoch 51/200, Batch 300, Aver_Loss: 480.1814
Epoch 51/200, Batch 400, Aver_Loss: 477.4819
[early-stopping] Epoch 51: new best val ELBO = -479.290992
Epoch 52/200, Batch 100, Aver_Loss: 478.4579
Epoch 52/200, Batch 200, Aver_Loss: 477.0122
Epoch 52/200, Batch 300, Aver_Loss: 474.8910
Epoch 52/200, Batch 400, Aver_Loss: 484.3748
[early-stopping] Epoch 52: no improvement (1/20)
Epoch 53/200, Batch 100, Aver_Loss: 484.3351
Epoch 53/200, Batch 200, Aver_Loss: 477.5239
Epoch 53/200, Batch 300, Aver_Loss: 484.5500
Epoch 53/200, Batch 400, Aver_Loss: 476.6465
[early-stopping] Epoch 53: no improvement (2/20)
Epoch 54/200, Batch 100, Aver_Loss: 476.8936
Epoch 54/200, Batch 200, Aver_Loss: 471.3289
Epoch 54/200, Batch 300, Aver_Loss: 485.6426
Epoch 54/200, Batch 400, Aver_Loss: 474.2523
[early-stopping] Epoch 54: no improvement (3/20)
Epoch 55/200, Batch 100, Aver_Loss: 482.7135
Epoch 55/200, Batch 200, Aver_Loss: 477.9943
Epoch 55/200, Batch 300, Aver_Loss: 472.9714
Epoch 55/200, Batch 400, Aver_Loss: 484.6478
[early-stopping] Epoch 55: no improvement (4/20)
Epoch 56/200, Batch 100, Aver_Loss: 474.5643
Epoch 56/200, Batch 200, Aver_Loss: 480.0583
Epoch 56/200, Batch 300, Aver_Loss: 483.5565
Epoch 56/200, Batch 400, Aver_Loss: 478.2524
[early-stopping] Epoch 56: new best val ELBO = -479.273317
Epoch 57/200, Batch 100, Aver_Loss: 481.2706
Epoch 57/200, Batch 200, Aver_Loss: 483.7009
Epoch 57/200, Batch 300, Aver_Loss: 478.9092
Epoch 57/200, Batch 400, Aver_Loss: 478.4572
[early-stopping] Epoch 57: no improvement (1/20)
Epoch 58/200, Batch 100, Aver_Loss: 476.3321
Epoch 58/200, Batch 200, Aver_Loss: 481.7575
Epoch 58/200, Batch 300, Aver_Loss: 483.7209
Epoch 58/200, Batch 400, Aver_Loss: 476.2653
[early-stopping] Epoch 58: no improvement (2/20)
Epoch 59/200, Batch 100, Aver_Loss: 485.0737
Epoch 59/200, Batch 200, Aver_Loss: 483.6885
Epoch 59/200, Batch 300, Aver_Loss: 485.6497
Epoch 59/200, Batch 400, Aver_Loss: 482.1520
[early-stopping] Epoch 59: no improvement (3/20)
Epoch 60/200, Batch 100, Aver_Loss: 462.3120
Epoch 60/200, Batch 200, Aver_Loss: 474.6656
Epoch 60/200, Batch 300, Aver_Loss: 485.5973
Epoch 60/200, Batch 400, Aver_Loss: 490.2321
[early-stopping] Epoch 60: new best val ELBO = -479.269460
Epoch 61/200, Batch 100, Aver_Loss: 483.2222
Epoch 61/200, Batch 200, Aver_Loss: 480.5748
Epoch 61/200, Batch 300, Aver_Loss: 481.3530
Epoch 61/200, Batch 400, Aver_Loss: 489.7054
[early-stopping] Epoch 61: no improvement (1/20)
Epoch 62/200, Batch 100, Aver_Loss: 481.1093
Epoch 62/200, Batch 200, Aver_Loss: 483.7987
Epoch 62/200, Batch 300, Aver_Loss: 466.4362
Epoch 62/200, Batch 400, Aver_Loss: 482.7271
[early-stopping] Epoch 62: new best val ELBO = -479.220915
Epoch 63/200, Batch 100, Aver_Loss: 478.4870
Epoch 63/200, Batch 200, Aver_Loss: 479.0028
Epoch 63/200, Batch 300, Aver_Loss: 467.6129
Epoch 63/200, Batch 400, Aver_Loss: 480.6759
[early-stopping] Epoch 63: new best val ELBO = -479.194816
Epoch 64/200, Batch 100, Aver_Loss: 481.6516
Epoch 64/200, Batch 200, Aver_Loss: 494.2322
Epoch 64/200, Batch 300, Aver_Loss: 471.0474
Epoch 64/200, Batch 400, Aver_Loss: 483.1383
[early-stopping] Epoch 64: no improvement (1/20)
Epoch 65/200, Batch 100, Aver_Loss: 479.7823
Epoch 65/200, Batch 200, Aver_Loss: 476.6935
Epoch 65/200, Batch 300, Aver_Loss: 482.1369
Epoch 65/200, Batch 400, Aver_Loss: 479.4580
[early-stopping] Epoch 65: no improvement (2/20)
Epoch 66/200, Batch 100, Aver_Loss: 468.9365
Epoch 66/200, Batch 200, Aver_Loss: 484.3434
Epoch 66/200, Batch 300, Aver_Loss: 480.7439
Epoch 66/200, Batch 400, Aver_Loss: 480.3407
[early-stopping] Epoch 66: no improvement (3/20)
Epoch 67/200, Batch 100, Aver_Loss: 481.7511
Epoch 67/200, Batch 200, Aver_Loss: 489.0539
Epoch 67/200, Batch 300, Aver_Loss: 481.0153
Epoch 67/200, Batch 400, Aver_Loss: 473.4808
[early-stopping] Epoch 67: no improvement (4/20)
Epoch 68/200, Batch 100, Aver_Loss: 474.6846
Epoch 68/200, Batch 200, Aver_Loss: 480.3747
Epoch 68/200, Batch 300, Aver_Loss: 483.9897
Epoch 68/200, Batch 400, Aver_Loss: 479.0433
[early-stopping] Epoch 68: new best val ELBO = -479.092601
Epoch 69/200, Batch 100, Aver_Loss: 482.8327
Epoch 69/200, Batch 200, Aver_Loss: 482.6210
Epoch 69/200, Batch 300, Aver_Loss: 471.1698
Epoch 69/200, Batch 400, Aver_Loss: 480.7403
[early-stopping] Epoch 69: no improvement (1/20)
Epoch 70/200, Batch 100, Aver_Loss: 470.8968
Epoch 70/200, Batch 200, Aver_Loss: 479.0751
Epoch 70/200, Batch 300, Aver_Loss: 489.0637
Epoch 70/200, Batch 400, Aver_Loss: 472.8123
[early-stopping] Epoch 70: no improvement (2/20)
Epoch 71/200, Batch 100, Aver_Loss: 477.1161
Epoch 71/200, Batch 200, Aver_Loss: 481.7843
Epoch 71/200, Batch 300, Aver_Loss: 472.6030
Epoch 71/200, Batch 400, Aver_Loss: 480.8706
[early-stopping] Epoch 71: no improvement (3/20)
Epoch 72/200, Batch 100, Aver_Loss: 481.0725
Epoch 72/200, Batch 200, Aver_Loss: 485.8858
Epoch 72/200, Batch 300, Aver_Loss: 470.8352
Epoch 72/200, Batch 400, Aver_Loss: 483.4304
[early-stopping] Epoch 72: new best val ELBO = -479.078659
Epoch 73/200, Batch 100, Aver_Loss: 485.8884
Epoch 73/200, Batch 200, Aver_Loss: 487.3264
Epoch 73/200, Batch 300, Aver_Loss: 480.2978
Epoch 73/200, Batch 400, Aver_Loss: 477.8435
[early-stopping] Epoch 73: new best val ELBO = -478.993866
Epoch 74/200, Batch 100, Aver_Loss: 475.8558
Epoch 74/200, Batch 200, Aver_Loss: 475.9189
Epoch 74/200, Batch 300, Aver_Loss: 483.7392
Epoch 74/200, Batch 400, Aver_Loss: 480.3073
[early-stopping] Epoch 74: no improvement (1/20)
Epoch 75/200, Batch 100, Aver_Loss: 472.9389
Epoch 75/200, Batch 200, Aver_Loss: 467.5589
Epoch 75/200, Batch 300, Aver_Loss: 472.3664
Epoch 75/200, Batch 400, Aver_Loss: 486.7719
[early-stopping] Epoch 75: no improvement (2/20)
Epoch 76/200, Batch 100, Aver_Loss: 481.4737
Epoch 76/200, Batch 200, Aver_Loss: 481.2391
Epoch 76/200, Batch 300, Aver_Loss: 482.9751
Epoch 76/200, Batch 400, Aver_Loss: 481.7251
[early-stopping] Epoch 76: no improvement (3/20)
Epoch 77/200, Batch 100, Aver_Loss: 486.8850
Epoch 77/200, Batch 200, Aver_Loss: 471.9913
Epoch 77/200, Batch 300, Aver_Loss: 477.1782
Epoch 77/200, Batch 400, Aver_Loss: 487.1850
[early-stopping] Epoch 77: new best val ELBO = -478.949515
Epoch 78/200, Batch 100, Aver_Loss: 484.4716
Epoch 78/200, Batch 200, Aver_Loss: 478.6185
Epoch 78/200, Batch 300, Aver_Loss: 478.4879
Epoch 78/200, Batch 400, Aver_Loss: 478.6305
[early-stopping] Epoch 78: new best val ELBO = -478.903823
Epoch 79/200, Batch 100, Aver_Loss: 479.0031
Epoch 79/200, Batch 200, Aver_Loss: 478.7986
Epoch 79/200, Batch 300, Aver_Loss: 476.7941
Epoch 79/200, Batch 400, Aver_Loss: 476.5999
[early-stopping] Epoch 79: new best val ELBO = -478.877919
Epoch 80/200, Batch 100, Aver_Loss: 480.9410
Epoch 80/200, Batch 200, Aver_Loss: 473.9199
Epoch 80/200, Batch 300, Aver_Loss: 471.0261
Epoch 80/200, Batch 400, Aver_Loss: 476.4351
[early-stopping] Epoch 80: no improvement (1/20)
Epoch 81/200, Batch 100, Aver_Loss: 472.6677
Epoch 81/200, Batch 200, Aver_Loss: 481.3485
Epoch 81/200, Batch 300, Aver_Loss: 470.2184
Epoch 81/200, Batch 400, Aver_Loss: 484.2735
[early-stopping] Epoch 81: new best val ELBO = -478.841883
Epoch 82/200, Batch 100, Aver_Loss: 475.0909
Epoch 82/200, Batch 200, Aver_Loss: 475.1954
Epoch 82/200, Batch 300, Aver_Loss: 469.3336
Epoch 82/200, Batch 400, Aver_Loss: 477.6327
[early-stopping] Epoch 82: no improvement (1/20)
Epoch 83/200, Batch 100, Aver_Loss: 483.6216
Epoch 83/200, Batch 200, Aver_Loss: 481.9393
Epoch 83/200, Batch 300, Aver_Loss: 477.4422
Epoch 83/200, Batch 400, Aver_Loss: 478.5431
[early-stopping] Epoch 83: no improvement (2/20)
Epoch 84/200, Batch 100, Aver_Loss: 478.0123
Epoch 84/200, Batch 200, Aver_Loss: 487.7724
Epoch 84/200, Batch 300, Aver_Loss: 485.2338
Epoch 84/200, Batch 400, Aver_Loss: 482.8768
[early-stopping] Epoch 84: no improvement (3/20)
Epoch 85/200, Batch 100, Aver_Loss: 478.2081
Epoch 85/200, Batch 200, Aver_Loss: 477.8442
Epoch 85/200, Batch 300, Aver_Loss: 477.3633
Epoch 85/200, Batch 400, Aver_Loss: 481.9597
[early-stopping] Epoch 85: new best val ELBO = -478.736688
Epoch 86/200, Batch 100, Aver_Loss: 486.6725
Epoch 86/200, Batch 200, Aver_Loss: 473.9183
Epoch 86/200, Batch 300, Aver_Loss: 478.0727
Epoch 86/200, Batch 400, Aver_Loss: 473.2949
[early-stopping] Epoch 86: no improvement (1/20)
Epoch 87/200, Batch 100, Aver_Loss: 471.8189
Epoch 87/200, Batch 200, Aver_Loss: 483.4190
Epoch 87/200, Batch 300, Aver_Loss: 487.8519
Epoch 87/200, Batch 400, Aver_Loss: 470.3900
[early-stopping] Epoch 87: no improvement (2/20)
Epoch 88/200, Batch 100, Aver_Loss: 479.7059
Epoch 88/200, Batch 200, Aver_Loss: 473.1171
Epoch 88/200, Batch 300, Aver_Loss: 478.4197
Epoch 88/200, Batch 400, Aver_Loss: 479.0316
[early-stopping] Epoch 88: no improvement (3/20)
Epoch 89/200, Batch 100, Aver_Loss: 479.4973
Epoch 89/200, Batch 200, Aver_Loss: 474.8919
Epoch 89/200, Batch 300, Aver_Loss: 480.5424
Epoch 89/200, Batch 400, Aver_Loss: 482.3851
[early-stopping] Epoch 89: no improvement (4/20)
Epoch 90/200, Batch 100, Aver_Loss: 478.9738
Epoch 90/200, Batch 200, Aver_Loss: 483.0482
Epoch 90/200, Batch 300, Aver_Loss: 474.1378
Epoch 90/200, Batch 400, Aver_Loss: 478.2361
[early-stopping] Epoch 90: no improvement (5/20)
Epoch 91/200, Batch 100, Aver_Loss: 481.5860
Epoch 91/200, Batch 200, Aver_Loss: 473.2732
Epoch 91/200, Batch 300, Aver_Loss: 482.3832
Epoch 91/200, Batch 400, Aver_Loss: 479.8779
[early-stopping] Epoch 91: no improvement (6/20)
Epoch 92/200, Batch 100, Aver_Loss: 477.8498
Epoch 92/200, Batch 200, Aver_Loss: 472.3623
Epoch 92/200, Batch 300, Aver_Loss: 480.5390
Epoch 92/200, Batch 400, Aver_Loss: 474.5266
[early-stopping] Epoch 92: new best val ELBO = -478.550337
Epoch 93/200, Batch 100, Aver_Loss: 483.9261
Epoch 93/200, Batch 200, Aver_Loss: 474.4619
Epoch 93/200, Batch 300, Aver_Loss: 480.7315
Epoch 93/200, Batch 400, Aver_Loss: 479.1362
[early-stopping] Epoch 93: no improvement (1/20)
Epoch 94/200, Batch 100, Aver_Loss: 473.6214
Epoch 94/200, Batch 200, Aver_Loss: 478.4509
Epoch 94/200, Batch 300, Aver_Loss: 482.2967
Epoch 94/200, Batch 400, Aver_Loss: 482.4006
[early-stopping] Epoch 94: no improvement (2/20)
Epoch 95/200, Batch 100, Aver_Loss: 480.1680
Epoch 95/200, Batch 200, Aver_Loss: 483.3220
Epoch 95/200, Batch 300, Aver_Loss: 482.1829
Epoch 95/200, Batch 400, Aver_Loss: 477.2001
[early-stopping] Epoch 95: no improvement (3/20)
Epoch 96/200, Batch 100, Aver_Loss: 482.5189
Epoch 96/200, Batch 200, Aver_Loss: 477.2249
Epoch 96/200, Batch 300, Aver_Loss: 467.8127
Epoch 96/200, Batch 400, Aver_Loss: 473.4311
[early-stopping] Epoch 96: no improvement (4/20)
Epoch 97/200, Batch 100, Aver_Loss: 485.2629
Epoch 97/200, Batch 200, Aver_Loss: 482.2864
Epoch 97/200, Batch 300, Aver_Loss: 477.6942
Epoch 97/200, Batch 400, Aver_Loss: 472.5772
[early-stopping] Epoch 97: no improvement (5/20)
Epoch 98/200, Batch 100, Aver_Loss: 487.4760
Epoch 98/200, Batch 200, Aver_Loss: 483.0536
Epoch 98/200, Batch 300, Aver_Loss: 485.2359
Epoch 98/200, Batch 400, Aver_Loss: 477.1926
[early-stopping] Epoch 98: no improvement (6/20)
Epoch 99/200, Batch 100, Aver_Loss: 475.4725
Epoch 99/200, Batch 200, Aver_Loss: 479.8564
Epoch 99/200, Batch 300, Aver_Loss: 477.1700
Epoch 99/200, Batch 400, Aver_Loss: 477.9203
[early-stopping] Epoch 99: no improvement (7/20)
Epoch 100/200, Batch 100, Aver_Loss: 469.0943
Epoch 100/200, Batch 200, Aver_Loss: 475.1831
Epoch 100/200, Batch 300, Aver_Loss: 484.1167
Epoch 100/200, Batch 400, Aver_Loss: 477.0711
[early-stopping] Epoch 100: no improvement (8/20)
Epoch 101/200, Batch 100, Aver_Loss: 485.8482
Epoch 101/200, Batch 200, Aver_Loss: 479.0490
Epoch 101/200, Batch 300, Aver_Loss: 477.8657
Epoch 101/200, Batch 400, Aver_Loss: 467.2284
[early-stopping] Epoch 101: no improvement (9/20)
Epoch 102/200, Batch 100, Aver_Loss: 476.7797
Epoch 102/200, Batch 200, Aver_Loss: 467.8041
Epoch 102/200, Batch 300, Aver_Loss: 475.6917
Epoch 102/200, Batch 400, Aver_Loss: 475.1259
[early-stopping] Epoch 102: no improvement (10/20)
Epoch 103/200, Batch 100, Aver_Loss: 475.0571
Epoch 103/200, Batch 200, Aver_Loss: 475.3104
Epoch 103/200, Batch 300, Aver_Loss: 473.3393
Epoch 103/200, Batch 400, Aver_Loss: 478.0992
[early-stopping] Epoch 103: no improvement (11/20)
Epoch 104/200, Batch 100, Aver_Loss: 481.8184
Epoch 104/200, Batch 200, Aver_Loss: 483.5471
Epoch 104/200, Batch 300, Aver_Loss: 478.0265
Epoch 104/200, Batch 400, Aver_Loss: 475.3885
[early-stopping] Epoch 104: no improvement (12/20)
Epoch 105/200, Batch 100, Aver_Loss: 480.5682
Epoch 105/200, Batch 200, Aver_Loss: 466.1659
Epoch 105/200, Batch 300, Aver_Loss: 484.4232
Epoch 105/200, Batch 400, Aver_Loss: 470.7809
[early-stopping] Epoch 105: no improvement (13/20)
Epoch 106/200, Batch 100, Aver_Loss: 473.4345
Epoch 106/200, Batch 200, Aver_Loss: 482.5461
Epoch 106/200, Batch 300, Aver_Loss: 484.9007
Epoch 106/200, Batch 400, Aver_Loss: 475.7027
[early-stopping] Epoch 106: new best val ELBO = -478.524098
Epoch 107/200, Batch 100, Aver_Loss: 485.3441
Epoch 107/200, Batch 200, Aver_Loss: 471.7668
Epoch 107/200, Batch 300, Aver_Loss: 470.0008
Epoch 107/200, Batch 400, Aver_Loss: 482.4865
[early-stopping] Epoch 107: no improvement (1/20)
Epoch 108/200, Batch 100, Aver_Loss: 474.6303
Epoch 108/200, Batch 200, Aver_Loss: 474.1564
Epoch 108/200, Batch 300, Aver_Loss: 480.8405
Epoch 108/200, Batch 400, Aver_Loss: 484.8561
[early-stopping] Epoch 108: no improvement (2/20)
Epoch 109/200, Batch 100, Aver_Loss: 473.6874
Epoch 109/200, Batch 200, Aver_Loss: 479.9529
Epoch 109/200, Batch 300, Aver_Loss: 477.6832
Epoch 109/200, Batch 400, Aver_Loss: 473.1637
[early-stopping] Epoch 109: no improvement (3/20)
Epoch 110/200, Batch 100, Aver_Loss: 476.1692
Epoch 110/200, Batch 200, Aver_Loss: 484.3777
Epoch 110/200, Batch 300, Aver_Loss: 483.7611
Epoch 110/200, Batch 400, Aver_Loss: 471.2430
[early-stopping] Epoch 110: no improvement (4/20)
Epoch 111/200, Batch 100, Aver_Loss: 477.2570
Epoch 111/200, Batch 200, Aver_Loss: 473.8110
Epoch 111/200, Batch 300, Aver_Loss: 479.8028
Epoch 111/200, Batch 400, Aver_Loss: 475.6674
[early-stopping] Epoch 111: new best val ELBO = -478.468630
Epoch 112/200, Batch 100, Aver_Loss: 468.0338
Epoch 112/200, Batch 200, Aver_Loss: 469.9261
Epoch 112/200, Batch 300, Aver_Loss: 481.2131
Epoch 112/200, Batch 400, Aver_Loss: 477.3101
[early-stopping] Epoch 112: no improvement (1/20)
Epoch 113/200, Batch 100, Aver_Loss: 475.9942
Epoch 113/200, Batch 200, Aver_Loss: 476.5358
Epoch 113/200, Batch 300, Aver_Loss: 478.0085
Epoch 113/200, Batch 400, Aver_Loss: 473.4738
[early-stopping] Epoch 113: no improvement (2/20)
Epoch 114/200, Batch 100, Aver_Loss: 479.7989
Epoch 114/200, Batch 200, Aver_Loss: 479.7149
Epoch 114/200, Batch 300, Aver_Loss: 480.3604
Epoch 114/200, Batch 400, Aver_Loss: 471.6689
[early-stopping] Epoch 114: no improvement (3/20)
Epoch 115/200, Batch 100, Aver_Loss: 478.8590
Epoch 115/200, Batch 200, Aver_Loss: 472.9926
Epoch 115/200, Batch 300, Aver_Loss: 475.2530
Epoch 115/200, Batch 400, Aver_Loss: 483.0807
[early-stopping] Epoch 115: no improvement (4/20)
Epoch 116/200, Batch 100, Aver_Loss: 476.3456
Epoch 116/200, Batch 200, Aver_Loss: 486.9050
Epoch 116/200, Batch 300, Aver_Loss: 493.1993
Epoch 116/200, Batch 400, Aver_Loss: 477.4269
[early-stopping] Epoch 116: no improvement (5/20)
Epoch 117/200, Batch 100, Aver_Loss: 484.8834
Epoch 117/200, Batch 200, Aver_Loss: 471.5921
Epoch 117/200, Batch 300, Aver_Loss: 478.8809
Epoch 117/200, Batch 400, Aver_Loss: 478.9818
[early-stopping] Epoch 117: new best val ELBO = -478.435612
Epoch 118/200, Batch 100, Aver_Loss: 473.5720
Epoch 118/200, Batch 200, Aver_Loss: 480.3006
Epoch 118/200, Batch 300, Aver_Loss: 479.2482
Epoch 118/200, Batch 400, Aver_Loss: 485.1771
[early-stopping] Epoch 118: no improvement (1/20)
Epoch 119/200, Batch 100, Aver_Loss: 480.1903
Epoch 119/200, Batch 200, Aver_Loss: 486.0922
Epoch 119/200, Batch 300, Aver_Loss: 486.6496
Epoch 119/200, Batch 400, Aver_Loss: 479.1963
[early-stopping] Epoch 119: no improvement (2/20)
Epoch 120/200, Batch 100, Aver_Loss: 479.5950
Epoch 120/200, Batch 200, Aver_Loss: 467.5719
Epoch 120/200, Batch 300, Aver_Loss: 479.9575
Epoch 120/200, Batch 400, Aver_Loss: 470.3823
[early-stopping] Epoch 120: no improvement (3/20)
Epoch 121/200, Batch 100, Aver_Loss: 471.9773
Epoch 121/200, Batch 200, Aver_Loss: 483.4417
Epoch 121/200, Batch 300, Aver_Loss: 476.4160
Epoch 121/200, Batch 400, Aver_Loss: 478.9537
[early-stopping] Epoch 121: no improvement (4/20)
Epoch 122/200, Batch 100, Aver_Loss: 485.4457
Epoch 122/200, Batch 200, Aver_Loss: 477.6915
Epoch 122/200, Batch 300, Aver_Loss: 477.4664
Epoch 122/200, Batch 400, Aver_Loss: 473.5107
[early-stopping] Epoch 122: no improvement (5/20)
Epoch 123/200, Batch 100, Aver_Loss: 480.8944
Epoch 123/200, Batch 200, Aver_Loss: 479.2173
Epoch 123/200, Batch 300, Aver_Loss: 475.3929
Epoch 123/200, Batch 400, Aver_Loss: 471.4481
[early-stopping] Epoch 123: new best val ELBO = -478.340476
Epoch 124/200, Batch 100, Aver_Loss: 476.2122
Epoch 124/200, Batch 200, Aver_Loss: 473.5052
Epoch 124/200, Batch 300, Aver_Loss: 475.4647
Epoch 124/200, Batch 400, Aver_Loss: 476.3118
[early-stopping] Epoch 124: no improvement (1/20)
Epoch 125/200, Batch 100, Aver_Loss: 474.3070
Epoch 125/200, Batch 200, Aver_Loss: 480.5291
Epoch 125/200, Batch 300, Aver_Loss: 472.2092
Epoch 125/200, Batch 400, Aver_Loss: 478.2776
[early-stopping] Epoch 125: no improvement (2/20)
Epoch 126/200, Batch 100, Aver_Loss: 478.3441
Epoch 126/200, Batch 200, Aver_Loss: 476.3916
Epoch 126/200, Batch 300, Aver_Loss: 476.3819
Epoch 126/200, Batch 400, Aver_Loss: 477.6983
[early-stopping] Epoch 126: no improvement (3/20)
Epoch 127/200, Batch 100, Aver_Loss: 474.0688
Epoch 127/200, Batch 200, Aver_Loss: 476.7344
Epoch 127/200, Batch 300, Aver_Loss: 475.1067
Epoch 127/200, Batch 400, Aver_Loss: 474.3194
[early-stopping] Epoch 127: no improvement (4/20)
Epoch 128/200, Batch 100, Aver_Loss: 477.7859
Epoch 128/200, Batch 200, Aver_Loss: 475.1760
Epoch 128/200, Batch 300, Aver_Loss: 480.0549
Epoch 128/200, Batch 400, Aver_Loss: 477.9488
[early-stopping] Epoch 128: new best val ELBO = -478.320837
Epoch 129/200, Batch 100, Aver_Loss: 483.3827
Epoch 129/200, Batch 200, Aver_Loss: 478.8890
Epoch 129/200, Batch 300, Aver_Loss: 478.9918
Epoch 129/200, Batch 400, Aver_Loss: 470.6164
[early-stopping] Epoch 129: no improvement (1/20)
Epoch 130/200, Batch 100, Aver_Loss: 479.3191
Epoch 130/200, Batch 200, Aver_Loss: 478.2570
Epoch 130/200, Batch 300, Aver_Loss: 478.1376
Epoch 130/200, Batch 400, Aver_Loss: 485.9162
[early-stopping] Epoch 130: new best val ELBO = -478.306590
Epoch 131/200, Batch 100, Aver_Loss: 480.2896
Epoch 131/200, Batch 200, Aver_Loss: 482.9916
Epoch 131/200, Batch 300, Aver_Loss: 484.7059
Epoch 131/200, Batch 400, Aver_Loss: 475.4169
[early-stopping] Epoch 131: no improvement (1/20)
Epoch 132/200, Batch 100, Aver_Loss: 484.8545
Epoch 132/200, Batch 200, Aver_Loss: 479.7715
Epoch 132/200, Batch 300, Aver_Loss: 471.6620
Epoch 132/200, Batch 400, Aver_Loss: 489.5149
[early-stopping] Epoch 132: no improvement (2/20)
Epoch 133/200, Batch 100, Aver_Loss: 477.0366
Epoch 133/200, Batch 200, Aver_Loss: 481.6418
Epoch 133/200, Batch 300, Aver_Loss: 483.6720
Epoch 133/200, Batch 400, Aver_Loss: 476.8904
[early-stopping] Epoch 133: no improvement (3/20)
Epoch 134/200, Batch 100, Aver_Loss: 480.6812
Epoch 134/200, Batch 200, Aver_Loss: 481.5078
Epoch 134/200, Batch 300, Aver_Loss: 481.2095
Epoch 134/200, Batch 400, Aver_Loss: 477.8730
[early-stopping] Epoch 134: no improvement (4/20)
Epoch 135/200, Batch 100, Aver_Loss: 487.7751
Epoch 135/200, Batch 200, Aver_Loss: 480.5504
Epoch 135/200, Batch 300, Aver_Loss: 473.5518
Epoch 135/200, Batch 400, Aver_Loss: 470.6507
[early-stopping] Epoch 135: no improvement (5/20)
Epoch 136/200, Batch 100, Aver_Loss: 480.0831
Epoch 136/200, Batch 200, Aver_Loss: 472.8023
Epoch 136/200, Batch 300, Aver_Loss: 473.8057
Epoch 136/200, Batch 400, Aver_Loss: 479.8745
[early-stopping] Epoch 136: no improvement (6/20)
Epoch 137/200, Batch 100, Aver_Loss: 477.9313
Epoch 137/200, Batch 200, Aver_Loss: 479.6258
Epoch 137/200, Batch 300, Aver_Loss: 471.8457
Epoch 137/200, Batch 400, Aver_Loss: 476.8464
[early-stopping] Epoch 137: no improvement (7/20)
Epoch 138/200, Batch 100, Aver_Loss: 479.5038
Epoch 138/200, Batch 200, Aver_Loss: 474.9900
Epoch 138/200, Batch 300, Aver_Loss: 477.6730
Epoch 138/200, Batch 400, Aver_Loss: 471.3066
[early-stopping] Epoch 138: no improvement (8/20)
Epoch 139/200, Batch 100, Aver_Loss: 474.2427
Epoch 139/200, Batch 200, Aver_Loss: 485.2136
Epoch 139/200, Batch 300, Aver_Loss: 475.8396
Epoch 139/200, Batch 400, Aver_Loss: 476.8657
[early-stopping] Epoch 139: no improvement (9/20)
Epoch 140/200, Batch 100, Aver_Loss: 476.7050
Epoch 140/200, Batch 200, Aver_Loss: 476.8987
Epoch 140/200, Batch 300, Aver_Loss: 476.0629
Epoch 140/200, Batch 400, Aver_Loss: 480.0169
[early-stopping] Epoch 140: no improvement (10/20)
Epoch 141/200, Batch 100, Aver_Loss: 475.9165
Epoch 141/200, Batch 200, Aver_Loss: 480.1998
Epoch 141/200, Batch 300, Aver_Loss: 477.7056
Epoch 141/200, Batch 400, Aver_Loss: 470.0218
[early-stopping] Epoch 141: no improvement (11/20)
Epoch 142/200, Batch 100, Aver_Loss: 484.4605
Epoch 142/200, Batch 200, Aver_Loss: 484.9170
Epoch 142/200, Batch 300, Aver_Loss: 474.7606
Epoch 142/200, Batch 400, Aver_Loss: 477.5494
[early-stopping] Epoch 142: new best val ELBO = -478.208914
Epoch 143/200, Batch 100, Aver_Loss: 477.1259
Epoch 143/200, Batch 200, Aver_Loss: 471.8866
Epoch 143/200, Batch 300, Aver_Loss: 480.4883
Epoch 143/200, Batch 400, Aver_Loss: 477.7317
[early-stopping] Epoch 143: no improvement (1/20)
Epoch 144/200, Batch 100, Aver_Loss: 478.9240
Epoch 144/200, Batch 200, Aver_Loss: 473.3991
Epoch 144/200, Batch 300, Aver_Loss: 482.9140
Epoch 144/200, Batch 400, Aver_Loss: 482.8241
[early-stopping] Epoch 144: no improvement (2/20)
Epoch 145/200, Batch 100, Aver_Loss: 481.2331
Epoch 145/200, Batch 200, Aver_Loss: 478.2739
Epoch 145/200, Batch 300, Aver_Loss: 475.2584
Epoch 145/200, Batch 400, Aver_Loss: 480.5144
[early-stopping] Epoch 145: no improvement (3/20)
Epoch 146/200, Batch 100, Aver_Loss: 477.5093
Epoch 146/200, Batch 200, Aver_Loss: 476.3060
Epoch 146/200, Batch 300, Aver_Loss: 482.8226
Epoch 146/200, Batch 400, Aver_Loss: 472.1075
[early-stopping] Epoch 146: no improvement (4/20)
Epoch 147/200, Batch 100, Aver_Loss: 477.4827
Epoch 147/200, Batch 200, Aver_Loss: 481.6279
Epoch 147/200, Batch 300, Aver_Loss: 471.3929
Epoch 147/200, Batch 400, Aver_Loss: 475.5774
[early-stopping] Epoch 147: no improvement (5/20)
Epoch 148/200, Batch 100, Aver_Loss: 471.9692
Epoch 148/200, Batch 200, Aver_Loss: 482.0839
Epoch 148/200, Batch 300, Aver_Loss: 482.7735
Epoch 148/200, Batch 400, Aver_Loss: 475.4247
[early-stopping] Epoch 148: no improvement (6/20)
Epoch 149/200, Batch 100, Aver_Loss: 472.7629
Epoch 149/200, Batch 200, Aver_Loss: 481.2814
Epoch 149/200, Batch 300, Aver_Loss: 481.9869
Epoch 149/200, Batch 400, Aver_Loss: 469.1898
[early-stopping] Epoch 149: no improvement (7/20)
Epoch 150/200, Batch 100, Aver_Loss: 488.3773
Epoch 150/200, Batch 200, Aver_Loss: 483.7011
Epoch 150/200, Batch 300, Aver_Loss: 472.3670
Epoch 150/200, Batch 400, Aver_Loss: 471.1047
[early-stopping] Epoch 150: no improvement (8/20)
Epoch 151/200, Batch 100, Aver_Loss: 478.1310
Epoch 151/200, Batch 200, Aver_Loss: 481.0140
Epoch 151/200, Batch 300, Aver_Loss: 474.9905
Epoch 151/200, Batch 400, Aver_Loss: 477.4741
[early-stopping] Epoch 151: new best val ELBO = -478.206365
Epoch 152/200, Batch 100, Aver_Loss: 479.0566
Epoch 152/200, Batch 200, Aver_Loss: 482.2647
Epoch 152/200, Batch 300, Aver_Loss: 477.9467
Epoch 152/200, Batch 400, Aver_Loss: 484.2046
[early-stopping] Epoch 152: no improvement (1/20)
Epoch 153/200, Batch 100, Aver_Loss: 475.0080
Epoch 153/200, Batch 200, Aver_Loss: 469.9520
Epoch 153/200, Batch 300, Aver_Loss: 481.5436
Epoch 153/200, Batch 400, Aver_Loss: 474.7180
[early-stopping] Epoch 153: no improvement (2/20)
Epoch 154/200, Batch 100, Aver_Loss: 468.4617
Epoch 154/200, Batch 200, Aver_Loss: 483.5726
Epoch 154/200, Batch 300, Aver_Loss: 480.6982
Epoch 154/200, Batch 400, Aver_Loss: 483.4084
[early-stopping] Epoch 154: new best val ELBO = -478.118378
Epoch 155/200, Batch 100, Aver_Loss: 480.2764
Epoch 155/200, Batch 200, Aver_Loss: 481.4018
Epoch 155/200, Batch 300, Aver_Loss: 483.8418
Epoch 155/200, Batch 400, Aver_Loss: 477.1016
[early-stopping] Epoch 155: no improvement (1/20)
Epoch 156/200, Batch 100, Aver_Loss: 472.8599
Epoch 156/200, Batch 200, Aver_Loss: 474.7247
Epoch 156/200, Batch 300, Aver_Loss: 484.7051
Epoch 156/200, Batch 400, Aver_Loss: 480.3185
[early-stopping] Epoch 156: no improvement (2/20)
Epoch 157/200, Batch 100, Aver_Loss: 469.8374
Epoch 157/200, Batch 200, Aver_Loss: 471.8852
Epoch 157/200, Batch 300, Aver_Loss: 481.9011
Epoch 157/200, Batch 400, Aver_Loss: 475.3488
[early-stopping] Epoch 157: no improvement (3/20)
Epoch 158/200, Batch 100, Aver_Loss: 479.0102
Epoch 158/200, Batch 200, Aver_Loss: 472.6109
Epoch 158/200, Batch 300, Aver_Loss: 477.8463
Epoch 158/200, Batch 400, Aver_Loss: 481.2110
[early-stopping] Epoch 158: no improvement (4/20)
Epoch 159/200, Batch 100, Aver_Loss: 481.4162
Epoch 159/200, Batch 200, Aver_Loss: 484.9998
Epoch 159/200, Batch 300, Aver_Loss: 481.1190
Epoch 159/200, Batch 400, Aver_Loss: 475.8498
[early-stopping] Epoch 159: new best val ELBO = -478.088147
Epoch 160/200, Batch 100, Aver_Loss: 482.6507
Epoch 160/200, Batch 200, Aver_Loss: 482.9119
Epoch 160/200, Batch 300, Aver_Loss: 474.6034
Epoch 160/200, Batch 400, Aver_Loss: 475.0938
[early-stopping] Epoch 160: no improvement (1/20)
Epoch 161/200, Batch 100, Aver_Loss: 474.4688
Epoch 161/200, Batch 200, Aver_Loss: 473.9703
Epoch 161/200, Batch 300, Aver_Loss: 482.9042
Epoch 161/200, Batch 400, Aver_Loss: 477.9184
[early-stopping] Epoch 161: no improvement (2/20)
Epoch 162/200, Batch 100, Aver_Loss: 474.9772
Epoch 162/200, Batch 200, Aver_Loss: 482.1476
Epoch 162/200, Batch 300, Aver_Loss: 472.6986
Epoch 162/200, Batch 400, Aver_Loss: 481.3094
[early-stopping] Epoch 162: no improvement (3/20)
Epoch 163/200, Batch 100, Aver_Loss: 471.7556
Epoch 163/200, Batch 200, Aver_Loss: 477.8467
Epoch 163/200, Batch 300, Aver_Loss: 478.3368
Epoch 163/200, Batch 400, Aver_Loss: 480.6641
[early-stopping] Epoch 163: no improvement (4/20)
Epoch 164/200, Batch 100, Aver_Loss: 477.0949
Epoch 164/200, Batch 200, Aver_Loss: 475.2839
Epoch 164/200, Batch 300, Aver_Loss: 487.7108
Epoch 164/200, Batch 400, Aver_Loss: 473.9705
[early-stopping] Epoch 164: new best val ELBO = -478.005382
Epoch 165/200, Batch 100, Aver_Loss: 482.4148
Epoch 165/200, Batch 200, Aver_Loss: 481.2853
Epoch 165/200, Batch 300, Aver_Loss: 476.0402
Epoch 165/200, Batch 400, Aver_Loss: 479.8055
[early-stopping] Epoch 165: no improvement (1/20)
Epoch 166/200, Batch 100, Aver_Loss: 471.9498
Epoch 166/200, Batch 200, Aver_Loss: 473.6728
Epoch 166/200, Batch 300, Aver_Loss: 475.5331
Epoch 166/200, Batch 400, Aver_Loss: 475.2698
[early-stopping] Epoch 166: no improvement (2/20)
Epoch 167/200, Batch 100, Aver_Loss: 480.8376
Epoch 167/200, Batch 200, Aver_Loss: 475.9564
Epoch 167/200, Batch 300, Aver_Loss: 483.8909
Epoch 167/200, Batch 400, Aver_Loss: 478.2106
[early-stopping] Epoch 167: no improvement (3/20)
Epoch 168/200, Batch 100, Aver_Loss: 477.4659
Epoch 168/200, Batch 200, Aver_Loss: 481.5670
Epoch 168/200, Batch 300, Aver_Loss: 469.8994
Epoch 168/200, Batch 400, Aver_Loss: 474.4457
[early-stopping] Epoch 168: no improvement (4/20)
Epoch 169/200, Batch 100, Aver_Loss: 484.1034
Epoch 169/200, Batch 200, Aver_Loss: 473.8763
Epoch 169/200, Batch 300, Aver_Loss: 481.0176
Epoch 169/200, Batch 400, Aver_Loss: 479.8128
[early-stopping] Epoch 169: no improvement (5/20)
Epoch 170/200, Batch 100, Aver_Loss: 472.6540
Epoch 170/200, Batch 200, Aver_Loss: 482.7207
Epoch 170/200, Batch 300, Aver_Loss: 476.8870
Epoch 170/200, Batch 400, Aver_Loss: 484.3858
[early-stopping] Epoch 170: no improvement (6/20)
Epoch 171/200, Batch 100, Aver_Loss: 476.8076
Epoch 171/200, Batch 200, Aver_Loss: 476.7700
Epoch 171/200, Batch 300, Aver_Loss: 487.9738
Epoch 171/200, Batch 400, Aver_Loss: 471.9229
[early-stopping] Epoch 171: no improvement (7/20)
Epoch 172/200, Batch 100, Aver_Loss: 482.5229
Epoch 172/200, Batch 200, Aver_Loss: 478.7725
Epoch 172/200, Batch 300, Aver_Loss: 478.2198
Epoch 172/200, Batch 400, Aver_Loss: 474.8636
[early-stopping] Epoch 172: no improvement (8/20)
Epoch 173/200, Batch 100, Aver_Loss: 460.5084
Epoch 173/200, Batch 200, Aver_Loss: 479.9420
Epoch 173/200, Batch 300, Aver_Loss: 474.6175
Epoch 173/200, Batch 400, Aver_Loss: 478.0356
[early-stopping] Epoch 173: no improvement (9/20)
Epoch 174/200, Batch 100, Aver_Loss: 491.0824
Epoch 174/200, Batch 200, Aver_Loss: 475.2429
Epoch 174/200, Batch 300, Aver_Loss: 469.0423
Epoch 174/200, Batch 400, Aver_Loss: 483.2344
[early-stopping] Epoch 174: no improvement (10/20)
Epoch 175/200, Batch 100, Aver_Loss: 481.1542
Epoch 175/200, Batch 200, Aver_Loss: 479.3857
Epoch 175/200, Batch 300, Aver_Loss: 482.9224
Epoch 175/200, Batch 400, Aver_Loss: 480.9443
[early-stopping] Epoch 175: no improvement (11/20)
Epoch 176/200, Batch 100, Aver_Loss: 475.3997
Epoch 176/200, Batch 200, Aver_Loss: 477.4338
Epoch 176/200, Batch 300, Aver_Loss: 486.5926
Epoch 176/200, Batch 400, Aver_Loss: 481.2962
[early-stopping] Epoch 176: no improvement (12/20)
Epoch 177/200, Batch 100, Aver_Loss: 479.3530
Epoch 177/200, Batch 200, Aver_Loss: 482.8511
Epoch 177/200, Batch 300, Aver_Loss: 481.0457
Epoch 177/200, Batch 400, Aver_Loss: 478.9194
[early-stopping] Epoch 177: no improvement (13/20)
Epoch 178/200, Batch 100, Aver_Loss: 473.7039
Epoch 178/200, Batch 200, Aver_Loss: 476.3311
Epoch 178/200, Batch 300, Aver_Loss: 482.8136
Epoch 178/200, Batch 400, Aver_Loss: 474.4282
[early-stopping] Epoch 178: no improvement (14/20)
Epoch 179/200, Batch 100, Aver_Loss: 486.7365
Epoch 179/200, Batch 200, Aver_Loss: 473.8304
Epoch 179/200, Batch 300, Aver_Loss: 481.8543
Epoch 179/200, Batch 400, Aver_Loss: 482.5276
[early-stopping] Epoch 179: new best val ELBO = -477.961588
Epoch 180/200, Batch 100, Aver_Loss: 483.9173
Epoch 180/200, Batch 200, Aver_Loss: 478.3262
Epoch 180/200, Batch 300, Aver_Loss: 476.9014
Epoch 180/200, Batch 400, Aver_Loss: 482.2806
[early-stopping] Epoch 180: no improvement (1/20)
Epoch 181/200, Batch 100, Aver_Loss: 479.9496
Epoch 181/200, Batch 200, Aver_Loss: 477.7693
Epoch 181/200, Batch 300, Aver_Loss: 477.1012
Epoch 181/200, Batch 400, Aver_Loss: 475.4023
[early-stopping] Epoch 181: no improvement (2/20)
Epoch 182/200, Batch 100, Aver_Loss: 470.2735
Epoch 182/200, Batch 200, Aver_Loss: 472.4835
Epoch 182/200, Batch 300, Aver_Loss: 481.9123
Epoch 182/200, Batch 400, Aver_Loss: 475.3785
[early-stopping] Epoch 182: no improvement (3/20)
Epoch 183/200, Batch 100, Aver_Loss: 475.1774
Epoch 183/200, Batch 200, Aver_Loss: 478.1657
Epoch 183/200, Batch 300, Aver_Loss: 477.4497
Epoch 183/200, Batch 400, Aver_Loss: 478.2422
[early-stopping] Epoch 183: no improvement (4/20)
Epoch 184/200, Batch 100, Aver_Loss: 476.8130
Epoch 184/200, Batch 200, Aver_Loss: 484.2252
Epoch 184/200, Batch 300, Aver_Loss: 482.6826
Epoch 184/200, Batch 400, Aver_Loss: 484.0303
[early-stopping] Epoch 184: no improvement (5/20)
Epoch 185/200, Batch 100, Aver_Loss: 483.2727
Epoch 185/200, Batch 200, Aver_Loss: 476.6586
Epoch 185/200, Batch 300, Aver_Loss: 487.6426
Epoch 185/200, Batch 400, Aver_Loss: 476.3125
[early-stopping] Epoch 185: no improvement (6/20)
Epoch 186/200, Batch 100, Aver_Loss: 484.3312
Epoch 186/200, Batch 200, Aver_Loss: 481.3981
Epoch 186/200, Batch 300, Aver_Loss: 475.7885
Epoch 186/200, Batch 400, Aver_Loss: 474.5260
[early-stopping] Epoch 186: no improvement (7/20)
Epoch 187/200, Batch 100, Aver_Loss: 478.2709
Epoch 187/200, Batch 200, Aver_Loss: 473.6982
Epoch 187/200, Batch 300, Aver_Loss: 484.3562
Epoch 187/200, Batch 400, Aver_Loss: 482.1620
[early-stopping] Epoch 187: no improvement (8/20)
Epoch 188/200, Batch 100, Aver_Loss: 473.8623
Epoch 188/200, Batch 200, Aver_Loss: 486.8574
Epoch 188/200, Batch 300, Aver_Loss: 479.4203
Epoch 188/200, Batch 400, Aver_Loss: 480.3170
[early-stopping] Epoch 188: no improvement (9/20)
Epoch 189/200, Batch 100, Aver_Loss: 469.1883
Epoch 189/200, Batch 200, Aver_Loss: 478.8481
Epoch 189/200, Batch 300, Aver_Loss: 482.8547
Epoch 189/200, Batch 400, Aver_Loss: 485.3019
[early-stopping] Epoch 189: no improvement (10/20)
Epoch 190/200, Batch 100, Aver_Loss: 474.9888
Epoch 190/200, Batch 200, Aver_Loss: 470.1435
Epoch 190/200, Batch 300, Aver_Loss: 467.9445
Epoch 190/200, Batch 400, Aver_Loss: 480.0459
[early-stopping] Epoch 190: no improvement (11/20)
Epoch 191/200, Batch 100, Aver_Loss: 477.1438
Epoch 191/200, Batch 200, Aver_Loss: 473.4051
Epoch 191/200, Batch 300, Aver_Loss: 478.2504
Epoch 191/200, Batch 400, Aver_Loss: 469.1110
[early-stopping] Epoch 191: new best val ELBO = -477.910287
Epoch 192/200, Batch 100, Aver_Loss: 477.7897
Epoch 192/200, Batch 200, Aver_Loss: 469.6444
Epoch 192/200, Batch 300, Aver_Loss: 476.9916
Epoch 192/200, Batch 400, Aver_Loss: 469.4095
[early-stopping] Epoch 192: no improvement (1/20)
Epoch 193/200, Batch 100, Aver_Loss: 473.5272
Epoch 193/200, Batch 200, Aver_Loss: 477.7271
Epoch 193/200, Batch 300, Aver_Loss: 478.0666
Epoch 193/200, Batch 400, Aver_Loss: 479.3460
[early-stopping] Epoch 193: no improvement (2/20)
Epoch 194/200, Batch 100, Aver_Loss: 471.8951
Epoch 194/200, Batch 200, Aver_Loss: 476.8340
Epoch 194/200, Batch 300, Aver_Loss: 483.6534
Epoch 194/200, Batch 400, Aver_Loss: 480.1507
[early-stopping] Epoch 194: no improvement (3/20)
Epoch 195/200, Batch 100, Aver_Loss: 473.0002
Epoch 195/200, Batch 200, Aver_Loss: 481.2810
Epoch 195/200, Batch 300, Aver_Loss: 481.8832
Epoch 195/200, Batch 400, Aver_Loss: 477.7148
[early-stopping] Epoch 195: no improvement (4/20)
Epoch 196/200, Batch 100, Aver_Loss: 482.5583
Epoch 196/200, Batch 200, Aver_Loss: 485.3004
Epoch 196/200, Batch 300, Aver_Loss: 480.1285
Epoch 196/200, Batch 400, Aver_Loss: 483.0016
[early-stopping] Epoch 196: no improvement (5/20)
Epoch 197/200, Batch 100, Aver_Loss: 469.4682
Epoch 197/200, Batch 200, Aver_Loss: 470.5429
Epoch 197/200, Batch 300, Aver_Loss: 469.0777
Epoch 197/200, Batch 400, Aver_Loss: 484.0227
[early-stopping] Epoch 197: no improvement (6/20)
Epoch 198/200, Batch 100, Aver_Loss: 471.5663
Epoch 198/200, Batch 200, Aver_Loss: 470.9420
Epoch 198/200, Batch 300, Aver_Loss: 476.1581
Epoch 198/200, Batch 400, Aver_Loss: 480.0295
[early-stopping] Epoch 198: no improvement (7/20)
Epoch 199/200, Batch 100, Aver_Loss: 479.3565
Epoch 199/200, Batch 200, Aver_Loss: 476.8042
Epoch 199/200, Batch 300, Aver_Loss: 471.9752
Epoch 199/200, Batch 400, Aver_Loss: 481.2677
[early-stopping] Epoch 199: no improvement (8/20)
Epoch 200/200, Batch 100, Aver_Loss: 473.9836
Epoch 200/200, Batch 200, Aver_Loss: 483.8457
Epoch 200/200, Batch 300, Aver_Loss: 477.5764
Epoch 200/200, Batch 400, Aver_Loss: 472.0456
[early-stopping] Epoch 200: no improvement (9/20)
[early-stopping] Loaded best model from epoch 191 (val ELBO = -477.910287)
[checkpoint] Saved best model to: trained_parameters/mnist_background_images_zdim32_MVAE.pkl
[saved curves] ./results/MNIST_BG_IM/curves/mnist_background_images_mvae_d32_s777.json

==== Evaluation Summary ====
                 model: mvae
   recon/mse_per_pixel: 0.028589
            elbo/train: -477.330927
             elbo/test: -477.943748
             mse/train: 0.028408
              mse/test: 0.028589
             probe/acc: 0.712339
             probe/nll: 0.886675
           probe/brier: 0.398440
             probe/ece: 0.027579
           cluster/nmi: 0.261492
           cluster/ari: 0.172834
============================

