/usr/bin/which: no fi_info in (/arf/home/meyavuz/.local/bin:/arf/sw/comp/python/intelpython3/condabin:/arf/sw/comp/python/intelpython3/bin:/usr/share/Modules/bin:/usr/local/bin:/usr/bin:/usr/local/sbin:/usr/sbin)
Extension for Scikit-learn* enabled (https://github.com/uxlfoundation/scikit-learn-intelex)
/arf/home/meyavuz/.conda/envs/sbn/lib/python3.9/site-packages/sklearn/linear_model/_logistic.py:1247: FutureWarning: 'multi_class' was deprecated in version 1.5 and will be removed in 1.7. From then on, it will always use 'multinomial'. Leave it to its default value to avoid this warning.
  warnings.warn(
Epoch 1/200, Batch 100, Aver_Loss: 496.4875
Epoch 1/200, Batch 200, Aver_Loss: 486.7260
Epoch 1/200, Batch 300, Aver_Loss: 495.5038
Epoch 1/200, Batch 400, Aver_Loss: 498.2421
[early-stopping] Epoch 1: new best val ELBO = -493.296847
Epoch 2/200, Batch 100, Aver_Loss: 497.8652
Epoch 2/200, Batch 200, Aver_Loss: 499.6879
Epoch 2/200, Batch 300, Aver_Loss: 487.1049
Epoch 2/200, Batch 400, Aver_Loss: 497.7864
[early-stopping] Epoch 2: new best val ELBO = -492.075865
Epoch 3/200, Batch 100, Aver_Loss: 499.2812
Epoch 3/200, Batch 200, Aver_Loss: 491.3254
Epoch 3/200, Batch 300, Aver_Loss: 495.7462
Epoch 3/200, Batch 400, Aver_Loss: 495.6190
[early-stopping] Epoch 3: new best val ELBO = -491.596349
Epoch 4/200, Batch 100, Aver_Loss: 488.6077
Epoch 4/200, Batch 200, Aver_Loss: 492.3573
Epoch 4/200, Batch 300, Aver_Loss: 488.3137
Epoch 4/200, Batch 400, Aver_Loss: 502.6967
[early-stopping] Epoch 4: new best val ELBO = -491.333627
Epoch 5/200, Batch 100, Aver_Loss: 489.0317
Epoch 5/200, Batch 200, Aver_Loss: 493.4909
Epoch 5/200, Batch 300, Aver_Loss: 496.5557
Epoch 5/200, Batch 400, Aver_Loss: 491.6282
[early-stopping] Epoch 5: new best val ELBO = -491.179083
Epoch 6/200, Batch 100, Aver_Loss: 495.2867
Epoch 6/200, Batch 200, Aver_Loss: 481.3567
Epoch 6/200, Batch 300, Aver_Loss: 493.3477
Epoch 6/200, Batch 400, Aver_Loss: 486.8254
[early-stopping] Epoch 6: no improvement (1/20)
Epoch 7/200, Batch 100, Aver_Loss: 488.2111
Epoch 7/200, Batch 200, Aver_Loss: 488.8716
Epoch 7/200, Batch 300, Aver_Loss: 487.4283
Epoch 7/200, Batch 400, Aver_Loss: 495.9851
[early-stopping] Epoch 7: new best val ELBO = -490.606387
Epoch 8/200, Batch 100, Aver_Loss: 490.3428
Epoch 8/200, Batch 200, Aver_Loss: 498.0822
Epoch 8/200, Batch 300, Aver_Loss: 497.0164
Epoch 8/200, Batch 400, Aver_Loss: 492.9788
[early-stopping] Epoch 8: no improvement (1/20)
Epoch 9/200, Batch 100, Aver_Loss: 487.5190
Epoch 9/200, Batch 200, Aver_Loss: 488.0501
Epoch 9/200, Batch 300, Aver_Loss: 495.8001
Epoch 9/200, Batch 400, Aver_Loss: 496.9711
[early-stopping] Epoch 9: new best val ELBO = -490.595299
Epoch 10/200, Batch 100, Aver_Loss: 491.6009
Epoch 10/200, Batch 200, Aver_Loss: 485.7940
Epoch 10/200, Batch 300, Aver_Loss: 492.7704
Epoch 10/200, Batch 400, Aver_Loss: 491.2058
[early-stopping] Epoch 10: no improvement (1/20)
Epoch 11/200, Batch 100, Aver_Loss: 490.6461
Epoch 11/200, Batch 200, Aver_Loss: 488.1778
Epoch 11/200, Batch 300, Aver_Loss: 490.7458
Epoch 11/200, Batch 400, Aver_Loss: 483.0839
[early-stopping] Epoch 11: no improvement (2/20)
Epoch 12/200, Batch 100, Aver_Loss: 486.9673
Epoch 12/200, Batch 200, Aver_Loss: 493.7100
Epoch 12/200, Batch 300, Aver_Loss: 492.1139
Epoch 12/200, Batch 400, Aver_Loss: 482.0320
[early-stopping] Epoch 12: new best val ELBO = -490.348009
Epoch 13/200, Batch 100, Aver_Loss: 495.2425
Epoch 13/200, Batch 200, Aver_Loss: 487.0427
Epoch 13/200, Batch 300, Aver_Loss: 493.9585
Epoch 13/200, Batch 400, Aver_Loss: 497.7843
[early-stopping] Epoch 13: new best val ELBO = -490.156967
Epoch 14/200, Batch 100, Aver_Loss: 490.2919
Epoch 14/200, Batch 200, Aver_Loss: 492.1888
Epoch 14/200, Batch 300, Aver_Loss: 484.7139
Epoch 14/200, Batch 400, Aver_Loss: 495.6615
[early-stopping] Epoch 14: no improvement (1/20)
Epoch 15/200, Batch 100, Aver_Loss: 485.5931
Epoch 15/200, Batch 200, Aver_Loss: 483.2139
Epoch 15/200, Batch 300, Aver_Loss: 497.3943
Epoch 15/200, Batch 400, Aver_Loss: 495.5874
[early-stopping] Epoch 15: new best val ELBO = -490.093849
Epoch 16/200, Batch 100, Aver_Loss: 488.1121
Epoch 16/200, Batch 200, Aver_Loss: 488.2530
Epoch 16/200, Batch 300, Aver_Loss: 484.5469
Epoch 16/200, Batch 400, Aver_Loss: 493.0674
[early-stopping] Epoch 16: new best val ELBO = -489.994786
Epoch 17/200, Batch 100, Aver_Loss: 479.5778
Epoch 17/200, Batch 200, Aver_Loss: 486.4433
Epoch 17/200, Batch 300, Aver_Loss: 489.0677
Epoch 17/200, Batch 400, Aver_Loss: 497.1680
[early-stopping] Epoch 17: new best val ELBO = -489.873713
Epoch 18/200, Batch 100, Aver_Loss: 486.2903
Epoch 18/200, Batch 200, Aver_Loss: 484.1336
Epoch 18/200, Batch 300, Aver_Loss: 492.9066
Epoch 18/200, Batch 400, Aver_Loss: 489.9713
[early-stopping] Epoch 18: new best val ELBO = -489.801648
Epoch 19/200, Batch 100, Aver_Loss: 489.3097
Epoch 19/200, Batch 200, Aver_Loss: 490.5609
Epoch 19/200, Batch 300, Aver_Loss: 495.3424
Epoch 19/200, Batch 400, Aver_Loss: 493.5547
[early-stopping] Epoch 19: no improvement (1/20)
Epoch 20/200, Batch 100, Aver_Loss: 488.6887
Epoch 20/200, Batch 200, Aver_Loss: 481.7868
Epoch 20/200, Batch 300, Aver_Loss: 483.2926
Epoch 20/200, Batch 400, Aver_Loss: 495.2863
[early-stopping] Epoch 20: no improvement (2/20)
Epoch 21/200, Batch 100, Aver_Loss: 475.3633
Epoch 21/200, Batch 200, Aver_Loss: 495.9391
Epoch 21/200, Batch 300, Aver_Loss: 484.8035
Epoch 21/200, Batch 400, Aver_Loss: 494.0991
[early-stopping] Epoch 21: no improvement (3/20)
Epoch 22/200, Batch 100, Aver_Loss: 476.0169
Epoch 22/200, Batch 200, Aver_Loss: 487.1697
Epoch 22/200, Batch 300, Aver_Loss: 488.7454
Epoch 22/200, Batch 400, Aver_Loss: 493.4525
[early-stopping] Epoch 22: no improvement (4/20)
Epoch 23/200, Batch 100, Aver_Loss: 482.8257
Epoch 23/200, Batch 200, Aver_Loss: 484.4757
Epoch 23/200, Batch 300, Aver_Loss: 493.4874
Epoch 23/200, Batch 400, Aver_Loss: 490.8445
[early-stopping] Epoch 23: new best val ELBO = -489.747370
Epoch 24/200, Batch 100, Aver_Loss: 479.9812
Epoch 24/200, Batch 200, Aver_Loss: 488.7619
Epoch 24/200, Batch 300, Aver_Loss: 483.7817
Epoch 24/200, Batch 400, Aver_Loss: 480.3792
[early-stopping] Epoch 24: no improvement (1/20)
Epoch 25/200, Batch 100, Aver_Loss: 486.1806
Epoch 25/200, Batch 200, Aver_Loss: 501.9361
Epoch 25/200, Batch 300, Aver_Loss: 493.9269
Epoch 25/200, Batch 400, Aver_Loss: 493.1377
[early-stopping] Epoch 25: new best val ELBO = -489.575025
Epoch 26/200, Batch 100, Aver_Loss: 494.9892
Epoch 26/200, Batch 200, Aver_Loss: 496.2435
Epoch 26/200, Batch 300, Aver_Loss: 488.6173
Epoch 26/200, Batch 400, Aver_Loss: 497.9485
[early-stopping] Epoch 26: no improvement (1/20)
Epoch 27/200, Batch 100, Aver_Loss: 486.5728
Epoch 27/200, Batch 200, Aver_Loss: 481.6719
Epoch 27/200, Batch 300, Aver_Loss: 482.9958
Epoch 27/200, Batch 400, Aver_Loss: 487.6469
[early-stopping] Epoch 27: new best val ELBO = -489.499937
Epoch 28/200, Batch 100, Aver_Loss: 491.5983
Epoch 28/200, Batch 200, Aver_Loss: 486.4526
Epoch 28/200, Batch 300, Aver_Loss: 487.8586
Epoch 28/200, Batch 400, Aver_Loss: 496.5674
[early-stopping] Epoch 28: new best val ELBO = -489.469794
Epoch 29/200, Batch 100, Aver_Loss: 485.9571
Epoch 29/200, Batch 200, Aver_Loss: 490.8382
Epoch 29/200, Batch 300, Aver_Loss: 490.1632
Epoch 29/200, Batch 400, Aver_Loss: 484.1064
[early-stopping] Epoch 29: no improvement (1/20)
Epoch 30/200, Batch 100, Aver_Loss: 490.5265
Epoch 30/200, Batch 200, Aver_Loss: 485.1208
Epoch 30/200, Batch 300, Aver_Loss: 496.3511
Epoch 30/200, Batch 400, Aver_Loss: 490.3376
[early-stopping] Epoch 30: new best val ELBO = -489.420640
Epoch 31/200, Batch 100, Aver_Loss: 485.8248
Epoch 31/200, Batch 200, Aver_Loss: 493.2020
Epoch 31/200, Batch 300, Aver_Loss: 487.8443
Epoch 31/200, Batch 400, Aver_Loss: 488.7667
[early-stopping] Epoch 31: no improvement (1/20)
Epoch 32/200, Batch 100, Aver_Loss: 482.4468
Epoch 32/200, Batch 200, Aver_Loss: 484.9803
Epoch 32/200, Batch 300, Aver_Loss: 485.6681
Epoch 32/200, Batch 400, Aver_Loss: 485.6692
[early-stopping] Epoch 32: no improvement (2/20)
Epoch 33/200, Batch 100, Aver_Loss: 489.7816
Epoch 33/200, Batch 200, Aver_Loss: 488.5662
Epoch 33/200, Batch 300, Aver_Loss: 491.0242
Epoch 33/200, Batch 400, Aver_Loss: 496.3619
[early-stopping] Epoch 33: new best val ELBO = -489.324114
Epoch 34/200, Batch 100, Aver_Loss: 490.3079
Epoch 34/200, Batch 200, Aver_Loss: 486.8512
Epoch 34/200, Batch 300, Aver_Loss: 490.6199
Epoch 34/200, Batch 400, Aver_Loss: 481.3540
[early-stopping] Epoch 34: no improvement (1/20)
Epoch 35/200, Batch 100, Aver_Loss: 492.3752
Epoch 35/200, Batch 200, Aver_Loss: 491.2871
Epoch 35/200, Batch 300, Aver_Loss: 493.4956
Epoch 35/200, Batch 400, Aver_Loss: 490.5280
[early-stopping] Epoch 35: no improvement (2/20)
Epoch 36/200, Batch 100, Aver_Loss: 487.3943
Epoch 36/200, Batch 200, Aver_Loss: 496.4736
Epoch 36/200, Batch 300, Aver_Loss: 493.1543
Epoch 36/200, Batch 400, Aver_Loss: 482.0545
[early-stopping] Epoch 36: no improvement (3/20)
Epoch 37/200, Batch 100, Aver_Loss: 495.4739
Epoch 37/200, Batch 200, Aver_Loss: 484.0891
Epoch 37/200, Batch 300, Aver_Loss: 495.7565
Epoch 37/200, Batch 400, Aver_Loss: 491.0347
[early-stopping] Epoch 37: no improvement (4/20)
Epoch 38/200, Batch 100, Aver_Loss: 487.5689
Epoch 38/200, Batch 200, Aver_Loss: 486.7110
Epoch 38/200, Batch 300, Aver_Loss: 496.6165
Epoch 38/200, Batch 400, Aver_Loss: 488.1653
[early-stopping] Epoch 38: new best val ELBO = -489.314527
Epoch 39/200, Batch 100, Aver_Loss: 486.1916
Epoch 39/200, Batch 200, Aver_Loss: 490.4755
Epoch 39/200, Batch 300, Aver_Loss: 483.3374
Epoch 39/200, Batch 400, Aver_Loss: 485.4054
[early-stopping] Epoch 39: no improvement (1/20)
Epoch 40/200, Batch 100, Aver_Loss: 489.6621
Epoch 40/200, Batch 200, Aver_Loss: 484.3878
Epoch 40/200, Batch 300, Aver_Loss: 488.9425
Epoch 40/200, Batch 400, Aver_Loss: 493.7305
[early-stopping] Epoch 40: no improvement (2/20)
Epoch 41/200, Batch 100, Aver_Loss: 494.2890
Epoch 41/200, Batch 200, Aver_Loss: 492.4999
Epoch 41/200, Batch 300, Aver_Loss: 486.9769
Epoch 41/200, Batch 400, Aver_Loss: 481.7274
[early-stopping] Epoch 41: no improvement (3/20)
Epoch 42/200, Batch 100, Aver_Loss: 486.8333
Epoch 42/200, Batch 200, Aver_Loss: 495.6986
Epoch 42/200, Batch 300, Aver_Loss: 490.5222
Epoch 42/200, Batch 400, Aver_Loss: 481.8943
[early-stopping] Epoch 42: no improvement (4/20)
Epoch 43/200, Batch 100, Aver_Loss: 495.5804
Epoch 43/200, Batch 200, Aver_Loss: 489.8444
Epoch 43/200, Batch 300, Aver_Loss: 491.7098
Epoch 43/200, Batch 400, Aver_Loss: 495.6563
[early-stopping] Epoch 43: no improvement (5/20)
Epoch 44/200, Batch 100, Aver_Loss: 493.9143
Epoch 44/200, Batch 200, Aver_Loss: 489.8181
Epoch 44/200, Batch 300, Aver_Loss: 483.9189
Epoch 44/200, Batch 400, Aver_Loss: 493.4326
[early-stopping] Epoch 44: no improvement (6/20)
Epoch 45/200, Batch 100, Aver_Loss: 495.0718
Epoch 45/200, Batch 200, Aver_Loss: 492.9537
Epoch 45/200, Batch 300, Aver_Loss: 491.1135
Epoch 45/200, Batch 400, Aver_Loss: 488.1552
[early-stopping] Epoch 45: new best val ELBO = -489.282358
Epoch 46/200, Batch 100, Aver_Loss: 489.1992
Epoch 46/200, Batch 200, Aver_Loss: 491.6657
Epoch 46/200, Batch 300, Aver_Loss: 489.2616
Epoch 46/200, Batch 400, Aver_Loss: 484.5769
[early-stopping] Epoch 46: new best val ELBO = -489.238161
Epoch 47/200, Batch 100, Aver_Loss: 487.8675
Epoch 47/200, Batch 200, Aver_Loss: 496.6386
Epoch 47/200, Batch 300, Aver_Loss: 477.9893
Epoch 47/200, Batch 400, Aver_Loss: 494.8521
[early-stopping] Epoch 47: no improvement (1/20)
Epoch 48/200, Batch 100, Aver_Loss: 496.5733
Epoch 48/200, Batch 200, Aver_Loss: 490.8587
Epoch 48/200, Batch 300, Aver_Loss: 488.6176
Epoch 48/200, Batch 400, Aver_Loss: 492.6922
[early-stopping] Epoch 48: no improvement (2/20)
Epoch 49/200, Batch 100, Aver_Loss: 489.4170
Epoch 49/200, Batch 200, Aver_Loss: 482.2852
Epoch 49/200, Batch 300, Aver_Loss: 484.6457
Epoch 49/200, Batch 400, Aver_Loss: 491.6682
[early-stopping] Epoch 49: no improvement (3/20)
Epoch 50/200, Batch 100, Aver_Loss: 496.0160
Epoch 50/200, Batch 200, Aver_Loss: 485.4892
Epoch 50/200, Batch 300, Aver_Loss: 491.0861
Epoch 50/200, Batch 400, Aver_Loss: 491.2791
[early-stopping] Epoch 50: new best val ELBO = -489.068770
Epoch 51/200, Batch 100, Aver_Loss: 484.6416
Epoch 51/200, Batch 200, Aver_Loss: 484.4756
Epoch 51/200, Batch 300, Aver_Loss: 478.4806
Epoch 51/200, Batch 400, Aver_Loss: 495.4931
[early-stopping] Epoch 51: no improvement (1/20)
Epoch 52/200, Batch 100, Aver_Loss: 493.3082
Epoch 52/200, Batch 200, Aver_Loss: 490.8573
Epoch 52/200, Batch 300, Aver_Loss: 484.8436
Epoch 52/200, Batch 400, Aver_Loss: 491.6446
[early-stopping] Epoch 52: no improvement (2/20)
Epoch 53/200, Batch 100, Aver_Loss: 488.1045
Epoch 53/200, Batch 200, Aver_Loss: 492.3242
Epoch 53/200, Batch 300, Aver_Loss: 481.7974
Epoch 53/200, Batch 400, Aver_Loss: 492.3228
[early-stopping] Epoch 53: no improvement (3/20)
Epoch 54/200, Batch 100, Aver_Loss: 494.2158
Epoch 54/200, Batch 200, Aver_Loss: 492.2347
Epoch 54/200, Batch 300, Aver_Loss: 482.1815
Epoch 54/200, Batch 400, Aver_Loss: 487.9499
[early-stopping] Epoch 54: no improvement (4/20)
Epoch 55/200, Batch 100, Aver_Loss: 493.8293
Epoch 55/200, Batch 200, Aver_Loss: 493.7181
Epoch 55/200, Batch 300, Aver_Loss: 491.6588
Epoch 55/200, Batch 400, Aver_Loss: 493.4547
[early-stopping] Epoch 55: no improvement (5/20)
Epoch 56/200, Batch 100, Aver_Loss: 489.1102
Epoch 56/200, Batch 200, Aver_Loss: 485.2280
Epoch 56/200, Batch 300, Aver_Loss: 488.2531
Epoch 56/200, Batch 400, Aver_Loss: 492.8714
[early-stopping] Epoch 56: no improvement (6/20)
Epoch 57/200, Batch 100, Aver_Loss: 485.9965
Epoch 57/200, Batch 200, Aver_Loss: 485.0621
Epoch 57/200, Batch 300, Aver_Loss: 482.8361
Epoch 57/200, Batch 400, Aver_Loss: 486.0564
[early-stopping] Epoch 57: no improvement (7/20)
Epoch 58/200, Batch 100, Aver_Loss: 495.6604
Epoch 58/200, Batch 200, Aver_Loss: 489.0965
Epoch 58/200, Batch 300, Aver_Loss: 487.0256
Epoch 58/200, Batch 400, Aver_Loss: 489.5037
[early-stopping] Epoch 58: no improvement (8/20)
Epoch 59/200, Batch 100, Aver_Loss: 490.7167
Epoch 59/200, Batch 200, Aver_Loss: 487.6151
Epoch 59/200, Batch 300, Aver_Loss: 486.4119
Epoch 59/200, Batch 400, Aver_Loss: 495.0228
[early-stopping] Epoch 59: no improvement (9/20)
Epoch 60/200, Batch 100, Aver_Loss: 489.5409
Epoch 60/200, Batch 200, Aver_Loss: 489.7925
Epoch 60/200, Batch 300, Aver_Loss: 487.7444
Epoch 60/200, Batch 400, Aver_Loss: 497.8547
[early-stopping] Epoch 60: no improvement (10/20)
Epoch 61/200, Batch 100, Aver_Loss: 491.1575
Epoch 61/200, Batch 200, Aver_Loss: 474.4974
Epoch 61/200, Batch 300, Aver_Loss: 491.1582
Epoch 61/200, Batch 400, Aver_Loss: 488.2179
[early-stopping] Epoch 61: no improvement (11/20)
Epoch 62/200, Batch 100, Aver_Loss: 484.3349
Epoch 62/200, Batch 200, Aver_Loss: 491.5324
Epoch 62/200, Batch 300, Aver_Loss: 487.4275
Epoch 62/200, Batch 400, Aver_Loss: 489.9508
[early-stopping] Epoch 62: new best val ELBO = -489.038999
Epoch 63/200, Batch 100, Aver_Loss: 491.1961
Epoch 63/200, Batch 200, Aver_Loss: 488.9094
Epoch 63/200, Batch 300, Aver_Loss: 492.8595
Epoch 63/200, Batch 400, Aver_Loss: 491.8459
[early-stopping] Epoch 63: no improvement (1/20)
Epoch 64/200, Batch 100, Aver_Loss: 476.9448
Epoch 64/200, Batch 200, Aver_Loss: 488.4155
Epoch 64/200, Batch 300, Aver_Loss: 490.2255
Epoch 64/200, Batch 400, Aver_Loss: 488.6664
[early-stopping] Epoch 64: no improvement (2/20)
Epoch 65/200, Batch 100, Aver_Loss: 496.6069
Epoch 65/200, Batch 200, Aver_Loss: 487.9359
Epoch 65/200, Batch 300, Aver_Loss: 491.2748
Epoch 65/200, Batch 400, Aver_Loss: 486.9293
[early-stopping] Epoch 65: no improvement (3/20)
Epoch 66/200, Batch 100, Aver_Loss: 484.6313
Epoch 66/200, Batch 200, Aver_Loss: 486.7998
Epoch 66/200, Batch 300, Aver_Loss: 487.5498
Epoch 66/200, Batch 400, Aver_Loss: 490.2794
[early-stopping] Epoch 66: new best val ELBO = -488.945096
Epoch 67/200, Batch 100, Aver_Loss: 496.5838
Epoch 67/200, Batch 200, Aver_Loss: 497.6429
Epoch 67/200, Batch 300, Aver_Loss: 503.7109
Epoch 67/200, Batch 400, Aver_Loss: 495.2316
[early-stopping] Epoch 67: no improvement (1/20)
Epoch 68/200, Batch 100, Aver_Loss: 491.7160
Epoch 68/200, Batch 200, Aver_Loss: 488.8340
Epoch 68/200, Batch 300, Aver_Loss: 498.6488
Epoch 68/200, Batch 400, Aver_Loss: 487.0754
[early-stopping] Epoch 68: no improvement (2/20)
Epoch 69/200, Batch 100, Aver_Loss: 492.7181
Epoch 69/200, Batch 200, Aver_Loss: 492.3772
Epoch 69/200, Batch 300, Aver_Loss: 486.4357
Epoch 69/200, Batch 400, Aver_Loss: 491.2834
[early-stopping] Epoch 69: no improvement (3/20)
Epoch 70/200, Batch 100, Aver_Loss: 492.6028
Epoch 70/200, Batch 200, Aver_Loss: 494.4410
Epoch 70/200, Batch 300, Aver_Loss: 488.7075
Epoch 70/200, Batch 400, Aver_Loss: 480.6439
[early-stopping] Epoch 70: no improvement (4/20)
Epoch 71/200, Batch 100, Aver_Loss: 494.1883
Epoch 71/200, Batch 200, Aver_Loss: 500.3180
Epoch 71/200, Batch 300, Aver_Loss: 480.5018
Epoch 71/200, Batch 400, Aver_Loss: 490.0140
[early-stopping] Epoch 71: no improvement (5/20)
Epoch 72/200, Batch 100, Aver_Loss: 486.9560
Epoch 72/200, Batch 200, Aver_Loss: 494.3634
Epoch 72/200, Batch 300, Aver_Loss: 486.8120
Epoch 72/200, Batch 400, Aver_Loss: 489.0823
[early-stopping] Epoch 72: no improvement (6/20)
Epoch 73/200, Batch 100, Aver_Loss: 491.6832
Epoch 73/200, Batch 200, Aver_Loss: 486.1062
Epoch 73/200, Batch 300, Aver_Loss: 478.4531
Epoch 73/200, Batch 400, Aver_Loss: 495.5567
[early-stopping] Epoch 73: no improvement (7/20)
Epoch 74/200, Batch 100, Aver_Loss: 487.0581
Epoch 74/200, Batch 200, Aver_Loss: 481.1147
Epoch 74/200, Batch 300, Aver_Loss: 484.7720
Epoch 74/200, Batch 400, Aver_Loss: 481.1797
[early-stopping] Epoch 74: no improvement (8/20)
Epoch 75/200, Batch 100, Aver_Loss: 489.8365
Epoch 75/200, Batch 200, Aver_Loss: 492.2649
Epoch 75/200, Batch 300, Aver_Loss: 490.4417
Epoch 75/200, Batch 400, Aver_Loss: 493.3658
[early-stopping] Epoch 75: new best val ELBO = -488.875369
Epoch 76/200, Batch 100, Aver_Loss: 489.9320
Epoch 76/200, Batch 200, Aver_Loss: 482.0901
Epoch 76/200, Batch 300, Aver_Loss: 491.2803
Epoch 76/200, Batch 400, Aver_Loss: 490.2773
[early-stopping] Epoch 76: no improvement (1/20)
Epoch 77/200, Batch 100, Aver_Loss: 488.0388
Epoch 77/200, Batch 200, Aver_Loss: 471.0471
Epoch 77/200, Batch 300, Aver_Loss: 492.3842
Epoch 77/200, Batch 400, Aver_Loss: 490.7548
[early-stopping] Epoch 77: no improvement (2/20)
Epoch 78/200, Batch 100, Aver_Loss: 483.3622
Epoch 78/200, Batch 200, Aver_Loss: 487.3687
Epoch 78/200, Batch 300, Aver_Loss: 491.0183
Epoch 78/200, Batch 400, Aver_Loss: 489.3732
[early-stopping] Epoch 78: no improvement (3/20)
Epoch 79/200, Batch 100, Aver_Loss: 489.5061
Epoch 79/200, Batch 200, Aver_Loss: 490.9784
Epoch 79/200, Batch 300, Aver_Loss: 485.4976
Epoch 79/200, Batch 400, Aver_Loss: 488.1976
[early-stopping] Epoch 79: no improvement (4/20)
Epoch 80/200, Batch 100, Aver_Loss: 488.6297
Epoch 80/200, Batch 200, Aver_Loss: 491.1971
Epoch 80/200, Batch 300, Aver_Loss: 490.4042
Epoch 80/200, Batch 400, Aver_Loss: 485.2426
[early-stopping] Epoch 80: no improvement (5/20)
Epoch 81/200, Batch 100, Aver_Loss: 490.2622
Epoch 81/200, Batch 200, Aver_Loss: 477.9449
Epoch 81/200, Batch 300, Aver_Loss: 481.1366
Epoch 81/200, Batch 400, Aver_Loss: 484.6024
[early-stopping] Epoch 81: no improvement (6/20)
Epoch 82/200, Batch 100, Aver_Loss: 493.0406
Epoch 82/200, Batch 200, Aver_Loss: 488.8887
Epoch 82/200, Batch 300, Aver_Loss: 489.6807
Epoch 82/200, Batch 400, Aver_Loss: 490.5741
[early-stopping] Epoch 82: no improvement (7/20)
Epoch 83/200, Batch 100, Aver_Loss: 481.4503
Epoch 83/200, Batch 200, Aver_Loss: 494.8832
Epoch 83/200, Batch 300, Aver_Loss: 490.7228
Epoch 83/200, Batch 400, Aver_Loss: 486.7457
[early-stopping] Epoch 83: no improvement (8/20)
Epoch 84/200, Batch 100, Aver_Loss: 496.7762
Epoch 84/200, Batch 200, Aver_Loss: 494.3625
Epoch 84/200, Batch 300, Aver_Loss: 490.5465
Epoch 84/200, Batch 400, Aver_Loss: 490.0582
[early-stopping] Epoch 84: no improvement (9/20)
Epoch 85/200, Batch 100, Aver_Loss: 496.2777
Epoch 85/200, Batch 200, Aver_Loss: 488.3528
Epoch 85/200, Batch 300, Aver_Loss: 487.1954
Epoch 85/200, Batch 400, Aver_Loss: 489.6351
[early-stopping] Epoch 85: no improvement (10/20)
Epoch 86/200, Batch 100, Aver_Loss: 486.7986
Epoch 86/200, Batch 200, Aver_Loss: 486.1345
Epoch 86/200, Batch 300, Aver_Loss: 492.9540
Epoch 86/200, Batch 400, Aver_Loss: 490.8780
[early-stopping] Epoch 86: no improvement (11/20)
Epoch 87/200, Batch 100, Aver_Loss: 489.1110
Epoch 87/200, Batch 200, Aver_Loss: 482.7067
Epoch 87/200, Batch 300, Aver_Loss: 482.0513
Epoch 87/200, Batch 400, Aver_Loss: 490.2094
[early-stopping] Epoch 87: no improvement (12/20)
Epoch 88/200, Batch 100, Aver_Loss: 483.2765
Epoch 88/200, Batch 200, Aver_Loss: 488.1029
Epoch 88/200, Batch 300, Aver_Loss: 487.0462
Epoch 88/200, Batch 400, Aver_Loss: 487.5858
[early-stopping] Epoch 88: no improvement (13/20)
Epoch 89/200, Batch 100, Aver_Loss: 475.9024
Epoch 89/200, Batch 200, Aver_Loss: 489.9660
Epoch 89/200, Batch 300, Aver_Loss: 493.2288
Epoch 89/200, Batch 400, Aver_Loss: 482.9565
[early-stopping] Epoch 89: no improvement (14/20)
Epoch 90/200, Batch 100, Aver_Loss: 482.4747
Epoch 90/200, Batch 200, Aver_Loss: 495.6458
Epoch 90/200, Batch 300, Aver_Loss: 495.0179
Epoch 90/200, Batch 400, Aver_Loss: 488.7997
[early-stopping] Epoch 90: new best val ELBO = -488.848125
Epoch 91/200, Batch 100, Aver_Loss: 487.3694
Epoch 91/200, Batch 200, Aver_Loss: 489.8947
Epoch 91/200, Batch 300, Aver_Loss: 475.3547
Epoch 91/200, Batch 400, Aver_Loss: 494.8999
[early-stopping] Epoch 91: new best val ELBO = -488.693518
Epoch 92/200, Batch 100, Aver_Loss: 483.8205
Epoch 92/200, Batch 200, Aver_Loss: 491.8473
Epoch 92/200, Batch 300, Aver_Loss: 483.3685
Epoch 92/200, Batch 400, Aver_Loss: 485.0789
[early-stopping] Epoch 92: no improvement (1/20)
Epoch 93/200, Batch 100, Aver_Loss: 493.6895
Epoch 93/200, Batch 200, Aver_Loss: 483.2473
Epoch 93/200, Batch 300, Aver_Loss: 492.3240
Epoch 93/200, Batch 400, Aver_Loss: 490.8911
[early-stopping] Epoch 93: no improvement (2/20)
Epoch 94/200, Batch 100, Aver_Loss: 485.2737
Epoch 94/200, Batch 200, Aver_Loss: 490.3929
Epoch 94/200, Batch 300, Aver_Loss: 487.6498
Epoch 94/200, Batch 400, Aver_Loss: 484.8304
[early-stopping] Epoch 94: no improvement (3/20)
Epoch 95/200, Batch 100, Aver_Loss: 482.0602
Epoch 95/200, Batch 200, Aver_Loss: 486.5276
Epoch 95/200, Batch 300, Aver_Loss: 489.8222
Epoch 95/200, Batch 400, Aver_Loss: 482.5590
[early-stopping] Epoch 95: no improvement (4/20)
Epoch 96/200, Batch 100, Aver_Loss: 483.2969
Epoch 96/200, Batch 200, Aver_Loss: 488.7012
Epoch 96/200, Batch 300, Aver_Loss: 487.0659
Epoch 96/200, Batch 400, Aver_Loss: 484.7284
[early-stopping] Epoch 96: no improvement (5/20)
Epoch 97/200, Batch 100, Aver_Loss: 489.6150
Epoch 97/200, Batch 200, Aver_Loss: 492.9207
Epoch 97/200, Batch 300, Aver_Loss: 479.7847
Epoch 97/200, Batch 400, Aver_Loss: 488.4019
[early-stopping] Epoch 97: no improvement (6/20)
Epoch 98/200, Batch 100, Aver_Loss: 487.2651
Epoch 98/200, Batch 200, Aver_Loss: 481.6876
Epoch 98/200, Batch 300, Aver_Loss: 494.5555
Epoch 98/200, Batch 400, Aver_Loss: 486.4696
[early-stopping] Epoch 98: no improvement (7/20)
Epoch 99/200, Batch 100, Aver_Loss: 491.4857
Epoch 99/200, Batch 200, Aver_Loss: 489.7327
Epoch 99/200, Batch 300, Aver_Loss: 476.9070
Epoch 99/200, Batch 400, Aver_Loss: 483.2957
[early-stopping] Epoch 99: no improvement (8/20)
Epoch 100/200, Batch 100, Aver_Loss: 480.4871
Epoch 100/200, Batch 200, Aver_Loss: 497.8255
Epoch 100/200, Batch 300, Aver_Loss: 491.8851
Epoch 100/200, Batch 400, Aver_Loss: 486.5319
[early-stopping] Epoch 100: no improvement (9/20)
Epoch 101/200, Batch 100, Aver_Loss: 494.4579
Epoch 101/200, Batch 200, Aver_Loss: 490.9545
Epoch 101/200, Batch 300, Aver_Loss: 482.9456
Epoch 101/200, Batch 400, Aver_Loss: 491.2972
[early-stopping] Epoch 101: no improvement (10/20)
Epoch 102/200, Batch 100, Aver_Loss: 494.1638
Epoch 102/200, Batch 200, Aver_Loss: 486.7223
Epoch 102/200, Batch 300, Aver_Loss: 489.5437
Epoch 102/200, Batch 400, Aver_Loss: 481.4757
[early-stopping] Epoch 102: no improvement (11/20)
Epoch 103/200, Batch 100, Aver_Loss: 483.8556
Epoch 103/200, Batch 200, Aver_Loss: 487.2647
Epoch 103/200, Batch 300, Aver_Loss: 484.1687
Epoch 103/200, Batch 400, Aver_Loss: 490.5199
[early-stopping] Epoch 103: no improvement (12/20)
Epoch 104/200, Batch 100, Aver_Loss: 488.2370
Epoch 104/200, Batch 200, Aver_Loss: 492.9309
Epoch 104/200, Batch 300, Aver_Loss: 487.9536
Epoch 104/200, Batch 400, Aver_Loss: 493.7245
[early-stopping] Epoch 104: no improvement (13/20)
Epoch 105/200, Batch 100, Aver_Loss: 487.4634
Epoch 105/200, Batch 200, Aver_Loss: 490.1821
Epoch 105/200, Batch 300, Aver_Loss: 482.4793
Epoch 105/200, Batch 400, Aver_Loss: 482.1945
[early-stopping] Epoch 105: no improvement (14/20)
Epoch 106/200, Batch 100, Aver_Loss: 491.1203
Epoch 106/200, Batch 200, Aver_Loss: 481.4044
Epoch 106/200, Batch 300, Aver_Loss: 486.9332
Epoch 106/200, Batch 400, Aver_Loss: 487.7580
[early-stopping] Epoch 106: no improvement (15/20)
Epoch 107/200, Batch 100, Aver_Loss: 495.0294
Epoch 107/200, Batch 200, Aver_Loss: 493.5843
Epoch 107/200, Batch 300, Aver_Loss: 497.8596
Epoch 107/200, Batch 400, Aver_Loss: 488.4900
[early-stopping] Epoch 107: no improvement (16/20)
Epoch 108/200, Batch 100, Aver_Loss: 489.2279
Epoch 108/200, Batch 200, Aver_Loss: 492.8017
Epoch 108/200, Batch 300, Aver_Loss: 488.3237
Epoch 108/200, Batch 400, Aver_Loss: 490.0211
[early-stopping] Epoch 108: no improvement (17/20)
Epoch 109/200, Batch 100, Aver_Loss: 485.1873
Epoch 109/200, Batch 200, Aver_Loss: 482.0842
Epoch 109/200, Batch 300, Aver_Loss: 478.5460
Epoch 109/200, Batch 400, Aver_Loss: 493.1382
[early-stopping] Epoch 109: new best val ELBO = -488.665627
Epoch 110/200, Batch 100, Aver_Loss: 487.2391
Epoch 110/200, Batch 200, Aver_Loss: 488.1988
Epoch 110/200, Batch 300, Aver_Loss: 491.2861
Epoch 110/200, Batch 400, Aver_Loss: 488.5278
[early-stopping] Epoch 110: no improvement (1/20)
Epoch 111/200, Batch 100, Aver_Loss: 490.3166
Epoch 111/200, Batch 200, Aver_Loss: 480.0981
Epoch 111/200, Batch 300, Aver_Loss: 481.2632
Epoch 111/200, Batch 400, Aver_Loss: 489.7315
[early-stopping] Epoch 111: no improvement (2/20)
Epoch 112/200, Batch 100, Aver_Loss: 494.1370
Epoch 112/200, Batch 200, Aver_Loss: 485.7091
Epoch 112/200, Batch 300, Aver_Loss: 486.7950
Epoch 112/200, Batch 400, Aver_Loss: 495.1073
[early-stopping] Epoch 112: no improvement (3/20)
Epoch 113/200, Batch 100, Aver_Loss: 488.2707
Epoch 113/200, Batch 200, Aver_Loss: 489.9470
Epoch 113/200, Batch 300, Aver_Loss: 492.4441
Epoch 113/200, Batch 400, Aver_Loss: 489.9996
[early-stopping] Epoch 113: no improvement (4/20)
Epoch 114/200, Batch 100, Aver_Loss: 491.3016
Epoch 114/200, Batch 200, Aver_Loss: 488.7979
Epoch 114/200, Batch 300, Aver_Loss: 490.0324
Epoch 114/200, Batch 400, Aver_Loss: 489.3451
[early-stopping] Epoch 114: no improvement (5/20)
Epoch 115/200, Batch 100, Aver_Loss: 491.2557
Epoch 115/200, Batch 200, Aver_Loss: 491.2718
Epoch 115/200, Batch 300, Aver_Loss: 477.9987
Epoch 115/200, Batch 400, Aver_Loss: 491.3622
[early-stopping] Epoch 115: no improvement (6/20)
Epoch 116/200, Batch 100, Aver_Loss: 496.1172
Epoch 116/200, Batch 200, Aver_Loss: 488.3387
Epoch 116/200, Batch 300, Aver_Loss: 490.3372
Epoch 116/200, Batch 400, Aver_Loss: 487.6924
[early-stopping] Epoch 116: no improvement (7/20)
Epoch 117/200, Batch 100, Aver_Loss: 486.1140
Epoch 117/200, Batch 200, Aver_Loss: 488.7290
Epoch 117/200, Batch 300, Aver_Loss: 481.3918
Epoch 117/200, Batch 400, Aver_Loss: 494.1256
[early-stopping] Epoch 117: no improvement (8/20)
Epoch 118/200, Batch 100, Aver_Loss: 489.1937
Epoch 118/200, Batch 200, Aver_Loss: 484.4739
Epoch 118/200, Batch 300, Aver_Loss: 489.2153
Epoch 118/200, Batch 400, Aver_Loss: 488.0722
[early-stopping] Epoch 118: no improvement (9/20)
Epoch 119/200, Batch 100, Aver_Loss: 483.2240
Epoch 119/200, Batch 200, Aver_Loss: 487.3089
Epoch 119/200, Batch 300, Aver_Loss: 489.9178
Epoch 119/200, Batch 400, Aver_Loss: 489.7384
[early-stopping] Epoch 119: no improvement (10/20)
Epoch 120/200, Batch 100, Aver_Loss: 488.5328
Epoch 120/200, Batch 200, Aver_Loss: 483.1735
Epoch 120/200, Batch 300, Aver_Loss: 488.5133
Epoch 120/200, Batch 400, Aver_Loss: 487.0296
[early-stopping] Epoch 120: no improvement (11/20)
Epoch 121/200, Batch 100, Aver_Loss: 479.4286
Epoch 121/200, Batch 200, Aver_Loss: 487.4283
Epoch 121/200, Batch 300, Aver_Loss: 484.5127
Epoch 121/200, Batch 400, Aver_Loss: 495.7503
[early-stopping] Epoch 121: no improvement (12/20)
Epoch 122/200, Batch 100, Aver_Loss: 492.3004
Epoch 122/200, Batch 200, Aver_Loss: 491.1908
Epoch 122/200, Batch 300, Aver_Loss: 489.6358
Epoch 122/200, Batch 400, Aver_Loss: 486.2439
[early-stopping] Epoch 122: no improvement (13/20)
Epoch 123/200, Batch 100, Aver_Loss: 480.6459
Epoch 123/200, Batch 200, Aver_Loss: 487.9325
Epoch 123/200, Batch 300, Aver_Loss: 496.1048
Epoch 123/200, Batch 400, Aver_Loss: 482.5781
[early-stopping] Epoch 123: no improvement (14/20)
Epoch 124/200, Batch 100, Aver_Loss: 492.3905
Epoch 124/200, Batch 200, Aver_Loss: 487.5905
Epoch 124/200, Batch 300, Aver_Loss: 489.6489
Epoch 124/200, Batch 400, Aver_Loss: 492.4030
[early-stopping] Epoch 124: no improvement (15/20)
Epoch 125/200, Batch 100, Aver_Loss: 483.9465
Epoch 125/200, Batch 200, Aver_Loss: 494.6265
Epoch 125/200, Batch 300, Aver_Loss: 494.4012
Epoch 125/200, Batch 400, Aver_Loss: 481.9835
[early-stopping] Epoch 125: no improvement (16/20)
Epoch 126/200, Batch 100, Aver_Loss: 487.2640
Epoch 126/200, Batch 200, Aver_Loss: 494.1327
Epoch 126/200, Batch 300, Aver_Loss: 490.2754
Epoch 126/200, Batch 400, Aver_Loss: 497.8108
[early-stopping] Epoch 126: no improvement (17/20)
Epoch 127/200, Batch 100, Aver_Loss: 486.1990
Epoch 127/200, Batch 200, Aver_Loss: 488.2991
Epoch 127/200, Batch 300, Aver_Loss: 491.6935
Epoch 127/200, Batch 400, Aver_Loss: 487.1514
[early-stopping] Epoch 127: no improvement (18/20)
Epoch 128/200, Batch 100, Aver_Loss: 494.8330
Epoch 128/200, Batch 200, Aver_Loss: 488.4634
Epoch 128/200, Batch 300, Aver_Loss: 489.5441
Epoch 128/200, Batch 400, Aver_Loss: 490.9218
[early-stopping] Epoch 128: no improvement (19/20)
Epoch 129/200, Batch 100, Aver_Loss: 491.0874
Epoch 129/200, Batch 200, Aver_Loss: 483.3299
Epoch 129/200, Batch 300, Aver_Loss: 493.7001
Epoch 129/200, Batch 400, Aver_Loss: 497.0649
[early-stopping] Epoch 129: no improvement (20/20)
[early-stopping] Patience reached. Stopping at epoch 129. Best epoch: 109, best val ELBO: -488.665627
[early-stopping] Loaded best model from epoch 109 (val ELBO = -488.665627)
[checkpoint] Saved best model to: trained_parameters/mnist_background_images_zdim4_VAE.pkl
[saved curves] ./results/MNIST_BG_IM/curves/mnist_background_images_vae_d4_s777.json

==== Evaluation Summary ====
                 model: vae
   recon/mse_per_pixel: 0.040092
            elbo/train: -487.947898
             elbo/test: -488.717316
             mse/train: 0.039825
              mse/test: 0.040092
             probe/acc: 0.265000
             probe/nll: 2.076556
           probe/brier: 0.821280
             probe/ece: 0.053006
           cluster/nmi: 0.085118
           cluster/ari: 0.049260
============================

