/usr/bin/which: no fi_info in (/arf/home/meyavuz/.local/bin:/arf/sw/comp/python/intelpython3/condabin:/arf/sw/comp/python/intelpython3/bin:/usr/share/Modules/bin:/usr/local/bin:/usr/bin:/usr/local/sbin:/usr/sbin)
Extension for Scikit-learn* enabled (https://github.com/uxlfoundation/scikit-learn-intelex)
/arf/home/meyavuz/.conda/envs/sbn/lib/python3.9/site-packages/sklearn/linear_model/_logistic.py:1247: FutureWarning: 'multi_class' was deprecated in version 1.5 and will be removed in 1.7. From then on, it will always use 'multinomial'. Leave it to its default value to avoid this warning.
  warnings.warn(
/arf/home/meyavuz/.conda/envs/sbn/lib/python3.9/site-packages/sklearn/linear_model/_sag.py:348: ConvergenceWarning: The max_iter was reached which means the coef_ did not converge
  warnings.warn(
Epoch 1/200, Batch 100, Aver_Loss: 218.6366
Epoch 1/200, Batch 200, Aver_Loss: 167.3330
Epoch 1/200, Batch 300, Aver_Loss: 158.0641
Epoch 1/200, Batch 400, Aver_Loss: 148.1339
[early-stopping] Epoch 1: new best val ELBO = -143.612064
Epoch 2/200, Batch 100, Aver_Loss: 136.3287
Epoch 2/200, Batch 200, Aver_Loss: 137.9146
Epoch 2/200, Batch 300, Aver_Loss: 133.4157
Epoch 2/200, Batch 400, Aver_Loss: 135.2858
[early-stopping] Epoch 2: new best val ELBO = -128.771482
Epoch 3/200, Batch 100, Aver_Loss: 134.5042
Epoch 3/200, Batch 200, Aver_Loss: 127.9267
Epoch 3/200, Batch 300, Aver_Loss: 126.2357
Epoch 3/200, Batch 400, Aver_Loss: 125.9817
[early-stopping] Epoch 3: new best val ELBO = -123.190569
Epoch 4/200, Batch 100, Aver_Loss: 121.9032
Epoch 4/200, Batch 200, Aver_Loss: 119.7306
Epoch 4/200, Batch 300, Aver_Loss: 116.5438
Epoch 4/200, Batch 400, Aver_Loss: 119.4849
[early-stopping] Epoch 4: new best val ELBO = -119.378530
Epoch 5/200, Batch 100, Aver_Loss: 117.0082
Epoch 5/200, Batch 200, Aver_Loss: 113.8692
Epoch 5/200, Batch 300, Aver_Loss: 438.9488
Epoch 5/200, Batch 400, Aver_Loss: 130.8585
[early-stopping] Epoch 5: no improvement (1/20)
Epoch 6/200, Batch 100, Aver_Loss: 118.7244
Epoch 6/200, Batch 200, Aver_Loss: 114.7534
Epoch 6/200, Batch 300, Aver_Loss: 120.6586
Epoch 6/200, Batch 400, Aver_Loss: 119.8528
[early-stopping] Epoch 6: new best val ELBO = -116.806538
Epoch 7/200, Batch 100, Aver_Loss: 116.8210
Epoch 7/200, Batch 200, Aver_Loss: 119.6821
Epoch 7/200, Batch 300, Aver_Loss: 119.2493
Epoch 7/200, Batch 400, Aver_Loss: 112.7295
[early-stopping] Epoch 7: new best val ELBO = -115.186122
Epoch 8/200, Batch 100, Aver_Loss: 117.9698
Epoch 8/200, Batch 200, Aver_Loss: 116.0838
Epoch 8/200, Batch 300, Aver_Loss: 115.7719
Epoch 8/200, Batch 400, Aver_Loss: 109.9009
[early-stopping] Epoch 8: new best val ELBO = -114.390713
Epoch 9/200, Batch 100, Aver_Loss: 117.6939
Epoch 9/200, Batch 200, Aver_Loss: 114.2715
Epoch 9/200, Batch 300, Aver_Loss: 116.6702
Epoch 9/200, Batch 400, Aver_Loss: 116.2761
[early-stopping] Epoch 9: new best val ELBO = -114.051520
Epoch 10/200, Batch 100, Aver_Loss: 115.1657
Epoch 10/200, Batch 200, Aver_Loss: 117.5432
Epoch 10/200, Batch 300, Aver_Loss: 115.4838
Epoch 10/200, Batch 400, Aver_Loss: 112.2653
[early-stopping] Epoch 10: new best val ELBO = -113.504526
Epoch 11/200, Batch 100, Aver_Loss: 111.4388
Epoch 11/200, Batch 200, Aver_Loss: 111.0564
Epoch 11/200, Batch 300, Aver_Loss: 112.7649
Epoch 11/200, Batch 400, Aver_Loss: 109.4354
[early-stopping] Epoch 11: new best val ELBO = -113.117882
Epoch 12/200, Batch 100, Aver_Loss: 109.9219
Epoch 12/200, Batch 200, Aver_Loss: 116.0402
Epoch 12/200, Batch 300, Aver_Loss: 116.6996
Epoch 12/200, Batch 400, Aver_Loss: 117.3514
[early-stopping] Epoch 12: no improvement (1/20)
Epoch 13/200, Batch 100, Aver_Loss: 111.7996
Epoch 13/200, Batch 200, Aver_Loss: 109.6044
Epoch 13/200, Batch 300, Aver_Loss: 108.4249
Epoch 13/200, Batch 400, Aver_Loss: 111.5369
[early-stopping] Epoch 13: new best val ELBO = -111.722328
Epoch 14/200, Batch 100, Aver_Loss: 114.6571
Epoch 14/200, Batch 200, Aver_Loss: 114.1251
Epoch 14/200, Batch 300, Aver_Loss: 112.1055
Epoch 14/200, Batch 400, Aver_Loss: 110.1981
[early-stopping] Epoch 14: no improvement (1/20)
Epoch 15/200, Batch 100, Aver_Loss: 116.2919
Epoch 15/200, Batch 200, Aver_Loss: 111.8976
Epoch 15/200, Batch 300, Aver_Loss: 107.4882
Epoch 15/200, Batch 400, Aver_Loss: 110.0809
[early-stopping] Epoch 15: new best val ELBO = -111.536152
Epoch 16/200, Batch 100, Aver_Loss: 114.8556
Epoch 16/200, Batch 200, Aver_Loss: 111.8421
Epoch 16/200, Batch 300, Aver_Loss: 112.9018
Epoch 16/200, Batch 400, Aver_Loss: 112.5740
[early-stopping] Epoch 16: no improvement (1/20)
Epoch 17/200, Batch 100, Aver_Loss: 114.5863
Epoch 17/200, Batch 200, Aver_Loss: 109.8661
Epoch 17/200, Batch 300, Aver_Loss: 115.6876
Epoch 17/200, Batch 400, Aver_Loss: 110.3151
[early-stopping] Epoch 17: new best val ELBO = -110.861410
Epoch 18/200, Batch 100, Aver_Loss: 113.5716
Epoch 18/200, Batch 200, Aver_Loss: 107.9137
Epoch 18/200, Batch 300, Aver_Loss: 114.9792
Epoch 18/200, Batch 400, Aver_Loss: 111.7552
[early-stopping] Epoch 18: new best val ELBO = -110.361770
Epoch 19/200, Batch 100, Aver_Loss: 110.0233
Epoch 19/200, Batch 200, Aver_Loss: 112.8584
Epoch 19/200, Batch 300, Aver_Loss: 107.4265
Epoch 19/200, Batch 400, Aver_Loss: 112.9081
[early-stopping] Epoch 19: new best val ELBO = -110.116096
Epoch 20/200, Batch 100, Aver_Loss: 106.0515
Epoch 20/200, Batch 200, Aver_Loss: 108.1982
Epoch 20/200, Batch 300, Aver_Loss: 110.8809
Epoch 20/200, Batch 400, Aver_Loss: 107.0835
[early-stopping] Epoch 20: new best val ELBO = -110.011368
Epoch 21/200, Batch 100, Aver_Loss: 104.3078
Epoch 21/200, Batch 200, Aver_Loss: 107.5832
Epoch 21/200, Batch 300, Aver_Loss: 108.2520
Epoch 21/200, Batch 400, Aver_Loss: 108.0856
[early-stopping] Epoch 21: new best val ELBO = -109.667026
Epoch 22/200, Batch 100, Aver_Loss: 111.8711
Epoch 22/200, Batch 200, Aver_Loss: 108.1538
Epoch 22/200, Batch 300, Aver_Loss: 106.9137
Epoch 22/200, Batch 400, Aver_Loss: 104.9107
[early-stopping] Epoch 22: new best val ELBO = -109.368018
Epoch 23/200, Batch 100, Aver_Loss: 107.1402
Epoch 23/200, Batch 200, Aver_Loss: 105.0067
Epoch 23/200, Batch 300, Aver_Loss: 102.7965
Epoch 23/200, Batch 400, Aver_Loss: 105.0638
[early-stopping] Epoch 23: new best val ELBO = -108.968175
Epoch 24/200, Batch 100, Aver_Loss: 106.9128
Epoch 24/200, Batch 200, Aver_Loss: 107.4343
Epoch 24/200, Batch 300, Aver_Loss: 109.9315
Epoch 24/200, Batch 400, Aver_Loss: 110.9562
[early-stopping] Epoch 24: new best val ELBO = -108.899569
Epoch 25/200, Batch 100, Aver_Loss: 111.5165
Epoch 25/200, Batch 200, Aver_Loss: 108.1239
Epoch 25/200, Batch 300, Aver_Loss: 108.1838
Epoch 25/200, Batch 400, Aver_Loss: 106.8366
[early-stopping] Epoch 25: no improvement (1/20)
Epoch 26/200, Batch 100, Aver_Loss: 107.3337
Epoch 26/200, Batch 200, Aver_Loss: 112.1853
Epoch 26/200, Batch 300, Aver_Loss: 106.3665
Epoch 26/200, Batch 400, Aver_Loss: 109.2074
[early-stopping] Epoch 26: new best val ELBO = -108.547281
Epoch 27/200, Batch 100, Aver_Loss: 110.9271
Epoch 27/200, Batch 200, Aver_Loss: 108.5582
Epoch 27/200, Batch 300, Aver_Loss: 109.2496
Epoch 27/200, Batch 400, Aver_Loss: 111.9189
[early-stopping] Epoch 27: new best val ELBO = -108.513951
Epoch 28/200, Batch 100, Aver_Loss: 107.4026
Epoch 28/200, Batch 200, Aver_Loss: 107.1249
Epoch 28/200, Batch 300, Aver_Loss: 105.7128
Epoch 28/200, Batch 400, Aver_Loss: 107.1771
[early-stopping] Epoch 28: new best val ELBO = -108.186048
Epoch 29/200, Batch 100, Aver_Loss: 106.9499
Epoch 29/200, Batch 200, Aver_Loss: 108.8268
Epoch 29/200, Batch 300, Aver_Loss: 105.9829
Epoch 29/200, Batch 400, Aver_Loss: 106.9603
[early-stopping] Epoch 29: new best val ELBO = -107.883971
Epoch 30/200, Batch 100, Aver_Loss: 107.7019
Epoch 30/200, Batch 200, Aver_Loss: 114.5117
Epoch 30/200, Batch 300, Aver_Loss: 115.2238
Epoch 30/200, Batch 400, Aver_Loss: 110.4430
[early-stopping] Epoch 30: new best val ELBO = -107.651177
Epoch 31/200, Batch 100, Aver_Loss: 107.2905
Epoch 31/200, Batch 200, Aver_Loss: 104.8213
Epoch 31/200, Batch 300, Aver_Loss: 112.6752
Epoch 31/200, Batch 400, Aver_Loss: 108.7957
[early-stopping] Epoch 31: no improvement (1/20)
Epoch 32/200, Batch 100, Aver_Loss: 108.6053
Epoch 32/200, Batch 200, Aver_Loss: 106.9088
Epoch 32/200, Batch 300, Aver_Loss: 105.2885
Epoch 32/200, Batch 400, Aver_Loss: 107.1993
[early-stopping] Epoch 32: new best val ELBO = -107.312072
Epoch 33/200, Batch 100, Aver_Loss: 105.0781
Epoch 33/200, Batch 200, Aver_Loss: 104.2829
Epoch 33/200, Batch 300, Aver_Loss: 106.8055
Epoch 33/200, Batch 400, Aver_Loss: 109.0711
[early-stopping] Epoch 33: new best val ELBO = -107.266003
Epoch 34/200, Batch 100, Aver_Loss: 105.6027
Epoch 34/200, Batch 200, Aver_Loss: 109.3188
Epoch 34/200, Batch 300, Aver_Loss: 109.1428
Epoch 34/200, Batch 400, Aver_Loss: 109.8567
[early-stopping] Epoch 34: new best val ELBO = -107.175671
Epoch 35/200, Batch 100, Aver_Loss: 109.7435
Epoch 35/200, Batch 200, Aver_Loss: 103.6630
Epoch 35/200, Batch 300, Aver_Loss: 108.9169
Epoch 35/200, Batch 400, Aver_Loss: 107.0570
[early-stopping] Epoch 35: new best val ELBO = -107.053176
Epoch 36/200, Batch 100, Aver_Loss: 102.6663
Epoch 36/200, Batch 200, Aver_Loss: 104.3854
Epoch 36/200, Batch 300, Aver_Loss: 107.9591
Epoch 36/200, Batch 400, Aver_Loss: 108.4103
[early-stopping] Epoch 36: no improvement (1/20)
Epoch 37/200, Batch 100, Aver_Loss: 112.0732
Epoch 37/200, Batch 200, Aver_Loss: 105.7082
Epoch 37/200, Batch 300, Aver_Loss: 108.4292
Epoch 37/200, Batch 400, Aver_Loss: 106.5997
[early-stopping] Epoch 37: no improvement (2/20)
Epoch 38/200, Batch 100, Aver_Loss: 109.7254
Epoch 38/200, Batch 200, Aver_Loss: 109.0773
Epoch 38/200, Batch 300, Aver_Loss: 109.0168
Epoch 38/200, Batch 400, Aver_Loss: 104.4175
[early-stopping] Epoch 38: new best val ELBO = -106.913238
Epoch 39/200, Batch 100, Aver_Loss: 103.1223
Epoch 39/200, Batch 200, Aver_Loss: 108.7535
Epoch 39/200, Batch 300, Aver_Loss: 103.5948
Epoch 39/200, Batch 400, Aver_Loss: 105.2800
[early-stopping] Epoch 39: new best val ELBO = -106.628306
Epoch 40/200, Batch 100, Aver_Loss: 101.0624
Epoch 40/200, Batch 200, Aver_Loss: 109.4617
Epoch 40/200, Batch 300, Aver_Loss: 108.8199
Epoch 40/200, Batch 400, Aver_Loss: 105.0943
[early-stopping] Epoch 40: no improvement (1/20)
Epoch 41/200, Batch 100, Aver_Loss: 105.8116
Epoch 41/200, Batch 200, Aver_Loss: 104.4549
Epoch 41/200, Batch 300, Aver_Loss: 110.3028
Epoch 41/200, Batch 400, Aver_Loss: 107.0418
[early-stopping] Epoch 41: no improvement (2/20)
Epoch 42/200, Batch 100, Aver_Loss: 106.6146
Epoch 42/200, Batch 200, Aver_Loss: 105.2196
Epoch 42/200, Batch 300, Aver_Loss: 105.4417
Epoch 42/200, Batch 400, Aver_Loss: 105.6026
[early-stopping] Epoch 42: new best val ELBO = -106.416800
Epoch 43/200, Batch 100, Aver_Loss: 107.4854
Epoch 43/200, Batch 200, Aver_Loss: 108.0378
Epoch 43/200, Batch 300, Aver_Loss: 107.4940
Epoch 43/200, Batch 400, Aver_Loss: 105.6109
[early-stopping] Epoch 43: no improvement (1/20)
Epoch 44/200, Batch 100, Aver_Loss: 102.6936
Epoch 44/200, Batch 200, Aver_Loss: 102.8515
Epoch 44/200, Batch 300, Aver_Loss: 110.3323
Epoch 44/200, Batch 400, Aver_Loss: 102.2176
[early-stopping] Epoch 44: no improvement (2/20)
Epoch 45/200, Batch 100, Aver_Loss: 106.4251
Epoch 45/200, Batch 200, Aver_Loss: 111.3610
Epoch 45/200, Batch 300, Aver_Loss: 106.5301
Epoch 45/200, Batch 400, Aver_Loss: 111.6799
[early-stopping] Epoch 45: new best val ELBO = -106.261296
Epoch 46/200, Batch 100, Aver_Loss: 108.0323
Epoch 46/200, Batch 200, Aver_Loss: 108.5489
Epoch 46/200, Batch 300, Aver_Loss: 103.9275
Epoch 46/200, Batch 400, Aver_Loss: 108.3597
[early-stopping] Epoch 46: no improvement (1/20)
Epoch 47/200, Batch 100, Aver_Loss: 105.8527
Epoch 47/200, Batch 200, Aver_Loss: 101.0000
Epoch 47/200, Batch 300, Aver_Loss: 101.3044
Epoch 47/200, Batch 400, Aver_Loss: 101.7330
[early-stopping] Epoch 47: new best val ELBO = -106.087645
Epoch 48/200, Batch 100, Aver_Loss: 104.6631
Epoch 48/200, Batch 200, Aver_Loss: 104.7142
Epoch 48/200, Batch 300, Aver_Loss: 108.4409
Epoch 48/200, Batch 400, Aver_Loss: 105.1590
[early-stopping] Epoch 48: new best val ELBO = -105.761704
Epoch 49/200, Batch 100, Aver_Loss: 106.9477
Epoch 49/200, Batch 200, Aver_Loss: 108.6326
Epoch 49/200, Batch 300, Aver_Loss: 107.3451
Epoch 49/200, Batch 400, Aver_Loss: 110.3310
[early-stopping] Epoch 49: no improvement (1/20)
Epoch 50/200, Batch 100, Aver_Loss: 101.4447
Epoch 50/200, Batch 200, Aver_Loss: 107.7564
Epoch 50/200, Batch 300, Aver_Loss: 103.4663
Epoch 50/200, Batch 400, Aver_Loss: 101.9678
[early-stopping] Epoch 50: no improvement (2/20)
Epoch 51/200, Batch 100, Aver_Loss: 107.5519
Epoch 51/200, Batch 200, Aver_Loss: 103.5036
Epoch 51/200, Batch 300, Aver_Loss: 109.3817
Epoch 51/200, Batch 400, Aver_Loss: 104.3303
[early-stopping] Epoch 51: no improvement (3/20)
Epoch 52/200, Batch 100, Aver_Loss: 104.6074
Epoch 52/200, Batch 200, Aver_Loss: 104.2201
Epoch 52/200, Batch 300, Aver_Loss: 104.0609
Epoch 52/200, Batch 400, Aver_Loss: 106.3421
[early-stopping] Epoch 52: no improvement (4/20)
Epoch 53/200, Batch 100, Aver_Loss: 107.5187
Epoch 53/200, Batch 200, Aver_Loss: 100.9849
Epoch 53/200, Batch 300, Aver_Loss: 104.7597
Epoch 53/200, Batch 400, Aver_Loss: 103.9315
[early-stopping] Epoch 53: new best val ELBO = -105.565595
Epoch 54/200, Batch 100, Aver_Loss: 102.1696
Epoch 54/200, Batch 200, Aver_Loss: 104.1218
Epoch 54/200, Batch 300, Aver_Loss: 104.8197
Epoch 54/200, Batch 400, Aver_Loss: 107.9244
[early-stopping] Epoch 54: no improvement (1/20)
Epoch 55/200, Batch 100, Aver_Loss: 107.7069
Epoch 55/200, Batch 200, Aver_Loss: 102.5554
Epoch 55/200, Batch 300, Aver_Loss: 102.2656
Epoch 55/200, Batch 400, Aver_Loss: 107.3609
[early-stopping] Epoch 55: no improvement (2/20)
Epoch 56/200, Batch 100, Aver_Loss: 107.1678
Epoch 56/200, Batch 200, Aver_Loss: 106.4375
Epoch 56/200, Batch 300, Aver_Loss: 104.4024
Epoch 56/200, Batch 400, Aver_Loss: 109.3086
[early-stopping] Epoch 56: no improvement (3/20)
Epoch 57/200, Batch 100, Aver_Loss: 106.1057
Epoch 57/200, Batch 200, Aver_Loss: 101.3854
Epoch 57/200, Batch 300, Aver_Loss: 104.8008
Epoch 57/200, Batch 400, Aver_Loss: 111.8338
[early-stopping] Epoch 57: new best val ELBO = -105.450704
Epoch 58/200, Batch 100, Aver_Loss: 104.5886
Epoch 58/200, Batch 200, Aver_Loss: 104.2679
Epoch 58/200, Batch 300, Aver_Loss: 104.5661
Epoch 58/200, Batch 400, Aver_Loss: 106.2266
[early-stopping] Epoch 58: no improvement (1/20)
Epoch 59/200, Batch 100, Aver_Loss: 107.2941
Epoch 59/200, Batch 200, Aver_Loss: 101.6960
Epoch 59/200, Batch 300, Aver_Loss: 105.0153
Epoch 59/200, Batch 400, Aver_Loss: 105.7037
[early-stopping] Epoch 59: no improvement (2/20)
Epoch 60/200, Batch 100, Aver_Loss: 106.9656
Epoch 60/200, Batch 200, Aver_Loss: 103.7778
Epoch 60/200, Batch 300, Aver_Loss: 100.2951
Epoch 60/200, Batch 400, Aver_Loss: 111.1763
[early-stopping] Epoch 60: no improvement (3/20)
Epoch 61/200, Batch 100, Aver_Loss: 101.6582
Epoch 61/200, Batch 200, Aver_Loss: 98.2709
Epoch 61/200, Batch 300, Aver_Loss: 105.3545
Epoch 61/200, Batch 400, Aver_Loss: 102.9703
[early-stopping] Epoch 61: new best val ELBO = -105.377084
Epoch 62/200, Batch 100, Aver_Loss: 106.9362
Epoch 62/200, Batch 200, Aver_Loss: 107.9624
Epoch 62/200, Batch 300, Aver_Loss: 108.1732
Epoch 62/200, Batch 400, Aver_Loss: 103.9883
[early-stopping] Epoch 62: no improvement (1/20)
Epoch 63/200, Batch 100, Aver_Loss: 104.3446
Epoch 63/200, Batch 200, Aver_Loss: 102.5295
Epoch 63/200, Batch 300, Aver_Loss: 101.5158
Epoch 63/200, Batch 400, Aver_Loss: 106.8667
[early-stopping] Epoch 63: no improvement (2/20)
Epoch 64/200, Batch 100, Aver_Loss: 106.8571
Epoch 64/200, Batch 200, Aver_Loss: 105.6416
Epoch 64/200, Batch 300, Aver_Loss: 107.8935
Epoch 64/200, Batch 400, Aver_Loss: 99.0084
[early-stopping] Epoch 64: new best val ELBO = -105.284569
Epoch 65/200, Batch 100, Aver_Loss: 106.4413
Epoch 65/200, Batch 200, Aver_Loss: 106.7141
Epoch 65/200, Batch 300, Aver_Loss: 108.0502
Epoch 65/200, Batch 400, Aver_Loss: 105.7977
[early-stopping] Epoch 65: no improvement (1/20)
Epoch 66/200, Batch 100, Aver_Loss: 108.4411
Epoch 66/200, Batch 200, Aver_Loss: 103.0333
Epoch 66/200, Batch 300, Aver_Loss: 103.8334
Epoch 66/200, Batch 400, Aver_Loss: 103.9910
[early-stopping] Epoch 66: no improvement (2/20)
Epoch 67/200, Batch 100, Aver_Loss: 107.2436
Epoch 67/200, Batch 200, Aver_Loss: 109.3957
Epoch 67/200, Batch 300, Aver_Loss: 106.4748
Epoch 67/200, Batch 400, Aver_Loss: 105.6767
[early-stopping] Epoch 67: no improvement (3/20)
Epoch 68/200, Batch 100, Aver_Loss: 100.8447
Epoch 68/200, Batch 200, Aver_Loss: 103.7563
Epoch 68/200, Batch 300, Aver_Loss: 105.5813
Epoch 68/200, Batch 400, Aver_Loss: 104.3588
[early-stopping] Epoch 68: no improvement (4/20)
Epoch 69/200, Batch 100, Aver_Loss: 103.6769
Epoch 69/200, Batch 200, Aver_Loss: 104.2800
Epoch 69/200, Batch 300, Aver_Loss: 101.1032
Epoch 69/200, Batch 400, Aver_Loss: 103.9120
[early-stopping] Epoch 69: new best val ELBO = -104.943610
Epoch 70/200, Batch 100, Aver_Loss: 103.7647
Epoch 70/200, Batch 200, Aver_Loss: 99.3167
Epoch 70/200, Batch 300, Aver_Loss: 100.6089
Epoch 70/200, Batch 400, Aver_Loss: 106.7527
[early-stopping] Epoch 70: no improvement (1/20)
Epoch 71/200, Batch 100, Aver_Loss: 104.8885
Epoch 71/200, Batch 200, Aver_Loss: 111.0767
Epoch 71/200, Batch 300, Aver_Loss: 102.5719
Epoch 71/200, Batch 400, Aver_Loss: 108.6540
[early-stopping] Epoch 71: no improvement (2/20)
Epoch 72/200, Batch 100, Aver_Loss: 103.0059
Epoch 72/200, Batch 200, Aver_Loss: 106.6916
Epoch 72/200, Batch 300, Aver_Loss: 107.2174
Epoch 72/200, Batch 400, Aver_Loss: 101.7077
[early-stopping] Epoch 72: no improvement (3/20)
Epoch 73/200, Batch 100, Aver_Loss: 100.7513
Epoch 73/200, Batch 200, Aver_Loss: 104.2369
Epoch 73/200, Batch 300, Aver_Loss: 101.5884
Epoch 73/200, Batch 400, Aver_Loss: 102.3832
[early-stopping] Epoch 73: no improvement (4/20)
Epoch 74/200, Batch 100, Aver_Loss: 107.9295
Epoch 74/200, Batch 200, Aver_Loss: 105.1774
Epoch 74/200, Batch 300, Aver_Loss: 111.2036
Epoch 74/200, Batch 400, Aver_Loss: 103.7224
[early-stopping] Epoch 74: no improvement (5/20)
Epoch 75/200, Batch 100, Aver_Loss: 104.0705
Epoch 75/200, Batch 200, Aver_Loss: 104.4122
Epoch 75/200, Batch 300, Aver_Loss: 105.9081
Epoch 75/200, Batch 400, Aver_Loss: 100.6563
[early-stopping] Epoch 75: new best val ELBO = -104.814313
Epoch 76/200, Batch 100, Aver_Loss: 105.5772
Epoch 76/200, Batch 200, Aver_Loss: 102.6564
Epoch 76/200, Batch 300, Aver_Loss: 103.4556
Epoch 76/200, Batch 400, Aver_Loss: 105.6679
[early-stopping] Epoch 76: no improvement (1/20)
Epoch 77/200, Batch 100, Aver_Loss: 104.2668
Epoch 77/200, Batch 200, Aver_Loss: 103.9672
Epoch 77/200, Batch 300, Aver_Loss: 104.5574
Epoch 77/200, Batch 400, Aver_Loss: 101.9298
[early-stopping] Epoch 77: no improvement (2/20)
Epoch 78/200, Batch 100, Aver_Loss: 102.9720
Epoch 78/200, Batch 200, Aver_Loss: 108.0242
Epoch 78/200, Batch 300, Aver_Loss: 103.0778
Epoch 78/200, Batch 400, Aver_Loss: 105.9750
[early-stopping] Epoch 78: no improvement (3/20)
Epoch 79/200, Batch 100, Aver_Loss: 102.4307
Epoch 79/200, Batch 200, Aver_Loss: 99.6540
Epoch 79/200, Batch 300, Aver_Loss: 104.7796
Epoch 79/200, Batch 400, Aver_Loss: 104.2630
[early-stopping] Epoch 79: new best val ELBO = -104.617003
Epoch 80/200, Batch 100, Aver_Loss: 99.0740
Epoch 80/200, Batch 200, Aver_Loss: 104.6935
Epoch 80/200, Batch 300, Aver_Loss: 103.1130
Epoch 80/200, Batch 400, Aver_Loss: 103.8688
[early-stopping] Epoch 80: no improvement (1/20)
Epoch 81/200, Batch 100, Aver_Loss: 106.2896
Epoch 81/200, Batch 200, Aver_Loss: 103.1362
Epoch 81/200, Batch 300, Aver_Loss: 104.1601
Epoch 81/200, Batch 400, Aver_Loss: 108.2169
[early-stopping] Epoch 81: no improvement (2/20)
Epoch 82/200, Batch 100, Aver_Loss: 102.3043
Epoch 82/200, Batch 200, Aver_Loss: 104.7841
Epoch 82/200, Batch 300, Aver_Loss: 103.0121
Epoch 82/200, Batch 400, Aver_Loss: 97.7230
[early-stopping] Epoch 82: no improvement (3/20)
Epoch 83/200, Batch 100, Aver_Loss: 105.2940
Epoch 83/200, Batch 200, Aver_Loss: 105.8241
Epoch 83/200, Batch 300, Aver_Loss: 105.3074
Epoch 83/200, Batch 400, Aver_Loss: 109.8959
[early-stopping] Epoch 83: no improvement (4/20)
Epoch 84/200, Batch 100, Aver_Loss: 100.3974
Epoch 84/200, Batch 200, Aver_Loss: 101.6739
Epoch 84/200, Batch 300, Aver_Loss: 101.3507
Epoch 84/200, Batch 400, Aver_Loss: 104.2145
[early-stopping] Epoch 84: no improvement (5/20)
Epoch 85/200, Batch 100, Aver_Loss: 102.9864
Epoch 85/200, Batch 200, Aver_Loss: 105.1841
Epoch 85/200, Batch 300, Aver_Loss: 97.2888
Epoch 85/200, Batch 400, Aver_Loss: 105.6908
[early-stopping] Epoch 85: no improvement (6/20)
Epoch 86/200, Batch 100, Aver_Loss: 102.7744
Epoch 86/200, Batch 200, Aver_Loss: 104.6937
Epoch 86/200, Batch 300, Aver_Loss: 106.5915
Epoch 86/200, Batch 400, Aver_Loss: 104.8226
[early-stopping] Epoch 86: no improvement (7/20)
Epoch 87/200, Batch 100, Aver_Loss: 106.2128
Epoch 87/200, Batch 200, Aver_Loss: 103.4441
Epoch 87/200, Batch 300, Aver_Loss: 104.7210
Epoch 87/200, Batch 400, Aver_Loss: 104.8113
[early-stopping] Epoch 87: no improvement (8/20)
Epoch 88/200, Batch 100, Aver_Loss: 101.0248
Epoch 88/200, Batch 200, Aver_Loss: 104.3470
Epoch 88/200, Batch 300, Aver_Loss: 103.3783
Epoch 88/200, Batch 400, Aver_Loss: 101.7457
[early-stopping] Epoch 88: new best val ELBO = -104.442693
Epoch 89/200, Batch 100, Aver_Loss: 103.0738
Epoch 89/200, Batch 200, Aver_Loss: 99.9490
Epoch 89/200, Batch 300, Aver_Loss: 106.4888
Epoch 89/200, Batch 400, Aver_Loss: 98.5316
[early-stopping] Epoch 89: no improvement (1/20)
Epoch 90/200, Batch 100, Aver_Loss: 101.6402
Epoch 90/200, Batch 200, Aver_Loss: 103.1576
Epoch 90/200, Batch 300, Aver_Loss: 102.9296
Epoch 90/200, Batch 400, Aver_Loss: 102.4510
[early-stopping] Epoch 90: no improvement (2/20)
Epoch 91/200, Batch 100, Aver_Loss: 102.1439
Epoch 91/200, Batch 200, Aver_Loss: 102.6865
Epoch 91/200, Batch 300, Aver_Loss: 108.6571
Epoch 91/200, Batch 400, Aver_Loss: 105.0727
[early-stopping] Epoch 91: no improvement (3/20)
Epoch 92/200, Batch 100, Aver_Loss: 101.7738
Epoch 92/200, Batch 200, Aver_Loss: 107.9420
Epoch 92/200, Batch 300, Aver_Loss: 101.3387
Epoch 92/200, Batch 400, Aver_Loss: 96.4931
[early-stopping] Epoch 92: no improvement (4/20)
Epoch 93/200, Batch 100, Aver_Loss: 105.0955
Epoch 93/200, Batch 200, Aver_Loss: 101.0221
Epoch 93/200, Batch 300, Aver_Loss: 101.4324
Epoch 93/200, Batch 400, Aver_Loss: 106.6876
[early-stopping] Epoch 93: no improvement (5/20)
Epoch 94/200, Batch 100, Aver_Loss: 100.1677
Epoch 94/200, Batch 200, Aver_Loss: 105.0991
Epoch 94/200, Batch 300, Aver_Loss: 103.2161
Epoch 94/200, Batch 400, Aver_Loss: 105.5757
[early-stopping] Epoch 94: new best val ELBO = -104.402085
Epoch 95/200, Batch 100, Aver_Loss: 100.3600
Epoch 95/200, Batch 200, Aver_Loss: 104.9453
Epoch 95/200, Batch 300, Aver_Loss: 102.7513
Epoch 95/200, Batch 400, Aver_Loss: 100.1809
[early-stopping] Epoch 95: new best val ELBO = -104.355381
Epoch 96/200, Batch 100, Aver_Loss: 102.4456
Epoch 96/200, Batch 200, Aver_Loss: 108.6753
Epoch 96/200, Batch 300, Aver_Loss: 106.4481
Epoch 96/200, Batch 400, Aver_Loss: 103.4673
[early-stopping] Epoch 96: new best val ELBO = -104.178649
Epoch 97/200, Batch 100, Aver_Loss: 104.3506
Epoch 97/200, Batch 200, Aver_Loss: 102.9010
Epoch 97/200, Batch 300, Aver_Loss: 105.6375
Epoch 97/200, Batch 400, Aver_Loss: 101.4518
[early-stopping] Epoch 97: no improvement (1/20)
Epoch 98/200, Batch 100, Aver_Loss: 103.6659
Epoch 98/200, Batch 200, Aver_Loss: 105.0977
Epoch 98/200, Batch 300, Aver_Loss: 99.5041
Epoch 98/200, Batch 400, Aver_Loss: 99.9432
[early-stopping] Epoch 98: no improvement (2/20)
Epoch 99/200, Batch 100, Aver_Loss: 107.0412
Epoch 99/200, Batch 200, Aver_Loss: 100.7143
Epoch 99/200, Batch 300, Aver_Loss: 103.7571
Epoch 99/200, Batch 400, Aver_Loss: 101.5350
[early-stopping] Epoch 99: no improvement (3/20)
Epoch 100/200, Batch 100, Aver_Loss: 110.3353
Epoch 100/200, Batch 200, Aver_Loss: 105.5305
Epoch 100/200, Batch 300, Aver_Loss: 106.6468
Epoch 100/200, Batch 400, Aver_Loss: 106.6168
[early-stopping] Epoch 100: no improvement (4/20)
Epoch 101/200, Batch 100, Aver_Loss: 102.9921
Epoch 101/200, Batch 200, Aver_Loss: 100.7059
Epoch 101/200, Batch 300, Aver_Loss: 107.6284
Epoch 101/200, Batch 400, Aver_Loss: 104.5913
[early-stopping] Epoch 101: new best val ELBO = -104.142731
Epoch 102/200, Batch 100, Aver_Loss: 98.9663
Epoch 102/200, Batch 200, Aver_Loss: 104.7287
Epoch 102/200, Batch 300, Aver_Loss: 100.4947
Epoch 102/200, Batch 400, Aver_Loss: 104.0004
[early-stopping] Epoch 102: no improvement (1/20)
Epoch 103/200, Batch 100, Aver_Loss: 105.3800
Epoch 103/200, Batch 200, Aver_Loss: 104.8344
Epoch 103/200, Batch 300, Aver_Loss: 102.3027
Epoch 103/200, Batch 400, Aver_Loss: 102.6110
[early-stopping] Epoch 103: no improvement (2/20)
Epoch 104/200, Batch 100, Aver_Loss: 102.0510
Epoch 104/200, Batch 200, Aver_Loss: 103.2572
Epoch 104/200, Batch 300, Aver_Loss: 101.9633
Epoch 104/200, Batch 400, Aver_Loss: 103.7351
[early-stopping] Epoch 104: no improvement (3/20)
Epoch 105/200, Batch 100, Aver_Loss: 104.5140
Epoch 105/200, Batch 200, Aver_Loss: 100.9268
Epoch 105/200, Batch 300, Aver_Loss: 107.6595
Epoch 105/200, Batch 400, Aver_Loss: 104.0201
[early-stopping] Epoch 105: no improvement (4/20)
Epoch 106/200, Batch 100, Aver_Loss: 106.6608
Epoch 106/200, Batch 200, Aver_Loss: 108.2892
Epoch 106/200, Batch 300, Aver_Loss: 107.5393
Epoch 106/200, Batch 400, Aver_Loss: 103.5814
[early-stopping] Epoch 106: no improvement (5/20)
Epoch 107/200, Batch 100, Aver_Loss: 103.6364
Epoch 107/200, Batch 200, Aver_Loss: 103.6341
Epoch 107/200, Batch 300, Aver_Loss: 103.7979
Epoch 107/200, Batch 400, Aver_Loss: 99.4253
[early-stopping] Epoch 107: new best val ELBO = -104.024815
Epoch 108/200, Batch 100, Aver_Loss: 108.6617
Epoch 108/200, Batch 200, Aver_Loss: 103.8795
Epoch 108/200, Batch 300, Aver_Loss: 98.6171
Epoch 108/200, Batch 400, Aver_Loss: 104.3976
[early-stopping] Epoch 108: no improvement (1/20)
Epoch 109/200, Batch 100, Aver_Loss: 103.6198
Epoch 109/200, Batch 200, Aver_Loss: 106.7271
Epoch 109/200, Batch 300, Aver_Loss: 107.5422
Epoch 109/200, Batch 400, Aver_Loss: 106.2916
[early-stopping] Epoch 109: no improvement (2/20)
Epoch 110/200, Batch 100, Aver_Loss: 101.0860
Epoch 110/200, Batch 200, Aver_Loss: 103.6587
Epoch 110/200, Batch 300, Aver_Loss: 106.9076
Epoch 110/200, Batch 400, Aver_Loss: 104.0091
[early-stopping] Epoch 110: no improvement (3/20)
Epoch 111/200, Batch 100, Aver_Loss: 101.0967
Epoch 111/200, Batch 200, Aver_Loss: 102.4818
Epoch 111/200, Batch 300, Aver_Loss: 105.0116
Epoch 111/200, Batch 400, Aver_Loss: 102.8483
[early-stopping] Epoch 111: no improvement (4/20)
Epoch 112/200, Batch 100, Aver_Loss: 104.4126
Epoch 112/200, Batch 200, Aver_Loss: 103.6728
Epoch 112/200, Batch 300, Aver_Loss: 101.6821
Epoch 112/200, Batch 400, Aver_Loss: 102.5855
[early-stopping] Epoch 112: no improvement (5/20)
Epoch 113/200, Batch 100, Aver_Loss: 109.2290
Epoch 113/200, Batch 200, Aver_Loss: 105.3642
Epoch 113/200, Batch 300, Aver_Loss: 101.2148
Epoch 113/200, Batch 400, Aver_Loss: 106.5023
[early-stopping] Epoch 113: no improvement (6/20)
Epoch 114/200, Batch 100, Aver_Loss: 104.9547
Epoch 114/200, Batch 200, Aver_Loss: 100.2555
Epoch 114/200, Batch 300, Aver_Loss: 102.8495
Epoch 114/200, Batch 400, Aver_Loss: 100.4651
[early-stopping] Epoch 114: new best val ELBO = -103.946034
Epoch 115/200, Batch 100, Aver_Loss: 100.8160
Epoch 115/200, Batch 200, Aver_Loss: 103.3103
Epoch 115/200, Batch 300, Aver_Loss: 103.4268
Epoch 115/200, Batch 400, Aver_Loss: 104.7369
[early-stopping] Epoch 115: new best val ELBO = -103.874794
Epoch 116/200, Batch 100, Aver_Loss: 104.6161
Epoch 116/200, Batch 200, Aver_Loss: 105.5825
Epoch 116/200, Batch 300, Aver_Loss: 102.5779
Epoch 116/200, Batch 400, Aver_Loss: 100.1738
[early-stopping] Epoch 116: new best val ELBO = -103.774480
Epoch 117/200, Batch 100, Aver_Loss: 109.3555
Epoch 117/200, Batch 200, Aver_Loss: 97.6141
Epoch 117/200, Batch 300, Aver_Loss: 103.6736
Epoch 117/200, Batch 400, Aver_Loss: 102.5260
[early-stopping] Epoch 117: no improvement (1/20)
Epoch 118/200, Batch 100, Aver_Loss: 102.6216
Epoch 118/200, Batch 200, Aver_Loss: 102.3106
Epoch 118/200, Batch 300, Aver_Loss: 102.7339
Epoch 118/200, Batch 400, Aver_Loss: 98.4988
[early-stopping] Epoch 118: no improvement (2/20)
Epoch 119/200, Batch 100, Aver_Loss: 101.8229
Epoch 119/200, Batch 200, Aver_Loss: 102.7128
Epoch 119/200, Batch 300, Aver_Loss: 104.5946
Epoch 119/200, Batch 400, Aver_Loss: 100.3029
[early-stopping] Epoch 119: no improvement (3/20)
Epoch 120/200, Batch 100, Aver_Loss: 102.8776
Epoch 120/200, Batch 200, Aver_Loss: 101.3928
Epoch 120/200, Batch 300, Aver_Loss: 103.1615
Epoch 120/200, Batch 400, Aver_Loss: 101.2566
[early-stopping] Epoch 120: no improvement (4/20)
Epoch 121/200, Batch 100, Aver_Loss: 104.6865
Epoch 121/200, Batch 200, Aver_Loss: 101.7197
Epoch 121/200, Batch 300, Aver_Loss: 106.5241
Epoch 121/200, Batch 400, Aver_Loss: 107.6661
[early-stopping] Epoch 121: no improvement (5/20)
Epoch 122/200, Batch 100, Aver_Loss: 104.3086
Epoch 122/200, Batch 200, Aver_Loss: 107.8855
Epoch 122/200, Batch 300, Aver_Loss: 106.4150
Epoch 122/200, Batch 400, Aver_Loss: 103.9910
[early-stopping] Epoch 122: new best val ELBO = -103.765475
Epoch 123/200, Batch 100, Aver_Loss: 102.9715
Epoch 123/200, Batch 200, Aver_Loss: 105.6641
Epoch 123/200, Batch 300, Aver_Loss: 105.5199
Epoch 123/200, Batch 400, Aver_Loss: 102.9525
[early-stopping] Epoch 123: no improvement (1/20)
Epoch 124/200, Batch 100, Aver_Loss: 107.3269
Epoch 124/200, Batch 200, Aver_Loss: 100.2139
Epoch 124/200, Batch 300, Aver_Loss: 106.9627
Epoch 124/200, Batch 400, Aver_Loss: 102.8302
[early-stopping] Epoch 124: no improvement (2/20)
Epoch 125/200, Batch 100, Aver_Loss: 100.0785
Epoch 125/200, Batch 200, Aver_Loss: 103.4120
Epoch 125/200, Batch 300, Aver_Loss: 105.0096
Epoch 125/200, Batch 400, Aver_Loss: 104.8149
[early-stopping] Epoch 125: no improvement (3/20)
Epoch 126/200, Batch 100, Aver_Loss: 104.4663
Epoch 126/200, Batch 200, Aver_Loss: 100.2097
Epoch 126/200, Batch 300, Aver_Loss: 104.1238
Epoch 126/200, Batch 400, Aver_Loss: 107.2970
[early-stopping] Epoch 126: no improvement (4/20)
Epoch 127/200, Batch 100, Aver_Loss: 103.9014
Epoch 127/200, Batch 200, Aver_Loss: 104.3568
Epoch 127/200, Batch 300, Aver_Loss: 104.3682
Epoch 127/200, Batch 400, Aver_Loss: 105.0200
[early-stopping] Epoch 127: no improvement (5/20)
Epoch 128/200, Batch 100, Aver_Loss: 102.2034
Epoch 128/200, Batch 200, Aver_Loss: 95.9533
Epoch 128/200, Batch 300, Aver_Loss: 102.0184
Epoch 128/200, Batch 400, Aver_Loss: 106.8330
[early-stopping] Epoch 128: new best val ELBO = -103.722103
Epoch 129/200, Batch 100, Aver_Loss: 102.6292
Epoch 129/200, Batch 200, Aver_Loss: 101.7411
Epoch 129/200, Batch 300, Aver_Loss: 99.3759
Epoch 129/200, Batch 400, Aver_Loss: 99.9781
[early-stopping] Epoch 129: no improvement (1/20)
Epoch 130/200, Batch 100, Aver_Loss: 99.9230
Epoch 130/200, Batch 200, Aver_Loss: 102.8059
Epoch 130/200, Batch 300, Aver_Loss: 103.7705
Epoch 130/200, Batch 400, Aver_Loss: 110.8712
[early-stopping] Epoch 130: new best val ELBO = -103.593949
Epoch 131/200, Batch 100, Aver_Loss: 101.0923
Epoch 131/200, Batch 200, Aver_Loss: 103.9002
Epoch 131/200, Batch 300, Aver_Loss: 103.1764
Epoch 131/200, Batch 400, Aver_Loss: 102.6901
[early-stopping] Epoch 131: new best val ELBO = -103.581319
Epoch 132/200, Batch 100, Aver_Loss: 99.8204
Epoch 132/200, Batch 200, Aver_Loss: 97.6280
Epoch 132/200, Batch 300, Aver_Loss: 104.6983
Epoch 132/200, Batch 400, Aver_Loss: 105.8948
[early-stopping] Epoch 132: no improvement (1/20)
Epoch 133/200, Batch 100, Aver_Loss: 101.0762
Epoch 133/200, Batch 200, Aver_Loss: 104.0890
Epoch 133/200, Batch 300, Aver_Loss: 103.8898
Epoch 133/200, Batch 400, Aver_Loss: 103.9054
[early-stopping] Epoch 133: no improvement (2/20)
Epoch 134/200, Batch 100, Aver_Loss: 105.7804
Epoch 134/200, Batch 200, Aver_Loss: 106.6640
Epoch 134/200, Batch 300, Aver_Loss: 99.5432
Epoch 134/200, Batch 400, Aver_Loss: 103.7581
[early-stopping] Epoch 134: no improvement (3/20)
Epoch 135/200, Batch 100, Aver_Loss: 106.1298
Epoch 135/200, Batch 200, Aver_Loss: 101.6950
Epoch 135/200, Batch 300, Aver_Loss: 104.3465
Epoch 135/200, Batch 400, Aver_Loss: 104.1496
[early-stopping] Epoch 135: no improvement (4/20)
Epoch 136/200, Batch 100, Aver_Loss: 105.0332
Epoch 136/200, Batch 200, Aver_Loss: 102.2653
Epoch 136/200, Batch 300, Aver_Loss: 106.1182
Epoch 136/200, Batch 400, Aver_Loss: 98.4804
[early-stopping] Epoch 136: new best val ELBO = -103.485815
Epoch 137/200, Batch 100, Aver_Loss: 101.9865
Epoch 137/200, Batch 200, Aver_Loss: 104.1245
Epoch 137/200, Batch 300, Aver_Loss: 96.1343
Epoch 137/200, Batch 400, Aver_Loss: 98.8090
[early-stopping] Epoch 137: no improvement (1/20)
Epoch 138/200, Batch 100, Aver_Loss: 103.8975
Epoch 138/200, Batch 200, Aver_Loss: 106.0916
Epoch 138/200, Batch 300, Aver_Loss: 104.1104
Epoch 138/200, Batch 400, Aver_Loss: 108.2629
[early-stopping] Epoch 138: no improvement (2/20)
Epoch 139/200, Batch 100, Aver_Loss: 101.3027
Epoch 139/200, Batch 200, Aver_Loss: 101.5787
Epoch 139/200, Batch 300, Aver_Loss: 106.9479
Epoch 139/200, Batch 400, Aver_Loss: 99.9954
[early-stopping] Epoch 139: no improvement (3/20)
Epoch 140/200, Batch 100, Aver_Loss: 103.5943
Epoch 140/200, Batch 200, Aver_Loss: 105.0500
Epoch 140/200, Batch 300, Aver_Loss: 101.1581
Epoch 140/200, Batch 400, Aver_Loss: 103.4549
[early-stopping] Epoch 140: no improvement (4/20)
Epoch 141/200, Batch 100, Aver_Loss: 100.9243
Epoch 141/200, Batch 200, Aver_Loss: 104.6116
Epoch 141/200, Batch 300, Aver_Loss: 108.4512
Epoch 141/200, Batch 400, Aver_Loss: 105.6576
[early-stopping] Epoch 141: no improvement (5/20)
Epoch 142/200, Batch 100, Aver_Loss: 103.7229
Epoch 142/200, Batch 200, Aver_Loss: 103.8181
Epoch 142/200, Batch 300, Aver_Loss: 101.0401
Epoch 142/200, Batch 400, Aver_Loss: 103.1005
[early-stopping] Epoch 142: no improvement (6/20)
Epoch 143/200, Batch 100, Aver_Loss: 103.3501
Epoch 143/200, Batch 200, Aver_Loss: 100.9868
Epoch 143/200, Batch 300, Aver_Loss: 103.4430
Epoch 143/200, Batch 400, Aver_Loss: 102.2081
[early-stopping] Epoch 143: new best val ELBO = -103.453097
Epoch 144/200, Batch 100, Aver_Loss: 100.7743
Epoch 144/200, Batch 200, Aver_Loss: 103.6919
Epoch 144/200, Batch 300, Aver_Loss: 103.3899
Epoch 144/200, Batch 400, Aver_Loss: 103.8610
[early-stopping] Epoch 144: new best val ELBO = -103.357055
Epoch 145/200, Batch 100, Aver_Loss: 98.0533
Epoch 145/200, Batch 200, Aver_Loss: 102.3918
Epoch 145/200, Batch 300, Aver_Loss: 105.9273
Epoch 145/200, Batch 400, Aver_Loss: 107.6491
[early-stopping] Epoch 145: new best val ELBO = -103.287238
Epoch 146/200, Batch 100, Aver_Loss: 102.8290
Epoch 146/200, Batch 200, Aver_Loss: 99.2202
Epoch 146/200, Batch 300, Aver_Loss: 105.5582
Epoch 146/200, Batch 400, Aver_Loss: 104.7995
[early-stopping] Epoch 146: no improvement (1/20)
Epoch 147/200, Batch 100, Aver_Loss: 101.7486
Epoch 147/200, Batch 200, Aver_Loss: 103.5057
Epoch 147/200, Batch 300, Aver_Loss: 101.3311
Epoch 147/200, Batch 400, Aver_Loss: 99.7805
[early-stopping] Epoch 147: no improvement (2/20)
Epoch 148/200, Batch 100, Aver_Loss: 105.8021
Epoch 148/200, Batch 200, Aver_Loss: 99.5777
Epoch 148/200, Batch 300, Aver_Loss: 103.2644
Epoch 148/200, Batch 400, Aver_Loss: 102.6403
[early-stopping] Epoch 148: no improvement (3/20)
Epoch 149/200, Batch 100, Aver_Loss: 101.0995
Epoch 149/200, Batch 200, Aver_Loss: 104.9718
Epoch 149/200, Batch 300, Aver_Loss: 101.2535
Epoch 149/200, Batch 400, Aver_Loss: 102.7256
[early-stopping] Epoch 149: no improvement (4/20)
Epoch 150/200, Batch 100, Aver_Loss: 104.5119
Epoch 150/200, Batch 200, Aver_Loss: 108.0478
Epoch 150/200, Batch 300, Aver_Loss: 105.0663
Epoch 150/200, Batch 400, Aver_Loss: 102.7984
[early-stopping] Epoch 150: no improvement (5/20)
Epoch 151/200, Batch 100, Aver_Loss: 100.2664
Epoch 151/200, Batch 200, Aver_Loss: 106.2889
Epoch 151/200, Batch 300, Aver_Loss: 106.4187
Epoch 151/200, Batch 400, Aver_Loss: 101.3558
[early-stopping] Epoch 151: no improvement (6/20)
Epoch 152/200, Batch 100, Aver_Loss: 102.8831
Epoch 152/200, Batch 200, Aver_Loss: 100.4227
Epoch 152/200, Batch 300, Aver_Loss: 101.9688
Epoch 152/200, Batch 400, Aver_Loss: 106.0721
[early-stopping] Epoch 152: no improvement (7/20)
Epoch 153/200, Batch 100, Aver_Loss: 98.8998
Epoch 153/200, Batch 200, Aver_Loss: 98.9729
Epoch 153/200, Batch 300, Aver_Loss: 101.1969
Epoch 153/200, Batch 400, Aver_Loss: 106.4804
[early-stopping] Epoch 153: no improvement (8/20)
Epoch 154/200, Batch 100, Aver_Loss: 104.9721
Epoch 154/200, Batch 200, Aver_Loss: 104.9969
Epoch 154/200, Batch 300, Aver_Loss: 103.6471
Epoch 154/200, Batch 400, Aver_Loss: 104.0078
[early-stopping] Epoch 154: no improvement (9/20)
Epoch 155/200, Batch 100, Aver_Loss: 98.1303
Epoch 155/200, Batch 200, Aver_Loss: 100.8453
Epoch 155/200, Batch 300, Aver_Loss: 99.5302
Epoch 155/200, Batch 400, Aver_Loss: 104.5978
[early-stopping] Epoch 155: new best val ELBO = -103.120131
Epoch 156/200, Batch 100, Aver_Loss: 98.2961
Epoch 156/200, Batch 200, Aver_Loss: 105.5719
Epoch 156/200, Batch 300, Aver_Loss: 101.6088
Epoch 156/200, Batch 400, Aver_Loss: 101.0917
[early-stopping] Epoch 156: no improvement (1/20)
Epoch 157/200, Batch 100, Aver_Loss: 102.8778
Epoch 157/200, Batch 200, Aver_Loss: 102.0710
Epoch 157/200, Batch 300, Aver_Loss: 103.1807
Epoch 157/200, Batch 400, Aver_Loss: 102.6870
[early-stopping] Epoch 157: no improvement (2/20)
Epoch 158/200, Batch 100, Aver_Loss: 102.7938
Epoch 158/200, Batch 200, Aver_Loss: 101.2553
Epoch 158/200, Batch 300, Aver_Loss: 100.9340
Epoch 158/200, Batch 400, Aver_Loss: 102.3127
[early-stopping] Epoch 158: no improvement (3/20)
Epoch 159/200, Batch 100, Aver_Loss: 102.8673
Epoch 159/200, Batch 200, Aver_Loss: 100.1149
Epoch 159/200, Batch 300, Aver_Loss: 105.5654
Epoch 159/200, Batch 400, Aver_Loss: 100.5095
[early-stopping] Epoch 159: no improvement (4/20)
Epoch 160/200, Batch 100, Aver_Loss: 97.3512
Epoch 160/200, Batch 200, Aver_Loss: 105.5165
Epoch 160/200, Batch 300, Aver_Loss: 100.1727
Epoch 160/200, Batch 400, Aver_Loss: 99.7413
[early-stopping] Epoch 160: no improvement (5/20)
Epoch 161/200, Batch 100, Aver_Loss: 98.7640
Epoch 161/200, Batch 200, Aver_Loss: 102.0147
Epoch 161/200, Batch 300, Aver_Loss: 101.1563
Epoch 161/200, Batch 400, Aver_Loss: 103.0704
[early-stopping] Epoch 161: no improvement (6/20)
Epoch 162/200, Batch 100, Aver_Loss: 96.2499
Epoch 162/200, Batch 200, Aver_Loss: 104.5641
Epoch 162/200, Batch 300, Aver_Loss: 100.8642
Epoch 162/200, Batch 400, Aver_Loss: 97.9695
[early-stopping] Epoch 162: no improvement (7/20)
Epoch 163/200, Batch 100, Aver_Loss: 100.7681
Epoch 163/200, Batch 200, Aver_Loss: 108.0676
Epoch 163/200, Batch 300, Aver_Loss: 99.0371
Epoch 163/200, Batch 400, Aver_Loss: 106.1121
[early-stopping] Epoch 163: no improvement (8/20)
Epoch 164/200, Batch 100, Aver_Loss: 104.9224
Epoch 164/200, Batch 200, Aver_Loss: 105.8230
Epoch 164/200, Batch 300, Aver_Loss: 98.7106
Epoch 164/200, Batch 400, Aver_Loss: 105.7190
[early-stopping] Epoch 164: no improvement (9/20)
Epoch 165/200, Batch 100, Aver_Loss: 102.8706
Epoch 165/200, Batch 200, Aver_Loss: 99.6940
Epoch 165/200, Batch 300, Aver_Loss: 103.1196
Epoch 165/200, Batch 400, Aver_Loss: 101.4083
[early-stopping] Epoch 165: new best val ELBO = -103.084459
Epoch 166/200, Batch 100, Aver_Loss: 100.1937
Epoch 166/200, Batch 200, Aver_Loss: 99.3048
Epoch 166/200, Batch 300, Aver_Loss: 103.1502
Epoch 166/200, Batch 400, Aver_Loss: 105.7636
[early-stopping] Epoch 166: new best val ELBO = -103.048743
Epoch 167/200, Batch 100, Aver_Loss: 106.7985
Epoch 167/200, Batch 200, Aver_Loss: 98.9740
Epoch 167/200, Batch 300, Aver_Loss: 101.0744
Epoch 167/200, Batch 400, Aver_Loss: 103.2442
[early-stopping] Epoch 167: no improvement (1/20)
Epoch 168/200, Batch 100, Aver_Loss: 102.6185
Epoch 168/200, Batch 200, Aver_Loss: 101.5319
Epoch 168/200, Batch 300, Aver_Loss: 103.6712
Epoch 168/200, Batch 400, Aver_Loss: 103.6604
[early-stopping] Epoch 168: no improvement (2/20)
Epoch 169/200, Batch 100, Aver_Loss: 97.6873
Epoch 169/200, Batch 200, Aver_Loss: 100.0567
Epoch 169/200, Batch 300, Aver_Loss: 100.5064
Epoch 169/200, Batch 400, Aver_Loss: 106.8138
[early-stopping] Epoch 169: no improvement (3/20)
Epoch 170/200, Batch 100, Aver_Loss: 100.1483
Epoch 170/200, Batch 200, Aver_Loss: 100.6657
Epoch 170/200, Batch 300, Aver_Loss: 99.9001
Epoch 170/200, Batch 400, Aver_Loss: 102.0327
[early-stopping] Epoch 170: no improvement (4/20)
Epoch 171/200, Batch 100, Aver_Loss: 101.5150
Epoch 171/200, Batch 200, Aver_Loss: 100.1403
Epoch 171/200, Batch 300, Aver_Loss: 100.4820
Epoch 171/200, Batch 400, Aver_Loss: 102.9936
[early-stopping] Epoch 171: no improvement (5/20)
Epoch 172/200, Batch 100, Aver_Loss: 104.3875
Epoch 172/200, Batch 200, Aver_Loss: 101.1067
Epoch 172/200, Batch 300, Aver_Loss: 104.6628
Epoch 172/200, Batch 400, Aver_Loss: 103.2599
[early-stopping] Epoch 172: new best val ELBO = -103.040745
Epoch 173/200, Batch 100, Aver_Loss: 101.5628
Epoch 173/200, Batch 200, Aver_Loss: 101.6193
Epoch 173/200, Batch 300, Aver_Loss: 105.1277
Epoch 173/200, Batch 400, Aver_Loss: 104.1048
[early-stopping] Epoch 173: no improvement (1/20)
Epoch 174/200, Batch 100, Aver_Loss: 101.5425
Epoch 174/200, Batch 200, Aver_Loss: 104.4288
Epoch 174/200, Batch 300, Aver_Loss: 103.1709
Epoch 174/200, Batch 400, Aver_Loss: 103.3036
[early-stopping] Epoch 174: no improvement (2/20)
Epoch 175/200, Batch 100, Aver_Loss: 99.7700
Epoch 175/200, Batch 200, Aver_Loss: 101.1413
Epoch 175/200, Batch 300, Aver_Loss: 100.6115
Epoch 175/200, Batch 400, Aver_Loss: 99.8043
[early-stopping] Epoch 175: no improvement (3/20)
Epoch 176/200, Batch 100, Aver_Loss: 102.0939
Epoch 176/200, Batch 200, Aver_Loss: 101.2212
Epoch 176/200, Batch 300, Aver_Loss: 103.3982
Epoch 176/200, Batch 400, Aver_Loss: 104.4451
[early-stopping] Epoch 176: new best val ELBO = -102.971318
Epoch 177/200, Batch 100, Aver_Loss: 106.3262
Epoch 177/200, Batch 200, Aver_Loss: 104.9032
Epoch 177/200, Batch 300, Aver_Loss: 105.6486
Epoch 177/200, Batch 400, Aver_Loss: 104.9882
[early-stopping] Epoch 177: no improvement (1/20)
Epoch 178/200, Batch 100, Aver_Loss: 101.4979
Epoch 178/200, Batch 200, Aver_Loss: 103.5375
Epoch 178/200, Batch 300, Aver_Loss: 102.5132
Epoch 178/200, Batch 400, Aver_Loss: 102.5074
[early-stopping] Epoch 178: no improvement (2/20)
Epoch 179/200, Batch 100, Aver_Loss: 98.1803
Epoch 179/200, Batch 200, Aver_Loss: 97.2178
Epoch 179/200, Batch 300, Aver_Loss: 104.4683
Epoch 179/200, Batch 400, Aver_Loss: 103.3927
[early-stopping] Epoch 179: no improvement (3/20)
Epoch 180/200, Batch 100, Aver_Loss: 103.7596
Epoch 180/200, Batch 200, Aver_Loss: 101.9352
Epoch 180/200, Batch 300, Aver_Loss: 104.7471
Epoch 180/200, Batch 400, Aver_Loss: 102.9232
[early-stopping] Epoch 180: new best val ELBO = -102.882256
Epoch 181/200, Batch 100, Aver_Loss: 103.6782
Epoch 181/200, Batch 200, Aver_Loss: 103.0593
Epoch 181/200, Batch 300, Aver_Loss: 102.3423
Epoch 181/200, Batch 400, Aver_Loss: 103.5573
[early-stopping] Epoch 181: no improvement (1/20)
Epoch 182/200, Batch 100, Aver_Loss: 102.5752
Epoch 182/200, Batch 200, Aver_Loss: 104.0360
Epoch 182/200, Batch 300, Aver_Loss: 104.9773
Epoch 182/200, Batch 400, Aver_Loss: 104.9966
[early-stopping] Epoch 182: no improvement (2/20)
Epoch 183/200, Batch 100, Aver_Loss: 100.3022
Epoch 183/200, Batch 200, Aver_Loss: 103.3376
Epoch 183/200, Batch 300, Aver_Loss: 99.1875
Epoch 183/200, Batch 400, Aver_Loss: 98.2828
[early-stopping] Epoch 183: no improvement (3/20)
Epoch 184/200, Batch 100, Aver_Loss: 100.2802
Epoch 184/200, Batch 200, Aver_Loss: 103.1306
Epoch 184/200, Batch 300, Aver_Loss: 102.4023
Epoch 184/200, Batch 400, Aver_Loss: 103.0387
[early-stopping] Epoch 184: no improvement (4/20)
Epoch 185/200, Batch 100, Aver_Loss: 106.2443
Epoch 185/200, Batch 200, Aver_Loss: 104.6545
Epoch 185/200, Batch 300, Aver_Loss: 101.4674
Epoch 185/200, Batch 400, Aver_Loss: 102.8899
[early-stopping] Epoch 185: no improvement (5/20)
Epoch 186/200, Batch 100, Aver_Loss: 100.6073
Epoch 186/200, Batch 200, Aver_Loss: 103.6456
Epoch 186/200, Batch 300, Aver_Loss: 101.2416
Epoch 186/200, Batch 400, Aver_Loss: 101.3097
[early-stopping] Epoch 186: no improvement (6/20)
Epoch 187/200, Batch 100, Aver_Loss: 101.4599
Epoch 187/200, Batch 200, Aver_Loss: 105.7455
Epoch 187/200, Batch 300, Aver_Loss: 101.6146
Epoch 187/200, Batch 400, Aver_Loss: 99.5192
[early-stopping] Epoch 187: no improvement (7/20)
Epoch 188/200, Batch 100, Aver_Loss: 102.7965
Epoch 188/200, Batch 200, Aver_Loss: 104.5218
Epoch 188/200, Batch 300, Aver_Loss: 103.4837
Epoch 188/200, Batch 400, Aver_Loss: 99.0888
[early-stopping] Epoch 188: no improvement (8/20)
Epoch 189/200, Batch 100, Aver_Loss: 99.4906
Epoch 189/200, Batch 200, Aver_Loss: 99.6893
Epoch 189/200, Batch 300, Aver_Loss: 100.3314
Epoch 189/200, Batch 400, Aver_Loss: 105.5846
[early-stopping] Epoch 189: no improvement (9/20)
Epoch 190/200, Batch 100, Aver_Loss: 99.9422
Epoch 190/200, Batch 200, Aver_Loss: 102.9657
Epoch 190/200, Batch 300, Aver_Loss: 103.4159
Epoch 190/200, Batch 400, Aver_Loss: 105.6353
[early-stopping] Epoch 190: no improvement (10/20)
Epoch 191/200, Batch 100, Aver_Loss: 101.1032
Epoch 191/200, Batch 200, Aver_Loss: 104.2429
Epoch 191/200, Batch 300, Aver_Loss: 98.2375
Epoch 191/200, Batch 400, Aver_Loss: 102.1975
[early-stopping] Epoch 191: no improvement (11/20)
Epoch 192/200, Batch 100, Aver_Loss: 97.3282
Epoch 192/200, Batch 200, Aver_Loss: 101.0827
Epoch 192/200, Batch 300, Aver_Loss: 97.9750
Epoch 192/200, Batch 400, Aver_Loss: 100.1345
[early-stopping] Epoch 192: no improvement (12/20)
Epoch 193/200, Batch 100, Aver_Loss: 101.3990
Epoch 193/200, Batch 200, Aver_Loss: 102.4562
Epoch 193/200, Batch 300, Aver_Loss: 100.9553
Epoch 193/200, Batch 400, Aver_Loss: 97.6773
[early-stopping] Epoch 193: new best val ELBO = -102.799646
Epoch 194/200, Batch 100, Aver_Loss: 102.3853
Epoch 194/200, Batch 200, Aver_Loss: 106.6983
Epoch 194/200, Batch 300, Aver_Loss: 101.4558
Epoch 194/200, Batch 400, Aver_Loss: 104.2144
[early-stopping] Epoch 194: no improvement (1/20)
Epoch 195/200, Batch 100, Aver_Loss: 103.0146
Epoch 195/200, Batch 200, Aver_Loss: 101.5567
Epoch 195/200, Batch 300, Aver_Loss: 101.0046
Epoch 195/200, Batch 400, Aver_Loss: 104.1961
[early-stopping] Epoch 195: no improvement (2/20)
Epoch 196/200, Batch 100, Aver_Loss: 104.8438
Epoch 196/200, Batch 200, Aver_Loss: 100.7325
Epoch 196/200, Batch 300, Aver_Loss: 101.4048
Epoch 196/200, Batch 400, Aver_Loss: 101.7567
[early-stopping] Epoch 196: no improvement (3/20)
Epoch 197/200, Batch 100, Aver_Loss: 102.0781
Epoch 197/200, Batch 200, Aver_Loss: 107.5211
Epoch 197/200, Batch 300, Aver_Loss: 103.2543
Epoch 197/200, Batch 400, Aver_Loss: 102.3494
[early-stopping] Epoch 197: no improvement (4/20)
Epoch 198/200, Batch 100, Aver_Loss: 104.0502
Epoch 198/200, Batch 200, Aver_Loss: 96.6305
Epoch 198/200, Batch 300, Aver_Loss: 105.0747
Epoch 198/200, Batch 400, Aver_Loss: 102.2652
[early-stopping] Epoch 198: no improvement (5/20)
Epoch 199/200, Batch 100, Aver_Loss: 99.9243
Epoch 199/200, Batch 200, Aver_Loss: 99.8567
Epoch 199/200, Batch 300, Aver_Loss: 103.8958
Epoch 199/200, Batch 400, Aver_Loss: 103.9042
[early-stopping] Epoch 199: no improvement (6/20)
Epoch 200/200, Batch 100, Aver_Loss: 101.1974
Epoch 200/200, Batch 200, Aver_Loss: 104.5765
Epoch 200/200, Batch 300, Aver_Loss: 102.9493
Epoch 200/200, Batch 400, Aver_Loss: 100.3201
[early-stopping] Epoch 200: no improvement (7/20)
[early-stopping] Loaded best model from epoch 193 (val ELBO = -102.799646)
[checkpoint] Saved best model to: trained_parameters/mnist_basic_zdim256_MVAE.pkl
[saved curves] ./results/MNIST_BASIC/curves/mnist_basic_mvae_d256_s777.json

==== Evaluation Summary ====
                 model: mvae
   recon/mse_per_pixel: 0.011957
            elbo/train: -102.010986
             elbo/test: -102.807675
             mse/train: 0.011467
              mse/test: 0.011957
             probe/acc: 0.952020
             probe/nll: 0.166615
           probe/brier: 0.075069
             probe/ece: 0.020180
           cluster/nmi: 0.616568
           cluster/ari: 0.534237
============================

