/usr/bin/which: no fi_info in (/arf/home/meyavuz/.local/bin:/arf/sw/comp/python/intelpython3/condabin:/arf/sw/comp/python/intelpython3/bin:/usr/share/Modules/bin:/usr/local/bin:/usr/bin:/usr/local/sbin:/usr/sbin)
Extension for Scikit-learn* enabled (https://github.com/uxlfoundation/scikit-learn-intelex)
/arf/home/meyavuz/.conda/envs/sbn/lib/python3.9/site-packages/sklearn/linear_model/_logistic.py:1247: FutureWarning: 'multi_class' was deprecated in version 1.5 and will be removed in 1.7. From then on, it will always use 'multinomial'. Leave it to its default value to avoid this warning.
  warnings.warn(
Epoch 1/200, Batch 100, Aver_Loss: 182.0119
Epoch 1/200, Batch 200, Aver_Loss: 154.2439
Epoch 1/200, Batch 300, Aver_Loss: 145.6317
Epoch 1/200, Batch 400, Aver_Loss: 133.5547
[early-stopping] Epoch 1: new best val ELBO = -131.168138
Epoch 2/200, Batch 100, Aver_Loss: 128.6461
Epoch 2/200, Batch 200, Aver_Loss: 125.6669
Epoch 2/200, Batch 300, Aver_Loss: 123.5308
Epoch 2/200, Batch 400, Aver_Loss: 123.4984
[early-stopping] Epoch 2: new best val ELBO = -121.811688
Epoch 3/200, Batch 100, Aver_Loss: 119.0614
Epoch 3/200, Batch 200, Aver_Loss: 122.4214
Epoch 3/200, Batch 300, Aver_Loss: 119.5215
Epoch 3/200, Batch 400, Aver_Loss: 120.7168
[early-stopping] Epoch 3: new best val ELBO = -117.586473
Epoch 4/200, Batch 100, Aver_Loss: 119.1323
Epoch 4/200, Batch 200, Aver_Loss: 117.6535
Epoch 4/200, Batch 300, Aver_Loss: 117.4845
Epoch 4/200, Batch 400, Aver_Loss: 115.3038
[early-stopping] Epoch 4: new best val ELBO = -114.693787
Epoch 5/200, Batch 100, Aver_Loss: 116.3469
Epoch 5/200, Batch 200, Aver_Loss: 113.1567
Epoch 5/200, Batch 300, Aver_Loss: 111.9031
Epoch 5/200, Batch 400, Aver_Loss: 114.6911
[early-stopping] Epoch 5: new best val ELBO = -112.853326
Epoch 6/200, Batch 100, Aver_Loss: 110.7504
Epoch 6/200, Batch 200, Aver_Loss: 109.2790
Epoch 6/200, Batch 300, Aver_Loss: 111.4924
Epoch 6/200, Batch 400, Aver_Loss: 110.8307
[early-stopping] Epoch 6: new best val ELBO = -111.156844
Epoch 7/200, Batch 100, Aver_Loss: 111.1765
Epoch 7/200, Batch 200, Aver_Loss: 110.8584
Epoch 7/200, Batch 300, Aver_Loss: 112.4069
Epoch 7/200, Batch 400, Aver_Loss: 111.3315
[early-stopping] Epoch 7: new best val ELBO = -110.279690
Epoch 8/200, Batch 100, Aver_Loss: 114.6054
Epoch 8/200, Batch 200, Aver_Loss: 110.5621
Epoch 8/200, Batch 300, Aver_Loss: 109.4355
Epoch 8/200, Batch 400, Aver_Loss: 109.7690
[early-stopping] Epoch 8: new best val ELBO = -109.597130
Epoch 9/200, Batch 100, Aver_Loss: 105.8814
Epoch 9/200, Batch 200, Aver_Loss: 110.7527
Epoch 9/200, Batch 300, Aver_Loss: 109.0954
Epoch 9/200, Batch 400, Aver_Loss: 110.7741
[early-stopping] Epoch 9: new best val ELBO = -108.616369
Epoch 10/200, Batch 100, Aver_Loss: 107.9183
Epoch 10/200, Batch 200, Aver_Loss: 104.8847
Epoch 10/200, Batch 300, Aver_Loss: 108.0311
Epoch 10/200, Batch 400, Aver_Loss: 110.8893
[early-stopping] Epoch 10: new best val ELBO = -108.152312
Epoch 11/200, Batch 100, Aver_Loss: 110.0742
Epoch 11/200, Batch 200, Aver_Loss: 109.1789
Epoch 11/200, Batch 300, Aver_Loss: 113.3892
Epoch 11/200, Batch 400, Aver_Loss: 104.8023
[early-stopping] Epoch 11: new best val ELBO = -107.512654
Epoch 12/200, Batch 100, Aver_Loss: 100.6185
Epoch 12/200, Batch 200, Aver_Loss: 107.0580
Epoch 12/200, Batch 300, Aver_Loss: 111.3437
Epoch 12/200, Batch 400, Aver_Loss: 106.9587
[early-stopping] Epoch 12: new best val ELBO = -107.219437
Epoch 13/200, Batch 100, Aver_Loss: 104.8987
Epoch 13/200, Batch 200, Aver_Loss: 105.3542
Epoch 13/200, Batch 300, Aver_Loss: 104.3246
Epoch 13/200, Batch 400, Aver_Loss: 106.7865
[early-stopping] Epoch 13: new best val ELBO = -106.639728
Epoch 14/200, Batch 100, Aver_Loss: 109.3748
Epoch 14/200, Batch 200, Aver_Loss: 109.8790
Epoch 14/200, Batch 300, Aver_Loss: 102.4720
Epoch 14/200, Batch 400, Aver_Loss: 105.6644
[early-stopping] Epoch 14: new best val ELBO = -106.440509
Epoch 15/200, Batch 100, Aver_Loss: 108.5748
Epoch 15/200, Batch 200, Aver_Loss: 105.6001
Epoch 15/200, Batch 300, Aver_Loss: 107.5934
Epoch 15/200, Batch 400, Aver_Loss: 103.2382
[early-stopping] Epoch 15: new best val ELBO = -105.935663
Epoch 16/200, Batch 100, Aver_Loss: 107.6239
Epoch 16/200, Batch 200, Aver_Loss: 104.9299
Epoch 16/200, Batch 300, Aver_Loss: 110.7820
Epoch 16/200, Batch 400, Aver_Loss: 106.8237
[early-stopping] Epoch 16: new best val ELBO = -105.894311
Epoch 17/200, Batch 100, Aver_Loss: 107.7794
Epoch 17/200, Batch 200, Aver_Loss: 106.8242
Epoch 17/200, Batch 300, Aver_Loss: 99.0870
Epoch 17/200, Batch 400, Aver_Loss: 106.4445
[early-stopping] Epoch 17: new best val ELBO = -105.723370
Epoch 18/200, Batch 100, Aver_Loss: 106.5419
Epoch 18/200, Batch 200, Aver_Loss: 105.5189
Epoch 18/200, Batch 300, Aver_Loss: 104.2804
Epoch 18/200, Batch 400, Aver_Loss: 105.3456
[early-stopping] Epoch 18: new best val ELBO = -105.306284
Epoch 19/200, Batch 100, Aver_Loss: 96.8114
Epoch 19/200, Batch 200, Aver_Loss: 108.8658
Epoch 19/200, Batch 300, Aver_Loss: 108.6996
Epoch 19/200, Batch 400, Aver_Loss: 100.0359
[early-stopping] Epoch 19: new best val ELBO = -105.110115
Epoch 20/200, Batch 100, Aver_Loss: 105.3255
Epoch 20/200, Batch 200, Aver_Loss: 106.1099
Epoch 20/200, Batch 300, Aver_Loss: 105.2802
Epoch 20/200, Batch 400, Aver_Loss: 105.0259
[early-stopping] Epoch 20: new best val ELBO = -104.792905
Epoch 21/200, Batch 100, Aver_Loss: 106.6281
Epoch 21/200, Batch 200, Aver_Loss: 103.6801
Epoch 21/200, Batch 300, Aver_Loss: 105.9192
Epoch 21/200, Batch 400, Aver_Loss: 104.6724
[early-stopping] Epoch 21: new best val ELBO = -104.686371
Epoch 22/200, Batch 100, Aver_Loss: 103.9736
Epoch 22/200, Batch 200, Aver_Loss: 107.5539
Epoch 22/200, Batch 300, Aver_Loss: 109.1947
Epoch 22/200, Batch 400, Aver_Loss: 107.6856
[early-stopping] Epoch 22: new best val ELBO = -104.683823
Epoch 23/200, Batch 100, Aver_Loss: 101.9818
Epoch 23/200, Batch 200, Aver_Loss: 100.6378
Epoch 23/200, Batch 300, Aver_Loss: 106.2335
Epoch 23/200, Batch 400, Aver_Loss: 101.1532
[early-stopping] Epoch 23: new best val ELBO = -104.401951
Epoch 24/200, Batch 100, Aver_Loss: 104.5721
Epoch 24/200, Batch 200, Aver_Loss: 103.3151
Epoch 24/200, Batch 300, Aver_Loss: 101.3446
Epoch 24/200, Batch 400, Aver_Loss: 104.0807
[early-stopping] Epoch 24: no improvement (1/20)
Epoch 25/200, Batch 100, Aver_Loss: 105.2350
Epoch 25/200, Batch 200, Aver_Loss: 100.9295
Epoch 25/200, Batch 300, Aver_Loss: 103.8860
Epoch 25/200, Batch 400, Aver_Loss: 107.7314
[early-stopping] Epoch 25: new best val ELBO = -104.161346
Epoch 26/200, Batch 100, Aver_Loss: 99.7565
Epoch 26/200, Batch 200, Aver_Loss: 105.3078
Epoch 26/200, Batch 300, Aver_Loss: 104.1277
Epoch 26/200, Batch 400, Aver_Loss: 106.9901
[early-stopping] Epoch 26: no improvement (1/20)
Epoch 27/200, Batch 100, Aver_Loss: 101.8888
Epoch 27/200, Batch 200, Aver_Loss: 101.6047
Epoch 27/200, Batch 300, Aver_Loss: 103.8980
Epoch 27/200, Batch 400, Aver_Loss: 103.6910
[early-stopping] Epoch 27: new best val ELBO = -103.811119
Epoch 28/200, Batch 100, Aver_Loss: 100.3336
Epoch 28/200, Batch 200, Aver_Loss: 104.9364
Epoch 28/200, Batch 300, Aver_Loss: 102.0215
Epoch 28/200, Batch 400, Aver_Loss: 103.9955
[early-stopping] Epoch 28: new best val ELBO = -103.661581
Epoch 29/200, Batch 100, Aver_Loss: 104.1500
Epoch 29/200, Batch 200, Aver_Loss: 101.4436
Epoch 29/200, Batch 300, Aver_Loss: 104.6820
Epoch 29/200, Batch 400, Aver_Loss: 104.7519
[early-stopping] Epoch 29: no improvement (1/20)
Epoch 30/200, Batch 100, Aver_Loss: 104.2401
Epoch 30/200, Batch 200, Aver_Loss: 103.4988
Epoch 30/200, Batch 300, Aver_Loss: 104.6086
Epoch 30/200, Batch 400, Aver_Loss: 102.9087
[early-stopping] Epoch 30: new best val ELBO = -103.653783
Epoch 31/200, Batch 100, Aver_Loss: 104.3450
Epoch 31/200, Batch 200, Aver_Loss: 100.9757
Epoch 31/200, Batch 300, Aver_Loss: 104.0575
Epoch 31/200, Batch 400, Aver_Loss: 103.6828
[early-stopping] Epoch 31: new best val ELBO = -103.579719
Epoch 32/200, Batch 100, Aver_Loss: 102.4197
Epoch 32/200, Batch 200, Aver_Loss: 104.1293
Epoch 32/200, Batch 300, Aver_Loss: 102.6608
Epoch 32/200, Batch 400, Aver_Loss: 105.1305
[early-stopping] Epoch 32: no improvement (1/20)
Epoch 33/200, Batch 100, Aver_Loss: 105.7084
Epoch 33/200, Batch 200, Aver_Loss: 96.9412
Epoch 33/200, Batch 300, Aver_Loss: 107.9865
Epoch 33/200, Batch 400, Aver_Loss: 102.8639
[early-stopping] Epoch 33: no improvement (2/20)
Epoch 34/200, Batch 100, Aver_Loss: 106.8751
Epoch 34/200, Batch 200, Aver_Loss: 113.0177
Epoch 34/200, Batch 300, Aver_Loss: 103.5755
Epoch 34/200, Batch 400, Aver_Loss: 104.0558
[early-stopping] Epoch 34: new best val ELBO = -103.260007
Epoch 35/200, Batch 100, Aver_Loss: 104.3762
Epoch 35/200, Batch 200, Aver_Loss: 106.7446
Epoch 35/200, Batch 300, Aver_Loss: 102.2257
Epoch 35/200, Batch 400, Aver_Loss: 101.8375
[early-stopping] Epoch 35: no improvement (1/20)
Epoch 36/200, Batch 100, Aver_Loss: 101.1693
Epoch 36/200, Batch 200, Aver_Loss: 97.8768
Epoch 36/200, Batch 300, Aver_Loss: 104.2586
Epoch 36/200, Batch 400, Aver_Loss: 105.2082
[early-stopping] Epoch 36: new best val ELBO = -103.077189
Epoch 37/200, Batch 100, Aver_Loss: 103.5817
Epoch 37/200, Batch 200, Aver_Loss: 104.6988
Epoch 37/200, Batch 300, Aver_Loss: 103.8997
Epoch 37/200, Batch 400, Aver_Loss: 102.2797
[early-stopping] Epoch 37: no improvement (1/20)
Epoch 38/200, Batch 100, Aver_Loss: 103.1403
Epoch 38/200, Batch 200, Aver_Loss: 101.9398
Epoch 38/200, Batch 300, Aver_Loss: 104.2128
Epoch 38/200, Batch 400, Aver_Loss: 98.7516
[early-stopping] Epoch 38: new best val ELBO = -102.906142
Epoch 39/200, Batch 100, Aver_Loss: 103.3969
Epoch 39/200, Batch 200, Aver_Loss: 105.0978
Epoch 39/200, Batch 300, Aver_Loss: 105.3558
Epoch 39/200, Batch 400, Aver_Loss: 105.7328
[early-stopping] Epoch 39: no improvement (1/20)
Epoch 40/200, Batch 100, Aver_Loss: 100.4550
Epoch 40/200, Batch 200, Aver_Loss: 106.5848
Epoch 40/200, Batch 300, Aver_Loss: 100.6703
Epoch 40/200, Batch 400, Aver_Loss: 101.2729
[early-stopping] Epoch 40: no improvement (2/20)
Epoch 41/200, Batch 100, Aver_Loss: 100.7181
Epoch 41/200, Batch 200, Aver_Loss: 106.8611
Epoch 41/200, Batch 300, Aver_Loss: 100.3320
Epoch 41/200, Batch 400, Aver_Loss: 105.2574
[early-stopping] Epoch 41: no improvement (3/20)
Epoch 42/200, Batch 100, Aver_Loss: 103.7118
Epoch 42/200, Batch 200, Aver_Loss: 98.4704
Epoch 42/200, Batch 300, Aver_Loss: 102.5324
Epoch 42/200, Batch 400, Aver_Loss: 105.2056
[early-stopping] Epoch 42: no improvement (4/20)
Epoch 43/200, Batch 100, Aver_Loss: 97.4419
Epoch 43/200, Batch 200, Aver_Loss: 102.0776
Epoch 43/200, Batch 300, Aver_Loss: 103.0422
Epoch 43/200, Batch 400, Aver_Loss: 102.9965
[early-stopping] Epoch 43: new best val ELBO = -102.836971
Epoch 44/200, Batch 100, Aver_Loss: 101.7525
Epoch 44/200, Batch 200, Aver_Loss: 101.9109
Epoch 44/200, Batch 300, Aver_Loss: 103.2954
Epoch 44/200, Batch 400, Aver_Loss: 97.4634
[early-stopping] Epoch 44: no improvement (1/20)
Epoch 45/200, Batch 100, Aver_Loss: 99.6875
Epoch 45/200, Batch 200, Aver_Loss: 104.3308
Epoch 45/200, Batch 300, Aver_Loss: 100.7321
Epoch 45/200, Batch 400, Aver_Loss: 101.7790
[early-stopping] Epoch 45: no improvement (2/20)
Epoch 46/200, Batch 100, Aver_Loss: 100.9716
Epoch 46/200, Batch 200, Aver_Loss: 103.5014
Epoch 46/200, Batch 300, Aver_Loss: 103.9764
Epoch 46/200, Batch 400, Aver_Loss: 101.7427
[early-stopping] Epoch 46: no improvement (3/20)
Epoch 47/200, Batch 100, Aver_Loss: 107.3047
Epoch 47/200, Batch 200, Aver_Loss: 101.4221
Epoch 47/200, Batch 300, Aver_Loss: 101.9322
Epoch 47/200, Batch 400, Aver_Loss: 100.4616
[early-stopping] Epoch 47: no improvement (4/20)
Epoch 48/200, Batch 100, Aver_Loss: 103.6177
Epoch 48/200, Batch 200, Aver_Loss: 105.1652
Epoch 48/200, Batch 300, Aver_Loss: 102.8850
Epoch 48/200, Batch 400, Aver_Loss: 107.4072
[early-stopping] Epoch 48: new best val ELBO = -102.665992
Epoch 49/200, Batch 100, Aver_Loss: 103.1133
Epoch 49/200, Batch 200, Aver_Loss: 106.4769
Epoch 49/200, Batch 300, Aver_Loss: 101.7566
Epoch 49/200, Batch 400, Aver_Loss: 103.9472
[early-stopping] Epoch 49: new best val ELBO = -102.616893
Epoch 50/200, Batch 100, Aver_Loss: 101.8371
Epoch 50/200, Batch 200, Aver_Loss: 103.5804
Epoch 50/200, Batch 300, Aver_Loss: 105.1862
Epoch 50/200, Batch 400, Aver_Loss: 106.0522
[early-stopping] Epoch 50: new best val ELBO = -102.536431
Epoch 51/200, Batch 100, Aver_Loss: 101.7449
Epoch 51/200, Batch 200, Aver_Loss: 102.1192
Epoch 51/200, Batch 300, Aver_Loss: 102.6733
Epoch 51/200, Batch 400, Aver_Loss: 104.0545
[early-stopping] Epoch 51: no improvement (1/20)
Epoch 52/200, Batch 100, Aver_Loss: 103.7035
Epoch 52/200, Batch 200, Aver_Loss: 104.7529
Epoch 52/200, Batch 300, Aver_Loss: 99.0502
Epoch 52/200, Batch 400, Aver_Loss: 99.4925
[early-stopping] Epoch 52: no improvement (2/20)
Epoch 53/200, Batch 100, Aver_Loss: 99.2332
Epoch 53/200, Batch 200, Aver_Loss: 101.6782
Epoch 53/200, Batch 300, Aver_Loss: 100.7366
Epoch 53/200, Batch 400, Aver_Loss: 103.2769
[early-stopping] Epoch 53: new best val ELBO = -102.371235
Epoch 54/200, Batch 100, Aver_Loss: 100.5208
Epoch 54/200, Batch 200, Aver_Loss: 103.3229
Epoch 54/200, Batch 300, Aver_Loss: 101.4476
Epoch 54/200, Batch 400, Aver_Loss: 102.9218
[early-stopping] Epoch 54: no improvement (1/20)
Epoch 55/200, Batch 100, Aver_Loss: 98.4636
Epoch 55/200, Batch 200, Aver_Loss: 103.1374
Epoch 55/200, Batch 300, Aver_Loss: 101.9772
Epoch 55/200, Batch 400, Aver_Loss: 102.5388
[early-stopping] Epoch 55: new best val ELBO = -102.132681
Epoch 56/200, Batch 100, Aver_Loss: 99.1185
Epoch 56/200, Batch 200, Aver_Loss: 98.9389
Epoch 56/200, Batch 300, Aver_Loss: 106.0970
Epoch 56/200, Batch 400, Aver_Loss: 101.9741
[early-stopping] Epoch 56: no improvement (1/20)
Epoch 57/200, Batch 100, Aver_Loss: 99.7119
Epoch 57/200, Batch 200, Aver_Loss: 99.7125
Epoch 57/200, Batch 300, Aver_Loss: 99.4446
Epoch 57/200, Batch 400, Aver_Loss: 96.3864
[early-stopping] Epoch 57: no improvement (2/20)
Epoch 58/200, Batch 100, Aver_Loss: 100.0781
Epoch 58/200, Batch 200, Aver_Loss: 108.4638
Epoch 58/200, Batch 300, Aver_Loss: 106.6172
Epoch 58/200, Batch 400, Aver_Loss: 106.0310
[early-stopping] Epoch 58: no improvement (3/20)
Epoch 59/200, Batch 100, Aver_Loss: 99.8832
Epoch 59/200, Batch 200, Aver_Loss: 106.9029
Epoch 59/200, Batch 300, Aver_Loss: 103.1739
Epoch 59/200, Batch 400, Aver_Loss: 98.6389
[early-stopping] Epoch 59: no improvement (4/20)
Epoch 60/200, Batch 100, Aver_Loss: 101.0750
Epoch 60/200, Batch 200, Aver_Loss: 103.9983
Epoch 60/200, Batch 300, Aver_Loss: 100.7029
Epoch 60/200, Batch 400, Aver_Loss: 103.6235
[early-stopping] Epoch 60: no improvement (5/20)
Epoch 61/200, Batch 100, Aver_Loss: 100.7842
Epoch 61/200, Batch 200, Aver_Loss: 99.9174
Epoch 61/200, Batch 300, Aver_Loss: 104.5936
Epoch 61/200, Batch 400, Aver_Loss: 102.3161
[early-stopping] Epoch 61: new best val ELBO = -102.047422
Epoch 62/200, Batch 100, Aver_Loss: 96.4174
Epoch 62/200, Batch 200, Aver_Loss: 101.0043
Epoch 62/200, Batch 300, Aver_Loss: 102.6615
Epoch 62/200, Batch 400, Aver_Loss: 100.3561
[early-stopping] Epoch 62: no improvement (1/20)
Epoch 63/200, Batch 100, Aver_Loss: 100.6810
Epoch 63/200, Batch 200, Aver_Loss: 103.5423
Epoch 63/200, Batch 300, Aver_Loss: 104.6833
Epoch 63/200, Batch 400, Aver_Loss: 104.7316
[early-stopping] Epoch 63: no improvement (2/20)
Epoch 64/200, Batch 100, Aver_Loss: 102.4814
Epoch 64/200, Batch 200, Aver_Loss: 97.8035
Epoch 64/200, Batch 300, Aver_Loss: 103.5087
Epoch 64/200, Batch 400, Aver_Loss: 105.6164
[early-stopping] Epoch 64: no improvement (3/20)
Epoch 65/200, Batch 100, Aver_Loss: 103.4846
Epoch 65/200, Batch 200, Aver_Loss: 103.6390
Epoch 65/200, Batch 300, Aver_Loss: 104.9162
Epoch 65/200, Batch 400, Aver_Loss: 101.6252
[early-stopping] Epoch 65: no improvement (4/20)
Epoch 66/200, Batch 100, Aver_Loss: 100.6669
Epoch 66/200, Batch 200, Aver_Loss: 96.6433
Epoch 66/200, Batch 300, Aver_Loss: 97.3386
Epoch 66/200, Batch 400, Aver_Loss: 101.3936
[early-stopping] Epoch 66: no improvement (5/20)
Epoch 67/200, Batch 100, Aver_Loss: 100.1958
Epoch 67/200, Batch 200, Aver_Loss: 98.4015
Epoch 67/200, Batch 300, Aver_Loss: 104.3547
Epoch 67/200, Batch 400, Aver_Loss: 101.4642
[early-stopping] Epoch 67: no improvement (6/20)
Epoch 68/200, Batch 100, Aver_Loss: 106.1532
Epoch 68/200, Batch 200, Aver_Loss: 104.8663
Epoch 68/200, Batch 300, Aver_Loss: 102.8563
Epoch 68/200, Batch 400, Aver_Loss: 100.6227
[early-stopping] Epoch 68: no improvement (7/20)
Epoch 69/200, Batch 100, Aver_Loss: 96.3838
Epoch 69/200, Batch 200, Aver_Loss: 101.0086
Epoch 69/200, Batch 300, Aver_Loss: 106.0023
Epoch 69/200, Batch 400, Aver_Loss: 102.3706
[early-stopping] Epoch 69: no improvement (8/20)
Epoch 70/200, Batch 100, Aver_Loss: 97.1963
Epoch 70/200, Batch 200, Aver_Loss: 100.6908
Epoch 70/200, Batch 300, Aver_Loss: 99.6195
Epoch 70/200, Batch 400, Aver_Loss: 100.4364
[early-stopping] Epoch 70: new best val ELBO = -101.867942
Epoch 71/200, Batch 100, Aver_Loss: 99.2543
Epoch 71/200, Batch 200, Aver_Loss: 97.4628
Epoch 71/200, Batch 300, Aver_Loss: 101.1993
Epoch 71/200, Batch 400, Aver_Loss: 100.3637
[early-stopping] Epoch 71: new best val ELBO = -101.797745
Epoch 72/200, Batch 100, Aver_Loss: 102.4871
Epoch 72/200, Batch 200, Aver_Loss: 103.1797
Epoch 72/200, Batch 300, Aver_Loss: 102.6823
Epoch 72/200, Batch 400, Aver_Loss: 99.8406
[early-stopping] Epoch 72: no improvement (1/20)
Epoch 73/200, Batch 100, Aver_Loss: 102.0803
Epoch 73/200, Batch 200, Aver_Loss: 99.7639
Epoch 73/200, Batch 300, Aver_Loss: 96.5716
Epoch 73/200, Batch 400, Aver_Loss: 104.2402
[early-stopping] Epoch 73: no improvement (2/20)
Epoch 74/200, Batch 100, Aver_Loss: 99.4690
Epoch 74/200, Batch 200, Aver_Loss: 102.4940
Epoch 74/200, Batch 300, Aver_Loss: 99.4658
Epoch 74/200, Batch 400, Aver_Loss: 97.2826
[early-stopping] Epoch 74: no improvement (3/20)
Epoch 75/200, Batch 100, Aver_Loss: 98.6764
Epoch 75/200, Batch 200, Aver_Loss: 97.8700
Epoch 75/200, Batch 300, Aver_Loss: 97.9385
Epoch 75/200, Batch 400, Aver_Loss: 100.6183
[early-stopping] Epoch 75: no improvement (4/20)
Epoch 76/200, Batch 100, Aver_Loss: 102.9058
Epoch 76/200, Batch 200, Aver_Loss: 106.4653
Epoch 76/200, Batch 300, Aver_Loss: 97.7024
Epoch 76/200, Batch 400, Aver_Loss: 101.0588
[early-stopping] Epoch 76: new best val ELBO = -101.724836
Epoch 77/200, Batch 100, Aver_Loss: 105.6384
Epoch 77/200, Batch 200, Aver_Loss: 99.3348
Epoch 77/200, Batch 300, Aver_Loss: 97.6216
Epoch 77/200, Batch 400, Aver_Loss: 104.9383
[early-stopping] Epoch 77: no improvement (1/20)
Epoch 78/200, Batch 100, Aver_Loss: 97.7964
Epoch 78/200, Batch 200, Aver_Loss: 100.9709
Epoch 78/200, Batch 300, Aver_Loss: 107.6074
Epoch 78/200, Batch 400, Aver_Loss: 104.7604
[early-stopping] Epoch 78: new best val ELBO = -101.698231
Epoch 79/200, Batch 100, Aver_Loss: 98.6910
Epoch 79/200, Batch 200, Aver_Loss: 96.6342
Epoch 79/200, Batch 300, Aver_Loss: 102.6483
Epoch 79/200, Batch 400, Aver_Loss: 103.6578
[early-stopping] Epoch 79: no improvement (1/20)
Epoch 80/200, Batch 100, Aver_Loss: 102.8736
Epoch 80/200, Batch 200, Aver_Loss: 101.9426
Epoch 80/200, Batch 300, Aver_Loss: 102.8992
Epoch 80/200, Batch 400, Aver_Loss: 99.4255
[early-stopping] Epoch 80: no improvement (2/20)
Epoch 81/200, Batch 100, Aver_Loss: 106.8385
Epoch 81/200, Batch 200, Aver_Loss: 104.0735
Epoch 81/200, Batch 300, Aver_Loss: 101.6992
Epoch 81/200, Batch 400, Aver_Loss: 102.2900
[early-stopping] Epoch 81: no improvement (3/20)
Epoch 82/200, Batch 100, Aver_Loss: 100.8058
Epoch 82/200, Batch 200, Aver_Loss: 101.9872
Epoch 82/200, Batch 300, Aver_Loss: 100.3672
Epoch 82/200, Batch 400, Aver_Loss: 102.6381
[early-stopping] Epoch 82: no improvement (4/20)
Epoch 83/200, Batch 100, Aver_Loss: 104.4146
Epoch 83/200, Batch 200, Aver_Loss: 101.5729
Epoch 83/200, Batch 300, Aver_Loss: 101.3295
Epoch 83/200, Batch 400, Aver_Loss: 97.0520
[early-stopping] Epoch 83: new best val ELBO = -101.684890
Epoch 84/200, Batch 100, Aver_Loss: 103.9853
Epoch 84/200, Batch 200, Aver_Loss: 97.3218
Epoch 84/200, Batch 300, Aver_Loss: 100.9592
Epoch 84/200, Batch 400, Aver_Loss: 93.1858
[early-stopping] Epoch 84: new best val ELBO = -101.660756
Epoch 85/200, Batch 100, Aver_Loss: 103.0101
Epoch 85/200, Batch 200, Aver_Loss: 97.0587
Epoch 85/200, Batch 300, Aver_Loss: 101.7214
Epoch 85/200, Batch 400, Aver_Loss: 103.2487
[early-stopping] Epoch 85: no improvement (1/20)
Epoch 86/200, Batch 100, Aver_Loss: 101.7376
Epoch 86/200, Batch 200, Aver_Loss: 98.1424
Epoch 86/200, Batch 300, Aver_Loss: 95.2137
Epoch 86/200, Batch 400, Aver_Loss: 102.0161
[early-stopping] Epoch 86: new best val ELBO = -101.501009
Epoch 87/200, Batch 100, Aver_Loss: 101.7764
Epoch 87/200, Batch 200, Aver_Loss: 104.1071
Epoch 87/200, Batch 300, Aver_Loss: 99.7085
Epoch 87/200, Batch 400, Aver_Loss: 100.6289
[early-stopping] Epoch 87: no improvement (1/20)
Epoch 88/200, Batch 100, Aver_Loss: 103.1214
Epoch 88/200, Batch 200, Aver_Loss: 105.1373
Epoch 88/200, Batch 300, Aver_Loss: 101.8442
Epoch 88/200, Batch 400, Aver_Loss: 101.1929
[early-stopping] Epoch 88: new best val ELBO = -101.461283
Epoch 89/200, Batch 100, Aver_Loss: 102.3085
Epoch 89/200, Batch 200, Aver_Loss: 98.6393
Epoch 89/200, Batch 300, Aver_Loss: 97.0701
Epoch 89/200, Batch 400, Aver_Loss: 101.8452
[early-stopping] Epoch 89: no improvement (1/20)
Epoch 90/200, Batch 100, Aver_Loss: 103.0684
Epoch 90/200, Batch 200, Aver_Loss: 98.5725
Epoch 90/200, Batch 300, Aver_Loss: 101.7858
Epoch 90/200, Batch 400, Aver_Loss: 99.6179
[early-stopping] Epoch 90: no improvement (2/20)
Epoch 91/200, Batch 100, Aver_Loss: 102.7782
Epoch 91/200, Batch 200, Aver_Loss: 104.9313
Epoch 91/200, Batch 300, Aver_Loss: 100.1837
Epoch 91/200, Batch 400, Aver_Loss: 99.2212
[early-stopping] Epoch 91: no improvement (3/20)
Epoch 92/200, Batch 100, Aver_Loss: 102.4257
Epoch 92/200, Batch 200, Aver_Loss: 101.7422
Epoch 92/200, Batch 300, Aver_Loss: 100.7299
Epoch 92/200, Batch 400, Aver_Loss: 98.8169
[early-stopping] Epoch 92: no improvement (4/20)
Epoch 93/200, Batch 100, Aver_Loss: 98.5175
Epoch 93/200, Batch 200, Aver_Loss: 102.9752
Epoch 93/200, Batch 300, Aver_Loss: 98.3304
Epoch 93/200, Batch 400, Aver_Loss: 100.3280
[early-stopping] Epoch 93: no improvement (5/20)
Epoch 94/200, Batch 100, Aver_Loss: 101.0243
Epoch 94/200, Batch 200, Aver_Loss: 101.6626
Epoch 94/200, Batch 300, Aver_Loss: 100.5379
Epoch 94/200, Batch 400, Aver_Loss: 98.9490
[early-stopping] Epoch 94: no improvement (6/20)
Epoch 95/200, Batch 100, Aver_Loss: 102.1937
Epoch 95/200, Batch 200, Aver_Loss: 98.1845
Epoch 95/200, Batch 300, Aver_Loss: 102.6565
Epoch 95/200, Batch 400, Aver_Loss: 102.0489
[early-stopping] Epoch 95: no improvement (7/20)
Epoch 96/200, Batch 100, Aver_Loss: 96.3930
Epoch 96/200, Batch 200, Aver_Loss: 102.8959
Epoch 96/200, Batch 300, Aver_Loss: 102.1023
Epoch 96/200, Batch 400, Aver_Loss: 103.7281
[early-stopping] Epoch 96: no improvement (8/20)
Epoch 97/200, Batch 100, Aver_Loss: 99.2058
Epoch 97/200, Batch 200, Aver_Loss: 96.0280
Epoch 97/200, Batch 300, Aver_Loss: 105.7416
Epoch 97/200, Batch 400, Aver_Loss: 99.0093
[early-stopping] Epoch 97: new best val ELBO = -101.311910
Epoch 98/200, Batch 100, Aver_Loss: 95.6757
Epoch 98/200, Batch 200, Aver_Loss: 98.1126
Epoch 98/200, Batch 300, Aver_Loss: 103.0101
Epoch 98/200, Batch 400, Aver_Loss: 99.3883
[early-stopping] Epoch 98: no improvement (1/20)
Epoch 99/200, Batch 100, Aver_Loss: 98.1024
Epoch 99/200, Batch 200, Aver_Loss: 102.2405
Epoch 99/200, Batch 300, Aver_Loss: 96.0778
Epoch 99/200, Batch 400, Aver_Loss: 99.1715
[early-stopping] Epoch 99: no improvement (2/20)
Epoch 100/200, Batch 100, Aver_Loss: 94.4589
Epoch 100/200, Batch 200, Aver_Loss: 96.0211
Epoch 100/200, Batch 300, Aver_Loss: 100.1193
Epoch 100/200, Batch 400, Aver_Loss: 98.0148
[early-stopping] Epoch 100: no improvement (3/20)
Epoch 101/200, Batch 100, Aver_Loss: 100.8075
Epoch 101/200, Batch 200, Aver_Loss: 97.6546
Epoch 101/200, Batch 300, Aver_Loss: 100.1460
Epoch 101/200, Batch 400, Aver_Loss: 99.4670
[early-stopping] Epoch 101: no improvement (4/20)
Epoch 102/200, Batch 100, Aver_Loss: 101.2266
Epoch 102/200, Batch 200, Aver_Loss: 102.0694
Epoch 102/200, Batch 300, Aver_Loss: 98.6564
Epoch 102/200, Batch 400, Aver_Loss: 99.0036
[early-stopping] Epoch 102: no improvement (5/20)
Epoch 103/200, Batch 100, Aver_Loss: 98.6477
Epoch 103/200, Batch 200, Aver_Loss: 101.3682
Epoch 103/200, Batch 300, Aver_Loss: 97.9334
Epoch 103/200, Batch 400, Aver_Loss: 99.8740
[early-stopping] Epoch 103: no improvement (6/20)
Epoch 104/200, Batch 100, Aver_Loss: 96.7984
Epoch 104/200, Batch 200, Aver_Loss: 97.9068
Epoch 104/200, Batch 300, Aver_Loss: 101.3091
Epoch 104/200, Batch 400, Aver_Loss: 105.2798
[early-stopping] Epoch 104: new best val ELBO = -101.277687
Epoch 105/200, Batch 100, Aver_Loss: 101.8351
Epoch 105/200, Batch 200, Aver_Loss: 103.2003
Epoch 105/200, Batch 300, Aver_Loss: 101.4310
Epoch 105/200, Batch 400, Aver_Loss: 100.9825
[early-stopping] Epoch 105: no improvement (1/20)
Epoch 106/200, Batch 100, Aver_Loss: 100.5748
Epoch 106/200, Batch 200, Aver_Loss: 100.8498
Epoch 106/200, Batch 300, Aver_Loss: 98.5800
Epoch 106/200, Batch 400, Aver_Loss: 98.8234
[early-stopping] Epoch 106: no improvement (2/20)
Epoch 107/200, Batch 100, Aver_Loss: 100.4710
Epoch 107/200, Batch 200, Aver_Loss: 100.8318
Epoch 107/200, Batch 300, Aver_Loss: 101.1848
Epoch 107/200, Batch 400, Aver_Loss: 100.2330
[early-stopping] Epoch 107: no improvement (3/20)
Epoch 108/200, Batch 100, Aver_Loss: 95.8512
Epoch 108/200, Batch 200, Aver_Loss: 99.6085
Epoch 108/200, Batch 300, Aver_Loss: 99.2863
Epoch 108/200, Batch 400, Aver_Loss: 99.1514
[early-stopping] Epoch 108: new best val ELBO = -101.242765
Epoch 109/200, Batch 100, Aver_Loss: 101.0635
Epoch 109/200, Batch 200, Aver_Loss: 99.2316
Epoch 109/200, Batch 300, Aver_Loss: 102.1047
Epoch 109/200, Batch 400, Aver_Loss: 101.2308
[early-stopping] Epoch 109: no improvement (1/20)
Epoch 110/200, Batch 100, Aver_Loss: 100.1521
Epoch 110/200, Batch 200, Aver_Loss: 98.1471
Epoch 110/200, Batch 300, Aver_Loss: 99.3076
Epoch 110/200, Batch 400, Aver_Loss: 98.4965
[early-stopping] Epoch 110: no improvement (2/20)
Epoch 111/200, Batch 100, Aver_Loss: 101.8870
Epoch 111/200, Batch 200, Aver_Loss: 99.8904
Epoch 111/200, Batch 300, Aver_Loss: 98.0126
Epoch 111/200, Batch 400, Aver_Loss: 104.5574
[early-stopping] Epoch 111: no improvement (3/20)
Epoch 112/200, Batch 100, Aver_Loss: 102.4261
Epoch 112/200, Batch 200, Aver_Loss: 99.1439
Epoch 112/200, Batch 300, Aver_Loss: 98.8061
Epoch 112/200, Batch 400, Aver_Loss: 101.7290
[early-stopping] Epoch 112: no improvement (4/20)
Epoch 113/200, Batch 100, Aver_Loss: 99.7674
Epoch 113/200, Batch 200, Aver_Loss: 102.5369
Epoch 113/200, Batch 300, Aver_Loss: 101.0291
Epoch 113/200, Batch 400, Aver_Loss: 98.7875
[early-stopping] Epoch 113: no improvement (5/20)
Epoch 114/200, Batch 100, Aver_Loss: 100.0425
Epoch 114/200, Batch 200, Aver_Loss: 100.0407
Epoch 114/200, Batch 300, Aver_Loss: 101.0362
Epoch 114/200, Batch 400, Aver_Loss: 101.6383
[early-stopping] Epoch 114: new best val ELBO = -101.140321
Epoch 115/200, Batch 100, Aver_Loss: 98.2870
Epoch 115/200, Batch 200, Aver_Loss: 100.7027
Epoch 115/200, Batch 300, Aver_Loss: 100.3659
Epoch 115/200, Batch 400, Aver_Loss: 100.8702
[early-stopping] Epoch 115: no improvement (1/20)
Epoch 116/200, Batch 100, Aver_Loss: 105.6640
Epoch 116/200, Batch 200, Aver_Loss: 97.7441
Epoch 116/200, Batch 300, Aver_Loss: 97.5273
Epoch 116/200, Batch 400, Aver_Loss: 94.7510
[early-stopping] Epoch 116: no improvement (2/20)
Epoch 117/200, Batch 100, Aver_Loss: 97.7400
Epoch 117/200, Batch 200, Aver_Loss: 96.9061
Epoch 117/200, Batch 300, Aver_Loss: 97.0773
Epoch 117/200, Batch 400, Aver_Loss: 101.1897
[early-stopping] Epoch 117: no improvement (3/20)
Epoch 118/200, Batch 100, Aver_Loss: 102.3737
Epoch 118/200, Batch 200, Aver_Loss: 99.6456
Epoch 118/200, Batch 300, Aver_Loss: 98.7474
Epoch 118/200, Batch 400, Aver_Loss: 102.1647
[early-stopping] Epoch 118: no improvement (4/20)
Epoch 119/200, Batch 100, Aver_Loss: 96.8840
Epoch 119/200, Batch 200, Aver_Loss: 100.8371
Epoch 119/200, Batch 300, Aver_Loss: 99.7592
Epoch 119/200, Batch 400, Aver_Loss: 99.7756
[early-stopping] Epoch 119: no improvement (5/20)
Epoch 120/200, Batch 100, Aver_Loss: 99.5421
Epoch 120/200, Batch 200, Aver_Loss: 100.9562
Epoch 120/200, Batch 300, Aver_Loss: 101.6456
Epoch 120/200, Batch 400, Aver_Loss: 103.2534
[early-stopping] Epoch 120: no improvement (6/20)
Epoch 121/200, Batch 100, Aver_Loss: 103.6972
Epoch 121/200, Batch 200, Aver_Loss: 97.5035
Epoch 121/200, Batch 300, Aver_Loss: 95.0103
Epoch 121/200, Batch 400, Aver_Loss: 101.8737
[early-stopping] Epoch 121: no improvement (7/20)
Epoch 122/200, Batch 100, Aver_Loss: 97.1406
Epoch 122/200, Batch 200, Aver_Loss: 102.4507
Epoch 122/200, Batch 300, Aver_Loss: 101.8422
Epoch 122/200, Batch 400, Aver_Loss: 100.1622
[early-stopping] Epoch 122: no improvement (8/20)
Epoch 123/200, Batch 100, Aver_Loss: 99.7576
Epoch 123/200, Batch 200, Aver_Loss: 95.4795
Epoch 123/200, Batch 300, Aver_Loss: 97.0688
Epoch 123/200, Batch 400, Aver_Loss: 103.8361
[early-stopping] Epoch 123: no improvement (9/20)
Epoch 124/200, Batch 100, Aver_Loss: 98.4817
Epoch 124/200, Batch 200, Aver_Loss: 103.0307
Epoch 124/200, Batch 300, Aver_Loss: 100.7583
Epoch 124/200, Batch 400, Aver_Loss: 97.7945
[early-stopping] Epoch 124: no improvement (10/20)
Epoch 125/200, Batch 100, Aver_Loss: 98.9927
Epoch 125/200, Batch 200, Aver_Loss: 103.3471
Epoch 125/200, Batch 300, Aver_Loss: 97.7399
Epoch 125/200, Batch 400, Aver_Loss: 99.5962
[early-stopping] Epoch 125: new best val ELBO = -101.070883
Epoch 126/200, Batch 100, Aver_Loss: 100.2483
Epoch 126/200, Batch 200, Aver_Loss: 98.5866
Epoch 126/200, Batch 300, Aver_Loss: 96.4712
Epoch 126/200, Batch 400, Aver_Loss: 97.1094
[early-stopping] Epoch 126: no improvement (1/20)
Epoch 127/200, Batch 100, Aver_Loss: 98.6948
Epoch 127/200, Batch 200, Aver_Loss: 97.4483
Epoch 127/200, Batch 300, Aver_Loss: 99.1842
Epoch 127/200, Batch 400, Aver_Loss: 101.0215
[early-stopping] Epoch 127: new best val ELBO = -100.931442
Epoch 128/200, Batch 100, Aver_Loss: 100.1029
Epoch 128/200, Batch 200, Aver_Loss: 102.9002
Epoch 128/200, Batch 300, Aver_Loss: 105.7090
Epoch 128/200, Batch 400, Aver_Loss: 103.4340
[early-stopping] Epoch 128: no improvement (1/20)
Epoch 129/200, Batch 100, Aver_Loss: 99.9061
Epoch 129/200, Batch 200, Aver_Loss: 93.5682
Epoch 129/200, Batch 300, Aver_Loss: 99.3896
Epoch 129/200, Batch 400, Aver_Loss: 99.2227
[early-stopping] Epoch 129: no improvement (2/20)
Epoch 130/200, Batch 100, Aver_Loss: 103.0112
Epoch 130/200, Batch 200, Aver_Loss: 97.9671
Epoch 130/200, Batch 300, Aver_Loss: 102.6512
Epoch 130/200, Batch 400, Aver_Loss: 100.6656
[early-stopping] Epoch 130: no improvement (3/20)
Epoch 131/200, Batch 100, Aver_Loss: 102.4891
Epoch 131/200, Batch 200, Aver_Loss: 103.0868
Epoch 131/200, Batch 300, Aver_Loss: 104.4224
Epoch 131/200, Batch 400, Aver_Loss: 100.2065
[early-stopping] Epoch 131: no improvement (4/20)
Epoch 132/200, Batch 100, Aver_Loss: 99.9301
Epoch 132/200, Batch 200, Aver_Loss: 98.2274
Epoch 132/200, Batch 300, Aver_Loss: 103.1835
Epoch 132/200, Batch 400, Aver_Loss: 102.9946
[early-stopping] Epoch 132: no improvement (5/20)
Epoch 133/200, Batch 100, Aver_Loss: 95.9819
Epoch 133/200, Batch 200, Aver_Loss: 98.6442
Epoch 133/200, Batch 300, Aver_Loss: 100.9102
Epoch 133/200, Batch 400, Aver_Loss: 101.6593
[early-stopping] Epoch 133: new best val ELBO = -100.885359
Epoch 134/200, Batch 100, Aver_Loss: 99.2818
Epoch 134/200, Batch 200, Aver_Loss: 100.3600
Epoch 134/200, Batch 300, Aver_Loss: 100.3069
Epoch 134/200, Batch 400, Aver_Loss: 98.3308
[early-stopping] Epoch 134: no improvement (1/20)
Epoch 135/200, Batch 100, Aver_Loss: 97.4860
Epoch 135/200, Batch 200, Aver_Loss: 102.5444
Epoch 135/200, Batch 300, Aver_Loss: 103.9332
Epoch 135/200, Batch 400, Aver_Loss: 100.9437
[early-stopping] Epoch 135: no improvement (2/20)
Epoch 136/200, Batch 100, Aver_Loss: 101.6107
Epoch 136/200, Batch 200, Aver_Loss: 97.5144
Epoch 136/200, Batch 300, Aver_Loss: 94.1754
Epoch 136/200, Batch 400, Aver_Loss: 101.1809
[early-stopping] Epoch 136: new best val ELBO = -100.872420
Epoch 137/200, Batch 100, Aver_Loss: 101.2393
Epoch 137/200, Batch 200, Aver_Loss: 96.6227
Epoch 137/200, Batch 300, Aver_Loss: 98.7549
Epoch 137/200, Batch 400, Aver_Loss: 105.2659
[early-stopping] Epoch 137: no improvement (1/20)
Epoch 138/200, Batch 100, Aver_Loss: 97.7236
Epoch 138/200, Batch 200, Aver_Loss: 100.7142
Epoch 138/200, Batch 300, Aver_Loss: 99.6075
Epoch 138/200, Batch 400, Aver_Loss: 102.9154
[early-stopping] Epoch 138: no improvement (2/20)
Epoch 139/200, Batch 100, Aver_Loss: 99.6195
Epoch 139/200, Batch 200, Aver_Loss: 96.8808
Epoch 139/200, Batch 300, Aver_Loss: 105.3124
Epoch 139/200, Batch 400, Aver_Loss: 99.3192
[early-stopping] Epoch 139: no improvement (3/20)
Epoch 140/200, Batch 100, Aver_Loss: 98.2618
Epoch 140/200, Batch 200, Aver_Loss: 101.7197
Epoch 140/200, Batch 300, Aver_Loss: 99.9499
Epoch 140/200, Batch 400, Aver_Loss: 98.1572
[early-stopping] Epoch 140: no improvement (4/20)
Epoch 141/200, Batch 100, Aver_Loss: 104.8430
Epoch 141/200, Batch 200, Aver_Loss: 99.4291
Epoch 141/200, Batch 300, Aver_Loss: 102.2561
Epoch 141/200, Batch 400, Aver_Loss: 105.3695
[early-stopping] Epoch 141: no improvement (5/20)
Epoch 142/200, Batch 100, Aver_Loss: 101.2702
Epoch 142/200, Batch 200, Aver_Loss: 102.8432
Epoch 142/200, Batch 300, Aver_Loss: 100.8229
Epoch 142/200, Batch 400, Aver_Loss: 99.3941
[early-stopping] Epoch 142: no improvement (6/20)
Epoch 143/200, Batch 100, Aver_Loss: 98.9894
Epoch 143/200, Batch 200, Aver_Loss: 100.7012
Epoch 143/200, Batch 300, Aver_Loss: 95.4093
Epoch 143/200, Batch 400, Aver_Loss: 99.8245
[early-stopping] Epoch 143: no improvement (7/20)
Epoch 144/200, Batch 100, Aver_Loss: 101.0095
Epoch 144/200, Batch 200, Aver_Loss: 100.3292
Epoch 144/200, Batch 300, Aver_Loss: 99.3880
Epoch 144/200, Batch 400, Aver_Loss: 102.9864
[early-stopping] Epoch 144: no improvement (8/20)
Epoch 145/200, Batch 100, Aver_Loss: 99.5558
Epoch 145/200, Batch 200, Aver_Loss: 102.6330
Epoch 145/200, Batch 300, Aver_Loss: 99.7154
Epoch 145/200, Batch 400, Aver_Loss: 99.1532
[early-stopping] Epoch 145: new best val ELBO = -100.765140
Epoch 146/200, Batch 100, Aver_Loss: 105.4289
Epoch 146/200, Batch 200, Aver_Loss: 99.4053
Epoch 146/200, Batch 300, Aver_Loss: 103.5777
Epoch 146/200, Batch 400, Aver_Loss: 98.6633
[early-stopping] Epoch 146: no improvement (1/20)
Epoch 147/200, Batch 100, Aver_Loss: 98.5177
Epoch 147/200, Batch 200, Aver_Loss: 103.3821
Epoch 147/200, Batch 300, Aver_Loss: 98.6615
Epoch 147/200, Batch 400, Aver_Loss: 97.2094
[early-stopping] Epoch 147: new best val ELBO = -100.676108
Epoch 148/200, Batch 100, Aver_Loss: 98.8543
Epoch 148/200, Batch 200, Aver_Loss: 97.3083
Epoch 148/200, Batch 300, Aver_Loss: 97.4248
Epoch 148/200, Batch 400, Aver_Loss: 100.6758
[early-stopping] Epoch 148: no improvement (1/20)
Epoch 149/200, Batch 100, Aver_Loss: 101.4816
Epoch 149/200, Batch 200, Aver_Loss: 97.3312
Epoch 149/200, Batch 300, Aver_Loss: 103.0037
Epoch 149/200, Batch 400, Aver_Loss: 97.4339
[early-stopping] Epoch 149: no improvement (2/20)
Epoch 150/200, Batch 100, Aver_Loss: 96.8315
Epoch 150/200, Batch 200, Aver_Loss: 103.2158
Epoch 150/200, Batch 300, Aver_Loss: 97.7590
Epoch 150/200, Batch 400, Aver_Loss: 100.0619
[early-stopping] Epoch 150: no improvement (3/20)
Epoch 151/200, Batch 100, Aver_Loss: 99.3713
Epoch 151/200, Batch 200, Aver_Loss: 100.7671
Epoch 151/200, Batch 300, Aver_Loss: 105.6482
Epoch 151/200, Batch 400, Aver_Loss: 97.1319
[early-stopping] Epoch 151: no improvement (4/20)
Epoch 152/200, Batch 100, Aver_Loss: 100.6500
Epoch 152/200, Batch 200, Aver_Loss: 100.0849
Epoch 152/200, Batch 300, Aver_Loss: 101.3574
Epoch 152/200, Batch 400, Aver_Loss: 101.3565
[early-stopping] Epoch 152: no improvement (5/20)
Epoch 153/200, Batch 100, Aver_Loss: 91.8478
Epoch 153/200, Batch 200, Aver_Loss: 98.9846
Epoch 153/200, Batch 300, Aver_Loss: 95.6921
Epoch 153/200, Batch 400, Aver_Loss: 106.2196
[early-stopping] Epoch 153: no improvement (6/20)
Epoch 154/200, Batch 100, Aver_Loss: 97.9176
Epoch 154/200, Batch 200, Aver_Loss: 98.7235
Epoch 154/200, Batch 300, Aver_Loss: 99.1625
Epoch 154/200, Batch 400, Aver_Loss: 100.3390
[early-stopping] Epoch 154: no improvement (7/20)
Epoch 155/200, Batch 100, Aver_Loss: 102.5461
Epoch 155/200, Batch 200, Aver_Loss: 103.0946
Epoch 155/200, Batch 300, Aver_Loss: 98.4938
Epoch 155/200, Batch 400, Aver_Loss: 96.5242
[early-stopping] Epoch 155: no improvement (8/20)
Epoch 156/200, Batch 100, Aver_Loss: 97.1637
Epoch 156/200, Batch 200, Aver_Loss: 100.4432
Epoch 156/200, Batch 300, Aver_Loss: 95.1929
Epoch 156/200, Batch 400, Aver_Loss: 104.1329
[early-stopping] Epoch 156: no improvement (9/20)
Epoch 157/200, Batch 100, Aver_Loss: 101.5208
Epoch 157/200, Batch 200, Aver_Loss: 98.9904
Epoch 157/200, Batch 300, Aver_Loss: 100.8741
Epoch 157/200, Batch 400, Aver_Loss: 100.7191
[early-stopping] Epoch 157: no improvement (10/20)
Epoch 158/200, Batch 100, Aver_Loss: 102.6237
Epoch 158/200, Batch 200, Aver_Loss: 101.8815
Epoch 158/200, Batch 300, Aver_Loss: 101.7359
Epoch 158/200, Batch 400, Aver_Loss: 99.3110
[early-stopping] Epoch 158: new best val ELBO = -100.645749
Epoch 159/200, Batch 100, Aver_Loss: 102.3192
Epoch 159/200, Batch 200, Aver_Loss: 95.5260
Epoch 159/200, Batch 300, Aver_Loss: 102.0452
Epoch 159/200, Batch 400, Aver_Loss: 105.1563
[early-stopping] Epoch 159: new best val ELBO = -100.593807
Epoch 160/200, Batch 100, Aver_Loss: 101.7425
Epoch 160/200, Batch 200, Aver_Loss: 101.2277
Epoch 160/200, Batch 300, Aver_Loss: 97.1706
Epoch 160/200, Batch 400, Aver_Loss: 99.1830
[early-stopping] Epoch 160: no improvement (1/20)
Epoch 161/200, Batch 100, Aver_Loss: 98.7251
Epoch 161/200, Batch 200, Aver_Loss: 98.5211
Epoch 161/200, Batch 300, Aver_Loss: 103.0240
Epoch 161/200, Batch 400, Aver_Loss: 95.2477
[early-stopping] Epoch 161: new best val ELBO = -100.526029
Epoch 162/200, Batch 100, Aver_Loss: 98.1757
Epoch 162/200, Batch 200, Aver_Loss: 99.6092
Epoch 162/200, Batch 300, Aver_Loss: 100.4591
Epoch 162/200, Batch 400, Aver_Loss: 101.5320
[early-stopping] Epoch 162: no improvement (1/20)
Epoch 163/200, Batch 100, Aver_Loss: 102.0419
Epoch 163/200, Batch 200, Aver_Loss: 102.6205
Epoch 163/200, Batch 300, Aver_Loss: 101.0826
Epoch 163/200, Batch 400, Aver_Loss: 96.2710
[early-stopping] Epoch 163: no improvement (2/20)
Epoch 164/200, Batch 100, Aver_Loss: 101.2784
Epoch 164/200, Batch 200, Aver_Loss: 102.4752
Epoch 164/200, Batch 300, Aver_Loss: 96.3539
Epoch 164/200, Batch 400, Aver_Loss: 102.6393
[early-stopping] Epoch 164: no improvement (3/20)
Epoch 165/200, Batch 100, Aver_Loss: 96.8596
Epoch 165/200, Batch 200, Aver_Loss: 101.0293
Epoch 165/200, Batch 300, Aver_Loss: 95.1561
Epoch 165/200, Batch 400, Aver_Loss: 101.7315
[early-stopping] Epoch 165: no improvement (4/20)
Epoch 166/200, Batch 100, Aver_Loss: 101.9551
Epoch 166/200, Batch 200, Aver_Loss: 97.3038
Epoch 166/200, Batch 300, Aver_Loss: 96.3786
Epoch 166/200, Batch 400, Aver_Loss: 102.7577
[early-stopping] Epoch 166: no improvement (5/20)
Epoch 167/200, Batch 100, Aver_Loss: 96.9245
Epoch 167/200, Batch 200, Aver_Loss: 103.3372
Epoch 167/200, Batch 300, Aver_Loss: 101.3981
Epoch 167/200, Batch 400, Aver_Loss: 103.4955
[early-stopping] Epoch 167: no improvement (6/20)
Epoch 168/200, Batch 100, Aver_Loss: 99.9710
Epoch 168/200, Batch 200, Aver_Loss: 100.0354
Epoch 168/200, Batch 300, Aver_Loss: 97.1811
Epoch 168/200, Batch 400, Aver_Loss: 100.9474
[early-stopping] Epoch 168: no improvement (7/20)
Epoch 169/200, Batch 100, Aver_Loss: 99.5997
Epoch 169/200, Batch 200, Aver_Loss: 99.6923
Epoch 169/200, Batch 300, Aver_Loss: 101.6014
Epoch 169/200, Batch 400, Aver_Loss: 98.4076
[early-stopping] Epoch 169: no improvement (8/20)
Epoch 170/200, Batch 100, Aver_Loss: 100.0093
Epoch 170/200, Batch 200, Aver_Loss: 100.2589
Epoch 170/200, Batch 300, Aver_Loss: 98.4832
Epoch 170/200, Batch 400, Aver_Loss: 99.6244
[early-stopping] Epoch 170: no improvement (9/20)
Epoch 171/200, Batch 100, Aver_Loss: 97.5008
Epoch 171/200, Batch 200, Aver_Loss: 102.5668
Epoch 171/200, Batch 300, Aver_Loss: 99.3225
Epoch 171/200, Batch 400, Aver_Loss: 100.9379
[early-stopping] Epoch 171: no improvement (10/20)
Epoch 172/200, Batch 100, Aver_Loss: 99.2906
Epoch 172/200, Batch 200, Aver_Loss: 101.6333
Epoch 172/200, Batch 300, Aver_Loss: 97.4830
Epoch 172/200, Batch 400, Aver_Loss: 100.8196
[early-stopping] Epoch 172: no improvement (11/20)
Epoch 173/200, Batch 100, Aver_Loss: 100.3685
Epoch 173/200, Batch 200, Aver_Loss: 97.5414
Epoch 173/200, Batch 300, Aver_Loss: 100.2494
Epoch 173/200, Batch 400, Aver_Loss: 101.1488
[early-stopping] Epoch 173: no improvement (12/20)
Epoch 174/200, Batch 100, Aver_Loss: 99.2242
Epoch 174/200, Batch 200, Aver_Loss: 98.2626
Epoch 174/200, Batch 300, Aver_Loss: 103.3957
Epoch 174/200, Batch 400, Aver_Loss: 104.6283
[early-stopping] Epoch 174: new best val ELBO = -100.511377
Epoch 175/200, Batch 100, Aver_Loss: 99.9502
Epoch 175/200, Batch 200, Aver_Loss: 101.6540
Epoch 175/200, Batch 300, Aver_Loss: 95.0922
Epoch 175/200, Batch 400, Aver_Loss: 97.8972
[early-stopping] Epoch 175: no improvement (1/20)
Epoch 176/200, Batch 100, Aver_Loss: 101.9588
Epoch 176/200, Batch 200, Aver_Loss: 98.8576
Epoch 176/200, Batch 300, Aver_Loss: 99.7045
Epoch 176/200, Batch 400, Aver_Loss: 97.6371
[early-stopping] Epoch 176: no improvement (2/20)
Epoch 177/200, Batch 100, Aver_Loss: 97.7297
Epoch 177/200, Batch 200, Aver_Loss: 97.7567
Epoch 177/200, Batch 300, Aver_Loss: 99.6764
Epoch 177/200, Batch 400, Aver_Loss: 102.9359
[early-stopping] Epoch 177: no improvement (3/20)
Epoch 178/200, Batch 100, Aver_Loss: 100.4636
Epoch 178/200, Batch 200, Aver_Loss: 100.2535
Epoch 178/200, Batch 300, Aver_Loss: 99.6435
Epoch 178/200, Batch 400, Aver_Loss: 100.2223
[early-stopping] Epoch 178: no improvement (4/20)
Epoch 179/200, Batch 100, Aver_Loss: 100.1571
Epoch 179/200, Batch 200, Aver_Loss: 101.3428
Epoch 179/200, Batch 300, Aver_Loss: 101.0818
Epoch 179/200, Batch 400, Aver_Loss: 99.4137
[early-stopping] Epoch 179: no improvement (5/20)
Epoch 180/200, Batch 100, Aver_Loss: 99.7123
Epoch 180/200, Batch 200, Aver_Loss: 99.2278
Epoch 180/200, Batch 300, Aver_Loss: 98.1590
Epoch 180/200, Batch 400, Aver_Loss: 99.2804
[early-stopping] Epoch 180: no improvement (6/20)
Epoch 181/200, Batch 100, Aver_Loss: 99.0672
Epoch 181/200, Batch 200, Aver_Loss: 99.1961
Epoch 181/200, Batch 300, Aver_Loss: 96.5457
Epoch 181/200, Batch 400, Aver_Loss: 95.3271
[early-stopping] Epoch 181: no improvement (7/20)
Epoch 182/200, Batch 100, Aver_Loss: 98.9919
Epoch 182/200, Batch 200, Aver_Loss: 98.7491
Epoch 182/200, Batch 300, Aver_Loss: 100.2879
Epoch 182/200, Batch 400, Aver_Loss: 95.5607
[early-stopping] Epoch 182: no improvement (8/20)
Epoch 183/200, Batch 100, Aver_Loss: 99.0176
Epoch 183/200, Batch 200, Aver_Loss: 100.8395
Epoch 183/200, Batch 300, Aver_Loss: 98.0812
Epoch 183/200, Batch 400, Aver_Loss: 94.8332
[early-stopping] Epoch 183: no improvement (9/20)
Epoch 184/200, Batch 100, Aver_Loss: 102.0880
Epoch 184/200, Batch 200, Aver_Loss: 99.8242
Epoch 184/200, Batch 300, Aver_Loss: 99.9242
Epoch 184/200, Batch 400, Aver_Loss: 102.4481
[early-stopping] Epoch 184: no improvement (10/20)
Epoch 185/200, Batch 100, Aver_Loss: 98.8997
Epoch 185/200, Batch 200, Aver_Loss: 100.8792
Epoch 185/200, Batch 300, Aver_Loss: 99.6499
Epoch 185/200, Batch 400, Aver_Loss: 98.2276
[early-stopping] Epoch 185: no improvement (11/20)
Epoch 186/200, Batch 100, Aver_Loss: 103.2898
Epoch 186/200, Batch 200, Aver_Loss: 98.1787
Epoch 186/200, Batch 300, Aver_Loss: 103.0754
Epoch 186/200, Batch 400, Aver_Loss: 99.8153
[early-stopping] Epoch 186: no improvement (12/20)
Epoch 187/200, Batch 100, Aver_Loss: 97.2759
Epoch 187/200, Batch 200, Aver_Loss: 99.4707
Epoch 187/200, Batch 300, Aver_Loss: 97.0771
Epoch 187/200, Batch 400, Aver_Loss: 99.2242
[early-stopping] Epoch 187: new best val ELBO = -100.401812
Epoch 188/200, Batch 100, Aver_Loss: 97.8634
Epoch 188/200, Batch 200, Aver_Loss: 102.2198
Epoch 188/200, Batch 300, Aver_Loss: 94.5166
Epoch 188/200, Batch 400, Aver_Loss: 99.0341
[early-stopping] Epoch 188: no improvement (1/20)
Epoch 189/200, Batch 100, Aver_Loss: 98.3159
Epoch 189/200, Batch 200, Aver_Loss: 98.9160
Epoch 189/200, Batch 300, Aver_Loss: 98.6121
Epoch 189/200, Batch 400, Aver_Loss: 101.7342
[early-stopping] Epoch 189: no improvement (2/20)
Epoch 190/200, Batch 100, Aver_Loss: 97.1220
Epoch 190/200, Batch 200, Aver_Loss: 98.3168
Epoch 190/200, Batch 300, Aver_Loss: 99.1224
Epoch 190/200, Batch 400, Aver_Loss: 97.3556
[early-stopping] Epoch 190: no improvement (3/20)
Epoch 191/200, Batch 100, Aver_Loss: 101.3511
Epoch 191/200, Batch 200, Aver_Loss: 99.6909
Epoch 191/200, Batch 300, Aver_Loss: 98.4701
Epoch 191/200, Batch 400, Aver_Loss: 98.5678
[early-stopping] Epoch 191: no improvement (4/20)
Epoch 192/200, Batch 100, Aver_Loss: 96.1892
Epoch 192/200, Batch 200, Aver_Loss: 98.5316
Epoch 192/200, Batch 300, Aver_Loss: 99.8509
Epoch 192/200, Batch 400, Aver_Loss: 94.3920
[early-stopping] Epoch 192: no improvement (5/20)
Epoch 193/200, Batch 100, Aver_Loss: 97.6943
Epoch 193/200, Batch 200, Aver_Loss: 99.3238
Epoch 193/200, Batch 300, Aver_Loss: 99.2550
Epoch 193/200, Batch 400, Aver_Loss: 97.6753
[early-stopping] Epoch 193: no improvement (6/20)
Epoch 194/200, Batch 100, Aver_Loss: 99.6938
Epoch 194/200, Batch 200, Aver_Loss: 101.9812
Epoch 194/200, Batch 300, Aver_Loss: 99.1428
Epoch 194/200, Batch 400, Aver_Loss: 99.4126
[early-stopping] Epoch 194: no improvement (7/20)
Epoch 195/200, Batch 100, Aver_Loss: 98.0732
Epoch 195/200, Batch 200, Aver_Loss: 100.2653
Epoch 195/200, Batch 300, Aver_Loss: 96.8674
Epoch 195/200, Batch 400, Aver_Loss: 97.6189
[early-stopping] Epoch 195: new best val ELBO = -100.386857
Epoch 196/200, Batch 100, Aver_Loss: 91.7163
Epoch 196/200, Batch 200, Aver_Loss: 100.8735
Epoch 196/200, Batch 300, Aver_Loss: 100.2988
Epoch 196/200, Batch 400, Aver_Loss: 96.7908
[early-stopping] Epoch 196: new best val ELBO = -100.306420
Epoch 197/200, Batch 100, Aver_Loss: 102.3643
Epoch 197/200, Batch 200, Aver_Loss: 103.3705
Epoch 197/200, Batch 300, Aver_Loss: 97.0525
Epoch 197/200, Batch 400, Aver_Loss: 99.8303
[early-stopping] Epoch 197: no improvement (1/20)
Epoch 198/200, Batch 100, Aver_Loss: 102.2504
Epoch 198/200, Batch 200, Aver_Loss: 96.6950
Epoch 198/200, Batch 300, Aver_Loss: 99.5763
Epoch 198/200, Batch 400, Aver_Loss: 94.7050
[early-stopping] Epoch 198: no improvement (2/20)
Epoch 199/200, Batch 100, Aver_Loss: 103.1651
Epoch 199/200, Batch 200, Aver_Loss: 100.7834
Epoch 199/200, Batch 300, Aver_Loss: 101.8015
Epoch 199/200, Batch 400, Aver_Loss: 97.4367
[early-stopping] Epoch 199: new best val ELBO = -100.302553
Epoch 200/200, Batch 100, Aver_Loss: 97.3357
Epoch 200/200, Batch 200, Aver_Loss: 101.4154
Epoch 200/200, Batch 300, Aver_Loss: 102.7504
Epoch 200/200, Batch 400, Aver_Loss: 99.8763
[early-stopping] Epoch 200: no improvement (1/20)
[early-stopping] Loaded best model from epoch 199 (val ELBO = -100.302553)
[checkpoint] Saved best model to: trained_parameters/mnist_basic_zdim32_MVAE.pkl
[saved curves] ./results/MNIST_BASIC/curves/mnist_basic_mvae_d32_s777.json

==== Evaluation Summary ====
                 model: mvae
   recon/mse_per_pixel: 0.011050
            elbo/train: -99.135957
             elbo/test: -100.292476
             mse/train: 0.010405
              mse/test: 0.011050
             probe/acc: 0.921942
             probe/nll: 0.256357
           probe/brier: 0.115881
             probe/ece: 0.016469
           cluster/nmi: 0.636746
           cluster/ari: 0.566755
============================

