/usr/bin/which: no fi_info in (/arf/home/meyavuz/.local/bin:/arf/sw/comp/python/intelpython3/condabin:/arf/sw/comp/python/intelpython3/bin:/usr/share/Modules/bin:/usr/local/bin:/usr/bin:/usr/local/sbin:/usr/sbin)
Extension for Scikit-learn* enabled (https://github.com/uxlfoundation/scikit-learn-intelex)
/arf/home/meyavuz/.conda/envs/sbn/lib/python3.9/site-packages/sklearn/linear_model/_logistic.py:1247: FutureWarning: 'multi_class' was deprecated in version 1.5 and will be removed in 1.7. From then on, it will always use 'multinomial'. Leave it to its default value to avoid this warning.
  warnings.warn(
Epoch 1/200, Batch 100, Aver_Loss: 162.0700
Epoch 1/200, Batch 200, Aver_Loss: 147.6308
Epoch 1/200, Batch 300, Aver_Loss: 141.4947
Epoch 1/200, Batch 400, Aver_Loss: 132.9397
[early-stopping] Epoch 1: new best val ELBO = -131.020517
Epoch 2/200, Batch 100, Aver_Loss: 131.8432
Epoch 2/200, Batch 200, Aver_Loss: 126.7069
Epoch 2/200, Batch 300, Aver_Loss: 127.0956
Epoch 2/200, Batch 400, Aver_Loss: 121.1428
[early-stopping] Epoch 2: new best val ELBO = -124.186640
Epoch 3/200, Batch 100, Aver_Loss: 118.1183
Epoch 3/200, Batch 200, Aver_Loss: 123.2372
Epoch 3/200, Batch 300, Aver_Loss: 128.3268
Epoch 3/200, Batch 400, Aver_Loss: 123.8353
[early-stopping] Epoch 3: new best val ELBO = -120.178233
Epoch 4/200, Batch 100, Aver_Loss: 118.7960
Epoch 4/200, Batch 200, Aver_Loss: 117.6237
Epoch 4/200, Batch 300, Aver_Loss: 119.7645
Epoch 4/200, Batch 400, Aver_Loss: 115.2864
[early-stopping] Epoch 4: new best val ELBO = -116.146708
Epoch 5/200, Batch 100, Aver_Loss: 114.7934
Epoch 5/200, Batch 200, Aver_Loss: 109.5413
Epoch 5/200, Batch 300, Aver_Loss: 114.8140
Epoch 5/200, Batch 400, Aver_Loss: 113.1010
[early-stopping] Epoch 5: new best val ELBO = -114.040718
Epoch 6/200, Batch 100, Aver_Loss: 112.6382
Epoch 6/200, Batch 200, Aver_Loss: 117.6641
Epoch 6/200, Batch 300, Aver_Loss: 112.9525
Epoch 6/200, Batch 400, Aver_Loss: 115.9008
[early-stopping] Epoch 6: new best val ELBO = -112.623800
Epoch 7/200, Batch 100, Aver_Loss: 116.4746
Epoch 7/200, Batch 200, Aver_Loss: 108.6210
Epoch 7/200, Batch 300, Aver_Loss: 114.3798
Epoch 7/200, Batch 400, Aver_Loss: 117.7105
[early-stopping] Epoch 7: new best val ELBO = -111.255693
Epoch 8/200, Batch 100, Aver_Loss: 115.0715
Epoch 8/200, Batch 200, Aver_Loss: 107.0867
Epoch 8/200, Batch 300, Aver_Loss: 110.5747
Epoch 8/200, Batch 400, Aver_Loss: 108.9839
[early-stopping] Epoch 8: new best val ELBO = -110.477054
Epoch 9/200, Batch 100, Aver_Loss: 110.6219
Epoch 9/200, Batch 200, Aver_Loss: 110.4446
Epoch 9/200, Batch 300, Aver_Loss: 111.7374
Epoch 9/200, Batch 400, Aver_Loss: 110.9811
[early-stopping] Epoch 9: new best val ELBO = -109.297441
Epoch 10/200, Batch 100, Aver_Loss: 111.6017
Epoch 10/200, Batch 200, Aver_Loss: 111.6135
Epoch 10/200, Batch 300, Aver_Loss: 109.3269
Epoch 10/200, Batch 400, Aver_Loss: 106.9554
[early-stopping] Epoch 10: new best val ELBO = -108.757925
Epoch 11/200, Batch 100, Aver_Loss: 112.3755
Epoch 11/200, Batch 200, Aver_Loss: 102.2851
Epoch 11/200, Batch 300, Aver_Loss: 109.2094
Epoch 11/200, Batch 400, Aver_Loss: 109.8635
[early-stopping] Epoch 11: new best val ELBO = -108.377005
Epoch 12/200, Batch 100, Aver_Loss: 111.1949
Epoch 12/200, Batch 200, Aver_Loss: 109.8905
Epoch 12/200, Batch 300, Aver_Loss: 109.9556
Epoch 12/200, Batch 400, Aver_Loss: 103.7039
[early-stopping] Epoch 12: new best val ELBO = -107.561742
Epoch 13/200, Batch 100, Aver_Loss: 107.6065
Epoch 13/200, Batch 200, Aver_Loss: 106.6681
Epoch 13/200, Batch 300, Aver_Loss: 107.4292
Epoch 13/200, Batch 400, Aver_Loss: 113.1649
[early-stopping] Epoch 13: new best val ELBO = -106.970626
Epoch 14/200, Batch 100, Aver_Loss: 107.6750
Epoch 14/200, Batch 200, Aver_Loss: 105.6829
Epoch 14/200, Batch 300, Aver_Loss: 107.5000
Epoch 14/200, Batch 400, Aver_Loss: 107.9058
[early-stopping] Epoch 14: no improvement (1/20)
Epoch 15/200, Batch 100, Aver_Loss: 110.1866
Epoch 15/200, Batch 200, Aver_Loss: 105.3685
Epoch 15/200, Batch 300, Aver_Loss: 102.6861
Epoch 15/200, Batch 400, Aver_Loss: 104.1775
[early-stopping] Epoch 15: new best val ELBO = -106.681850
Epoch 16/200, Batch 100, Aver_Loss: 107.8295
Epoch 16/200, Batch 200, Aver_Loss: 103.8543
Epoch 16/200, Batch 300, Aver_Loss: 108.4482
Epoch 16/200, Batch 400, Aver_Loss: 106.2555
[early-stopping] Epoch 16: new best val ELBO = -106.445901
Epoch 17/200, Batch 100, Aver_Loss: 104.6650
Epoch 17/200, Batch 200, Aver_Loss: 110.1302
Epoch 17/200, Batch 300, Aver_Loss: 106.7884
Epoch 17/200, Batch 400, Aver_Loss: 107.6029
[early-stopping] Epoch 17: no improvement (1/20)
Epoch 18/200, Batch 100, Aver_Loss: 102.9939
Epoch 18/200, Batch 200, Aver_Loss: 100.0660
Epoch 18/200, Batch 300, Aver_Loss: 106.4084
Epoch 18/200, Batch 400, Aver_Loss: 110.1586
[early-stopping] Epoch 18: new best val ELBO = -106.125075
Epoch 19/200, Batch 100, Aver_Loss: 106.6790
Epoch 19/200, Batch 200, Aver_Loss: 107.0835
Epoch 19/200, Batch 300, Aver_Loss: 103.7675
Epoch 19/200, Batch 400, Aver_Loss: 105.7267
[early-stopping] Epoch 19: new best val ELBO = -105.835803
Epoch 20/200, Batch 100, Aver_Loss: 103.9741
Epoch 20/200, Batch 200, Aver_Loss: 105.3233
Epoch 20/200, Batch 300, Aver_Loss: 108.0188
Epoch 20/200, Batch 400, Aver_Loss: 105.0179
[early-stopping] Epoch 20: new best val ELBO = -105.556740
Epoch 21/200, Batch 100, Aver_Loss: 104.3945
Epoch 21/200, Batch 200, Aver_Loss: 101.5992
Epoch 21/200, Batch 300, Aver_Loss: 111.4424
Epoch 21/200, Batch 400, Aver_Loss: 107.9756
[early-stopping] Epoch 21: no improvement (1/20)
Epoch 22/200, Batch 100, Aver_Loss: 105.2199
Epoch 22/200, Batch 200, Aver_Loss: 104.7618
Epoch 22/200, Batch 300, Aver_Loss: 101.9532
Epoch 22/200, Batch 400, Aver_Loss: 110.5239
[early-stopping] Epoch 22: new best val ELBO = -105.034557
Epoch 23/200, Batch 100, Aver_Loss: 97.6444
Epoch 23/200, Batch 200, Aver_Loss: 104.7805
Epoch 23/200, Batch 300, Aver_Loss: 103.6854
Epoch 23/200, Batch 400, Aver_Loss: 106.2236
[early-stopping] Epoch 23: no improvement (1/20)
Epoch 24/200, Batch 100, Aver_Loss: 101.1990
Epoch 24/200, Batch 200, Aver_Loss: 104.4045
Epoch 24/200, Batch 300, Aver_Loss: 103.0690
Epoch 24/200, Batch 400, Aver_Loss: 97.1316
[early-stopping] Epoch 24: no improvement (2/20)
Epoch 25/200, Batch 100, Aver_Loss: 102.9367
Epoch 25/200, Batch 200, Aver_Loss: 107.5365
Epoch 25/200, Batch 300, Aver_Loss: 102.8288
Epoch 25/200, Batch 400, Aver_Loss: 106.9932
[early-stopping] Epoch 25: new best val ELBO = -104.737409
Epoch 26/200, Batch 100, Aver_Loss: 101.2059
Epoch 26/200, Batch 200, Aver_Loss: 102.6415
Epoch 26/200, Batch 300, Aver_Loss: 102.6133
Epoch 26/200, Batch 400, Aver_Loss: 104.8461
[early-stopping] Epoch 26: no improvement (1/20)
Epoch 27/200, Batch 100, Aver_Loss: 103.3018
Epoch 27/200, Batch 200, Aver_Loss: 106.7308
Epoch 27/200, Batch 300, Aver_Loss: 103.3086
Epoch 27/200, Batch 400, Aver_Loss: 103.5928
[early-stopping] Epoch 27: new best val ELBO = -104.521523
Epoch 28/200, Batch 100, Aver_Loss: 107.3160
Epoch 28/200, Batch 200, Aver_Loss: 101.5482
Epoch 28/200, Batch 300, Aver_Loss: 102.4978
Epoch 28/200, Batch 400, Aver_Loss: 103.2010
[early-stopping] Epoch 28: no improvement (1/20)
Epoch 29/200, Batch 100, Aver_Loss: 108.2221
Epoch 29/200, Batch 200, Aver_Loss: 100.6320
Epoch 29/200, Batch 300, Aver_Loss: 99.3344
Epoch 29/200, Batch 400, Aver_Loss: 105.2482
[early-stopping] Epoch 29: new best val ELBO = -104.481051
Epoch 30/200, Batch 100, Aver_Loss: 101.5511
Epoch 30/200, Batch 200, Aver_Loss: 100.7170
Epoch 30/200, Batch 300, Aver_Loss: 104.2083
Epoch 30/200, Batch 400, Aver_Loss: 100.4173
[early-stopping] Epoch 30: new best val ELBO = -104.336891
Epoch 31/200, Batch 100, Aver_Loss: 103.0654
Epoch 31/200, Batch 200, Aver_Loss: 100.3382
Epoch 31/200, Batch 300, Aver_Loss: 105.5332
Epoch 31/200, Batch 400, Aver_Loss: 105.6895
[early-stopping] Epoch 31: new best val ELBO = -103.979748
Epoch 32/200, Batch 100, Aver_Loss: 108.0352
Epoch 32/200, Batch 200, Aver_Loss: 106.5553
Epoch 32/200, Batch 300, Aver_Loss: 102.8508
Epoch 32/200, Batch 400, Aver_Loss: 108.0229
[early-stopping] Epoch 32: no improvement (1/20)
Epoch 33/200, Batch 100, Aver_Loss: 102.4954
Epoch 33/200, Batch 200, Aver_Loss: 107.0245
Epoch 33/200, Batch 300, Aver_Loss: 103.2257
Epoch 33/200, Batch 400, Aver_Loss: 103.4387
[early-stopping] Epoch 33: no improvement (2/20)
Epoch 34/200, Batch 100, Aver_Loss: 104.6495
Epoch 34/200, Batch 200, Aver_Loss: 104.4265
Epoch 34/200, Batch 300, Aver_Loss: 99.9197
Epoch 34/200, Batch 400, Aver_Loss: 102.1857
[early-stopping] Epoch 34: no improvement (3/20)
Epoch 35/200, Batch 100, Aver_Loss: 104.2785
Epoch 35/200, Batch 200, Aver_Loss: 103.3223
Epoch 35/200, Batch 300, Aver_Loss: 104.0235
Epoch 35/200, Batch 400, Aver_Loss: 101.6669
[early-stopping] Epoch 35: no improvement (4/20)
Epoch 36/200, Batch 100, Aver_Loss: 104.6202
Epoch 36/200, Batch 200, Aver_Loss: 104.3310
Epoch 36/200, Batch 300, Aver_Loss: 102.0905
Epoch 36/200, Batch 400, Aver_Loss: 100.1771
[early-stopping] Epoch 36: no improvement (5/20)
Epoch 37/200, Batch 100, Aver_Loss: 104.8623
Epoch 37/200, Batch 200, Aver_Loss: 103.6920
Epoch 37/200, Batch 300, Aver_Loss: 104.7589
Epoch 37/200, Batch 400, Aver_Loss: 102.4752
[early-stopping] Epoch 37: new best val ELBO = -103.950611
Epoch 38/200, Batch 100, Aver_Loss: 100.6260
Epoch 38/200, Batch 200, Aver_Loss: 102.2210
Epoch 38/200, Batch 300, Aver_Loss: 102.7693
Epoch 38/200, Batch 400, Aver_Loss: 104.8238
[early-stopping] Epoch 38: new best val ELBO = -103.694795
Epoch 39/200, Batch 100, Aver_Loss: 104.2401
Epoch 39/200, Batch 200, Aver_Loss: 101.0802
Epoch 39/200, Batch 300, Aver_Loss: 102.2262
Epoch 39/200, Batch 400, Aver_Loss: 101.6078
[early-stopping] Epoch 39: no improvement (1/20)
Epoch 40/200, Batch 100, Aver_Loss: 103.3766
Epoch 40/200, Batch 200, Aver_Loss: 103.7670
Epoch 40/200, Batch 300, Aver_Loss: 109.5864
Epoch 40/200, Batch 400, Aver_Loss: 105.3293
[early-stopping] Epoch 40: no improvement (2/20)
Epoch 41/200, Batch 100, Aver_Loss: 102.9560
Epoch 41/200, Batch 200, Aver_Loss: 104.9755
Epoch 41/200, Batch 300, Aver_Loss: 99.6745
Epoch 41/200, Batch 400, Aver_Loss: 102.6545
[early-stopping] Epoch 41: new best val ELBO = -103.676523
Epoch 42/200, Batch 100, Aver_Loss: 103.6599
Epoch 42/200, Batch 200, Aver_Loss: 102.6890
Epoch 42/200, Batch 300, Aver_Loss: 104.0677
Epoch 42/200, Batch 400, Aver_Loss: 99.9739
[early-stopping] Epoch 42: new best val ELBO = -103.500148
Epoch 43/200, Batch 100, Aver_Loss: 102.4293
Epoch 43/200, Batch 200, Aver_Loss: 101.9478
Epoch 43/200, Batch 300, Aver_Loss: 103.1956
Epoch 43/200, Batch 400, Aver_Loss: 107.0260
[early-stopping] Epoch 43: new best val ELBO = -103.307329
Epoch 44/200, Batch 100, Aver_Loss: 106.5884
Epoch 44/200, Batch 200, Aver_Loss: 102.6556
Epoch 44/200, Batch 300, Aver_Loss: 98.6710
Epoch 44/200, Batch 400, Aver_Loss: 95.9850
[early-stopping] Epoch 44: no improvement (1/20)
Epoch 45/200, Batch 100, Aver_Loss: 104.6479
Epoch 45/200, Batch 200, Aver_Loss: 103.9131
Epoch 45/200, Batch 300, Aver_Loss: 103.2629
Epoch 45/200, Batch 400, Aver_Loss: 103.9091
[early-stopping] Epoch 45: no improvement (2/20)
Epoch 46/200, Batch 100, Aver_Loss: 104.5746
Epoch 46/200, Batch 200, Aver_Loss: 97.4400
Epoch 46/200, Batch 300, Aver_Loss: 103.0018
Epoch 46/200, Batch 400, Aver_Loss: 104.8878
[early-stopping] Epoch 46: new best val ELBO = -103.273836
Epoch 47/200, Batch 100, Aver_Loss: 98.6612
Epoch 47/200, Batch 200, Aver_Loss: 99.5739
Epoch 47/200, Batch 300, Aver_Loss: 103.5783
Epoch 47/200, Batch 400, Aver_Loss: 101.8498
[early-stopping] Epoch 47: no improvement (1/20)
Epoch 48/200, Batch 100, Aver_Loss: 102.4673
Epoch 48/200, Batch 200, Aver_Loss: 100.9986
Epoch 48/200, Batch 300, Aver_Loss: 104.4267
Epoch 48/200, Batch 400, Aver_Loss: 101.7137
[early-stopping] Epoch 48: no improvement (2/20)
Epoch 49/200, Batch 100, Aver_Loss: 105.2114
Epoch 49/200, Batch 200, Aver_Loss: 98.7005
Epoch 49/200, Batch 300, Aver_Loss: 101.7321
Epoch 49/200, Batch 400, Aver_Loss: 104.0589
[early-stopping] Epoch 49: new best val ELBO = -103.012338
Epoch 50/200, Batch 100, Aver_Loss: 102.5477
Epoch 50/200, Batch 200, Aver_Loss: 110.6891
Epoch 50/200, Batch 300, Aver_Loss: 103.9599
Epoch 50/200, Batch 400, Aver_Loss: 100.0186
[early-stopping] Epoch 50: no improvement (1/20)
Epoch 51/200, Batch 100, Aver_Loss: 104.0716
Epoch 51/200, Batch 200, Aver_Loss: 100.6220
Epoch 51/200, Batch 300, Aver_Loss: 101.5145
Epoch 51/200, Batch 400, Aver_Loss: 103.8439
[early-stopping] Epoch 51: no improvement (2/20)
Epoch 52/200, Batch 100, Aver_Loss: 102.1221
Epoch 52/200, Batch 200, Aver_Loss: 100.9286
Epoch 52/200, Batch 300, Aver_Loss: 96.9041
Epoch 52/200, Batch 400, Aver_Loss: 98.3211
[early-stopping] Epoch 52: new best val ELBO = -102.926330
Epoch 53/200, Batch 100, Aver_Loss: 100.3259
Epoch 53/200, Batch 200, Aver_Loss: 100.5724
Epoch 53/200, Batch 300, Aver_Loss: 97.3220
Epoch 53/200, Batch 400, Aver_Loss: 103.1025
[early-stopping] Epoch 53: no improvement (1/20)
Epoch 54/200, Batch 100, Aver_Loss: 102.6922
Epoch 54/200, Batch 200, Aver_Loss: 104.8161
Epoch 54/200, Batch 300, Aver_Loss: 101.4554
Epoch 54/200, Batch 400, Aver_Loss: 101.8638
[early-stopping] Epoch 54: no improvement (2/20)
Epoch 55/200, Batch 100, Aver_Loss: 97.3224
Epoch 55/200, Batch 200, Aver_Loss: 104.3090
Epoch 55/200, Batch 300, Aver_Loss: 104.3690
Epoch 55/200, Batch 400, Aver_Loss: 103.0100
[early-stopping] Epoch 55: new best val ELBO = -102.700618
Epoch 56/200, Batch 100, Aver_Loss: 107.6817
Epoch 56/200, Batch 200, Aver_Loss: 96.1355
Epoch 56/200, Batch 300, Aver_Loss: 96.4973
Epoch 56/200, Batch 400, Aver_Loss: 98.3563
[early-stopping] Epoch 56: no improvement (1/20)
Epoch 57/200, Batch 100, Aver_Loss: 99.0027
Epoch 57/200, Batch 200, Aver_Loss: 101.9820
Epoch 57/200, Batch 300, Aver_Loss: 102.1544
Epoch 57/200, Batch 400, Aver_Loss: 101.6105
[early-stopping] Epoch 57: no improvement (2/20)
Epoch 58/200, Batch 100, Aver_Loss: 103.7202
Epoch 58/200, Batch 200, Aver_Loss: 100.6837
Epoch 58/200, Batch 300, Aver_Loss: 102.4577
Epoch 58/200, Batch 400, Aver_Loss: 105.8477
[early-stopping] Epoch 58: no improvement (3/20)
Epoch 59/200, Batch 100, Aver_Loss: 103.1731
Epoch 59/200, Batch 200, Aver_Loss: 100.0810
Epoch 59/200, Batch 300, Aver_Loss: 105.3090
Epoch 59/200, Batch 400, Aver_Loss: 102.0078
[early-stopping] Epoch 59: new best val ELBO = -102.537938
Epoch 60/200, Batch 100, Aver_Loss: 97.9687
Epoch 60/200, Batch 200, Aver_Loss: 104.5319
Epoch 60/200, Batch 300, Aver_Loss: 101.5576
Epoch 60/200, Batch 400, Aver_Loss: 100.8583
[early-stopping] Epoch 60: no improvement (1/20)
Epoch 61/200, Batch 100, Aver_Loss: 106.0724
Epoch 61/200, Batch 200, Aver_Loss: 101.8874
Epoch 61/200, Batch 300, Aver_Loss: 101.3913
Epoch 61/200, Batch 400, Aver_Loss: 98.7516
[early-stopping] Epoch 61: no improvement (2/20)
Epoch 62/200, Batch 100, Aver_Loss: 99.6519
Epoch 62/200, Batch 200, Aver_Loss: 101.4453
Epoch 62/200, Batch 300, Aver_Loss: 103.1969
Epoch 62/200, Batch 400, Aver_Loss: 101.3328
[early-stopping] Epoch 62: no improvement (3/20)
Epoch 63/200, Batch 100, Aver_Loss: 101.5401
Epoch 63/200, Batch 200, Aver_Loss: 100.7995
Epoch 63/200, Batch 300, Aver_Loss: 107.8154
Epoch 63/200, Batch 400, Aver_Loss: 99.3904
[early-stopping] Epoch 63: no improvement (4/20)
Epoch 64/200, Batch 100, Aver_Loss: 103.2147
Epoch 64/200, Batch 200, Aver_Loss: 103.7689
Epoch 64/200, Batch 300, Aver_Loss: 102.1842
Epoch 64/200, Batch 400, Aver_Loss: 103.9786
[early-stopping] Epoch 64: no improvement (5/20)
Epoch 65/200, Batch 100, Aver_Loss: 101.8177
Epoch 65/200, Batch 200, Aver_Loss: 104.9549
Epoch 65/200, Batch 300, Aver_Loss: 101.0211
Epoch 65/200, Batch 400, Aver_Loss: 102.1799
[early-stopping] Epoch 65: new best val ELBO = -102.372193
Epoch 66/200, Batch 100, Aver_Loss: 101.7854
Epoch 66/200, Batch 200, Aver_Loss: 103.2109
Epoch 66/200, Batch 300, Aver_Loss: 96.4052
Epoch 66/200, Batch 400, Aver_Loss: 100.2902
[early-stopping] Epoch 66: no improvement (1/20)
Epoch 67/200, Batch 100, Aver_Loss: 100.5519
Epoch 67/200, Batch 200, Aver_Loss: 100.0656
Epoch 67/200, Batch 300, Aver_Loss: 99.5931
Epoch 67/200, Batch 400, Aver_Loss: 102.0385
[early-stopping] Epoch 67: no improvement (2/20)
Epoch 68/200, Batch 100, Aver_Loss: 97.6989
Epoch 68/200, Batch 200, Aver_Loss: 100.3867
Epoch 68/200, Batch 300, Aver_Loss: 99.7569
Epoch 68/200, Batch 400, Aver_Loss: 98.4713
[early-stopping] Epoch 68: no improvement (3/20)
Epoch 69/200, Batch 100, Aver_Loss: 100.6755
Epoch 69/200, Batch 200, Aver_Loss: 104.7255
Epoch 69/200, Batch 300, Aver_Loss: 98.9907
Epoch 69/200, Batch 400, Aver_Loss: 106.9240
[early-stopping] Epoch 69: no improvement (4/20)
Epoch 70/200, Batch 100, Aver_Loss: 102.0650
Epoch 70/200, Batch 200, Aver_Loss: 100.5204
Epoch 70/200, Batch 300, Aver_Loss: 100.1631
Epoch 70/200, Batch 400, Aver_Loss: 104.7368
[early-stopping] Epoch 70: no improvement (5/20)
Epoch 71/200, Batch 100, Aver_Loss: 103.0290
Epoch 71/200, Batch 200, Aver_Loss: 97.2926
Epoch 71/200, Batch 300, Aver_Loss: 96.9133
Epoch 71/200, Batch 400, Aver_Loss: 99.7004
[early-stopping] Epoch 71: no improvement (6/20)
Epoch 72/200, Batch 100, Aver_Loss: 100.2645
Epoch 72/200, Batch 200, Aver_Loss: 100.1953
Epoch 72/200, Batch 300, Aver_Loss: 97.1735
Epoch 72/200, Batch 400, Aver_Loss: 103.4399
[early-stopping] Epoch 72: no improvement (7/20)
Epoch 73/200, Batch 100, Aver_Loss: 98.9485
Epoch 73/200, Batch 200, Aver_Loss: 102.9933
Epoch 73/200, Batch 300, Aver_Loss: 102.2306
Epoch 73/200, Batch 400, Aver_Loss: 102.7554
[early-stopping] Epoch 73: no improvement (8/20)
Epoch 74/200, Batch 100, Aver_Loss: 101.7675
Epoch 74/200, Batch 200, Aver_Loss: 102.9842
Epoch 74/200, Batch 300, Aver_Loss: 101.6505
Epoch 74/200, Batch 400, Aver_Loss: 103.1189
[early-stopping] Epoch 74: no improvement (9/20)
Epoch 75/200, Batch 100, Aver_Loss: 100.9810
Epoch 75/200, Batch 200, Aver_Loss: 100.8022
Epoch 75/200, Batch 300, Aver_Loss: 99.6556
Epoch 75/200, Batch 400, Aver_Loss: 96.4059
[early-stopping] Epoch 75: new best val ELBO = -102.238826
Epoch 76/200, Batch 100, Aver_Loss: 100.0560
Epoch 76/200, Batch 200, Aver_Loss: 103.1519
Epoch 76/200, Batch 300, Aver_Loss: 101.9555
Epoch 76/200, Batch 400, Aver_Loss: 99.9940
[early-stopping] Epoch 76: new best val ELBO = -102.130174
Epoch 77/200, Batch 100, Aver_Loss: 99.9134
Epoch 77/200, Batch 200, Aver_Loss: 99.9932
Epoch 77/200, Batch 300, Aver_Loss: 98.1949
Epoch 77/200, Batch 400, Aver_Loss: 98.5801
[early-stopping] Epoch 77: no improvement (1/20)
Epoch 78/200, Batch 100, Aver_Loss: 97.4487
Epoch 78/200, Batch 200, Aver_Loss: 104.8143
Epoch 78/200, Batch 300, Aver_Loss: 100.0155
Epoch 78/200, Batch 400, Aver_Loss: 102.2552
[early-stopping] Epoch 78: no improvement (2/20)
Epoch 79/200, Batch 100, Aver_Loss: 98.9257
Epoch 79/200, Batch 200, Aver_Loss: 105.2389
Epoch 79/200, Batch 300, Aver_Loss: 100.4612
Epoch 79/200, Batch 400, Aver_Loss: 101.6626
[early-stopping] Epoch 79: no improvement (3/20)
Epoch 80/200, Batch 100, Aver_Loss: 99.9207
Epoch 80/200, Batch 200, Aver_Loss: 102.9071
Epoch 80/200, Batch 300, Aver_Loss: 99.9332
Epoch 80/200, Batch 400, Aver_Loss: 99.0906
[early-stopping] Epoch 80: no improvement (4/20)
Epoch 81/200, Batch 100, Aver_Loss: 103.6230
Epoch 81/200, Batch 200, Aver_Loss: 101.5127
Epoch 81/200, Batch 300, Aver_Loss: 97.0636
Epoch 81/200, Batch 400, Aver_Loss: 100.7880
[early-stopping] Epoch 81: new best val ELBO = -102.012235
Epoch 82/200, Batch 100, Aver_Loss: 98.8556
Epoch 82/200, Batch 200, Aver_Loss: 95.1256
Epoch 82/200, Batch 300, Aver_Loss: 101.5641
Epoch 82/200, Batch 400, Aver_Loss: 97.4637
[early-stopping] Epoch 82: no improvement (1/20)
Epoch 83/200, Batch 100, Aver_Loss: 98.9874
Epoch 83/200, Batch 200, Aver_Loss: 97.8368
Epoch 83/200, Batch 300, Aver_Loss: 101.4145
Epoch 83/200, Batch 400, Aver_Loss: 99.4285
[early-stopping] Epoch 83: no improvement (2/20)
Epoch 84/200, Batch 100, Aver_Loss: 98.9231
Epoch 84/200, Batch 200, Aver_Loss: 102.0616
Epoch 84/200, Batch 300, Aver_Loss: 100.7901
Epoch 84/200, Batch 400, Aver_Loss: 103.5758
[early-stopping] Epoch 84: no improvement (3/20)
Epoch 85/200, Batch 100, Aver_Loss: 100.9526
Epoch 85/200, Batch 200, Aver_Loss: 101.9981
Epoch 85/200, Batch 300, Aver_Loss: 104.7822
Epoch 85/200, Batch 400, Aver_Loss: 104.6610
[early-stopping] Epoch 85: no improvement (4/20)
Epoch 86/200, Batch 100, Aver_Loss: 100.7968
Epoch 86/200, Batch 200, Aver_Loss: 102.5560
Epoch 86/200, Batch 300, Aver_Loss: 101.2826
Epoch 86/200, Batch 400, Aver_Loss: 100.4472
[early-stopping] Epoch 86: no improvement (5/20)
Epoch 87/200, Batch 100, Aver_Loss: 99.8174
Epoch 87/200, Batch 200, Aver_Loss: 100.1010
Epoch 87/200, Batch 300, Aver_Loss: 103.1100
Epoch 87/200, Batch 400, Aver_Loss: 98.5779
[early-stopping] Epoch 87: no improvement (6/20)
Epoch 88/200, Batch 100, Aver_Loss: 101.7490
Epoch 88/200, Batch 200, Aver_Loss: 105.6237
Epoch 88/200, Batch 300, Aver_Loss: 97.2384
Epoch 88/200, Batch 400, Aver_Loss: 97.4180
[early-stopping] Epoch 88: new best val ELBO = -101.831703
Epoch 89/200, Batch 100, Aver_Loss: 96.7172
Epoch 89/200, Batch 200, Aver_Loss: 102.1494
Epoch 89/200, Batch 300, Aver_Loss: 99.7145
Epoch 89/200, Batch 400, Aver_Loss: 102.9730
[early-stopping] Epoch 89: no improvement (1/20)
Epoch 90/200, Batch 100, Aver_Loss: 96.9331
Epoch 90/200, Batch 200, Aver_Loss: 98.3711
Epoch 90/200, Batch 300, Aver_Loss: 102.0586
Epoch 90/200, Batch 400, Aver_Loss: 105.0407
[early-stopping] Epoch 90: no improvement (2/20)
Epoch 91/200, Batch 100, Aver_Loss: 100.8617
Epoch 91/200, Batch 200, Aver_Loss: 102.2648
Epoch 91/200, Batch 300, Aver_Loss: 96.3465
Epoch 91/200, Batch 400, Aver_Loss: 103.3623
[early-stopping] Epoch 91: no improvement (3/20)
Epoch 92/200, Batch 100, Aver_Loss: 98.3868
Epoch 92/200, Batch 200, Aver_Loss: 100.5399
Epoch 92/200, Batch 300, Aver_Loss: 98.3552
Epoch 92/200, Batch 400, Aver_Loss: 99.9664
[early-stopping] Epoch 92: no improvement (4/20)
Epoch 93/200, Batch 100, Aver_Loss: 102.7946
Epoch 93/200, Batch 200, Aver_Loss: 101.4089
Epoch 93/200, Batch 300, Aver_Loss: 101.5329
Epoch 93/200, Batch 400, Aver_Loss: 99.1222
[early-stopping] Epoch 93: no improvement (5/20)
Epoch 94/200, Batch 100, Aver_Loss: 101.8956
Epoch 94/200, Batch 200, Aver_Loss: 101.2316
Epoch 94/200, Batch 300, Aver_Loss: 103.0885
Epoch 94/200, Batch 400, Aver_Loss: 97.9307
[early-stopping] Epoch 94: no improvement (6/20)
Epoch 95/200, Batch 100, Aver_Loss: 99.9274
Epoch 95/200, Batch 200, Aver_Loss: 98.6059
Epoch 95/200, Batch 300, Aver_Loss: 100.6020
Epoch 95/200, Batch 400, Aver_Loss: 100.6190
[early-stopping] Epoch 95: no improvement (7/20)
Epoch 96/200, Batch 100, Aver_Loss: 100.4152
Epoch 96/200, Batch 200, Aver_Loss: 98.6071
Epoch 96/200, Batch 300, Aver_Loss: 103.0810
Epoch 96/200, Batch 400, Aver_Loss: 96.9484
[early-stopping] Epoch 96: no improvement (8/20)
Epoch 97/200, Batch 100, Aver_Loss: 96.9189
Epoch 97/200, Batch 200, Aver_Loss: 100.0220
Epoch 97/200, Batch 300, Aver_Loss: 103.1926
Epoch 97/200, Batch 400, Aver_Loss: 101.0835
[early-stopping] Epoch 97: no improvement (9/20)
Epoch 98/200, Batch 100, Aver_Loss: 98.5116
Epoch 98/200, Batch 200, Aver_Loss: 101.8503
Epoch 98/200, Batch 300, Aver_Loss: 98.1665
Epoch 98/200, Batch 400, Aver_Loss: 97.2854
[early-stopping] Epoch 98: no improvement (10/20)
Epoch 99/200, Batch 100, Aver_Loss: 98.5600
Epoch 99/200, Batch 200, Aver_Loss: 100.9348
Epoch 99/200, Batch 300, Aver_Loss: 102.2002
Epoch 99/200, Batch 400, Aver_Loss: 99.5877
[early-stopping] Epoch 99: no improvement (11/20)
Epoch 100/200, Batch 100, Aver_Loss: 98.5145
Epoch 100/200, Batch 200, Aver_Loss: 98.8757
Epoch 100/200, Batch 300, Aver_Loss: 105.8568
Epoch 100/200, Batch 400, Aver_Loss: 102.2146
[early-stopping] Epoch 100: no improvement (12/20)
Epoch 101/200, Batch 100, Aver_Loss: 98.5137
Epoch 101/200, Batch 200, Aver_Loss: 97.0581
Epoch 101/200, Batch 300, Aver_Loss: 99.0370
Epoch 101/200, Batch 400, Aver_Loss: 100.0469
[early-stopping] Epoch 101: no improvement (13/20)
Epoch 102/200, Batch 100, Aver_Loss: 98.4992
Epoch 102/200, Batch 200, Aver_Loss: 104.5761
Epoch 102/200, Batch 300, Aver_Loss: 96.1013
Epoch 102/200, Batch 400, Aver_Loss: 102.7551
[early-stopping] Epoch 102: no improvement (14/20)
Epoch 103/200, Batch 100, Aver_Loss: 101.5477
Epoch 103/200, Batch 200, Aver_Loss: 103.3600
Epoch 103/200, Batch 300, Aver_Loss: 99.6222
Epoch 103/200, Batch 400, Aver_Loss: 102.2649
[early-stopping] Epoch 103: no improvement (15/20)
Epoch 104/200, Batch 100, Aver_Loss: 96.3910
Epoch 104/200, Batch 200, Aver_Loss: 97.5917
Epoch 104/200, Batch 300, Aver_Loss: 103.8933
Epoch 104/200, Batch 400, Aver_Loss: 102.1650
[early-stopping] Epoch 104: no improvement (16/20)
Epoch 105/200, Batch 100, Aver_Loss: 99.9869
Epoch 105/200, Batch 200, Aver_Loss: 97.5959
Epoch 105/200, Batch 300, Aver_Loss: 104.0691
Epoch 105/200, Batch 400, Aver_Loss: 95.4736
[early-stopping] Epoch 105: no improvement (17/20)
Epoch 106/200, Batch 100, Aver_Loss: 99.5503
Epoch 106/200, Batch 200, Aver_Loss: 105.7020
Epoch 106/200, Batch 300, Aver_Loss: 100.3456
Epoch 106/200, Batch 400, Aver_Loss: 103.6567
[early-stopping] Epoch 106: no improvement (18/20)
Epoch 107/200, Batch 100, Aver_Loss: 98.1474
Epoch 107/200, Batch 200, Aver_Loss: 102.8305
Epoch 107/200, Batch 300, Aver_Loss: 100.6599
Epoch 107/200, Batch 400, Aver_Loss: 101.6823
[early-stopping] Epoch 107: new best val ELBO = -101.619409
Epoch 108/200, Batch 100, Aver_Loss: 102.2220
Epoch 108/200, Batch 200, Aver_Loss: 99.0877
Epoch 108/200, Batch 300, Aver_Loss: 102.0652
Epoch 108/200, Batch 400, Aver_Loss: 104.1599
[early-stopping] Epoch 108: no improvement (1/20)
Epoch 109/200, Batch 100, Aver_Loss: 99.5825
Epoch 109/200, Batch 200, Aver_Loss: 101.9429
Epoch 109/200, Batch 300, Aver_Loss: 99.9186
Epoch 109/200, Batch 400, Aver_Loss: 102.5783
[early-stopping] Epoch 109: no improvement (2/20)
Epoch 110/200, Batch 100, Aver_Loss: 102.5884
Epoch 110/200, Batch 200, Aver_Loss: 102.0777
Epoch 110/200, Batch 300, Aver_Loss: 102.3458
Epoch 110/200, Batch 400, Aver_Loss: 97.4303
[early-stopping] Epoch 110: new best val ELBO = -101.594805
Epoch 111/200, Batch 100, Aver_Loss: 97.2161
Epoch 111/200, Batch 200, Aver_Loss: 97.7256
Epoch 111/200, Batch 300, Aver_Loss: 97.8931
Epoch 111/200, Batch 400, Aver_Loss: 98.2197
[early-stopping] Epoch 111: no improvement (1/20)
Epoch 112/200, Batch 100, Aver_Loss: 99.8661
Epoch 112/200, Batch 200, Aver_Loss: 104.5886
Epoch 112/200, Batch 300, Aver_Loss: 100.8811
Epoch 112/200, Batch 400, Aver_Loss: 100.9513
[early-stopping] Epoch 112: no improvement (2/20)
Epoch 113/200, Batch 100, Aver_Loss: 103.0736
Epoch 113/200, Batch 200, Aver_Loss: 101.4825
Epoch 113/200, Batch 300, Aver_Loss: 97.1382
Epoch 113/200, Batch 400, Aver_Loss: 97.6747
[early-stopping] Epoch 113: no improvement (3/20)
Epoch 114/200, Batch 100, Aver_Loss: 100.8661
Epoch 114/200, Batch 200, Aver_Loss: 97.0394
Epoch 114/200, Batch 300, Aver_Loss: 99.4619
Epoch 114/200, Batch 400, Aver_Loss: 105.4428
[early-stopping] Epoch 114: new best val ELBO = -101.581637
Epoch 115/200, Batch 100, Aver_Loss: 105.6632
Epoch 115/200, Batch 200, Aver_Loss: 109.3479
Epoch 115/200, Batch 300, Aver_Loss: 99.6518
Epoch 115/200, Batch 400, Aver_Loss: 101.1086
[early-stopping] Epoch 115: no improvement (1/20)
Epoch 116/200, Batch 100, Aver_Loss: 103.0807
Epoch 116/200, Batch 200, Aver_Loss: 98.7600
Epoch 116/200, Batch 300, Aver_Loss: 98.5263
Epoch 116/200, Batch 400, Aver_Loss: 100.5205
[early-stopping] Epoch 116: no improvement (2/20)
Epoch 117/200, Batch 100, Aver_Loss: 100.7182
Epoch 117/200, Batch 200, Aver_Loss: 99.5479
Epoch 117/200, Batch 300, Aver_Loss: 100.8282
Epoch 117/200, Batch 400, Aver_Loss: 97.4587
[early-stopping] Epoch 117: no improvement (3/20)
Epoch 118/200, Batch 100, Aver_Loss: 98.9916
Epoch 118/200, Batch 200, Aver_Loss: 98.9484
Epoch 118/200, Batch 300, Aver_Loss: 100.8507
Epoch 118/200, Batch 400, Aver_Loss: 97.4443
[early-stopping] Epoch 118: no improvement (4/20)
Epoch 119/200, Batch 100, Aver_Loss: 97.6913
Epoch 119/200, Batch 200, Aver_Loss: 99.8273
Epoch 119/200, Batch 300, Aver_Loss: 101.0809
Epoch 119/200, Batch 400, Aver_Loss: 101.2599
[early-stopping] Epoch 119: no improvement (5/20)
Epoch 120/200, Batch 100, Aver_Loss: 103.5154
Epoch 120/200, Batch 200, Aver_Loss: 95.4513
Epoch 120/200, Batch 300, Aver_Loss: 106.1158
Epoch 120/200, Batch 400, Aver_Loss: 102.1002
[early-stopping] Epoch 120: new best val ELBO = -101.524225
Epoch 121/200, Batch 100, Aver_Loss: 99.8104
Epoch 121/200, Batch 200, Aver_Loss: 99.4640
Epoch 121/200, Batch 300, Aver_Loss: 100.7682
Epoch 121/200, Batch 400, Aver_Loss: 98.3710
[early-stopping] Epoch 121: no improvement (1/20)
Epoch 122/200, Batch 100, Aver_Loss: 97.7437
Epoch 122/200, Batch 200, Aver_Loss: 100.5443
Epoch 122/200, Batch 300, Aver_Loss: 102.0465
Epoch 122/200, Batch 400, Aver_Loss: 100.2477
[early-stopping] Epoch 122: no improvement (2/20)
Epoch 123/200, Batch 100, Aver_Loss: 100.4986
Epoch 123/200, Batch 200, Aver_Loss: 100.2325
Epoch 123/200, Batch 300, Aver_Loss: 95.1717
Epoch 123/200, Batch 400, Aver_Loss: 101.3821
[early-stopping] Epoch 123: no improvement (3/20)
Epoch 124/200, Batch 100, Aver_Loss: 98.4144
Epoch 124/200, Batch 200, Aver_Loss: 100.2464
Epoch 124/200, Batch 300, Aver_Loss: 102.5638
Epoch 124/200, Batch 400, Aver_Loss: 101.5432
[early-stopping] Epoch 124: no improvement (4/20)
Epoch 125/200, Batch 100, Aver_Loss: 98.6783
Epoch 125/200, Batch 200, Aver_Loss: 101.3804
Epoch 125/200, Batch 300, Aver_Loss: 100.8048
Epoch 125/200, Batch 400, Aver_Loss: 102.2098
[early-stopping] Epoch 125: no improvement (5/20)
Epoch 126/200, Batch 100, Aver_Loss: 100.5424
Epoch 126/200, Batch 200, Aver_Loss: 103.1744
Epoch 126/200, Batch 300, Aver_Loss: 103.1222
Epoch 126/200, Batch 400, Aver_Loss: 101.0272
[early-stopping] Epoch 126: no improvement (6/20)
Epoch 127/200, Batch 100, Aver_Loss: 99.5723
Epoch 127/200, Batch 200, Aver_Loss: 99.1733
Epoch 127/200, Batch 300, Aver_Loss: 103.6505
Epoch 127/200, Batch 400, Aver_Loss: 93.1500
[early-stopping] Epoch 127: new best val ELBO = -101.502372
Epoch 128/200, Batch 100, Aver_Loss: 102.4876
Epoch 128/200, Batch 200, Aver_Loss: 99.0038
Epoch 128/200, Batch 300, Aver_Loss: 99.6893
Epoch 128/200, Batch 400, Aver_Loss: 95.0790
[early-stopping] Epoch 128: no improvement (1/20)
Epoch 129/200, Batch 100, Aver_Loss: 103.2651
Epoch 129/200, Batch 200, Aver_Loss: 95.4313
Epoch 129/200, Batch 300, Aver_Loss: 96.8077
Epoch 129/200, Batch 400, Aver_Loss: 102.4871
[early-stopping] Epoch 129: no improvement (2/20)
Epoch 130/200, Batch 100, Aver_Loss: 103.5495
Epoch 130/200, Batch 200, Aver_Loss: 102.8191
Epoch 130/200, Batch 300, Aver_Loss: 99.5990
Epoch 130/200, Batch 400, Aver_Loss: 96.5131
[early-stopping] Epoch 130: no improvement (3/20)
Epoch 131/200, Batch 100, Aver_Loss: 99.7882
Epoch 131/200, Batch 200, Aver_Loss: 92.9571
Epoch 131/200, Batch 300, Aver_Loss: 101.0657
Epoch 131/200, Batch 400, Aver_Loss: 98.6944
[early-stopping] Epoch 131: no improvement (4/20)
Epoch 132/200, Batch 100, Aver_Loss: 99.4721
Epoch 132/200, Batch 200, Aver_Loss: 97.4226
Epoch 132/200, Batch 300, Aver_Loss: 101.4720
Epoch 132/200, Batch 400, Aver_Loss: 102.0418
[early-stopping] Epoch 132: new best val ELBO = -101.301169
Epoch 133/200, Batch 100, Aver_Loss: 101.6239
Epoch 133/200, Batch 200, Aver_Loss: 102.9489
Epoch 133/200, Batch 300, Aver_Loss: 98.0312
Epoch 133/200, Batch 400, Aver_Loss: 98.3348
[early-stopping] Epoch 133: no improvement (1/20)
Epoch 134/200, Batch 100, Aver_Loss: 101.9982
Epoch 134/200, Batch 200, Aver_Loss: 101.1567
Epoch 134/200, Batch 300, Aver_Loss: 101.5926
Epoch 134/200, Batch 400, Aver_Loss: 100.6794
[early-stopping] Epoch 134: no improvement (2/20)
Epoch 135/200, Batch 100, Aver_Loss: 102.7442
Epoch 135/200, Batch 200, Aver_Loss: 102.2848
Epoch 135/200, Batch 300, Aver_Loss: 102.7143
Epoch 135/200, Batch 400, Aver_Loss: 101.5168
[early-stopping] Epoch 135: no improvement (3/20)
Epoch 136/200, Batch 100, Aver_Loss: 98.9808
Epoch 136/200, Batch 200, Aver_Loss: 102.4366
Epoch 136/200, Batch 300, Aver_Loss: 99.6361
Epoch 136/200, Batch 400, Aver_Loss: 99.8399
[early-stopping] Epoch 136: no improvement (4/20)
Epoch 137/200, Batch 100, Aver_Loss: 102.3984
Epoch 137/200, Batch 200, Aver_Loss: 98.9817
Epoch 137/200, Batch 300, Aver_Loss: 99.5463
Epoch 137/200, Batch 400, Aver_Loss: 97.3812
[early-stopping] Epoch 137: no improvement (5/20)
Epoch 138/200, Batch 100, Aver_Loss: 98.8775
Epoch 138/200, Batch 200, Aver_Loss: 101.9727
Epoch 138/200, Batch 300, Aver_Loss: 101.0407
Epoch 138/200, Batch 400, Aver_Loss: 102.9016
[early-stopping] Epoch 138: no improvement (6/20)
Epoch 139/200, Batch 100, Aver_Loss: 99.0487
Epoch 139/200, Batch 200, Aver_Loss: 96.9873
Epoch 139/200, Batch 300, Aver_Loss: 100.1053
Epoch 139/200, Batch 400, Aver_Loss: 96.3075
[early-stopping] Epoch 139: no improvement (7/20)
Epoch 140/200, Batch 100, Aver_Loss: 99.2906
Epoch 140/200, Batch 200, Aver_Loss: 99.8660
Epoch 140/200, Batch 300, Aver_Loss: 100.4159
Epoch 140/200, Batch 400, Aver_Loss: 104.5324
[early-stopping] Epoch 140: no improvement (8/20)
Epoch 141/200, Batch 100, Aver_Loss: 97.4216
Epoch 141/200, Batch 200, Aver_Loss: 102.0431
Epoch 141/200, Batch 300, Aver_Loss: 101.7083
Epoch 141/200, Batch 400, Aver_Loss: 99.3551
[early-stopping] Epoch 141: no improvement (9/20)
Epoch 142/200, Batch 100, Aver_Loss: 99.2764
Epoch 142/200, Batch 200, Aver_Loss: 101.7455
Epoch 142/200, Batch 300, Aver_Loss: 104.3647
Epoch 142/200, Batch 400, Aver_Loss: 101.3671
[early-stopping] Epoch 142: no improvement (10/20)
Epoch 143/200, Batch 100, Aver_Loss: 100.4191
Epoch 143/200, Batch 200, Aver_Loss: 105.0602
Epoch 143/200, Batch 300, Aver_Loss: 99.4489
Epoch 143/200, Batch 400, Aver_Loss: 100.2278
[early-stopping] Epoch 143: no improvement (11/20)
Epoch 144/200, Batch 100, Aver_Loss: 99.8852
Epoch 144/200, Batch 200, Aver_Loss: 100.8392
Epoch 144/200, Batch 300, Aver_Loss: 101.4773
Epoch 144/200, Batch 400, Aver_Loss: 100.8558
[early-stopping] Epoch 144: no improvement (12/20)
Epoch 145/200, Batch 100, Aver_Loss: 100.9885
Epoch 145/200, Batch 200, Aver_Loss: 99.2462
Epoch 145/200, Batch 300, Aver_Loss: 102.2119
Epoch 145/200, Batch 400, Aver_Loss: 98.1385
[early-stopping] Epoch 145: no improvement (13/20)
Epoch 146/200, Batch 100, Aver_Loss: 102.0572
Epoch 146/200, Batch 200, Aver_Loss: 100.6988
Epoch 146/200, Batch 300, Aver_Loss: 103.5519
Epoch 146/200, Batch 400, Aver_Loss: 100.3289
[early-stopping] Epoch 146: new best val ELBO = -101.157852
Epoch 147/200, Batch 100, Aver_Loss: 100.5098
Epoch 147/200, Batch 200, Aver_Loss: 105.1300
Epoch 147/200, Batch 300, Aver_Loss: 98.3539
Epoch 147/200, Batch 400, Aver_Loss: 102.4878
[early-stopping] Epoch 147: no improvement (1/20)
Epoch 148/200, Batch 100, Aver_Loss: 97.2137
Epoch 148/200, Batch 200, Aver_Loss: 99.9862
Epoch 148/200, Batch 300, Aver_Loss: 101.5038
Epoch 148/200, Batch 400, Aver_Loss: 98.8382
[early-stopping] Epoch 148: no improvement (2/20)
Epoch 149/200, Batch 100, Aver_Loss: 99.5785
Epoch 149/200, Batch 200, Aver_Loss: 97.9589
Epoch 149/200, Batch 300, Aver_Loss: 100.7958
Epoch 149/200, Batch 400, Aver_Loss: 99.8137
[early-stopping] Epoch 149: no improvement (3/20)
Epoch 150/200, Batch 100, Aver_Loss: 99.2535
Epoch 150/200, Batch 200, Aver_Loss: 99.1023
Epoch 150/200, Batch 300, Aver_Loss: 96.8184
Epoch 150/200, Batch 400, Aver_Loss: 95.5258
[early-stopping] Epoch 150: no improvement (4/20)
Epoch 151/200, Batch 100, Aver_Loss: 101.6312
Epoch 151/200, Batch 200, Aver_Loss: 103.7841
Epoch 151/200, Batch 300, Aver_Loss: 99.8830
Epoch 151/200, Batch 400, Aver_Loss: 98.5364
[early-stopping] Epoch 151: no improvement (5/20)
Epoch 152/200, Batch 100, Aver_Loss: 98.4320
Epoch 152/200, Batch 200, Aver_Loss: 100.9049
Epoch 152/200, Batch 300, Aver_Loss: 97.8935
Epoch 152/200, Batch 400, Aver_Loss: 103.9635
[early-stopping] Epoch 152: no improvement (6/20)
Epoch 153/200, Batch 100, Aver_Loss: 100.0160
Epoch 153/200, Batch 200, Aver_Loss: 99.5202
Epoch 153/200, Batch 300, Aver_Loss: 98.4718
Epoch 153/200, Batch 400, Aver_Loss: 102.6796
[early-stopping] Epoch 153: no improvement (7/20)
Epoch 154/200, Batch 100, Aver_Loss: 102.0100
Epoch 154/200, Batch 200, Aver_Loss: 100.5496
Epoch 154/200, Batch 300, Aver_Loss: 103.2956
Epoch 154/200, Batch 400, Aver_Loss: 96.9458
[early-stopping] Epoch 154: no improvement (8/20)
Epoch 155/200, Batch 100, Aver_Loss: 100.9917
Epoch 155/200, Batch 200, Aver_Loss: 100.6043
Epoch 155/200, Batch 300, Aver_Loss: 100.5221
Epoch 155/200, Batch 400, Aver_Loss: 102.0353
[early-stopping] Epoch 155: no improvement (9/20)
Epoch 156/200, Batch 100, Aver_Loss: 100.4479
Epoch 156/200, Batch 200, Aver_Loss: 103.2542
Epoch 156/200, Batch 300, Aver_Loss: 99.7094
Epoch 156/200, Batch 400, Aver_Loss: 100.7071
[early-stopping] Epoch 156: no improvement (10/20)
Epoch 157/200, Batch 100, Aver_Loss: 98.3076
Epoch 157/200, Batch 200, Aver_Loss: 101.1073
Epoch 157/200, Batch 300, Aver_Loss: 98.7503
Epoch 157/200, Batch 400, Aver_Loss: 99.1141
[early-stopping] Epoch 157: new best val ELBO = -100.989527
Epoch 158/200, Batch 100, Aver_Loss: 100.3659
Epoch 158/200, Batch 200, Aver_Loss: 99.0865
Epoch 158/200, Batch 300, Aver_Loss: 102.6381
Epoch 158/200, Batch 400, Aver_Loss: 102.5367
[early-stopping] Epoch 158: no improvement (1/20)
Epoch 159/200, Batch 100, Aver_Loss: 102.1760
Epoch 159/200, Batch 200, Aver_Loss: 99.9184
Epoch 159/200, Batch 300, Aver_Loss: 99.7158
Epoch 159/200, Batch 400, Aver_Loss: 101.0246
[early-stopping] Epoch 159: no improvement (2/20)
Epoch 160/200, Batch 100, Aver_Loss: 107.1662
Epoch 160/200, Batch 200, Aver_Loss: 101.4412
Epoch 160/200, Batch 300, Aver_Loss: 96.7681
Epoch 160/200, Batch 400, Aver_Loss: 97.0150
[early-stopping] Epoch 160: no improvement (3/20)
Epoch 161/200, Batch 100, Aver_Loss: 95.8553
Epoch 161/200, Batch 200, Aver_Loss: 99.5484
Epoch 161/200, Batch 300, Aver_Loss: 98.3932
Epoch 161/200, Batch 400, Aver_Loss: 102.9677
[early-stopping] Epoch 161: no improvement (4/20)
Epoch 162/200, Batch 100, Aver_Loss: 101.3893
Epoch 162/200, Batch 200, Aver_Loss: 96.5274
Epoch 162/200, Batch 300, Aver_Loss: 99.5198
Epoch 162/200, Batch 400, Aver_Loss: 100.3700
[early-stopping] Epoch 162: no improvement (5/20)
Epoch 163/200, Batch 100, Aver_Loss: 98.0846
Epoch 163/200, Batch 200, Aver_Loss: 99.5461
Epoch 163/200, Batch 300, Aver_Loss: 101.1210
Epoch 163/200, Batch 400, Aver_Loss: 100.7204
[early-stopping] Epoch 163: no improvement (6/20)
Epoch 164/200, Batch 100, Aver_Loss: 97.2571
Epoch 164/200, Batch 200, Aver_Loss: 97.3389
Epoch 164/200, Batch 300, Aver_Loss: 102.7649
Epoch 164/200, Batch 400, Aver_Loss: 99.6791
[early-stopping] Epoch 164: no improvement (7/20)
Epoch 165/200, Batch 100, Aver_Loss: 98.0815
Epoch 165/200, Batch 200, Aver_Loss: 101.8820
Epoch 165/200, Batch 300, Aver_Loss: 99.5103
Epoch 165/200, Batch 400, Aver_Loss: 98.8280
[early-stopping] Epoch 165: no improvement (8/20)
Epoch 166/200, Batch 100, Aver_Loss: 101.9234
Epoch 166/200, Batch 200, Aver_Loss: 100.0259
Epoch 166/200, Batch 300, Aver_Loss: 101.9971
Epoch 166/200, Batch 400, Aver_Loss: 106.3272
[early-stopping] Epoch 166: no improvement (9/20)
Epoch 167/200, Batch 100, Aver_Loss: 101.3024
Epoch 167/200, Batch 200, Aver_Loss: 94.1047
Epoch 167/200, Batch 300, Aver_Loss: 96.9802
Epoch 167/200, Batch 400, Aver_Loss: 98.1697
[early-stopping] Epoch 167: no improvement (10/20)
Epoch 168/200, Batch 100, Aver_Loss: 101.3992
Epoch 168/200, Batch 200, Aver_Loss: 97.8113
Epoch 168/200, Batch 300, Aver_Loss: 103.5103
Epoch 168/200, Batch 400, Aver_Loss: 99.3608
[early-stopping] Epoch 168: no improvement (11/20)
Epoch 169/200, Batch 100, Aver_Loss: 102.1797
Epoch 169/200, Batch 200, Aver_Loss: 97.3372
Epoch 169/200, Batch 300, Aver_Loss: 94.6478
Epoch 169/200, Batch 400, Aver_Loss: 103.2492
[early-stopping] Epoch 169: no improvement (12/20)
Epoch 170/200, Batch 100, Aver_Loss: 99.7115
Epoch 170/200, Batch 200, Aver_Loss: 103.7614
Epoch 170/200, Batch 300, Aver_Loss: 99.7434
Epoch 170/200, Batch 400, Aver_Loss: 101.7737
[early-stopping] Epoch 170: no improvement (13/20)
Epoch 171/200, Batch 100, Aver_Loss: 102.6475
Epoch 171/200, Batch 200, Aver_Loss: 94.9281
Epoch 171/200, Batch 300, Aver_Loss: 98.1035
Epoch 171/200, Batch 400, Aver_Loss: 101.6008
[early-stopping] Epoch 171: no improvement (14/20)
Epoch 172/200, Batch 100, Aver_Loss: 100.1032
Epoch 172/200, Batch 200, Aver_Loss: 96.0779
Epoch 172/200, Batch 300, Aver_Loss: 98.4663
Epoch 172/200, Batch 400, Aver_Loss: 101.2277
[early-stopping] Epoch 172: no improvement (15/20)
Epoch 173/200, Batch 100, Aver_Loss: 96.9483
Epoch 173/200, Batch 200, Aver_Loss: 98.2931
Epoch 173/200, Batch 300, Aver_Loss: 103.8192
Epoch 173/200, Batch 400, Aver_Loss: 100.9994
[early-stopping] Epoch 173: no improvement (16/20)
Epoch 174/200, Batch 100, Aver_Loss: 102.0279
Epoch 174/200, Batch 200, Aver_Loss: 98.3465
Epoch 174/200, Batch 300, Aver_Loss: 102.3519
Epoch 174/200, Batch 400, Aver_Loss: 100.4289
[early-stopping] Epoch 174: no improvement (17/20)
Epoch 175/200, Batch 100, Aver_Loss: 100.9445
Epoch 175/200, Batch 200, Aver_Loss: 98.7480
Epoch 175/200, Batch 300, Aver_Loss: 100.6793
Epoch 175/200, Batch 400, Aver_Loss: 101.7826
[early-stopping] Epoch 175: no improvement (18/20)
Epoch 176/200, Batch 100, Aver_Loss: 97.2450
Epoch 176/200, Batch 200, Aver_Loss: 100.8321
Epoch 176/200, Batch 300, Aver_Loss: 98.5637
Epoch 176/200, Batch 400, Aver_Loss: 102.1153
[early-stopping] Epoch 176: no improvement (19/20)
Epoch 177/200, Batch 100, Aver_Loss: 99.7785
Epoch 177/200, Batch 200, Aver_Loss: 99.9599
Epoch 177/200, Batch 300, Aver_Loss: 97.5667
Epoch 177/200, Batch 400, Aver_Loss: 97.1680
[early-stopping] Epoch 177: no improvement (20/20)
[early-stopping] Patience reached. Stopping at epoch 177. Best epoch: 157, best val ELBO: -100.989527
[early-stopping] Loaded best model from epoch 157 (val ELBO = -100.989527)
[checkpoint] Saved best model to: trained_parameters/mnist_basic_zdim16_VAE.pkl
[saved curves] ./results/MNIST_BASIC/curves/mnist_basic_vae_d16_s777.json

==== Evaluation Summary ====
                 model: vae
   recon/mse_per_pixel: 0.011828
            elbo/train: -99.329551
             elbo/test: -101.000507
             mse/train: 0.010988
              mse/test: 0.011828
             probe/acc: 0.899524
             probe/nll: 0.324760
           probe/brier: 0.149166
             probe/ece: 0.014009
           cluster/nmi: 0.516634
           cluster/ari: 0.393456
============================

