/usr/bin/which: no fi_info in (/arf/home/meyavuz/.local/bin:/arf/sw/comp/python/intelpython3/condabin:/arf/sw/comp/python/intelpython3/bin:/usr/share/Modules/bin:/usr/local/bin:/usr/bin:/usr/local/sbin:/usr/sbin)
Extension for Scikit-learn* enabled (https://github.com/uxlfoundation/scikit-learn-intelex)
/arf/home/meyavuz/.conda/envs/sbn/lib/python3.9/site-packages/sklearn/linear_model/_logistic.py:1247: FutureWarning: 'multi_class' was deprecated in version 1.5 and will be removed in 1.7. From then on, it will always use 'multinomial'. Leave it to its default value to avoid this warning.
  warnings.warn(
Epoch 1/200, Batch 100, Aver_Loss: 535.8136
Epoch 1/200, Batch 200, Aver_Loss: 531.8939
Epoch 1/200, Batch 300, Aver_Loss: 533.0787
Epoch 1/200, Batch 400, Aver_Loss: 530.0610
[early-stopping] Epoch 1: new best val ELBO = -530.652771
Epoch 2/200, Batch 100, Aver_Loss: 529.5539
Epoch 2/200, Batch 200, Aver_Loss: 530.8238
Epoch 2/200, Batch 300, Aver_Loss: 530.4690
Epoch 2/200, Batch 400, Aver_Loss: 530.4109
[early-stopping] Epoch 2: new best val ELBO = -529.649900
Epoch 3/200, Batch 100, Aver_Loss: 529.6025
Epoch 3/200, Batch 200, Aver_Loss: 528.5303
Epoch 3/200, Batch 300, Aver_Loss: 529.1593
Epoch 3/200, Batch 400, Aver_Loss: 528.5397
[early-stopping] Epoch 3: new best val ELBO = -529.465802
Epoch 4/200, Batch 100, Aver_Loss: 528.9912
Epoch 4/200, Batch 200, Aver_Loss: 528.2058
Epoch 4/200, Batch 300, Aver_Loss: 527.6015
Epoch 4/200, Batch 400, Aver_Loss: 529.1110
[early-stopping] Epoch 4: new best val ELBO = -528.762006
Epoch 5/200, Batch 100, Aver_Loss: 528.2029
Epoch 5/200, Batch 200, Aver_Loss: 529.8185
Epoch 5/200, Batch 300, Aver_Loss: 527.9507
Epoch 5/200, Batch 400, Aver_Loss: 528.3548
[early-stopping] Epoch 5: new best val ELBO = -528.610896
Epoch 6/200, Batch 100, Aver_Loss: 528.5970
Epoch 6/200, Batch 200, Aver_Loss: 527.6851
Epoch 6/200, Batch 300, Aver_Loss: 527.4127
Epoch 6/200, Batch 400, Aver_Loss: 528.4536
[early-stopping] Epoch 6: new best val ELBO = -528.170880
Epoch 7/200, Batch 100, Aver_Loss: 527.8987
Epoch 7/200, Batch 200, Aver_Loss: 530.7059
Epoch 7/200, Batch 300, Aver_Loss: 528.6047
Epoch 7/200, Batch 400, Aver_Loss: 528.7802
[early-stopping] Epoch 7: new best val ELBO = -528.115019
Epoch 8/200, Batch 100, Aver_Loss: 528.9128
Epoch 8/200, Batch 200, Aver_Loss: 528.5369
Epoch 8/200, Batch 300, Aver_Loss: 529.2295
Epoch 8/200, Batch 400, Aver_Loss: 527.3905
[early-stopping] Epoch 8: new best val ELBO = -527.793731
Epoch 9/200, Batch 100, Aver_Loss: 526.8645
Epoch 9/200, Batch 200, Aver_Loss: 528.2979
Epoch 9/200, Batch 300, Aver_Loss: 526.9101
Epoch 9/200, Batch 400, Aver_Loss: 528.5645
[early-stopping] Epoch 9: new best val ELBO = -527.520528
Epoch 10/200, Batch 100, Aver_Loss: 528.9229
Epoch 10/200, Batch 200, Aver_Loss: 527.6284
Epoch 10/200, Batch 300, Aver_Loss: 528.6055
Epoch 10/200, Batch 400, Aver_Loss: 526.9988
[early-stopping] Epoch 10: no improvement (1/20)
Epoch 11/200, Batch 100, Aver_Loss: 526.3076
Epoch 11/200, Batch 200, Aver_Loss: 526.7084
Epoch 11/200, Batch 300, Aver_Loss: 528.5526
Epoch 11/200, Batch 400, Aver_Loss: 525.8879
[early-stopping] Epoch 11: new best val ELBO = -527.067482
Epoch 12/200, Batch 100, Aver_Loss: 528.2023
Epoch 12/200, Batch 200, Aver_Loss: 529.1654
Epoch 12/200, Batch 300, Aver_Loss: 525.7787
Epoch 12/200, Batch 400, Aver_Loss: 527.2338
[early-stopping] Epoch 12: new best val ELBO = -527.013459
Epoch 13/200, Batch 100, Aver_Loss: 527.9377
Epoch 13/200, Batch 200, Aver_Loss: 525.6585
Epoch 13/200, Batch 300, Aver_Loss: 527.6943
Epoch 13/200, Batch 400, Aver_Loss: 525.0601
[early-stopping] Epoch 13: no improvement (1/20)
Epoch 14/200, Batch 100, Aver_Loss: 527.7926
Epoch 14/200, Batch 200, Aver_Loss: 527.8920
Epoch 14/200, Batch 300, Aver_Loss: 525.0200
Epoch 14/200, Batch 400, Aver_Loss: 528.7520
[early-stopping] Epoch 14: no improvement (2/20)
Epoch 15/200, Batch 100, Aver_Loss: 528.6508
Epoch 15/200, Batch 200, Aver_Loss: 527.1822
Epoch 15/200, Batch 300, Aver_Loss: 524.6019
Epoch 15/200, Batch 400, Aver_Loss: 527.9000
[early-stopping] Epoch 15: new best val ELBO = -526.826539
Epoch 16/200, Batch 100, Aver_Loss: 526.5443
Epoch 16/200, Batch 200, Aver_Loss: 526.2581
Epoch 16/200, Batch 300, Aver_Loss: 528.1359
Epoch 16/200, Batch 400, Aver_Loss: 527.6627
[early-stopping] Epoch 16: new best val ELBO = -526.676449
Epoch 17/200, Batch 100, Aver_Loss: 526.4236
Epoch 17/200, Batch 200, Aver_Loss: 527.8506
Epoch 17/200, Batch 300, Aver_Loss: 527.4651
Epoch 17/200, Batch 400, Aver_Loss: 527.9753
[early-stopping] Epoch 17: new best val ELBO = -526.604811
Epoch 18/200, Batch 100, Aver_Loss: 527.9174
Epoch 18/200, Batch 200, Aver_Loss: 527.9030
Epoch 18/200, Batch 300, Aver_Loss: 525.1243
Epoch 18/200, Batch 400, Aver_Loss: 528.2780
[early-stopping] Epoch 18: new best val ELBO = -526.565800
Epoch 19/200, Batch 100, Aver_Loss: 525.5710
Epoch 19/200, Batch 200, Aver_Loss: 530.3917
Epoch 19/200, Batch 300, Aver_Loss: 527.1664
Epoch 19/200, Batch 400, Aver_Loss: 525.6031
[early-stopping] Epoch 19: new best val ELBO = -526.545732
Epoch 20/200, Batch 100, Aver_Loss: 527.3113
Epoch 20/200, Batch 200, Aver_Loss: 525.2219
Epoch 20/200, Batch 300, Aver_Loss: 526.5720
Epoch 20/200, Batch 400, Aver_Loss: 524.5820
[early-stopping] Epoch 20: no improvement (1/20)
Epoch 21/200, Batch 100, Aver_Loss: 526.8505
Epoch 21/200, Batch 200, Aver_Loss: 528.4257
Epoch 21/200, Batch 300, Aver_Loss: 526.4579
Epoch 21/200, Batch 400, Aver_Loss: 526.9080
[early-stopping] Epoch 21: new best val ELBO = -526.481626
Epoch 22/200, Batch 100, Aver_Loss: 524.5667
Epoch 22/200, Batch 200, Aver_Loss: 527.0031
Epoch 22/200, Batch 300, Aver_Loss: 527.3796
Epoch 22/200, Batch 400, Aver_Loss: 524.6321
[early-stopping] Epoch 22: new best val ELBO = -526.442239
Epoch 23/200, Batch 100, Aver_Loss: 524.4993
Epoch 23/200, Batch 200, Aver_Loss: 526.6753
Epoch 23/200, Batch 300, Aver_Loss: 526.0899
Epoch 23/200, Batch 400, Aver_Loss: 525.8413
[early-stopping] Epoch 23: no improvement (1/20)
Epoch 24/200, Batch 100, Aver_Loss: 527.2744
Epoch 24/200, Batch 200, Aver_Loss: 526.0230
Epoch 24/200, Batch 300, Aver_Loss: 523.9833
Epoch 24/200, Batch 400, Aver_Loss: 526.2943
[early-stopping] Epoch 24: new best val ELBO = -526.218429
Epoch 25/200, Batch 100, Aver_Loss: 527.0023
Epoch 25/200, Batch 200, Aver_Loss: 524.7599
Epoch 25/200, Batch 300, Aver_Loss: 524.2659
Epoch 25/200, Batch 400, Aver_Loss: 526.9355
[early-stopping] Epoch 25: no improvement (1/20)
Epoch 26/200, Batch 100, Aver_Loss: 527.5463
Epoch 26/200, Batch 200, Aver_Loss: 525.1262
Epoch 26/200, Batch 300, Aver_Loss: 527.6245
Epoch 26/200, Batch 400, Aver_Loss: 526.2128
[early-stopping] Epoch 26: no improvement (2/20)
Epoch 27/200, Batch 100, Aver_Loss: 527.2213
Epoch 27/200, Batch 200, Aver_Loss: 526.6387
Epoch 27/200, Batch 300, Aver_Loss: 526.7194
Epoch 27/200, Batch 400, Aver_Loss: 527.4086
[early-stopping] Epoch 27: no improvement (3/20)
Epoch 28/200, Batch 100, Aver_Loss: 527.5925
Epoch 28/200, Batch 200, Aver_Loss: 525.5216
Epoch 28/200, Batch 300, Aver_Loss: 525.0813
Epoch 28/200, Batch 400, Aver_Loss: 527.0261
[early-stopping] Epoch 28: no improvement (4/20)
Epoch 29/200, Batch 100, Aver_Loss: 528.5264
Epoch 29/200, Batch 200, Aver_Loss: 524.1620
Epoch 29/200, Batch 300, Aver_Loss: 524.9266
Epoch 29/200, Batch 400, Aver_Loss: 526.4720
[early-stopping] Epoch 29: no improvement (5/20)
Epoch 30/200, Batch 100, Aver_Loss: 523.9982
Epoch 30/200, Batch 200, Aver_Loss: 525.7820
Epoch 30/200, Batch 300, Aver_Loss: 526.6547
Epoch 30/200, Batch 400, Aver_Loss: 526.8438
[early-stopping] Epoch 30: no improvement (6/20)
Epoch 31/200, Batch 100, Aver_Loss: 524.6395
Epoch 31/200, Batch 200, Aver_Loss: 526.3143
Epoch 31/200, Batch 300, Aver_Loss: 526.6406
Epoch 31/200, Batch 400, Aver_Loss: 526.4357
[early-stopping] Epoch 31: new best val ELBO = -525.997619
Epoch 32/200, Batch 100, Aver_Loss: 525.0621
Epoch 32/200, Batch 200, Aver_Loss: 527.2643
Epoch 32/200, Batch 300, Aver_Loss: 526.7559
Epoch 32/200, Batch 400, Aver_Loss: 525.7075
[early-stopping] Epoch 32: no improvement (1/20)
Epoch 33/200, Batch 100, Aver_Loss: 523.3632
Epoch 33/200, Batch 200, Aver_Loss: 527.0173
Epoch 33/200, Batch 300, Aver_Loss: 525.8068
Epoch 33/200, Batch 400, Aver_Loss: 526.7203
[early-stopping] Epoch 33: no improvement (2/20)
Epoch 34/200, Batch 100, Aver_Loss: 527.8503
Epoch 34/200, Batch 200, Aver_Loss: 528.3311
Epoch 34/200, Batch 300, Aver_Loss: 524.5811
Epoch 34/200, Batch 400, Aver_Loss: 524.2339
[early-stopping] Epoch 34: no improvement (3/20)
Epoch 35/200, Batch 100, Aver_Loss: 527.0500
Epoch 35/200, Batch 200, Aver_Loss: 526.5640
Epoch 35/200, Batch 300, Aver_Loss: 522.9940
Epoch 35/200, Batch 400, Aver_Loss: 526.3854
[early-stopping] Epoch 35: no improvement (4/20)
Epoch 36/200, Batch 100, Aver_Loss: 524.3745
Epoch 36/200, Batch 200, Aver_Loss: 526.4175
Epoch 36/200, Batch 300, Aver_Loss: 527.1248
Epoch 36/200, Batch 400, Aver_Loss: 525.7409
[early-stopping] Epoch 36: no improvement (5/20)
Epoch 37/200, Batch 100, Aver_Loss: 527.9160
Epoch 37/200, Batch 200, Aver_Loss: 525.4005
Epoch 37/200, Batch 300, Aver_Loss: 526.7900
Epoch 37/200, Batch 400, Aver_Loss: 523.7151
[early-stopping] Epoch 37: no improvement (6/20)
Epoch 38/200, Batch 100, Aver_Loss: 525.8043
Epoch 38/200, Batch 200, Aver_Loss: 525.6705
Epoch 38/200, Batch 300, Aver_Loss: 526.0225
Epoch 38/200, Batch 400, Aver_Loss: 524.7610
[early-stopping] Epoch 38: new best val ELBO = -525.894834
Epoch 39/200, Batch 100, Aver_Loss: 527.5622
Epoch 39/200, Batch 200, Aver_Loss: 526.8741
Epoch 39/200, Batch 300, Aver_Loss: 522.0469
Epoch 39/200, Batch 400, Aver_Loss: 524.8679
[early-stopping] Epoch 39: no improvement (1/20)
Epoch 40/200, Batch 100, Aver_Loss: 524.1583
Epoch 40/200, Batch 200, Aver_Loss: 525.6500
Epoch 40/200, Batch 300, Aver_Loss: 527.8963
Epoch 40/200, Batch 400, Aver_Loss: 524.6855
[early-stopping] Epoch 40: new best val ELBO = -525.799723
Epoch 41/200, Batch 100, Aver_Loss: 525.2162
Epoch 41/200, Batch 200, Aver_Loss: 526.2053
Epoch 41/200, Batch 300, Aver_Loss: 524.2328
Epoch 41/200, Batch 400, Aver_Loss: 527.0859
[early-stopping] Epoch 41: no improvement (1/20)
Epoch 42/200, Batch 100, Aver_Loss: 526.9547
Epoch 42/200, Batch 200, Aver_Loss: 523.6364
Epoch 42/200, Batch 300, Aver_Loss: 523.6116
Epoch 42/200, Batch 400, Aver_Loss: 526.1053
[early-stopping] Epoch 42: no improvement (2/20)
Epoch 43/200, Batch 100, Aver_Loss: 526.7739
Epoch 43/200, Batch 200, Aver_Loss: 525.6495
Epoch 43/200, Batch 300, Aver_Loss: 525.0020
Epoch 43/200, Batch 400, Aver_Loss: 526.0886
[early-stopping] Epoch 43: no improvement (3/20)
Epoch 44/200, Batch 100, Aver_Loss: 527.2695
Epoch 44/200, Batch 200, Aver_Loss: 527.6295
Epoch 44/200, Batch 300, Aver_Loss: 525.8448
Epoch 44/200, Batch 400, Aver_Loss: 525.3566
[early-stopping] Epoch 44: no improvement (4/20)
Epoch 45/200, Batch 100, Aver_Loss: 525.9196
Epoch 45/200, Batch 200, Aver_Loss: 522.9333
Epoch 45/200, Batch 300, Aver_Loss: 523.3145
Epoch 45/200, Batch 400, Aver_Loss: 524.3031
[early-stopping] Epoch 45: no improvement (5/20)
Epoch 46/200, Batch 100, Aver_Loss: 527.5071
Epoch 46/200, Batch 200, Aver_Loss: 526.3394
Epoch 46/200, Batch 300, Aver_Loss: 525.0687
Epoch 46/200, Batch 400, Aver_Loss: 525.9354
[early-stopping] Epoch 46: no improvement (6/20)
Epoch 47/200, Batch 100, Aver_Loss: 522.8496
Epoch 47/200, Batch 200, Aver_Loss: 528.1689
Epoch 47/200, Batch 300, Aver_Loss: 526.0095
Epoch 47/200, Batch 400, Aver_Loss: 527.8672
[early-stopping] Epoch 47: no improvement (7/20)
Epoch 48/200, Batch 100, Aver_Loss: 526.1306
Epoch 48/200, Batch 200, Aver_Loss: 527.7159
Epoch 48/200, Batch 300, Aver_Loss: 524.7712
Epoch 48/200, Batch 400, Aver_Loss: 527.4666
[early-stopping] Epoch 48: no improvement (8/20)
Epoch 49/200, Batch 100, Aver_Loss: 528.0439
Epoch 49/200, Batch 200, Aver_Loss: 527.0042
Epoch 49/200, Batch 300, Aver_Loss: 525.5493
Epoch 49/200, Batch 400, Aver_Loss: 527.9139
[early-stopping] Epoch 49: no improvement (9/20)
Epoch 50/200, Batch 100, Aver_Loss: 525.8203
Epoch 50/200, Batch 200, Aver_Loss: 527.2363
Epoch 50/200, Batch 300, Aver_Loss: 527.2087
Epoch 50/200, Batch 400, Aver_Loss: 526.8441
[early-stopping] Epoch 50: no improvement (10/20)
Epoch 51/200, Batch 100, Aver_Loss: 525.2845
Epoch 51/200, Batch 200, Aver_Loss: 524.8730
Epoch 51/200, Batch 300, Aver_Loss: 526.0449
Epoch 51/200, Batch 400, Aver_Loss: 524.8270
[early-stopping] Epoch 51: no improvement (11/20)
Epoch 52/200, Batch 100, Aver_Loss: 526.6660
Epoch 52/200, Batch 200, Aver_Loss: 525.9605
Epoch 52/200, Batch 300, Aver_Loss: 523.8863
Epoch 52/200, Batch 400, Aver_Loss: 526.9714
[early-stopping] Epoch 52: no improvement (12/20)
Epoch 53/200, Batch 100, Aver_Loss: 525.6887
Epoch 53/200, Batch 200, Aver_Loss: 525.1671
Epoch 53/200, Batch 300, Aver_Loss: 525.5531
Epoch 53/200, Batch 400, Aver_Loss: 523.7218
[early-stopping] Epoch 53: no improvement (13/20)
Epoch 54/200, Batch 100, Aver_Loss: 523.6435
Epoch 54/200, Batch 200, Aver_Loss: 525.2127
Epoch 54/200, Batch 300, Aver_Loss: 526.2029
Epoch 54/200, Batch 400, Aver_Loss: 526.2011
[early-stopping] Epoch 54: no improvement (14/20)
Epoch 55/200, Batch 100, Aver_Loss: 524.3188
Epoch 55/200, Batch 200, Aver_Loss: 527.5639
Epoch 55/200, Batch 300, Aver_Loss: 525.9808
Epoch 55/200, Batch 400, Aver_Loss: 523.7499
[early-stopping] Epoch 55: no improvement (15/20)
Epoch 56/200, Batch 100, Aver_Loss: 524.2353
Epoch 56/200, Batch 200, Aver_Loss: 526.7392
Epoch 56/200, Batch 300, Aver_Loss: 523.8469
Epoch 56/200, Batch 400, Aver_Loss: 523.5093
[early-stopping] Epoch 56: new best val ELBO = -525.758738
Epoch 57/200, Batch 100, Aver_Loss: 527.0579
Epoch 57/200, Batch 200, Aver_Loss: 525.8058
Epoch 57/200, Batch 300, Aver_Loss: 524.1802
Epoch 57/200, Batch 400, Aver_Loss: 525.0980
[early-stopping] Epoch 57: new best val ELBO = -525.754901
Epoch 58/200, Batch 100, Aver_Loss: 524.8588
Epoch 58/200, Batch 200, Aver_Loss: 525.0427
Epoch 58/200, Batch 300, Aver_Loss: 524.9133
Epoch 58/200, Batch 400, Aver_Loss: 526.0761
[early-stopping] Epoch 58: no improvement (1/20)
Epoch 59/200, Batch 100, Aver_Loss: 525.1377
Epoch 59/200, Batch 200, Aver_Loss: 526.9640
Epoch 59/200, Batch 300, Aver_Loss: 527.2396
Epoch 59/200, Batch 400, Aver_Loss: 525.3227
[early-stopping] Epoch 59: no improvement (2/20)
Epoch 60/200, Batch 100, Aver_Loss: 525.1957
Epoch 60/200, Batch 200, Aver_Loss: 527.4637
Epoch 60/200, Batch 300, Aver_Loss: 527.9747
Epoch 60/200, Batch 400, Aver_Loss: 525.0687
[early-stopping] Epoch 60: no improvement (3/20)
Epoch 61/200, Batch 100, Aver_Loss: 524.6208
Epoch 61/200, Batch 200, Aver_Loss: 524.0060
Epoch 61/200, Batch 300, Aver_Loss: 525.4116
Epoch 61/200, Batch 400, Aver_Loss: 522.2108
[early-stopping] Epoch 61: no improvement (4/20)
Epoch 62/200, Batch 100, Aver_Loss: 527.4056
Epoch 62/200, Batch 200, Aver_Loss: 526.3836
Epoch 62/200, Batch 300, Aver_Loss: 525.3931
Epoch 62/200, Batch 400, Aver_Loss: 526.5750
[early-stopping] Epoch 62: no improvement (5/20)
Epoch 63/200, Batch 100, Aver_Loss: 525.3155
Epoch 63/200, Batch 200, Aver_Loss: 527.6173
Epoch 63/200, Batch 300, Aver_Loss: 526.2217
Epoch 63/200, Batch 400, Aver_Loss: 523.8894
[early-stopping] Epoch 63: no improvement (6/20)
Epoch 64/200, Batch 100, Aver_Loss: 528.9331
Epoch 64/200, Batch 200, Aver_Loss: 524.7106
Epoch 64/200, Batch 300, Aver_Loss: 522.9164
Epoch 64/200, Batch 400, Aver_Loss: 524.9703
[early-stopping] Epoch 64: no improvement (7/20)
Epoch 65/200, Batch 100, Aver_Loss: 526.7133
Epoch 65/200, Batch 200, Aver_Loss: 527.1539
Epoch 65/200, Batch 300, Aver_Loss: 526.2192
Epoch 65/200, Batch 400, Aver_Loss: 526.7925
[early-stopping] Epoch 65: no improvement (8/20)
Epoch 66/200, Batch 100, Aver_Loss: 526.3464
Epoch 66/200, Batch 200, Aver_Loss: 525.3320
Epoch 66/200, Batch 300, Aver_Loss: 525.9615
Epoch 66/200, Batch 400, Aver_Loss: 526.4072
[early-stopping] Epoch 66: no improvement (9/20)
Epoch 67/200, Batch 100, Aver_Loss: 524.8420
Epoch 67/200, Batch 200, Aver_Loss: 527.1746
Epoch 67/200, Batch 300, Aver_Loss: 527.1658
Epoch 67/200, Batch 400, Aver_Loss: 525.6802
[early-stopping] Epoch 67: no improvement (10/20)
Epoch 68/200, Batch 100, Aver_Loss: 526.8536
Epoch 68/200, Batch 200, Aver_Loss: 524.1162
Epoch 68/200, Batch 300, Aver_Loss: 524.8482
Epoch 68/200, Batch 400, Aver_Loss: 527.5770
[early-stopping] Epoch 68: no improvement (11/20)
Epoch 69/200, Batch 100, Aver_Loss: 525.7394
Epoch 69/200, Batch 200, Aver_Loss: 524.9848
Epoch 69/200, Batch 300, Aver_Loss: 524.3649
Epoch 69/200, Batch 400, Aver_Loss: 524.4717
[early-stopping] Epoch 69: new best val ELBO = -525.687242
Epoch 70/200, Batch 100, Aver_Loss: 526.3530
Epoch 70/200, Batch 200, Aver_Loss: 524.5185
Epoch 70/200, Batch 300, Aver_Loss: 525.3111
Epoch 70/200, Batch 400, Aver_Loss: 524.9216
[early-stopping] Epoch 70: no improvement (1/20)
Epoch 71/200, Batch 100, Aver_Loss: 523.8762
Epoch 71/200, Batch 200, Aver_Loss: 526.1353
Epoch 71/200, Batch 300, Aver_Loss: 527.0172
Epoch 71/200, Batch 400, Aver_Loss: 525.7549
[early-stopping] Epoch 71: no improvement (2/20)
Epoch 72/200, Batch 100, Aver_Loss: 524.6898
Epoch 72/200, Batch 200, Aver_Loss: 527.3615
Epoch 72/200, Batch 300, Aver_Loss: 527.8685
Epoch 72/200, Batch 400, Aver_Loss: 526.6031
[early-stopping] Epoch 72: no improvement (3/20)
Epoch 73/200, Batch 100, Aver_Loss: 523.6450
Epoch 73/200, Batch 200, Aver_Loss: 526.7564
Epoch 73/200, Batch 300, Aver_Loss: 526.4029
Epoch 73/200, Batch 400, Aver_Loss: 525.9481
[early-stopping] Epoch 73: no improvement (4/20)
Epoch 74/200, Batch 100, Aver_Loss: 526.7568
Epoch 74/200, Batch 200, Aver_Loss: 525.9051
Epoch 74/200, Batch 300, Aver_Loss: 523.5271
Epoch 74/200, Batch 400, Aver_Loss: 524.4421
[early-stopping] Epoch 74: no improvement (5/20)
Epoch 75/200, Batch 100, Aver_Loss: 525.0950
Epoch 75/200, Batch 200, Aver_Loss: 525.7363
Epoch 75/200, Batch 300, Aver_Loss: 526.2253
Epoch 75/200, Batch 400, Aver_Loss: 525.2584
[early-stopping] Epoch 75: no improvement (6/20)
Epoch 76/200, Batch 100, Aver_Loss: 524.9067
Epoch 76/200, Batch 200, Aver_Loss: 522.7639
Epoch 76/200, Batch 300, Aver_Loss: 527.8272
Epoch 76/200, Batch 400, Aver_Loss: 526.5640
[early-stopping] Epoch 76: no improvement (7/20)
Epoch 77/200, Batch 100, Aver_Loss: 527.5287
Epoch 77/200, Batch 200, Aver_Loss: 524.0934
Epoch 77/200, Batch 300, Aver_Loss: 527.7872
Epoch 77/200, Batch 400, Aver_Loss: 527.8602
[early-stopping] Epoch 77: no improvement (8/20)
Epoch 78/200, Batch 100, Aver_Loss: 527.9005
Epoch 78/200, Batch 200, Aver_Loss: 524.1872
Epoch 78/200, Batch 300, Aver_Loss: 526.0103
Epoch 78/200, Batch 400, Aver_Loss: 526.2388
[early-stopping] Epoch 78: no improvement (9/20)
Epoch 79/200, Batch 100, Aver_Loss: 525.7145
Epoch 79/200, Batch 200, Aver_Loss: 525.8879
Epoch 79/200, Batch 300, Aver_Loss: 524.3286
Epoch 79/200, Batch 400, Aver_Loss: 524.8557
[early-stopping] Epoch 79: no improvement (10/20)
Epoch 80/200, Batch 100, Aver_Loss: 525.9045
Epoch 80/200, Batch 200, Aver_Loss: 523.6036
Epoch 80/200, Batch 300, Aver_Loss: 525.4274
Epoch 80/200, Batch 400, Aver_Loss: 525.0812
[early-stopping] Epoch 80: no improvement (11/20)
Epoch 81/200, Batch 100, Aver_Loss: 525.9073
Epoch 81/200, Batch 200, Aver_Loss: 525.7354
Epoch 81/200, Batch 300, Aver_Loss: 524.8754
Epoch 81/200, Batch 400, Aver_Loss: 525.3595
[early-stopping] Epoch 81: no improvement (12/20)
Epoch 82/200, Batch 100, Aver_Loss: 525.9569
Epoch 82/200, Batch 200, Aver_Loss: 525.1441
Epoch 82/200, Batch 300, Aver_Loss: 526.3223
Epoch 82/200, Batch 400, Aver_Loss: 526.5042
[early-stopping] Epoch 82: no improvement (13/20)
Epoch 83/200, Batch 100, Aver_Loss: 528.3619
Epoch 83/200, Batch 200, Aver_Loss: 525.4521
Epoch 83/200, Batch 300, Aver_Loss: 525.8409
Epoch 83/200, Batch 400, Aver_Loss: 527.0338
[early-stopping] Epoch 83: new best val ELBO = -525.675526
Epoch 84/200, Batch 100, Aver_Loss: 526.2018
Epoch 84/200, Batch 200, Aver_Loss: 526.4279
Epoch 84/200, Batch 300, Aver_Loss: 523.8094
Epoch 84/200, Batch 400, Aver_Loss: 527.4965
[early-stopping] Epoch 84: new best val ELBO = -525.644025
Epoch 85/200, Batch 100, Aver_Loss: 528.0588
Epoch 85/200, Batch 200, Aver_Loss: 526.1873
Epoch 85/200, Batch 300, Aver_Loss: 526.2921
Epoch 85/200, Batch 400, Aver_Loss: 526.0139
[early-stopping] Epoch 85: no improvement (1/20)
Epoch 86/200, Batch 100, Aver_Loss: 527.3489
Epoch 86/200, Batch 200, Aver_Loss: 527.4393
Epoch 86/200, Batch 300, Aver_Loss: 526.3071
Epoch 86/200, Batch 400, Aver_Loss: 525.6326
[early-stopping] Epoch 86: no improvement (2/20)
Epoch 87/200, Batch 100, Aver_Loss: 527.0131
Epoch 87/200, Batch 200, Aver_Loss: 525.1623
Epoch 87/200, Batch 300, Aver_Loss: 525.5297
Epoch 87/200, Batch 400, Aver_Loss: 527.0911
[early-stopping] Epoch 87: no improvement (3/20)
Epoch 88/200, Batch 100, Aver_Loss: 525.5039
Epoch 88/200, Batch 200, Aver_Loss: 528.2833
Epoch 88/200, Batch 300, Aver_Loss: 524.0269
Epoch 88/200, Batch 400, Aver_Loss: 526.0605
[early-stopping] Epoch 88: no improvement (4/20)
Epoch 89/200, Batch 100, Aver_Loss: 525.6342
Epoch 89/200, Batch 200, Aver_Loss: 525.8865
Epoch 89/200, Batch 300, Aver_Loss: 524.1168
Epoch 89/200, Batch 400, Aver_Loss: 527.8085
[early-stopping] Epoch 89: new best val ELBO = -525.611328
Epoch 90/200, Batch 100, Aver_Loss: 526.1949
Epoch 90/200, Batch 200, Aver_Loss: 528.0179
Epoch 90/200, Batch 300, Aver_Loss: 527.5844
Epoch 90/200, Batch 400, Aver_Loss: 528.2352
[early-stopping] Epoch 90: no improvement (1/20)
Epoch 91/200, Batch 100, Aver_Loss: 523.8491
Epoch 91/200, Batch 200, Aver_Loss: 525.3697
Epoch 91/200, Batch 300, Aver_Loss: 526.4877
Epoch 91/200, Batch 400, Aver_Loss: 528.1096
[early-stopping] Epoch 91: no improvement (2/20)
Epoch 92/200, Batch 100, Aver_Loss: 524.7941
Epoch 92/200, Batch 200, Aver_Loss: 526.2678
Epoch 92/200, Batch 300, Aver_Loss: 525.6129
Epoch 92/200, Batch 400, Aver_Loss: 526.4764
[early-stopping] Epoch 92: new best val ELBO = -525.541843
Epoch 93/200, Batch 100, Aver_Loss: 527.1171
Epoch 93/200, Batch 200, Aver_Loss: 526.7963
Epoch 93/200, Batch 300, Aver_Loss: 525.5302
Epoch 93/200, Batch 400, Aver_Loss: 524.9877
[early-stopping] Epoch 93: no improvement (1/20)
Epoch 94/200, Batch 100, Aver_Loss: 525.7627
Epoch 94/200, Batch 200, Aver_Loss: 525.5439
Epoch 94/200, Batch 300, Aver_Loss: 525.3464
Epoch 94/200, Batch 400, Aver_Loss: 525.3277
[early-stopping] Epoch 94: no improvement (2/20)
Epoch 95/200, Batch 100, Aver_Loss: 524.5268
Epoch 95/200, Batch 200, Aver_Loss: 526.8165
Epoch 95/200, Batch 300, Aver_Loss: 526.8361
Epoch 95/200, Batch 400, Aver_Loss: 526.8211
[early-stopping] Epoch 95: no improvement (3/20)
Epoch 96/200, Batch 100, Aver_Loss: 524.9149
Epoch 96/200, Batch 200, Aver_Loss: 528.3917
Epoch 96/200, Batch 300, Aver_Loss: 525.6276
Epoch 96/200, Batch 400, Aver_Loss: 526.1137
[early-stopping] Epoch 96: no improvement (4/20)
Epoch 97/200, Batch 100, Aver_Loss: 525.8460
Epoch 97/200, Batch 200, Aver_Loss: 526.4562
Epoch 97/200, Batch 300, Aver_Loss: 525.7341
Epoch 97/200, Batch 400, Aver_Loss: 527.6948
[early-stopping] Epoch 97: no improvement (5/20)
Epoch 98/200, Batch 100, Aver_Loss: 527.1588
Epoch 98/200, Batch 200, Aver_Loss: 523.4666
Epoch 98/200, Batch 300, Aver_Loss: 527.5141
Epoch 98/200, Batch 400, Aver_Loss: 526.4075
[early-stopping] Epoch 98: no improvement (6/20)
Epoch 99/200, Batch 100, Aver_Loss: 526.0375
Epoch 99/200, Batch 200, Aver_Loss: 527.4561
Epoch 99/200, Batch 300, Aver_Loss: 525.5267
Epoch 99/200, Batch 400, Aver_Loss: 527.7243
[early-stopping] Epoch 99: no improvement (7/20)
Epoch 100/200, Batch 100, Aver_Loss: 526.6920
Epoch 100/200, Batch 200, Aver_Loss: 522.4139
Epoch 100/200, Batch 300, Aver_Loss: 524.9288
Epoch 100/200, Batch 400, Aver_Loss: 525.2506
[early-stopping] Epoch 100: no improvement (8/20)
Epoch 101/200, Batch 100, Aver_Loss: 525.4085
Epoch 101/200, Batch 200, Aver_Loss: 523.7593
Epoch 101/200, Batch 300, Aver_Loss: 525.0188
Epoch 101/200, Batch 400, Aver_Loss: 524.6605
[early-stopping] Epoch 101: no improvement (9/20)
Epoch 102/200, Batch 100, Aver_Loss: 527.5691
Epoch 102/200, Batch 200, Aver_Loss: 524.0338
Epoch 102/200, Batch 300, Aver_Loss: 525.0748
Epoch 102/200, Batch 400, Aver_Loss: 523.6442
[early-stopping] Epoch 102: no improvement (10/20)
Epoch 103/200, Batch 100, Aver_Loss: 525.4835
Epoch 103/200, Batch 200, Aver_Loss: 527.1736
Epoch 103/200, Batch 300, Aver_Loss: 524.2638
Epoch 103/200, Batch 400, Aver_Loss: 526.0277
[early-stopping] Epoch 103: no improvement (11/20)
Epoch 104/200, Batch 100, Aver_Loss: 524.9450
Epoch 104/200, Batch 200, Aver_Loss: 525.3344
Epoch 104/200, Batch 300, Aver_Loss: 524.3282
Epoch 104/200, Batch 400, Aver_Loss: 522.5917
[early-stopping] Epoch 104: no improvement (12/20)
Epoch 105/200, Batch 100, Aver_Loss: 528.7291
Epoch 105/200, Batch 200, Aver_Loss: 525.9122
Epoch 105/200, Batch 300, Aver_Loss: 525.2655
Epoch 105/200, Batch 400, Aver_Loss: 525.0976
[early-stopping] Epoch 105: no improvement (13/20)
Epoch 106/200, Batch 100, Aver_Loss: 524.4241
Epoch 106/200, Batch 200, Aver_Loss: 528.0153
Epoch 106/200, Batch 300, Aver_Loss: 525.3829
Epoch 106/200, Batch 400, Aver_Loss: 523.9341
[early-stopping] Epoch 106: no improvement (14/20)
Epoch 107/200, Batch 100, Aver_Loss: 527.7275
Epoch 107/200, Batch 200, Aver_Loss: 529.4881
Epoch 107/200, Batch 300, Aver_Loss: 525.7572
Epoch 107/200, Batch 400, Aver_Loss: 525.1000
[early-stopping] Epoch 107: no improvement (15/20)
Epoch 108/200, Batch 100, Aver_Loss: 527.1030
Epoch 108/200, Batch 200, Aver_Loss: 525.3317
Epoch 108/200, Batch 300, Aver_Loss: 526.4242
Epoch 108/200, Batch 400, Aver_Loss: 527.3834
[early-stopping] Epoch 108: no improvement (16/20)
Epoch 109/200, Batch 100, Aver_Loss: 523.8298
Epoch 109/200, Batch 200, Aver_Loss: 522.9775
Epoch 109/200, Batch 300, Aver_Loss: 526.2310
Epoch 109/200, Batch 400, Aver_Loss: 525.8864
[early-stopping] Epoch 109: no improvement (17/20)
Epoch 110/200, Batch 100, Aver_Loss: 524.8299
Epoch 110/200, Batch 200, Aver_Loss: 525.9631
Epoch 110/200, Batch 300, Aver_Loss: 521.3468
Epoch 110/200, Batch 400, Aver_Loss: 525.2491
[early-stopping] Epoch 110: no improvement (18/20)
Epoch 111/200, Batch 100, Aver_Loss: 525.1550
Epoch 111/200, Batch 200, Aver_Loss: 525.2682
Epoch 111/200, Batch 300, Aver_Loss: 527.5621
Epoch 111/200, Batch 400, Aver_Loss: 527.4168
[early-stopping] Epoch 111: no improvement (19/20)
Epoch 112/200, Batch 100, Aver_Loss: 527.2068
Epoch 112/200, Batch 200, Aver_Loss: 524.5138
Epoch 112/200, Batch 300, Aver_Loss: 524.1949
Epoch 112/200, Batch 400, Aver_Loss: 526.6789
[early-stopping] Epoch 112: no improvement (20/20)
[early-stopping] Patience reached. Stopping at epoch 112. Best epoch: 92, best val ELBO: -525.541843
[early-stopping] Loaded best model from epoch 92 (val ELBO = -525.541843)
[checkpoint] Saved best model to: trained_parameters/mnist_background_random_zdim512_MVAE.pkl
[saved curves] ./results/MNIST_BG_RANDOM/curves/mnist_background_random_mvae_d512_s777.json

==== Evaluation Summary ====
                 model: mvae
   recon/mse_per_pixel: 0.081465
            elbo/train: -525.263054
             elbo/test: -525.570933
             mse/train: 0.081265
              mse/test: 0.081465
             probe/acc: 0.853548
             probe/nll: 0.465263
           probe/brier: 0.215072
             probe/ece: 0.030998
           cluster/nmi: 0.459713
           cluster/ari: 0.334106
============================

