/usr/bin/which: no fi_info in (/arf/home/meyavuz/.local/bin:/arf/sw/comp/python/intelpython3/condabin:/arf/sw/comp/python/intelpython3/bin:/usr/share/Modules/bin:/usr/local/bin:/usr/bin:/usr/local/sbin:/usr/sbin)
Extension for Scikit-learn* enabled (https://github.com/uxlfoundation/scikit-learn-intelex)
/arf/home/meyavuz/.conda/envs/sbn/lib/python3.9/site-packages/sklearn/linear_model/_logistic.py:1247: FutureWarning: 'multi_class' was deprecated in version 1.5 and will be removed in 1.7. From then on, it will always use 'multinomial'. Leave it to its default value to avoid this warning.
  warnings.warn(
Epoch 1/200, Batch 100, Aver_Loss: 534.4572
Epoch 1/200, Batch 200, Aver_Loss: 532.4091
Epoch 1/200, Batch 300, Aver_Loss: 529.2915
Epoch 1/200, Batch 400, Aver_Loss: 528.6426
[early-stopping] Epoch 1: new best val ELBO = -530.123998
Epoch 2/200, Batch 100, Aver_Loss: 529.2070
Epoch 2/200, Batch 200, Aver_Loss: 529.6092
Epoch 2/200, Batch 300, Aver_Loss: 529.8329
Epoch 2/200, Batch 400, Aver_Loss: 530.0474
[early-stopping] Epoch 2: new best val ELBO = -529.465861
Epoch 3/200, Batch 100, Aver_Loss: 530.1268
Epoch 3/200, Batch 200, Aver_Loss: 529.7747
Epoch 3/200, Batch 300, Aver_Loss: 528.0258
Epoch 3/200, Batch 400, Aver_Loss: 529.8947
[early-stopping] Epoch 3: new best val ELBO = -529.413646
Epoch 4/200, Batch 100, Aver_Loss: 527.9645
Epoch 4/200, Batch 200, Aver_Loss: 528.4645
Epoch 4/200, Batch 300, Aver_Loss: 529.6219
Epoch 4/200, Batch 400, Aver_Loss: 528.4070
[early-stopping] Epoch 4: new best val ELBO = -529.407200
Epoch 5/200, Batch 100, Aver_Loss: 528.9070
Epoch 5/200, Batch 200, Aver_Loss: 528.1467
Epoch 5/200, Batch 300, Aver_Loss: 526.0976
Epoch 5/200, Batch 400, Aver_Loss: 529.3556
[early-stopping] Epoch 5: new best val ELBO = -529.153541
Epoch 6/200, Batch 100, Aver_Loss: 527.4447
Epoch 6/200, Batch 200, Aver_Loss: 528.6746
Epoch 6/200, Batch 300, Aver_Loss: 528.0104
Epoch 6/200, Batch 400, Aver_Loss: 529.2823
[early-stopping] Epoch 6: new best val ELBO = -528.982846
Epoch 7/200, Batch 100, Aver_Loss: 531.1432
Epoch 7/200, Batch 200, Aver_Loss: 529.2991
Epoch 7/200, Batch 300, Aver_Loss: 530.6847
Epoch 7/200, Batch 400, Aver_Loss: 528.0777
[early-stopping] Epoch 7: new best val ELBO = -528.800513
Epoch 8/200, Batch 100, Aver_Loss: 528.9436
Epoch 8/200, Batch 200, Aver_Loss: 527.5309
Epoch 8/200, Batch 300, Aver_Loss: 524.8930
Epoch 8/200, Batch 400, Aver_Loss: 528.8239
[early-stopping] Epoch 8: new best val ELBO = -528.699867
Epoch 9/200, Batch 100, Aver_Loss: 528.9013
Epoch 9/200, Batch 200, Aver_Loss: 527.4679
Epoch 9/200, Batch 300, Aver_Loss: 526.4206
Epoch 9/200, Batch 400, Aver_Loss: 528.7547
[early-stopping] Epoch 9: new best val ELBO = -528.652439
Epoch 10/200, Batch 100, Aver_Loss: 531.3408
Epoch 10/200, Batch 200, Aver_Loss: 527.3253
Epoch 10/200, Batch 300, Aver_Loss: 527.2913
Epoch 10/200, Batch 400, Aver_Loss: 528.3670
[early-stopping] Epoch 10: new best val ELBO = -528.518124
Epoch 11/200, Batch 100, Aver_Loss: 528.6372
Epoch 11/200, Batch 200, Aver_Loss: 527.1068
Epoch 11/200, Batch 300, Aver_Loss: 527.4750
Epoch 11/200, Batch 400, Aver_Loss: 528.5272
[early-stopping] Epoch 11: new best val ELBO = -528.451893
Epoch 12/200, Batch 100, Aver_Loss: 526.7016
Epoch 12/200, Batch 200, Aver_Loss: 530.8432
Epoch 12/200, Batch 300, Aver_Loss: 527.4990
Epoch 12/200, Batch 400, Aver_Loss: 528.3241
[early-stopping] Epoch 12: new best val ELBO = -528.337040
Epoch 13/200, Batch 100, Aver_Loss: 529.4158
Epoch 13/200, Batch 200, Aver_Loss: 528.2784
Epoch 13/200, Batch 300, Aver_Loss: 528.5805
Epoch 13/200, Batch 400, Aver_Loss: 527.4258
[early-stopping] Epoch 13: new best val ELBO = -528.317079
Epoch 14/200, Batch 100, Aver_Loss: 528.4832
Epoch 14/200, Batch 200, Aver_Loss: 529.6830
Epoch 14/200, Batch 300, Aver_Loss: 527.5881
Epoch 14/200, Batch 400, Aver_Loss: 529.2590
[early-stopping] Epoch 14: new best val ELBO = -528.275937
Epoch 15/200, Batch 100, Aver_Loss: 530.0057
Epoch 15/200, Batch 200, Aver_Loss: 528.7272
Epoch 15/200, Batch 300, Aver_Loss: 528.0328
Epoch 15/200, Batch 400, Aver_Loss: 528.8834
[early-stopping] Epoch 15: new best val ELBO = -528.172504
Epoch 16/200, Batch 100, Aver_Loss: 527.4266
Epoch 16/200, Batch 200, Aver_Loss: 528.7306
Epoch 16/200, Batch 300, Aver_Loss: 529.0352
Epoch 16/200, Batch 400, Aver_Loss: 529.7401
[early-stopping] Epoch 16: new best val ELBO = -527.913102
Epoch 17/200, Batch 100, Aver_Loss: 527.8220
Epoch 17/200, Batch 200, Aver_Loss: 527.4791
Epoch 17/200, Batch 300, Aver_Loss: 527.0329
Epoch 17/200, Batch 400, Aver_Loss: 528.2289
[early-stopping] Epoch 17: new best val ELBO = -527.797309
Epoch 18/200, Batch 100, Aver_Loss: 527.1611
Epoch 18/200, Batch 200, Aver_Loss: 528.8525
Epoch 18/200, Batch 300, Aver_Loss: 525.8765
Epoch 18/200, Batch 400, Aver_Loss: 528.4386
[early-stopping] Epoch 18: new best val ELBO = -527.677313
Epoch 19/200, Batch 100, Aver_Loss: 526.9969
Epoch 19/200, Batch 200, Aver_Loss: 526.7545
Epoch 19/200, Batch 300, Aver_Loss: 528.2638
Epoch 19/200, Batch 400, Aver_Loss: 525.9052
[early-stopping] Epoch 19: new best val ELBO = -527.500237
Epoch 20/200, Batch 100, Aver_Loss: 527.6652
Epoch 20/200, Batch 200, Aver_Loss: 526.8458
Epoch 20/200, Batch 300, Aver_Loss: 527.2081
Epoch 20/200, Batch 400, Aver_Loss: 526.6329
[early-stopping] Epoch 20: new best val ELBO = -527.187925
Epoch 21/200, Batch 100, Aver_Loss: 528.3632
Epoch 21/200, Batch 200, Aver_Loss: 528.1255
Epoch 21/200, Batch 300, Aver_Loss: 527.7864
Epoch 21/200, Batch 400, Aver_Loss: 526.1993
[early-stopping] Epoch 21: new best val ELBO = -527.022900
Epoch 22/200, Batch 100, Aver_Loss: 527.0245
Epoch 22/200, Batch 200, Aver_Loss: 527.9927
Epoch 22/200, Batch 300, Aver_Loss: 525.7675
Epoch 22/200, Batch 400, Aver_Loss: 525.4960
[early-stopping] Epoch 22: new best val ELBO = -526.982454
Epoch 23/200, Batch 100, Aver_Loss: 525.7968
Epoch 23/200, Batch 200, Aver_Loss: 527.1279
Epoch 23/200, Batch 300, Aver_Loss: 527.1615
Epoch 23/200, Batch 400, Aver_Loss: 524.3500
[early-stopping] Epoch 23: new best val ELBO = -526.768028
Epoch 24/200, Batch 100, Aver_Loss: 527.7332
Epoch 24/200, Batch 200, Aver_Loss: 525.8600
Epoch 24/200, Batch 300, Aver_Loss: 523.3126
Epoch 24/200, Batch 400, Aver_Loss: 526.4976
[early-stopping] Epoch 24: new best val ELBO = -526.621085
Epoch 25/200, Batch 100, Aver_Loss: 526.5969
Epoch 25/200, Batch 200, Aver_Loss: 527.8460
Epoch 25/200, Batch 300, Aver_Loss: 525.7345
Epoch 25/200, Batch 400, Aver_Loss: 524.4342
[early-stopping] Epoch 25: new best val ELBO = -526.525738
Epoch 26/200, Batch 100, Aver_Loss: 527.6880
Epoch 26/200, Batch 200, Aver_Loss: 525.7048
Epoch 26/200, Batch 300, Aver_Loss: 526.6540
Epoch 26/200, Batch 400, Aver_Loss: 525.1769
[early-stopping] Epoch 26: new best val ELBO = -526.508575
Epoch 27/200, Batch 100, Aver_Loss: 523.2805
Epoch 27/200, Batch 200, Aver_Loss: 527.3445
Epoch 27/200, Batch 300, Aver_Loss: 525.0652
Epoch 27/200, Batch 400, Aver_Loss: 526.6210
[early-stopping] Epoch 27: no improvement (1/20)
Epoch 28/200, Batch 100, Aver_Loss: 527.5554
Epoch 28/200, Batch 200, Aver_Loss: 524.5586
Epoch 28/200, Batch 300, Aver_Loss: 527.4604
Epoch 28/200, Batch 400, Aver_Loss: 525.3779
[early-stopping] Epoch 28: new best val ELBO = -526.368704
Epoch 29/200, Batch 100, Aver_Loss: 526.8361
Epoch 29/200, Batch 200, Aver_Loss: 524.0587
Epoch 29/200, Batch 300, Aver_Loss: 526.3885
Epoch 29/200, Batch 400, Aver_Loss: 523.5943
[early-stopping] Epoch 29: new best val ELBO = -526.344800
Epoch 30/200, Batch 100, Aver_Loss: 526.4083
Epoch 30/200, Batch 200, Aver_Loss: 525.7841
Epoch 30/200, Batch 300, Aver_Loss: 526.1910
Epoch 30/200, Batch 400, Aver_Loss: 525.5516
[early-stopping] Epoch 30: no improvement (1/20)
Epoch 31/200, Batch 100, Aver_Loss: 528.5508
Epoch 31/200, Batch 200, Aver_Loss: 525.3121
Epoch 31/200, Batch 300, Aver_Loss: 524.7443
Epoch 31/200, Batch 400, Aver_Loss: 528.4529
[early-stopping] Epoch 31: new best val ELBO = -526.229299
Epoch 32/200, Batch 100, Aver_Loss: 527.9549
Epoch 32/200, Batch 200, Aver_Loss: 528.1804
Epoch 32/200, Batch 300, Aver_Loss: 527.1212
Epoch 32/200, Batch 400, Aver_Loss: 526.0107
[early-stopping] Epoch 32: new best val ELBO = -526.199731
Epoch 33/200, Batch 100, Aver_Loss: 526.3710
Epoch 33/200, Batch 200, Aver_Loss: 524.7794
Epoch 33/200, Batch 300, Aver_Loss: 524.8661
Epoch 33/200, Batch 400, Aver_Loss: 526.9921
[early-stopping] Epoch 33: no improvement (1/20)
Epoch 34/200, Batch 100, Aver_Loss: 526.0088
Epoch 34/200, Batch 200, Aver_Loss: 525.5576
Epoch 34/200, Batch 300, Aver_Loss: 526.8616
Epoch 34/200, Batch 400, Aver_Loss: 524.9749
[early-stopping] Epoch 34: new best val ELBO = -526.120427
Epoch 35/200, Batch 100, Aver_Loss: 526.8137
Epoch 35/200, Batch 200, Aver_Loss: 524.8559
Epoch 35/200, Batch 300, Aver_Loss: 525.7446
Epoch 35/200, Batch 400, Aver_Loss: 527.9838
[early-stopping] Epoch 35: no improvement (1/20)
Epoch 36/200, Batch 100, Aver_Loss: 526.1777
Epoch 36/200, Batch 200, Aver_Loss: 525.1783
Epoch 36/200, Batch 300, Aver_Loss: 526.4556
Epoch 36/200, Batch 400, Aver_Loss: 525.9453
[early-stopping] Epoch 36: new best val ELBO = -525.927312
Epoch 37/200, Batch 100, Aver_Loss: 525.3336
Epoch 37/200, Batch 200, Aver_Loss: 526.6174
Epoch 37/200, Batch 300, Aver_Loss: 524.6765
Epoch 37/200, Batch 400, Aver_Loss: 525.1891
[early-stopping] Epoch 37: no improvement (1/20)
Epoch 38/200, Batch 100, Aver_Loss: 525.7084
Epoch 38/200, Batch 200, Aver_Loss: 522.8266
Epoch 38/200, Batch 300, Aver_Loss: 525.0664
Epoch 38/200, Batch 400, Aver_Loss: 526.5683
[early-stopping] Epoch 38: no improvement (2/20)
Epoch 39/200, Batch 100, Aver_Loss: 527.6145
Epoch 39/200, Batch 200, Aver_Loss: 524.2667
Epoch 39/200, Batch 300, Aver_Loss: 528.9073
Epoch 39/200, Batch 400, Aver_Loss: 524.4097
[early-stopping] Epoch 39: new best val ELBO = -525.775661
Epoch 40/200, Batch 100, Aver_Loss: 524.7667
Epoch 40/200, Batch 200, Aver_Loss: 523.3828
Epoch 40/200, Batch 300, Aver_Loss: 524.3286
Epoch 40/200, Batch 400, Aver_Loss: 525.2161
[early-stopping] Epoch 40: new best val ELBO = -525.667493
Epoch 41/200, Batch 100, Aver_Loss: 525.3851
Epoch 41/200, Batch 200, Aver_Loss: 527.4154
Epoch 41/200, Batch 300, Aver_Loss: 526.8712
Epoch 41/200, Batch 400, Aver_Loss: 526.3834
[early-stopping] Epoch 41: new best val ELBO = -525.595420
Epoch 42/200, Batch 100, Aver_Loss: 526.0294
Epoch 42/200, Batch 200, Aver_Loss: 525.5833
Epoch 42/200, Batch 300, Aver_Loss: 524.6594
Epoch 42/200, Batch 400, Aver_Loss: 524.8839
[early-stopping] Epoch 42: no improvement (1/20)
Epoch 43/200, Batch 100, Aver_Loss: 524.7094
Epoch 43/200, Batch 200, Aver_Loss: 524.9218
Epoch 43/200, Batch 300, Aver_Loss: 527.7079
Epoch 43/200, Batch 400, Aver_Loss: 525.2087
[early-stopping] Epoch 43: no improvement (2/20)
Epoch 44/200, Batch 100, Aver_Loss: 524.4103
Epoch 44/200, Batch 200, Aver_Loss: 529.0662
Epoch 44/200, Batch 300, Aver_Loss: 526.2384
Epoch 44/200, Batch 400, Aver_Loss: 524.5315
[early-stopping] Epoch 44: no improvement (3/20)
Epoch 45/200, Batch 100, Aver_Loss: 525.1152
Epoch 45/200, Batch 200, Aver_Loss: 525.2094
Epoch 45/200, Batch 300, Aver_Loss: 526.3581
Epoch 45/200, Batch 400, Aver_Loss: 524.3457
[early-stopping] Epoch 45: new best val ELBO = -525.558779
Epoch 46/200, Batch 100, Aver_Loss: 526.4296
Epoch 46/200, Batch 200, Aver_Loss: 526.6144
Epoch 46/200, Batch 300, Aver_Loss: 527.9446
Epoch 46/200, Batch 400, Aver_Loss: 523.5464
[early-stopping] Epoch 46: no improvement (1/20)
Epoch 47/200, Batch 100, Aver_Loss: 525.7900
Epoch 47/200, Batch 200, Aver_Loss: 525.1193
Epoch 47/200, Batch 300, Aver_Loss: 524.6882
Epoch 47/200, Batch 400, Aver_Loss: 524.7959
[early-stopping] Epoch 47: new best val ELBO = -525.543260
Epoch 48/200, Batch 100, Aver_Loss: 527.9387
Epoch 48/200, Batch 200, Aver_Loss: 524.2532
Epoch 48/200, Batch 300, Aver_Loss: 522.9644
Epoch 48/200, Batch 400, Aver_Loss: 526.7828
[early-stopping] Epoch 48: new best val ELBO = -525.532633
Epoch 49/200, Batch 100, Aver_Loss: 526.0672
Epoch 49/200, Batch 200, Aver_Loss: 525.1209
Epoch 49/200, Batch 300, Aver_Loss: 526.6896
Epoch 49/200, Batch 400, Aver_Loss: 525.7480
[early-stopping] Epoch 49: new best val ELBO = -525.502389
Epoch 50/200, Batch 100, Aver_Loss: 525.7266
Epoch 50/200, Batch 200, Aver_Loss: 524.0400
Epoch 50/200, Batch 300, Aver_Loss: 525.4927
Epoch 50/200, Batch 400, Aver_Loss: 525.5561
[early-stopping] Epoch 50: new best val ELBO = -525.500197
Epoch 51/200, Batch 100, Aver_Loss: 526.6687
Epoch 51/200, Batch 200, Aver_Loss: 524.7459
Epoch 51/200, Batch 300, Aver_Loss: 527.1268
Epoch 51/200, Batch 400, Aver_Loss: 525.8276
[early-stopping] Epoch 51: no improvement (1/20)
Epoch 52/200, Batch 100, Aver_Loss: 527.0692
Epoch 52/200, Batch 200, Aver_Loss: 524.7579
Epoch 52/200, Batch 300, Aver_Loss: 524.1676
Epoch 52/200, Batch 400, Aver_Loss: 525.4473
[early-stopping] Epoch 52: no improvement (2/20)
Epoch 53/200, Batch 100, Aver_Loss: 526.6166
Epoch 53/200, Batch 200, Aver_Loss: 527.4091
Epoch 53/200, Batch 300, Aver_Loss: 526.3513
Epoch 53/200, Batch 400, Aver_Loss: 523.8825
[early-stopping] Epoch 53: no improvement (3/20)
Epoch 54/200, Batch 100, Aver_Loss: 527.1068
Epoch 54/200, Batch 200, Aver_Loss: 525.9731
Epoch 54/200, Batch 300, Aver_Loss: 524.9413
Epoch 54/200, Batch 400, Aver_Loss: 525.9627
[early-stopping] Epoch 54: new best val ELBO = -525.442171
Epoch 55/200, Batch 100, Aver_Loss: 523.4192
Epoch 55/200, Batch 200, Aver_Loss: 526.8988
Epoch 55/200, Batch 300, Aver_Loss: 523.5583
Epoch 55/200, Batch 400, Aver_Loss: 526.9032
[early-stopping] Epoch 55: new best val ELBO = -525.428217
Epoch 56/200, Batch 100, Aver_Loss: 527.2509
Epoch 56/200, Batch 200, Aver_Loss: 523.9689
Epoch 56/200, Batch 300, Aver_Loss: 526.3802
Epoch 56/200, Batch 400, Aver_Loss: 525.1186
[early-stopping] Epoch 56: no improvement (1/20)
Epoch 57/200, Batch 100, Aver_Loss: 521.9965
Epoch 57/200, Batch 200, Aver_Loss: 523.6119
Epoch 57/200, Batch 300, Aver_Loss: 522.9399
Epoch 57/200, Batch 400, Aver_Loss: 526.1254
[early-stopping] Epoch 57: no improvement (2/20)
Epoch 58/200, Batch 100, Aver_Loss: 523.3392
Epoch 58/200, Batch 200, Aver_Loss: 524.6212
Epoch 58/200, Batch 300, Aver_Loss: 523.3727
Epoch 58/200, Batch 400, Aver_Loss: 522.3527
[early-stopping] Epoch 58: no improvement (3/20)
Epoch 59/200, Batch 100, Aver_Loss: 526.1480
Epoch 59/200, Batch 200, Aver_Loss: 527.4969
Epoch 59/200, Batch 300, Aver_Loss: 525.1697
Epoch 59/200, Batch 400, Aver_Loss: 524.5053
[early-stopping] Epoch 59: new best val ELBO = -525.355141
Epoch 60/200, Batch 100, Aver_Loss: 526.9136
Epoch 60/200, Batch 200, Aver_Loss: 525.0037
Epoch 60/200, Batch 300, Aver_Loss: 527.4822
Epoch 60/200, Batch 400, Aver_Loss: 528.2228
[early-stopping] Epoch 60: no improvement (1/20)
Epoch 61/200, Batch 100, Aver_Loss: 529.0059
Epoch 61/200, Batch 200, Aver_Loss: 524.5156
Epoch 61/200, Batch 300, Aver_Loss: 526.4561
Epoch 61/200, Batch 400, Aver_Loss: 525.9961
[early-stopping] Epoch 61: new best val ELBO = -525.355121
Epoch 62/200, Batch 100, Aver_Loss: 525.1271
Epoch 62/200, Batch 200, Aver_Loss: 522.5420
Epoch 62/200, Batch 300, Aver_Loss: 524.5311
Epoch 62/200, Batch 400, Aver_Loss: 522.7438
[early-stopping] Epoch 62: no improvement (1/20)
Epoch 63/200, Batch 100, Aver_Loss: 525.3617
Epoch 63/200, Batch 200, Aver_Loss: 525.6987
Epoch 63/200, Batch 300, Aver_Loss: 526.6716
Epoch 63/200, Batch 400, Aver_Loss: 524.0455
[early-stopping] Epoch 63: no improvement (2/20)
Epoch 64/200, Batch 100, Aver_Loss: 525.3697
Epoch 64/200, Batch 200, Aver_Loss: 523.4281
Epoch 64/200, Batch 300, Aver_Loss: 526.6019
Epoch 64/200, Batch 400, Aver_Loss: 526.0171
[early-stopping] Epoch 64: no improvement (3/20)
Epoch 65/200, Batch 100, Aver_Loss: 525.4391
Epoch 65/200, Batch 200, Aver_Loss: 526.1434
Epoch 65/200, Batch 300, Aver_Loss: 526.2592
Epoch 65/200, Batch 400, Aver_Loss: 525.7045
[early-stopping] Epoch 65: new best val ELBO = -525.271878
Epoch 66/200, Batch 100, Aver_Loss: 525.0782
Epoch 66/200, Batch 200, Aver_Loss: 523.9474
Epoch 66/200, Batch 300, Aver_Loss: 526.7600
Epoch 66/200, Batch 400, Aver_Loss: 525.2189
[early-stopping] Epoch 66: no improvement (1/20)
Epoch 67/200, Batch 100, Aver_Loss: 527.3293
Epoch 67/200, Batch 200, Aver_Loss: 523.3170
Epoch 67/200, Batch 300, Aver_Loss: 525.5831
Epoch 67/200, Batch 400, Aver_Loss: 527.1733
[early-stopping] Epoch 67: no improvement (2/20)
Epoch 68/200, Batch 100, Aver_Loss: 525.3711
Epoch 68/200, Batch 200, Aver_Loss: 525.9412
Epoch 68/200, Batch 300, Aver_Loss: 522.6512
Epoch 68/200, Batch 400, Aver_Loss: 523.3219
[early-stopping] Epoch 68: no improvement (3/20)
Epoch 69/200, Batch 100, Aver_Loss: 525.3398
Epoch 69/200, Batch 200, Aver_Loss: 524.6807
Epoch 69/200, Batch 300, Aver_Loss: 527.2656
Epoch 69/200, Batch 400, Aver_Loss: 524.6400
[early-stopping] Epoch 69: no improvement (4/20)
Epoch 70/200, Batch 100, Aver_Loss: 524.7214
Epoch 70/200, Batch 200, Aver_Loss: 523.0007
Epoch 70/200, Batch 300, Aver_Loss: 526.4124
Epoch 70/200, Batch 400, Aver_Loss: 526.2133
[early-stopping] Epoch 70: no improvement (5/20)
Epoch 71/200, Batch 100, Aver_Loss: 523.4954
Epoch 71/200, Batch 200, Aver_Loss: 524.9420
Epoch 71/200, Batch 300, Aver_Loss: 528.1593
Epoch 71/200, Batch 400, Aver_Loss: 526.2581
[early-stopping] Epoch 71: no improvement (6/20)
Epoch 72/200, Batch 100, Aver_Loss: 524.3163
Epoch 72/200, Batch 200, Aver_Loss: 524.6102
Epoch 72/200, Batch 300, Aver_Loss: 527.3424
Epoch 72/200, Batch 400, Aver_Loss: 526.0208
[early-stopping] Epoch 72: no improvement (7/20)
Epoch 73/200, Batch 100, Aver_Loss: 524.3306
Epoch 73/200, Batch 200, Aver_Loss: 523.8243
Epoch 73/200, Batch 300, Aver_Loss: 524.5623
Epoch 73/200, Batch 400, Aver_Loss: 526.0832
[early-stopping] Epoch 73: no improvement (8/20)
Epoch 74/200, Batch 100, Aver_Loss: 524.5496
Epoch 74/200, Batch 200, Aver_Loss: 525.3822
Epoch 74/200, Batch 300, Aver_Loss: 523.8817
Epoch 74/200, Batch 400, Aver_Loss: 523.7805
[early-stopping] Epoch 74: no improvement (9/20)
Epoch 75/200, Batch 100, Aver_Loss: 524.3443
Epoch 75/200, Batch 200, Aver_Loss: 525.3339
Epoch 75/200, Batch 300, Aver_Loss: 528.1631
Epoch 75/200, Batch 400, Aver_Loss: 523.9047
[early-stopping] Epoch 75: no improvement (10/20)
Epoch 76/200, Batch 100, Aver_Loss: 525.9778
Epoch 76/200, Batch 200, Aver_Loss: 526.3716
Epoch 76/200, Batch 300, Aver_Loss: 525.5983
Epoch 76/200, Batch 400, Aver_Loss: 523.6997
[early-stopping] Epoch 76: new best val ELBO = -525.250992
Epoch 77/200, Batch 100, Aver_Loss: 525.1477
Epoch 77/200, Batch 200, Aver_Loss: 524.9932
Epoch 77/200, Batch 300, Aver_Loss: 527.6768
Epoch 77/200, Batch 400, Aver_Loss: 526.2616
[early-stopping] Epoch 77: new best val ELBO = -525.225287
Epoch 78/200, Batch 100, Aver_Loss: 525.4609
Epoch 78/200, Batch 200, Aver_Loss: 524.1144
Epoch 78/200, Batch 300, Aver_Loss: 526.3214
Epoch 78/200, Batch 400, Aver_Loss: 527.3044
[early-stopping] Epoch 78: no improvement (1/20)
Epoch 79/200, Batch 100, Aver_Loss: 523.8691
Epoch 79/200, Batch 200, Aver_Loss: 524.4999
Epoch 79/200, Batch 300, Aver_Loss: 522.8644
Epoch 79/200, Batch 400, Aver_Loss: 524.4761
[early-stopping] Epoch 79: no improvement (2/20)
Epoch 80/200, Batch 100, Aver_Loss: 525.5175
Epoch 80/200, Batch 200, Aver_Loss: 525.9732
Epoch 80/200, Batch 300, Aver_Loss: 525.1615
Epoch 80/200, Batch 400, Aver_Loss: 525.0313
[early-stopping] Epoch 80: no improvement (3/20)
Epoch 81/200, Batch 100, Aver_Loss: 522.2112
Epoch 81/200, Batch 200, Aver_Loss: 526.3972
Epoch 81/200, Batch 300, Aver_Loss: 524.2571
Epoch 81/200, Batch 400, Aver_Loss: 525.2267
[early-stopping] Epoch 81: new best val ELBO = -525.221052
Epoch 82/200, Batch 100, Aver_Loss: 524.0708
Epoch 82/200, Batch 200, Aver_Loss: 525.4277
Epoch 82/200, Batch 300, Aver_Loss: 525.2060
Epoch 82/200, Batch 400, Aver_Loss: 525.8478
[early-stopping] Epoch 82: new best val ELBO = -525.218164
Epoch 83/200, Batch 100, Aver_Loss: 525.1064
Epoch 83/200, Batch 200, Aver_Loss: 525.8671
Epoch 83/200, Batch 300, Aver_Loss: 525.5445
Epoch 83/200, Batch 400, Aver_Loss: 524.7426
[early-stopping] Epoch 83: no improvement (1/20)
Epoch 84/200, Batch 100, Aver_Loss: 524.0400
Epoch 84/200, Batch 200, Aver_Loss: 526.3390
Epoch 84/200, Batch 300, Aver_Loss: 525.3352
Epoch 84/200, Batch 400, Aver_Loss: 527.2416
[early-stopping] Epoch 84: no improvement (2/20)
Epoch 85/200, Batch 100, Aver_Loss: 524.0447
Epoch 85/200, Batch 200, Aver_Loss: 523.4605
Epoch 85/200, Batch 300, Aver_Loss: 523.7089
Epoch 85/200, Batch 400, Aver_Loss: 525.2519
[early-stopping] Epoch 85: no improvement (3/20)
Epoch 86/200, Batch 100, Aver_Loss: 525.1883
Epoch 86/200, Batch 200, Aver_Loss: 524.8185
Epoch 86/200, Batch 300, Aver_Loss: 523.8344
Epoch 86/200, Batch 400, Aver_Loss: 525.0545
[early-stopping] Epoch 86: new best val ELBO = -525.203932
Epoch 87/200, Batch 100, Aver_Loss: 525.4698
Epoch 87/200, Batch 200, Aver_Loss: 526.9320
Epoch 87/200, Batch 300, Aver_Loss: 525.6883
Epoch 87/200, Batch 400, Aver_Loss: 523.7361
[early-stopping] Epoch 87: no improvement (1/20)
Epoch 88/200, Batch 100, Aver_Loss: 522.0551
Epoch 88/200, Batch 200, Aver_Loss: 526.3507
Epoch 88/200, Batch 300, Aver_Loss: 524.4356
Epoch 88/200, Batch 400, Aver_Loss: 523.4517
[early-stopping] Epoch 88: no improvement (2/20)
Epoch 89/200, Batch 100, Aver_Loss: 522.7819
Epoch 89/200, Batch 200, Aver_Loss: 525.2719
Epoch 89/200, Batch 300, Aver_Loss: 524.9067
Epoch 89/200, Batch 400, Aver_Loss: 526.1999
[early-stopping] Epoch 89: no improvement (3/20)
Epoch 90/200, Batch 100, Aver_Loss: 526.3010
Epoch 90/200, Batch 200, Aver_Loss: 523.3781
Epoch 90/200, Batch 300, Aver_Loss: 524.1039
Epoch 90/200, Batch 400, Aver_Loss: 527.2895
[early-stopping] Epoch 90: no improvement (4/20)
Epoch 91/200, Batch 100, Aver_Loss: 524.6960
Epoch 91/200, Batch 200, Aver_Loss: 523.6851
Epoch 91/200, Batch 300, Aver_Loss: 523.8085
Epoch 91/200, Batch 400, Aver_Loss: 525.6172
[early-stopping] Epoch 91: no improvement (5/20)
Epoch 92/200, Batch 100, Aver_Loss: 523.0790
Epoch 92/200, Batch 200, Aver_Loss: 527.4884
Epoch 92/200, Batch 300, Aver_Loss: 525.9604
Epoch 92/200, Batch 400, Aver_Loss: 524.1855
[early-stopping] Epoch 92: new best val ELBO = -525.170651
Epoch 93/200, Batch 100, Aver_Loss: 525.8242
Epoch 93/200, Batch 200, Aver_Loss: 523.5541
Epoch 93/200, Batch 300, Aver_Loss: 524.4399
Epoch 93/200, Batch 400, Aver_Loss: 525.1790
[early-stopping] Epoch 93: no improvement (1/20)
Epoch 94/200, Batch 100, Aver_Loss: 524.6204
Epoch 94/200, Batch 200, Aver_Loss: 524.6837
Epoch 94/200, Batch 300, Aver_Loss: 521.7522
Epoch 94/200, Batch 400, Aver_Loss: 524.2050
[early-stopping] Epoch 94: no improvement (2/20)
Epoch 95/200, Batch 100, Aver_Loss: 522.3666
Epoch 95/200, Batch 200, Aver_Loss: 523.3482
Epoch 95/200, Batch 300, Aver_Loss: 524.8476
Epoch 95/200, Batch 400, Aver_Loss: 523.4456
[early-stopping] Epoch 95: no improvement (3/20)
Epoch 96/200, Batch 100, Aver_Loss: 522.2052
Epoch 96/200, Batch 200, Aver_Loss: 525.9633
Epoch 96/200, Batch 300, Aver_Loss: 524.6145
Epoch 96/200, Batch 400, Aver_Loss: 529.1420
[early-stopping] Epoch 96: no improvement (4/20)
Epoch 97/200, Batch 100, Aver_Loss: 527.4515
Epoch 97/200, Batch 200, Aver_Loss: 524.8001
Epoch 97/200, Batch 300, Aver_Loss: 525.0556
Epoch 97/200, Batch 400, Aver_Loss: 525.1054
[early-stopping] Epoch 97: no improvement (5/20)
Epoch 98/200, Batch 100, Aver_Loss: 523.4897
Epoch 98/200, Batch 200, Aver_Loss: 527.3625
Epoch 98/200, Batch 300, Aver_Loss: 525.8631
Epoch 98/200, Batch 400, Aver_Loss: 528.2191
[early-stopping] Epoch 98: no improvement (6/20)
Epoch 99/200, Batch 100, Aver_Loss: 525.6000
Epoch 99/200, Batch 200, Aver_Loss: 526.4545
Epoch 99/200, Batch 300, Aver_Loss: 524.9473
Epoch 99/200, Batch 400, Aver_Loss: 525.8736
[early-stopping] Epoch 99: no improvement (7/20)
Epoch 100/200, Batch 100, Aver_Loss: 526.1868
Epoch 100/200, Batch 200, Aver_Loss: 523.4116
Epoch 100/200, Batch 300, Aver_Loss: 523.5382
Epoch 100/200, Batch 400, Aver_Loss: 523.4854
[early-stopping] Epoch 100: no improvement (8/20)
Epoch 101/200, Batch 100, Aver_Loss: 524.4655
Epoch 101/200, Batch 200, Aver_Loss: 525.4590
Epoch 101/200, Batch 300, Aver_Loss: 524.6066
Epoch 101/200, Batch 400, Aver_Loss: 525.1526
[early-stopping] Epoch 101: no improvement (9/20)
Epoch 102/200, Batch 100, Aver_Loss: 522.4966
Epoch 102/200, Batch 200, Aver_Loss: 524.7723
Epoch 102/200, Batch 300, Aver_Loss: 526.5563
Epoch 102/200, Batch 400, Aver_Loss: 526.2317
[early-stopping] Epoch 102: new best val ELBO = -525.160639
Epoch 103/200, Batch 100, Aver_Loss: 522.3757
Epoch 103/200, Batch 200, Aver_Loss: 522.2112
Epoch 103/200, Batch 300, Aver_Loss: 523.8969
Epoch 103/200, Batch 400, Aver_Loss: 524.9299
[early-stopping] Epoch 103: no improvement (1/20)
Epoch 104/200, Batch 100, Aver_Loss: 525.5481
Epoch 104/200, Batch 200, Aver_Loss: 526.1657
Epoch 104/200, Batch 300, Aver_Loss: 523.0978
Epoch 104/200, Batch 400, Aver_Loss: 524.5286
[early-stopping] Epoch 104: no improvement (2/20)
Epoch 105/200, Batch 100, Aver_Loss: 524.5769
Epoch 105/200, Batch 200, Aver_Loss: 525.6066
Epoch 105/200, Batch 300, Aver_Loss: 526.4482
Epoch 105/200, Batch 400, Aver_Loss: 524.2825
[early-stopping] Epoch 105: no improvement (3/20)
Epoch 106/200, Batch 100, Aver_Loss: 524.9445
Epoch 106/200, Batch 200, Aver_Loss: 525.9387
Epoch 106/200, Batch 300, Aver_Loss: 522.4953
Epoch 106/200, Batch 400, Aver_Loss: 524.5662
[early-stopping] Epoch 106: new best val ELBO = -525.148375
Epoch 107/200, Batch 100, Aver_Loss: 524.4142
Epoch 107/200, Batch 200, Aver_Loss: 524.5703
Epoch 107/200, Batch 300, Aver_Loss: 526.3383
Epoch 107/200, Batch 400, Aver_Loss: 524.0019
[early-stopping] Epoch 107: new best val ELBO = -525.131830
Epoch 108/200, Batch 100, Aver_Loss: 525.6427
Epoch 108/200, Batch 200, Aver_Loss: 525.2688
Epoch 108/200, Batch 300, Aver_Loss: 524.6704
Epoch 108/200, Batch 400, Aver_Loss: 524.2811
[early-stopping] Epoch 108: no improvement (1/20)
Epoch 109/200, Batch 100, Aver_Loss: 523.6932
Epoch 109/200, Batch 200, Aver_Loss: 526.4484
Epoch 109/200, Batch 300, Aver_Loss: 525.1949
Epoch 109/200, Batch 400, Aver_Loss: 522.8825
[early-stopping] Epoch 109: no improvement (2/20)
Epoch 110/200, Batch 100, Aver_Loss: 524.7797
Epoch 110/200, Batch 200, Aver_Loss: 527.6663
Epoch 110/200, Batch 300, Aver_Loss: 524.2765
Epoch 110/200, Batch 400, Aver_Loss: 525.7719
[early-stopping] Epoch 110: no improvement (3/20)
Epoch 111/200, Batch 100, Aver_Loss: 525.6691
Epoch 111/200, Batch 200, Aver_Loss: 522.9105
Epoch 111/200, Batch 300, Aver_Loss: 526.6292
Epoch 111/200, Batch 400, Aver_Loss: 524.2823
[early-stopping] Epoch 111: no improvement (4/20)
Epoch 112/200, Batch 100, Aver_Loss: 525.5279
Epoch 112/200, Batch 200, Aver_Loss: 524.9159
Epoch 112/200, Batch 300, Aver_Loss: 526.5872
Epoch 112/200, Batch 400, Aver_Loss: 523.1929
[early-stopping] Epoch 112: no improvement (5/20)
Epoch 113/200, Batch 100, Aver_Loss: 526.9435
Epoch 113/200, Batch 200, Aver_Loss: 524.3356
Epoch 113/200, Batch 300, Aver_Loss: 522.9084
Epoch 113/200, Batch 400, Aver_Loss: 524.4072
[early-stopping] Epoch 113: no improvement (6/20)
Epoch 114/200, Batch 100, Aver_Loss: 522.8989
Epoch 114/200, Batch 200, Aver_Loss: 526.8913
Epoch 114/200, Batch 300, Aver_Loss: 525.3770
Epoch 114/200, Batch 400, Aver_Loss: 524.2007
[early-stopping] Epoch 114: no improvement (7/20)
Epoch 115/200, Batch 100, Aver_Loss: 524.9199
Epoch 115/200, Batch 200, Aver_Loss: 525.7081
Epoch 115/200, Batch 300, Aver_Loss: 524.3716
Epoch 115/200, Batch 400, Aver_Loss: 523.9386
[early-stopping] Epoch 115: no improvement (8/20)
Epoch 116/200, Batch 100, Aver_Loss: 526.0770
Epoch 116/200, Batch 200, Aver_Loss: 523.6121
Epoch 116/200, Batch 300, Aver_Loss: 525.0639
Epoch 116/200, Batch 400, Aver_Loss: 524.7840
[early-stopping] Epoch 116: new best val ELBO = -525.087024
Epoch 117/200, Batch 100, Aver_Loss: 521.5791
Epoch 117/200, Batch 200, Aver_Loss: 522.9948
Epoch 117/200, Batch 300, Aver_Loss: 523.0148
Epoch 117/200, Batch 400, Aver_Loss: 524.6451
[early-stopping] Epoch 117: no improvement (1/20)
Epoch 118/200, Batch 100, Aver_Loss: 525.5652
Epoch 118/200, Batch 200, Aver_Loss: 524.0001
Epoch 118/200, Batch 300, Aver_Loss: 523.2823
Epoch 118/200, Batch 400, Aver_Loss: 525.3068
[early-stopping] Epoch 118: no improvement (2/20)
Epoch 119/200, Batch 100, Aver_Loss: 525.2220
Epoch 119/200, Batch 200, Aver_Loss: 524.5566
Epoch 119/200, Batch 300, Aver_Loss: 524.7615
Epoch 119/200, Batch 400, Aver_Loss: 523.8149
[early-stopping] Epoch 119: no improvement (3/20)
Epoch 120/200, Batch 100, Aver_Loss: 522.9445
Epoch 120/200, Batch 200, Aver_Loss: 524.6707
Epoch 120/200, Batch 300, Aver_Loss: 524.9006
Epoch 120/200, Batch 400, Aver_Loss: 525.7874
[early-stopping] Epoch 120: no improvement (4/20)
Epoch 121/200, Batch 100, Aver_Loss: 524.6437
Epoch 121/200, Batch 200, Aver_Loss: 524.2236
Epoch 121/200, Batch 300, Aver_Loss: 525.6901
Epoch 121/200, Batch 400, Aver_Loss: 525.6431
[early-stopping] Epoch 121: no improvement (5/20)
Epoch 122/200, Batch 100, Aver_Loss: 521.5316
Epoch 122/200, Batch 200, Aver_Loss: 525.7003
Epoch 122/200, Batch 300, Aver_Loss: 523.2177
Epoch 122/200, Batch 400, Aver_Loss: 526.1537
[early-stopping] Epoch 122: no improvement (6/20)
Epoch 123/200, Batch 100, Aver_Loss: 525.3315
Epoch 123/200, Batch 200, Aver_Loss: 524.9855
Epoch 123/200, Batch 300, Aver_Loss: 524.5436
Epoch 123/200, Batch 400, Aver_Loss: 525.1988
[early-stopping] Epoch 123: no improvement (7/20)
Epoch 124/200, Batch 100, Aver_Loss: 522.4017
Epoch 124/200, Batch 200, Aver_Loss: 523.3599
Epoch 124/200, Batch 300, Aver_Loss: 521.9789
Epoch 124/200, Batch 400, Aver_Loss: 527.3354
[early-stopping] Epoch 124: no improvement (8/20)
Epoch 125/200, Batch 100, Aver_Loss: 525.4554
Epoch 125/200, Batch 200, Aver_Loss: 527.8701
Epoch 125/200, Batch 300, Aver_Loss: 524.4789
Epoch 125/200, Batch 400, Aver_Loss: 524.6439
[early-stopping] Epoch 125: no improvement (9/20)
Epoch 126/200, Batch 100, Aver_Loss: 525.3477
Epoch 126/200, Batch 200, Aver_Loss: 527.5848
Epoch 126/200, Batch 300, Aver_Loss: 523.2922
Epoch 126/200, Batch 400, Aver_Loss: 527.4517
[early-stopping] Epoch 126: no improvement (10/20)
Epoch 127/200, Batch 100, Aver_Loss: 526.0621
Epoch 127/200, Batch 200, Aver_Loss: 524.3867
Epoch 127/200, Batch 300, Aver_Loss: 521.1810
Epoch 127/200, Batch 400, Aver_Loss: 525.1089
[early-stopping] Epoch 127: no improvement (11/20)
Epoch 128/200, Batch 100, Aver_Loss: 525.0198
Epoch 128/200, Batch 200, Aver_Loss: 525.5046
Epoch 128/200, Batch 300, Aver_Loss: 524.9578
Epoch 128/200, Batch 400, Aver_Loss: 527.9630
[early-stopping] Epoch 128: no improvement (12/20)
Epoch 129/200, Batch 100, Aver_Loss: 524.0393
Epoch 129/200, Batch 200, Aver_Loss: 524.2875
Epoch 129/200, Batch 300, Aver_Loss: 526.3566
Epoch 129/200, Batch 400, Aver_Loss: 526.7680
[early-stopping] Epoch 129: no improvement (13/20)
Epoch 130/200, Batch 100, Aver_Loss: 523.7826
Epoch 130/200, Batch 200, Aver_Loss: 525.9109
Epoch 130/200, Batch 300, Aver_Loss: 524.6145
Epoch 130/200, Batch 400, Aver_Loss: 524.1264
[early-stopping] Epoch 130: no improvement (14/20)
Epoch 131/200, Batch 100, Aver_Loss: 524.5172
Epoch 131/200, Batch 200, Aver_Loss: 524.4494
Epoch 131/200, Batch 300, Aver_Loss: 525.3024
Epoch 131/200, Batch 400, Aver_Loss: 523.8777
[early-stopping] Epoch 131: no improvement (15/20)
Epoch 132/200, Batch 100, Aver_Loss: 524.2474
Epoch 132/200, Batch 200, Aver_Loss: 525.0959
Epoch 132/200, Batch 300, Aver_Loss: 526.5058
Epoch 132/200, Batch 400, Aver_Loss: 525.4916
[early-stopping] Epoch 132: no improvement (16/20)
Epoch 133/200, Batch 100, Aver_Loss: 524.1248
Epoch 133/200, Batch 200, Aver_Loss: 524.6940
Epoch 133/200, Batch 300, Aver_Loss: 523.7075
Epoch 133/200, Batch 400, Aver_Loss: 525.7372
[early-stopping] Epoch 133: new best val ELBO = -525.084312
Epoch 134/200, Batch 100, Aver_Loss: 523.8723
Epoch 134/200, Batch 200, Aver_Loss: 525.4763
Epoch 134/200, Batch 300, Aver_Loss: 525.5692
Epoch 134/200, Batch 400, Aver_Loss: 527.1022
[early-stopping] Epoch 134: no improvement (1/20)
Epoch 135/200, Batch 100, Aver_Loss: 524.0388
Epoch 135/200, Batch 200, Aver_Loss: 521.1259
Epoch 135/200, Batch 300, Aver_Loss: 527.6445
Epoch 135/200, Batch 400, Aver_Loss: 523.9421
[early-stopping] Epoch 135: no improvement (2/20)
Epoch 136/200, Batch 100, Aver_Loss: 525.9008
Epoch 136/200, Batch 200, Aver_Loss: 524.6656
Epoch 136/200, Batch 300, Aver_Loss: 524.9269
Epoch 136/200, Batch 400, Aver_Loss: 524.4526
[early-stopping] Epoch 136: no improvement (3/20)
Epoch 137/200, Batch 100, Aver_Loss: 524.6384
Epoch 137/200, Batch 200, Aver_Loss: 523.4400
Epoch 137/200, Batch 300, Aver_Loss: 525.9965
Epoch 137/200, Batch 400, Aver_Loss: 525.8690
[early-stopping] Epoch 137: no improvement (4/20)
Epoch 138/200, Batch 100, Aver_Loss: 523.7847
Epoch 138/200, Batch 200, Aver_Loss: 525.6304
Epoch 138/200, Batch 300, Aver_Loss: 526.5239
Epoch 138/200, Batch 400, Aver_Loss: 525.2651
[early-stopping] Epoch 138: no improvement (5/20)
Epoch 139/200, Batch 100, Aver_Loss: 525.0331
Epoch 139/200, Batch 200, Aver_Loss: 528.2906
Epoch 139/200, Batch 300, Aver_Loss: 524.5820
Epoch 139/200, Batch 400, Aver_Loss: 522.5209
[early-stopping] Epoch 139: no improvement (6/20)
Epoch 140/200, Batch 100, Aver_Loss: 525.0658
Epoch 140/200, Batch 200, Aver_Loss: 525.8323
Epoch 140/200, Batch 300, Aver_Loss: 526.8903
Epoch 140/200, Batch 400, Aver_Loss: 525.3943
[early-stopping] Epoch 140: new best val ELBO = -525.084226
Epoch 141/200, Batch 100, Aver_Loss: 524.8373
Epoch 141/200, Batch 200, Aver_Loss: 522.8173
Epoch 141/200, Batch 300, Aver_Loss: 524.1536
Epoch 141/200, Batch 400, Aver_Loss: 524.9805
[early-stopping] Epoch 141: no improvement (1/20)
Epoch 142/200, Batch 100, Aver_Loss: 523.4260
Epoch 142/200, Batch 200, Aver_Loss: 526.8926
Epoch 142/200, Batch 300, Aver_Loss: 525.2584
Epoch 142/200, Batch 400, Aver_Loss: 525.9087
[early-stopping] Epoch 142: new best val ELBO = -525.080567
Epoch 143/200, Batch 100, Aver_Loss: 524.4483
Epoch 143/200, Batch 200, Aver_Loss: 525.4061
Epoch 143/200, Batch 300, Aver_Loss: 526.0802
Epoch 143/200, Batch 400, Aver_Loss: 525.2529
[early-stopping] Epoch 143: no improvement (1/20)
Epoch 144/200, Batch 100, Aver_Loss: 523.9078
Epoch 144/200, Batch 200, Aver_Loss: 524.4380
Epoch 144/200, Batch 300, Aver_Loss: 521.5661
Epoch 144/200, Batch 400, Aver_Loss: 526.4623
[early-stopping] Epoch 144: new best val ELBO = -525.078458
Epoch 145/200, Batch 100, Aver_Loss: 526.6645
Epoch 145/200, Batch 200, Aver_Loss: 525.8013
Epoch 145/200, Batch 300, Aver_Loss: 523.5925
Epoch 145/200, Batch 400, Aver_Loss: 524.6624
[early-stopping] Epoch 145: no improvement (1/20)
Epoch 146/200, Batch 100, Aver_Loss: 522.1521
Epoch 146/200, Batch 200, Aver_Loss: 523.3747
Epoch 146/200, Batch 300, Aver_Loss: 524.3736
Epoch 146/200, Batch 400, Aver_Loss: 523.6992
[early-stopping] Epoch 146: no improvement (2/20)
Epoch 147/200, Batch 100, Aver_Loss: 522.4786
Epoch 147/200, Batch 200, Aver_Loss: 523.8516
Epoch 147/200, Batch 300, Aver_Loss: 522.8891
Epoch 147/200, Batch 400, Aver_Loss: 525.7852
[early-stopping] Epoch 147: no improvement (3/20)
Epoch 148/200, Batch 100, Aver_Loss: 525.6144
Epoch 148/200, Batch 200, Aver_Loss: 523.1555
Epoch 148/200, Batch 300, Aver_Loss: 524.0740
Epoch 148/200, Batch 400, Aver_Loss: 525.6862
[early-stopping] Epoch 148: no improvement (4/20)
Epoch 149/200, Batch 100, Aver_Loss: 524.4410
Epoch 149/200, Batch 200, Aver_Loss: 525.2349
Epoch 149/200, Batch 300, Aver_Loss: 526.0831
Epoch 149/200, Batch 400, Aver_Loss: 523.7549
[early-stopping] Epoch 149: no improvement (5/20)
Epoch 150/200, Batch 100, Aver_Loss: 524.3793
Epoch 150/200, Batch 200, Aver_Loss: 528.0519
Epoch 150/200, Batch 300, Aver_Loss: 524.8696
Epoch 150/200, Batch 400, Aver_Loss: 524.4984
[early-stopping] Epoch 150: no improvement (6/20)
Epoch 151/200, Batch 100, Aver_Loss: 521.9133
Epoch 151/200, Batch 200, Aver_Loss: 521.7451
Epoch 151/200, Batch 300, Aver_Loss: 526.5364
Epoch 151/200, Batch 400, Aver_Loss: 525.0106
[early-stopping] Epoch 151: no improvement (7/20)
Epoch 152/200, Batch 100, Aver_Loss: 524.9800
Epoch 152/200, Batch 200, Aver_Loss: 526.5413
Epoch 152/200, Batch 300, Aver_Loss: 523.9061
Epoch 152/200, Batch 400, Aver_Loss: 524.0919
[early-stopping] Epoch 152: no improvement (8/20)
Epoch 153/200, Batch 100, Aver_Loss: 522.5391
Epoch 153/200, Batch 200, Aver_Loss: 526.0118
Epoch 153/200, Batch 300, Aver_Loss: 525.8509
Epoch 153/200, Batch 400, Aver_Loss: 524.4228
[early-stopping] Epoch 153: no improvement (9/20)
Epoch 154/200, Batch 100, Aver_Loss: 524.5788
Epoch 154/200, Batch 200, Aver_Loss: 524.8245
Epoch 154/200, Batch 300, Aver_Loss: 524.5790
Epoch 154/200, Batch 400, Aver_Loss: 522.7941
[early-stopping] Epoch 154: no improvement (10/20)
Epoch 155/200, Batch 100, Aver_Loss: 525.8740
Epoch 155/200, Batch 200, Aver_Loss: 525.1148
Epoch 155/200, Batch 300, Aver_Loss: 524.7866
Epoch 155/200, Batch 400, Aver_Loss: 523.4036
[early-stopping] Epoch 155: no improvement (11/20)
Epoch 156/200, Batch 100, Aver_Loss: 522.8495
Epoch 156/200, Batch 200, Aver_Loss: 526.9662
Epoch 156/200, Batch 300, Aver_Loss: 524.4771
Epoch 156/200, Batch 400, Aver_Loss: 524.5972
[early-stopping] Epoch 156: no improvement (12/20)
Epoch 157/200, Batch 100, Aver_Loss: 525.9730
Epoch 157/200, Batch 200, Aver_Loss: 524.1149
Epoch 157/200, Batch 300, Aver_Loss: 526.8986
Epoch 157/200, Batch 400, Aver_Loss: 525.8719
[early-stopping] Epoch 157: no improvement (13/20)
Epoch 158/200, Batch 100, Aver_Loss: 526.0229
Epoch 158/200, Batch 200, Aver_Loss: 526.7138
Epoch 158/200, Batch 300, Aver_Loss: 524.9797
Epoch 158/200, Batch 400, Aver_Loss: 524.4785
[early-stopping] Epoch 158: no improvement (14/20)
Epoch 159/200, Batch 100, Aver_Loss: 525.7006
Epoch 159/200, Batch 200, Aver_Loss: 523.5828
Epoch 159/200, Batch 300, Aver_Loss: 525.2980
Epoch 159/200, Batch 400, Aver_Loss: 524.6840
[early-stopping] Epoch 159: new best val ELBO = -525.068497
Epoch 160/200, Batch 100, Aver_Loss: 523.4680
Epoch 160/200, Batch 200, Aver_Loss: 524.8237
Epoch 160/200, Batch 300, Aver_Loss: 525.9075
Epoch 160/200, Batch 400, Aver_Loss: 524.8902
[early-stopping] Epoch 160: no improvement (1/20)
Epoch 161/200, Batch 100, Aver_Loss: 524.0312
Epoch 161/200, Batch 200, Aver_Loss: 524.8674
Epoch 161/200, Batch 300, Aver_Loss: 523.4759
Epoch 161/200, Batch 400, Aver_Loss: 526.0425
[early-stopping] Epoch 161: new best val ELBO = -525.020577
Epoch 162/200, Batch 100, Aver_Loss: 523.6274
Epoch 162/200, Batch 200, Aver_Loss: 525.3804
Epoch 162/200, Batch 300, Aver_Loss: 523.0450
Epoch 162/200, Batch 400, Aver_Loss: 523.8721
[early-stopping] Epoch 162: no improvement (1/20)
Epoch 163/200, Batch 100, Aver_Loss: 527.0552
Epoch 163/200, Batch 200, Aver_Loss: 524.5458
Epoch 163/200, Batch 300, Aver_Loss: 525.2494
Epoch 163/200, Batch 400, Aver_Loss: 522.6743
[early-stopping] Epoch 163: no improvement (2/20)
Epoch 164/200, Batch 100, Aver_Loss: 522.7847
Epoch 164/200, Batch 200, Aver_Loss: 522.0255
Epoch 164/200, Batch 300, Aver_Loss: 525.5939
Epoch 164/200, Batch 400, Aver_Loss: 524.7551
[early-stopping] Epoch 164: no improvement (3/20)
Epoch 165/200, Batch 100, Aver_Loss: 526.6011
Epoch 165/200, Batch 200, Aver_Loss: 524.7031
Epoch 165/200, Batch 300, Aver_Loss: 523.6735
Epoch 165/200, Batch 400, Aver_Loss: 524.5411
[early-stopping] Epoch 165: no improvement (4/20)
Epoch 166/200, Batch 100, Aver_Loss: 526.0742
Epoch 166/200, Batch 200, Aver_Loss: 526.2488
Epoch 166/200, Batch 300, Aver_Loss: 525.4250
Epoch 166/200, Batch 400, Aver_Loss: 524.9243
[early-stopping] Epoch 166: no improvement (5/20)
Epoch 167/200, Batch 100, Aver_Loss: 523.2786
Epoch 167/200, Batch 200, Aver_Loss: 523.8447
Epoch 167/200, Batch 300, Aver_Loss: 524.3989
Epoch 167/200, Batch 400, Aver_Loss: 524.2216
[early-stopping] Epoch 167: no improvement (6/20)
Epoch 168/200, Batch 100, Aver_Loss: 527.4192
Epoch 168/200, Batch 200, Aver_Loss: 526.0294
Epoch 168/200, Batch 300, Aver_Loss: 527.1630
Epoch 168/200, Batch 400, Aver_Loss: 525.5208
[early-stopping] Epoch 168: no improvement (7/20)
Epoch 169/200, Batch 100, Aver_Loss: 520.9727
Epoch 169/200, Batch 200, Aver_Loss: 524.1399
Epoch 169/200, Batch 300, Aver_Loss: 521.7578
Epoch 169/200, Batch 400, Aver_Loss: 523.3409
[early-stopping] Epoch 169: no improvement (8/20)
Epoch 170/200, Batch 100, Aver_Loss: 526.5428
Epoch 170/200, Batch 200, Aver_Loss: 524.7516
Epoch 170/200, Batch 300, Aver_Loss: 524.9413
Epoch 170/200, Batch 400, Aver_Loss: 524.3746
[early-stopping] Epoch 170: no improvement (9/20)
Epoch 171/200, Batch 100, Aver_Loss: 523.6414
Epoch 171/200, Batch 200, Aver_Loss: 525.1939
Epoch 171/200, Batch 300, Aver_Loss: 524.6598
Epoch 171/200, Batch 400, Aver_Loss: 523.7249
[early-stopping] Epoch 171: no improvement (10/20)
Epoch 172/200, Batch 100, Aver_Loss: 523.6301
Epoch 172/200, Batch 200, Aver_Loss: 525.0874
Epoch 172/200, Batch 300, Aver_Loss: 523.0184
Epoch 172/200, Batch 400, Aver_Loss: 526.5770
[early-stopping] Epoch 172: no improvement (11/20)
Epoch 173/200, Batch 100, Aver_Loss: 523.7438
Epoch 173/200, Batch 200, Aver_Loss: 525.9308
Epoch 173/200, Batch 300, Aver_Loss: 523.7379
Epoch 173/200, Batch 400, Aver_Loss: 524.2882
[early-stopping] Epoch 173: no improvement (12/20)
Epoch 174/200, Batch 100, Aver_Loss: 525.0907
Epoch 174/200, Batch 200, Aver_Loss: 526.0943
Epoch 174/200, Batch 300, Aver_Loss: 525.6437
Epoch 174/200, Batch 400, Aver_Loss: 525.3929
[early-stopping] Epoch 174: no improvement (13/20)
Epoch 175/200, Batch 100, Aver_Loss: 522.4847
Epoch 175/200, Batch 200, Aver_Loss: 525.8162
Epoch 175/200, Batch 300, Aver_Loss: 526.3479
Epoch 175/200, Batch 400, Aver_Loss: 524.6543
[early-stopping] Epoch 175: no improvement (14/20)
Epoch 176/200, Batch 100, Aver_Loss: 523.9315
Epoch 176/200, Batch 200, Aver_Loss: 525.0071
Epoch 176/200, Batch 300, Aver_Loss: 524.3013
Epoch 176/200, Batch 400, Aver_Loss: 526.1208
[early-stopping] Epoch 176: no improvement (15/20)
Epoch 177/200, Batch 100, Aver_Loss: 525.3881
Epoch 177/200, Batch 200, Aver_Loss: 524.4383
Epoch 177/200, Batch 300, Aver_Loss: 524.7598
Epoch 177/200, Batch 400, Aver_Loss: 524.9349
[early-stopping] Epoch 177: no improvement (16/20)
Epoch 178/200, Batch 100, Aver_Loss: 522.0861
Epoch 178/200, Batch 200, Aver_Loss: 525.5347
Epoch 178/200, Batch 300, Aver_Loss: 525.8349
Epoch 178/200, Batch 400, Aver_Loss: 527.9377
[early-stopping] Epoch 178: no improvement (17/20)
Epoch 179/200, Batch 100, Aver_Loss: 525.5104
Epoch 179/200, Batch 200, Aver_Loss: 524.3571
Epoch 179/200, Batch 300, Aver_Loss: 523.6965
Epoch 179/200, Batch 400, Aver_Loss: 524.7151
[early-stopping] Epoch 179: no improvement (18/20)
Epoch 180/200, Batch 100, Aver_Loss: 524.3251
Epoch 180/200, Batch 200, Aver_Loss: 526.3453
Epoch 180/200, Batch 300, Aver_Loss: 525.3661
Epoch 180/200, Batch 400, Aver_Loss: 523.5680
[early-stopping] Epoch 180: no improvement (19/20)
Epoch 181/200, Batch 100, Aver_Loss: 524.8553
Epoch 181/200, Batch 200, Aver_Loss: 524.1579
Epoch 181/200, Batch 300, Aver_Loss: 524.5984
Epoch 181/200, Batch 400, Aver_Loss: 524.2643
[early-stopping] Epoch 181: no improvement (20/20)
[early-stopping] Patience reached. Stopping at epoch 181. Best epoch: 161, best val ELBO: -525.020577
[early-stopping] Loaded best model from epoch 161 (val ELBO = -525.020577)
[checkpoint] Saved best model to: trained_parameters/mnist_background_random_zdim512_VAE.pkl
[saved curves] ./results/MNIST_BG_RANDOM/curves/mnist_background_random_vae_d512_s777.json

==== Evaluation Summary ====
                 model: vae
   recon/mse_per_pixel: 0.081620
            elbo/train: -524.681840
             elbo/test: -525.082317
             mse/train: 0.081376
              mse/test: 0.081620
             probe/acc: 0.847823
             probe/nll: 0.481938
           probe/brier: 0.222567
             probe/ece: 0.030588
           cluster/nmi: 0.432977
           cluster/ari: 0.307127
============================

