/usr/bin/which: no fi_info in (/arf/home/meyavuz/.local/bin:/arf/sw/comp/python/intelpython3/condabin:/arf/sw/comp/python/intelpython3/bin:/usr/share/Modules/bin:/usr/local/bin:/usr/bin:/usr/local/sbin:/usr/sbin)
Extension for Scikit-learn* enabled (https://github.com/uxlfoundation/scikit-learn-intelex)
/arf/home/meyavuz/.conda/envs/sbn/lib/python3.9/site-packages/sklearn/linear_model/_logistic.py:1247: FutureWarning: 'multi_class' was deprecated in version 1.5 and will be removed in 1.7. From then on, it will always use 'multinomial'. Leave it to its default value to avoid this warning.
  warnings.warn(
Epoch 1/200, Batch 100, Aver_Loss: 502.2058
Epoch 1/200, Batch 200, Aver_Loss: 490.7928
Epoch 1/200, Batch 300, Aver_Loss: 494.1666
Epoch 1/200, Batch 400, Aver_Loss: 482.2251
[early-stopping] Epoch 1: new best val ELBO = -487.162389
Epoch 2/200, Batch 100, Aver_Loss: 484.4526
Epoch 2/200, Batch 200, Aver_Loss: 487.5816
Epoch 2/200, Batch 300, Aver_Loss: 484.9913
Epoch 2/200, Batch 400, Aver_Loss: 492.2301
[early-stopping] Epoch 2: new best val ELBO = -485.469294
Epoch 3/200, Batch 100, Aver_Loss: 487.0927
Epoch 3/200, Batch 200, Aver_Loss: 487.7823
Epoch 3/200, Batch 300, Aver_Loss: 484.6544
Epoch 3/200, Batch 400, Aver_Loss: 486.8338
[early-stopping] Epoch 3: new best val ELBO = -483.794411
Epoch 4/200, Batch 100, Aver_Loss: 482.0663
Epoch 4/200, Batch 200, Aver_Loss: 480.4283
Epoch 4/200, Batch 300, Aver_Loss: 478.3529
Epoch 4/200, Batch 400, Aver_Loss: 482.1325
[early-stopping] Epoch 4: new best val ELBO = -483.233353
Epoch 5/200, Batch 100, Aver_Loss: 480.8950
Epoch 5/200, Batch 200, Aver_Loss: 488.8148
Epoch 5/200, Batch 300, Aver_Loss: 482.5140
Epoch 5/200, Batch 400, Aver_Loss: 490.1826
[early-stopping] Epoch 5: new best val ELBO = -482.833925
Epoch 6/200, Batch 100, Aver_Loss: 484.4456
Epoch 6/200, Batch 200, Aver_Loss: 478.5076
Epoch 6/200, Batch 300, Aver_Loss: 481.6787
Epoch 6/200, Batch 400, Aver_Loss: 489.4404
[early-stopping] Epoch 6: new best val ELBO = -482.575760
Epoch 7/200, Batch 100, Aver_Loss: 479.2877
Epoch 7/200, Batch 200, Aver_Loss: 486.6857
Epoch 7/200, Batch 300, Aver_Loss: 487.0652
Epoch 7/200, Batch 400, Aver_Loss: 485.9728
[early-stopping] Epoch 7: new best val ELBO = -482.251388
Epoch 8/200, Batch 100, Aver_Loss: 486.7227
Epoch 8/200, Batch 200, Aver_Loss: 476.9701
Epoch 8/200, Batch 300, Aver_Loss: 479.5432
Epoch 8/200, Batch 400, Aver_Loss: 486.5330
[early-stopping] Epoch 8: no improvement (1/20)
Epoch 9/200, Batch 100, Aver_Loss: 486.0781
Epoch 9/200, Batch 200, Aver_Loss: 483.6153
Epoch 9/200, Batch 300, Aver_Loss: 479.0366
Epoch 9/200, Batch 400, Aver_Loss: 469.0946
[early-stopping] Epoch 9: new best val ELBO = -481.582628
Epoch 10/200, Batch 100, Aver_Loss: 483.6643
Epoch 10/200, Batch 200, Aver_Loss: 477.4425
Epoch 10/200, Batch 300, Aver_Loss: 487.1674
Epoch 10/200, Batch 400, Aver_Loss: 470.5665
[early-stopping] Epoch 10: no improvement (1/20)
Epoch 11/200, Batch 100, Aver_Loss: 482.6248
Epoch 11/200, Batch 200, Aver_Loss: 479.3640
Epoch 11/200, Batch 300, Aver_Loss: 485.6964
Epoch 11/200, Batch 400, Aver_Loss: 483.3784
[early-stopping] Epoch 11: new best val ELBO = -481.248618
Epoch 12/200, Batch 100, Aver_Loss: 476.6317
Epoch 12/200, Batch 200, Aver_Loss: 475.5643
Epoch 12/200, Batch 300, Aver_Loss: 486.2415
Epoch 12/200, Batch 400, Aver_Loss: 483.4299
[early-stopping] Epoch 12: no improvement (1/20)
Epoch 13/200, Batch 100, Aver_Loss: 481.5102
Epoch 13/200, Batch 200, Aver_Loss: 477.2231
Epoch 13/200, Batch 300, Aver_Loss: 480.9741
Epoch 13/200, Batch 400, Aver_Loss: 477.3343
[early-stopping] Epoch 13: no improvement (2/20)
Epoch 14/200, Batch 100, Aver_Loss: 484.4406
Epoch 14/200, Batch 200, Aver_Loss: 477.8152
Epoch 14/200, Batch 300, Aver_Loss: 478.0378
Epoch 14/200, Batch 400, Aver_Loss: 478.7166
[early-stopping] Epoch 14: new best val ELBO = -481.082841
Epoch 15/200, Batch 100, Aver_Loss: 473.7459
Epoch 15/200, Batch 200, Aver_Loss: 487.5028
Epoch 15/200, Batch 300, Aver_Loss: 489.5403
Epoch 15/200, Batch 400, Aver_Loss: 482.1015
[early-stopping] Epoch 15: new best val ELBO = -481.075956
Epoch 16/200, Batch 100, Aver_Loss: 473.7631
Epoch 16/200, Batch 200, Aver_Loss: 477.7455
Epoch 16/200, Batch 300, Aver_Loss: 482.9258
Epoch 16/200, Batch 400, Aver_Loss: 482.2734
[early-stopping] Epoch 16: no improvement (1/20)
Epoch 17/200, Batch 100, Aver_Loss: 481.1079
Epoch 17/200, Batch 200, Aver_Loss: 481.3976
Epoch 17/200, Batch 300, Aver_Loss: 476.1660
Epoch 17/200, Batch 400, Aver_Loss: 476.0218
[early-stopping] Epoch 17: no improvement (2/20)
Epoch 18/200, Batch 100, Aver_Loss: 477.5494
Epoch 18/200, Batch 200, Aver_Loss: 479.4585
Epoch 18/200, Batch 300, Aver_Loss: 483.3484
Epoch 18/200, Batch 400, Aver_Loss: 478.6077
[early-stopping] Epoch 18: no improvement (3/20)
Epoch 19/200, Batch 100, Aver_Loss: 479.6134
Epoch 19/200, Batch 200, Aver_Loss: 475.4322
Epoch 19/200, Batch 300, Aver_Loss: 488.1646
Epoch 19/200, Batch 400, Aver_Loss: 478.5631
[early-stopping] Epoch 19: new best val ELBO = -480.802572
Epoch 20/200, Batch 100, Aver_Loss: 471.4637
Epoch 20/200, Batch 200, Aver_Loss: 478.7881
Epoch 20/200, Batch 300, Aver_Loss: 476.2751
Epoch 20/200, Batch 400, Aver_Loss: 485.9981
[early-stopping] Epoch 20: new best val ELBO = -480.699713
Epoch 21/200, Batch 100, Aver_Loss: 471.6747
Epoch 21/200, Batch 200, Aver_Loss: 478.7782
Epoch 21/200, Batch 300, Aver_Loss: 482.9762
Epoch 21/200, Batch 400, Aver_Loss: 483.1902
[early-stopping] Epoch 21: no improvement (1/20)
Epoch 22/200, Batch 100, Aver_Loss: 486.4225
Epoch 22/200, Batch 200, Aver_Loss: 483.0433
Epoch 22/200, Batch 300, Aver_Loss: 483.3764
Epoch 22/200, Batch 400, Aver_Loss: 481.3634
[early-stopping] Epoch 22: new best val ELBO = -480.640116
Epoch 23/200, Batch 100, Aver_Loss: 473.6589
Epoch 23/200, Batch 200, Aver_Loss: 477.9053
Epoch 23/200, Batch 300, Aver_Loss: 477.4366
Epoch 23/200, Batch 400, Aver_Loss: 485.1226
[early-stopping] Epoch 23: no improvement (1/20)
Epoch 24/200, Batch 100, Aver_Loss: 480.1153
Epoch 24/200, Batch 200, Aver_Loss: 473.4856
Epoch 24/200, Batch 300, Aver_Loss: 472.2664
Epoch 24/200, Batch 400, Aver_Loss: 481.3137
[early-stopping] Epoch 24: new best val ELBO = -480.485178
Epoch 25/200, Batch 100, Aver_Loss: 474.9658
Epoch 25/200, Batch 200, Aver_Loss: 478.2444
Epoch 25/200, Batch 300, Aver_Loss: 468.1337
Epoch 25/200, Batch 400, Aver_Loss: 489.9144
[early-stopping] Epoch 25: no improvement (1/20)
Epoch 26/200, Batch 100, Aver_Loss: 484.5384
Epoch 26/200, Batch 200, Aver_Loss: 481.4250
Epoch 26/200, Batch 300, Aver_Loss: 481.2029
Epoch 26/200, Batch 400, Aver_Loss: 470.4678
[early-stopping] Epoch 26: new best val ELBO = -480.346956
Epoch 27/200, Batch 100, Aver_Loss: 469.4022
Epoch 27/200, Batch 200, Aver_Loss: 480.8593
Epoch 27/200, Batch 300, Aver_Loss: 482.9866
Epoch 27/200, Batch 400, Aver_Loss: 474.6440
[early-stopping] Epoch 27: no improvement (1/20)
Epoch 28/200, Batch 100, Aver_Loss: 490.2247
Epoch 28/200, Batch 200, Aver_Loss: 477.4770
Epoch 28/200, Batch 300, Aver_Loss: 483.7279
Epoch 28/200, Batch 400, Aver_Loss: 482.4706
[early-stopping] Epoch 28: no improvement (2/20)
Epoch 29/200, Batch 100, Aver_Loss: 478.7086
Epoch 29/200, Batch 200, Aver_Loss: 482.7666
Epoch 29/200, Batch 300, Aver_Loss: 472.9220
Epoch 29/200, Batch 400, Aver_Loss: 491.1609
[early-stopping] Epoch 29: no improvement (3/20)
Epoch 30/200, Batch 100, Aver_Loss: 483.5676
Epoch 30/200, Batch 200, Aver_Loss: 489.0885
Epoch 30/200, Batch 300, Aver_Loss: 489.6035
Epoch 30/200, Batch 400, Aver_Loss: 484.0684
[early-stopping] Epoch 30: no improvement (4/20)
Epoch 31/200, Batch 100, Aver_Loss: 492.0495
Epoch 31/200, Batch 200, Aver_Loss: 483.8114
Epoch 31/200, Batch 300, Aver_Loss: 489.2591
Epoch 31/200, Batch 400, Aver_Loss: 486.0620
[early-stopping] Epoch 31: new best val ELBO = -480.134026
Epoch 32/200, Batch 100, Aver_Loss: 476.0895
Epoch 32/200, Batch 200, Aver_Loss: 475.1689
Epoch 32/200, Batch 300, Aver_Loss: 473.4520
Epoch 32/200, Batch 400, Aver_Loss: 472.0952
[early-stopping] Epoch 32: no improvement (1/20)
Epoch 33/200, Batch 100, Aver_Loss: 481.1271
Epoch 33/200, Batch 200, Aver_Loss: 473.3812
Epoch 33/200, Batch 300, Aver_Loss: 472.8299
Epoch 33/200, Batch 400, Aver_Loss: 477.7224
[early-stopping] Epoch 33: new best val ELBO = -480.122323
Epoch 34/200, Batch 100, Aver_Loss: 485.8825
Epoch 34/200, Batch 200, Aver_Loss: 483.6501
Epoch 34/200, Batch 300, Aver_Loss: 479.6352
Epoch 34/200, Batch 400, Aver_Loss: 484.0551
[early-stopping] Epoch 34: no improvement (1/20)
Epoch 35/200, Batch 100, Aver_Loss: 472.3283
Epoch 35/200, Batch 200, Aver_Loss: 482.3183
Epoch 35/200, Batch 300, Aver_Loss: 473.7924
Epoch 35/200, Batch 400, Aver_Loss: 480.6341
[early-stopping] Epoch 35: no improvement (2/20)
Epoch 36/200, Batch 100, Aver_Loss: 480.2160
Epoch 36/200, Batch 200, Aver_Loss: 473.6278
Epoch 36/200, Batch 300, Aver_Loss: 483.3143
Epoch 36/200, Batch 400, Aver_Loss: 479.1387
[early-stopping] Epoch 36: no improvement (3/20)
Epoch 37/200, Batch 100, Aver_Loss: 479.0797
Epoch 37/200, Batch 200, Aver_Loss: 488.8647
Epoch 37/200, Batch 300, Aver_Loss: 477.0735
Epoch 37/200, Batch 400, Aver_Loss: 481.0335
[early-stopping] Epoch 37: new best val ELBO = -480.112154
Epoch 38/200, Batch 100, Aver_Loss: 476.0036
Epoch 38/200, Batch 200, Aver_Loss: 478.8627
Epoch 38/200, Batch 300, Aver_Loss: 479.9396
Epoch 38/200, Batch 400, Aver_Loss: 486.7563
[early-stopping] Epoch 38: new best val ELBO = -480.083426
Epoch 39/200, Batch 100, Aver_Loss: 490.1747
Epoch 39/200, Batch 200, Aver_Loss: 480.2772
Epoch 39/200, Batch 300, Aver_Loss: 465.2398
Epoch 39/200, Batch 400, Aver_Loss: 480.4181
[early-stopping] Epoch 39: new best val ELBO = -479.872667
Epoch 40/200, Batch 100, Aver_Loss: 485.4686
Epoch 40/200, Batch 200, Aver_Loss: 469.0924
Epoch 40/200, Batch 300, Aver_Loss: 478.2267
Epoch 40/200, Batch 400, Aver_Loss: 480.3632
[early-stopping] Epoch 40: no improvement (1/20)
Epoch 41/200, Batch 100, Aver_Loss: 487.8594
Epoch 41/200, Batch 200, Aver_Loss: 478.9146
Epoch 41/200, Batch 300, Aver_Loss: 488.2275
Epoch 41/200, Batch 400, Aver_Loss: 472.8442
[early-stopping] Epoch 41: no improvement (2/20)
Epoch 42/200, Batch 100, Aver_Loss: 479.7383
Epoch 42/200, Batch 200, Aver_Loss: 478.7852
Epoch 42/200, Batch 300, Aver_Loss: 475.9994
Epoch 42/200, Batch 400, Aver_Loss: 482.8320
[early-stopping] Epoch 42: no improvement (3/20)
Epoch 43/200, Batch 100, Aver_Loss: 482.7735
Epoch 43/200, Batch 200, Aver_Loss: 473.2528
Epoch 43/200, Batch 300, Aver_Loss: 489.5186
Epoch 43/200, Batch 400, Aver_Loss: 484.4174
[early-stopping] Epoch 43: no improvement (4/20)
Epoch 44/200, Batch 100, Aver_Loss: 483.1500
Epoch 44/200, Batch 200, Aver_Loss: 483.0127
Epoch 44/200, Batch 300, Aver_Loss: 480.9366
Epoch 44/200, Batch 400, Aver_Loss: 486.7919
[early-stopping] Epoch 44: no improvement (5/20)
Epoch 45/200, Batch 100, Aver_Loss: 482.0793
Epoch 45/200, Batch 200, Aver_Loss: 476.0584
Epoch 45/200, Batch 300, Aver_Loss: 479.5389
Epoch 45/200, Batch 400, Aver_Loss: 490.0290
[early-stopping] Epoch 45: new best val ELBO = -479.688673
Epoch 46/200, Batch 100, Aver_Loss: 477.4253
Epoch 46/200, Batch 200, Aver_Loss: 485.1295
Epoch 46/200, Batch 300, Aver_Loss: 484.8862
Epoch 46/200, Batch 400, Aver_Loss: 477.7213
[early-stopping] Epoch 46: new best val ELBO = -479.580124
Epoch 47/200, Batch 100, Aver_Loss: 481.1852
Epoch 47/200, Batch 200, Aver_Loss: 481.9026
Epoch 47/200, Batch 300, Aver_Loss: 484.1033
Epoch 47/200, Batch 400, Aver_Loss: 483.2569
[early-stopping] Epoch 47: no improvement (1/20)
Epoch 48/200, Batch 100, Aver_Loss: 466.2362
Epoch 48/200, Batch 200, Aver_Loss: 481.4376
Epoch 48/200, Batch 300, Aver_Loss: 471.3643
Epoch 48/200, Batch 400, Aver_Loss: 484.1386
[early-stopping] Epoch 48: no improvement (2/20)
Epoch 49/200, Batch 100, Aver_Loss: 482.1728
Epoch 49/200, Batch 200, Aver_Loss: 480.5074
Epoch 49/200, Batch 300, Aver_Loss: 479.0871
Epoch 49/200, Batch 400, Aver_Loss: 480.2162
[early-stopping] Epoch 49: no improvement (3/20)
Epoch 50/200, Batch 100, Aver_Loss: 478.3831
Epoch 50/200, Batch 200, Aver_Loss: 491.6213
Epoch 50/200, Batch 300, Aver_Loss: 477.4078
Epoch 50/200, Batch 400, Aver_Loss: 470.9815
[early-stopping] Epoch 50: new best val ELBO = -479.512058
Epoch 51/200, Batch 100, Aver_Loss: 476.7184
Epoch 51/200, Batch 200, Aver_Loss: 478.9117
Epoch 51/200, Batch 300, Aver_Loss: 479.5616
Epoch 51/200, Batch 400, Aver_Loss: 476.1319
[early-stopping] Epoch 51: no improvement (1/20)
Epoch 52/200, Batch 100, Aver_Loss: 475.8335
Epoch 52/200, Batch 200, Aver_Loss: 487.0215
Epoch 52/200, Batch 300, Aver_Loss: 480.7372
Epoch 52/200, Batch 400, Aver_Loss: 487.6953
[early-stopping] Epoch 52: no improvement (2/20)
Epoch 53/200, Batch 100, Aver_Loss: 473.9999
Epoch 53/200, Batch 200, Aver_Loss: 488.1920
Epoch 53/200, Batch 300, Aver_Loss: 482.5550
Epoch 53/200, Batch 400, Aver_Loss: 482.9669
[early-stopping] Epoch 53: no improvement (3/20)
Epoch 54/200, Batch 100, Aver_Loss: 475.3679
Epoch 54/200, Batch 200, Aver_Loss: 475.9344
Epoch 54/200, Batch 300, Aver_Loss: 481.4592
Epoch 54/200, Batch 400, Aver_Loss: 480.9085
[early-stopping] Epoch 54: no improvement (4/20)
Epoch 55/200, Batch 100, Aver_Loss: 473.0730
Epoch 55/200, Batch 200, Aver_Loss: 484.1383
Epoch 55/200, Batch 300, Aver_Loss: 485.0399
Epoch 55/200, Batch 400, Aver_Loss: 469.3871
[early-stopping] Epoch 55: no improvement (5/20)
Epoch 56/200, Batch 100, Aver_Loss: 485.7091
Epoch 56/200, Batch 200, Aver_Loss: 476.8171
Epoch 56/200, Batch 300, Aver_Loss: 481.5760
Epoch 56/200, Batch 400, Aver_Loss: 484.1814
[early-stopping] Epoch 56: new best val ELBO = -479.398366
Epoch 57/200, Batch 100, Aver_Loss: 475.3546
Epoch 57/200, Batch 200, Aver_Loss: 474.5784
Epoch 57/200, Batch 300, Aver_Loss: 481.4706
Epoch 57/200, Batch 400, Aver_Loss: 475.5331
[early-stopping] Epoch 57: new best val ELBO = -479.348731
Epoch 58/200, Batch 100, Aver_Loss: 473.4293
Epoch 58/200, Batch 200, Aver_Loss: 474.0428
Epoch 58/200, Batch 300, Aver_Loss: 479.9802
Epoch 58/200, Batch 400, Aver_Loss: 477.4609
[early-stopping] Epoch 58: no improvement (1/20)
Epoch 59/200, Batch 100, Aver_Loss: 485.9612
Epoch 59/200, Batch 200, Aver_Loss: 479.4211
Epoch 59/200, Batch 300, Aver_Loss: 476.1221
Epoch 59/200, Batch 400, Aver_Loss: 486.6263
[early-stopping] Epoch 59: no improvement (2/20)
Epoch 60/200, Batch 100, Aver_Loss: 473.0839
Epoch 60/200, Batch 200, Aver_Loss: 477.9727
Epoch 60/200, Batch 300, Aver_Loss: 469.8724
Epoch 60/200, Batch 400, Aver_Loss: 474.4758
[early-stopping] Epoch 60: no improvement (3/20)
Epoch 61/200, Batch 100, Aver_Loss: 473.7614
Epoch 61/200, Batch 200, Aver_Loss: 481.8791
Epoch 61/200, Batch 300, Aver_Loss: 479.8217
Epoch 61/200, Batch 400, Aver_Loss: 481.3841
[early-stopping] Epoch 61: no improvement (4/20)
Epoch 62/200, Batch 100, Aver_Loss: 478.5119
Epoch 62/200, Batch 200, Aver_Loss: 482.4676
Epoch 62/200, Batch 300, Aver_Loss: 485.2380
Epoch 62/200, Batch 400, Aver_Loss: 490.2004
[early-stopping] Epoch 62: no improvement (5/20)
Epoch 63/200, Batch 100, Aver_Loss: 489.3667
Epoch 63/200, Batch 200, Aver_Loss: 480.5491
Epoch 63/200, Batch 300, Aver_Loss: 477.3371
Epoch 63/200, Batch 400, Aver_Loss: 477.1172
[early-stopping] Epoch 63: no improvement (6/20)
Epoch 64/200, Batch 100, Aver_Loss: 483.0193
Epoch 64/200, Batch 200, Aver_Loss: 470.9614
Epoch 64/200, Batch 300, Aver_Loss: 477.7307
Epoch 64/200, Batch 400, Aver_Loss: 479.6485
[early-stopping] Epoch 64: new best val ELBO = -479.146368
Epoch 65/200, Batch 100, Aver_Loss: 481.3543
Epoch 65/200, Batch 200, Aver_Loss: 483.1962
Epoch 65/200, Batch 300, Aver_Loss: 479.0293
Epoch 65/200, Batch 400, Aver_Loss: 477.1227
[early-stopping] Epoch 65: no improvement (1/20)
Epoch 66/200, Batch 100, Aver_Loss: 473.1887
Epoch 66/200, Batch 200, Aver_Loss: 471.4592
Epoch 66/200, Batch 300, Aver_Loss: 472.5932
Epoch 66/200, Batch 400, Aver_Loss: 481.2581
[early-stopping] Epoch 66: no improvement (2/20)
Epoch 67/200, Batch 100, Aver_Loss: 476.2506
Epoch 67/200, Batch 200, Aver_Loss: 479.8950
Epoch 67/200, Batch 300, Aver_Loss: 476.3227
Epoch 67/200, Batch 400, Aver_Loss: 481.3411
[early-stopping] Epoch 67: no improvement (3/20)
Epoch 68/200, Batch 100, Aver_Loss: 474.4248
Epoch 68/200, Batch 200, Aver_Loss: 485.2877
Epoch 68/200, Batch 300, Aver_Loss: 472.6335
Epoch 68/200, Batch 400, Aver_Loss: 483.1263
[early-stopping] Epoch 68: no improvement (4/20)
Epoch 69/200, Batch 100, Aver_Loss: 468.1552
Epoch 69/200, Batch 200, Aver_Loss: 482.0448
Epoch 69/200, Batch 300, Aver_Loss: 479.3795
Epoch 69/200, Batch 400, Aver_Loss: 479.4866
[early-stopping] Epoch 69: no improvement (5/20)
Epoch 70/200, Batch 100, Aver_Loss: 473.8895
Epoch 70/200, Batch 200, Aver_Loss: 473.6138
Epoch 70/200, Batch 300, Aver_Loss: 474.8134
Epoch 70/200, Batch 400, Aver_Loss: 476.6738
[early-stopping] Epoch 70: no improvement (6/20)
Epoch 71/200, Batch 100, Aver_Loss: 480.4208
Epoch 71/200, Batch 200, Aver_Loss: 479.3046
Epoch 71/200, Batch 300, Aver_Loss: 477.4194
Epoch 71/200, Batch 400, Aver_Loss: 484.1139
[early-stopping] Epoch 71: no improvement (7/20)
Epoch 72/200, Batch 100, Aver_Loss: 485.7178
Epoch 72/200, Batch 200, Aver_Loss: 481.3763
Epoch 72/200, Batch 300, Aver_Loss: 479.2119
Epoch 72/200, Batch 400, Aver_Loss: 486.3895
[early-stopping] Epoch 72: new best val ELBO = -479.055966
Epoch 73/200, Batch 100, Aver_Loss: 487.8990
Epoch 73/200, Batch 200, Aver_Loss: 475.6078
Epoch 73/200, Batch 300, Aver_Loss: 463.9644
Epoch 73/200, Batch 400, Aver_Loss: 474.7366
[early-stopping] Epoch 73: no improvement (1/20)
Epoch 74/200, Batch 100, Aver_Loss: 481.3748
Epoch 74/200, Batch 200, Aver_Loss: 491.6370
Epoch 74/200, Batch 300, Aver_Loss: 475.2976
Epoch 74/200, Batch 400, Aver_Loss: 478.6812
[early-stopping] Epoch 74: no improvement (2/20)
Epoch 75/200, Batch 100, Aver_Loss: 474.3201
Epoch 75/200, Batch 200, Aver_Loss: 477.9753
Epoch 75/200, Batch 300, Aver_Loss: 476.0005
Epoch 75/200, Batch 400, Aver_Loss: 474.5741
[early-stopping] Epoch 75: no improvement (3/20)
Epoch 76/200, Batch 100, Aver_Loss: 479.5336
Epoch 76/200, Batch 200, Aver_Loss: 475.8148
Epoch 76/200, Batch 300, Aver_Loss: 477.3443
Epoch 76/200, Batch 400, Aver_Loss: 486.2350
[early-stopping] Epoch 76: no improvement (4/20)
Epoch 77/200, Batch 100, Aver_Loss: 474.1669
Epoch 77/200, Batch 200, Aver_Loss: 474.8647
Epoch 77/200, Batch 300, Aver_Loss: 486.3484
Epoch 77/200, Batch 400, Aver_Loss: 479.8753
[early-stopping] Epoch 77: no improvement (5/20)
Epoch 78/200, Batch 100, Aver_Loss: 479.8082
Epoch 78/200, Batch 200, Aver_Loss: 472.4300
Epoch 78/200, Batch 300, Aver_Loss: 487.0882
Epoch 78/200, Batch 400, Aver_Loss: 483.7852
[early-stopping] Epoch 78: new best val ELBO = -479.041461
Epoch 79/200, Batch 100, Aver_Loss: 469.2458
Epoch 79/200, Batch 200, Aver_Loss: 471.7821
Epoch 79/200, Batch 300, Aver_Loss: 479.6131
Epoch 79/200, Batch 400, Aver_Loss: 479.5764
[early-stopping] Epoch 79: no improvement (1/20)
Epoch 80/200, Batch 100, Aver_Loss: 473.1248
Epoch 80/200, Batch 200, Aver_Loss: 473.4731
Epoch 80/200, Batch 300, Aver_Loss: 483.6152
Epoch 80/200, Batch 400, Aver_Loss: 473.0557
[early-stopping] Epoch 80: no improvement (2/20)
Epoch 81/200, Batch 100, Aver_Loss: 477.5781
Epoch 81/200, Batch 200, Aver_Loss: 484.5661
Epoch 81/200, Batch 300, Aver_Loss: 478.0016
Epoch 81/200, Batch 400, Aver_Loss: 483.3333
[early-stopping] Epoch 81: no improvement (3/20)
Epoch 82/200, Batch 100, Aver_Loss: 484.4529
Epoch 82/200, Batch 200, Aver_Loss: 476.0704
Epoch 82/200, Batch 300, Aver_Loss: 482.1065
Epoch 82/200, Batch 400, Aver_Loss: 473.5236
[early-stopping] Epoch 82: no improvement (4/20)
Epoch 83/200, Batch 100, Aver_Loss: 474.0931
Epoch 83/200, Batch 200, Aver_Loss: 483.0472
Epoch 83/200, Batch 300, Aver_Loss: 478.1019
Epoch 83/200, Batch 400, Aver_Loss: 476.3152
[early-stopping] Epoch 83: new best val ELBO = -478.997738
Epoch 84/200, Batch 100, Aver_Loss: 476.4604
Epoch 84/200, Batch 200, Aver_Loss: 481.3392
Epoch 84/200, Batch 300, Aver_Loss: 486.4063
Epoch 84/200, Batch 400, Aver_Loss: 469.5702
[early-stopping] Epoch 84: no improvement (1/20)
Epoch 85/200, Batch 100, Aver_Loss: 488.8006
Epoch 85/200, Batch 200, Aver_Loss: 487.9944
Epoch 85/200, Batch 300, Aver_Loss: 478.2837
Epoch 85/200, Batch 400, Aver_Loss: 475.2075
[early-stopping] Epoch 85: no improvement (2/20)
Epoch 86/200, Batch 100, Aver_Loss: 463.0791
Epoch 86/200, Batch 200, Aver_Loss: 479.3488
Epoch 86/200, Batch 300, Aver_Loss: 477.1685
Epoch 86/200, Batch 400, Aver_Loss: 483.6371
[early-stopping] Epoch 86: new best val ELBO = -478.953093
Epoch 87/200, Batch 100, Aver_Loss: 478.4811
Epoch 87/200, Batch 200, Aver_Loss: 476.7672
Epoch 87/200, Batch 300, Aver_Loss: 486.2873
Epoch 87/200, Batch 400, Aver_Loss: 475.6438
[early-stopping] Epoch 87: no improvement (1/20)
Epoch 88/200, Batch 100, Aver_Loss: 478.9628
Epoch 88/200, Batch 200, Aver_Loss: 482.4787
Epoch 88/200, Batch 300, Aver_Loss: 476.4681
Epoch 88/200, Batch 400, Aver_Loss: 473.9067
[early-stopping] Epoch 88: no improvement (2/20)
Epoch 89/200, Batch 100, Aver_Loss: 489.1808
Epoch 89/200, Batch 200, Aver_Loss: 482.8115
Epoch 89/200, Batch 300, Aver_Loss: 477.6513
Epoch 89/200, Batch 400, Aver_Loss: 478.9056
[early-stopping] Epoch 89: new best val ELBO = -478.859109
Epoch 90/200, Batch 100, Aver_Loss: 481.5721
Epoch 90/200, Batch 200, Aver_Loss: 477.1696
Epoch 90/200, Batch 300, Aver_Loss: 474.7757
Epoch 90/200, Batch 400, Aver_Loss: 480.2491
[early-stopping] Epoch 90: new best val ELBO = -478.792062
Epoch 91/200, Batch 100, Aver_Loss: 482.7623
Epoch 91/200, Batch 200, Aver_Loss: 483.4796
Epoch 91/200, Batch 300, Aver_Loss: 473.5797
Epoch 91/200, Batch 400, Aver_Loss: 479.0415
[early-stopping] Epoch 91: no improvement (1/20)
Epoch 92/200, Batch 100, Aver_Loss: 481.4781
Epoch 92/200, Batch 200, Aver_Loss: 479.3321
Epoch 92/200, Batch 300, Aver_Loss: 480.1180
Epoch 92/200, Batch 400, Aver_Loss: 477.1152
[early-stopping] Epoch 92: no improvement (2/20)
Epoch 93/200, Batch 100, Aver_Loss: 470.4406
Epoch 93/200, Batch 200, Aver_Loss: 485.8007
Epoch 93/200, Batch 300, Aver_Loss: 488.1186
Epoch 93/200, Batch 400, Aver_Loss: 485.4537
[early-stopping] Epoch 93: no improvement (3/20)
Epoch 94/200, Batch 100, Aver_Loss: 484.2646
Epoch 94/200, Batch 200, Aver_Loss: 477.0005
Epoch 94/200, Batch 300, Aver_Loss: 476.9980
Epoch 94/200, Batch 400, Aver_Loss: 481.4016
[early-stopping] Epoch 94: no improvement (4/20)
Epoch 95/200, Batch 100, Aver_Loss: 479.4162
Epoch 95/200, Batch 200, Aver_Loss: 478.7923
Epoch 95/200, Batch 300, Aver_Loss: 477.3012
Epoch 95/200, Batch 400, Aver_Loss: 476.6023
[early-stopping] Epoch 95: no improvement (5/20)
Epoch 96/200, Batch 100, Aver_Loss: 475.0569
Epoch 96/200, Batch 200, Aver_Loss: 480.8145
Epoch 96/200, Batch 300, Aver_Loss: 481.0527
Epoch 96/200, Batch 400, Aver_Loss: 475.0034
[early-stopping] Epoch 96: no improvement (6/20)
Epoch 97/200, Batch 100, Aver_Loss: 476.3523
Epoch 97/200, Batch 200, Aver_Loss: 475.9821
Epoch 97/200, Batch 300, Aver_Loss: 490.5109
Epoch 97/200, Batch 400, Aver_Loss: 463.2590
[early-stopping] Epoch 97: no improvement (7/20)
Epoch 98/200, Batch 100, Aver_Loss: 465.4092
Epoch 98/200, Batch 200, Aver_Loss: 480.4977
Epoch 98/200, Batch 300, Aver_Loss: 476.7488
Epoch 98/200, Batch 400, Aver_Loss: 488.8391
[early-stopping] Epoch 98: no improvement (8/20)
Epoch 99/200, Batch 100, Aver_Loss: 483.8319
Epoch 99/200, Batch 200, Aver_Loss: 470.8839
Epoch 99/200, Batch 300, Aver_Loss: 478.3665
Epoch 99/200, Batch 400, Aver_Loss: 466.1298
[early-stopping] Epoch 99: new best val ELBO = -478.752676
Epoch 100/200, Batch 100, Aver_Loss: 483.9457
Epoch 100/200, Batch 200, Aver_Loss: 483.1094
Epoch 100/200, Batch 300, Aver_Loss: 479.5424
Epoch 100/200, Batch 400, Aver_Loss: 479.7148
[early-stopping] Epoch 100: no improvement (1/20)
Epoch 101/200, Batch 100, Aver_Loss: 477.2929
Epoch 101/200, Batch 200, Aver_Loss: 480.9371
Epoch 101/200, Batch 300, Aver_Loss: 483.4425
Epoch 101/200, Batch 400, Aver_Loss: 485.2601
[early-stopping] Epoch 101: no improvement (2/20)
Epoch 102/200, Batch 100, Aver_Loss: 486.8306
Epoch 102/200, Batch 200, Aver_Loss: 474.0829
Epoch 102/200, Batch 300, Aver_Loss: 476.8899
Epoch 102/200, Batch 400, Aver_Loss: 481.7213
[early-stopping] Epoch 102: no improvement (3/20)
Epoch 103/200, Batch 100, Aver_Loss: 480.9652
Epoch 103/200, Batch 200, Aver_Loss: 474.5774
Epoch 103/200, Batch 300, Aver_Loss: 468.8060
Epoch 103/200, Batch 400, Aver_Loss: 472.4053
[early-stopping] Epoch 103: no improvement (4/20)
Epoch 104/200, Batch 100, Aver_Loss: 477.9864
Epoch 104/200, Batch 200, Aver_Loss: 477.1001
Epoch 104/200, Batch 300, Aver_Loss: 477.7711
Epoch 104/200, Batch 400, Aver_Loss: 479.0043
[early-stopping] Epoch 104: no improvement (5/20)
Epoch 105/200, Batch 100, Aver_Loss: 484.4517
Epoch 105/200, Batch 200, Aver_Loss: 480.0815
Epoch 105/200, Batch 300, Aver_Loss: 476.0370
Epoch 105/200, Batch 400, Aver_Loss: 487.3054
[early-stopping] Epoch 105: no improvement (6/20)
Epoch 106/200, Batch 100, Aver_Loss: 482.3097
Epoch 106/200, Batch 200, Aver_Loss: 472.7403
Epoch 106/200, Batch 300, Aver_Loss: 481.4955
Epoch 106/200, Batch 400, Aver_Loss: 468.3562
[early-stopping] Epoch 106: new best val ELBO = -478.689374
Epoch 107/200, Batch 100, Aver_Loss: 470.5624
Epoch 107/200, Batch 200, Aver_Loss: 478.1915
Epoch 107/200, Batch 300, Aver_Loss: 491.6152
Epoch 107/200, Batch 400, Aver_Loss: 482.2163
[early-stopping] Epoch 107: no improvement (1/20)
Epoch 108/200, Batch 100, Aver_Loss: 476.7715
Epoch 108/200, Batch 200, Aver_Loss: 480.2964
Epoch 108/200, Batch 300, Aver_Loss: 492.5589
Epoch 108/200, Batch 400, Aver_Loss: 479.2542
[early-stopping] Epoch 108: new best val ELBO = -478.653577
Epoch 109/200, Batch 100, Aver_Loss: 483.1606
Epoch 109/200, Batch 200, Aver_Loss: 485.1479
Epoch 109/200, Batch 300, Aver_Loss: 477.8700
Epoch 109/200, Batch 400, Aver_Loss: 479.8344
[early-stopping] Epoch 109: no improvement (1/20)
Epoch 110/200, Batch 100, Aver_Loss: 483.8024
Epoch 110/200, Batch 200, Aver_Loss: 484.5126
Epoch 110/200, Batch 300, Aver_Loss: 466.3526
Epoch 110/200, Batch 400, Aver_Loss: 477.1429
[early-stopping] Epoch 110: no improvement (2/20)
Epoch 111/200, Batch 100, Aver_Loss: 475.9569
Epoch 111/200, Batch 200, Aver_Loss: 483.3477
Epoch 111/200, Batch 300, Aver_Loss: 481.2699
Epoch 111/200, Batch 400, Aver_Loss: 481.2951
[early-stopping] Epoch 111: no improvement (3/20)
Epoch 112/200, Batch 100, Aver_Loss: 479.4827
Epoch 112/200, Batch 200, Aver_Loss: 474.9843
Epoch 112/200, Batch 300, Aver_Loss: 482.9628
Epoch 112/200, Batch 400, Aver_Loss: 479.9554
[early-stopping] Epoch 112: no improvement (4/20)
Epoch 113/200, Batch 100, Aver_Loss: 474.0927
Epoch 113/200, Batch 200, Aver_Loss: 480.7487
Epoch 113/200, Batch 300, Aver_Loss: 469.2246
Epoch 113/200, Batch 400, Aver_Loss: 480.6267
[early-stopping] Epoch 113: no improvement (5/20)
Epoch 114/200, Batch 100, Aver_Loss: 473.5494
Epoch 114/200, Batch 200, Aver_Loss: 476.6513
Epoch 114/200, Batch 300, Aver_Loss: 473.7127
Epoch 114/200, Batch 400, Aver_Loss: 487.9991
[early-stopping] Epoch 114: no improvement (6/20)
Epoch 115/200, Batch 100, Aver_Loss: 485.4547
Epoch 115/200, Batch 200, Aver_Loss: 472.5116
Epoch 115/200, Batch 300, Aver_Loss: 484.0920
Epoch 115/200, Batch 400, Aver_Loss: 483.4900
[early-stopping] Epoch 115: no improvement (7/20)
Epoch 116/200, Batch 100, Aver_Loss: 475.4224
Epoch 116/200, Batch 200, Aver_Loss: 471.7057
Epoch 116/200, Batch 300, Aver_Loss: 486.4881
Epoch 116/200, Batch 400, Aver_Loss: 467.7065
[early-stopping] Epoch 116: new best val ELBO = -478.574907
Epoch 117/200, Batch 100, Aver_Loss: 476.2973
Epoch 117/200, Batch 200, Aver_Loss: 475.9330
Epoch 117/200, Batch 300, Aver_Loss: 488.7009
Epoch 117/200, Batch 400, Aver_Loss: 474.1375
[early-stopping] Epoch 117: no improvement (1/20)
Epoch 118/200, Batch 100, Aver_Loss: 480.5596
Epoch 118/200, Batch 200, Aver_Loss: 483.0131
Epoch 118/200, Batch 300, Aver_Loss: 482.4064
Epoch 118/200, Batch 400, Aver_Loss: 476.9038
[early-stopping] Epoch 118: no improvement (2/20)
Epoch 119/200, Batch 100, Aver_Loss: 477.4693
Epoch 119/200, Batch 200, Aver_Loss: 480.8475
Epoch 119/200, Batch 300, Aver_Loss: 483.7205
Epoch 119/200, Batch 400, Aver_Loss: 478.1839
[early-stopping] Epoch 119: new best val ELBO = -478.553286
Epoch 120/200, Batch 100, Aver_Loss: 478.0282
Epoch 120/200, Batch 200, Aver_Loss: 482.9375
Epoch 120/200, Batch 300, Aver_Loss: 480.2314
Epoch 120/200, Batch 400, Aver_Loss: 474.7850
[early-stopping] Epoch 120: new best val ELBO = -478.539968
Epoch 121/200, Batch 100, Aver_Loss: 484.6407
Epoch 121/200, Batch 200, Aver_Loss: 481.0560
Epoch 121/200, Batch 300, Aver_Loss: 472.7957
Epoch 121/200, Batch 400, Aver_Loss: 479.1317
[early-stopping] Epoch 121: no improvement (1/20)
Epoch 122/200, Batch 100, Aver_Loss: 468.9936
Epoch 122/200, Batch 200, Aver_Loss: 476.8888
Epoch 122/200, Batch 300, Aver_Loss: 479.1034
Epoch 122/200, Batch 400, Aver_Loss: 480.3518
[early-stopping] Epoch 122: no improvement (2/20)
Epoch 123/200, Batch 100, Aver_Loss: 473.3419
Epoch 123/200, Batch 200, Aver_Loss: 485.7160
Epoch 123/200, Batch 300, Aver_Loss: 478.9558
Epoch 123/200, Batch 400, Aver_Loss: 474.0353
[early-stopping] Epoch 123: no improvement (3/20)
Epoch 124/200, Batch 100, Aver_Loss: 482.7946
Epoch 124/200, Batch 200, Aver_Loss: 483.0226
Epoch 124/200, Batch 300, Aver_Loss: 478.7051
Epoch 124/200, Batch 400, Aver_Loss: 473.6303
[early-stopping] Epoch 124: no improvement (4/20)
Epoch 125/200, Batch 100, Aver_Loss: 472.1592
Epoch 125/200, Batch 200, Aver_Loss: 480.1536
Epoch 125/200, Batch 300, Aver_Loss: 474.7559
Epoch 125/200, Batch 400, Aver_Loss: 482.6220
[early-stopping] Epoch 125: no improvement (5/20)
Epoch 126/200, Batch 100, Aver_Loss: 479.5158
Epoch 126/200, Batch 200, Aver_Loss: 480.1048
Epoch 126/200, Batch 300, Aver_Loss: 473.3979
Epoch 126/200, Batch 400, Aver_Loss: 478.0937
[early-stopping] Epoch 126: no improvement (6/20)
Epoch 127/200, Batch 100, Aver_Loss: 477.3926
Epoch 127/200, Batch 200, Aver_Loss: 477.2369
Epoch 127/200, Batch 300, Aver_Loss: 472.8990
Epoch 127/200, Batch 400, Aver_Loss: 476.4503
[early-stopping] Epoch 127: no improvement (7/20)
Epoch 128/200, Batch 100, Aver_Loss: 480.1638
Epoch 128/200, Batch 200, Aver_Loss: 479.7619
Epoch 128/200, Batch 300, Aver_Loss: 478.6905
Epoch 128/200, Batch 400, Aver_Loss: 480.5557
[early-stopping] Epoch 128: no improvement (8/20)
Epoch 129/200, Batch 100, Aver_Loss: 480.4073
Epoch 129/200, Batch 200, Aver_Loss: 482.2755
Epoch 129/200, Batch 300, Aver_Loss: 471.3886
Epoch 129/200, Batch 400, Aver_Loss: 476.8495
[early-stopping] Epoch 129: no improvement (9/20)
Epoch 130/200, Batch 100, Aver_Loss: 479.5528
Epoch 130/200, Batch 200, Aver_Loss: 480.8321
Epoch 130/200, Batch 300, Aver_Loss: 480.5843
Epoch 130/200, Batch 400, Aver_Loss: 479.3722
[early-stopping] Epoch 130: no improvement (10/20)
Epoch 131/200, Batch 100, Aver_Loss: 482.7725
Epoch 131/200, Batch 200, Aver_Loss: 484.9349
Epoch 131/200, Batch 300, Aver_Loss: 479.5541
Epoch 131/200, Batch 400, Aver_Loss: 476.3968
[early-stopping] Epoch 131: no improvement (11/20)
Epoch 132/200, Batch 100, Aver_Loss: 475.2099
Epoch 132/200, Batch 200, Aver_Loss: 477.9633
Epoch 132/200, Batch 300, Aver_Loss: 467.8713
Epoch 132/200, Batch 400, Aver_Loss: 479.2672
[early-stopping] Epoch 132: new best val ELBO = -478.488586
Epoch 133/200, Batch 100, Aver_Loss: 471.8747
Epoch 133/200, Batch 200, Aver_Loss: 486.0591
Epoch 133/200, Batch 300, Aver_Loss: 487.2220
Epoch 133/200, Batch 400, Aver_Loss: 474.3586
[early-stopping] Epoch 133: no improvement (1/20)
Epoch 134/200, Batch 100, Aver_Loss: 478.1129
Epoch 134/200, Batch 200, Aver_Loss: 477.3971
Epoch 134/200, Batch 300, Aver_Loss: 486.1024
Epoch 134/200, Batch 400, Aver_Loss: 480.3316
[early-stopping] Epoch 134: no improvement (2/20)
Epoch 135/200, Batch 100, Aver_Loss: 485.4320
Epoch 135/200, Batch 200, Aver_Loss: 480.0033
Epoch 135/200, Batch 300, Aver_Loss: 481.0751
Epoch 135/200, Batch 400, Aver_Loss: 476.2056
[early-stopping] Epoch 135: no improvement (3/20)
Epoch 136/200, Batch 100, Aver_Loss: 480.1211
Epoch 136/200, Batch 200, Aver_Loss: 477.9926
Epoch 136/200, Batch 300, Aver_Loss: 478.1129
Epoch 136/200, Batch 400, Aver_Loss: 479.8647
[early-stopping] Epoch 136: new best val ELBO = -478.487260
Epoch 137/200, Batch 100, Aver_Loss: 481.2026
Epoch 137/200, Batch 200, Aver_Loss: 472.9087
Epoch 137/200, Batch 300, Aver_Loss: 474.7389
Epoch 137/200, Batch 400, Aver_Loss: 484.9269
[early-stopping] Epoch 137: no improvement (1/20)
Epoch 138/200, Batch 100, Aver_Loss: 477.4591
Epoch 138/200, Batch 200, Aver_Loss: 473.4808
Epoch 138/200, Batch 300, Aver_Loss: 472.5582
Epoch 138/200, Batch 400, Aver_Loss: 480.8907
[early-stopping] Epoch 138: no improvement (2/20)
Epoch 139/200, Batch 100, Aver_Loss: 475.9982
Epoch 139/200, Batch 200, Aver_Loss: 477.4441
Epoch 139/200, Batch 300, Aver_Loss: 482.0139
Epoch 139/200, Batch 400, Aver_Loss: 469.6501
[early-stopping] Epoch 139: no improvement (3/20)
Epoch 140/200, Batch 100, Aver_Loss: 481.3929
Epoch 140/200, Batch 200, Aver_Loss: 478.2560
Epoch 140/200, Batch 300, Aver_Loss: 476.5314
Epoch 140/200, Batch 400, Aver_Loss: 468.4561
[early-stopping] Epoch 140: new best val ELBO = -478.482650
Epoch 141/200, Batch 100, Aver_Loss: 475.2813
Epoch 141/200, Batch 200, Aver_Loss: 479.9470
Epoch 141/200, Batch 300, Aver_Loss: 481.5252
Epoch 141/200, Batch 400, Aver_Loss: 482.5198
[early-stopping] Epoch 141: no improvement (1/20)
Epoch 142/200, Batch 100, Aver_Loss: 475.9194
Epoch 142/200, Batch 200, Aver_Loss: 469.9327
Epoch 142/200, Batch 300, Aver_Loss: 475.3962
Epoch 142/200, Batch 400, Aver_Loss: 476.0089
[early-stopping] Epoch 142: no improvement (2/20)
Epoch 143/200, Batch 100, Aver_Loss: 480.7153
Epoch 143/200, Batch 200, Aver_Loss: 477.7369
Epoch 143/200, Batch 300, Aver_Loss: 481.9435
Epoch 143/200, Batch 400, Aver_Loss: 478.0727
[early-stopping] Epoch 143: no improvement (3/20)
Epoch 144/200, Batch 100, Aver_Loss: 475.5126
Epoch 144/200, Batch 200, Aver_Loss: 479.8950
Epoch 144/200, Batch 300, Aver_Loss: 482.9835
Epoch 144/200, Batch 400, Aver_Loss: 476.8868
[early-stopping] Epoch 144: no improvement (4/20)
Epoch 145/200, Batch 100, Aver_Loss: 463.2722
Epoch 145/200, Batch 200, Aver_Loss: 483.0034
Epoch 145/200, Batch 300, Aver_Loss: 469.9307
Epoch 145/200, Batch 400, Aver_Loss: 479.3098
[early-stopping] Epoch 145: new best val ELBO = -478.465018
Epoch 146/200, Batch 100, Aver_Loss: 475.7180
Epoch 146/200, Batch 200, Aver_Loss: 482.7531
Epoch 146/200, Batch 300, Aver_Loss: 476.6517
Epoch 146/200, Batch 400, Aver_Loss: 481.9845
[early-stopping] Epoch 146: no improvement (1/20)
Epoch 147/200, Batch 100, Aver_Loss: 478.6666
Epoch 147/200, Batch 200, Aver_Loss: 471.6833
Epoch 147/200, Batch 300, Aver_Loss: 470.1791
Epoch 147/200, Batch 400, Aver_Loss: 479.4855
[early-stopping] Epoch 147: no improvement (2/20)
Epoch 148/200, Batch 100, Aver_Loss: 475.1196
Epoch 148/200, Batch 200, Aver_Loss: 476.9619
Epoch 148/200, Batch 300, Aver_Loss: 477.3399
Epoch 148/200, Batch 400, Aver_Loss: 480.9189
[early-stopping] Epoch 148: no improvement (3/20)
Epoch 149/200, Batch 100, Aver_Loss: 483.9134
Epoch 149/200, Batch 200, Aver_Loss: 476.7787
Epoch 149/200, Batch 300, Aver_Loss: 483.0699
Epoch 149/200, Batch 400, Aver_Loss: 477.5457
[early-stopping] Epoch 149: no improvement (4/20)
Epoch 150/200, Batch 100, Aver_Loss: 475.1528
Epoch 150/200, Batch 200, Aver_Loss: 475.5262
Epoch 150/200, Batch 300, Aver_Loss: 479.0137
Epoch 150/200, Batch 400, Aver_Loss: 476.2212
[early-stopping] Epoch 150: new best val ELBO = -478.359888
Epoch 151/200, Batch 100, Aver_Loss: 486.2063
Epoch 151/200, Batch 200, Aver_Loss: 483.3613
Epoch 151/200, Batch 300, Aver_Loss: 484.8465
Epoch 151/200, Batch 400, Aver_Loss: 470.5733
[early-stopping] Epoch 151: no improvement (1/20)
Epoch 152/200, Batch 100, Aver_Loss: 473.9504
Epoch 152/200, Batch 200, Aver_Loss: 482.1931
Epoch 152/200, Batch 300, Aver_Loss: 482.5627
Epoch 152/200, Batch 400, Aver_Loss: 478.1407
[early-stopping] Epoch 152: no improvement (2/20)
Epoch 153/200, Batch 100, Aver_Loss: 478.2468
Epoch 153/200, Batch 200, Aver_Loss: 481.3853
Epoch 153/200, Batch 300, Aver_Loss: 487.3438
Epoch 153/200, Batch 400, Aver_Loss: 476.6298
[early-stopping] Epoch 153: no improvement (3/20)
Epoch 154/200, Batch 100, Aver_Loss: 474.0997
Epoch 154/200, Batch 200, Aver_Loss: 481.2842
Epoch 154/200, Batch 300, Aver_Loss: 477.3510
Epoch 154/200, Batch 400, Aver_Loss: 475.8435
[early-stopping] Epoch 154: no improvement (4/20)
Epoch 155/200, Batch 100, Aver_Loss: 469.1137
Epoch 155/200, Batch 200, Aver_Loss: 483.4184
Epoch 155/200, Batch 300, Aver_Loss: 475.4760
Epoch 155/200, Batch 400, Aver_Loss: 472.3304
[early-stopping] Epoch 155: no improvement (5/20)
Epoch 156/200, Batch 100, Aver_Loss: 477.0713
Epoch 156/200, Batch 200, Aver_Loss: 475.3926
Epoch 156/200, Batch 300, Aver_Loss: 476.8623
Epoch 156/200, Batch 400, Aver_Loss: 476.6099
[early-stopping] Epoch 156: no improvement (6/20)
Epoch 157/200, Batch 100, Aver_Loss: 481.9601
Epoch 157/200, Batch 200, Aver_Loss: 474.5580
Epoch 157/200, Batch 300, Aver_Loss: 478.4498
Epoch 157/200, Batch 400, Aver_Loss: 478.0246
[early-stopping] Epoch 157: no improvement (7/20)
Epoch 158/200, Batch 100, Aver_Loss: 464.8485
Epoch 158/200, Batch 200, Aver_Loss: 481.3586
Epoch 158/200, Batch 300, Aver_Loss: 478.3315
Epoch 158/200, Batch 400, Aver_Loss: 480.4783
[early-stopping] Epoch 158: no improvement (8/20)
Epoch 159/200, Batch 100, Aver_Loss: 480.8153
Epoch 159/200, Batch 200, Aver_Loss: 469.7975
Epoch 159/200, Batch 300, Aver_Loss: 477.8161
Epoch 159/200, Batch 400, Aver_Loss: 465.3129
[early-stopping] Epoch 159: no improvement (9/20)
Epoch 160/200, Batch 100, Aver_Loss: 475.9874
Epoch 160/200, Batch 200, Aver_Loss: 477.9340
Epoch 160/200, Batch 300, Aver_Loss: 475.0267
Epoch 160/200, Batch 400, Aver_Loss: 475.8323
[early-stopping] Epoch 160: no improvement (10/20)
Epoch 161/200, Batch 100, Aver_Loss: 476.1881
Epoch 161/200, Batch 200, Aver_Loss: 469.3222
Epoch 161/200, Batch 300, Aver_Loss: 480.5479
Epoch 161/200, Batch 400, Aver_Loss: 485.6489
[early-stopping] Epoch 161: no improvement (11/20)
Epoch 162/200, Batch 100, Aver_Loss: 482.6327
Epoch 162/200, Batch 200, Aver_Loss: 471.9503
Epoch 162/200, Batch 300, Aver_Loss: 483.3870
Epoch 162/200, Batch 400, Aver_Loss: 475.7864
[early-stopping] Epoch 162: no improvement (12/20)
Epoch 163/200, Batch 100, Aver_Loss: 484.9396
Epoch 163/200, Batch 200, Aver_Loss: 478.2585
Epoch 163/200, Batch 300, Aver_Loss: 476.0794
Epoch 163/200, Batch 400, Aver_Loss: 475.6517
[early-stopping] Epoch 163: no improvement (13/20)
Epoch 164/200, Batch 100, Aver_Loss: 468.3405
Epoch 164/200, Batch 200, Aver_Loss: 470.9473
Epoch 164/200, Batch 300, Aver_Loss: 483.2924
Epoch 164/200, Batch 400, Aver_Loss: 477.1524
[early-stopping] Epoch 164: new best val ELBO = -478.221997
Epoch 165/200, Batch 100, Aver_Loss: 465.0757
Epoch 165/200, Batch 200, Aver_Loss: 473.1584
Epoch 165/200, Batch 300, Aver_Loss: 479.8927
Epoch 165/200, Batch 400, Aver_Loss: 477.9731
[early-stopping] Epoch 165: no improvement (1/20)
Epoch 166/200, Batch 100, Aver_Loss: 480.4588
Epoch 166/200, Batch 200, Aver_Loss: 475.1401
Epoch 166/200, Batch 300, Aver_Loss: 474.3599
Epoch 166/200, Batch 400, Aver_Loss: 472.5700
[early-stopping] Epoch 166: no improvement (2/20)
Epoch 167/200, Batch 100, Aver_Loss: 485.1323
Epoch 167/200, Batch 200, Aver_Loss: 479.0959
Epoch 167/200, Batch 300, Aver_Loss: 478.6846
Epoch 167/200, Batch 400, Aver_Loss: 474.6845
[early-stopping] Epoch 167: no improvement (3/20)
Epoch 168/200, Batch 100, Aver_Loss: 478.4200
Epoch 168/200, Batch 200, Aver_Loss: 468.8371
Epoch 168/200, Batch 300, Aver_Loss: 473.8075
Epoch 168/200, Batch 400, Aver_Loss: 478.3361
[early-stopping] Epoch 168: no improvement (4/20)
Epoch 169/200, Batch 100, Aver_Loss: 478.4594
Epoch 169/200, Batch 200, Aver_Loss: 477.0548
Epoch 169/200, Batch 300, Aver_Loss: 481.9521
Epoch 169/200, Batch 400, Aver_Loss: 484.5511
[early-stopping] Epoch 169: no improvement (5/20)
Epoch 170/200, Batch 100, Aver_Loss: 481.8084
Epoch 170/200, Batch 200, Aver_Loss: 483.3594
Epoch 170/200, Batch 300, Aver_Loss: 475.6221
Epoch 170/200, Batch 400, Aver_Loss: 470.4389
[early-stopping] Epoch 170: no improvement (6/20)
Epoch 171/200, Batch 100, Aver_Loss: 481.6574
Epoch 171/200, Batch 200, Aver_Loss: 473.0833
Epoch 171/200, Batch 300, Aver_Loss: 472.9793
Epoch 171/200, Batch 400, Aver_Loss: 484.6169
[early-stopping] Epoch 171: no improvement (7/20)
Epoch 172/200, Batch 100, Aver_Loss: 480.1079
Epoch 172/200, Batch 200, Aver_Loss: 478.6778
Epoch 172/200, Batch 300, Aver_Loss: 473.4066
Epoch 172/200, Batch 400, Aver_Loss: 482.8199
[early-stopping] Epoch 172: no improvement (8/20)
Epoch 173/200, Batch 100, Aver_Loss: 478.9656
Epoch 173/200, Batch 200, Aver_Loss: 483.0710
Epoch 173/200, Batch 300, Aver_Loss: 475.2667
Epoch 173/200, Batch 400, Aver_Loss: 477.4120
[early-stopping] Epoch 173: no improvement (9/20)
Epoch 174/200, Batch 100, Aver_Loss: 474.3837
Epoch 174/200, Batch 200, Aver_Loss: 476.1587
Epoch 174/200, Batch 300, Aver_Loss: 468.9152
Epoch 174/200, Batch 400, Aver_Loss: 472.1597
[early-stopping] Epoch 174: no improvement (10/20)
Epoch 175/200, Batch 100, Aver_Loss: 478.2350
Epoch 175/200, Batch 200, Aver_Loss: 482.9951
Epoch 175/200, Batch 300, Aver_Loss: 472.3593
Epoch 175/200, Batch 400, Aver_Loss: 487.2110
[early-stopping] Epoch 175: no improvement (11/20)
Epoch 176/200, Batch 100, Aver_Loss: 478.9928
Epoch 176/200, Batch 200, Aver_Loss: 469.0555
Epoch 176/200, Batch 300, Aver_Loss: 475.6353
Epoch 176/200, Batch 400, Aver_Loss: 470.8446
[early-stopping] Epoch 176: no improvement (12/20)
Epoch 177/200, Batch 100, Aver_Loss: 475.1814
Epoch 177/200, Batch 200, Aver_Loss: 487.3770
Epoch 177/200, Batch 300, Aver_Loss: 485.2662
Epoch 177/200, Batch 400, Aver_Loss: 470.3420
[early-stopping] Epoch 177: no improvement (13/20)
Epoch 178/200, Batch 100, Aver_Loss: 482.3870
Epoch 178/200, Batch 200, Aver_Loss: 484.4648
Epoch 178/200, Batch 300, Aver_Loss: 485.3124
Epoch 178/200, Batch 400, Aver_Loss: 483.7201
[early-stopping] Epoch 178: no improvement (14/20)
Epoch 179/200, Batch 100, Aver_Loss: 480.7001
Epoch 179/200, Batch 200, Aver_Loss: 481.0352
Epoch 179/200, Batch 300, Aver_Loss: 484.2004
Epoch 179/200, Batch 400, Aver_Loss: 473.6348
[early-stopping] Epoch 179: no improvement (15/20)
Epoch 180/200, Batch 100, Aver_Loss: 474.7740
Epoch 180/200, Batch 200, Aver_Loss: 473.3111
Epoch 180/200, Batch 300, Aver_Loss: 477.4466
Epoch 180/200, Batch 400, Aver_Loss: 471.2125
[early-stopping] Epoch 180: no improvement (16/20)
Epoch 181/200, Batch 100, Aver_Loss: 475.0437
Epoch 181/200, Batch 200, Aver_Loss: 484.7487
Epoch 181/200, Batch 300, Aver_Loss: 471.2527
Epoch 181/200, Batch 400, Aver_Loss: 480.8667
[early-stopping] Epoch 181: no improvement (17/20)
Epoch 182/200, Batch 100, Aver_Loss: 474.7328
Epoch 182/200, Batch 200, Aver_Loss: 483.8231
Epoch 182/200, Batch 300, Aver_Loss: 477.9275
Epoch 182/200, Batch 400, Aver_Loss: 474.0035
[early-stopping] Epoch 182: no improvement (18/20)
Epoch 183/200, Batch 100, Aver_Loss: 487.2312
Epoch 183/200, Batch 200, Aver_Loss: 473.3354
Epoch 183/200, Batch 300, Aver_Loss: 472.7379
Epoch 183/200, Batch 400, Aver_Loss: 472.2552
[early-stopping] Epoch 183: no improvement (19/20)
Epoch 184/200, Batch 100, Aver_Loss: 476.7381
Epoch 184/200, Batch 200, Aver_Loss: 482.0478
Epoch 184/200, Batch 300, Aver_Loss: 478.3029
Epoch 184/200, Batch 400, Aver_Loss: 483.6150
[early-stopping] Epoch 184: no improvement (20/20)
[early-stopping] Patience reached. Stopping at epoch 184. Best epoch: 164, best val ELBO: -478.221997
[early-stopping] Loaded best model from epoch 164 (val ELBO = -478.221997)
[checkpoint] Saved best model to: trained_parameters/mnist_background_images_zdim16_MVAE.pkl
[saved curves] ./results/MNIST_BG_IM/curves/mnist_background_images_mvae_d16_s777.json

==== Evaluation Summary ====
                 model: mvae
   recon/mse_per_pixel: 0.030108
            elbo/train: -477.564700
             elbo/test: -478.297809
             mse/train: 0.029864
              mse/test: 0.030108
             probe/acc: 0.668306
             probe/nll: 1.005710
           probe/brier: 0.452421
             probe/ece: 0.034425
           cluster/nmi: 0.239381
           cluster/ari: 0.148918
============================

