/usr/bin/which: no fi_info in (/arf/home/meyavuz/.local/bin:/arf/sw/comp/python/intelpython3/condabin:/arf/sw/comp/python/intelpython3/bin:/usr/share/Modules/bin:/usr/local/bin:/usr/bin:/usr/local/sbin:/usr/sbin)
Extension for Scikit-learn* enabled (https://github.com/uxlfoundation/scikit-learn-intelex)
/arf/home/meyavuz/.conda/envs/sbn/lib/python3.9/site-packages/sklearn/linear_model/_logistic.py:1247: FutureWarning: 'multi_class' was deprecated in version 1.5 and will be removed in 1.7. From then on, it will always use 'multinomial'. Leave it to its default value to avoid this warning.
  warnings.warn(
Epoch 1/200, Batch 100, Aver_Loss: 499.5782
Epoch 1/200, Batch 200, Aver_Loss: 492.2621
Epoch 1/200, Batch 300, Aver_Loss: 488.7283
Epoch 1/200, Batch 400, Aver_Loss: 491.5668
[early-stopping] Epoch 1: new best val ELBO = -486.265388
Epoch 2/200, Batch 100, Aver_Loss: 475.9786
Epoch 2/200, Batch 200, Aver_Loss: 486.7449
Epoch 2/200, Batch 300, Aver_Loss: 488.8521
Epoch 2/200, Batch 400, Aver_Loss: 477.3056
[early-stopping] Epoch 2: new best val ELBO = -485.415747
Epoch 3/200, Batch 100, Aver_Loss: 482.8534
Epoch 3/200, Batch 200, Aver_Loss: 481.0743
Epoch 3/200, Batch 300, Aver_Loss: 483.7732
Epoch 3/200, Batch 400, Aver_Loss: 479.2628
[early-stopping] Epoch 3: new best val ELBO = -482.968836
Epoch 4/200, Batch 100, Aver_Loss: 483.6087
Epoch 4/200, Batch 200, Aver_Loss: 489.1542
Epoch 4/200, Batch 300, Aver_Loss: 489.5160
Epoch 4/200, Batch 400, Aver_Loss: 485.7853
[early-stopping] Epoch 4: no improvement (1/20)
Epoch 5/200, Batch 100, Aver_Loss: 482.5974
Epoch 5/200, Batch 200, Aver_Loss: 489.9420
Epoch 5/200, Batch 300, Aver_Loss: 492.6913
Epoch 5/200, Batch 400, Aver_Loss: 478.2478
[early-stopping] Epoch 5: no improvement (2/20)
Epoch 6/200, Batch 100, Aver_Loss: 479.9407
Epoch 6/200, Batch 200, Aver_Loss: 480.7480
Epoch 6/200, Batch 300, Aver_Loss: 480.0238
Epoch 6/200, Batch 400, Aver_Loss: 482.2020
[early-stopping] Epoch 6: new best val ELBO = -482.703652
Epoch 7/200, Batch 100, Aver_Loss: 493.5152
Epoch 7/200, Batch 200, Aver_Loss: 483.3767
Epoch 7/200, Batch 300, Aver_Loss: 482.4859
Epoch 7/200, Batch 400, Aver_Loss: 482.1040
[early-stopping] Epoch 7: no improvement (1/20)
Epoch 8/200, Batch 100, Aver_Loss: 477.4084
Epoch 8/200, Batch 200, Aver_Loss: 475.6876
Epoch 8/200, Batch 300, Aver_Loss: 488.5782
Epoch 8/200, Batch 400, Aver_Loss: 475.9321
[early-stopping] Epoch 8: new best val ELBO = -481.777710
Epoch 9/200, Batch 100, Aver_Loss: 476.7435
Epoch 9/200, Batch 200, Aver_Loss: 483.4161
Epoch 9/200, Batch 300, Aver_Loss: 484.9376
Epoch 9/200, Batch 400, Aver_Loss: 484.0838
[early-stopping] Epoch 9: new best val ELBO = -481.709641
Epoch 10/200, Batch 100, Aver_Loss: 484.3246
Epoch 10/200, Batch 200, Aver_Loss: 483.7732
Epoch 10/200, Batch 300, Aver_Loss: 475.0013
Epoch 10/200, Batch 400, Aver_Loss: 473.4676
[early-stopping] Epoch 10: new best val ELBO = -481.540565
Epoch 11/200, Batch 100, Aver_Loss: 480.9398
Epoch 11/200, Batch 200, Aver_Loss: 486.9808
Epoch 11/200, Batch 300, Aver_Loss: 483.5499
Epoch 11/200, Batch 400, Aver_Loss: 477.2079
[early-stopping] Epoch 11: new best val ELBO = -481.451392
Epoch 12/200, Batch 100, Aver_Loss: 479.2760
Epoch 12/200, Batch 200, Aver_Loss: 488.3876
Epoch 12/200, Batch 300, Aver_Loss: 491.3862
Epoch 12/200, Batch 400, Aver_Loss: 474.0956
[early-stopping] Epoch 12: new best val ELBO = -481.236671
Epoch 13/200, Batch 100, Aver_Loss: 486.6891
Epoch 13/200, Batch 200, Aver_Loss: 475.7177
Epoch 13/200, Batch 300, Aver_Loss: 484.5492
Epoch 13/200, Batch 400, Aver_Loss: 480.0463
[early-stopping] Epoch 13: no improvement (1/20)
Epoch 14/200, Batch 100, Aver_Loss: 481.6573
Epoch 14/200, Batch 200, Aver_Loss: 485.4995
Epoch 14/200, Batch 300, Aver_Loss: 486.2390
Epoch 14/200, Batch 400, Aver_Loss: 485.2647
[early-stopping] Epoch 14: new best val ELBO = -480.838045
Epoch 15/200, Batch 100, Aver_Loss: 482.3913
Epoch 15/200, Batch 200, Aver_Loss: 477.4348
Epoch 15/200, Batch 300, Aver_Loss: 484.2015
Epoch 15/200, Batch 400, Aver_Loss: 486.5694
[early-stopping] Epoch 15: no improvement (1/20)
Epoch 16/200, Batch 100, Aver_Loss: 487.0840
Epoch 16/200, Batch 200, Aver_Loss: 483.0180
Epoch 16/200, Batch 300, Aver_Loss: 479.2496
Epoch 16/200, Batch 400, Aver_Loss: 482.1242
[early-stopping] Epoch 16: new best val ELBO = -480.764844
Epoch 17/200, Batch 100, Aver_Loss: 483.9610
Epoch 17/200, Batch 200, Aver_Loss: 471.9831
Epoch 17/200, Batch 300, Aver_Loss: 482.6299
Epoch 17/200, Batch 400, Aver_Loss: 479.0138
[early-stopping] Epoch 17: new best val ELBO = -480.664224
Epoch 18/200, Batch 100, Aver_Loss: 484.5237
Epoch 18/200, Batch 200, Aver_Loss: 477.7374
Epoch 18/200, Batch 300, Aver_Loss: 476.7878
Epoch 18/200, Batch 400, Aver_Loss: 485.1573
[early-stopping] Epoch 18: no improvement (1/20)
Epoch 19/200, Batch 100, Aver_Loss: 487.9456
Epoch 19/200, Batch 200, Aver_Loss: 480.8455
Epoch 19/200, Batch 300, Aver_Loss: 476.9530
Epoch 19/200, Batch 400, Aver_Loss: 483.1887
[early-stopping] Epoch 19: new best val ELBO = -480.532085
Epoch 20/200, Batch 100, Aver_Loss: 483.1105
Epoch 20/200, Batch 200, Aver_Loss: 480.5301
Epoch 20/200, Batch 300, Aver_Loss: 481.5225
Epoch 20/200, Batch 400, Aver_Loss: 476.9538
[early-stopping] Epoch 20: new best val ELBO = -480.521910
Epoch 21/200, Batch 100, Aver_Loss: 475.3817
Epoch 21/200, Batch 200, Aver_Loss: 486.0529
Epoch 21/200, Batch 300, Aver_Loss: 480.9257
Epoch 21/200, Batch 400, Aver_Loss: 491.9404
[early-stopping] Epoch 21: no improvement (1/20)
Epoch 22/200, Batch 100, Aver_Loss: 478.0234
Epoch 22/200, Batch 200, Aver_Loss: 483.7598
Epoch 22/200, Batch 300, Aver_Loss: 475.9540
Epoch 22/200, Batch 400, Aver_Loss: 475.6458
[early-stopping] Epoch 22: no improvement (2/20)
Epoch 23/200, Batch 100, Aver_Loss: 482.9308
Epoch 23/200, Batch 200, Aver_Loss: 481.7567
Epoch 23/200, Batch 300, Aver_Loss: 479.0130
Epoch 23/200, Batch 400, Aver_Loss: 479.5027
[early-stopping] Epoch 23: no improvement (3/20)
Epoch 24/200, Batch 100, Aver_Loss: 481.0289
Epoch 24/200, Batch 200, Aver_Loss: 477.0668
Epoch 24/200, Batch 300, Aver_Loss: 475.0087
Epoch 24/200, Batch 400, Aver_Loss: 481.3283
[early-stopping] Epoch 24: new best val ELBO = -480.468346
Epoch 25/200, Batch 100, Aver_Loss: 480.4413
Epoch 25/200, Batch 200, Aver_Loss: 476.5897
Epoch 25/200, Batch 300, Aver_Loss: 480.9167
Epoch 25/200, Batch 400, Aver_Loss: 485.7374
[early-stopping] Epoch 25: no improvement (1/20)
Epoch 26/200, Batch 100, Aver_Loss: 491.3478
Epoch 26/200, Batch 200, Aver_Loss: 483.4014
Epoch 26/200, Batch 300, Aver_Loss: 483.6497
Epoch 26/200, Batch 400, Aver_Loss: 482.7228
[early-stopping] Epoch 26: new best val ELBO = -480.123757
Epoch 27/200, Batch 100, Aver_Loss: 482.8696
Epoch 27/200, Batch 200, Aver_Loss: 474.1578
Epoch 27/200, Batch 300, Aver_Loss: 485.6920
Epoch 27/200, Batch 400, Aver_Loss: 486.6634
[early-stopping] Epoch 27: no improvement (1/20)
Epoch 28/200, Batch 100, Aver_Loss: 475.0797
Epoch 28/200, Batch 200, Aver_Loss: 473.2646
Epoch 28/200, Batch 300, Aver_Loss: 476.1931
Epoch 28/200, Batch 400, Aver_Loss: 487.7153
[early-stopping] Epoch 28: new best val ELBO = -479.931873
Epoch 29/200, Batch 100, Aver_Loss: 474.9002
Epoch 29/200, Batch 200, Aver_Loss: 476.6513
Epoch 29/200, Batch 300, Aver_Loss: 476.0418
Epoch 29/200, Batch 400, Aver_Loss: 480.1885
[early-stopping] Epoch 29: no improvement (1/20)
Epoch 30/200, Batch 100, Aver_Loss: 471.6331
Epoch 30/200, Batch 200, Aver_Loss: 480.4442
Epoch 30/200, Batch 300, Aver_Loss: 472.4367
Epoch 30/200, Batch 400, Aver_Loss: 480.7686
[early-stopping] Epoch 30: no improvement (2/20)
Epoch 31/200, Batch 100, Aver_Loss: 477.1470
Epoch 31/200, Batch 200, Aver_Loss: 487.4511
Epoch 31/200, Batch 300, Aver_Loss: 481.9939
Epoch 31/200, Batch 400, Aver_Loss: 481.7958
[early-stopping] Epoch 31: no improvement (3/20)
Epoch 32/200, Batch 100, Aver_Loss: 482.9943
Epoch 32/200, Batch 200, Aver_Loss: 480.1400
Epoch 32/200, Batch 300, Aver_Loss: 474.2303
Epoch 32/200, Batch 400, Aver_Loss: 478.8165
[early-stopping] Epoch 32: no improvement (4/20)
Epoch 33/200, Batch 100, Aver_Loss: 477.3118
Epoch 33/200, Batch 200, Aver_Loss: 480.5667
Epoch 33/200, Batch 300, Aver_Loss: 472.6344
Epoch 33/200, Batch 400, Aver_Loss: 480.9781
[early-stopping] Epoch 33: no improvement (5/20)
Epoch 34/200, Batch 100, Aver_Loss: 479.9518
Epoch 34/200, Batch 200, Aver_Loss: 483.0390
Epoch 34/200, Batch 300, Aver_Loss: 475.6645
Epoch 34/200, Batch 400, Aver_Loss: 481.7346
[early-stopping] Epoch 34: no improvement (6/20)
Epoch 35/200, Batch 100, Aver_Loss: 473.2178
Epoch 35/200, Batch 200, Aver_Loss: 477.0780
Epoch 35/200, Batch 300, Aver_Loss: 475.6246
Epoch 35/200, Batch 400, Aver_Loss: 488.2953
[early-stopping] Epoch 35: no improvement (7/20)
Epoch 36/200, Batch 100, Aver_Loss: 479.3075
Epoch 36/200, Batch 200, Aver_Loss: 476.5763
Epoch 36/200, Batch 300, Aver_Loss: 472.0855
Epoch 36/200, Batch 400, Aver_Loss: 483.4113
[early-stopping] Epoch 36: no improvement (8/20)
Epoch 37/200, Batch 100, Aver_Loss: 476.2454
Epoch 37/200, Batch 200, Aver_Loss: 490.0503
Epoch 37/200, Batch 300, Aver_Loss: 478.3080
Epoch 37/200, Batch 400, Aver_Loss: 486.2421
[early-stopping] Epoch 37: new best val ELBO = -479.684559
Epoch 38/200, Batch 100, Aver_Loss: 482.3330
Epoch 38/200, Batch 200, Aver_Loss: 476.9009
Epoch 38/200, Batch 300, Aver_Loss: 479.8419
Epoch 38/200, Batch 400, Aver_Loss: 477.4207
[early-stopping] Epoch 38: no improvement (1/20)
Epoch 39/200, Batch 100, Aver_Loss: 478.9169
Epoch 39/200, Batch 200, Aver_Loss: 481.9794
Epoch 39/200, Batch 300, Aver_Loss: 484.8503
Epoch 39/200, Batch 400, Aver_Loss: 478.7025
[early-stopping] Epoch 39: no improvement (2/20)
Epoch 40/200, Batch 100, Aver_Loss: 476.8138
Epoch 40/200, Batch 200, Aver_Loss: 482.7930
Epoch 40/200, Batch 300, Aver_Loss: 483.7326
Epoch 40/200, Batch 400, Aver_Loss: 474.3539
[early-stopping] Epoch 40: no improvement (3/20)
Epoch 41/200, Batch 100, Aver_Loss: 482.8393
Epoch 41/200, Batch 200, Aver_Loss: 487.6799
Epoch 41/200, Batch 300, Aver_Loss: 472.1909
Epoch 41/200, Batch 400, Aver_Loss: 475.3760
[early-stopping] Epoch 41: no improvement (4/20)
Epoch 42/200, Batch 100, Aver_Loss: 473.2735
Epoch 42/200, Batch 200, Aver_Loss: 485.4494
Epoch 42/200, Batch 300, Aver_Loss: 475.9206
Epoch 42/200, Batch 400, Aver_Loss: 475.4651
[early-stopping] Epoch 42: new best val ELBO = -479.500094
Epoch 43/200, Batch 100, Aver_Loss: 479.3011
Epoch 43/200, Batch 200, Aver_Loss: 479.8892
Epoch 43/200, Batch 300, Aver_Loss: 481.6461
Epoch 43/200, Batch 400, Aver_Loss: 477.4907
[early-stopping] Epoch 43: no improvement (1/20)
Epoch 44/200, Batch 100, Aver_Loss: 477.5795
Epoch 44/200, Batch 200, Aver_Loss: 481.9981
Epoch 44/200, Batch 300, Aver_Loss: 485.8813
Epoch 44/200, Batch 400, Aver_Loss: 482.1198
[early-stopping] Epoch 44: no improvement (2/20)
Epoch 45/200, Batch 100, Aver_Loss: 464.8622
Epoch 45/200, Batch 200, Aver_Loss: 478.7017
Epoch 45/200, Batch 300, Aver_Loss: 482.8071
Epoch 45/200, Batch 400, Aver_Loss: 479.8654
[early-stopping] Epoch 45: no improvement (3/20)
Epoch 46/200, Batch 100, Aver_Loss: 475.0235
Epoch 46/200, Batch 200, Aver_Loss: 480.7686
Epoch 46/200, Batch 300, Aver_Loss: 490.6557
Epoch 46/200, Batch 400, Aver_Loss: 477.0737
[early-stopping] Epoch 46: no improvement (4/20)
Epoch 47/200, Batch 100, Aver_Loss: 479.8282
Epoch 47/200, Batch 200, Aver_Loss: 481.9901
Epoch 47/200, Batch 300, Aver_Loss: 483.8192
Epoch 47/200, Batch 400, Aver_Loss: 485.2882
[early-stopping] Epoch 47: new best val ELBO = -479.464076
Epoch 48/200, Batch 100, Aver_Loss: 482.4820
Epoch 48/200, Batch 200, Aver_Loss: 474.8584
Epoch 48/200, Batch 300, Aver_Loss: 482.0398
Epoch 48/200, Batch 400, Aver_Loss: 476.2423
[early-stopping] Epoch 48: no improvement (1/20)
Epoch 49/200, Batch 100, Aver_Loss: 482.5378
Epoch 49/200, Batch 200, Aver_Loss: 483.7237
Epoch 49/200, Batch 300, Aver_Loss: 483.4667
Epoch 49/200, Batch 400, Aver_Loss: 481.5403
[early-stopping] Epoch 49: no improvement (2/20)
Epoch 50/200, Batch 100, Aver_Loss: 483.8814
Epoch 50/200, Batch 200, Aver_Loss: 479.4333
Epoch 50/200, Batch 300, Aver_Loss: 485.0200
Epoch 50/200, Batch 400, Aver_Loss: 478.5313
[early-stopping] Epoch 50: no improvement (3/20)
Epoch 51/200, Batch 100, Aver_Loss: 476.4862
Epoch 51/200, Batch 200, Aver_Loss: 479.1775
Epoch 51/200, Batch 300, Aver_Loss: 479.2737
Epoch 51/200, Batch 400, Aver_Loss: 484.3287
[early-stopping] Epoch 51: no improvement (4/20)
Epoch 52/200, Batch 100, Aver_Loss: 480.7932
Epoch 52/200, Batch 200, Aver_Loss: 483.6456
Epoch 52/200, Batch 300, Aver_Loss: 475.8596
Epoch 52/200, Batch 400, Aver_Loss: 481.6089
[early-stopping] Epoch 52: no improvement (5/20)
Epoch 53/200, Batch 100, Aver_Loss: 479.9984
Epoch 53/200, Batch 200, Aver_Loss: 469.4922
Epoch 53/200, Batch 300, Aver_Loss: 479.2155
Epoch 53/200, Batch 400, Aver_Loss: 476.2817
[early-stopping] Epoch 53: no improvement (6/20)
Epoch 54/200, Batch 100, Aver_Loss: 485.6888
Epoch 54/200, Batch 200, Aver_Loss: 469.9877
Epoch 54/200, Batch 300, Aver_Loss: 478.8940
Epoch 54/200, Batch 400, Aver_Loss: 482.7036
[early-stopping] Epoch 54: no improvement (7/20)
Epoch 55/200, Batch 100, Aver_Loss: 478.8217
Epoch 55/200, Batch 200, Aver_Loss: 471.0146
Epoch 55/200, Batch 300, Aver_Loss: 481.1622
Epoch 55/200, Batch 400, Aver_Loss: 481.3545
[early-stopping] Epoch 55: no improvement (8/20)
Epoch 56/200, Batch 100, Aver_Loss: 481.4491
Epoch 56/200, Batch 200, Aver_Loss: 478.0196
Epoch 56/200, Batch 300, Aver_Loss: 468.7962
Epoch 56/200, Batch 400, Aver_Loss: 487.8993
[early-stopping] Epoch 56: no improvement (9/20)
Epoch 57/200, Batch 100, Aver_Loss: 478.3492
Epoch 57/200, Batch 200, Aver_Loss: 480.5905
Epoch 57/200, Batch 300, Aver_Loss: 472.4232
Epoch 57/200, Batch 400, Aver_Loss: 487.7622
[early-stopping] Epoch 57: no improvement (10/20)
Epoch 58/200, Batch 100, Aver_Loss: 476.0547
Epoch 58/200, Batch 200, Aver_Loss: 483.6985
Epoch 58/200, Batch 300, Aver_Loss: 486.2940
Epoch 58/200, Batch 400, Aver_Loss: 487.8899
[early-stopping] Epoch 58: new best val ELBO = -479.446251
Epoch 59/200, Batch 100, Aver_Loss: 483.9798
Epoch 59/200, Batch 200, Aver_Loss: 479.9016
Epoch 59/200, Batch 300, Aver_Loss: 478.0187
Epoch 59/200, Batch 400, Aver_Loss: 481.6646
[early-stopping] Epoch 59: no improvement (1/20)
Epoch 60/200, Batch 100, Aver_Loss: 473.7979
Epoch 60/200, Batch 200, Aver_Loss: 480.8864
Epoch 60/200, Batch 300, Aver_Loss: 482.1485
Epoch 60/200, Batch 400, Aver_Loss: 465.1314
[early-stopping] Epoch 60: no improvement (2/20)
Epoch 61/200, Batch 100, Aver_Loss: 476.5659
Epoch 61/200, Batch 200, Aver_Loss: 490.7298
Epoch 61/200, Batch 300, Aver_Loss: 481.8362
Epoch 61/200, Batch 400, Aver_Loss: 480.1777
[early-stopping] Epoch 61: no improvement (3/20)
Epoch 62/200, Batch 100, Aver_Loss: 477.4005
Epoch 62/200, Batch 200, Aver_Loss: 478.3597
Epoch 62/200, Batch 300, Aver_Loss: 482.0627
Epoch 62/200, Batch 400, Aver_Loss: 481.3521
[early-stopping] Epoch 62: new best val ELBO = -479.306581
Epoch 63/200, Batch 100, Aver_Loss: 467.7508
Epoch 63/200, Batch 200, Aver_Loss: 477.2198
Epoch 63/200, Batch 300, Aver_Loss: 473.7006
Epoch 63/200, Batch 400, Aver_Loss: 478.8839
[early-stopping] Epoch 63: no improvement (1/20)
Epoch 64/200, Batch 100, Aver_Loss: 480.5578
Epoch 64/200, Batch 200, Aver_Loss: 476.4752
Epoch 64/200, Batch 300, Aver_Loss: 486.7572
Epoch 64/200, Batch 400, Aver_Loss: 476.2184
[early-stopping] Epoch 64: no improvement (2/20)
Epoch 65/200, Batch 100, Aver_Loss: 470.5721
Epoch 65/200, Batch 200, Aver_Loss: 476.1687
Epoch 65/200, Batch 300, Aver_Loss: 471.1443
Epoch 65/200, Batch 400, Aver_Loss: 483.4657
[early-stopping] Epoch 65: no improvement (3/20)
Epoch 66/200, Batch 100, Aver_Loss: 484.0231
Epoch 66/200, Batch 200, Aver_Loss: 479.1392
Epoch 66/200, Batch 300, Aver_Loss: 476.5933
Epoch 66/200, Batch 400, Aver_Loss: 471.9221
[early-stopping] Epoch 66: no improvement (4/20)
Epoch 67/200, Batch 100, Aver_Loss: 481.8219
Epoch 67/200, Batch 200, Aver_Loss: 483.0930
Epoch 67/200, Batch 300, Aver_Loss: 476.3093
Epoch 67/200, Batch 400, Aver_Loss: 472.9675
[early-stopping] Epoch 67: no improvement (5/20)
Epoch 68/200, Batch 100, Aver_Loss: 475.9933
Epoch 68/200, Batch 200, Aver_Loss: 481.1379
Epoch 68/200, Batch 300, Aver_Loss: 480.7543
Epoch 68/200, Batch 400, Aver_Loss: 479.0721
[early-stopping] Epoch 68: no improvement (6/20)
Epoch 69/200, Batch 100, Aver_Loss: 487.3382
Epoch 69/200, Batch 200, Aver_Loss: 477.8365
Epoch 69/200, Batch 300, Aver_Loss: 478.5108
Epoch 69/200, Batch 400, Aver_Loss: 474.4571
[early-stopping] Epoch 69: no improvement (7/20)
Epoch 70/200, Batch 100, Aver_Loss: 474.4215
Epoch 70/200, Batch 200, Aver_Loss: 477.2590
Epoch 70/200, Batch 300, Aver_Loss: 473.1503
Epoch 70/200, Batch 400, Aver_Loss: 480.0731
[early-stopping] Epoch 70: new best val ELBO = -479.277614
Epoch 71/200, Batch 100, Aver_Loss: 483.3279
Epoch 71/200, Batch 200, Aver_Loss: 477.1549
Epoch 71/200, Batch 300, Aver_Loss: 485.7671
Epoch 71/200, Batch 400, Aver_Loss: 483.1214
[early-stopping] Epoch 71: new best val ELBO = -479.268461
Epoch 72/200, Batch 100, Aver_Loss: 479.7879
Epoch 72/200, Batch 200, Aver_Loss: 473.8875
Epoch 72/200, Batch 300, Aver_Loss: 479.1637
Epoch 72/200, Batch 400, Aver_Loss: 478.0038
[early-stopping] Epoch 72: no improvement (1/20)
Epoch 73/200, Batch 100, Aver_Loss: 479.8105
Epoch 73/200, Batch 200, Aver_Loss: 488.1735
Epoch 73/200, Batch 300, Aver_Loss: 474.0220
Epoch 73/200, Batch 400, Aver_Loss: 477.6455
[early-stopping] Epoch 73: new best val ELBO = -479.127884
Epoch 74/200, Batch 100, Aver_Loss: 475.8523
Epoch 74/200, Batch 200, Aver_Loss: 471.8328
Epoch 74/200, Batch 300, Aver_Loss: 487.3835
Epoch 74/200, Batch 400, Aver_Loss: 474.8687
[early-stopping] Epoch 74: no improvement (1/20)
Epoch 75/200, Batch 100, Aver_Loss: 475.2282
Epoch 75/200, Batch 200, Aver_Loss: 477.6330
Epoch 75/200, Batch 300, Aver_Loss: 480.3485
Epoch 75/200, Batch 400, Aver_Loss: 484.5168
[early-stopping] Epoch 75: new best val ELBO = -479.082265
Epoch 76/200, Batch 100, Aver_Loss: 483.5826
Epoch 76/200, Batch 200, Aver_Loss: 486.4028
Epoch 76/200, Batch 300, Aver_Loss: 476.8057
Epoch 76/200, Batch 400, Aver_Loss: 475.5700
[early-stopping] Epoch 76: no improvement (1/20)
Epoch 77/200, Batch 100, Aver_Loss: 478.7606
Epoch 77/200, Batch 200, Aver_Loss: 473.4403
Epoch 77/200, Batch 300, Aver_Loss: 478.7594
Epoch 77/200, Batch 400, Aver_Loss: 478.4555
[early-stopping] Epoch 77: no improvement (2/20)
Epoch 78/200, Batch 100, Aver_Loss: 475.7913
Epoch 78/200, Batch 200, Aver_Loss: 468.9774
Epoch 78/200, Batch 300, Aver_Loss: 473.1063
Epoch 78/200, Batch 400, Aver_Loss: 476.3285
[early-stopping] Epoch 78: new best val ELBO = -478.935455
Epoch 79/200, Batch 100, Aver_Loss: 476.9466
Epoch 79/200, Batch 200, Aver_Loss: 478.7966
Epoch 79/200, Batch 300, Aver_Loss: 478.6312
Epoch 79/200, Batch 400, Aver_Loss: 480.6637
[early-stopping] Epoch 79: no improvement (1/20)
Epoch 80/200, Batch 100, Aver_Loss: 480.3922
Epoch 80/200, Batch 200, Aver_Loss: 483.1924
Epoch 80/200, Batch 300, Aver_Loss: 479.2770
Epoch 80/200, Batch 400, Aver_Loss: 475.2487
[early-stopping] Epoch 80: no improvement (2/20)
Epoch 81/200, Batch 100, Aver_Loss: 481.1941
Epoch 81/200, Batch 200, Aver_Loss: 472.5157
Epoch 81/200, Batch 300, Aver_Loss: 473.7584
Epoch 81/200, Batch 400, Aver_Loss: 476.5112
[early-stopping] Epoch 81: no improvement (3/20)
Epoch 82/200, Batch 100, Aver_Loss: 473.5539
Epoch 82/200, Batch 200, Aver_Loss: 482.2112
Epoch 82/200, Batch 300, Aver_Loss: 484.1316
Epoch 82/200, Batch 400, Aver_Loss: 473.8493
[early-stopping] Epoch 82: new best val ELBO = -478.825305
Epoch 83/200, Batch 100, Aver_Loss: 474.4226
Epoch 83/200, Batch 200, Aver_Loss: 477.0832
Epoch 83/200, Batch 300, Aver_Loss: 484.2610
Epoch 83/200, Batch 400, Aver_Loss: 481.4845
[early-stopping] Epoch 83: no improvement (1/20)
Epoch 84/200, Batch 100, Aver_Loss: 479.3494
Epoch 84/200, Batch 200, Aver_Loss: 475.7172
Epoch 84/200, Batch 300, Aver_Loss: 477.4413
Epoch 84/200, Batch 400, Aver_Loss: 482.6952
[early-stopping] Epoch 84: no improvement (2/20)
Epoch 85/200, Batch 100, Aver_Loss: 485.0042
Epoch 85/200, Batch 200, Aver_Loss: 479.8474
Epoch 85/200, Batch 300, Aver_Loss: 483.7591
Epoch 85/200, Batch 400, Aver_Loss: 484.7541
[early-stopping] Epoch 85: no improvement (3/20)
Epoch 86/200, Batch 100, Aver_Loss: 483.2269
Epoch 86/200, Batch 200, Aver_Loss: 478.9914
Epoch 86/200, Batch 300, Aver_Loss: 483.7822
Epoch 86/200, Batch 400, Aver_Loss: 481.3381
[early-stopping] Epoch 86: no improvement (4/20)
Epoch 87/200, Batch 100, Aver_Loss: 481.2589
Epoch 87/200, Batch 200, Aver_Loss: 485.1358
Epoch 87/200, Batch 300, Aver_Loss: 480.9892
Epoch 87/200, Batch 400, Aver_Loss: 483.8157
[early-stopping] Epoch 87: no improvement (5/20)
Epoch 88/200, Batch 100, Aver_Loss: 477.0185
Epoch 88/200, Batch 200, Aver_Loss: 478.1500
Epoch 88/200, Batch 300, Aver_Loss: 471.8690
Epoch 88/200, Batch 400, Aver_Loss: 478.1164
[early-stopping] Epoch 88: new best val ELBO = -478.812554
Epoch 89/200, Batch 100, Aver_Loss: 477.5109
Epoch 89/200, Batch 200, Aver_Loss: 481.7087
Epoch 89/200, Batch 300, Aver_Loss: 479.6682
Epoch 89/200, Batch 400, Aver_Loss: 479.7276
[early-stopping] Epoch 89: no improvement (1/20)
Epoch 90/200, Batch 100, Aver_Loss: 473.7524
Epoch 90/200, Batch 200, Aver_Loss: 472.8944
Epoch 90/200, Batch 300, Aver_Loss: 477.6866
Epoch 90/200, Batch 400, Aver_Loss: 482.7838
[early-stopping] Epoch 90: no improvement (2/20)
Epoch 91/200, Batch 100, Aver_Loss: 474.3050
Epoch 91/200, Batch 200, Aver_Loss: 474.7556
Epoch 91/200, Batch 300, Aver_Loss: 474.5437
Epoch 91/200, Batch 400, Aver_Loss: 476.8582
[early-stopping] Epoch 91: new best val ELBO = -478.758266
Epoch 92/200, Batch 100, Aver_Loss: 482.0631
Epoch 92/200, Batch 200, Aver_Loss: 481.0630
Epoch 92/200, Batch 300, Aver_Loss: 476.5371
Epoch 92/200, Batch 400, Aver_Loss: 471.1546
[early-stopping] Epoch 92: no improvement (1/20)
Epoch 93/200, Batch 100, Aver_Loss: 477.1576
Epoch 93/200, Batch 200, Aver_Loss: 485.4977
Epoch 93/200, Batch 300, Aver_Loss: 487.1071
Epoch 93/200, Batch 400, Aver_Loss: 482.0134
[early-stopping] Epoch 93: no improvement (2/20)
Epoch 94/200, Batch 100, Aver_Loss: 476.1646
Epoch 94/200, Batch 200, Aver_Loss: 487.5357
Epoch 94/200, Batch 300, Aver_Loss: 475.7275
Epoch 94/200, Batch 400, Aver_Loss: 483.5331
[early-stopping] Epoch 94: no improvement (3/20)
Epoch 95/200, Batch 100, Aver_Loss: 485.7986
Epoch 95/200, Batch 200, Aver_Loss: 477.6673
Epoch 95/200, Batch 300, Aver_Loss: 475.0428
Epoch 95/200, Batch 400, Aver_Loss: 474.9586
[early-stopping] Epoch 95: no improvement (4/20)
Epoch 96/200, Batch 100, Aver_Loss: 479.5978
Epoch 96/200, Batch 200, Aver_Loss: 478.6576
Epoch 96/200, Batch 300, Aver_Loss: 477.2885
Epoch 96/200, Batch 400, Aver_Loss: 477.8811
[early-stopping] Epoch 96: no improvement (5/20)
Epoch 97/200, Batch 100, Aver_Loss: 480.1230
Epoch 97/200, Batch 200, Aver_Loss: 481.7255
Epoch 97/200, Batch 300, Aver_Loss: 480.8724
Epoch 97/200, Batch 400, Aver_Loss: 476.3217
[early-stopping] Epoch 97: no improvement (6/20)
Epoch 98/200, Batch 100, Aver_Loss: 477.8399
Epoch 98/200, Batch 200, Aver_Loss: 475.5250
Epoch 98/200, Batch 300, Aver_Loss: 483.1265
Epoch 98/200, Batch 400, Aver_Loss: 479.6697
[early-stopping] Epoch 98: no improvement (7/20)
Epoch 99/200, Batch 100, Aver_Loss: 468.1422
Epoch 99/200, Batch 200, Aver_Loss: 474.9272
Epoch 99/200, Batch 300, Aver_Loss: 488.9359
Epoch 99/200, Batch 400, Aver_Loss: 477.9127
[early-stopping] Epoch 99: no improvement (8/20)
Epoch 100/200, Batch 100, Aver_Loss: 477.3521
Epoch 100/200, Batch 200, Aver_Loss: 466.9953
Epoch 100/200, Batch 300, Aver_Loss: 484.5360
Epoch 100/200, Batch 400, Aver_Loss: 481.2851
[early-stopping] Epoch 100: no improvement (9/20)
Epoch 101/200, Batch 100, Aver_Loss: 479.4735
Epoch 101/200, Batch 200, Aver_Loss: 475.0622
Epoch 101/200, Batch 300, Aver_Loss: 480.5713
Epoch 101/200, Batch 400, Aver_Loss: 475.7726
[early-stopping] Epoch 101: no improvement (10/20)
Epoch 102/200, Batch 100, Aver_Loss: 475.2104
Epoch 102/200, Batch 200, Aver_Loss: 486.3199
Epoch 102/200, Batch 300, Aver_Loss: 481.6020
Epoch 102/200, Batch 400, Aver_Loss: 480.4480
[early-stopping] Epoch 102: no improvement (11/20)
Epoch 103/200, Batch 100, Aver_Loss: 481.5652
Epoch 103/200, Batch 200, Aver_Loss: 467.5648
Epoch 103/200, Batch 300, Aver_Loss: 483.0451
Epoch 103/200, Batch 400, Aver_Loss: 479.0392
[early-stopping] Epoch 103: no improvement (12/20)
Epoch 104/200, Batch 100, Aver_Loss: 477.7477
Epoch 104/200, Batch 200, Aver_Loss: 475.4932
Epoch 104/200, Batch 300, Aver_Loss: 477.9226
Epoch 104/200, Batch 400, Aver_Loss: 485.7755
[early-stopping] Epoch 104: no improvement (13/20)
Epoch 105/200, Batch 100, Aver_Loss: 474.7428
Epoch 105/200, Batch 200, Aver_Loss: 474.7200
Epoch 105/200, Batch 300, Aver_Loss: 475.7937
Epoch 105/200, Batch 400, Aver_Loss: 474.8889
[early-stopping] Epoch 105: new best val ELBO = -478.597347
Epoch 106/200, Batch 100, Aver_Loss: 473.9929
Epoch 106/200, Batch 200, Aver_Loss: 465.6542
Epoch 106/200, Batch 300, Aver_Loss: 474.8131
Epoch 106/200, Batch 400, Aver_Loss: 469.8088
[early-stopping] Epoch 106: no improvement (1/20)
Epoch 107/200, Batch 100, Aver_Loss: 481.8952
Epoch 107/200, Batch 200, Aver_Loss: 478.7888
Epoch 107/200, Batch 300, Aver_Loss: 479.0998
Epoch 107/200, Batch 400, Aver_Loss: 474.1447
[early-stopping] Epoch 107: no improvement (2/20)
Epoch 108/200, Batch 100, Aver_Loss: 485.7677
Epoch 108/200, Batch 200, Aver_Loss: 481.3672
Epoch 108/200, Batch 300, Aver_Loss: 480.8828
Epoch 108/200, Batch 400, Aver_Loss: 484.4705
[early-stopping] Epoch 108: no improvement (3/20)
Epoch 109/200, Batch 100, Aver_Loss: 472.0626
Epoch 109/200, Batch 200, Aver_Loss: 478.7141
Epoch 109/200, Batch 300, Aver_Loss: 475.1133
Epoch 109/200, Batch 400, Aver_Loss: 472.1212
[early-stopping] Epoch 109: no improvement (4/20)
Epoch 110/200, Batch 100, Aver_Loss: 482.9523
Epoch 110/200, Batch 200, Aver_Loss: 481.3324
Epoch 110/200, Batch 300, Aver_Loss: 474.5943
Epoch 110/200, Batch 400, Aver_Loss: 476.8423
[early-stopping] Epoch 110: no improvement (5/20)
Epoch 111/200, Batch 100, Aver_Loss: 470.5333
Epoch 111/200, Batch 200, Aver_Loss: 473.8568
Epoch 111/200, Batch 300, Aver_Loss: 475.3755
Epoch 111/200, Batch 400, Aver_Loss: 477.7200
[early-stopping] Epoch 111: no improvement (6/20)
Epoch 112/200, Batch 100, Aver_Loss: 479.9764
Epoch 112/200, Batch 200, Aver_Loss: 476.8050
Epoch 112/200, Batch 300, Aver_Loss: 482.2951
Epoch 112/200, Batch 400, Aver_Loss: 477.6339
[early-stopping] Epoch 112: no improvement (7/20)
Epoch 113/200, Batch 100, Aver_Loss: 472.5562
Epoch 113/200, Batch 200, Aver_Loss: 482.5762
Epoch 113/200, Batch 300, Aver_Loss: 478.4723
Epoch 113/200, Batch 400, Aver_Loss: 477.9889
[early-stopping] Epoch 113: no improvement (8/20)
Epoch 114/200, Batch 100, Aver_Loss: 483.8905
Epoch 114/200, Batch 200, Aver_Loss: 485.6956
Epoch 114/200, Batch 300, Aver_Loss: 477.0460
Epoch 114/200, Batch 400, Aver_Loss: 478.8766
[early-stopping] Epoch 114: no improvement (9/20)
Epoch 115/200, Batch 100, Aver_Loss: 470.0815
Epoch 115/200, Batch 200, Aver_Loss: 477.5170
Epoch 115/200, Batch 300, Aver_Loss: 486.0815
Epoch 115/200, Batch 400, Aver_Loss: 479.4747
[early-stopping] Epoch 115: no improvement (10/20)
Epoch 116/200, Batch 100, Aver_Loss: 479.9540
Epoch 116/200, Batch 200, Aver_Loss: 479.1979
Epoch 116/200, Batch 300, Aver_Loss: 484.4959
Epoch 116/200, Batch 400, Aver_Loss: 476.7849
[early-stopping] Epoch 116: no improvement (11/20)
Epoch 117/200, Batch 100, Aver_Loss: 484.1648
Epoch 117/200, Batch 200, Aver_Loss: 481.0140
Epoch 117/200, Batch 300, Aver_Loss: 487.3390
Epoch 117/200, Batch 400, Aver_Loss: 473.3081
[early-stopping] Epoch 117: no improvement (12/20)
Epoch 118/200, Batch 100, Aver_Loss: 479.6715
Epoch 118/200, Batch 200, Aver_Loss: 483.8469
Epoch 118/200, Batch 300, Aver_Loss: 478.8666
Epoch 118/200, Batch 400, Aver_Loss: 479.2071
[early-stopping] Epoch 118: no improvement (13/20)
Epoch 119/200, Batch 100, Aver_Loss: 475.6655
Epoch 119/200, Batch 200, Aver_Loss: 471.4519
Epoch 119/200, Batch 300, Aver_Loss: 471.2974
Epoch 119/200, Batch 400, Aver_Loss: 480.1683
[early-stopping] Epoch 119: no improvement (14/20)
Epoch 120/200, Batch 100, Aver_Loss: 483.8597
Epoch 120/200, Batch 200, Aver_Loss: 477.0680
Epoch 120/200, Batch 300, Aver_Loss: 477.7711
Epoch 120/200, Batch 400, Aver_Loss: 480.4928
[early-stopping] Epoch 120: no improvement (15/20)
Epoch 121/200, Batch 100, Aver_Loss: 485.3996
Epoch 121/200, Batch 200, Aver_Loss: 477.9964
Epoch 121/200, Batch 300, Aver_Loss: 484.0274
Epoch 121/200, Batch 400, Aver_Loss: 478.3494
[early-stopping] Epoch 121: new best val ELBO = -478.538662
Epoch 122/200, Batch 100, Aver_Loss: 471.1944
Epoch 122/200, Batch 200, Aver_Loss: 479.5733
Epoch 122/200, Batch 300, Aver_Loss: 483.4660
Epoch 122/200, Batch 400, Aver_Loss: 480.5233
[early-stopping] Epoch 122: no improvement (1/20)
Epoch 123/200, Batch 100, Aver_Loss: 480.1169
Epoch 123/200, Batch 200, Aver_Loss: 476.3387
Epoch 123/200, Batch 300, Aver_Loss: 478.0340
Epoch 123/200, Batch 400, Aver_Loss: 483.1654
[early-stopping] Epoch 123: new best val ELBO = -478.520149
Epoch 124/200, Batch 100, Aver_Loss: 481.1122
Epoch 124/200, Batch 200, Aver_Loss: 478.6474
Epoch 124/200, Batch 300, Aver_Loss: 485.8182
Epoch 124/200, Batch 400, Aver_Loss: 478.3915
[early-stopping] Epoch 124: no improvement (1/20)
Epoch 125/200, Batch 100, Aver_Loss: 472.0776
Epoch 125/200, Batch 200, Aver_Loss: 476.1642
Epoch 125/200, Batch 300, Aver_Loss: 477.9989
Epoch 125/200, Batch 400, Aver_Loss: 480.8113
[early-stopping] Epoch 125: no improvement (2/20)
Epoch 126/200, Batch 100, Aver_Loss: 482.7268
Epoch 126/200, Batch 200, Aver_Loss: 479.3026
Epoch 126/200, Batch 300, Aver_Loss: 479.9199
Epoch 126/200, Batch 400, Aver_Loss: 470.6357
[early-stopping] Epoch 126: no improvement (3/20)
Epoch 127/200, Batch 100, Aver_Loss: 483.4427
Epoch 127/200, Batch 200, Aver_Loss: 474.6609
Epoch 127/200, Batch 300, Aver_Loss: 486.6674
Epoch 127/200, Batch 400, Aver_Loss: 471.9353
[early-stopping] Epoch 127: new best val ELBO = -478.492137
Epoch 128/200, Batch 100, Aver_Loss: 478.2482
Epoch 128/200, Batch 200, Aver_Loss: 471.4201
Epoch 128/200, Batch 300, Aver_Loss: 479.0751
Epoch 128/200, Batch 400, Aver_Loss: 477.6461
[early-stopping] Epoch 128: no improvement (1/20)
Epoch 129/200, Batch 100, Aver_Loss: 482.6893
Epoch 129/200, Batch 200, Aver_Loss: 481.5816
Epoch 129/200, Batch 300, Aver_Loss: 479.8832
Epoch 129/200, Batch 400, Aver_Loss: 481.2100
[early-stopping] Epoch 129: no improvement (2/20)
Epoch 130/200, Batch 100, Aver_Loss: 476.0316
Epoch 130/200, Batch 200, Aver_Loss: 473.7150
Epoch 130/200, Batch 300, Aver_Loss: 469.7723
Epoch 130/200, Batch 400, Aver_Loss: 485.7733
[early-stopping] Epoch 130: no improvement (3/20)
Epoch 131/200, Batch 100, Aver_Loss: 481.2442
Epoch 131/200, Batch 200, Aver_Loss: 478.7367
Epoch 131/200, Batch 300, Aver_Loss: 469.4837
Epoch 131/200, Batch 400, Aver_Loss: 478.1922
[early-stopping] Epoch 131: no improvement (4/20)
Epoch 132/200, Batch 100, Aver_Loss: 467.1815
Epoch 132/200, Batch 200, Aver_Loss: 470.8181
Epoch 132/200, Batch 300, Aver_Loss: 481.7001
Epoch 132/200, Batch 400, Aver_Loss: 476.7257
[early-stopping] Epoch 132: no improvement (5/20)
Epoch 133/200, Batch 100, Aver_Loss: 473.4926
Epoch 133/200, Batch 200, Aver_Loss: 477.2919
Epoch 133/200, Batch 300, Aver_Loss: 484.1042
Epoch 133/200, Batch 400, Aver_Loss: 471.4883
[early-stopping] Epoch 133: no improvement (6/20)
Epoch 134/200, Batch 100, Aver_Loss: 471.4191
Epoch 134/200, Batch 200, Aver_Loss: 484.8229
Epoch 134/200, Batch 300, Aver_Loss: 477.5986
Epoch 134/200, Batch 400, Aver_Loss: 472.8453
[early-stopping] Epoch 134: no improvement (7/20)
Epoch 135/200, Batch 100, Aver_Loss: 471.5630
Epoch 135/200, Batch 200, Aver_Loss: 475.1946
Epoch 135/200, Batch 300, Aver_Loss: 487.2688
Epoch 135/200, Batch 400, Aver_Loss: 480.7257
[early-stopping] Epoch 135: no improvement (8/20)
Epoch 136/200, Batch 100, Aver_Loss: 467.3404
Epoch 136/200, Batch 200, Aver_Loss: 470.1685
Epoch 136/200, Batch 300, Aver_Loss: 477.2087
Epoch 136/200, Batch 400, Aver_Loss: 478.3067
[early-stopping] Epoch 136: no improvement (9/20)
Epoch 137/200, Batch 100, Aver_Loss: 478.9600
Epoch 137/200, Batch 200, Aver_Loss: 478.8738
Epoch 137/200, Batch 300, Aver_Loss: 480.5815
Epoch 137/200, Batch 400, Aver_Loss: 473.3386
[early-stopping] Epoch 137: no improvement (10/20)
Epoch 138/200, Batch 100, Aver_Loss: 473.2981
Epoch 138/200, Batch 200, Aver_Loss: 483.7477
Epoch 138/200, Batch 300, Aver_Loss: 476.6768
Epoch 138/200, Batch 400, Aver_Loss: 488.6143
[early-stopping] Epoch 138: no improvement (11/20)
Epoch 139/200, Batch 100, Aver_Loss: 477.1899
Epoch 139/200, Batch 200, Aver_Loss: 478.1967
Epoch 139/200, Batch 300, Aver_Loss: 479.4668
Epoch 139/200, Batch 400, Aver_Loss: 485.8014
[early-stopping] Epoch 139: new best val ELBO = -478.452942
Epoch 140/200, Batch 100, Aver_Loss: 482.0788
Epoch 140/200, Batch 200, Aver_Loss: 475.4812
Epoch 140/200, Batch 300, Aver_Loss: 469.9745
Epoch 140/200, Batch 400, Aver_Loss: 480.2043
[early-stopping] Epoch 140: no improvement (1/20)
Epoch 141/200, Batch 100, Aver_Loss: 477.5278
Epoch 141/200, Batch 200, Aver_Loss: 481.7738
Epoch 141/200, Batch 300, Aver_Loss: 481.3546
Epoch 141/200, Batch 400, Aver_Loss: 480.4551
[early-stopping] Epoch 141: no improvement (2/20)
Epoch 142/200, Batch 100, Aver_Loss: 480.1181
Epoch 142/200, Batch 200, Aver_Loss: 482.7929
Epoch 142/200, Batch 300, Aver_Loss: 477.1953
Epoch 142/200, Batch 400, Aver_Loss: 477.1247
[early-stopping] Epoch 142: no improvement (3/20)
Epoch 143/200, Batch 100, Aver_Loss: 477.5447
Epoch 143/200, Batch 200, Aver_Loss: 485.5865
Epoch 143/200, Batch 300, Aver_Loss: 481.6787
Epoch 143/200, Batch 400, Aver_Loss: 472.8007
[early-stopping] Epoch 143: no improvement (4/20)
Epoch 144/200, Batch 100, Aver_Loss: 480.5995
Epoch 144/200, Batch 200, Aver_Loss: 484.4109
Epoch 144/200, Batch 300, Aver_Loss: 485.3440
Epoch 144/200, Batch 400, Aver_Loss: 471.6229
[early-stopping] Epoch 144: no improvement (5/20)
Epoch 145/200, Batch 100, Aver_Loss: 483.8687
Epoch 145/200, Batch 200, Aver_Loss: 488.1912
Epoch 145/200, Batch 300, Aver_Loss: 482.5913
Epoch 145/200, Batch 400, Aver_Loss: 472.7629
[early-stopping] Epoch 145: no improvement (6/20)
Epoch 146/200, Batch 100, Aver_Loss: 480.1006
Epoch 146/200, Batch 200, Aver_Loss: 471.7106
Epoch 146/200, Batch 300, Aver_Loss: 482.3739
Epoch 146/200, Batch 400, Aver_Loss: 479.2543
[early-stopping] Epoch 146: no improvement (7/20)
Epoch 147/200, Batch 100, Aver_Loss: 474.2264
Epoch 147/200, Batch 200, Aver_Loss: 480.4998
Epoch 147/200, Batch 300, Aver_Loss: 486.6453
Epoch 147/200, Batch 400, Aver_Loss: 475.6026
[early-stopping] Epoch 147: no improvement (8/20)
Epoch 148/200, Batch 100, Aver_Loss: 483.6548
Epoch 148/200, Batch 200, Aver_Loss: 472.6251
Epoch 148/200, Batch 300, Aver_Loss: 475.6245
Epoch 148/200, Batch 400, Aver_Loss: 473.6274
[early-stopping] Epoch 148: no improvement (9/20)
Epoch 149/200, Batch 100, Aver_Loss: 473.6381
Epoch 149/200, Batch 200, Aver_Loss: 475.7524
Epoch 149/200, Batch 300, Aver_Loss: 479.0814
Epoch 149/200, Batch 400, Aver_Loss: 474.3193
[early-stopping] Epoch 149: no improvement (10/20)
Epoch 150/200, Batch 100, Aver_Loss: 479.5769
Epoch 150/200, Batch 200, Aver_Loss: 485.0029
Epoch 150/200, Batch 300, Aver_Loss: 482.4485
Epoch 150/200, Batch 400, Aver_Loss: 476.2038
[early-stopping] Epoch 150: no improvement (11/20)
Epoch 151/200, Batch 100, Aver_Loss: 475.6216
Epoch 151/200, Batch 200, Aver_Loss: 482.0485
Epoch 151/200, Batch 300, Aver_Loss: 478.1447
Epoch 151/200, Batch 400, Aver_Loss: 477.5070
[early-stopping] Epoch 151: no improvement (12/20)
Epoch 152/200, Batch 100, Aver_Loss: 474.4627
Epoch 152/200, Batch 200, Aver_Loss: 470.8117
Epoch 152/200, Batch 300, Aver_Loss: 485.8004
Epoch 152/200, Batch 400, Aver_Loss: 476.7359
[early-stopping] Epoch 152: no improvement (13/20)
Epoch 153/200, Batch 100, Aver_Loss: 471.8932
Epoch 153/200, Batch 200, Aver_Loss: 481.5596
Epoch 153/200, Batch 300, Aver_Loss: 481.1417
Epoch 153/200, Batch 400, Aver_Loss: 482.9890
[early-stopping] Epoch 153: no improvement (14/20)
Epoch 154/200, Batch 100, Aver_Loss: 481.6565
Epoch 154/200, Batch 200, Aver_Loss: 481.4411
Epoch 154/200, Batch 300, Aver_Loss: 471.3655
Epoch 154/200, Batch 400, Aver_Loss: 477.6731
[early-stopping] Epoch 154: new best val ELBO = -478.404761
Epoch 155/200, Batch 100, Aver_Loss: 481.2369
Epoch 155/200, Batch 200, Aver_Loss: 469.4006
Epoch 155/200, Batch 300, Aver_Loss: 471.7886
Epoch 155/200, Batch 400, Aver_Loss: 479.1146
[early-stopping] Epoch 155: no improvement (1/20)
Epoch 156/200, Batch 100, Aver_Loss: 481.1228
Epoch 156/200, Batch 200, Aver_Loss: 477.5400
Epoch 156/200, Batch 300, Aver_Loss: 472.4584
Epoch 156/200, Batch 400, Aver_Loss: 474.4701
[early-stopping] Epoch 156: no improvement (2/20)
Epoch 157/200, Batch 100, Aver_Loss: 474.3797
Epoch 157/200, Batch 200, Aver_Loss: 471.0712
Epoch 157/200, Batch 300, Aver_Loss: 473.0683
Epoch 157/200, Batch 400, Aver_Loss: 478.4766
[early-stopping] Epoch 157: no improvement (3/20)
Epoch 158/200, Batch 100, Aver_Loss: 474.5233
Epoch 158/200, Batch 200, Aver_Loss: 469.9815
Epoch 158/200, Batch 300, Aver_Loss: 484.2012
Epoch 158/200, Batch 400, Aver_Loss: 470.3634
[early-stopping] Epoch 158: no improvement (4/20)
Epoch 159/200, Batch 100, Aver_Loss: 474.9173
Epoch 159/200, Batch 200, Aver_Loss: 485.4667
Epoch 159/200, Batch 300, Aver_Loss: 481.8366
Epoch 159/200, Batch 400, Aver_Loss: 480.7580
[early-stopping] Epoch 159: no improvement (5/20)
Epoch 160/200, Batch 100, Aver_Loss: 478.2470
Epoch 160/200, Batch 200, Aver_Loss: 474.0979
Epoch 160/200, Batch 300, Aver_Loss: 473.1707
Epoch 160/200, Batch 400, Aver_Loss: 481.4832
[early-stopping] Epoch 160: no improvement (6/20)
Epoch 161/200, Batch 100, Aver_Loss: 475.0976
Epoch 161/200, Batch 200, Aver_Loss: 469.5237
Epoch 161/200, Batch 300, Aver_Loss: 476.0282
Epoch 161/200, Batch 400, Aver_Loss: 483.0511
[early-stopping] Epoch 161: no improvement (7/20)
Epoch 162/200, Batch 100, Aver_Loss: 474.4494
Epoch 162/200, Batch 200, Aver_Loss: 473.1895
Epoch 162/200, Batch 300, Aver_Loss: 481.5990
Epoch 162/200, Batch 400, Aver_Loss: 475.7295
[early-stopping] Epoch 162: no improvement (8/20)
Epoch 163/200, Batch 100, Aver_Loss: 483.5183
Epoch 163/200, Batch 200, Aver_Loss: 477.6810
Epoch 163/200, Batch 300, Aver_Loss: 474.3846
Epoch 163/200, Batch 400, Aver_Loss: 478.6526
[early-stopping] Epoch 163: new best val ELBO = -478.387210
Epoch 164/200, Batch 100, Aver_Loss: 477.1983
Epoch 164/200, Batch 200, Aver_Loss: 475.3036
Epoch 164/200, Batch 300, Aver_Loss: 477.7561
Epoch 164/200, Batch 400, Aver_Loss: 474.8594
[early-stopping] Epoch 164: new best val ELBO = -478.124078
Epoch 165/200, Batch 100, Aver_Loss: 477.9920
Epoch 165/200, Batch 200, Aver_Loss: 479.1886
Epoch 165/200, Batch 300, Aver_Loss: 476.2093
Epoch 165/200, Batch 400, Aver_Loss: 484.8356
[early-stopping] Epoch 165: no improvement (1/20)
Epoch 166/200, Batch 100, Aver_Loss: 475.9565
Epoch 166/200, Batch 200, Aver_Loss: 469.9574
Epoch 166/200, Batch 300, Aver_Loss: 488.2545
Epoch 166/200, Batch 400, Aver_Loss: 481.5446
[early-stopping] Epoch 166: no improvement (2/20)
Epoch 167/200, Batch 100, Aver_Loss: 473.9254
Epoch 167/200, Batch 200, Aver_Loss: 477.6455
Epoch 167/200, Batch 300, Aver_Loss: 480.1913
Epoch 167/200, Batch 400, Aver_Loss: 482.0839
[early-stopping] Epoch 167: no improvement (3/20)
Epoch 168/200, Batch 100, Aver_Loss: 480.2700
Epoch 168/200, Batch 200, Aver_Loss: 482.3917
Epoch 168/200, Batch 300, Aver_Loss: 480.8432
Epoch 168/200, Batch 400, Aver_Loss: 471.1552
[early-stopping] Epoch 168: no improvement (4/20)
Epoch 169/200, Batch 100, Aver_Loss: 476.2370
Epoch 169/200, Batch 200, Aver_Loss: 479.8156
Epoch 169/200, Batch 300, Aver_Loss: 477.4855
Epoch 169/200, Batch 400, Aver_Loss: 475.5722
[early-stopping] Epoch 169: no improvement (5/20)
Epoch 170/200, Batch 100, Aver_Loss: 480.8669
Epoch 170/200, Batch 200, Aver_Loss: 472.7215
Epoch 170/200, Batch 300, Aver_Loss: 481.3295
Epoch 170/200, Batch 400, Aver_Loss: 479.9237
[early-stopping] Epoch 170: no improvement (6/20)
Epoch 171/200, Batch 100, Aver_Loss: 476.6534
Epoch 171/200, Batch 200, Aver_Loss: 475.8276
Epoch 171/200, Batch 300, Aver_Loss: 472.2489
Epoch 171/200, Batch 400, Aver_Loss: 478.8221
[early-stopping] Epoch 171: no improvement (7/20)
Epoch 172/200, Batch 100, Aver_Loss: 477.8492
Epoch 172/200, Batch 200, Aver_Loss: 484.6078
Epoch 172/200, Batch 300, Aver_Loss: 475.7101
Epoch 172/200, Batch 400, Aver_Loss: 476.9604
[early-stopping] Epoch 172: no improvement (8/20)
Epoch 173/200, Batch 100, Aver_Loss: 485.9110
Epoch 173/200, Batch 200, Aver_Loss: 483.0892
Epoch 173/200, Batch 300, Aver_Loss: 476.7209
Epoch 173/200, Batch 400, Aver_Loss: 483.4841
[early-stopping] Epoch 173: no improvement (9/20)
Epoch 174/200, Batch 100, Aver_Loss: 483.5886
Epoch 174/200, Batch 200, Aver_Loss: 483.0310
Epoch 174/200, Batch 300, Aver_Loss: 479.7350
Epoch 174/200, Batch 400, Aver_Loss: 489.3838
[early-stopping] Epoch 174: no improvement (10/20)
Epoch 175/200, Batch 100, Aver_Loss: 475.4987
Epoch 175/200, Batch 200, Aver_Loss: 477.1882
Epoch 175/200, Batch 300, Aver_Loss: 481.1401
Epoch 175/200, Batch 400, Aver_Loss: 475.1390
[early-stopping] Epoch 175: no improvement (11/20)
Epoch 176/200, Batch 100, Aver_Loss: 475.7166
Epoch 176/200, Batch 200, Aver_Loss: 476.7629
Epoch 176/200, Batch 300, Aver_Loss: 483.5573
Epoch 176/200, Batch 400, Aver_Loss: 476.8647
[early-stopping] Epoch 176: no improvement (12/20)
Epoch 177/200, Batch 100, Aver_Loss: 471.7336
Epoch 177/200, Batch 200, Aver_Loss: 484.0182
Epoch 177/200, Batch 300, Aver_Loss: 481.5131
Epoch 177/200, Batch 400, Aver_Loss: 470.8696
[early-stopping] Epoch 177: no improvement (13/20)
Epoch 178/200, Batch 100, Aver_Loss: 483.4975
Epoch 178/200, Batch 200, Aver_Loss: 474.3897
Epoch 178/200, Batch 300, Aver_Loss: 481.4549
Epoch 178/200, Batch 400, Aver_Loss: 491.5482
[early-stopping] Epoch 178: no improvement (14/20)
Epoch 179/200, Batch 100, Aver_Loss: 481.2626
Epoch 179/200, Batch 200, Aver_Loss: 479.9266
Epoch 179/200, Batch 300, Aver_Loss: 480.7784
Epoch 179/200, Batch 400, Aver_Loss: 480.4540
[early-stopping] Epoch 179: no improvement (15/20)
Epoch 180/200, Batch 100, Aver_Loss: 474.1494
Epoch 180/200, Batch 200, Aver_Loss: 475.0952
Epoch 180/200, Batch 300, Aver_Loss: 482.7078
Epoch 180/200, Batch 400, Aver_Loss: 469.0227
[early-stopping] Epoch 180: no improvement (16/20)
Epoch 181/200, Batch 100, Aver_Loss: 487.8112
Epoch 181/200, Batch 200, Aver_Loss: 480.9069
Epoch 181/200, Batch 300, Aver_Loss: 483.3562
Epoch 181/200, Batch 400, Aver_Loss: 475.4574
[early-stopping] Epoch 181: no improvement (17/20)
Epoch 182/200, Batch 100, Aver_Loss: 472.4237
Epoch 182/200, Batch 200, Aver_Loss: 476.9828
Epoch 182/200, Batch 300, Aver_Loss: 484.2364
Epoch 182/200, Batch 400, Aver_Loss: 482.6270
[early-stopping] Epoch 182: no improvement (18/20)
Epoch 183/200, Batch 100, Aver_Loss: 472.3188
Epoch 183/200, Batch 200, Aver_Loss: 476.4380
Epoch 183/200, Batch 300, Aver_Loss: 476.8021
Epoch 183/200, Batch 400, Aver_Loss: 478.5375
[early-stopping] Epoch 183: no improvement (19/20)
Epoch 184/200, Batch 100, Aver_Loss: 474.4734
Epoch 184/200, Batch 200, Aver_Loss: 479.7455
Epoch 184/200, Batch 300, Aver_Loss: 480.8453
Epoch 184/200, Batch 400, Aver_Loss: 475.7455
[early-stopping] Epoch 184: no improvement (20/20)
[early-stopping] Patience reached. Stopping at epoch 184. Best epoch: 164, best val ELBO: -478.124078
[early-stopping] Loaded best model from epoch 164 (val ELBO = -478.124078)
[checkpoint] Saved best model to: trained_parameters/mnist_background_images_zdim32_VAE.pkl
[saved curves] ./results/MNIST_BG_IM/curves/mnist_background_images_vae_d32_s777.json

==== Evaluation Summary ====
                 model: vae
   recon/mse_per_pixel: 0.028675
            elbo/train: -477.610841
             elbo/test: -478.203773
             mse/train: 0.028493
              mse/test: 0.028675
             probe/acc: 0.710645
             probe/nll: 0.890480
           probe/brier: 0.400210
             probe/ece: 0.026669
           cluster/nmi: 0.255908
           cluster/ari: 0.163361
============================

